2026-01-08T02:37:13.790233
Running tools/iree-benchmark-module --module=/home/dima/sched_vmfb/mlp/module_main_graph$async_dispatch_0_system_elf_riscv_64_benchmark.vmfb --device=local-task --function=main_graph$async_dispatch_0_system_elf_riscv_64_main_graph$async_dispatch_0_matvec_like_32x10_f32 --input=1xi32=1 --task_topology_cpu_ids=0,1,2,3 --benchmark_repetitions=10
2026-01-08T02:37:13+08:00
Running tools/iree-benchmark-module
Run on (8 X 1600 MHz CPU s)
CPU Caches:
  L1 Instruction 32 KiB (x8)
  L1 Data 32 KiB (x8)
  L2 Unified 512 KiB (x2)
Load Average: 2.72, 2.33, 2.34
---------------------------------------------------------------------------------------------------------------------------------------------------------------------------------------------
Benchmark                                                                                                                                   Time             CPU   Iterations UserCounters...
---------------------------------------------------------------------------------------------------------------------------------------------------------------------------------------------
BM_main_graph$async_dispatch_0_system_elf_riscv_64_main_graph$async_dispatch_0_matvec_like_32x10_f32/process_time/real_time             0.056 ms        0.062 ms        14781 items_per_second=18.0029k/s
BM_main_graph$async_dispatch_0_system_elf_riscv_64_main_graph$async_dispatch_0_matvec_like_32x10_f32/process_time/real_time             0.055 ms        0.062 ms        14781 items_per_second=18.0595k/s
BM_main_graph$async_dispatch_0_system_elf_riscv_64_main_graph$async_dispatch_0_matvec_like_32x10_f32/process_time/real_time             0.055 ms        0.062 ms        14781 items_per_second=18.0885k/s
BM_main_graph$async_dispatch_0_system_elf_riscv_64_main_graph$async_dispatch_0_matvec_like_32x10_f32/process_time/real_time             0.055 ms        0.062 ms        14781 items_per_second=18.1694k/s
BM_main_graph$async_dispatch_0_system_elf_riscv_64_main_graph$async_dispatch_0_matvec_like_32x10_f32/process_time/real_time             0.055 ms        0.062 ms        14781 items_per_second=18.1531k/s
BM_main_graph$async_dispatch_0_system_elf_riscv_64_main_graph$async_dispatch_0_matvec_like_32x10_f32/process_time/real_time             0.055 ms        0.061 ms        14781 items_per_second=18.3169k/s
BM_main_graph$async_dispatch_0_system_elf_riscv_64_main_graph$async_dispatch_0_matvec_like_32x10_f32/process_time/real_time             0.055 ms        0.061 ms        14781 items_per_second=18.2767k/s
BM_main_graph$async_dispatch_0_system_elf_riscv_64_main_graph$async_dispatch_0_matvec_like_32x10_f32/process_time/real_time             0.055 ms        0.061 ms        14781 items_per_second=18.2719k/s
BM_main_graph$async_dispatch_0_system_elf_riscv_64_main_graph$async_dispatch_0_matvec_like_32x10_f32/process_time/real_time             0.055 ms        0.061 ms        14781 items_per_second=18.2817k/s
BM_main_graph$async_dispatch_0_system_elf_riscv_64_main_graph$async_dispatch_0_matvec_like_32x10_f32/process_time/real_time             0.055 ms        0.061 ms        14781 items_per_second=18.2381k/s
BM_main_graph$async_dispatch_0_system_elf_riscv_64_main_graph$async_dispatch_0_matvec_like_32x10_f32/process_time/real_time_mean        0.055 ms        0.062 ms           10 items_per_second=18.1859k/s
BM_main_graph$async_dispatch_0_system_elf_riscv_64_main_graph$async_dispatch_0_matvec_like_32x10_f32/process_time/real_time_median      0.055 ms        0.062 ms           10 items_per_second=18.2038k/s
BM_main_graph$async_dispatch_0_system_elf_riscv_64_main_graph$async_dispatch_0_matvec_like_32x10_f32/process_time/real_time_stddev      0.000 ms        0.000 ms           10 items_per_second=108.027/s
BM_main_graph$async_dispatch_0_system_elf_riscv_64_main_graph$async_dispatch_0_matvec_like_32x10_f32/process_time/real_time_cv           0.60 %          0.49 %            10 items_per_second=0.59%
