2026-01-08T12:07:25.247842
Running tools/iree-benchmark-module --module=/home/dima/sched_vmfb/glpdepth/module_main_graph$async_dispatch_113_embedded_elf_riscv_64_benchmark.vmfb --device=local-task --function=main_graph$async_dispatch_113_embedded_elf_riscv_64_main_graph$async_dispatch_113_pack_f32 --input=1xi32=1 --task_topology_cpu_ids=0 --benchmark_repetitions=10
2026-01-08T12:07:25+08:00
Running tools/iree-benchmark-module
Run on (8 X 1600 MHz CPU s)
CPU Caches:
  L1 Instruction 32 KiB (x8)
  L1 Data 32 KiB (x8)
  L2 Unified 512 KiB (x2)
Load Average: 2.98, 2.45, 2.20
--------------------------------------------------------------------------------------------------------------------------------------------------------------------------------------
Benchmark                                                                                                                            Time             CPU   Iterations UserCounters...
--------------------------------------------------------------------------------------------------------------------------------------------------------------------------------------
BM_main_graph$async_dispatch_113_embedded_elf_riscv_64_main_graph$async_dispatch_113_pack_f32/process_time/real_time             0.334 ms        0.340 ms         2078 items_per_second=2.99355k/s
BM_main_graph$async_dispatch_113_embedded_elf_riscv_64_main_graph$async_dispatch_113_pack_f32/process_time/real_time             0.333 ms        0.339 ms         2078 items_per_second=3.00021k/s
BM_main_graph$async_dispatch_113_embedded_elf_riscv_64_main_graph$async_dispatch_113_pack_f32/process_time/real_time             0.334 ms        0.340 ms         2078 items_per_second=2.99178k/s
BM_main_graph$async_dispatch_113_embedded_elf_riscv_64_main_graph$async_dispatch_113_pack_f32/process_time/real_time             0.336 ms        0.340 ms         2078 items_per_second=2.97888k/s
BM_main_graph$async_dispatch_113_embedded_elf_riscv_64_main_graph$async_dispatch_113_pack_f32/process_time/real_time             0.333 ms        0.339 ms         2078 items_per_second=3.00092k/s
BM_main_graph$async_dispatch_113_embedded_elf_riscv_64_main_graph$async_dispatch_113_pack_f32/process_time/real_time             0.334 ms        0.340 ms         2078 items_per_second=2.99411k/s
BM_main_graph$async_dispatch_113_embedded_elf_riscv_64_main_graph$async_dispatch_113_pack_f32/process_time/real_time             0.334 ms        0.340 ms         2078 items_per_second=2.99731k/s
BM_main_graph$async_dispatch_113_embedded_elf_riscv_64_main_graph$async_dispatch_113_pack_f32/process_time/real_time             0.333 ms        0.339 ms         2078 items_per_second=2.99901k/s
BM_main_graph$async_dispatch_113_embedded_elf_riscv_64_main_graph$async_dispatch_113_pack_f32/process_time/real_time             0.335 ms        0.341 ms         2078 items_per_second=2.98881k/s
BM_main_graph$async_dispatch_113_embedded_elf_riscv_64_main_graph$async_dispatch_113_pack_f32/process_time/real_time             0.333 ms        0.339 ms         2078 items_per_second=3.00035k/s
BM_main_graph$async_dispatch_113_embedded_elf_riscv_64_main_graph$async_dispatch_113_pack_f32/process_time/real_time_mean        0.334 ms        0.340 ms           10 items_per_second=2.99449k/s
BM_main_graph$async_dispatch_113_embedded_elf_riscv_64_main_graph$async_dispatch_113_pack_f32/process_time/real_time_median      0.334 ms        0.340 ms           10 items_per_second=2.99571k/s
BM_main_graph$async_dispatch_113_embedded_elf_riscv_64_main_graph$async_dispatch_113_pack_f32/process_time/real_time_stddev      0.001 ms        0.000 ms           10 items_per_second=6.83985/s
BM_main_graph$async_dispatch_113_embedded_elf_riscv_64_main_graph$async_dispatch_113_pack_f32/process_time/real_time_cv           0.23 %          0.15 %            10 items_per_second=0.23%
