2026-01-08T12:20:56.180944
Running tools/iree-benchmark-module --module=/home/dima/sched_vmfb/glpdepth/module_main_graph$async_dispatch_8_embedded_elf_riscv_64_benchmark.vmfb --device=local-task --function=main_graph$async_dispatch_8_embedded_elf_riscv_64_main_graph$async_dispatch_8_matmul_like_2x49x32x32_f32 --input=1xi32=1 --task_topology_cpu_ids=0 --benchmark_repetitions=10
2026-01-08T12:20:56+08:00
Running tools/iree-benchmark-module
Run on (8 X 1600 MHz CPU s)
CPU Caches:
  L1 Instruction 32 KiB (x8)
  L1 Data 32 KiB (x8)
  L2 Unified 512 KiB (x2)
Load Average: 3.07, 3.03, 2.73
----------------------------------------------------------------------------------------------------------------------------------------------------------------------------------------------------
Benchmark                                                                                                                                          Time             CPU   Iterations UserCounters...
----------------------------------------------------------------------------------------------------------------------------------------------------------------------------------------------------
BM_main_graph$async_dispatch_8_embedded_elf_riscv_64_main_graph$async_dispatch_8_matmul_like_2x49x32x32_f32/process_time/real_time             0.110 ms        0.117 ms         6258 items_per_second=9.11522k/s
BM_main_graph$async_dispatch_8_embedded_elf_riscv_64_main_graph$async_dispatch_8_matmul_like_2x49x32x32_f32/process_time/real_time             0.110 ms        0.117 ms         6258 items_per_second=9.08764k/s
BM_main_graph$async_dispatch_8_embedded_elf_riscv_64_main_graph$async_dispatch_8_matmul_like_2x49x32x32_f32/process_time/real_time             0.110 ms        0.116 ms         6258 items_per_second=9.07396k/s
BM_main_graph$async_dispatch_8_embedded_elf_riscv_64_main_graph$async_dispatch_8_matmul_like_2x49x32x32_f32/process_time/real_time             0.108 ms        0.115 ms         6258 items_per_second=9.22191k/s
BM_main_graph$async_dispatch_8_embedded_elf_riscv_64_main_graph$async_dispatch_8_matmul_like_2x49x32x32_f32/process_time/real_time             0.108 ms        0.115 ms         6258 items_per_second=9.22184k/s
BM_main_graph$async_dispatch_8_embedded_elf_riscv_64_main_graph$async_dispatch_8_matmul_like_2x49x32x32_f32/process_time/real_time             0.109 ms        0.116 ms         6258 items_per_second=9.16183k/s
BM_main_graph$async_dispatch_8_embedded_elf_riscv_64_main_graph$async_dispatch_8_matmul_like_2x49x32x32_f32/process_time/real_time             0.109 ms        0.116 ms         6258 items_per_second=9.19718k/s
BM_main_graph$async_dispatch_8_embedded_elf_riscv_64_main_graph$async_dispatch_8_matmul_like_2x49x32x32_f32/process_time/real_time             0.109 ms        0.115 ms         6258 items_per_second=9.14771k/s
BM_main_graph$async_dispatch_8_embedded_elf_riscv_64_main_graph$async_dispatch_8_matmul_like_2x49x32x32_f32/process_time/real_time             0.113 ms        0.117 ms         6258 items_per_second=8.83136k/s
BM_main_graph$async_dispatch_8_embedded_elf_riscv_64_main_graph$async_dispatch_8_matmul_like_2x49x32x32_f32/process_time/real_time             0.109 ms        0.116 ms         6258 items_per_second=9.13445k/s
BM_main_graph$async_dispatch_8_embedded_elf_riscv_64_main_graph$async_dispatch_8_matmul_like_2x49x32x32_f32/process_time/real_time_mean        0.110 ms        0.116 ms           10 items_per_second=9.11931k/s
BM_main_graph$async_dispatch_8_embedded_elf_riscv_64_main_graph$async_dispatch_8_matmul_like_2x49x32x32_f32/process_time/real_time_median      0.109 ms        0.116 ms           10 items_per_second=9.14108k/s
BM_main_graph$async_dispatch_8_embedded_elf_riscv_64_main_graph$async_dispatch_8_matmul_like_2x49x32x32_f32/process_time/real_time_stddev      0.001 ms        0.001 ms           10 items_per_second=113.499/s
BM_main_graph$async_dispatch_8_embedded_elf_riscv_64_main_graph$async_dispatch_8_matmul_like_2x49x32x32_f32/process_time/real_time_cv           1.27 %          0.57 %            10 items_per_second=1.24%
