2026-01-08T12:15:05.745816
Running tools/iree-benchmark-module --module=/home/dima/sched_vmfb/glpdepth/module_main_graph$async_dispatch_212_embedded_elf_riscv_64_benchmark.vmfb --device=local-task --function=main_graph$async_dispatch_212_embedded_elf_riscv_64_main_graph$async_dispatch_212_conv_64x224x224x64x3x3_f32 --input=1xi32=1 --task_topology_cpu_ids=0 --benchmark_repetitions=10
2026-01-08T12:15:05+08:00
Running tools/iree-benchmark-module
Run on (8 X 1600 MHz CPU s)
CPU Caches:
  L1 Instruction 32 KiB (x8)
  L1 Data 32 KiB (x8)
  L2 Unified 512 KiB (x2)
Load Average: 3.02, 2.93, 2.55
--------------------------------------------------------------------------------------------------------------------------------------------------------------------------------------------------------
Benchmark                                                                                                                                              Time             CPU   Iterations UserCounters...
--------------------------------------------------------------------------------------------------------------------------------------------------------------------------------------------------------
BM_main_graph$async_dispatch_212_embedded_elf_riscv_64_main_graph$async_dispatch_212_conv_64x224x224x64x3x3_f32/process_time/real_time             10654 ms        10652 ms            1 items_per_second=0.0938631/s
BM_main_graph$async_dispatch_212_embedded_elf_riscv_64_main_graph$async_dispatch_212_conv_64x224x224x64x3x3_f32/process_time/real_time             10634 ms        10633 ms            1 items_per_second=0.0940403/s
BM_main_graph$async_dispatch_212_embedded_elf_riscv_64_main_graph$async_dispatch_212_conv_64x224x224x64x3x3_f32/process_time/real_time             10635 ms        10634 ms            1 items_per_second=0.0940326/s
BM_main_graph$async_dispatch_212_embedded_elf_riscv_64_main_graph$async_dispatch_212_conv_64x224x224x64x3x3_f32/process_time/real_time             10643 ms        10642 ms            1 items_per_second=0.0939604/s
BM_main_graph$async_dispatch_212_embedded_elf_riscv_64_main_graph$async_dispatch_212_conv_64x224x224x64x3x3_f32/process_time/real_time             10632 ms        10631 ms            1 items_per_second=0.0940563/s
BM_main_graph$async_dispatch_212_embedded_elf_riscv_64_main_graph$async_dispatch_212_conv_64x224x224x64x3x3_f32/process_time/real_time             10634 ms        10634 ms            1 items_per_second=0.0940411/s
BM_main_graph$async_dispatch_212_embedded_elf_riscv_64_main_graph$async_dispatch_212_conv_64x224x224x64x3x3_f32/process_time/real_time             10632 ms        10632 ms            1 items_per_second=0.094054/s
BM_main_graph$async_dispatch_212_embedded_elf_riscv_64_main_graph$async_dispatch_212_conv_64x224x224x64x3x3_f32/process_time/real_time             10632 ms        10632 ms            1 items_per_second=0.0940586/s
BM_main_graph$async_dispatch_212_embedded_elf_riscv_64_main_graph$async_dispatch_212_conv_64x224x224x64x3x3_f32/process_time/real_time             10635 ms        10635 ms            1 items_per_second=0.0940323/s
BM_main_graph$async_dispatch_212_embedded_elf_riscv_64_main_graph$async_dispatch_212_conv_64x224x224x64x3x3_f32/process_time/real_time             10633 ms        10633 ms            1 items_per_second=0.0940456/s
BM_main_graph$async_dispatch_212_embedded_elf_riscv_64_main_graph$async_dispatch_212_conv_64x224x224x64x3x3_f32/process_time/real_time_mean        10636 ms        10636 ms           10 items_per_second=0.0940184/s
BM_main_graph$async_dispatch_212_embedded_elf_riscv_64_main_graph$async_dispatch_212_conv_64x224x224x64x3x3_f32/process_time/real_time_median      10634 ms        10633 ms           10 items_per_second=0.0940407/s
BM_main_graph$async_dispatch_212_embedded_elf_riscv_64_main_graph$async_dispatch_212_conv_64x224x224x64x3x3_f32/process_time/real_time_stddev       6.96 ms         6.56 ms           10 items_per_second=61.4197u/s
BM_main_graph$async_dispatch_212_embedded_elf_riscv_64_main_graph$async_dispatch_212_conv_64x224x224x64x3x3_f32/process_time/real_time_cv           0.07 %          0.06 %            10 items_per_second=0.07%
