2026-01-08T12:17:55.922944
Running tools/iree-benchmark-module --module=/home/dima/sched_vmfb/glpdepth/module_main_graph$async_dispatch_51_embedded_elf_riscv_64_benchmark.vmfb --device=local-task --function=main_graph$async_dispatch_51_embedded_elf_riscv_64_main_graph$async_dispatch_51_slow_memcpy --input=1xi32=1 --task_topology_cpu_ids=0 --benchmark_repetitions=10
2026-01-08T12:17:55+08:00
Running tools/iree-benchmark-module
Run on (8 X 1600 MHz CPU s)
CPU Caches:
  L1 Instruction 32 KiB (x8)
  L1 Data 32 KiB (x8)
  L2 Unified 512 KiB (x2)
Load Average: 3.00, 2.97, 2.64
---------------------------------------------------------------------------------------------------------------------------------------------------------------------------------------
Benchmark                                                                                                                             Time             CPU   Iterations UserCounters...
---------------------------------------------------------------------------------------------------------------------------------------------------------------------------------------
BM_main_graph$async_dispatch_51_embedded_elf_riscv_64_main_graph$async_dispatch_51_slow_memcpy/process_time/real_time             0.751 ms        0.759 ms          934 items_per_second=1.33107k/s
BM_main_graph$async_dispatch_51_embedded_elf_riscv_64_main_graph$async_dispatch_51_slow_memcpy/process_time/real_time             0.730 ms        0.738 ms          934 items_per_second=1.36952k/s
BM_main_graph$async_dispatch_51_embedded_elf_riscv_64_main_graph$async_dispatch_51_slow_memcpy/process_time/real_time             0.749 ms        0.757 ms          934 items_per_second=1.33526k/s
BM_main_graph$async_dispatch_51_embedded_elf_riscv_64_main_graph$async_dispatch_51_slow_memcpy/process_time/real_time             0.742 ms        0.750 ms          934 items_per_second=1.34779k/s
BM_main_graph$async_dispatch_51_embedded_elf_riscv_64_main_graph$async_dispatch_51_slow_memcpy/process_time/real_time             0.731 ms        0.731 ms          934 items_per_second=1.36861k/s
BM_main_graph$async_dispatch_51_embedded_elf_riscv_64_main_graph$async_dispatch_51_slow_memcpy/process_time/real_time             0.725 ms        0.730 ms          934 items_per_second=1.38014k/s
BM_main_graph$async_dispatch_51_embedded_elf_riscv_64_main_graph$async_dispatch_51_slow_memcpy/process_time/real_time             0.725 ms        0.726 ms          934 items_per_second=1.37871k/s
BM_main_graph$async_dispatch_51_embedded_elf_riscv_64_main_graph$async_dispatch_51_slow_memcpy/process_time/real_time             0.730 ms        0.733 ms          934 items_per_second=1.36938k/s
BM_main_graph$async_dispatch_51_embedded_elf_riscv_64_main_graph$async_dispatch_51_slow_memcpy/process_time/real_time             0.681 ms        0.688 ms          934 items_per_second=1.46921k/s
BM_main_graph$async_dispatch_51_embedded_elf_riscv_64_main_graph$async_dispatch_51_slow_memcpy/process_time/real_time             0.669 ms        0.677 ms          934 items_per_second=1.49446k/s
BM_main_graph$async_dispatch_51_embedded_elf_riscv_64_main_graph$async_dispatch_51_slow_memcpy/process_time/real_time_mean        0.723 ms        0.729 ms           10 items_per_second=1.38441k/s
BM_main_graph$async_dispatch_51_embedded_elf_riscv_64_main_graph$async_dispatch_51_slow_memcpy/process_time/real_time_median      0.730 ms        0.732 ms           10 items_per_second=1.36945k/s
BM_main_graph$async_dispatch_51_embedded_elf_riscv_64_main_graph$async_dispatch_51_slow_memcpy/process_time/real_time_stddev      0.027 ms        0.027 ms           10 items_per_second=54.4169/s
BM_main_graph$async_dispatch_51_embedded_elf_riscv_64_main_graph$async_dispatch_51_slow_memcpy/process_time/real_time_cv           3.77 %          3.72 %            10 items_per_second=3.93%
