2026-01-08T12:17:13.041294
Running tools/iree-benchmark-module --module=/home/dima/sched_vmfb/glpdepth/module_main_graph$async_dispatch_23_embedded_elf_riscv_64_benchmark.vmfb --device=local-task --function=main_graph$async_dispatch_23_embedded_elf_riscv_64_main_graph$async_dispatch_23_pack_f32 --input=1xi32=1 --task_topology_cpu_ids=0 --benchmark_repetitions=10
2026-01-08T12:17:13+08:00
Running tools/iree-benchmark-module
Run on (8 X 1600 MHz CPU s)
CPU Caches:
  L1 Instruction 32 KiB (x8)
  L1 Data 32 KiB (x8)
  L2 Unified 512 KiB (x2)
Load Average: 3.00, 2.96, 2.62
------------------------------------------------------------------------------------------------------------------------------------------------------------------------------------
Benchmark                                                                                                                          Time             CPU   Iterations UserCounters...
------------------------------------------------------------------------------------------------------------------------------------------------------------------------------------
BM_main_graph$async_dispatch_23_embedded_elf_riscv_64_main_graph$async_dispatch_23_pack_f32/process_time/real_time              10.0 ms         10.0 ms           70 items_per_second=99.7651/s
BM_main_graph$async_dispatch_23_embedded_elf_riscv_64_main_graph$async_dispatch_23_pack_f32/process_time/real_time              10.1 ms         10.1 ms           70 items_per_second=99.3331/s
BM_main_graph$async_dispatch_23_embedded_elf_riscv_64_main_graph$async_dispatch_23_pack_f32/process_time/real_time              10.0 ms         10.0 ms           70 items_per_second=99.7043/s
BM_main_graph$async_dispatch_23_embedded_elf_riscv_64_main_graph$async_dispatch_23_pack_f32/process_time/real_time              10.0 ms         10.0 ms           70 items_per_second=99.7695/s
BM_main_graph$async_dispatch_23_embedded_elf_riscv_64_main_graph$async_dispatch_23_pack_f32/process_time/real_time              10.1 ms         10.1 ms           70 items_per_second=99.2906/s
BM_main_graph$async_dispatch_23_embedded_elf_riscv_64_main_graph$async_dispatch_23_pack_f32/process_time/real_time              10.0 ms         10.0 ms           70 items_per_second=99.7021/s
BM_main_graph$async_dispatch_23_embedded_elf_riscv_64_main_graph$async_dispatch_23_pack_f32/process_time/real_time              10.0 ms         10.0 ms           70 items_per_second=99.7722/s
BM_main_graph$async_dispatch_23_embedded_elf_riscv_64_main_graph$async_dispatch_23_pack_f32/process_time/real_time              10.1 ms         10.1 ms           70 items_per_second=99.1365/s
BM_main_graph$async_dispatch_23_embedded_elf_riscv_64_main_graph$async_dispatch_23_pack_f32/process_time/real_time              10.0 ms         10.0 ms           70 items_per_second=99.7562/s
BM_main_graph$async_dispatch_23_embedded_elf_riscv_64_main_graph$async_dispatch_23_pack_f32/process_time/real_time              10.0 ms         10.0 ms           70 items_per_second=99.8118/s
BM_main_graph$async_dispatch_23_embedded_elf_riscv_64_main_graph$async_dispatch_23_pack_f32/process_time/real_time_mean         10.0 ms         10.0 ms           10 items_per_second=99.6041/s
BM_main_graph$async_dispatch_23_embedded_elf_riscv_64_main_graph$async_dispatch_23_pack_f32/process_time/real_time_median       10.0 ms         10.0 ms           10 items_per_second=99.7302/s
BM_main_graph$async_dispatch_23_embedded_elf_riscv_64_main_graph$async_dispatch_23_pack_f32/process_time/real_time_stddev      0.025 ms        0.026 ms           10 items_per_second=0.248961/s
BM_main_graph$async_dispatch_23_embedded_elf_riscv_64_main_graph$async_dispatch_23_pack_f32/process_time/real_time_cv           0.25 %          0.26 %            10 items_per_second=0.25%
