2026-01-08T12:10:27.922781
Running tools/iree-benchmark-module --module=/home/dima/sched_vmfb/glpdepth/module_main_graph$async_dispatch_157_embedded_elf_riscv_64_benchmark.vmfb --device=local-task --function=main_graph$async_dispatch_157_embedded_elf_riscv_64_main_graph$async_dispatch_157_unpack_f32 --input=1xi32=1 --task_topology_cpu_ids=0 --benchmark_repetitions=10
2026-01-08T12:10:27+08:00
Running tools/iree-benchmark-module
Run on (8 X 1600 MHz CPU s)
CPU Caches:
  L1 Instruction 32 KiB (x8)
  L1 Data 32 KiB (x8)
  L2 Unified 512 KiB (x2)
Load Average: 3.03, 2.74, 2.37
----------------------------------------------------------------------------------------------------------------------------------------------------------------------------------------
Benchmark                                                                                                                              Time             CPU   Iterations UserCounters...
----------------------------------------------------------------------------------------------------------------------------------------------------------------------------------------
BM_main_graph$async_dispatch_157_embedded_elf_riscv_64_main_graph$async_dispatch_157_unpack_f32/process_time/real_time             0.584 ms        0.591 ms         1192 items_per_second=1.71245k/s
BM_main_graph$async_dispatch_157_embedded_elf_riscv_64_main_graph$async_dispatch_157_unpack_f32/process_time/real_time             0.587 ms        0.582 ms         1192 items_per_second=1.70254k/s
BM_main_graph$async_dispatch_157_embedded_elf_riscv_64_main_graph$async_dispatch_157_unpack_f32/process_time/real_time             0.567 ms        0.567 ms         1192 items_per_second=1.7644k/s
BM_main_graph$async_dispatch_157_embedded_elf_riscv_64_main_graph$async_dispatch_157_unpack_f32/process_time/real_time             0.576 ms        0.580 ms         1192 items_per_second=1.73494k/s
BM_main_graph$async_dispatch_157_embedded_elf_riscv_64_main_graph$async_dispatch_157_unpack_f32/process_time/real_time             0.576 ms        0.580 ms         1192 items_per_second=1.7365k/s
BM_main_graph$async_dispatch_157_embedded_elf_riscv_64_main_graph$async_dispatch_157_unpack_f32/process_time/real_time             0.573 ms        0.580 ms         1192 items_per_second=1.74468k/s
BM_main_graph$async_dispatch_157_embedded_elf_riscv_64_main_graph$async_dispatch_157_unpack_f32/process_time/real_time             0.573 ms        0.580 ms         1192 items_per_second=1.74499k/s
BM_main_graph$async_dispatch_157_embedded_elf_riscv_64_main_graph$async_dispatch_157_unpack_f32/process_time/real_time             0.575 ms        0.581 ms         1192 items_per_second=1.73932k/s
BM_main_graph$async_dispatch_157_embedded_elf_riscv_64_main_graph$async_dispatch_157_unpack_f32/process_time/real_time             0.573 ms        0.579 ms         1192 items_per_second=1.74567k/s
BM_main_graph$async_dispatch_157_embedded_elf_riscv_64_main_graph$async_dispatch_157_unpack_f32/process_time/real_time             0.573 ms        0.579 ms         1192 items_per_second=1.74545k/s
BM_main_graph$async_dispatch_157_embedded_elf_riscv_64_main_graph$async_dispatch_157_unpack_f32/process_time/real_time_mean        0.576 ms        0.580 ms           10 items_per_second=1.73709k/s
BM_main_graph$async_dispatch_157_embedded_elf_riscv_64_main_graph$async_dispatch_157_unpack_f32/process_time/real_time_median      0.574 ms        0.580 ms           10 items_per_second=1.742k/s
BM_main_graph$async_dispatch_157_embedded_elf_riscv_64_main_graph$async_dispatch_157_unpack_f32/process_time/real_time_stddev      0.006 ms        0.006 ms           10 items_per_second=17.7018/s
BM_main_graph$async_dispatch_157_embedded_elf_riscv_64_main_graph$async_dispatch_157_unpack_f32/process_time/real_time_cv           1.03 %          0.97 %            10 items_per_second=1.02%
