2026-01-08T12:18:45.974475
Running tools/iree-benchmark-module --module=/home/dima/sched_vmfb/glpdepth/module_main_graph$async_dispatch_59_embedded_elf_riscv_64_benchmark.vmfb --device=local-task --function=main_graph$async_dispatch_59_embedded_elf_riscv_64_main_graph$async_dispatch_59_batch_mmt4d_2x7x25x32x7x32x1_f32 --input=1xi32=1 --task_topology_cpu_ids=0 --benchmark_repetitions=10
2026-01-08T12:18:45+08:00
Running tools/iree-benchmark-module
Run on (8 X 1600 MHz CPU s)
CPU Caches:
  L1 Instruction 32 KiB (x8)
  L1 Data 32 KiB (x8)
  L2 Unified 512 KiB (x2)
Load Average: 3.19, 3.02, 2.67
------------------------------------------------------------------------------------------------------------------------------------------------------------------------------------------------------------
Benchmark                                                                                                                                                  Time             CPU   Iterations UserCounters...
------------------------------------------------------------------------------------------------------------------------------------------------------------------------------------------------------------
BM_main_graph$async_dispatch_59_embedded_elf_riscv_64_main_graph$async_dispatch_59_batch_mmt4d_2x7x25x32x7x32x1_f32/process_time/real_time              1.03 ms         1.04 ms          672 items_per_second=967.287/s
BM_main_graph$async_dispatch_59_embedded_elf_riscv_64_main_graph$async_dispatch_59_batch_mmt4d_2x7x25x32x7x32x1_f32/process_time/real_time              1.04 ms         1.05 ms          672 items_per_second=962.676/s
BM_main_graph$async_dispatch_59_embedded_elf_riscv_64_main_graph$async_dispatch_59_batch_mmt4d_2x7x25x32x7x32x1_f32/process_time/real_time              1.03 ms         1.04 ms          672 items_per_second=968.111/s
BM_main_graph$async_dispatch_59_embedded_elf_riscv_64_main_graph$async_dispatch_59_batch_mmt4d_2x7x25x32x7x32x1_f32/process_time/real_time              1.03 ms         1.04 ms          672 items_per_second=966.287/s
BM_main_graph$async_dispatch_59_embedded_elf_riscv_64_main_graph$async_dispatch_59_batch_mmt4d_2x7x25x32x7x32x1_f32/process_time/real_time              1.04 ms         1.04 ms          672 items_per_second=964.043/s
BM_main_graph$async_dispatch_59_embedded_elf_riscv_64_main_graph$async_dispatch_59_batch_mmt4d_2x7x25x32x7x32x1_f32/process_time/real_time              1.03 ms         1.04 ms          672 items_per_second=967.65/s
BM_main_graph$async_dispatch_59_embedded_elf_riscv_64_main_graph$async_dispatch_59_batch_mmt4d_2x7x25x32x7x32x1_f32/process_time/real_time              1.03 ms         1.04 ms          672 items_per_second=967.189/s
BM_main_graph$async_dispatch_59_embedded_elf_riscv_64_main_graph$async_dispatch_59_batch_mmt4d_2x7x25x32x7x32x1_f32/process_time/real_time              1.04 ms         1.04 ms          672 items_per_second=964.754/s
BM_main_graph$async_dispatch_59_embedded_elf_riscv_64_main_graph$async_dispatch_59_batch_mmt4d_2x7x25x32x7x32x1_f32/process_time/real_time              1.03 ms         1.04 ms          672 items_per_second=967.504/s
BM_main_graph$async_dispatch_59_embedded_elf_riscv_64_main_graph$async_dispatch_59_batch_mmt4d_2x7x25x32x7x32x1_f32/process_time/real_time              1.03 ms         1.04 ms          672 items_per_second=967.935/s
BM_main_graph$async_dispatch_59_embedded_elf_riscv_64_main_graph$async_dispatch_59_batch_mmt4d_2x7x25x32x7x32x1_f32/process_time/real_time_mean         1.03 ms         1.04 ms           10 items_per_second=966.344/s
BM_main_graph$async_dispatch_59_embedded_elf_riscv_64_main_graph$async_dispatch_59_batch_mmt4d_2x7x25x32x7x32x1_f32/process_time/real_time_median       1.03 ms         1.04 ms           10 items_per_second=967.238/s
BM_main_graph$async_dispatch_59_embedded_elf_riscv_64_main_graph$async_dispatch_59_batch_mmt4d_2x7x25x32x7x32x1_f32/process_time/real_time_stddev      0.002 ms        0.002 ms           10 items_per_second=1.87349/s
BM_main_graph$async_dispatch_59_embedded_elf_riscv_64_main_graph$async_dispatch_59_batch_mmt4d_2x7x25x32x7x32x1_f32/process_time/real_time_cv           0.19 %          0.20 %            10 items_per_second=0.19%
