2026-01-08T12:20:20.026243
Running tools/iree-benchmark-module --module=/home/dima/sched_vmfb/glpdepth/module_main_graph$async_dispatch_70_embedded_elf_riscv_64_benchmark.vmfb --device=local-task --function=main_graph$async_dispatch_70_embedded_elf_riscv_64_main_graph$async_dispatch_70_matmul_like_256x28x28x64_f32 --input=1xi32=1 --task_topology_cpu_ids=0 --benchmark_repetitions=10
2026-01-08T12:20:20+08:00
Running tools/iree-benchmark-module
Run on (8 X 1600 MHz CPU s)
CPU Caches:
  L1 Instruction 32 KiB (x8)
  L1 Data 32 KiB (x8)
  L2 Unified 512 KiB (x2)
Load Average: 3.12, 3.04, 2.72
--------------------------------------------------------------------------------------------------------------------------------------------------------------------------------------------------------
Benchmark                                                                                                                                              Time             CPU   Iterations UserCounters...
--------------------------------------------------------------------------------------------------------------------------------------------------------------------------------------------------------
BM_main_graph$async_dispatch_70_embedded_elf_riscv_64_main_graph$async_dispatch_70_matmul_like_256x28x28x64_f32/process_time/real_time               344 ms          344 ms            2 items_per_second=2.90887/s
BM_main_graph$async_dispatch_70_embedded_elf_riscv_64_main_graph$async_dispatch_70_matmul_like_256x28x28x64_f32/process_time/real_time               344 ms          344 ms            2 items_per_second=2.9096/s
BM_main_graph$async_dispatch_70_embedded_elf_riscv_64_main_graph$async_dispatch_70_matmul_like_256x28x28x64_f32/process_time/real_time               345 ms          345 ms            2 items_per_second=2.90042/s
BM_main_graph$async_dispatch_70_embedded_elf_riscv_64_main_graph$async_dispatch_70_matmul_like_256x28x28x64_f32/process_time/real_time               344 ms          343 ms            2 items_per_second=2.91117/s
BM_main_graph$async_dispatch_70_embedded_elf_riscv_64_main_graph$async_dispatch_70_matmul_like_256x28x28x64_f32/process_time/real_time               344 ms          343 ms            2 items_per_second=2.91075/s
BM_main_graph$async_dispatch_70_embedded_elf_riscv_64_main_graph$async_dispatch_70_matmul_like_256x28x28x64_f32/process_time/real_time               345 ms          345 ms            2 items_per_second=2.90131/s
BM_main_graph$async_dispatch_70_embedded_elf_riscv_64_main_graph$async_dispatch_70_matmul_like_256x28x28x64_f32/process_time/real_time               345 ms          344 ms            2 items_per_second=2.89636/s
BM_main_graph$async_dispatch_70_embedded_elf_riscv_64_main_graph$async_dispatch_70_matmul_like_256x28x28x64_f32/process_time/real_time               344 ms          344 ms            2 items_per_second=2.90909/s
BM_main_graph$async_dispatch_70_embedded_elf_riscv_64_main_graph$async_dispatch_70_matmul_like_256x28x28x64_f32/process_time/real_time               345 ms          345 ms            2 items_per_second=2.90189/s
BM_main_graph$async_dispatch_70_embedded_elf_riscv_64_main_graph$async_dispatch_70_matmul_like_256x28x28x64_f32/process_time/real_time               344 ms          344 ms            2 items_per_second=2.91034/s
BM_main_graph$async_dispatch_70_embedded_elf_riscv_64_main_graph$async_dispatch_70_matmul_like_256x28x28x64_f32/process_time/real_time_mean          344 ms          344 ms           10 items_per_second=2.90598/s
BM_main_graph$async_dispatch_70_embedded_elf_riscv_64_main_graph$async_dispatch_70_matmul_like_256x28x28x64_f32/process_time/real_time_median        344 ms          344 ms           10 items_per_second=2.90898/s
BM_main_graph$async_dispatch_70_embedded_elf_riscv_64_main_graph$async_dispatch_70_matmul_like_256x28x28x64_f32/process_time/real_time_stddev      0.639 ms        0.493 ms           10 items_per_second=5.39286m/s
BM_main_graph$async_dispatch_70_embedded_elf_riscv_64_main_graph$async_dispatch_70_matmul_like_256x28x28x64_f32/process_time/real_time_cv           0.19 %          0.14 %            10 items_per_second=0.19%
