2026-01-08T12:18:38.607593
Running tools/iree-benchmark-module --module=/home/dima/sched_vmfb/glpdepth/module_main_graph$async_dispatch_58_embedded_elf_riscv_64_benchmark.vmfb --device=local-task --function=main_graph$async_dispatch_58_embedded_elf_riscv_64_main_graph$async_dispatch_58_elementwise_broadcast_2x32x49_f32_pack --input=1xi32=1 --task_topology_cpu_ids=0 --benchmark_repetitions=10
2026-01-08T12:18:38+08:00
Running tools/iree-benchmark-module
Run on (8 X 1600 MHz CPU s)
CPU Caches:
  L1 Instruction 32 KiB (x8)
  L1 Data 32 KiB (x8)
  L2 Unified 512 KiB (x2)
Load Average: 3.12, 3.00, 2.67
------------------------------------------------------------------------------------------------------------------------------------------------------------------------------------------------------------------
Benchmark                                                                                                                                                        Time             CPU   Iterations UserCounters...
------------------------------------------------------------------------------------------------------------------------------------------------------------------------------------------------------------------
BM_main_graph$async_dispatch_58_embedded_elf_riscv_64_main_graph$async_dispatch_58_elementwise_broadcast_2x32x49_f32_pack/process_time/real_time             0.132 ms        0.138 ms         5347 items_per_second=7.59117k/s
BM_main_graph$async_dispatch_58_embedded_elf_riscv_64_main_graph$async_dispatch_58_elementwise_broadcast_2x32x49_f32_pack/process_time/real_time             0.131 ms        0.138 ms         5347 items_per_second=7.61298k/s
BM_main_graph$async_dispatch_58_embedded_elf_riscv_64_main_graph$async_dispatch_58_elementwise_broadcast_2x32x49_f32_pack/process_time/real_time             0.132 ms        0.138 ms         5347 items_per_second=7.59787k/s
BM_main_graph$async_dispatch_58_embedded_elf_riscv_64_main_graph$async_dispatch_58_elementwise_broadcast_2x32x49_f32_pack/process_time/real_time             0.132 ms        0.138 ms         5347 items_per_second=7.60277k/s
BM_main_graph$async_dispatch_58_embedded_elf_riscv_64_main_graph$async_dispatch_58_elementwise_broadcast_2x32x49_f32_pack/process_time/real_time             0.131 ms        0.138 ms         5347 items_per_second=7.64308k/s
BM_main_graph$async_dispatch_58_embedded_elf_riscv_64_main_graph$async_dispatch_58_elementwise_broadcast_2x32x49_f32_pack/process_time/real_time             0.131 ms        0.138 ms         5347 items_per_second=7.62478k/s
BM_main_graph$async_dispatch_58_embedded_elf_riscv_64_main_graph$async_dispatch_58_elementwise_broadcast_2x32x49_f32_pack/process_time/real_time             0.131 ms        0.138 ms         5347 items_per_second=7.62259k/s
BM_main_graph$async_dispatch_58_embedded_elf_riscv_64_main_graph$async_dispatch_58_elementwise_broadcast_2x32x49_f32_pack/process_time/real_time             0.131 ms        0.138 ms         5347 items_per_second=7.63762k/s
BM_main_graph$async_dispatch_58_embedded_elf_riscv_64_main_graph$async_dispatch_58_elementwise_broadcast_2x32x49_f32_pack/process_time/real_time             0.132 ms        0.138 ms         5347 items_per_second=7.59901k/s
BM_main_graph$async_dispatch_58_embedded_elf_riscv_64_main_graph$async_dispatch_58_elementwise_broadcast_2x32x49_f32_pack/process_time/real_time             0.130 ms        0.137 ms         5347 items_per_second=7.6837k/s
BM_main_graph$async_dispatch_58_embedded_elf_riscv_64_main_graph$async_dispatch_58_elementwise_broadcast_2x32x49_f32_pack/process_time/real_time_mean        0.131 ms        0.138 ms           10 items_per_second=7.62156k/s
BM_main_graph$async_dispatch_58_embedded_elf_riscv_64_main_graph$async_dispatch_58_elementwise_broadcast_2x32x49_f32_pack/process_time/real_time_median      0.131 ms        0.138 ms           10 items_per_second=7.61779k/s
BM_main_graph$async_dispatch_58_embedded_elf_riscv_64_main_graph$async_dispatch_58_elementwise_broadcast_2x32x49_f32_pack/process_time/real_time_stddev      0.000 ms        0.000 ms           10 items_per_second=27.9161/s
BM_main_graph$async_dispatch_58_embedded_elf_riscv_64_main_graph$async_dispatch_58_elementwise_broadcast_2x32x49_f32_pack/process_time/real_time_cv           0.36 %          0.32 %            10 items_per_second=0.37%
