2026-01-08T12:09:58.679823
Running tools/iree-benchmark-module --module=/home/dima/sched_vmfb/glpdepth/module_main_graph$async_dispatch_153_embedded_elf_riscv_64_benchmark.vmfb --device=local-task --function=main_graph$async_dispatch_153_embedded_elf_riscv_64_main_graph$async_dispatch_153_softmax_8x49x49xf32_dispatch_tensor_store --input=1xi32=1 --task_topology_cpu_ids=0 --benchmark_repetitions=10
2026-01-08T12:09:58+08:00
Running tools/iree-benchmark-module
Run on (8 X 1600 MHz CPU s)
CPU Caches:
  L1 Instruction 32 KiB (x8)
  L1 Data 32 KiB (x8)
  L2 Unified 512 KiB (x2)
Load Average: 3.05, 2.72, 2.35
-----------------------------------------------------------------------------------------------------------------------------------------------------------------------------------------------------------------------
Benchmark                                                                                                                                                             Time             CPU   Iterations UserCounters...
-----------------------------------------------------------------------------------------------------------------------------------------------------------------------------------------------------------------------
BM_main_graph$async_dispatch_153_embedded_elf_riscv_64_main_graph$async_dispatch_153_softmax_8x49x49xf32_dispatch_tensor_store/process_time/real_time             0.710 ms        0.711 ms          959 items_per_second=1.40791k/s
BM_main_graph$async_dispatch_153_embedded_elf_riscv_64_main_graph$async_dispatch_153_softmax_8x49x49xf32_dispatch_tensor_store/process_time/real_time             0.706 ms        0.706 ms          959 items_per_second=1.41733k/s
BM_main_graph$async_dispatch_153_embedded_elf_riscv_64_main_graph$async_dispatch_153_softmax_8x49x49xf32_dispatch_tensor_store/process_time/real_time             0.707 ms        0.707 ms          959 items_per_second=1.415k/s
BM_main_graph$async_dispatch_153_embedded_elf_riscv_64_main_graph$async_dispatch_153_softmax_8x49x49xf32_dispatch_tensor_store/process_time/real_time             0.711 ms        0.715 ms          959 items_per_second=1.40568k/s
BM_main_graph$async_dispatch_153_embedded_elf_riscv_64_main_graph$async_dispatch_153_softmax_8x49x49xf32_dispatch_tensor_store/process_time/real_time             0.703 ms        0.703 ms          959 items_per_second=1.42213k/s
BM_main_graph$async_dispatch_153_embedded_elf_riscv_64_main_graph$async_dispatch_153_softmax_8x49x49xf32_dispatch_tensor_store/process_time/real_time             0.728 ms        0.735 ms          959 items_per_second=1.37389k/s
BM_main_graph$async_dispatch_153_embedded_elf_riscv_64_main_graph$async_dispatch_153_softmax_8x49x49xf32_dispatch_tensor_store/process_time/real_time             0.724 ms        0.731 ms          959 items_per_second=1.38058k/s
BM_main_graph$async_dispatch_153_embedded_elf_riscv_64_main_graph$async_dispatch_153_softmax_8x49x49xf32_dispatch_tensor_store/process_time/real_time             0.724 ms        0.730 ms          959 items_per_second=1.38201k/s
BM_main_graph$async_dispatch_153_embedded_elf_riscv_64_main_graph$async_dispatch_153_softmax_8x49x49xf32_dispatch_tensor_store/process_time/real_time             0.728 ms        0.734 ms          959 items_per_second=1.37421k/s
BM_main_graph$async_dispatch_153_embedded_elf_riscv_64_main_graph$async_dispatch_153_softmax_8x49x49xf32_dispatch_tensor_store/process_time/real_time             0.711 ms        0.712 ms          959 items_per_second=1.40723k/s
BM_main_graph$async_dispatch_153_embedded_elf_riscv_64_main_graph$async_dispatch_153_softmax_8x49x49xf32_dispatch_tensor_store/process_time/real_time_mean        0.715 ms        0.719 ms           10 items_per_second=1.3986k/s
BM_main_graph$async_dispatch_153_embedded_elf_riscv_64_main_graph$async_dispatch_153_softmax_8x49x49xf32_dispatch_tensor_store/process_time/real_time_median      0.711 ms        0.714 ms           10 items_per_second=1.40645k/s
BM_main_graph$async_dispatch_153_embedded_elf_riscv_64_main_graph$async_dispatch_153_softmax_8x49x49xf32_dispatch_tensor_store/process_time/real_time_stddev      0.010 ms        0.013 ms           10 items_per_second=18.826/s
BM_main_graph$async_dispatch_153_embedded_elf_riscv_64_main_graph$async_dispatch_153_softmax_8x49x49xf32_dispatch_tensor_store/process_time/real_time_cv           1.35 %          1.77 %            10 items_per_second=1.35%
