2026-01-08T12:19:58.383738
Running tools/iree-benchmark-module --module=/home/dima/sched_vmfb/glpdepth/module_main_graph$async_dispatch_68_embedded_elf_riscv_64_benchmark.vmfb --device=local-task --function=main_graph$async_dispatch_68_embedded_elf_riscv_64_main_graph$async_dispatch_68_unpack_f32 --input=1xi32=1 --task_topology_cpu_ids=0 --benchmark_repetitions=10
2026-01-08T12:19:58+08:00
Running tools/iree-benchmark-module
Run on (8 X 1600 MHz CPU s)
CPU Caches:
  L1 Instruction 32 KiB (x8)
  L1 Data 32 KiB (x8)
  L2 Unified 512 KiB (x2)
Load Average: 3.08, 3.03, 2.71
--------------------------------------------------------------------------------------------------------------------------------------------------------------------------------------
Benchmark                                                                                                                            Time             CPU   Iterations UserCounters...
--------------------------------------------------------------------------------------------------------------------------------------------------------------------------------------
BM_main_graph$async_dispatch_68_embedded_elf_riscv_64_main_graph$async_dispatch_68_unpack_f32/process_time/real_time              1.88 ms         1.89 ms          371 items_per_second=532.333/s
BM_main_graph$async_dispatch_68_embedded_elf_riscv_64_main_graph$async_dispatch_68_unpack_f32/process_time/real_time              1.89 ms         1.90 ms          371 items_per_second=528.367/s
BM_main_graph$async_dispatch_68_embedded_elf_riscv_64_main_graph$async_dispatch_68_unpack_f32/process_time/real_time              1.88 ms         1.89 ms          371 items_per_second=532.199/s
BM_main_graph$async_dispatch_68_embedded_elf_riscv_64_main_graph$async_dispatch_68_unpack_f32/process_time/real_time              1.88 ms         1.89 ms          371 items_per_second=531.361/s
BM_main_graph$async_dispatch_68_embedded_elf_riscv_64_main_graph$async_dispatch_68_unpack_f32/process_time/real_time              1.89 ms         1.90 ms          371 items_per_second=528.224/s
BM_main_graph$async_dispatch_68_embedded_elf_riscv_64_main_graph$async_dispatch_68_unpack_f32/process_time/real_time              1.88 ms         1.89 ms          371 items_per_second=531.933/s
BM_main_graph$async_dispatch_68_embedded_elf_riscv_64_main_graph$async_dispatch_68_unpack_f32/process_time/real_time              1.88 ms         1.88 ms          371 items_per_second=531.915/s
BM_main_graph$async_dispatch_68_embedded_elf_riscv_64_main_graph$async_dispatch_68_unpack_f32/process_time/real_time              1.89 ms         1.89 ms          371 items_per_second=530.295/s
BM_main_graph$async_dispatch_68_embedded_elf_riscv_64_main_graph$async_dispatch_68_unpack_f32/process_time/real_time              1.89 ms         1.89 ms          371 items_per_second=528.778/s
BM_main_graph$async_dispatch_68_embedded_elf_riscv_64_main_graph$async_dispatch_68_unpack_f32/process_time/real_time              1.88 ms         1.89 ms          371 items_per_second=532.255/s
BM_main_graph$async_dispatch_68_embedded_elf_riscv_64_main_graph$async_dispatch_68_unpack_f32/process_time/real_time_mean         1.88 ms         1.89 ms           10 items_per_second=530.766/s
BM_main_graph$async_dispatch_68_embedded_elf_riscv_64_main_graph$async_dispatch_68_unpack_f32/process_time/real_time_median       1.88 ms         1.89 ms           10 items_per_second=531.638/s
BM_main_graph$async_dispatch_68_embedded_elf_riscv_64_main_graph$async_dispatch_68_unpack_f32/process_time/real_time_stddev      0.006 ms        0.006 ms           10 items_per_second=1.70474/s
BM_main_graph$async_dispatch_68_embedded_elf_riscv_64_main_graph$async_dispatch_68_unpack_f32/process_time/real_time_cv           0.32 %          0.29 %            10 items_per_second=0.32%
