2026-01-08T12:14:02.250813
Running tools/iree-benchmark-module --module=/home/dima/sched_vmfb/glpdepth/module_main_graph$async_dispatch_205_embedded_elf_riscv_64_benchmark.vmfb --device=local-task --function=main_graph$async_dispatch_205_embedded_elf_riscv_64_main_graph$async_dispatch_205_slow_memcpy --input=1xi32=1 --task_topology_cpu_ids=0 --benchmark_repetitions=10
2026-01-08T12:14:02+08:00
Running tools/iree-benchmark-module
Run on (8 X 1600 MHz CPU s)
CPU Caches:
  L1 Instruction 32 KiB (x8)
  L1 Data 32 KiB (x8)
  L2 Unified 512 KiB (x2)
Load Average: 3.07, 2.91, 2.52
-----------------------------------------------------------------------------------------------------------------------------------------------------------------------------------------
Benchmark                                                                                                                               Time             CPU   Iterations UserCounters...
-----------------------------------------------------------------------------------------------------------------------------------------------------------------------------------------
BM_main_graph$async_dispatch_205_embedded_elf_riscv_64_main_graph$async_dispatch_205_slow_memcpy/process_time/real_time              3.64 ms         3.64 ms          193 items_per_second=275.021/s
BM_main_graph$async_dispatch_205_embedded_elf_riscv_64_main_graph$async_dispatch_205_slow_memcpy/process_time/real_time              3.64 ms         3.65 ms          193 items_per_second=274.742/s
BM_main_graph$async_dispatch_205_embedded_elf_riscv_64_main_graph$async_dispatch_205_slow_memcpy/process_time/real_time              3.62 ms         3.63 ms          193 items_per_second=275.944/s
BM_main_graph$async_dispatch_205_embedded_elf_riscv_64_main_graph$async_dispatch_205_slow_memcpy/process_time/real_time              3.64 ms         3.65 ms          193 items_per_second=274.898/s
BM_main_graph$async_dispatch_205_embedded_elf_riscv_64_main_graph$async_dispatch_205_slow_memcpy/process_time/real_time              3.63 ms         3.64 ms          193 items_per_second=275.596/s
BM_main_graph$async_dispatch_205_embedded_elf_riscv_64_main_graph$async_dispatch_205_slow_memcpy/process_time/real_time              3.63 ms         3.64 ms          193 items_per_second=275.304/s
BM_main_graph$async_dispatch_205_embedded_elf_riscv_64_main_graph$async_dispatch_205_slow_memcpy/process_time/real_time              3.66 ms         3.67 ms          193 items_per_second=272.96/s
BM_main_graph$async_dispatch_205_embedded_elf_riscv_64_main_graph$async_dispatch_205_slow_memcpy/process_time/real_time              3.63 ms         3.64 ms          193 items_per_second=275.5/s
BM_main_graph$async_dispatch_205_embedded_elf_riscv_64_main_graph$async_dispatch_205_slow_memcpy/process_time/real_time              3.62 ms         3.63 ms          193 items_per_second=276.181/s
BM_main_graph$async_dispatch_205_embedded_elf_riscv_64_main_graph$async_dispatch_205_slow_memcpy/process_time/real_time              3.62 ms         3.63 ms          193 items_per_second=276.155/s
BM_main_graph$async_dispatch_205_embedded_elf_riscv_64_main_graph$async_dispatch_205_slow_memcpy/process_time/real_time_mean         3.63 ms         3.64 ms           10 items_per_second=275.23/s
BM_main_graph$async_dispatch_205_embedded_elf_riscv_64_main_graph$async_dispatch_205_slow_memcpy/process_time/real_time_median       3.63 ms         3.64 ms           10 items_per_second=275.402/s
BM_main_graph$async_dispatch_205_embedded_elf_riscv_64_main_graph$async_dispatch_205_slow_memcpy/process_time/real_time_stddev      0.013 ms        0.013 ms           10 items_per_second=0.944324/s
BM_main_graph$async_dispatch_205_embedded_elf_riscv_64_main_graph$async_dispatch_205_slow_memcpy/process_time/real_time_cv           0.34 %          0.35 %            10 items_per_second=0.34%
