2026-01-08T12:07:32.654296
Running tools/iree-benchmark-module --module=/home/dima/sched_vmfb/glpdepth/module_main_graph$async_dispatch_114_embedded_elf_riscv_64_benchmark.vmfb --device=local-task --function=main_graph$async_dispatch_114_embedded_elf_riscv_64_main_graph$async_dispatch_114_mmt4d_23x7x160x7x32x1_f32 --input=1xi32=1 --task_topology_cpu_ids=0 --benchmark_repetitions=10
2026-01-08T12:07:32+08:00
Running tools/iree-benchmark-module
Run on (8 X 1600 MHz CPU s)
CPU Caches:
  L1 Instruction 32 KiB (x8)
  L1 Data 32 KiB (x8)
  L2 Unified 512 KiB (x2)
Load Average: 2.99, 2.47, 2.21
-------------------------------------------------------------------------------------------------------------------------------------------------------------------------------------------------------
Benchmark                                                                                                                                             Time             CPU   Iterations UserCounters...
-------------------------------------------------------------------------------------------------------------------------------------------------------------------------------------------------------
BM_main_graph$async_dispatch_114_embedded_elf_riscv_64_main_graph$async_dispatch_114_mmt4d_23x7x160x7x32x1_f32/process_time/real_time              2.25 ms         2.26 ms          312 items_per_second=444.507/s
BM_main_graph$async_dispatch_114_embedded_elf_riscv_64_main_graph$async_dispatch_114_mmt4d_23x7x160x7x32x1_f32/process_time/real_time              2.25 ms         2.23 ms          312 items_per_second=444.119/s
BM_main_graph$async_dispatch_114_embedded_elf_riscv_64_main_graph$async_dispatch_114_mmt4d_23x7x160x7x32x1_f32/process_time/real_time              2.22 ms         2.22 ms          312 items_per_second=449.751/s
BM_main_graph$async_dispatch_114_embedded_elf_riscv_64_main_graph$async_dispatch_114_mmt4d_23x7x160x7x32x1_f32/process_time/real_time              2.24 ms         2.24 ms          312 items_per_second=447.068/s
BM_main_graph$async_dispatch_114_embedded_elf_riscv_64_main_graph$async_dispatch_114_mmt4d_23x7x160x7x32x1_f32/process_time/real_time              2.24 ms         2.25 ms          312 items_per_second=445.727/s
BM_main_graph$async_dispatch_114_embedded_elf_riscv_64_main_graph$async_dispatch_114_mmt4d_23x7x160x7x32x1_f32/process_time/real_time              2.24 ms         2.25 ms          312 items_per_second=445.812/s
BM_main_graph$async_dispatch_114_embedded_elf_riscv_64_main_graph$async_dispatch_114_mmt4d_23x7x160x7x32x1_f32/process_time/real_time              2.26 ms         2.26 ms          312 items_per_second=442.908/s
BM_main_graph$async_dispatch_114_embedded_elf_riscv_64_main_graph$async_dispatch_114_mmt4d_23x7x160x7x32x1_f32/process_time/real_time              2.26 ms         2.25 ms          312 items_per_second=442.704/s
BM_main_graph$async_dispatch_114_embedded_elf_riscv_64_main_graph$async_dispatch_114_mmt4d_23x7x160x7x32x1_f32/process_time/real_time              2.24 ms         2.25 ms          312 items_per_second=445.965/s
BM_main_graph$async_dispatch_114_embedded_elf_riscv_64_main_graph$async_dispatch_114_mmt4d_23x7x160x7x32x1_f32/process_time/real_time              2.25 ms         2.26 ms          312 items_per_second=444.356/s
BM_main_graph$async_dispatch_114_embedded_elf_riscv_64_main_graph$async_dispatch_114_mmt4d_23x7x160x7x32x1_f32/process_time/real_time_mean         2.25 ms         2.25 ms           10 items_per_second=445.292/s
BM_main_graph$async_dispatch_114_embedded_elf_riscv_64_main_graph$async_dispatch_114_mmt4d_23x7x160x7x32x1_f32/process_time/real_time_median       2.25 ms         2.25 ms           10 items_per_second=445.117/s
BM_main_graph$async_dispatch_114_embedded_elf_riscv_64_main_graph$async_dispatch_114_mmt4d_23x7x160x7x32x1_f32/process_time/real_time_stddev      0.010 ms        0.012 ms           10 items_per_second=2.08689/s
BM_main_graph$async_dispatch_114_embedded_elf_riscv_64_main_graph$async_dispatch_114_mmt4d_23x7x160x7x32x1_f32/process_time/real_time_cv           0.47 %          0.53 %            10 items_per_second=0.47%
