2026-01-08T12:14:59.953692
Running tools/iree-benchmark-module --module=/home/dima/sched_vmfb/glpdepth/module_main_graph$async_dispatch_211_embedded_elf_riscv_64_benchmark.vmfb --device=local-task --function=main_graph$async_dispatch_211_embedded_elf_riscv_64_main_graph$async_dispatch_211_elementwise_broadcast_64x224x224_f32 --input=1xi32=1 --task_topology_cpu_ids=0 --benchmark_repetitions=10
2026-01-08T12:14:59+08:00
Running tools/iree-benchmark-module
Run on (8 X 1600 MHz CPU s)
CPU Caches:
  L1 Instruction 32 KiB (x8)
  L1 Data 32 KiB (x8)
  L2 Unified 512 KiB (x2)
Load Average: 3.03, 2.93, 2.55
------------------------------------------------------------------------------------------------------------------------------------------------------------------------------------------------------------------
Benchmark                                                                                                                                                        Time             CPU   Iterations UserCounters...
------------------------------------------------------------------------------------------------------------------------------------------------------------------------------------------------------------------
BM_main_graph$async_dispatch_211_embedded_elf_riscv_64_main_graph$async_dispatch_211_elementwise_broadcast_64x224x224_f32/process_time/real_time              80.8 ms         80.9 ms            7 items_per_second=12.369/s
BM_main_graph$async_dispatch_211_embedded_elf_riscv_64_main_graph$async_dispatch_211_elementwise_broadcast_64x224x224_f32/process_time/real_time              81.2 ms         81.2 ms            7 items_per_second=12.3176/s
BM_main_graph$async_dispatch_211_embedded_elf_riscv_64_main_graph$async_dispatch_211_elementwise_broadcast_64x224x224_f32/process_time/real_time              80.8 ms         80.8 ms            7 items_per_second=12.3705/s
BM_main_graph$async_dispatch_211_embedded_elf_riscv_64_main_graph$async_dispatch_211_elementwise_broadcast_64x224x224_f32/process_time/real_time              80.8 ms         80.8 ms            7 items_per_second=12.3777/s
BM_main_graph$async_dispatch_211_embedded_elf_riscv_64_main_graph$async_dispatch_211_elementwise_broadcast_64x224x224_f32/process_time/real_time              81.0 ms         80.9 ms            7 items_per_second=12.3477/s
BM_main_graph$async_dispatch_211_embedded_elf_riscv_64_main_graph$async_dispatch_211_elementwise_broadcast_64x224x224_f32/process_time/real_time              81.1 ms         81.1 ms            7 items_per_second=12.3273/s
BM_main_graph$async_dispatch_211_embedded_elf_riscv_64_main_graph$async_dispatch_211_elementwise_broadcast_64x224x224_f32/process_time/real_time              80.8 ms         80.9 ms            7 items_per_second=12.3706/s
BM_main_graph$async_dispatch_211_embedded_elf_riscv_64_main_graph$async_dispatch_211_elementwise_broadcast_64x224x224_f32/process_time/real_time              80.8 ms         80.8 ms            7 items_per_second=12.3778/s
BM_main_graph$async_dispatch_211_embedded_elf_riscv_64_main_graph$async_dispatch_211_elementwise_broadcast_64x224x224_f32/process_time/real_time              80.9 ms         80.9 ms            7 items_per_second=12.366/s
BM_main_graph$async_dispatch_211_embedded_elf_riscv_64_main_graph$async_dispatch_211_elementwise_broadcast_64x224x224_f32/process_time/real_time              81.1 ms         81.1 ms            7 items_per_second=12.3231/s
BM_main_graph$async_dispatch_211_embedded_elf_riscv_64_main_graph$async_dispatch_211_elementwise_broadcast_64x224x224_f32/process_time/real_time_mean         80.9 ms         80.9 ms           10 items_per_second=12.3547/s
BM_main_graph$async_dispatch_211_embedded_elf_riscv_64_main_graph$async_dispatch_211_elementwise_broadcast_64x224x224_f32/process_time/real_time_median       80.9 ms         80.9 ms           10 items_per_second=12.3675/s
BM_main_graph$async_dispatch_211_embedded_elf_riscv_64_main_graph$async_dispatch_211_elementwise_broadcast_64x224x224_f32/process_time/real_time_stddev      0.156 ms        0.150 ms           10 items_per_second=0.0237453/s
BM_main_graph$async_dispatch_211_embedded_elf_riscv_64_main_graph$async_dispatch_211_elementwise_broadcast_64x224x224_f32/process_time/real_time_cv           0.19 %          0.19 %            10 items_per_second=0.19%
