2026-01-08T12:10:05.673412
Running tools/iree-benchmark-module --module=/home/dima/sched_vmfb/glpdepth/module_main_graph$async_dispatch_154_embedded_elf_riscv_64_benchmark.vmfb --device=local-task --function=main_graph$async_dispatch_154_embedded_elf_riscv_64_main_graph$async_dispatch_154_pack_f32 --input=1xi32=1 --task_topology_cpu_ids=0 --benchmark_repetitions=10
2026-01-08T12:10:05+08:00
Running tools/iree-benchmark-module
Run on (8 X 1600 MHz CPU s)
CPU Caches:
  L1 Instruction 32 KiB (x8)
  L1 Data 32 KiB (x8)
  L2 Unified 512 KiB (x2)
Load Average: 3.05, 2.72, 2.35
--------------------------------------------------------------------------------------------------------------------------------------------------------------------------------------
Benchmark                                                                                                                            Time             CPU   Iterations UserCounters...
--------------------------------------------------------------------------------------------------------------------------------------------------------------------------------------
BM_main_graph$async_dispatch_154_embedded_elf_riscv_64_main_graph$async_dispatch_154_pack_f32/process_time/real_time             0.358 ms        0.364 ms         1958 items_per_second=2.79078k/s
BM_main_graph$async_dispatch_154_embedded_elf_riscv_64_main_graph$async_dispatch_154_pack_f32/process_time/real_time             0.357 ms        0.362 ms         1958 items_per_second=2.80455k/s
BM_main_graph$async_dispatch_154_embedded_elf_riscv_64_main_graph$async_dispatch_154_pack_f32/process_time/real_time             0.358 ms        0.364 ms         1958 items_per_second=2.79696k/s
BM_main_graph$async_dispatch_154_embedded_elf_riscv_64_main_graph$async_dispatch_154_pack_f32/process_time/real_time             0.358 ms        0.364 ms         1958 items_per_second=2.79559k/s
BM_main_graph$async_dispatch_154_embedded_elf_riscv_64_main_graph$async_dispatch_154_pack_f32/process_time/real_time             0.356 ms        0.362 ms         1958 items_per_second=2.80625k/s
BM_main_graph$async_dispatch_154_embedded_elf_riscv_64_main_graph$async_dispatch_154_pack_f32/process_time/real_time             0.357 ms        0.363 ms         1958 items_per_second=2.80306k/s
BM_main_graph$async_dispatch_154_embedded_elf_riscv_64_main_graph$async_dispatch_154_pack_f32/process_time/real_time             0.361 ms        0.367 ms         1958 items_per_second=2.77083k/s
BM_main_graph$async_dispatch_154_embedded_elf_riscv_64_main_graph$async_dispatch_154_pack_f32/process_time/real_time             0.357 ms        0.363 ms         1958 items_per_second=2.80266k/s
BM_main_graph$async_dispatch_154_embedded_elf_riscv_64_main_graph$async_dispatch_154_pack_f32/process_time/real_time             0.357 ms        0.363 ms         1958 items_per_second=2.80027k/s
BM_main_graph$async_dispatch_154_embedded_elf_riscv_64_main_graph$async_dispatch_154_pack_f32/process_time/real_time             0.359 ms        0.365 ms         1958 items_per_second=2.78822k/s
BM_main_graph$async_dispatch_154_embedded_elf_riscv_64_main_graph$async_dispatch_154_pack_f32/process_time/real_time_mean        0.358 ms        0.364 ms           10 items_per_second=2.79592k/s
BM_main_graph$async_dispatch_154_embedded_elf_riscv_64_main_graph$async_dispatch_154_pack_f32/process_time/real_time_median      0.357 ms        0.363 ms           10 items_per_second=2.79861k/s
BM_main_graph$async_dispatch_154_embedded_elf_riscv_64_main_graph$async_dispatch_154_pack_f32/process_time/real_time_stddev      0.001 ms        0.001 ms           10 items_per_second=10.6097/s
BM_main_graph$async_dispatch_154_embedded_elf_riscv_64_main_graph$async_dispatch_154_pack_f32/process_time/real_time_cv           0.38 %          0.37 %            10 items_per_second=0.38%
