2026-01-08T02:22:26.970784
Running tools/iree-benchmark-module --module=/home/dima/sched_vmfb/dronet/module_main_graph$async_dispatch_7_system_elf_riscv_64_benchmark.vmfb --device=local-task --function=main_graph$async_dispatch_7_system_elf_riscv_64_main_graph$async_dispatch_7_matmul_like_64x14x14x32_f32 --input=1xi32=1 --task_topology_cpu_ids=0,1,2,3 --benchmark_repetitions=10
2026-01-08T02:22:26+08:00
Running tools/iree-benchmark-module
Run on (8 X 1600 MHz CPU s)
CPU Caches:
  L1 Instruction 32 KiB (x8)
  L1 Data 32 KiB (x8)
  L2 Unified 512 KiB (x2)
Load Average: 4.86, 3.36, 2.56
---------------------------------------------------------------------------------------------------------------------------------------------------------------------------------------------------
Benchmark                                                                                                                                         Time             CPU   Iterations UserCounters...
---------------------------------------------------------------------------------------------------------------------------------------------------------------------------------------------------
BM_main_graph$async_dispatch_7_system_elf_riscv_64_main_graph$async_dispatch_7_matmul_like_64x14x14x32_f32/process_time/real_time              1.20 ms         4.42 ms          580 items_per_second=832.749/s
BM_main_graph$async_dispatch_7_system_elf_riscv_64_main_graph$async_dispatch_7_matmul_like_64x14x14x32_f32/process_time/real_time              1.20 ms         4.41 ms          580 items_per_second=834.576/s
BM_main_graph$async_dispatch_7_system_elf_riscv_64_main_graph$async_dispatch_7_matmul_like_64x14x14x32_f32/process_time/real_time              1.20 ms         4.41 ms          580 items_per_second=834.084/s
BM_main_graph$async_dispatch_7_system_elf_riscv_64_main_graph$async_dispatch_7_matmul_like_64x14x14x32_f32/process_time/real_time              1.20 ms         4.42 ms          580 items_per_second=833.254/s
BM_main_graph$async_dispatch_7_system_elf_riscv_64_main_graph$async_dispatch_7_matmul_like_64x14x14x32_f32/process_time/real_time              1.19 ms         4.41 ms          580 items_per_second=837.395/s
BM_main_graph$async_dispatch_7_system_elf_riscv_64_main_graph$async_dispatch_7_matmul_like_64x14x14x32_f32/process_time/real_time              1.20 ms         4.41 ms          580 items_per_second=834.868/s
BM_main_graph$async_dispatch_7_system_elf_riscv_64_main_graph$async_dispatch_7_matmul_like_64x14x14x32_f32/process_time/real_time              1.20 ms         4.42 ms          580 items_per_second=829.995/s
BM_main_graph$async_dispatch_7_system_elf_riscv_64_main_graph$async_dispatch_7_matmul_like_64x14x14x32_f32/process_time/real_time              1.20 ms         4.42 ms          580 items_per_second=830.12/s
BM_main_graph$async_dispatch_7_system_elf_riscv_64_main_graph$async_dispatch_7_matmul_like_64x14x14x32_f32/process_time/real_time              1.20 ms         4.42 ms          580 items_per_second=833.493/s
BM_main_graph$async_dispatch_7_system_elf_riscv_64_main_graph$async_dispatch_7_matmul_like_64x14x14x32_f32/process_time/real_time              1.20 ms         4.42 ms          580 items_per_second=833.346/s
BM_main_graph$async_dispatch_7_system_elf_riscv_64_main_graph$async_dispatch_7_matmul_like_64x14x14x32_f32/process_time/real_time_mean         1.20 ms         4.42 ms           10 items_per_second=833.388/s
BM_main_graph$async_dispatch_7_system_elf_riscv_64_main_graph$async_dispatch_7_matmul_like_64x14x14x32_f32/process_time/real_time_median       1.20 ms         4.42 ms           10 items_per_second=833.42/s
BM_main_graph$async_dispatch_7_system_elf_riscv_64_main_graph$async_dispatch_7_matmul_like_64x14x14x32_f32/process_time/real_time_stddev      0.003 ms        0.003 ms           10 items_per_second=2.18001/s
BM_main_graph$async_dispatch_7_system_elf_riscv_64_main_graph$async_dispatch_7_matmul_like_64x14x14x32_f32/process_time/real_time_cv           0.26 %          0.07 %            10 items_per_second=0.26%
