2026-01-08T02:21:29.274077
Running tools/iree-benchmark-module --module=/home/dima/sched_vmfb/dronet/module_main_graph$async_dispatch_13_system_elf_riscv_64_benchmark.vmfb --device=local-task --function=main_graph$async_dispatch_13_system_elf_riscv_64_main_graph$async_dispatch_13_slow_memcpy --input=1xi32=1 --task_topology_cpu_ids=0,1,2,3 --benchmark_repetitions=10
2026-01-08T02:21:29+08:00
Running tools/iree-benchmark-module
Run on (8 X 1600 MHz CPU s)
CPU Caches:
  L1 Instruction 32 KiB (x8)
  L1 Data 32 KiB (x8)
  L2 Unified 512 KiB (x2)
Load Average: 3.91, 2.96, 2.39
-------------------------------------------------------------------------------------------------------------------------------------------------------------------------------------
Benchmark                                                                                                                           Time             CPU   Iterations UserCounters...
-------------------------------------------------------------------------------------------------------------------------------------------------------------------------------------
BM_main_graph$async_dispatch_13_system_elf_riscv_64_main_graph$async_dispatch_13_slow_memcpy/process_time/real_time             0.062 ms        0.068 ms        10911 items_per_second=16.0613k/s
BM_main_graph$async_dispatch_13_system_elf_riscv_64_main_graph$async_dispatch_13_slow_memcpy/process_time/real_time             0.062 ms        0.068 ms        10911 items_per_second=16.0358k/s
BM_main_graph$async_dispatch_13_system_elf_riscv_64_main_graph$async_dispatch_13_slow_memcpy/process_time/real_time             0.062 ms        0.068 ms        10911 items_per_second=16.0186k/s
BM_main_graph$async_dispatch_13_system_elf_riscv_64_main_graph$async_dispatch_13_slow_memcpy/process_time/real_time             0.062 ms        0.068 ms        10911 items_per_second=16.0365k/s
BM_main_graph$async_dispatch_13_system_elf_riscv_64_main_graph$async_dispatch_13_slow_memcpy/process_time/real_time             0.062 ms        0.068 ms        10911 items_per_second=16.0471k/s
BM_main_graph$async_dispatch_13_system_elf_riscv_64_main_graph$async_dispatch_13_slow_memcpy/process_time/real_time             0.062 ms        0.068 ms        10911 items_per_second=16.175k/s
BM_main_graph$async_dispatch_13_system_elf_riscv_64_main_graph$async_dispatch_13_slow_memcpy/process_time/real_time             0.062 ms        0.067 ms        10911 items_per_second=16.1971k/s
BM_main_graph$async_dispatch_13_system_elf_riscv_64_main_graph$async_dispatch_13_slow_memcpy/process_time/real_time             0.062 ms        0.068 ms        10911 items_per_second=16.1703k/s
BM_main_graph$async_dispatch_13_system_elf_riscv_64_main_graph$async_dispatch_13_slow_memcpy/process_time/real_time             0.062 ms        0.067 ms        10911 items_per_second=16.1891k/s
BM_main_graph$async_dispatch_13_system_elf_riscv_64_main_graph$async_dispatch_13_slow_memcpy/process_time/real_time             0.062 ms        0.067 ms        10911 items_per_second=16.2031k/s
BM_main_graph$async_dispatch_13_system_elf_riscv_64_main_graph$async_dispatch_13_slow_memcpy/process_time/real_time_mean        0.062 ms        0.068 ms           10 items_per_second=16.1134k/s
BM_main_graph$async_dispatch_13_system_elf_riscv_64_main_graph$async_dispatch_13_slow_memcpy/process_time/real_time_median      0.062 ms        0.068 ms           10 items_per_second=16.1158k/s
BM_main_graph$async_dispatch_13_system_elf_riscv_64_main_graph$async_dispatch_13_slow_memcpy/process_time/real_time_stddev      0.000 ms        0.000 ms           10 items_per_second=78.7682/s
BM_main_graph$async_dispatch_13_system_elf_riscv_64_main_graph$async_dispatch_13_slow_memcpy/process_time/real_time_cv           0.49 %          0.39 %            10 items_per_second=0.49%
