2026-01-08T02:21:43.837414
Running tools/iree-benchmark-module --module=/home/dima/sched_vmfb/dronet/module_main_graph$async_dispatch_1_system_elf_riscv_64_benchmark.vmfb --device=local-task --function=main_graph$async_dispatch_1_system_elf_riscv_64_main_graph$async_dispatch_1_conv_32x112x112x5x5_f32 --input=1xi32=1 --task_topology_cpu_ids=0,1,2,3 --benchmark_repetitions=10
2026-01-08T02:21:43+08:00
Running tools/iree-benchmark-module
Run on (8 X 1600 MHz CPU s)
CPU Caches:
  L1 Instruction 32 KiB (x8)
  L1 Data 32 KiB (x8)
  L2 Unified 512 KiB (x2)
Load Average: 3.78, 2.97, 2.40
-----------------------------------------------------------------------------------------------------------------------------------------------------------------------------------------------
Benchmark                                                                                                                                     Time             CPU   Iterations UserCounters...
-----------------------------------------------------------------------------------------------------------------------------------------------------------------------------------------------
BM_main_graph$async_dispatch_1_system_elf_riscv_64_main_graph$async_dispatch_1_conv_32x112x112x5x5_f32/process_time/real_time              11.6 ms         45.0 ms           60 items_per_second=86.0698/s
BM_main_graph$async_dispatch_1_system_elf_riscv_64_main_graph$async_dispatch_1_conv_32x112x112x5x5_f32/process_time/real_time              11.6 ms         45.0 ms           60 items_per_second=85.9723/s
BM_main_graph$async_dispatch_1_system_elf_riscv_64_main_graph$async_dispatch_1_conv_32x112x112x5x5_f32/process_time/real_time              11.7 ms         45.1 ms           60 items_per_second=85.7683/s
BM_main_graph$async_dispatch_1_system_elf_riscv_64_main_graph$async_dispatch_1_conv_32x112x112x5x5_f32/process_time/real_time              11.6 ms         45.0 ms           60 items_per_second=86.0775/s
BM_main_graph$async_dispatch_1_system_elf_riscv_64_main_graph$async_dispatch_1_conv_32x112x112x5x5_f32/process_time/real_time              11.7 ms         45.1 ms           60 items_per_second=85.7352/s
BM_main_graph$async_dispatch_1_system_elf_riscv_64_main_graph$async_dispatch_1_conv_32x112x112x5x5_f32/process_time/real_time              11.7 ms         45.0 ms           60 items_per_second=85.7855/s
BM_main_graph$async_dispatch_1_system_elf_riscv_64_main_graph$async_dispatch_1_conv_32x112x112x5x5_f32/process_time/real_time              11.6 ms         45.0 ms           60 items_per_second=86.2161/s
BM_main_graph$async_dispatch_1_system_elf_riscv_64_main_graph$async_dispatch_1_conv_32x112x112x5x5_f32/process_time/real_time              11.7 ms         45.1 ms           60 items_per_second=85.4486/s
BM_main_graph$async_dispatch_1_system_elf_riscv_64_main_graph$async_dispatch_1_conv_32x112x112x5x5_f32/process_time/real_time              11.6 ms         45.0 ms           60 items_per_second=86.2812/s
BM_main_graph$async_dispatch_1_system_elf_riscv_64_main_graph$async_dispatch_1_conv_32x112x112x5x5_f32/process_time/real_time              11.6 ms         45.0 ms           60 items_per_second=86.422/s
BM_main_graph$async_dispatch_1_system_elf_riscv_64_main_graph$async_dispatch_1_conv_32x112x112x5x5_f32/process_time/real_time_mean         11.6 ms         45.0 ms           10 items_per_second=85.9777/s
BM_main_graph$async_dispatch_1_system_elf_riscv_64_main_graph$async_dispatch_1_conv_32x112x112x5x5_f32/process_time/real_time_median       11.6 ms         45.0 ms           10 items_per_second=86.0211/s
BM_main_graph$async_dispatch_1_system_elf_riscv_64_main_graph$async_dispatch_1_conv_32x112x112x5x5_f32/process_time/real_time_stddev      0.040 ms        0.034 ms           10 items_per_second=0.295215/s
BM_main_graph$async_dispatch_1_system_elf_riscv_64_main_graph$async_dispatch_1_conv_32x112x112x5x5_f32/process_time/real_time_cv           0.34 %          0.07 %            10 items_per_second=0.34%
