2026-01-08T02:21:50.972569
Running tools/iree-benchmark-module --module=/home/dima/sched_vmfb/dronet/module_main_graph$async_dispatch_2_system_elf_riscv_64_benchmark.vmfb --device=local-task --function=main_graph$async_dispatch_2_system_elf_riscv_64_main_graph$async_dispatch_2_conv_32x55x55x3x3_f32 --input=1xi32=1 --task_topology_cpu_ids=0,1,2,3 --benchmark_repetitions=10
2026-01-08T02:21:50+08:00
Running tools/iree-benchmark-module
Run on (8 X 1600 MHz CPU s)
CPU Caches:
  L1 Instruction 32 KiB (x8)
  L1 Data 32 KiB (x8)
  L2 Unified 512 KiB (x2)
Load Average: 3.96, 3.02, 2.42
---------------------------------------------------------------------------------------------------------------------------------------------------------------------------------------------
Benchmark                                                                                                                                   Time             CPU   Iterations UserCounters...
---------------------------------------------------------------------------------------------------------------------------------------------------------------------------------------------
BM_main_graph$async_dispatch_2_system_elf_riscv_64_main_graph$async_dispatch_2_conv_32x55x55x3x3_f32/process_time/real_time              3.44 ms         12.1 ms          204 items_per_second=290.756/s
BM_main_graph$async_dispatch_2_system_elf_riscv_64_main_graph$async_dispatch_2_conv_32x55x55x3x3_f32/process_time/real_time              3.43 ms         12.1 ms          204 items_per_second=291.34/s
BM_main_graph$async_dispatch_2_system_elf_riscv_64_main_graph$async_dispatch_2_conv_32x55x55x3x3_f32/process_time/real_time              3.43 ms         12.1 ms          204 items_per_second=291.314/s
BM_main_graph$async_dispatch_2_system_elf_riscv_64_main_graph$async_dispatch_2_conv_32x55x55x3x3_f32/process_time/real_time              3.44 ms         12.1 ms          204 items_per_second=290.834/s
BM_main_graph$async_dispatch_2_system_elf_riscv_64_main_graph$async_dispatch_2_conv_32x55x55x3x3_f32/process_time/real_time              3.43 ms         12.1 ms          204 items_per_second=291.542/s
BM_main_graph$async_dispatch_2_system_elf_riscv_64_main_graph$async_dispatch_2_conv_32x55x55x3x3_f32/process_time/real_time              3.44 ms         12.1 ms          204 items_per_second=290.45/s
BM_main_graph$async_dispatch_2_system_elf_riscv_64_main_graph$async_dispatch_2_conv_32x55x55x3x3_f32/process_time/real_time              3.44 ms         12.1 ms          204 items_per_second=290.813/s
BM_main_graph$async_dispatch_2_system_elf_riscv_64_main_graph$async_dispatch_2_conv_32x55x55x3x3_f32/process_time/real_time              3.43 ms         12.1 ms          204 items_per_second=291.565/s
BM_main_graph$async_dispatch_2_system_elf_riscv_64_main_graph$async_dispatch_2_conv_32x55x55x3x3_f32/process_time/real_time              3.45 ms         12.1 ms          204 items_per_second=290.273/s
BM_main_graph$async_dispatch_2_system_elf_riscv_64_main_graph$async_dispatch_2_conv_32x55x55x3x3_f32/process_time/real_time              3.44 ms         12.1 ms          204 items_per_second=290.476/s
BM_main_graph$async_dispatch_2_system_elf_riscv_64_main_graph$async_dispatch_2_conv_32x55x55x3x3_f32/process_time/real_time_mean         3.44 ms         12.1 ms           10 items_per_second=290.936/s
BM_main_graph$async_dispatch_2_system_elf_riscv_64_main_graph$async_dispatch_2_conv_32x55x55x3x3_f32/process_time/real_time_median       3.44 ms         12.1 ms           10 items_per_second=290.823/s
BM_main_graph$async_dispatch_2_system_elf_riscv_64_main_graph$async_dispatch_2_conv_32x55x55x3x3_f32/process_time/real_time_stddev      0.006 ms        0.015 ms           10 items_per_second=0.473103/s
BM_main_graph$async_dispatch_2_system_elf_riscv_64_main_graph$async_dispatch_2_conv_32x55x55x3x3_f32/process_time/real_time_cv           0.16 %          0.13 %            10 items_per_second=0.16%
