+ /usr/bin/python3 flow_c.py runtime --workload /scratch2/dima/misc_sw/XPU-RT/qnn_models/flow_c/sweeps/qrb5165_20260829-200620/workloads/fused_vint_seed0.flowc.json --tag xfer_fused_vint_seed0 --lane-mode kind-network --schedule /scratch2/dima/misc_sw/XPU-RT/qnn_models/flow_c/sweeps/qrb5165_20260829-200620/schedules/scheduled_fused_vint_seed0_profiled.json --out-dir /scratch2/dima/misc_sw/XPU-RT/qnn_models/flow_c/transfer_study/runtimes/fused_vint_seed0
(cwd=/scratch2/dima/misc_sw/XPU-RT/qnn_models/flow_c)


=== runtime =====================================================
40 entries  predicted makespan 94.343 ms
  per network: {'fused_split': 18, 'vint': 2, 'mlp_control': 12, 'yolov8n_b': 2, 'yolov8n_c': 2, 'yolov8n_a': 2, 'yolov8n_d': 2}
  per lane:    {'hta(HTA)': 10, 'cpu(CPU)': 15, 'dsp(DSP)': 15}
  contexts:    13
    CPU  ctx_fused_depth_conv__Cpu.bin  ::fused_depth_conv
    DSP  ctx_fused_depth_conv__Dsp.bin  ::fused_depth_conv
    HTA  ctx_fused_depth_conv__Hta.bin  ::fused_depth_conv
    DSP  ctx_fused_tail_from_conv__Dsp.bin  ::fused_tail_from_conv
    CPU  ctx_fused_tail_from_conv_fp32__Cpu.bin  ::fused_tail_from_conv
    DSP  ctx_fused_vision_conv__Dsp.bin  ::fused_vision_conv
    HTA  ctx_fused_vision_conv__Hta.bin  ::fused_vision_conv
    DSP  ctx_mlp_control__Dsp.bin  ::mlp_control
    CPU  ctx_mlp_control_fp32__Cpu.bin  ::mlp_control_fp32
    CPU  ctx_vint_decoder_fp32__Cpu.bin  ::vint_decoder
    DSP  ctx_vint_encoders__Dsp.bin  ::vint_encoders
    HTA  ctx_yolov8n_backbone__Hta.bin  ::yolov8n_HTA_split_seg100
    DSP  ctx_yolov8n_head__Dsp.bin  ::yolov8n_HTA_split_seg101

emitted /scratch2/dima/misc_sw/XPU-RT/qnn_models/flow_c/transfer_study/runtimes/fused_vint_seed0/dispatch_table.h + runtime_main.cpp
  lane mode kind-network: hta|fused_split, cpu|fused_split, dsp|vint, cpu|mlp_control, hta|yolov8n_b, dsp|yolov8n_b, hta|yolov8n_c, dsp|mlp_control, hta|yolov8n_a, dsp|yolov8n_c, cpu|vint, hta|yolov8n_d, dsp|fused_split, dsp|yolov8n_d, dsp|yolov8n_a

--- stderr ---
