+ /usr/bin/python3 flow_c.py run --workload /scratch2/dima/misc_sw/XPU-RT/qnn_models/flow_c/sweeps/qrb5165_20260829-200620/addendum_periodic_only/workloads/fused_seed7.flowc.json --tag xfer_fused_seed7 --tuned --out-dir /scratch2/dima/misc_sw/XPU-RT/qnn_models/flow_c/transfer_study/runtimes/fused_seed7 --log-dir /scratch2/dima/misc_sw/XPU-RT/qnn_models/flow_c/transfer_study/runs/fused_seed7/rep3 --board root@10.44.120.201 --board-dir /root/flowc_xfer
(cwd=/scratch2/dima/misc_sw/XPU-RT/qnn_models/flow_c)

==> board     : root@10.44.120.201
==> gen dir   : qnn_models/flow_c/transfer_study/runtimes/fused_seed7
==> board dir : /root/flowc_xfer_xfer_fused_seed7
==> ctx dir   : /root/qnn_runtime_ctx
==> log dir   : /scratch2/dima/misc_sw/XPU-RT/qnn_models/flow_c/transfer_study/runs/fused_seed7/rep3
==> runtime env: FLOWC_ITERATIONS=2 

==> built 83648 B
==> running...
==> exit code: 0
==> log: /scratch2/dima/misc_sw/XPU-RT/qnn_models/flow_c/transfer_study/runs/fused_seed7/rep3/run.log (50 lines)

--- summary ---
[main] iteration 1/2 wall=18.861 ms
[main] iteration 2/2 wall=19.245 ms
[summary] 12/12 entries executed, wall=19.245 ms (predicted makespan 16.813 ms, ratio 1.14x), tensor handoffs=0


=== run =========================================================
  [tuned] governor -> performance, FLOWC_ITERATIONS=2
+ bash qnn_models/runtime/deploy_and_run.sh qnn_models/flow_c/transfer_study/runtimes/fused_seed7 root@10.44.120.201 /root/flowc_xfer_xfer_fused_seed7
  [tuned] governor restored to schedutil

--- stderr ---
runtime_main.cpp:341:13: warning: 'void pin_to(int)' defined but not used [-Wunused-function]
  341 | static void pin_to(int core) {
      |             ^~~~~~
