2026-01-08T03:06:45.490624
Running tools/iree-benchmark-module --module=/home/dima/sched_vmfb/fastdepth/module_main_graph$async_dispatch_12_system_elf_riscv_64_benchmark.vmfb --device=local-task --function=main_graph$async_dispatch_12_system_elf_riscv_64_main_graph$async_dispatch_12_conv_28x28x256x3x3_f32 --input=1xi32=1 --task_topology_cpu_ids=0,1,2,3 --benchmark_repetitions=10
2026-01-08T03:06:45+08:00
Running tools/iree-benchmark-module
Run on (8 X 1600 MHz CPU s)
CPU Caches:
  L1 Instruction 32 KiB (x8)
  L1 Data 32 KiB (x8)
  L2 Unified 512 KiB (x2)
Load Average: 4.69, 3.99, 3.53
------------------------------------------------------------------------------------------------------------------------------------------------------------------------------------------------
Benchmark                                                                                                                                      Time             CPU   Iterations UserCounters...
------------------------------------------------------------------------------------------------------------------------------------------------------------------------------------------------
BM_main_graph$async_dispatch_12_system_elf_riscv_64_main_graph$async_dispatch_12_conv_28x28x256x3x3_f32/process_time/real_time              4.14 ms         16.0 ms          166 items_per_second=241.432/s
BM_main_graph$async_dispatch_12_system_elf_riscv_64_main_graph$async_dispatch_12_conv_28x28x256x3x3_f32/process_time/real_time              4.15 ms         15.9 ms          166 items_per_second=241.126/s
BM_main_graph$async_dispatch_12_system_elf_riscv_64_main_graph$async_dispatch_12_conv_28x28x256x3x3_f32/process_time/real_time              4.22 ms         16.0 ms          166 items_per_second=236.878/s
BM_main_graph$async_dispatch_12_system_elf_riscv_64_main_graph$async_dispatch_12_conv_28x28x256x3x3_f32/process_time/real_time              4.15 ms         16.0 ms          166 items_per_second=240.948/s
BM_main_graph$async_dispatch_12_system_elf_riscv_64_main_graph$async_dispatch_12_conv_28x28x256x3x3_f32/process_time/real_time              4.14 ms         16.0 ms          166 items_per_second=241.512/s
BM_main_graph$async_dispatch_12_system_elf_riscv_64_main_graph$async_dispatch_12_conv_28x28x256x3x3_f32/process_time/real_time              4.19 ms         16.0 ms          166 items_per_second=238.577/s
BM_main_graph$async_dispatch_12_system_elf_riscv_64_main_graph$async_dispatch_12_conv_28x28x256x3x3_f32/process_time/real_time              4.15 ms         16.0 ms          166 items_per_second=241.186/s
BM_main_graph$async_dispatch_12_system_elf_riscv_64_main_graph$async_dispatch_12_conv_28x28x256x3x3_f32/process_time/real_time              4.16 ms         16.0 ms          166 items_per_second=240.641/s
BM_main_graph$async_dispatch_12_system_elf_riscv_64_main_graph$async_dispatch_12_conv_28x28x256x3x3_f32/process_time/real_time              4.19 ms         16.0 ms          166 items_per_second=238.402/s
BM_main_graph$async_dispatch_12_system_elf_riscv_64_main_graph$async_dispatch_12_conv_28x28x256x3x3_f32/process_time/real_time              4.15 ms         16.0 ms          166 items_per_second=241.171/s
BM_main_graph$async_dispatch_12_system_elf_riscv_64_main_graph$async_dispatch_12_conv_28x28x256x3x3_f32/process_time/real_time_mean         4.16 ms         16.0 ms           10 items_per_second=240.187/s
BM_main_graph$async_dispatch_12_system_elf_riscv_64_main_graph$async_dispatch_12_conv_28x28x256x3x3_f32/process_time/real_time_median       4.15 ms         16.0 ms           10 items_per_second=241.037/s
BM_main_graph$async_dispatch_12_system_elf_riscv_64_main_graph$async_dispatch_12_conv_28x28x256x3x3_f32/process_time/real_time_stddev      0.028 ms        0.015 ms           10 items_per_second=1.6216/s
BM_main_graph$async_dispatch_12_system_elf_riscv_64_main_graph$async_dispatch_12_conv_28x28x256x3x3_f32/process_time/real_time_cv           0.68 %          0.09 %            10 items_per_second=0.68%
