2026-01-08T03:09:03.386219
Running tools/iree-benchmark-module --module=/home/dima/sched_vmfb/fastdepth/module_main_graph$async_dispatch_37_system_elf_riscv_64_benchmark.vmfb --device=local-task --function=main_graph$async_dispatch_37_system_elf_riscv_64_main_graph$async_dispatch_37_conv_28x28x256x5x5_f32 --input=1xi32=1 --task_topology_cpu_ids=0,1,2,3 --benchmark_repetitions=10
2026-01-08T03:09:03+08:00
Running tools/iree-benchmark-module
Run on (8 X 1600 MHz CPU s)
CPU Caches:
  L1 Instruction 32 KiB (x8)
  L1 Data 32 KiB (x8)
  L2 Unified 512 KiB (x2)
Load Average: 5.79, 4.70, 3.86
------------------------------------------------------------------------------------------------------------------------------------------------------------------------------------------------
Benchmark                                                                                                                                      Time             CPU   Iterations UserCounters...
------------------------------------------------------------------------------------------------------------------------------------------------------------------------------------------------
BM_main_graph$async_dispatch_37_system_elf_riscv_64_main_graph$async_dispatch_37_conv_28x28x256x5x5_f32/process_time/real_time              8.50 ms         33.2 ms           82 items_per_second=117.611/s
BM_main_graph$async_dispatch_37_system_elf_riscv_64_main_graph$async_dispatch_37_conv_28x28x256x5x5_f32/process_time/real_time              8.51 ms         33.2 ms           82 items_per_second=117.484/s
BM_main_graph$async_dispatch_37_system_elf_riscv_64_main_graph$async_dispatch_37_conv_28x28x256x5x5_f32/process_time/real_time              8.52 ms         33.2 ms           82 items_per_second=117.345/s
BM_main_graph$async_dispatch_37_system_elf_riscv_64_main_graph$async_dispatch_37_conv_28x28x256x5x5_f32/process_time/real_time              8.49 ms         33.2 ms           82 items_per_second=117.779/s
BM_main_graph$async_dispatch_37_system_elf_riscv_64_main_graph$async_dispatch_37_conv_28x28x256x5x5_f32/process_time/real_time              8.48 ms         33.2 ms           82 items_per_second=117.862/s
BM_main_graph$async_dispatch_37_system_elf_riscv_64_main_graph$async_dispatch_37_conv_28x28x256x5x5_f32/process_time/real_time              8.51 ms         33.2 ms           82 items_per_second=117.445/s
BM_main_graph$async_dispatch_37_system_elf_riscv_64_main_graph$async_dispatch_37_conv_28x28x256x5x5_f32/process_time/real_time              8.50 ms         33.2 ms           82 items_per_second=117.705/s
BM_main_graph$async_dispatch_37_system_elf_riscv_64_main_graph$async_dispatch_37_conv_28x28x256x5x5_f32/process_time/real_time              8.52 ms         33.2 ms           82 items_per_second=117.358/s
BM_main_graph$async_dispatch_37_system_elf_riscv_64_main_graph$async_dispatch_37_conv_28x28x256x5x5_f32/process_time/real_time              8.47 ms         33.2 ms           82 items_per_second=118.058/s
BM_main_graph$async_dispatch_37_system_elf_riscv_64_main_graph$async_dispatch_37_conv_28x28x256x5x5_f32/process_time/real_time              8.49 ms         33.2 ms           82 items_per_second=117.752/s
BM_main_graph$async_dispatch_37_system_elf_riscv_64_main_graph$async_dispatch_37_conv_28x28x256x5x5_f32/process_time/real_time_mean         8.50 ms         33.2 ms           10 items_per_second=117.64/s
BM_main_graph$async_dispatch_37_system_elf_riscv_64_main_graph$async_dispatch_37_conv_28x28x256x5x5_f32/process_time/real_time_median       8.50 ms         33.2 ms           10 items_per_second=117.658/s
BM_main_graph$async_dispatch_37_system_elf_riscv_64_main_graph$async_dispatch_37_conv_28x28x256x5x5_f32/process_time/real_time_stddev      0.017 ms        0.022 ms           10 items_per_second=0.233295/s
BM_main_graph$async_dispatch_37_system_elf_riscv_64_main_graph$async_dispatch_37_conv_28x28x256x5x5_f32/process_time/real_time_cv           0.20 %          0.07 %            10 items_per_second=0.20%
