2026-01-08T03:07:20.393367
Running tools/iree-benchmark-module --module=/home/dima/sched_vmfb/fastdepth/module_main_graph$async_dispatch_17_system_elf_riscv_64_benchmark.vmfb --device=local-task --function=main_graph$async_dispatch_17_system_elf_riscv_64_main_graph$async_dispatch_17_conv_14x14x512x3x3_f32 --input=1xi32=1 --task_topology_cpu_ids=0,1,2,3 --benchmark_repetitions=10
2026-01-08T03:07:20+08:00
Running tools/iree-benchmark-module
Run on (8 X 1600 MHz CPU s)
CPU Caches:
  L1 Instruction 32 KiB (x8)
  L1 Data 32 KiB (x8)
  L2 Unified 512 KiB (x2)
Load Average: 5.22, 4.20, 3.62
------------------------------------------------------------------------------------------------------------------------------------------------------------------------------------------------
Benchmark                                                                                                                                      Time             CPU   Iterations UserCounters...
------------------------------------------------------------------------------------------------------------------------------------------------------------------------------------------------
BM_main_graph$async_dispatch_17_system_elf_riscv_64_main_graph$async_dispatch_17_conv_14x14x512x3x3_f32/process_time/real_time              2.13 ms         8.03 ms          331 items_per_second=469.575/s
BM_main_graph$async_dispatch_17_system_elf_riscv_64_main_graph$async_dispatch_17_conv_14x14x512x3x3_f32/process_time/real_time              2.11 ms         8.03 ms          331 items_per_second=473.105/s
BM_main_graph$async_dispatch_17_system_elf_riscv_64_main_graph$async_dispatch_17_conv_14x14x512x3x3_f32/process_time/real_time              2.11 ms         8.03 ms          331 items_per_second=473.164/s
BM_main_graph$async_dispatch_17_system_elf_riscv_64_main_graph$async_dispatch_17_conv_14x14x512x3x3_f32/process_time/real_time              2.11 ms         8.03 ms          331 items_per_second=473.533/s
BM_main_graph$async_dispatch_17_system_elf_riscv_64_main_graph$async_dispatch_17_conv_14x14x512x3x3_f32/process_time/real_time              2.11 ms         8.02 ms          331 items_per_second=473.226/s
BM_main_graph$async_dispatch_17_system_elf_riscv_64_main_graph$async_dispatch_17_conv_14x14x512x3x3_f32/process_time/real_time              2.12 ms         8.03 ms          331 items_per_second=472.331/s
BM_main_graph$async_dispatch_17_system_elf_riscv_64_main_graph$async_dispatch_17_conv_14x14x512x3x3_f32/process_time/real_time              2.12 ms         8.03 ms          331 items_per_second=472.492/s
BM_main_graph$async_dispatch_17_system_elf_riscv_64_main_graph$async_dispatch_17_conv_14x14x512x3x3_f32/process_time/real_time              2.12 ms         8.04 ms          331 items_per_second=471.476/s
BM_main_graph$async_dispatch_17_system_elf_riscv_64_main_graph$async_dispatch_17_conv_14x14x512x3x3_f32/process_time/real_time              2.11 ms         8.03 ms          331 items_per_second=473.827/s
BM_main_graph$async_dispatch_17_system_elf_riscv_64_main_graph$async_dispatch_17_conv_14x14x512x3x3_f32/process_time/real_time              2.11 ms         8.03 ms          331 items_per_second=473.57/s
BM_main_graph$async_dispatch_17_system_elf_riscv_64_main_graph$async_dispatch_17_conv_14x14x512x3x3_f32/process_time/real_time_mean         2.12 ms         8.03 ms           10 items_per_second=472.63/s
BM_main_graph$async_dispatch_17_system_elf_riscv_64_main_graph$async_dispatch_17_conv_14x14x512x3x3_f32/process_time/real_time_median       2.11 ms         8.03 ms           10 items_per_second=473.134/s
BM_main_graph$async_dispatch_17_system_elf_riscv_64_main_graph$async_dispatch_17_conv_14x14x512x3x3_f32/process_time/real_time_stddev      0.006 ms        0.005 ms           10 items_per_second=1.28093/s
BM_main_graph$async_dispatch_17_system_elf_riscv_64_main_graph$async_dispatch_17_conv_14x14x512x3x3_f32/process_time/real_time_cv           0.27 %          0.06 %            10 items_per_second=0.27%
