2026-01-08T03:07:42.438121
Running tools/iree-benchmark-module --module=/home/dima/sched_vmfb/fastdepth/module_main_graph$async_dispatch_27_system_elf_riscv_64_benchmark.vmfb --device=local-task --function=main_graph$async_dispatch_27_system_elf_riscv_64_main_graph$async_dispatch_27_conv_7x7x512x3x3_f32 --input=1xi32=1 --task_topology_cpu_ids=0,1,2,3 --benchmark_repetitions=10
2026-01-08T03:07:42+08:00
Running tools/iree-benchmark-module
Run on (8 X 1600 MHz CPU s)
CPU Caches:
  L1 Instruction 32 KiB (x8)
  L1 Data 32 KiB (x8)
  L2 Unified 512 KiB (x2)
Load Average: 5.50, 4.33, 3.67
----------------------------------------------------------------------------------------------------------------------------------------------------------------------------------------------
Benchmark                                                                                                                                    Time             CPU   Iterations UserCounters...
----------------------------------------------------------------------------------------------------------------------------------------------------------------------------------------------
BM_main_graph$async_dispatch_27_system_elf_riscv_64_main_graph$async_dispatch_27_conv_7x7x512x3x3_f32/process_time/real_time             0.552 ms         1.94 ms         1261 items_per_second=1.81049k/s
BM_main_graph$async_dispatch_27_system_elf_riscv_64_main_graph$async_dispatch_27_conv_7x7x512x3x3_f32/process_time/real_time             0.552 ms         1.94 ms         1261 items_per_second=1.81297k/s
BM_main_graph$async_dispatch_27_system_elf_riscv_64_main_graph$async_dispatch_27_conv_7x7x512x3x3_f32/process_time/real_time             0.554 ms         1.95 ms         1261 items_per_second=1.80596k/s
BM_main_graph$async_dispatch_27_system_elf_riscv_64_main_graph$async_dispatch_27_conv_7x7x512x3x3_f32/process_time/real_time             0.554 ms         1.94 ms         1261 items_per_second=1.8057k/s
BM_main_graph$async_dispatch_27_system_elf_riscv_64_main_graph$async_dispatch_27_conv_7x7x512x3x3_f32/process_time/real_time             0.551 ms         1.94 ms         1261 items_per_second=1.81549k/s
BM_main_graph$async_dispatch_27_system_elf_riscv_64_main_graph$async_dispatch_27_conv_7x7x512x3x3_f32/process_time/real_time             0.553 ms         1.94 ms         1261 items_per_second=1.80901k/s
BM_main_graph$async_dispatch_27_system_elf_riscv_64_main_graph$async_dispatch_27_conv_7x7x512x3x3_f32/process_time/real_time             0.551 ms         1.94 ms         1261 items_per_second=1.81441k/s
BM_main_graph$async_dispatch_27_system_elf_riscv_64_main_graph$async_dispatch_27_conv_7x7x512x3x3_f32/process_time/real_time             0.553 ms         1.94 ms         1261 items_per_second=1.80984k/s
BM_main_graph$async_dispatch_27_system_elf_riscv_64_main_graph$async_dispatch_27_conv_7x7x512x3x3_f32/process_time/real_time             0.553 ms         1.94 ms         1261 items_per_second=1.80904k/s
BM_main_graph$async_dispatch_27_system_elf_riscv_64_main_graph$async_dispatch_27_conv_7x7x512x3x3_f32/process_time/real_time             0.552 ms         1.94 ms         1261 items_per_second=1.81293k/s
BM_main_graph$async_dispatch_27_system_elf_riscv_64_main_graph$async_dispatch_27_conv_7x7x512x3x3_f32/process_time/real_time_mean        0.552 ms         1.94 ms           10 items_per_second=1.81058k/s
BM_main_graph$async_dispatch_27_system_elf_riscv_64_main_graph$async_dispatch_27_conv_7x7x512x3x3_f32/process_time/real_time_median      0.552 ms         1.94 ms           10 items_per_second=1.81016k/s
BM_main_graph$async_dispatch_27_system_elf_riscv_64_main_graph$async_dispatch_27_conv_7x7x512x3x3_f32/process_time/real_time_stddev      0.001 ms        0.002 ms           10 items_per_second=3.34419/s
BM_main_graph$async_dispatch_27_system_elf_riscv_64_main_graph$async_dispatch_27_conv_7x7x512x3x3_f32/process_time/real_time_cv           0.18 %          0.10 %            10 items_per_second=0.18%
