2026-01-08T03:10:29.562751
Running tools/iree-benchmark-module --module=/home/dima/sched_vmfb/fastdepth/module_main_graph$async_dispatch_6_system_elf_riscv_64_benchmark.vmfb --device=local-task --function=main_graph$async_dispatch_6_system_elf_riscv_64_main_graph$async_dispatch_6_matmul_like_128x56x56x64_f32 --input=1xi32=1 --task_topology_cpu_ids=0,1,2,3 --benchmark_repetitions=10
2026-01-08T03:10:29+08:00
Running tools/iree-benchmark-module
Run on (8 X 1600 MHz CPU s)
CPU Caches:
  L1 Instruction 32 KiB (x8)
  L1 Data 32 KiB (x8)
  L2 Unified 512 KiB (x2)
Load Average: 5.46, 4.90, 4.01
----------------------------------------------------------------------------------------------------------------------------------------------------------------------------------------------------
Benchmark                                                                                                                                          Time             CPU   Iterations UserCounters...
----------------------------------------------------------------------------------------------------------------------------------------------------------------------------------------------------
BM_main_graph$async_dispatch_6_system_elf_riscv_64_main_graph$async_dispatch_6_matmul_like_128x56x56x64_f32/process_time/real_time              29.5 ms          102 ms           23 items_per_second=33.8963/s
BM_main_graph$async_dispatch_6_system_elf_riscv_64_main_graph$async_dispatch_6_matmul_like_128x56x56x64_f32/process_time/real_time              29.5 ms          102 ms           23 items_per_second=33.9304/s
BM_main_graph$async_dispatch_6_system_elf_riscv_64_main_graph$async_dispatch_6_matmul_like_128x56x56x64_f32/process_time/real_time              29.8 ms          102 ms           23 items_per_second=33.5696/s
BM_main_graph$async_dispatch_6_system_elf_riscv_64_main_graph$async_dispatch_6_matmul_like_128x56x56x64_f32/process_time/real_time              29.4 ms          102 ms           23 items_per_second=34.0506/s
BM_main_graph$async_dispatch_6_system_elf_riscv_64_main_graph$async_dispatch_6_matmul_like_128x56x56x64_f32/process_time/real_time              29.4 ms          102 ms           23 items_per_second=33.9917/s
BM_main_graph$async_dispatch_6_system_elf_riscv_64_main_graph$async_dispatch_6_matmul_like_128x56x56x64_f32/process_time/real_time              29.6 ms          102 ms           23 items_per_second=33.8213/s
BM_main_graph$async_dispatch_6_system_elf_riscv_64_main_graph$async_dispatch_6_matmul_like_128x56x56x64_f32/process_time/real_time              29.4 ms          102 ms           23 items_per_second=34.0448/s
BM_main_graph$async_dispatch_6_system_elf_riscv_64_main_graph$async_dispatch_6_matmul_like_128x56x56x64_f32/process_time/real_time              29.5 ms          102 ms           23 items_per_second=33.925/s
BM_main_graph$async_dispatch_6_system_elf_riscv_64_main_graph$async_dispatch_6_matmul_like_128x56x56x64_f32/process_time/real_time              29.6 ms          103 ms           23 items_per_second=33.7403/s
BM_main_graph$async_dispatch_6_system_elf_riscv_64_main_graph$async_dispatch_6_matmul_like_128x56x56x64_f32/process_time/real_time              29.5 ms          102 ms           23 items_per_second=33.8955/s
BM_main_graph$async_dispatch_6_system_elf_riscv_64_main_graph$async_dispatch_6_matmul_like_128x56x56x64_f32/process_time/real_time_mean         29.5 ms          102 ms           10 items_per_second=33.8865/s
BM_main_graph$async_dispatch_6_system_elf_riscv_64_main_graph$async_dispatch_6_matmul_like_128x56x56x64_f32/process_time/real_time_median       29.5 ms          102 ms           10 items_per_second=33.9107/s
BM_main_graph$async_dispatch_6_system_elf_riscv_64_main_graph$async_dispatch_6_matmul_like_128x56x56x64_f32/process_time/real_time_stddev      0.128 ms        0.114 ms           10 items_per_second=0.146323/s
BM_main_graph$async_dispatch_6_system_elf_riscv_64_main_graph$async_dispatch_6_matmul_like_128x56x56x64_f32/process_time/real_time_cv           0.43 %          0.11 %            10 items_per_second=0.43%
