2026-01-08T03:07:35.224783
Running tools/iree-benchmark-module --module=/home/dima/sched_vmfb/fastdepth/module_main_graph$async_dispatch_1_system_elf_riscv_64_benchmark.vmfb --device=local-task --function=main_graph$async_dispatch_1_system_elf_riscv_64_main_graph$async_dispatch_1_conv_32x112x112x3x3x3_f32 --input=1xi32=1 --task_topology_cpu_ids=0,1,2,3 --benchmark_repetitions=10
2026-01-08T03:07:35+08:00
Running tools/iree-benchmark-module
Run on (8 X 1600 MHz CPU s)
CPU Caches:
  L1 Instruction 32 KiB (x8)
  L1 Data 32 KiB (x8)
  L2 Unified 512 KiB (x2)
Load Average: 5.41, 4.28, 3.65
-------------------------------------------------------------------------------------------------------------------------------------------------------------------------------------------------
Benchmark                                                                                                                                       Time             CPU   Iterations UserCounters...
-------------------------------------------------------------------------------------------------------------------------------------------------------------------------------------------------
BM_main_graph$async_dispatch_1_system_elf_riscv_64_main_graph$async_dispatch_1_conv_32x112x112x3x3x3_f32/process_time/real_time              17.0 ms         67.2 ms           41 items_per_second=58.7378/s
BM_main_graph$async_dispatch_1_system_elf_riscv_64_main_graph$async_dispatch_1_conv_32x112x112x3x3x3_f32/process_time/real_time              17.1 ms         67.3 ms           41 items_per_second=58.4651/s
BM_main_graph$async_dispatch_1_system_elf_riscv_64_main_graph$async_dispatch_1_conv_32x112x112x3x3x3_f32/process_time/real_time              17.0 ms         67.2 ms           41 items_per_second=58.7587/s
BM_main_graph$async_dispatch_1_system_elf_riscv_64_main_graph$async_dispatch_1_conv_32x112x112x3x3x3_f32/process_time/real_time              17.0 ms         67.2 ms           41 items_per_second=58.7119/s
BM_main_graph$async_dispatch_1_system_elf_riscv_64_main_graph$async_dispatch_1_conv_32x112x112x3x3x3_f32/process_time/real_time              17.1 ms         67.3 ms           41 items_per_second=58.4353/s
BM_main_graph$async_dispatch_1_system_elf_riscv_64_main_graph$async_dispatch_1_conv_32x112x112x3x3x3_f32/process_time/real_time              17.0 ms         67.2 ms           41 items_per_second=58.754/s
BM_main_graph$async_dispatch_1_system_elf_riscv_64_main_graph$async_dispatch_1_conv_32x112x112x3x3x3_f32/process_time/real_time              17.1 ms         67.3 ms           41 items_per_second=58.449/s
BM_main_graph$async_dispatch_1_system_elf_riscv_64_main_graph$async_dispatch_1_conv_32x112x112x3x3x3_f32/process_time/real_time              17.0 ms         67.2 ms           41 items_per_second=58.6699/s
BM_main_graph$async_dispatch_1_system_elf_riscv_64_main_graph$async_dispatch_1_conv_32x112x112x3x3x3_f32/process_time/real_time              17.0 ms         67.2 ms           41 items_per_second=58.7318/s
BM_main_graph$async_dispatch_1_system_elf_riscv_64_main_graph$async_dispatch_1_conv_32x112x112x3x3x3_f32/process_time/real_time              17.1 ms         67.3 ms           41 items_per_second=58.4726/s
BM_main_graph$async_dispatch_1_system_elf_riscv_64_main_graph$async_dispatch_1_conv_32x112x112x3x3x3_f32/process_time/real_time_mean         17.1 ms         67.2 ms           10 items_per_second=58.6186/s
BM_main_graph$async_dispatch_1_system_elf_riscv_64_main_graph$async_dispatch_1_conv_32x112x112x3x3x3_f32/process_time/real_time_median       17.0 ms         67.2 ms           10 items_per_second=58.6909/s
BM_main_graph$async_dispatch_1_system_elf_riscv_64_main_graph$async_dispatch_1_conv_32x112x112x3x3x3_f32/process_time/real_time_stddev      0.042 ms        0.045 ms           10 items_per_second=0.142824/s
BM_main_graph$async_dispatch_1_system_elf_riscv_64_main_graph$async_dispatch_1_conv_32x112x112x3x3x3_f32/process_time/real_time_cv           0.24 %          0.07 %            10 items_per_second=0.24%
