2026-01-09T09:51:56.856920
Running tools/iree-benchmark-module --module=/home/dima/sched_vmfb/dronet_scalar/module_main_graph$async_dispatch_9_embedded_elf_riscv_64_benchmark.vmfb --device=local-task --function=main_graph$async_dispatch_9_embedded_elf_riscv_64_main_graph$async_dispatch_9_conv_128x7x7x64x3x3_f32 --input=1xi32=1 --task_topology_cpu_ids=0 --benchmark_repetitions=10
2026-01-09T09:51:56+08:00
Running tools/iree-benchmark-module
Run on (8 X 1600 MHz CPU s)
CPU Caches:
  L1 Instruction 32 KiB (x8)
  L1 Data 32 KiB (x8)
  L2 Unified 512 KiB (x2)
Load Average: 2.87, 2.90, 2.91
-------------------------------------------------------------------------------------------------------------------------------------------------------------------------------------------------
Benchmark                                                                                                                                       Time             CPU   Iterations UserCounters...
-------------------------------------------------------------------------------------------------------------------------------------------------------------------------------------------------
BM_main_graph$async_dispatch_9_embedded_elf_riscv_64_main_graph$async_dispatch_9_conv_128x7x7x64x3x3_f32/process_time/real_time              21.0 ms         21.0 ms           33 items_per_second=47.6673/s
BM_main_graph$async_dispatch_9_embedded_elf_riscv_64_main_graph$async_dispatch_9_conv_128x7x7x64x3x3_f32/process_time/real_time              20.9 ms         20.9 ms           33 items_per_second=47.7765/s
BM_main_graph$async_dispatch_9_embedded_elf_riscv_64_main_graph$async_dispatch_9_conv_128x7x7x64x3x3_f32/process_time/real_time              20.9 ms         20.9 ms           33 items_per_second=47.7814/s
BM_main_graph$async_dispatch_9_embedded_elf_riscv_64_main_graph$async_dispatch_9_conv_128x7x7x64x3x3_f32/process_time/real_time              21.0 ms         21.0 ms           33 items_per_second=47.6395/s
BM_main_graph$async_dispatch_9_embedded_elf_riscv_64_main_graph$async_dispatch_9_conv_128x7x7x64x3x3_f32/process_time/real_time              20.9 ms         20.9 ms           33 items_per_second=47.8073/s
BM_main_graph$async_dispatch_9_embedded_elf_riscv_64_main_graph$async_dispatch_9_conv_128x7x7x64x3x3_f32/process_time/real_time              20.9 ms         20.9 ms           33 items_per_second=47.8451/s
BM_main_graph$async_dispatch_9_embedded_elf_riscv_64_main_graph$async_dispatch_9_conv_128x7x7x64x3x3_f32/process_time/real_time              21.0 ms         21.0 ms           33 items_per_second=47.6076/s
BM_main_graph$async_dispatch_9_embedded_elf_riscv_64_main_graph$async_dispatch_9_conv_128x7x7x64x3x3_f32/process_time/real_time              20.9 ms         20.9 ms           33 items_per_second=47.7989/s
BM_main_graph$async_dispatch_9_embedded_elf_riscv_64_main_graph$async_dispatch_9_conv_128x7x7x64x3x3_f32/process_time/real_time              20.9 ms         20.9 ms           33 items_per_second=47.8368/s
BM_main_graph$async_dispatch_9_embedded_elf_riscv_64_main_graph$async_dispatch_9_conv_128x7x7x64x3x3_f32/process_time/real_time              21.0 ms         21.0 ms           33 items_per_second=47.5865/s
BM_main_graph$async_dispatch_9_embedded_elf_riscv_64_main_graph$async_dispatch_9_conv_128x7x7x64x3x3_f32/process_time/real_time_mean         20.9 ms         20.9 ms           10 items_per_second=47.7347/s
BM_main_graph$async_dispatch_9_embedded_elf_riscv_64_main_graph$async_dispatch_9_conv_128x7x7x64x3x3_f32/process_time/real_time_median       20.9 ms         20.9 ms           10 items_per_second=47.7789/s
BM_main_graph$async_dispatch_9_embedded_elf_riscv_64_main_graph$async_dispatch_9_conv_128x7x7x64x3x3_f32/process_time/real_time_stddev      0.043 ms        0.041 ms           10 items_per_second=0.0986897/s
BM_main_graph$async_dispatch_9_embedded_elf_riscv_64_main_graph$async_dispatch_9_conv_128x7x7x64x3x3_f32/process_time/real_time_cv           0.21 %          0.20 %            10 items_per_second=0.21%
