2026-01-09T08:40:37.174196
Running tools/iree-benchmark-module --module=/home/dima/sched_vmfb/glpdepth_scalar/module_main_graph$async_dispatch_36_embedded_elf_riscv_64_benchmark.vmfb --device=local-task --function=main_graph$async_dispatch_36_embedded_elf_riscv_64_main_graph$async_dispatch_36_matmul_like_2x784x32x64_f32 --input=1xi32=1 --task_topology_cpu_ids=0,1,2 --benchmark_repetitions=10
2026-01-09T08:40:37+08:00
Running tools/iree-benchmark-module
Run on (8 X 1600 MHz CPU s)
CPU Caches:
  L1 Instruction 32 KiB (x8)
  L1 Data 32 KiB (x8)
  L2 Unified 512 KiB (x2)
Load Average: 4.84, 4.55, 3.91
-------------------------------------------------------------------------------------------------------------------------------------------------------------------------------------------------------
Benchmark                                                                                                                                             Time             CPU   Iterations UserCounters...
-------------------------------------------------------------------------------------------------------------------------------------------------------------------------------------------------------
BM_main_graph$async_dispatch_36_embedded_elf_riscv_64_main_graph$async_dispatch_36_matmul_like_2x784x32x64_f32/process_time/real_time              1.13 ms         3.04 ms          619 items_per_second=884.954/s
BM_main_graph$async_dispatch_36_embedded_elf_riscv_64_main_graph$async_dispatch_36_matmul_like_2x784x32x64_f32/process_time/real_time              1.13 ms         3.04 ms          619 items_per_second=885.392/s
BM_main_graph$async_dispatch_36_embedded_elf_riscv_64_main_graph$async_dispatch_36_matmul_like_2x784x32x64_f32/process_time/real_time              1.13 ms         3.05 ms          619 items_per_second=884.237/s
BM_main_graph$async_dispatch_36_embedded_elf_riscv_64_main_graph$async_dispatch_36_matmul_like_2x784x32x64_f32/process_time/real_time              1.13 ms         3.04 ms          619 items_per_second=884.276/s
BM_main_graph$async_dispatch_36_embedded_elf_riscv_64_main_graph$async_dispatch_36_matmul_like_2x784x32x64_f32/process_time/real_time              1.13 ms         3.04 ms          619 items_per_second=885.671/s
BM_main_graph$async_dispatch_36_embedded_elf_riscv_64_main_graph$async_dispatch_36_matmul_like_2x784x32x64_f32/process_time/real_time              1.13 ms         3.05 ms          619 items_per_second=884.697/s
BM_main_graph$async_dispatch_36_embedded_elf_riscv_64_main_graph$async_dispatch_36_matmul_like_2x784x32x64_f32/process_time/real_time              1.13 ms         3.04 ms          619 items_per_second=887.153/s
BM_main_graph$async_dispatch_36_embedded_elf_riscv_64_main_graph$async_dispatch_36_matmul_like_2x784x32x64_f32/process_time/real_time              1.13 ms         3.04 ms          619 items_per_second=887.533/s
BM_main_graph$async_dispatch_36_embedded_elf_riscv_64_main_graph$async_dispatch_36_matmul_like_2x784x32x64_f32/process_time/real_time              1.13 ms         3.05 ms          619 items_per_second=886.164/s
BM_main_graph$async_dispatch_36_embedded_elf_riscv_64_main_graph$async_dispatch_36_matmul_like_2x784x32x64_f32/process_time/real_time              1.13 ms         3.04 ms          619 items_per_second=886.766/s
BM_main_graph$async_dispatch_36_embedded_elf_riscv_64_main_graph$async_dispatch_36_matmul_like_2x784x32x64_f32/process_time/real_time_mean         1.13 ms         3.04 ms           10 items_per_second=885.684/s
BM_main_graph$async_dispatch_36_embedded_elf_riscv_64_main_graph$async_dispatch_36_matmul_like_2x784x32x64_f32/process_time/real_time_median       1.13 ms         3.04 ms           10 items_per_second=885.531/s
BM_main_graph$async_dispatch_36_embedded_elf_riscv_64_main_graph$async_dispatch_36_matmul_like_2x784x32x64_f32/process_time/real_time_stddev      0.002 ms        0.002 ms           10 items_per_second=1.18545/s
BM_main_graph$async_dispatch_36_embedded_elf_riscv_64_main_graph$async_dispatch_36_matmul_like_2x784x32x64_f32/process_time/real_time_cv           0.13 %          0.08 %            10 items_per_second=0.13%
