2026-01-09T08:44:27.942307
Running tools/iree-benchmark-module --module=/home/dima/sched_vmfb/glpdepth_scalar/module_main_graph$async_dispatch_79_embedded_elf_riscv_64_benchmark.vmfb --device=local-task --function=main_graph$async_dispatch_79_embedded_elf_riscv_64_main_graph$async_dispatch_79_reduction_196x160_f32 --input=1xi32=1 --task_topology_cpu_ids=0,1,2 --benchmark_repetitions=10
2026-01-09T08:44:27+08:00
Running tools/iree-benchmark-module
Run on (8 X 1600 MHz CPU s)
CPU Caches:
  L1 Instruction 32 KiB (x8)
  L1 Data 32 KiB (x8)
  L2 Unified 512 KiB (x2)
Load Average: 4.39, 4.47, 4.02
-------------------------------------------------------------------------------------------------------------------------------------------------------------------------------------------------
Benchmark                                                                                                                                       Time             CPU   Iterations UserCounters...
-------------------------------------------------------------------------------------------------------------------------------------------------------------------------------------------------
BM_main_graph$async_dispatch_79_embedded_elf_riscv_64_main_graph$async_dispatch_79_reduction_196x160_f32/process_time/real_time             0.419 ms         1.03 ms         1668 items_per_second=2.38642k/s
BM_main_graph$async_dispatch_79_embedded_elf_riscv_64_main_graph$async_dispatch_79_reduction_196x160_f32/process_time/real_time             0.421 ms         1.04 ms         1668 items_per_second=2.3737k/s
BM_main_graph$async_dispatch_79_embedded_elf_riscv_64_main_graph$async_dispatch_79_reduction_196x160_f32/process_time/real_time             0.418 ms         1.03 ms         1668 items_per_second=2.39402k/s
BM_main_graph$async_dispatch_79_embedded_elf_riscv_64_main_graph$async_dispatch_79_reduction_196x160_f32/process_time/real_time             0.422 ms         1.04 ms         1668 items_per_second=2.37167k/s
BM_main_graph$async_dispatch_79_embedded_elf_riscv_64_main_graph$async_dispatch_79_reduction_196x160_f32/process_time/real_time             0.417 ms         1.03 ms         1668 items_per_second=2.39592k/s
BM_main_graph$async_dispatch_79_embedded_elf_riscv_64_main_graph$async_dispatch_79_reduction_196x160_f32/process_time/real_time             0.419 ms         1.04 ms         1668 items_per_second=2.38824k/s
BM_main_graph$async_dispatch_79_embedded_elf_riscv_64_main_graph$async_dispatch_79_reduction_196x160_f32/process_time/real_time             0.417 ms         1.03 ms         1668 items_per_second=2.39558k/s
BM_main_graph$async_dispatch_79_embedded_elf_riscv_64_main_graph$async_dispatch_79_reduction_196x160_f32/process_time/real_time             0.419 ms         1.03 ms         1668 items_per_second=2.38663k/s
BM_main_graph$async_dispatch_79_embedded_elf_riscv_64_main_graph$async_dispatch_79_reduction_196x160_f32/process_time/real_time             0.422 ms         1.04 ms         1668 items_per_second=2.3702k/s
BM_main_graph$async_dispatch_79_embedded_elf_riscv_64_main_graph$async_dispatch_79_reduction_196x160_f32/process_time/real_time             0.421 ms         1.04 ms         1668 items_per_second=2.37327k/s
BM_main_graph$async_dispatch_79_embedded_elf_riscv_64_main_graph$async_dispatch_79_reduction_196x160_f32/process_time/real_time_mean        0.420 ms         1.04 ms           10 items_per_second=2.38356k/s
BM_main_graph$async_dispatch_79_embedded_elf_riscv_64_main_graph$async_dispatch_79_reduction_196x160_f32/process_time/real_time_median      0.419 ms         1.03 ms           10 items_per_second=2.38652k/s
BM_main_graph$async_dispatch_79_embedded_elf_riscv_64_main_graph$async_dispatch_79_reduction_196x160_f32/process_time/real_time_stddev      0.002 ms        0.005 ms           10 items_per_second=10.3753/s
BM_main_graph$async_dispatch_79_embedded_elf_riscv_64_main_graph$async_dispatch_79_reduction_196x160_f32/process_time/real_time_cv           0.44 %          0.50 %            10 items_per_second=0.44%
