2026-01-09T08:43:01.919785
Running tools/iree-benchmark-module --module=/home/dima/sched_vmfb/glpdepth_scalar/module_main_graph$async_dispatch_68_embedded_elf_riscv_64_benchmark.vmfb --device=local-task --function=main_graph$async_dispatch_68_embedded_elf_riscv_64_main_graph$async_dispatch_68_reduction_196x160_f32 --input=1xi32=1 --task_topology_cpu_ids=0,1,2 --benchmark_repetitions=10
2026-01-09T08:43:01+08:00
Running tools/iree-benchmark-module
Run on (8 X 1600 MHz CPU s)
CPU Caches:
  L1 Instruction 32 KiB (x8)
  L1 Data 32 KiB (x8)
  L2 Unified 512 KiB (x2)
Load Average: 4.41, 4.51, 3.99
-------------------------------------------------------------------------------------------------------------------------------------------------------------------------------------------------
Benchmark                                                                                                                                       Time             CPU   Iterations UserCounters...
-------------------------------------------------------------------------------------------------------------------------------------------------------------------------------------------------
BM_main_graph$async_dispatch_68_embedded_elf_riscv_64_main_graph$async_dispatch_68_reduction_196x160_f32/process_time/real_time              1.75 ms         4.74 ms          400 items_per_second=572.26/s
BM_main_graph$async_dispatch_68_embedded_elf_riscv_64_main_graph$async_dispatch_68_reduction_196x160_f32/process_time/real_time              1.76 ms         4.77 ms          400 items_per_second=567.233/s
BM_main_graph$async_dispatch_68_embedded_elf_riscv_64_main_graph$async_dispatch_68_reduction_196x160_f32/process_time/real_time              1.76 ms         4.77 ms          400 items_per_second=567.617/s
BM_main_graph$async_dispatch_68_embedded_elf_riscv_64_main_graph$async_dispatch_68_reduction_196x160_f32/process_time/real_time              1.76 ms         4.78 ms          400 items_per_second=567.671/s
BM_main_graph$async_dispatch_68_embedded_elf_riscv_64_main_graph$async_dispatch_68_reduction_196x160_f32/process_time/real_time              1.76 ms         4.77 ms          400 items_per_second=568.681/s
BM_main_graph$async_dispatch_68_embedded_elf_riscv_64_main_graph$async_dispatch_68_reduction_196x160_f32/process_time/real_time              1.75 ms         4.74 ms          400 items_per_second=571.319/s
BM_main_graph$async_dispatch_68_embedded_elf_riscv_64_main_graph$async_dispatch_68_reduction_196x160_f32/process_time/real_time              1.75 ms         4.74 ms          400 items_per_second=572.059/s
BM_main_graph$async_dispatch_68_embedded_elf_riscv_64_main_graph$async_dispatch_68_reduction_196x160_f32/process_time/real_time              1.74 ms         4.73 ms          400 items_per_second=573.259/s
BM_main_graph$async_dispatch_68_embedded_elf_riscv_64_main_graph$async_dispatch_68_reduction_196x160_f32/process_time/real_time              1.75 ms         4.75 ms          400 items_per_second=569.945/s
BM_main_graph$async_dispatch_68_embedded_elf_riscv_64_main_graph$async_dispatch_68_reduction_196x160_f32/process_time/real_time              1.74 ms         4.73 ms          400 items_per_second=573.135/s
BM_main_graph$async_dispatch_68_embedded_elf_riscv_64_main_graph$async_dispatch_68_reduction_196x160_f32/process_time/real_time_mean         1.75 ms         4.75 ms           10 items_per_second=570.318/s
BM_main_graph$async_dispatch_68_embedded_elf_riscv_64_main_graph$async_dispatch_68_reduction_196x160_f32/process_time/real_time_median       1.75 ms         4.74 ms           10 items_per_second=570.632/s
BM_main_graph$async_dispatch_68_embedded_elf_riscv_64_main_graph$async_dispatch_68_reduction_196x160_f32/process_time/real_time_stddev      0.007 ms        0.019 ms           10 items_per_second=2.38121/s
BM_main_graph$async_dispatch_68_embedded_elf_riscv_64_main_graph$async_dispatch_68_reduction_196x160_f32/process_time/real_time_cv           0.42 %          0.39 %            10 items_per_second=0.42%
