2026-01-09T08:33:24.612113
Running tools/iree-benchmark-module --module=/home/dima/sched_vmfb/glpdepth_scalar/module_main_graph$async_dispatch_0_embedded_elf_riscv_64_benchmark.vmfb --device=local-task --function=main_graph$async_dispatch_0_embedded_elf_riscv_64_main_graph$async_dispatch_0_slow_memcpy --input=1xi32=1 --task_topology_cpu_ids=0,1,2 --benchmark_repetitions=10
2026-01-09T08:33:24+08:00
Running tools/iree-benchmark-module
Run on (8 X 1600 MHz CPU s)
CPU Caches:
  L1 Instruction 32 KiB (x8)
  L1 Data 32 KiB (x8)
  L2 Unified 512 KiB (x2)
Load Average: 3.84, 3.87, 3.41
-------------------------------------------------------------------------------------------------------------------------------------------------------------------------------------
Benchmark                                                                                                                           Time             CPU   Iterations UserCounters...
-------------------------------------------------------------------------------------------------------------------------------------------------------------------------------------
BM_main_graph$async_dispatch_0_embedded_elf_riscv_64_main_graph$async_dispatch_0_slow_memcpy/process_time/real_time             0.449 ms         1.09 ms         1565 items_per_second=2.2287k/s
BM_main_graph$async_dispatch_0_embedded_elf_riscv_64_main_graph$async_dispatch_0_slow_memcpy/process_time/real_time             0.429 ms         1.06 ms         1565 items_per_second=2.33017k/s
BM_main_graph$async_dispatch_0_embedded_elf_riscv_64_main_graph$async_dispatch_0_slow_memcpy/process_time/real_time             0.432 ms         1.07 ms         1565 items_per_second=2.31694k/s
BM_main_graph$async_dispatch_0_embedded_elf_riscv_64_main_graph$async_dispatch_0_slow_memcpy/process_time/real_time             0.438 ms         1.08 ms         1565 items_per_second=2.28152k/s
BM_main_graph$async_dispatch_0_embedded_elf_riscv_64_main_graph$async_dispatch_0_slow_memcpy/process_time/real_time             0.432 ms         1.07 ms         1565 items_per_second=2.31244k/s
BM_main_graph$async_dispatch_0_embedded_elf_riscv_64_main_graph$async_dispatch_0_slow_memcpy/process_time/real_time             0.433 ms         1.07 ms         1565 items_per_second=2.30699k/s
BM_main_graph$async_dispatch_0_embedded_elf_riscv_64_main_graph$async_dispatch_0_slow_memcpy/process_time/real_time             0.432 ms         1.07 ms         1565 items_per_second=2.31424k/s
BM_main_graph$async_dispatch_0_embedded_elf_riscv_64_main_graph$async_dispatch_0_slow_memcpy/process_time/real_time             0.431 ms         1.07 ms         1565 items_per_second=2.3224k/s
BM_main_graph$async_dispatch_0_embedded_elf_riscv_64_main_graph$async_dispatch_0_slow_memcpy/process_time/real_time             0.437 ms         1.08 ms         1565 items_per_second=2.2899k/s
BM_main_graph$async_dispatch_0_embedded_elf_riscv_64_main_graph$async_dispatch_0_slow_memcpy/process_time/real_time             0.435 ms         1.08 ms         1565 items_per_second=2.30005k/s
BM_main_graph$async_dispatch_0_embedded_elf_riscv_64_main_graph$async_dispatch_0_slow_memcpy/process_time/real_time_mean        0.435 ms         1.07 ms           10 items_per_second=2.30034k/s
BM_main_graph$async_dispatch_0_embedded_elf_riscv_64_main_graph$async_dispatch_0_slow_memcpy/process_time/real_time_median      0.433 ms         1.07 ms           10 items_per_second=2.30971k/s
BM_main_graph$async_dispatch_0_embedded_elf_riscv_64_main_graph$async_dispatch_0_slow_memcpy/process_time/real_time_stddev      0.006 ms        0.009 ms           10 items_per_second=29.1204/s
BM_main_graph$async_dispatch_0_embedded_elf_riscv_64_main_graph$async_dispatch_0_slow_memcpy/process_time/real_time_cv           1.29 %          0.83 %            10 items_per_second=1.27%
