2026-01-09T08:40:22.187758
Running tools/iree-benchmark-module --module=/home/dima/sched_vmfb/glpdepth_scalar/module_main_graph$async_dispatch_34_embedded_elf_riscv_64_benchmark.vmfb --device=local-task --function=main_graph$async_dispatch_34_embedded_elf_riscv_64_main_graph$async_dispatch_34_conv_64x28x28x32x3x3_f32 --input=1xi32=1 --task_topology_cpu_ids=0,1,2 --benchmark_repetitions=10
2026-01-09T08:40:22+08:00
Running tools/iree-benchmark-module
Run on (8 X 1600 MHz CPU s)
CPU Caches:
  L1 Instruction 32 KiB (x8)
  L1 Data 32 KiB (x8)
  L2 Unified 512 KiB (x2)
Load Average: 4.79, 4.53, 3.89
----------------------------------------------------------------------------------------------------------------------------------------------------------------------------------------------------
Benchmark                                                                                                                                          Time             CPU   Iterations UserCounters...
----------------------------------------------------------------------------------------------------------------------------------------------------------------------------------------------------
BM_main_graph$async_dispatch_34_embedded_elf_riscv_64_main_graph$async_dispatch_34_conv_64x28x28x32x3x3_f32/process_time/real_time              42.1 ms          113 ms           17 items_per_second=23.7278/s
BM_main_graph$async_dispatch_34_embedded_elf_riscv_64_main_graph$async_dispatch_34_conv_64x28x28x32x3x3_f32/process_time/real_time              42.0 ms          113 ms           17 items_per_second=23.8346/s
BM_main_graph$async_dispatch_34_embedded_elf_riscv_64_main_graph$async_dispatch_34_conv_64x28x28x32x3x3_f32/process_time/real_time              41.8 ms          112 ms           17 items_per_second=23.8966/s
BM_main_graph$async_dispatch_34_embedded_elf_riscv_64_main_graph$async_dispatch_34_conv_64x28x28x32x3x3_f32/process_time/real_time              42.0 ms          112 ms           17 items_per_second=23.8365/s
BM_main_graph$async_dispatch_34_embedded_elf_riscv_64_main_graph$async_dispatch_34_conv_64x28x28x32x3x3_f32/process_time/real_time              41.9 ms          112 ms           17 items_per_second=23.8889/s
BM_main_graph$async_dispatch_34_embedded_elf_riscv_64_main_graph$async_dispatch_34_conv_64x28x28x32x3x3_f32/process_time/real_time              41.9 ms          113 ms           17 items_per_second=23.867/s
BM_main_graph$async_dispatch_34_embedded_elf_riscv_64_main_graph$async_dispatch_34_conv_64x28x28x32x3x3_f32/process_time/real_time              41.9 ms          112 ms           17 items_per_second=23.8861/s
BM_main_graph$async_dispatch_34_embedded_elf_riscv_64_main_graph$async_dispatch_34_conv_64x28x28x32x3x3_f32/process_time/real_time              41.9 ms          112 ms           17 items_per_second=23.8853/s
BM_main_graph$async_dispatch_34_embedded_elf_riscv_64_main_graph$async_dispatch_34_conv_64x28x28x32x3x3_f32/process_time/real_time              41.9 ms          113 ms           17 items_per_second=23.8644/s
BM_main_graph$async_dispatch_34_embedded_elf_riscv_64_main_graph$async_dispatch_34_conv_64x28x28x32x3x3_f32/process_time/real_time              41.9 ms          112 ms           17 items_per_second=23.8825/s
BM_main_graph$async_dispatch_34_embedded_elf_riscv_64_main_graph$async_dispatch_34_conv_64x28x28x32x3x3_f32/process_time/real_time_mean         41.9 ms          112 ms           10 items_per_second=23.857/s
BM_main_graph$async_dispatch_34_embedded_elf_riscv_64_main_graph$async_dispatch_34_conv_64x28x28x32x3x3_f32/process_time/real_time_median       41.9 ms          112 ms           10 items_per_second=23.8748/s
BM_main_graph$async_dispatch_34_embedded_elf_riscv_64_main_graph$async_dispatch_34_conv_64x28x28x32x3x3_f32/process_time/real_time_stddev      0.088 ms        0.168 ms           10 items_per_second=0.0501774/s
BM_main_graph$async_dispatch_34_embedded_elf_riscv_64_main_graph$async_dispatch_34_conv_64x28x28x32x3x3_f32/process_time/real_time_cv           0.21 %          0.15 %            10 items_per_second=0.21%
