2026-01-09T08:36:33.283191
Running tools/iree-benchmark-module --module=/home/dima/sched_vmfb/glpdepth_scalar/module_main_graph$async_dispatch_135_embedded_elf_riscv_64_benchmark.vmfb --device=local-task --function=main_graph$async_dispatch_135_embedded_elf_riscv_64_main_graph$async_dispatch_135_elementwise_12544_f32 --input=1xi32=1 --task_topology_cpu_ids=0,1,2 --benchmark_repetitions=10
2026-01-09T08:36:33+08:00
Running tools/iree-benchmark-module
Run on (8 X 1600 MHz CPU s)
CPU Caches:
  L1 Instruction 32 KiB (x8)
  L1 Data 32 KiB (x8)
  L2 Unified 512 KiB (x2)
Load Average: 4.44, 4.20, 3.63
---------------------------------------------------------------------------------------------------------------------------------------------------------------------------------------------------
Benchmark                                                                                                                                         Time             CPU   Iterations UserCounters...
---------------------------------------------------------------------------------------------------------------------------------------------------------------------------------------------------
BM_main_graph$async_dispatch_135_embedded_elf_riscv_64_main_graph$async_dispatch_135_elementwise_12544_f32/process_time/real_time             0.444 ms         1.17 ms         1574 items_per_second=2.25307k/s
BM_main_graph$async_dispatch_135_embedded_elf_riscv_64_main_graph$async_dispatch_135_elementwise_12544_f32/process_time/real_time             0.447 ms         1.18 ms         1574 items_per_second=2.23552k/s
BM_main_graph$async_dispatch_135_embedded_elf_riscv_64_main_graph$async_dispatch_135_elementwise_12544_f32/process_time/real_time             0.445 ms         1.17 ms         1574 items_per_second=2.24621k/s
BM_main_graph$async_dispatch_135_embedded_elf_riscv_64_main_graph$async_dispatch_135_elementwise_12544_f32/process_time/real_time             0.444 ms         1.17 ms         1574 items_per_second=2.24978k/s
BM_main_graph$async_dispatch_135_embedded_elf_riscv_64_main_graph$async_dispatch_135_elementwise_12544_f32/process_time/real_time             0.447 ms         1.18 ms         1574 items_per_second=2.23674k/s
BM_main_graph$async_dispatch_135_embedded_elf_riscv_64_main_graph$async_dispatch_135_elementwise_12544_f32/process_time/real_time             0.447 ms         1.17 ms         1574 items_per_second=2.23843k/s
BM_main_graph$async_dispatch_135_embedded_elf_riscv_64_main_graph$async_dispatch_135_elementwise_12544_f32/process_time/real_time             0.445 ms         1.17 ms         1574 items_per_second=2.24953k/s
BM_main_graph$async_dispatch_135_embedded_elf_riscv_64_main_graph$async_dispatch_135_elementwise_12544_f32/process_time/real_time             0.448 ms         1.18 ms         1574 items_per_second=2.23237k/s
BM_main_graph$async_dispatch_135_embedded_elf_riscv_64_main_graph$async_dispatch_135_elementwise_12544_f32/process_time/real_time             0.443 ms         1.17 ms         1574 items_per_second=2.25668k/s
BM_main_graph$async_dispatch_135_embedded_elf_riscv_64_main_graph$async_dispatch_135_elementwise_12544_f32/process_time/real_time             0.445 ms         1.17 ms         1574 items_per_second=2.24875k/s
BM_main_graph$async_dispatch_135_embedded_elf_riscv_64_main_graph$async_dispatch_135_elementwise_12544_f32/process_time/real_time_mean        0.445 ms         1.17 ms           10 items_per_second=2.24471k/s
BM_main_graph$async_dispatch_135_embedded_elf_riscv_64_main_graph$async_dispatch_135_elementwise_12544_f32/process_time/real_time_median      0.445 ms         1.17 ms           10 items_per_second=2.24748k/s
BM_main_graph$async_dispatch_135_embedded_elf_riscv_64_main_graph$async_dispatch_135_elementwise_12544_f32/process_time/real_time_stddev      0.002 ms        0.002 ms           10 items_per_second=8.30462/s
BM_main_graph$async_dispatch_135_embedded_elf_riscv_64_main_graph$async_dispatch_135_elementwise_12544_f32/process_time/real_time_cv           0.37 %          0.15 %            10 items_per_second=0.37%
