2026-01-09T08:44:58.383945
Running tools/iree-benchmark-module --module=/home/dima/sched_vmfb/glpdepth_scalar/module_main_graph$async_dispatch_82_embedded_elf_riscv_64_benchmark.vmfb --device=local-task --function=main_graph$async_dispatch_82_embedded_elf_riscv_64_main_graph$async_dispatch_82_matmul_like_196x160x640_f32 --input=1xi32=1 --task_topology_cpu_ids=0,1,2 --benchmark_repetitions=10
2026-01-09T08:44:58+08:00
Running tools/iree-benchmark-module
Run on (8 X 1600 MHz CPU s)
CPU Caches:
  L1 Instruction 32 KiB (x8)
  L1 Data 32 KiB (x8)
  L2 Unified 512 KiB (x2)
Load Average: 4.31, 4.44, 4.03
-------------------------------------------------------------------------------------------------------------------------------------------------------------------------------------------------------
Benchmark                                                                                                                                             Time             CPU   Iterations UserCounters...
-------------------------------------------------------------------------------------------------------------------------------------------------------------------------------------------------------
BM_main_graph$async_dispatch_82_embedded_elf_riscv_64_main_graph$async_dispatch_82_matmul_like_196x160x640_f32/process_time/real_time              6.29 ms         17.8 ms          111 items_per_second=158.964/s
BM_main_graph$async_dispatch_82_embedded_elf_riscv_64_main_graph$async_dispatch_82_matmul_like_196x160x640_f32/process_time/real_time              6.30 ms         17.8 ms          111 items_per_second=158.769/s
BM_main_graph$async_dispatch_82_embedded_elf_riscv_64_main_graph$async_dispatch_82_matmul_like_196x160x640_f32/process_time/real_time              6.29 ms         17.8 ms          111 items_per_second=159.034/s
BM_main_graph$async_dispatch_82_embedded_elf_riscv_64_main_graph$async_dispatch_82_matmul_like_196x160x640_f32/process_time/real_time              6.31 ms         17.8 ms          111 items_per_second=158.604/s
BM_main_graph$async_dispatch_82_embedded_elf_riscv_64_main_graph$async_dispatch_82_matmul_like_196x160x640_f32/process_time/real_time              6.30 ms         17.8 ms          111 items_per_second=158.822/s
BM_main_graph$async_dispatch_82_embedded_elf_riscv_64_main_graph$async_dispatch_82_matmul_like_196x160x640_f32/process_time/real_time              6.29 ms         17.8 ms          111 items_per_second=158.978/s
BM_main_graph$async_dispatch_82_embedded_elf_riscv_64_main_graph$async_dispatch_82_matmul_like_196x160x640_f32/process_time/real_time              6.30 ms         17.8 ms          111 items_per_second=158.668/s
BM_main_graph$async_dispatch_82_embedded_elf_riscv_64_main_graph$async_dispatch_82_matmul_like_196x160x640_f32/process_time/real_time              6.29 ms         17.8 ms          111 items_per_second=158.907/s
BM_main_graph$async_dispatch_82_embedded_elf_riscv_64_main_graph$async_dispatch_82_matmul_like_196x160x640_f32/process_time/real_time              6.29 ms         17.8 ms          111 items_per_second=159.058/s
BM_main_graph$async_dispatch_82_embedded_elf_riscv_64_main_graph$async_dispatch_82_matmul_like_196x160x640_f32/process_time/real_time              6.30 ms         17.8 ms          111 items_per_second=158.647/s
BM_main_graph$async_dispatch_82_embedded_elf_riscv_64_main_graph$async_dispatch_82_matmul_like_196x160x640_f32/process_time/real_time_mean         6.30 ms         17.8 ms           10 items_per_second=158.845/s
BM_main_graph$async_dispatch_82_embedded_elf_riscv_64_main_graph$async_dispatch_82_matmul_like_196x160x640_f32/process_time/real_time_median       6.29 ms         17.8 ms           10 items_per_second=158.864/s
BM_main_graph$async_dispatch_82_embedded_elf_riscv_64_main_graph$async_dispatch_82_matmul_like_196x160x640_f32/process_time/real_time_stddev      0.007 ms        0.011 ms           10 items_per_second=0.167221/s
BM_main_graph$async_dispatch_82_embedded_elf_riscv_64_main_graph$async_dispatch_82_matmul_like_196x160x640_f32/process_time/real_time_cv           0.11 %          0.06 %            10 items_per_second=0.11%
