2026-01-09T08:39:31.576884
Running tools/iree-benchmark-module --module=/home/dima/sched_vmfb/glpdepth_scalar/module_main_graph$async_dispatch_153_embedded_elf_riscv_64_benchmark.vmfb --device=local-task --function=main_graph$async_dispatch_153_embedded_elf_riscv_64_main_graph$async_dispatch_153_conv_224x224x64x3x3_f32 --input=1xi32=1 --task_topology_cpu_ids=0,1,2 --benchmark_repetitions=10
2026-01-09T08:39:31+08:00
Running tools/iree-benchmark-module
Run on (8 X 1600 MHz CPU s)
CPU Caches:
  L1 Instruction 32 KiB (x8)
  L1 Data 32 KiB (x8)
  L2 Unified 512 KiB (x2)
Load Average: 4.85, 4.48, 3.84
-----------------------------------------------------------------------------------------------------------------------------------------------------------------------------------------------------
Benchmark                                                                                                                                           Time             CPU   Iterations UserCounters...
-----------------------------------------------------------------------------------------------------------------------------------------------------------------------------------------------------
BM_main_graph$async_dispatch_153_embedded_elf_riscv_64_main_graph$async_dispatch_153_conv_224x224x64x3x3_f32/process_time/real_time              66.8 ms          193 ms           10 items_per_second=14.9738/s
BM_main_graph$async_dispatch_153_embedded_elf_riscv_64_main_graph$async_dispatch_153_conv_224x224x64x3x3_f32/process_time/real_time              66.8 ms          193 ms           10 items_per_second=14.9727/s
BM_main_graph$async_dispatch_153_embedded_elf_riscv_64_main_graph$async_dispatch_153_conv_224x224x64x3x3_f32/process_time/real_time              66.8 ms          193 ms           10 items_per_second=14.9776/s
BM_main_graph$async_dispatch_153_embedded_elf_riscv_64_main_graph$async_dispatch_153_conv_224x224x64x3x3_f32/process_time/real_time              66.7 ms          193 ms           10 items_per_second=14.9854/s
BM_main_graph$async_dispatch_153_embedded_elf_riscv_64_main_graph$async_dispatch_153_conv_224x224x64x3x3_f32/process_time/real_time              66.8 ms          193 ms           10 items_per_second=14.9766/s
BM_main_graph$async_dispatch_153_embedded_elf_riscv_64_main_graph$async_dispatch_153_conv_224x224x64x3x3_f32/process_time/real_time              66.7 ms          193 ms           10 items_per_second=14.987/s
BM_main_graph$async_dispatch_153_embedded_elf_riscv_64_main_graph$async_dispatch_153_conv_224x224x64x3x3_f32/process_time/real_time              66.7 ms          193 ms           10 items_per_second=14.9864/s
BM_main_graph$async_dispatch_153_embedded_elf_riscv_64_main_graph$async_dispatch_153_conv_224x224x64x3x3_f32/process_time/real_time              66.8 ms          193 ms           10 items_per_second=14.9751/s
BM_main_graph$async_dispatch_153_embedded_elf_riscv_64_main_graph$async_dispatch_153_conv_224x224x64x3x3_f32/process_time/real_time              66.8 ms          193 ms           10 items_per_second=14.9727/s
BM_main_graph$async_dispatch_153_embedded_elf_riscv_64_main_graph$async_dispatch_153_conv_224x224x64x3x3_f32/process_time/real_time              66.8 ms          193 ms           10 items_per_second=14.977/s
BM_main_graph$async_dispatch_153_embedded_elf_riscv_64_main_graph$async_dispatch_153_conv_224x224x64x3x3_f32/process_time/real_time_mean         66.8 ms          193 ms           10 items_per_second=14.9784/s
BM_main_graph$async_dispatch_153_embedded_elf_riscv_64_main_graph$async_dispatch_153_conv_224x224x64x3x3_f32/process_time/real_time_median       66.8 ms          193 ms           10 items_per_second=14.9768/s
BM_main_graph$async_dispatch_153_embedded_elf_riscv_64_main_graph$async_dispatch_153_conv_224x224x64x3x3_f32/process_time/real_time_stddev      0.025 ms        0.153 ms           10 items_per_second=5.66195m/s
BM_main_graph$async_dispatch_153_embedded_elf_riscv_64_main_graph$async_dispatch_153_conv_224x224x64x3x3_f32/process_time/real_time_cv           0.04 %          0.08 %            10 items_per_second=0.04%
