2026-01-09T08:36:47.912205
Running tools/iree-benchmark-module --module=/home/dima/sched_vmfb/glpdepth_scalar/module_main_graph$async_dispatch_137_embedded_elf_riscv_64_benchmark.vmfb --device=local-task --function=main_graph$async_dispatch_137_embedded_elf_riscv_64_main_graph$async_dispatch_137_matmul_like_64x784x64_f32 --input=1xi32=1 --task_topology_cpu_ids=0,1,2 --benchmark_repetitions=10
2026-01-09T08:36:47+08:00
Running tools/iree-benchmark-module
Run on (8 X 1600 MHz CPU s)
CPU Caches:
  L1 Instruction 32 KiB (x8)
  L1 Data 32 KiB (x8)
  L2 Unified 512 KiB (x2)
Load Average: 4.57, 4.24, 3.65
-------------------------------------------------------------------------------------------------------------------------------------------------------------------------------------------------------
Benchmark                                                                                                                                             Time             CPU   Iterations UserCounters...
-------------------------------------------------------------------------------------------------------------------------------------------------------------------------------------------------------
BM_main_graph$async_dispatch_137_embedded_elf_riscv_64_main_graph$async_dispatch_137_matmul_like_64x784x64_f32/process_time/real_time              46.8 ms          131 ms           15 items_per_second=21.3551/s
BM_main_graph$async_dispatch_137_embedded_elf_riscv_64_main_graph$async_dispatch_137_matmul_like_64x784x64_f32/process_time/real_time              46.7 ms          131 ms           15 items_per_second=21.3982/s
BM_main_graph$async_dispatch_137_embedded_elf_riscv_64_main_graph$async_dispatch_137_matmul_like_64x784x64_f32/process_time/real_time              46.8 ms          130 ms           15 items_per_second=21.3685/s
BM_main_graph$async_dispatch_137_embedded_elf_riscv_64_main_graph$async_dispatch_137_matmul_like_64x784x64_f32/process_time/real_time              46.8 ms          131 ms           15 items_per_second=21.365/s
BM_main_graph$async_dispatch_137_embedded_elf_riscv_64_main_graph$async_dispatch_137_matmul_like_64x784x64_f32/process_time/real_time              46.7 ms          130 ms           15 items_per_second=21.4081/s
BM_main_graph$async_dispatch_137_embedded_elf_riscv_64_main_graph$async_dispatch_137_matmul_like_64x784x64_f32/process_time/real_time              46.7 ms          130 ms           15 items_per_second=21.4129/s
BM_main_graph$async_dispatch_137_embedded_elf_riscv_64_main_graph$async_dispatch_137_matmul_like_64x784x64_f32/process_time/real_time              46.8 ms          131 ms           15 items_per_second=21.3859/s
BM_main_graph$async_dispatch_137_embedded_elf_riscv_64_main_graph$async_dispatch_137_matmul_like_64x784x64_f32/process_time/real_time              46.8 ms          130 ms           15 items_per_second=21.3891/s
BM_main_graph$async_dispatch_137_embedded_elf_riscv_64_main_graph$async_dispatch_137_matmul_like_64x784x64_f32/process_time/real_time              46.8 ms          130 ms           15 items_per_second=21.3696/s
BM_main_graph$async_dispatch_137_embedded_elf_riscv_64_main_graph$async_dispatch_137_matmul_like_64x784x64_f32/process_time/real_time              46.8 ms          131 ms           15 items_per_second=21.3778/s
BM_main_graph$async_dispatch_137_embedded_elf_riscv_64_main_graph$async_dispatch_137_matmul_like_64x784x64_f32/process_time/real_time_mean         46.8 ms          131 ms           10 items_per_second=21.383/s
BM_main_graph$async_dispatch_137_embedded_elf_riscv_64_main_graph$async_dispatch_137_matmul_like_64x784x64_f32/process_time/real_time_median       46.8 ms          131 ms           10 items_per_second=21.3818/s
BM_main_graph$async_dispatch_137_embedded_elf_riscv_64_main_graph$async_dispatch_137_matmul_like_64x784x64_f32/process_time/real_time_stddev      0.042 ms        0.112 ms           10 items_per_second=0.0191996/s
BM_main_graph$async_dispatch_137_embedded_elf_riscv_64_main_graph$async_dispatch_137_matmul_like_64x784x64_f32/process_time/real_time_cv           0.09 %          0.09 %            10 items_per_second=0.09%
