2026-01-09T08:38:00.252820
Running tools/iree-benchmark-module --module=/home/dima/sched_vmfb/glpdepth_scalar/module_main_graph$async_dispatch_146_embedded_elf_riscv_64_benchmark.vmfb --device=local-task --function=main_graph$async_dispatch_146_embedded_elf_riscv_64_main_graph$async_dispatch_146_conv_64x56x56x128x3x3_f32 --input=1xi32=1 --task_topology_cpu_ids=0,1,2 --benchmark_repetitions=10
2026-01-09T08:38:00+08:00
Running tools/iree-benchmark-module
Run on (8 X 1600 MHz CPU s)
CPU Caches:
  L1 Instruction 32 KiB (x8)
  L1 Data 32 KiB (x8)
  L2 Unified 512 KiB (x2)
Load Average: 4.64, 4.34, 3.73
-------------------------------------------------------------------------------------------------------------------------------------------------------------------------------------------------------
Benchmark                                                                                                                                             Time             CPU   Iterations UserCounters...
-------------------------------------------------------------------------------------------------------------------------------------------------------------------------------------------------------
BM_main_graph$async_dispatch_146_embedded_elf_riscv_64_main_graph$async_dispatch_146_conv_64x56x56x128x3x3_f32/process_time/real_time               603 ms         1624 ms            1 items_per_second=1.65926/s
BM_main_graph$async_dispatch_146_embedded_elf_riscv_64_main_graph$async_dispatch_146_conv_64x56x56x128x3x3_f32/process_time/real_time               599 ms         1619 ms            1 items_per_second=1.67053/s
BM_main_graph$async_dispatch_146_embedded_elf_riscv_64_main_graph$async_dispatch_146_conv_64x56x56x128x3x3_f32/process_time/real_time               600 ms         1622 ms            1 items_per_second=1.6667/s
BM_main_graph$async_dispatch_146_embedded_elf_riscv_64_main_graph$async_dispatch_146_conv_64x56x56x128x3x3_f32/process_time/real_time               600 ms         1619 ms            1 items_per_second=1.66645/s
BM_main_graph$async_dispatch_146_embedded_elf_riscv_64_main_graph$async_dispatch_146_conv_64x56x56x128x3x3_f32/process_time/real_time               601 ms         1621 ms            1 items_per_second=1.66345/s
BM_main_graph$async_dispatch_146_embedded_elf_riscv_64_main_graph$async_dispatch_146_conv_64x56x56x128x3x3_f32/process_time/real_time               600 ms         1622 ms            1 items_per_second=1.66604/s
BM_main_graph$async_dispatch_146_embedded_elf_riscv_64_main_graph$async_dispatch_146_conv_64x56x56x128x3x3_f32/process_time/real_time               603 ms         1622 ms            1 items_per_second=1.6597/s
BM_main_graph$async_dispatch_146_embedded_elf_riscv_64_main_graph$async_dispatch_146_conv_64x56x56x128x3x3_f32/process_time/real_time               599 ms         1620 ms            1 items_per_second=1.66809/s
BM_main_graph$async_dispatch_146_embedded_elf_riscv_64_main_graph$async_dispatch_146_conv_64x56x56x128x3x3_f32/process_time/real_time               598 ms         1617 ms            1 items_per_second=1.67319/s
BM_main_graph$async_dispatch_146_embedded_elf_riscv_64_main_graph$async_dispatch_146_conv_64x56x56x128x3x3_f32/process_time/real_time               600 ms         1622 ms            1 items_per_second=1.66602/s
BM_main_graph$async_dispatch_146_embedded_elf_riscv_64_main_graph$async_dispatch_146_conv_64x56x56x128x3x3_f32/process_time/real_time_mean          600 ms         1621 ms           10 items_per_second=1.66594/s
BM_main_graph$async_dispatch_146_embedded_elf_riscv_64_main_graph$async_dispatch_146_conv_64x56x56x128x3x3_f32/process_time/real_time_median        600 ms         1621 ms           10 items_per_second=1.66625/s
BM_main_graph$async_dispatch_146_embedded_elf_riscv_64_main_graph$async_dispatch_146_conv_64x56x56x128x3x3_f32/process_time/real_time_stddev       1.56 ms         2.07 ms           10 items_per_second=4.33189m/s
BM_main_graph$async_dispatch_146_embedded_elf_riscv_64_main_graph$async_dispatch_146_conv_64x56x56x128x3x3_f32/process_time/real_time_cv           0.26 %          0.13 %            10 items_per_second=0.26%
