2026-01-09T08:36:11.080923
Running tools/iree-benchmark-module --module=/home/dima/sched_vmfb/glpdepth_scalar/module_main_graph$async_dispatch_132_embedded_elf_riscv_64_benchmark.vmfb --device=local-task --function=main_graph$async_dispatch_132_embedded_elf_riscv_64_main_graph$async_dispatch_132_conv_64x14x14x128x3x3_f32 --input=1xi32=1 --task_topology_cpu_ids=0,1,2 --benchmark_repetitions=10
2026-01-09T08:36:11+08:00
Running tools/iree-benchmark-module
Run on (8 X 1600 MHz CPU s)
CPU Caches:
  L1 Instruction 32 KiB (x8)
  L1 Data 32 KiB (x8)
  L2 Unified 512 KiB (x2)
Load Average: 4.44, 4.18, 3.61
-------------------------------------------------------------------------------------------------------------------------------------------------------------------------------------------------------
Benchmark                                                                                                                                             Time             CPU   Iterations UserCounters...
-------------------------------------------------------------------------------------------------------------------------------------------------------------------------------------------------------
BM_main_graph$async_dispatch_132_embedded_elf_riscv_64_main_graph$async_dispatch_132_conv_64x14x14x128x3x3_f32/process_time/real_time              34.0 ms         91.2 ms           21 items_per_second=29.3768/s
BM_main_graph$async_dispatch_132_embedded_elf_riscv_64_main_graph$async_dispatch_132_conv_64x14x14x128x3x3_f32/process_time/real_time              34.1 ms         91.4 ms           21 items_per_second=29.3191/s
BM_main_graph$async_dispatch_132_embedded_elf_riscv_64_main_graph$async_dispatch_132_conv_64x14x14x128x3x3_f32/process_time/real_time              34.0 ms         91.2 ms           21 items_per_second=29.3691/s
BM_main_graph$async_dispatch_132_embedded_elf_riscv_64_main_graph$async_dispatch_132_conv_64x14x14x128x3x3_f32/process_time/real_time              34.0 ms         91.2 ms           21 items_per_second=29.3894/s
BM_main_graph$async_dispatch_132_embedded_elf_riscv_64_main_graph$async_dispatch_132_conv_64x14x14x128x3x3_f32/process_time/real_time              34.1 ms         91.3 ms           21 items_per_second=29.3583/s
BM_main_graph$async_dispatch_132_embedded_elf_riscv_64_main_graph$async_dispatch_132_conv_64x14x14x128x3x3_f32/process_time/real_time              34.0 ms         91.2 ms           21 items_per_second=29.3863/s
BM_main_graph$async_dispatch_132_embedded_elf_riscv_64_main_graph$async_dispatch_132_conv_64x14x14x128x3x3_f32/process_time/real_time              34.1 ms         91.2 ms           21 items_per_second=29.3604/s
BM_main_graph$async_dispatch_132_embedded_elf_riscv_64_main_graph$async_dispatch_132_conv_64x14x14x128x3x3_f32/process_time/real_time              34.1 ms         91.4 ms           21 items_per_second=29.3342/s
BM_main_graph$async_dispatch_132_embedded_elf_riscv_64_main_graph$async_dispatch_132_conv_64x14x14x128x3x3_f32/process_time/real_time              34.1 ms         91.2 ms           21 items_per_second=29.3013/s
BM_main_graph$async_dispatch_132_embedded_elf_riscv_64_main_graph$async_dispatch_132_conv_64x14x14x128x3x3_f32/process_time/real_time              34.1 ms         91.2 ms           21 items_per_second=29.3635/s
BM_main_graph$async_dispatch_132_embedded_elf_riscv_64_main_graph$async_dispatch_132_conv_64x14x14x128x3x3_f32/process_time/real_time_mean         34.1 ms         91.2 ms           10 items_per_second=29.3558/s
BM_main_graph$async_dispatch_132_embedded_elf_riscv_64_main_graph$async_dispatch_132_conv_64x14x14x128x3x3_f32/process_time/real_time_median       34.1 ms         91.2 ms           10 items_per_second=29.362/s
BM_main_graph$async_dispatch_132_embedded_elf_riscv_64_main_graph$async_dispatch_132_conv_64x14x14x128x3x3_f32/process_time/real_time_stddev      0.034 ms        0.069 ms           10 items_per_second=0.028963/s
BM_main_graph$async_dispatch_132_embedded_elf_riscv_64_main_graph$async_dispatch_132_conv_64x14x14x128x3x3_f32/process_time/real_time_cv           0.10 %          0.08 %            10 items_per_second=0.10%
