2026-01-10T05:00:24.593434
Running tools/iree-benchmark-module --module=/home/dima/sched_vmfb/mlp_rvv/module_main_graph$async_dispatch_0_system_elf_riscv_64_benchmark.vmfb --device=local-task --function=main_graph$async_dispatch_0_system_elf_riscv_64_main_graph$async_dispatch_0_matvec_like_32x10_f32 --input=1xi32=1 --task_topology_cpu_ids=0,1,2,3 --benchmark_repetitions=10
2026-01-10T05:00:24+08:00
Running tools/iree-benchmark-module
Run on (8 X 1600 MHz CPU s)
CPU Caches:
  L1 Instruction 32 KiB (x8)
  L1 Data 32 KiB (x8)
  L2 Unified 512 KiB (x2)
Load Average: 3.29, 2.70, 2.28
---------------------------------------------------------------------------------------------------------------------------------------------------------------------------------------------
Benchmark                                                                                                                                   Time             CPU   Iterations UserCounters...
---------------------------------------------------------------------------------------------------------------------------------------------------------------------------------------------
BM_main_graph$async_dispatch_0_system_elf_riscv_64_main_graph$async_dispatch_0_matvec_like_32x10_f32/process_time/real_time             0.065 ms        0.070 ms        10816 items_per_second=15.4429k/s
BM_main_graph$async_dispatch_0_system_elf_riscv_64_main_graph$async_dispatch_0_matvec_like_32x10_f32/process_time/real_time             0.064 ms        0.070 ms        10816 items_per_second=15.5239k/s
BM_main_graph$async_dispatch_0_system_elf_riscv_64_main_graph$async_dispatch_0_matvec_like_32x10_f32/process_time/real_time             0.064 ms        0.070 ms        10816 items_per_second=15.518k/s
BM_main_graph$async_dispatch_0_system_elf_riscv_64_main_graph$async_dispatch_0_matvec_like_32x10_f32/process_time/real_time             0.067 ms        0.068 ms        10816 items_per_second=14.8696k/s
BM_main_graph$async_dispatch_0_system_elf_riscv_64_main_graph$async_dispatch_0_matvec_like_32x10_f32/process_time/real_time             0.053 ms        0.056 ms        10816 items_per_second=19.0182k/s
BM_main_graph$async_dispatch_0_system_elf_riscv_64_main_graph$async_dispatch_0_matvec_like_32x10_f32/process_time/real_time             0.066 ms        0.072 ms        10816 items_per_second=15.1996k/s
BM_main_graph$async_dispatch_0_system_elf_riscv_64_main_graph$async_dispatch_0_matvec_like_32x10_f32/process_time/real_time             0.065 ms        0.071 ms        10816 items_per_second=15.4128k/s
BM_main_graph$async_dispatch_0_system_elf_riscv_64_main_graph$async_dispatch_0_matvec_like_32x10_f32/process_time/real_time             0.065 ms        0.071 ms        10816 items_per_second=15.374k/s
BM_main_graph$async_dispatch_0_system_elf_riscv_64_main_graph$async_dispatch_0_matvec_like_32x10_f32/process_time/real_time             0.065 ms        0.071 ms        10816 items_per_second=15.2842k/s
BM_main_graph$async_dispatch_0_system_elf_riscv_64_main_graph$async_dispatch_0_matvec_like_32x10_f32/process_time/real_time             0.065 ms        0.071 ms        10816 items_per_second=15.4088k/s
BM_main_graph$async_dispatch_0_system_elf_riscv_64_main_graph$async_dispatch_0_matvec_like_32x10_f32/process_time/real_time_mean        0.064 ms        0.069 ms           10 items_per_second=15.7052k/s
BM_main_graph$async_dispatch_0_system_elf_riscv_64_main_graph$async_dispatch_0_matvec_like_32x10_f32/process_time/real_time_median      0.065 ms        0.070 ms           10 items_per_second=15.4108k/s
BM_main_graph$async_dispatch_0_system_elf_riscv_64_main_graph$async_dispatch_0_matvec_like_32x10_f32/process_time/real_time_stddev      0.004 ms        0.005 ms           10 items_per_second=1.17978k/s
BM_main_graph$async_dispatch_0_system_elf_riscv_64_main_graph$async_dispatch_0_matvec_like_32x10_f32/process_time/real_time_cv           6.38 %          6.88 %            10 items_per_second=7.51%
