2026-01-10T04:59:55.854386
Running tools/iree-benchmark-module --module=/home/dima/sched_vmfb/mlp_rvv/module__encoding_1_embedded_elf_riscv_64_benchmark.vmfb --device=local-task --function=_encoding_1_embedded_elf_riscv_64__encoding_1_encode_32xf32_to_32xf32 --input=1xi32=1 --task_topology_cpu_ids=0,1,2,3 --benchmark_repetitions=10
2026-01-10T04:59:55+08:00
Running tools/iree-benchmark-module
Run on (8 X 1600 MHz CPU s)
CPU Caches:
  L1 Instruction 32 KiB (x8)
  L1 Data 32 KiB (x8)
  L2 Unified 512 KiB (x2)
Load Average: 3.25, 2.63, 2.24
-----------------------------------------------------------------------------------------------------------------------------------------------------------------
Benchmark                                                                                                       Time             CPU   Iterations UserCounters...
-----------------------------------------------------------------------------------------------------------------------------------------------------------------
BM__encoding_1_embedded_elf_riscv_64__encoding_1_encode_32xf32_to_32xf32/process_time/real_time             0.082 ms        0.116 ms         8604 items_per_second=12.2167k/s
BM__encoding_1_embedded_elf_riscv_64__encoding_1_encode_32xf32_to_32xf32/process_time/real_time             0.081 ms        0.115 ms         8604 items_per_second=12.3238k/s
BM__encoding_1_embedded_elf_riscv_64__encoding_1_encode_32xf32_to_32xf32/process_time/real_time             0.082 ms        0.116 ms         8604 items_per_second=12.2234k/s
BM__encoding_1_embedded_elf_riscv_64__encoding_1_encode_32xf32_to_32xf32/process_time/real_time             0.083 ms        0.116 ms         8604 items_per_second=12.0019k/s
BM__encoding_1_embedded_elf_riscv_64__encoding_1_encode_32xf32_to_32xf32/process_time/real_time             0.082 ms        0.115 ms         8604 items_per_second=12.1998k/s
BM__encoding_1_embedded_elf_riscv_64__encoding_1_encode_32xf32_to_32xf32/process_time/real_time             0.082 ms        0.115 ms         8604 items_per_second=12.2507k/s
BM__encoding_1_embedded_elf_riscv_64__encoding_1_encode_32xf32_to_32xf32/process_time/real_time             0.082 ms        0.116 ms         8604 items_per_second=12.2041k/s
BM__encoding_1_embedded_elf_riscv_64__encoding_1_encode_32xf32_to_32xf32/process_time/real_time             0.081 ms        0.115 ms         8604 items_per_second=12.2767k/s
BM__encoding_1_embedded_elf_riscv_64__encoding_1_encode_32xf32_to_32xf32/process_time/real_time             0.081 ms        0.115 ms         8604 items_per_second=12.31k/s
BM__encoding_1_embedded_elf_riscv_64__encoding_1_encode_32xf32_to_32xf32/process_time/real_time             0.082 ms        0.115 ms         8604 items_per_second=12.173k/s
BM__encoding_1_embedded_elf_riscv_64__encoding_1_encode_32xf32_to_32xf32/process_time/real_time_mean        0.082 ms        0.115 ms           10 items_per_second=12.218k/s
BM__encoding_1_embedded_elf_riscv_64__encoding_1_encode_32xf32_to_32xf32/process_time/real_time_median      0.082 ms        0.115 ms           10 items_per_second=12.2201k/s
BM__encoding_1_embedded_elf_riscv_64__encoding_1_encode_32xf32_to_32xf32/process_time/real_time_stddev      0.001 ms        0.000 ms           10 items_per_second=90.3443/s
BM__encoding_1_embedded_elf_riscv_64__encoding_1_encode_32xf32_to_32xf32/process_time/real_time_cv           0.75 %          0.32 %            10 items_per_second=0.74%
