2026-01-09T09:35:36.708050
Running tools/iree-benchmark-module --module=/home/dima/sched_vmfb/dronet_ukernel/dispatch_7.vmfb --device=local-task --function=main_graph$async_dispatch_7_system_elf_riscv_64_main_graph$async_dispatch_7_matmul_like_64x7x7x32_f32 --input=1xi32=1 --task_topology_cpu_ids=0,1 --benchmark_repetitions=10
2026-01-09T09:35:36+08:00
Running tools/iree-benchmark-module
Run on (8 X 1600 MHz CPU s)
CPU Caches:
  L1 Instruction 32 KiB (x8)
  L1 Data 32 KiB (x8)
  L2 Unified 512 KiB (x2)
Load Average: 3.52, 2.82, 2.58
-------------------------------------------------------------------------------------------------------------------------------------------------------------------------------------------------
Benchmark                                                                                                                                       Time             CPU   Iterations UserCounters...
-------------------------------------------------------------------------------------------------------------------------------------------------------------------------------------------------
BM_main_graph$async_dispatch_7_system_elf_riscv_64_main_graph$async_dispatch_7_matmul_like_64x7x7x32_f32/process_time/real_time             0.656 ms         1.25 ms         1057 items_per_second=1.52353k/s
BM_main_graph$async_dispatch_7_system_elf_riscv_64_main_graph$async_dispatch_7_matmul_like_64x7x7x32_f32/process_time/real_time             0.654 ms         1.25 ms         1057 items_per_second=1.52926k/s
BM_main_graph$async_dispatch_7_system_elf_riscv_64_main_graph$async_dispatch_7_matmul_like_64x7x7x32_f32/process_time/real_time             0.654 ms         1.25 ms         1057 items_per_second=1.52918k/s
BM_main_graph$async_dispatch_7_system_elf_riscv_64_main_graph$async_dispatch_7_matmul_like_64x7x7x32_f32/process_time/real_time             0.655 ms         1.25 ms         1057 items_per_second=1.5263k/s
BM_main_graph$async_dispatch_7_system_elf_riscv_64_main_graph$async_dispatch_7_matmul_like_64x7x7x32_f32/process_time/real_time             0.656 ms         1.25 ms         1057 items_per_second=1.52554k/s
BM_main_graph$async_dispatch_7_system_elf_riscv_64_main_graph$async_dispatch_7_matmul_like_64x7x7x32_f32/process_time/real_time             0.655 ms         1.25 ms         1057 items_per_second=1.52666k/s
BM_main_graph$async_dispatch_7_system_elf_riscv_64_main_graph$async_dispatch_7_matmul_like_64x7x7x32_f32/process_time/real_time             0.656 ms         1.25 ms         1057 items_per_second=1.52509k/s
BM_main_graph$async_dispatch_7_system_elf_riscv_64_main_graph$async_dispatch_7_matmul_like_64x7x7x32_f32/process_time/real_time             0.654 ms         1.25 ms         1057 items_per_second=1.52824k/s
BM_main_graph$async_dispatch_7_system_elf_riscv_64_main_graph$async_dispatch_7_matmul_like_64x7x7x32_f32/process_time/real_time             0.652 ms         1.25 ms         1057 items_per_second=1.53345k/s
BM_main_graph$async_dispatch_7_system_elf_riscv_64_main_graph$async_dispatch_7_matmul_like_64x7x7x32_f32/process_time/real_time             0.655 ms         1.25 ms         1057 items_per_second=1.52634k/s
BM_main_graph$async_dispatch_7_system_elf_riscv_64_main_graph$async_dispatch_7_matmul_like_64x7x7x32_f32/process_time/real_time_mean        0.655 ms         1.25 ms           10 items_per_second=1.52736k/s
BM_main_graph$async_dispatch_7_system_elf_riscv_64_main_graph$async_dispatch_7_matmul_like_64x7x7x32_f32/process_time/real_time_median      0.655 ms         1.25 ms           10 items_per_second=1.5265k/s
BM_main_graph$async_dispatch_7_system_elf_riscv_64_main_graph$async_dispatch_7_matmul_like_64x7x7x32_f32/process_time/real_time_stddev      0.001 ms        0.002 ms           10 items_per_second=2.80081/s
BM_main_graph$async_dispatch_7_system_elf_riscv_64_main_graph$async_dispatch_7_matmul_like_64x7x7x32_f32/process_time/real_time_cv           0.18 %          0.16 %            10 items_per_second=0.18%
