2026-01-09T09:34:32.375123
Running tools/iree-benchmark-module --module=/home/dima/sched_vmfb/dronet_ukernel/dispatch_12.vmfb --device=local-task --function=main_graph$async_dispatch_12_system_elf_riscv_64_main_graph$async_dispatch_12_matvec_like_2048_f32 --input=1xi32=1 --task_topology_cpu_ids=0,1 --benchmark_repetitions=10
2026-01-09T09:34:32+08:00
Running tools/iree-benchmark-module
Run on (8 X 1600 MHz CPU s)
CPU Caches:
  L1 Instruction 32 KiB (x8)
  L1 Data 32 KiB (x8)
  L2 Unified 512 KiB (x2)
Load Average: 3.39, 2.65, 2.51
----------------------------------------------------------------------------------------------------------------------------------------------------------------------------------------------
Benchmark                                                                                                                                    Time             CPU   Iterations UserCounters...
----------------------------------------------------------------------------------------------------------------------------------------------------------------------------------------------
BM_main_graph$async_dispatch_12_system_elf_riscv_64_main_graph$async_dispatch_12_matvec_like_2048_f32/process_time/real_time             0.084 ms        0.091 ms         8347 items_per_second=11.8656k/s
BM_main_graph$async_dispatch_12_system_elf_riscv_64_main_graph$async_dispatch_12_matvec_like_2048_f32/process_time/real_time             0.084 ms        0.090 ms         8347 items_per_second=11.9073k/s
BM_main_graph$async_dispatch_12_system_elf_riscv_64_main_graph$async_dispatch_12_matvec_like_2048_f32/process_time/real_time             0.084 ms        0.091 ms         8347 items_per_second=11.8348k/s
BM_main_graph$async_dispatch_12_system_elf_riscv_64_main_graph$async_dispatch_12_matvec_like_2048_f32/process_time/real_time             0.084 ms        0.090 ms         8347 items_per_second=11.8444k/s
BM_main_graph$async_dispatch_12_system_elf_riscv_64_main_graph$async_dispatch_12_matvec_like_2048_f32/process_time/real_time             0.077 ms        0.084 ms         8347 items_per_second=12.9927k/s
BM_main_graph$async_dispatch_12_system_elf_riscv_64_main_graph$async_dispatch_12_matvec_like_2048_f32/process_time/real_time             0.074 ms        0.081 ms         8347 items_per_second=13.497k/s
BM_main_graph$async_dispatch_12_system_elf_riscv_64_main_graph$async_dispatch_12_matvec_like_2048_f32/process_time/real_time             0.073 ms        0.079 ms         8347 items_per_second=13.7008k/s
BM_main_graph$async_dispatch_12_system_elf_riscv_64_main_graph$async_dispatch_12_matvec_like_2048_f32/process_time/real_time             0.074 ms        0.080 ms         8347 items_per_second=13.6048k/s
BM_main_graph$async_dispatch_12_system_elf_riscv_64_main_graph$async_dispatch_12_matvec_like_2048_f32/process_time/real_time             0.074 ms        0.079 ms         8347 items_per_second=13.5947k/s
BM_main_graph$async_dispatch_12_system_elf_riscv_64_main_graph$async_dispatch_12_matvec_like_2048_f32/process_time/real_time             0.073 ms        0.079 ms         8347 items_per_second=13.7457k/s
BM_main_graph$async_dispatch_12_system_elf_riscv_64_main_graph$async_dispatch_12_matvec_like_2048_f32/process_time/real_time_mean        0.078 ms        0.084 ms           10 items_per_second=12.8588k/s
BM_main_graph$async_dispatch_12_system_elf_riscv_64_main_graph$async_dispatch_12_matvec_like_2048_f32/process_time/real_time_median      0.076 ms        0.082 ms           10 items_per_second=13.2448k/s
BM_main_graph$async_dispatch_12_system_elf_riscv_64_main_graph$async_dispatch_12_matvec_like_2048_f32/process_time/real_time_stddev      0.005 ms        0.005 ms           10 items_per_second=881.187/s
BM_main_graph$async_dispatch_12_system_elf_riscv_64_main_graph$async_dispatch_12_matvec_like_2048_f32/process_time/real_time_cv           6.98 %          6.44 %            10 items_per_second=6.85%
