2026-01-09T09:34:18.203692
Running tools/iree-benchmark-module --module=/home/dima/sched_vmfb/dronet_ukernel/dispatch_10.vmfb --device=local-task --function=main_graph$async_dispatch_10_system_elf_riscv_64_main_graph$async_dispatch_10_matmul_like_128x4x4x64_f32 --input=1xi32=1 --task_topology_cpu_ids=0,1 --benchmark_repetitions=10
2026-01-09T09:34:18+08:00
Running tools/iree-benchmark-module
Run on (8 X 1600 MHz CPU s)
CPU Caches:
  L1 Instruction 32 KiB (x8)
  L1 Data 32 KiB (x8)
  L2 Unified 512 KiB (x2)
Load Average: 3.27, 2.60, 2.50
----------------------------------------------------------------------------------------------------------------------------------------------------------------------------------------------------
Benchmark                                                                                                                                          Time             CPU   Iterations UserCounters...
----------------------------------------------------------------------------------------------------------------------------------------------------------------------------------------------------
BM_main_graph$async_dispatch_10_system_elf_riscv_64_main_graph$async_dispatch_10_matmul_like_128x4x4x64_f32/process_time/real_time             0.734 ms         1.39 ms          952 items_per_second=1.36187k/s
BM_main_graph$async_dispatch_10_system_elf_riscv_64_main_graph$async_dispatch_10_matmul_like_128x4x4x64_f32/process_time/real_time             0.731 ms         1.38 ms          952 items_per_second=1.36797k/s
BM_main_graph$async_dispatch_10_system_elf_riscv_64_main_graph$async_dispatch_10_matmul_like_128x4x4x64_f32/process_time/real_time             0.731 ms         1.38 ms          952 items_per_second=1.36782k/s
BM_main_graph$async_dispatch_10_system_elf_riscv_64_main_graph$async_dispatch_10_matmul_like_128x4x4x64_f32/process_time/real_time             0.734 ms         1.39 ms          952 items_per_second=1.36241k/s
BM_main_graph$async_dispatch_10_system_elf_riscv_64_main_graph$async_dispatch_10_matmul_like_128x4x4x64_f32/process_time/real_time             0.732 ms         1.38 ms          952 items_per_second=1.36637k/s
BM_main_graph$async_dispatch_10_system_elf_riscv_64_main_graph$async_dispatch_10_matmul_like_128x4x4x64_f32/process_time/real_time             0.730 ms         1.38 ms          952 items_per_second=1.37k/s
BM_main_graph$async_dispatch_10_system_elf_riscv_64_main_graph$async_dispatch_10_matmul_like_128x4x4x64_f32/process_time/real_time             0.733 ms         1.39 ms          952 items_per_second=1.3635k/s
BM_main_graph$async_dispatch_10_system_elf_riscv_64_main_graph$async_dispatch_10_matmul_like_128x4x4x64_f32/process_time/real_time             0.731 ms         1.38 ms          952 items_per_second=1.36841k/s
BM_main_graph$async_dispatch_10_system_elf_riscv_64_main_graph$async_dispatch_10_matmul_like_128x4x4x64_f32/process_time/real_time             0.737 ms         1.39 ms          952 items_per_second=1.35637k/s
BM_main_graph$async_dispatch_10_system_elf_riscv_64_main_graph$async_dispatch_10_matmul_like_128x4x4x64_f32/process_time/real_time             0.720 ms         1.38 ms          952 items_per_second=1.38948k/s
BM_main_graph$async_dispatch_10_system_elf_riscv_64_main_graph$async_dispatch_10_matmul_like_128x4x4x64_f32/process_time/real_time_mean        0.731 ms         1.38 ms           10 items_per_second=1.36742k/s
BM_main_graph$async_dispatch_10_system_elf_riscv_64_main_graph$async_dispatch_10_matmul_like_128x4x4x64_f32/process_time/real_time_median      0.731 ms         1.38 ms           10 items_per_second=1.3671k/s
BM_main_graph$async_dispatch_10_system_elf_riscv_64_main_graph$async_dispatch_10_matmul_like_128x4x4x64_f32/process_time/real_time_stddev      0.005 ms        0.002 ms           10 items_per_second=8.75001/s
BM_main_graph$async_dispatch_10_system_elf_riscv_64_main_graph$async_dispatch_10_matmul_like_128x4x4x64_f32/process_time/real_time_cv           0.63 %          0.14 %            10 items_per_second=0.64%
