2026-01-09T09:34:25.309848
Running tools/iree-benchmark-module --module=/home/dima/sched_vmfb/dronet_ukernel/dispatch_11.vmfb --device=local-task --function=main_graph$async_dispatch_11_system_elf_riscv_64_main_graph$async_dispatch_11_conv_128x4x4x128x3x3_f32 --input=1xi32=1 --task_topology_cpu_ids=0,1 --benchmark_repetitions=10
2026-01-09T09:34:25+08:00
Running tools/iree-benchmark-module
Run on (8 X 1600 MHz CPU s)
CPU Caches:
  L1 Instruction 32 KiB (x8)
  L1 Data 32 KiB (x8)
  L2 Unified 512 KiB (x2)
Load Average: 3.33, 2.63, 2.51
--------------------------------------------------------------------------------------------------------------------------------------------------------------------------------------------------
Benchmark                                                                                                                                        Time             CPU   Iterations UserCounters...
--------------------------------------------------------------------------------------------------------------------------------------------------------------------------------------------------
BM_main_graph$async_dispatch_11_system_elf_riscv_64_main_graph$async_dispatch_11_conv_128x4x4x128x3x3_f32/process_time/real_time              7.98 ms         15.8 ms           87 items_per_second=125.314/s
BM_main_graph$async_dispatch_11_system_elf_riscv_64_main_graph$async_dispatch_11_conv_128x4x4x128x3x3_f32/process_time/real_time              8.00 ms         15.8 ms           87 items_per_second=124.985/s
BM_main_graph$async_dispatch_11_system_elf_riscv_64_main_graph$async_dispatch_11_conv_128x4x4x128x3x3_f32/process_time/real_time              7.97 ms         15.8 ms           87 items_per_second=125.4/s
BM_main_graph$async_dispatch_11_system_elf_riscv_64_main_graph$async_dispatch_11_conv_128x4x4x128x3x3_f32/process_time/real_time              7.98 ms         15.8 ms           87 items_per_second=125.323/s
BM_main_graph$async_dispatch_11_system_elf_riscv_64_main_graph$async_dispatch_11_conv_128x4x4x128x3x3_f32/process_time/real_time              8.04 ms         15.8 ms           87 items_per_second=124.307/s
BM_main_graph$async_dispatch_11_system_elf_riscv_64_main_graph$async_dispatch_11_conv_128x4x4x128x3x3_f32/process_time/real_time              7.98 ms         15.8 ms           87 items_per_second=125.332/s
BM_main_graph$async_dispatch_11_system_elf_riscv_64_main_graph$async_dispatch_11_conv_128x4x4x128x3x3_f32/process_time/real_time              7.98 ms         15.8 ms           87 items_per_second=125.38/s
BM_main_graph$async_dispatch_11_system_elf_riscv_64_main_graph$async_dispatch_11_conv_128x4x4x128x3x3_f32/process_time/real_time              8.01 ms         15.8 ms           87 items_per_second=124.905/s
BM_main_graph$async_dispatch_11_system_elf_riscv_64_main_graph$async_dispatch_11_conv_128x4x4x128x3x3_f32/process_time/real_time              7.98 ms         15.8 ms           87 items_per_second=125.38/s
BM_main_graph$async_dispatch_11_system_elf_riscv_64_main_graph$async_dispatch_11_conv_128x4x4x128x3x3_f32/process_time/real_time              7.98 ms         15.8 ms           87 items_per_second=125.377/s
BM_main_graph$async_dispatch_11_system_elf_riscv_64_main_graph$async_dispatch_11_conv_128x4x4x128x3x3_f32/process_time/real_time_mean         7.99 ms         15.8 ms           10 items_per_second=125.17/s
BM_main_graph$async_dispatch_11_system_elf_riscv_64_main_graph$async_dispatch_11_conv_128x4x4x128x3x3_f32/process_time/real_time_median       7.98 ms         15.8 ms           10 items_per_second=125.327/s
BM_main_graph$async_dispatch_11_system_elf_riscv_64_main_graph$async_dispatch_11_conv_128x4x4x128x3x3_f32/process_time/real_time_stddev      0.022 ms        0.014 ms           10 items_per_second=0.350104/s
BM_main_graph$async_dispatch_11_system_elf_riscv_64_main_graph$async_dispatch_11_conv_128x4x4x128x3x3_f32/process_time/real_time_cv           0.28 %          0.09 %            10 items_per_second=0.28%
