2026-01-09T09:35:08.104702
Running tools/iree-benchmark-module --module=/home/dima/sched_vmfb/dronet_ukernel/dispatch_3.vmfb --device=local-task --function=main_graph$async_dispatch_3_system_elf_riscv_64_main_graph$async_dispatch_3_conv_32x14x14x32x3x3_f32 --input=1xi32=1 --task_topology_cpu_ids=0,1 --benchmark_repetitions=10
2026-01-09T09:35:08+08:00
Running tools/iree-benchmark-module
Run on (8 X 1600 MHz CPU s)
CPU Caches:
  L1 Instruction 32 KiB (x8)
  L1 Data 32 KiB (x8)
  L2 Unified 512 KiB (x2)
Load Average: 3.27, 2.71, 2.54
------------------------------------------------------------------------------------------------------------------------------------------------------------------------------------------------
Benchmark                                                                                                                                      Time             CPU   Iterations UserCounters...
------------------------------------------------------------------------------------------------------------------------------------------------------------------------------------------------
BM_main_graph$async_dispatch_3_system_elf_riscv_64_main_graph$async_dispatch_3_conv_32x14x14x32x3x3_f32/process_time/real_time              6.66 ms         13.2 ms          104 items_per_second=150.168/s
BM_main_graph$async_dispatch_3_system_elf_riscv_64_main_graph$async_dispatch_3_conv_32x14x14x32x3x3_f32/process_time/real_time              6.72 ms         13.2 ms          104 items_per_second=148.83/s
BM_main_graph$async_dispatch_3_system_elf_riscv_64_main_graph$async_dispatch_3_conv_32x14x14x32x3x3_f32/process_time/real_time              6.65 ms         13.2 ms          104 items_per_second=150.348/s
BM_main_graph$async_dispatch_3_system_elf_riscv_64_main_graph$async_dispatch_3_conv_32x14x14x32x3x3_f32/process_time/real_time              6.69 ms         13.2 ms          104 items_per_second=149.441/s
BM_main_graph$async_dispatch_3_system_elf_riscv_64_main_graph$async_dispatch_3_conv_32x14x14x32x3x3_f32/process_time/real_time              6.65 ms         13.2 ms          104 items_per_second=150.313/s
BM_main_graph$async_dispatch_3_system_elf_riscv_64_main_graph$async_dispatch_3_conv_32x14x14x32x3x3_f32/process_time/real_time              6.66 ms         13.2 ms          104 items_per_second=150.141/s
BM_main_graph$async_dispatch_3_system_elf_riscv_64_main_graph$async_dispatch_3_conv_32x14x14x32x3x3_f32/process_time/real_time              6.68 ms         13.2 ms          104 items_per_second=149.636/s
BM_main_graph$async_dispatch_3_system_elf_riscv_64_main_graph$async_dispatch_3_conv_32x14x14x32x3x3_f32/process_time/real_time              6.66 ms         13.2 ms          104 items_per_second=150.208/s
BM_main_graph$async_dispatch_3_system_elf_riscv_64_main_graph$async_dispatch_3_conv_32x14x14x32x3x3_f32/process_time/real_time              6.65 ms         13.2 ms          104 items_per_second=150.378/s
BM_main_graph$async_dispatch_3_system_elf_riscv_64_main_graph$async_dispatch_3_conv_32x14x14x32x3x3_f32/process_time/real_time              6.71 ms         13.2 ms          104 items_per_second=149.024/s
BM_main_graph$async_dispatch_3_system_elf_riscv_64_main_graph$async_dispatch_3_conv_32x14x14x32x3x3_f32/process_time/real_time_mean         6.67 ms         13.2 ms           10 items_per_second=149.849/s
BM_main_graph$async_dispatch_3_system_elf_riscv_64_main_graph$async_dispatch_3_conv_32x14x14x32x3x3_f32/process_time/real_time_median       6.66 ms         13.2 ms           10 items_per_second=150.155/s
BM_main_graph$async_dispatch_3_system_elf_riscv_64_main_graph$async_dispatch_3_conv_32x14x14x32x3x3_f32/process_time/real_time_stddev      0.026 ms        0.018 ms           10 items_per_second=0.576691/s
BM_main_graph$async_dispatch_3_system_elf_riscv_64_main_graph$async_dispatch_3_conv_32x14x14x32x3x3_f32/process_time/real_time_cv           0.39 %          0.14 %            10 items_per_second=0.38%
