2026-01-09T13:27:11.680620
Running tools/iree-benchmark-module --module=/home/dima/sched_vmfb/dronet_ukernel/module_main_graph$async_dispatch_13_embedded_elf_riscv_64_benchmark.vmfb --device=local-task --function=main_graph$async_dispatch_13_embedded_elf_riscv_64_main_graph$async_dispatch_13_slow_memcpy --input=1xi32=1 --task_topology_cpu_ids=0,1 --benchmark_repetitions=10
2026-01-09T13:27:11+08:00
Running tools/iree-benchmark-module
Run on (8 X 1600 MHz CPU s)
CPU Caches:
  L1 Instruction 32 KiB (x8)
  L1 Data 32 KiB (x8)
  L2 Unified 512 KiB (x2)
Load Average: 3.24, 2.58, 2.33
---------------------------------------------------------------------------------------------------------------------------------------------------------------------------------------
Benchmark                                                                                                                             Time             CPU   Iterations UserCounters...
---------------------------------------------------------------------------------------------------------------------------------------------------------------------------------------
BM_main_graph$async_dispatch_13_embedded_elf_riscv_64_main_graph$async_dispatch_13_slow_memcpy/process_time/real_time             0.064 ms        0.070 ms        10825 items_per_second=15.5523k/s
BM_main_graph$async_dispatch_13_embedded_elf_riscv_64_main_graph$async_dispatch_13_slow_memcpy/process_time/real_time             0.064 ms        0.070 ms        10825 items_per_second=15.5729k/s
BM_main_graph$async_dispatch_13_embedded_elf_riscv_64_main_graph$async_dispatch_13_slow_memcpy/process_time/real_time             0.064 ms        0.070 ms        10825 items_per_second=15.5513k/s
BM_main_graph$async_dispatch_13_embedded_elf_riscv_64_main_graph$async_dispatch_13_slow_memcpy/process_time/real_time             0.064 ms        0.070 ms        10825 items_per_second=15.716k/s
BM_main_graph$async_dispatch_13_embedded_elf_riscv_64_main_graph$async_dispatch_13_slow_memcpy/process_time/real_time             0.063 ms        0.069 ms        10825 items_per_second=15.7856k/s
BM_main_graph$async_dispatch_13_embedded_elf_riscv_64_main_graph$async_dispatch_13_slow_memcpy/process_time/real_time             0.065 ms        0.070 ms        10825 items_per_second=15.4209k/s
BM_main_graph$async_dispatch_13_embedded_elf_riscv_64_main_graph$async_dispatch_13_slow_memcpy/process_time/real_time             0.065 ms        0.070 ms        10825 items_per_second=15.5033k/s
BM_main_graph$async_dispatch_13_embedded_elf_riscv_64_main_graph$async_dispatch_13_slow_memcpy/process_time/real_time             0.064 ms        0.070 ms        10825 items_per_second=15.5426k/s
BM_main_graph$async_dispatch_13_embedded_elf_riscv_64_main_graph$async_dispatch_13_slow_memcpy/process_time/real_time             0.064 ms        0.070 ms        10825 items_per_second=15.7194k/s
BM_main_graph$async_dispatch_13_embedded_elf_riscv_64_main_graph$async_dispatch_13_slow_memcpy/process_time/real_time             0.064 ms        0.070 ms        10825 items_per_second=15.6516k/s
BM_main_graph$async_dispatch_13_embedded_elf_riscv_64_main_graph$async_dispatch_13_slow_memcpy/process_time/real_time_mean        0.064 ms        0.070 ms           10 items_per_second=15.6016k/s
BM_main_graph$async_dispatch_13_embedded_elf_riscv_64_main_graph$async_dispatch_13_slow_memcpy/process_time/real_time_median      0.064 ms        0.070 ms           10 items_per_second=15.5626k/s
BM_main_graph$async_dispatch_13_embedded_elf_riscv_64_main_graph$async_dispatch_13_slow_memcpy/process_time/real_time_stddev      0.000 ms        0.000 ms           10 items_per_second=112.996/s
BM_main_graph$async_dispatch_13_embedded_elf_riscv_64_main_graph$async_dispatch_13_slow_memcpy/process_time/real_time_cv           0.72 %          0.49 %            10 items_per_second=0.72%
