+ /usr/bin/python3 flow_c.py artifacts --workload /scratch2/dima/misc_sw/XPU-RT/qnn_models/flow_c/sweeps/qrb5165_20260829-200620/workloads/fused_vint_seed1.flowc.json
(cwd=/scratch2/dima/misc_sw/XPU-RT/qnn_models/flow_c)


=== artifacts ===================================================
mlp_control: 3 dispatch graph(s), 3 profile CSV(s)
fused_split: 3 dispatch graph(s), 3 profile CSV(s)
yolov8n_a: 3 dispatch graph(s), 3 profile CSV(s)
yolov8n_b: 3 dispatch graph(s), 3 profile CSV(s)
yolov8n_c: 3 dispatch graph(s), 3 profile CSV(s)
yolov8n_d: 3 dispatch graph(s), 3 profile CSV(s)
yolov8n_e: 3 dispatch graph(s), 3 profile CSV(s)
vint: 3 dispatch graph(s), 3 profile CSV(s)
  excluded: mlp_control/mlp_control_full on hta: excluded (registry says hta cannot run ['elu_s8']); cost set to 58900 us
  excluded: fused_split/fused_tail on hta: excluded (registry says hta cannot run ['cast_i8_to_f16', 'cat3_c1_f16', 'linear_f16', 'lstm_f16']); cost set to 430350 us
  excluded: yolov8n/yolov8n_head on hta: excluded (registry says hta cannot run ['reshape', 'slice', 'softmax', 'transpose']); cost set to 3946462 us
  excluded: yolov8n/yolov8n_head on hta: excluded (registry says hta cannot run ['reshape', 'slice', 'softmax', 'transpose']); cost set to 3946462 us
  excluded: yolov8n/yolov8n_head on hta: excluded (registry says hta cannot run ['reshape', 'slice', 'softmax', 'transpose']); cost set to 3946462 us
  excluded: yolov8n/yolov8n_head on hta: excluded (registry says hta cannot run ['reshape', 'slice', 'softmax', 'transpose']); cost set to 3946462 us
  excluded: yolov8n/yolov8n_head on hta: excluded (registry says hta cannot run ['reshape', 'slice', 'softmax', 'transpose']); cost set to 3946462 us
  excluded: vint/vint_encoders on hta: excluded (registry says hta cannot run ['adaptive_avg_pool2d_f16', 'adaptive_avg_pool2d_s8', 'add_f16', 'batchnorm2d_f16', 'cast_i8_to_f16', 'cat2_c1_f16', 'conv2d_f16', 'depthwise_conv2d_f16', 'depthwise_conv2d_s8', 'linear_f16', 'mul_c1_f16', 'mul_c1_s8', 'mul_f16', 'pad_f16', 'pad_s8', 'sigmoid_f16', 'slice_c_f16']); cost set to 8416300 us
  excluded: vint/vint_decoder on hta: excluded (registry says hta cannot run ['cast_f16_to_i8', 'cast_i8_to_f16', 'cat2_c1_s8', 'gelu_s8', 'layer_norm_s8', 'linear_f16', 'matmul_s8', 'relu_f16', 'softmax_s8', 'vint_action_post']); cost set to 3782600 us
  excluded: vint/vint_decoder on dsp: excluded (registry says dsp cannot run ['cast_f16_to_i8', 'cat2_c1_s8', 'gelu_s8', 'layer_norm_s8', 'matmul_s8', 'relu_f16', 'vint_action_post']); cost set to 3782600 us
measured horizon (non-periodic worst case): 121.99 ms -> mlp_controlx25, fused_splitx13
workload spec: data/toplevel/networks_fused_vint_seed1.json

--- stderr ---
