2026-01-09T09:52:04.561375
Running tools/iree-benchmark-module --module=/home/dima/sched_vmfb/dronet_scalar/module_main_graph$async_dispatch_0_embedded_elf_riscv_64_benchmark.vmfb --device=local-task --function=main_graph$async_dispatch_0_embedded_elf_riscv_64_main_graph$async_dispatch_0_slow_memcpy --input=1xi32=1 --task_topology_cpu_ids=0,1 --benchmark_repetitions=10
2026-01-09T09:52:04+08:00
Running tools/iree-benchmark-module
Run on (8 X 1600 MHz CPU s)
CPU Caches:
  L1 Instruction 32 KiB (x8)
  L1 Data 32 KiB (x8)
  L2 Unified 512 KiB (x2)
Load Average: 2.89, 2.91, 2.91
-------------------------------------------------------------------------------------------------------------------------------------------------------------------------------------
Benchmark                                                                                                                           Time             CPU   Iterations UserCounters...
-------------------------------------------------------------------------------------------------------------------------------------------------------------------------------------
BM_main_graph$async_dispatch_0_embedded_elf_riscv_64_main_graph$async_dispatch_0_slow_memcpy/process_time/real_time             0.207 ms        0.324 ms         3400 items_per_second=4.82077k/s
BM_main_graph$async_dispatch_0_embedded_elf_riscv_64_main_graph$async_dispatch_0_slow_memcpy/process_time/real_time             0.206 ms        0.323 ms         3400 items_per_second=4.86124k/s
BM_main_graph$async_dispatch_0_embedded_elf_riscv_64_main_graph$async_dispatch_0_slow_memcpy/process_time/real_time             0.206 ms        0.323 ms         3400 items_per_second=4.85961k/s
BM_main_graph$async_dispatch_0_embedded_elf_riscv_64_main_graph$async_dispatch_0_slow_memcpy/process_time/real_time             0.207 ms        0.324 ms         3400 items_per_second=4.83914k/s
BM_main_graph$async_dispatch_0_embedded_elf_riscv_64_main_graph$async_dispatch_0_slow_memcpy/process_time/real_time             0.207 ms        0.324 ms         3400 items_per_second=4.84107k/s
BM_main_graph$async_dispatch_0_embedded_elf_riscv_64_main_graph$async_dispatch_0_slow_memcpy/process_time/real_time             0.207 ms        0.323 ms         3400 items_per_second=4.83197k/s
BM_main_graph$async_dispatch_0_embedded_elf_riscv_64_main_graph$async_dispatch_0_slow_memcpy/process_time/real_time             0.206 ms        0.324 ms         3400 items_per_second=4.84496k/s
BM_main_graph$async_dispatch_0_embedded_elf_riscv_64_main_graph$async_dispatch_0_slow_memcpy/process_time/real_time             0.206 ms        0.323 ms         3400 items_per_second=4.85863k/s
BM_main_graph$async_dispatch_0_embedded_elf_riscv_64_main_graph$async_dispatch_0_slow_memcpy/process_time/real_time             0.206 ms        0.323 ms         3400 items_per_second=4.85053k/s
BM_main_graph$async_dispatch_0_embedded_elf_riscv_64_main_graph$async_dispatch_0_slow_memcpy/process_time/real_time             0.206 ms        0.323 ms         3400 items_per_second=4.85401k/s
BM_main_graph$async_dispatch_0_embedded_elf_riscv_64_main_graph$async_dispatch_0_slow_memcpy/process_time/real_time_mean        0.206 ms        0.323 ms           10 items_per_second=4.84619k/s
BM_main_graph$async_dispatch_0_embedded_elf_riscv_64_main_graph$async_dispatch_0_slow_memcpy/process_time/real_time_median      0.206 ms        0.323 ms           10 items_per_second=4.84775k/s
BM_main_graph$async_dispatch_0_embedded_elf_riscv_64_main_graph$async_dispatch_0_slow_memcpy/process_time/real_time_stddev      0.001 ms        0.001 ms           10 items_per_second=13.1941/s
BM_main_graph$async_dispatch_0_embedded_elf_riscv_64_main_graph$async_dispatch_0_slow_memcpy/process_time/real_time_cv           0.27 %          0.16 %            10 items_per_second=0.27%
