2026-01-09T09:52:26.502428
Running tools/iree-benchmark-module --module=/home/dima/sched_vmfb/dronet_scalar/module_main_graph$async_dispatch_12_embedded_elf_riscv_64_benchmark.vmfb --device=local-task --function=main_graph$async_dispatch_12_embedded_elf_riscv_64_main_graph$async_dispatch_12_matvec_like_6272_f32 --input=1xi32=1 --task_topology_cpu_ids=0,1 --benchmark_repetitions=10
2026-01-09T09:52:26+08:00
Running tools/iree-benchmark-module
Run on (8 X 1600 MHz CPU s)
CPU Caches:
  L1 Instruction 32 KiB (x8)
  L1 Data 32 KiB (x8)
  L2 Unified 512 KiB (x2)
Load Average: 3.19, 2.98, 2.94
------------------------------------------------------------------------------------------------------------------------------------------------------------------------------------------------
Benchmark                                                                                                                                      Time             CPU   Iterations UserCounters...
------------------------------------------------------------------------------------------------------------------------------------------------------------------------------------------------
BM_main_graph$async_dispatch_12_embedded_elf_riscv_64_main_graph$async_dispatch_12_matvec_like_6272_f32/process_time/real_time             0.117 ms        0.123 ms         5984 items_per_second=8.5446k/s
BM_main_graph$async_dispatch_12_embedded_elf_riscv_64_main_graph$async_dispatch_12_matvec_like_6272_f32/process_time/real_time             0.117 ms        0.123 ms         5984 items_per_second=8.53688k/s
BM_main_graph$async_dispatch_12_embedded_elf_riscv_64_main_graph$async_dispatch_12_matvec_like_6272_f32/process_time/real_time             0.116 ms        0.122 ms         5984 items_per_second=8.58419k/s
BM_main_graph$async_dispatch_12_embedded_elf_riscv_64_main_graph$async_dispatch_12_matvec_like_6272_f32/process_time/real_time             0.118 ms        0.123 ms         5984 items_per_second=8.50792k/s
BM_main_graph$async_dispatch_12_embedded_elf_riscv_64_main_graph$async_dispatch_12_matvec_like_6272_f32/process_time/real_time             0.118 ms        0.123 ms         5984 items_per_second=8.50441k/s
BM_main_graph$async_dispatch_12_embedded_elf_riscv_64_main_graph$async_dispatch_12_matvec_like_6272_f32/process_time/real_time             0.117 ms        0.123 ms         5984 items_per_second=8.5155k/s
BM_main_graph$async_dispatch_12_embedded_elf_riscv_64_main_graph$async_dispatch_12_matvec_like_6272_f32/process_time/real_time             0.118 ms        0.124 ms         5984 items_per_second=8.45836k/s
BM_main_graph$async_dispatch_12_embedded_elf_riscv_64_main_graph$async_dispatch_12_matvec_like_6272_f32/process_time/real_time             0.117 ms        0.123 ms         5984 items_per_second=8.54967k/s
BM_main_graph$async_dispatch_12_embedded_elf_riscv_64_main_graph$async_dispatch_12_matvec_like_6272_f32/process_time/real_time             0.117 ms        0.123 ms         5984 items_per_second=8.528k/s
BM_main_graph$async_dispatch_12_embedded_elf_riscv_64_main_graph$async_dispatch_12_matvec_like_6272_f32/process_time/real_time             0.118 ms        0.124 ms         5984 items_per_second=8.48294k/s
BM_main_graph$async_dispatch_12_embedded_elf_riscv_64_main_graph$async_dispatch_12_matvec_like_6272_f32/process_time/real_time_mean        0.117 ms        0.123 ms           10 items_per_second=8.52125k/s
BM_main_graph$async_dispatch_12_embedded_elf_riscv_64_main_graph$async_dispatch_12_matvec_like_6272_f32/process_time/real_time_median      0.117 ms        0.123 ms           10 items_per_second=8.52175k/s
BM_main_graph$async_dispatch_12_embedded_elf_riscv_64_main_graph$async_dispatch_12_matvec_like_6272_f32/process_time/real_time_stddev      0.000 ms        0.000 ms           10 items_per_second=35.7787/s
BM_main_graph$async_dispatch_12_embedded_elf_riscv_64_main_graph$async_dispatch_12_matvec_like_6272_f32/process_time/real_time_cv           0.42 %          0.39 %            10 items_per_second=0.42%
