2026-01-09T09:53:02.772450
Running tools/iree-benchmark-module --module=/home/dima/sched_vmfb/dronet_scalar/module_main_graph$async_dispatch_3_embedded_elf_riscv_64_benchmark.vmfb --device=local-task --function=main_graph$async_dispatch_3_embedded_elf_riscv_64_main_graph$async_dispatch_3_conv_32x28x28x32x3x3_f32 --input=1xi32=1 --task_topology_cpu_ids=0,1 --benchmark_repetitions=10
2026-01-09T09:53:02+08:00
Running tools/iree-benchmark-module
Run on (8 X 1600 MHz CPU s)
CPU Caches:
  L1 Instruction 32 KiB (x8)
  L1 Data 32 KiB (x8)
  L2 Unified 512 KiB (x2)
Load Average: 3.37, 3.04, 2.96
--------------------------------------------------------------------------------------------------------------------------------------------------------------------------------------------------
Benchmark                                                                                                                                        Time             CPU   Iterations UserCounters...
--------------------------------------------------------------------------------------------------------------------------------------------------------------------------------------------------
BM_main_graph$async_dispatch_3_embedded_elf_riscv_64_main_graph$async_dispatch_3_conv_32x28x28x32x3x3_f32/process_time/real_time              24.3 ms         48.3 ms           29 items_per_second=41.1457/s
BM_main_graph$async_dispatch_3_embedded_elf_riscv_64_main_graph$async_dispatch_3_conv_32x28x28x32x3x3_f32/process_time/real_time              24.4 ms         48.4 ms           29 items_per_second=40.9979/s
BM_main_graph$async_dispatch_3_embedded_elf_riscv_64_main_graph$async_dispatch_3_conv_32x28x28x32x3x3_f32/process_time/real_time              24.4 ms         48.3 ms           29 items_per_second=40.9349/s
BM_main_graph$async_dispatch_3_embedded_elf_riscv_64_main_graph$async_dispatch_3_conv_32x28x28x32x3x3_f32/process_time/real_time              24.3 ms         48.3 ms           29 items_per_second=41.1093/s
BM_main_graph$async_dispatch_3_embedded_elf_riscv_64_main_graph$async_dispatch_3_conv_32x28x28x32x3x3_f32/process_time/real_time              24.4 ms         48.3 ms           29 items_per_second=41.051/s
BM_main_graph$async_dispatch_3_embedded_elf_riscv_64_main_graph$async_dispatch_3_conv_32x28x28x32x3x3_f32/process_time/real_time              24.3 ms         48.3 ms           29 items_per_second=41.1657/s
BM_main_graph$async_dispatch_3_embedded_elf_riscv_64_main_graph$async_dispatch_3_conv_32x28x28x32x3x3_f32/process_time/real_time              24.4 ms         48.4 ms           29 items_per_second=41.0491/s
BM_main_graph$async_dispatch_3_embedded_elf_riscv_64_main_graph$async_dispatch_3_conv_32x28x28x32x3x3_f32/process_time/real_time              24.3 ms         48.2 ms           29 items_per_second=41.1974/s
BM_main_graph$async_dispatch_3_embedded_elf_riscv_64_main_graph$async_dispatch_3_conv_32x28x28x32x3x3_f32/process_time/real_time              24.3 ms         48.3 ms           29 items_per_second=41.1454/s
BM_main_graph$async_dispatch_3_embedded_elf_riscv_64_main_graph$async_dispatch_3_conv_32x28x28x32x3x3_f32/process_time/real_time              24.4 ms         48.3 ms           29 items_per_second=41.0148/s
BM_main_graph$async_dispatch_3_embedded_elf_riscv_64_main_graph$async_dispatch_3_conv_32x28x28x32x3x3_f32/process_time/real_time_mean         24.3 ms         48.3 ms           10 items_per_second=41.0811/s
BM_main_graph$async_dispatch_3_embedded_elf_riscv_64_main_graph$async_dispatch_3_conv_32x28x28x32x3x3_f32/process_time/real_time_median       24.3 ms         48.3 ms           10 items_per_second=41.0802/s
BM_main_graph$async_dispatch_3_embedded_elf_riscv_64_main_graph$async_dispatch_3_conv_32x28x28x32x3x3_f32/process_time/real_time_stddev      0.050 ms        0.051 ms           10 items_per_second=0.0846009/s
BM_main_graph$async_dispatch_3_embedded_elf_riscv_64_main_graph$async_dispatch_3_conv_32x28x28x32x3x3_f32/process_time/real_time_cv           0.21 %          0.11 %            10 items_per_second=0.21%
