2026-01-09T09:52:19.280116
Running tools/iree-benchmark-module --module=/home/dima/sched_vmfb/dronet_scalar/module_main_graph$async_dispatch_11_embedded_elf_riscv_64_benchmark.vmfb --device=local-task --function=main_graph$async_dispatch_11_embedded_elf_riscv_64_main_graph$async_dispatch_11_conv_128x7x7x128x3x3_f32 --input=1xi32=1 --task_topology_cpu_ids=0,1 --benchmark_repetitions=10
2026-01-09T09:52:19+08:00
Running tools/iree-benchmark-module
Run on (8 X 1600 MHz CPU s)
CPU Caches:
  L1 Instruction 32 KiB (x8)
  L1 Data 32 KiB (x8)
  L2 Unified 512 KiB (x2)
Load Average: 3.21, 2.98, 2.94
----------------------------------------------------------------------------------------------------------------------------------------------------------------------------------------------------
Benchmark                                                                                                                                          Time             CPU   Iterations UserCounters...
----------------------------------------------------------------------------------------------------------------------------------------------------------------------------------------------------
BM_main_graph$async_dispatch_11_embedded_elf_riscv_64_main_graph$async_dispatch_11_conv_128x7x7x128x3x3_f32/process_time/real_time              23.2 ms         40.8 ms           30 items_per_second=43.1338/s
BM_main_graph$async_dispatch_11_embedded_elf_riscv_64_main_graph$async_dispatch_11_conv_128x7x7x128x3x3_f32/process_time/real_time              23.1 ms         40.8 ms           30 items_per_second=43.2329/s
BM_main_graph$async_dispatch_11_embedded_elf_riscv_64_main_graph$async_dispatch_11_conv_128x7x7x128x3x3_f32/process_time/real_time              23.1 ms         40.6 ms           30 items_per_second=43.3002/s
BM_main_graph$async_dispatch_11_embedded_elf_riscv_64_main_graph$async_dispatch_11_conv_128x7x7x128x3x3_f32/process_time/real_time              23.1 ms         40.5 ms           30 items_per_second=43.3178/s
BM_main_graph$async_dispatch_11_embedded_elf_riscv_64_main_graph$async_dispatch_11_conv_128x7x7x128x3x3_f32/process_time/real_time              23.2 ms         40.8 ms           30 items_per_second=43.1838/s
BM_main_graph$async_dispatch_11_embedded_elf_riscv_64_main_graph$async_dispatch_11_conv_128x7x7x128x3x3_f32/process_time/real_time              23.1 ms         40.9 ms           30 items_per_second=43.24/s
BM_main_graph$async_dispatch_11_embedded_elf_riscv_64_main_graph$async_dispatch_11_conv_128x7x7x128x3x3_f32/process_time/real_time              23.2 ms         40.9 ms           30 items_per_second=43.1032/s
BM_main_graph$async_dispatch_11_embedded_elf_riscv_64_main_graph$async_dispatch_11_conv_128x7x7x128x3x3_f32/process_time/real_time              23.1 ms         40.8 ms           30 items_per_second=43.2391/s
BM_main_graph$async_dispatch_11_embedded_elf_riscv_64_main_graph$async_dispatch_11_conv_128x7x7x128x3x3_f32/process_time/real_time              23.2 ms         41.1 ms           30 items_per_second=43.0374/s
BM_main_graph$async_dispatch_11_embedded_elf_riscv_64_main_graph$async_dispatch_11_conv_128x7x7x128x3x3_f32/process_time/real_time              23.1 ms         40.7 ms           30 items_per_second=43.1977/s
BM_main_graph$async_dispatch_11_embedded_elf_riscv_64_main_graph$async_dispatch_11_conv_128x7x7x128x3x3_f32/process_time/real_time_mean         23.1 ms         40.8 ms           10 items_per_second=43.1986/s
BM_main_graph$async_dispatch_11_embedded_elf_riscv_64_main_graph$async_dispatch_11_conv_128x7x7x128x3x3_f32/process_time/real_time_median       23.1 ms         40.8 ms           10 items_per_second=43.2153/s
BM_main_graph$async_dispatch_11_embedded_elf_riscv_64_main_graph$async_dispatch_11_conv_128x7x7x128x3x3_f32/process_time/real_time_stddev      0.047 ms        0.159 ms           10 items_per_second=0.0872997/s
BM_main_graph$async_dispatch_11_embedded_elf_riscv_64_main_graph$async_dispatch_11_conv_128x7x7x128x3x3_f32/process_time/real_time_cv           0.20 %          0.39 %            10 items_per_second=0.20%
