=== 21:16:12 vanilla4 r1
=== 21:16:12 15_vanilla4_r1 ===
=== 21:16:42 25_vanilla4_r1 ===
=== 21:17:15 30_vanilla4_r1 ===
=== 21:17:46 45_vanilla4_r1 ===
=== 21:18:16 60_vanilla4_r1 ===
=== 21:18:47 90_vanilla4_r1 ===
scripts/ros_traced_matrix.sh: line 140: syntax error near unexpected token `done'
=== 21:19:20 vanilla4t r1
=== 21:19:20 15_vanilla4t_r1 ===
=== 21:19:50 25_vanilla4t_r1 ===
=== 21:20:19 30_vanilla4t_r1 ===
=== 21:20:48 45_vanilla4t_r1 ===
=== 21:21:19 60_vanilla4t_r1 ===
=== 21:21:48 90_vanilla4t_r1 ===
=== 21:22:18 vanilla4 r2
=== 21:22:18 15_vanilla4_r2 ===
=== 21:22:48 25_vanilla4_r2 ===
=== 21:23:19 30_vanilla4_r2 ===
=== 21:23:49 45_vanilla4_r2 ===
=== 21:24:19 60_vanilla4_r2 ===
=== 21:24:50 90_vanilla4_r2 ===
=== 21:25:21 vanilla4t r2
=== 21:25:21 15_vanilla4t_r2 ===
=== 21:25:50 25_vanilla4t_r2 ===
=== 21:26:19 30_vanilla4t_r2 ===
=== 21:26:49 45_vanilla4t_r2 ===
=== 21:27:18 60_vanilla4t_r2 ===
=== 21:27:47 90_vanilla4t_r2 ===
=== 21:28:19 vanilla4 r3
=== 21:28:19 15_vanilla4_r3 ===
=== 21:28:50 25_vanilla4_r3 ===
=== 21:29:20 30_vanilla4_r3 ===
=== 21:29:50 45_vanilla4_r3 ===
=== 21:30:21 60_vanilla4_r3 ===
=== 21:30:51 90_vanilla4_r3 ===
=== 21:31:21 vanilla4t r3
=== 21:31:21 15_vanilla4t_r3 ===
=== 21:31:51 25_vanilla4t_r3 ===
=== 21:32:20 30_vanilla4t_r3 ===
=== 21:32:50 45_vanilla4t_r3 ===
=== 21:33:19 60_vanilla4t_r3 ===
=== 21:33:51 90_vanilla4t_r3 ===
=== 21:34:21 VANILLA2_DONE
