=== 20:57:15 vanilla r1
=== 20:57:15 15_vanilla_r1 ===
=== 20:57:45 25_vanilla_r1 ===
=== 20:58:16 30_vanilla_r1 ===
=== 20:58:47 45_vanilla_r1 ===
=== 20:59:17 60_vanilla_r1 ===
=== 20:59:48 90_vanilla_r1 ===
=== 21:00:18 rvanilla r1
=== 21:00:18 15_rvanilla_r1 ===
=== 21:00:48 25_rvanilla_r1 ===
=== 21:01:19 30_rvanilla_r1 ===
=== 21:01:49 45_rvanilla_r1 ===
=== 21:02:20 60_rvanilla_r1 ===
=== 21:02:51 90_rvanilla_r1 ===
=== 21:03:21 vanilla r2
=== 21:03:21 15_vanilla_r2 ===
=== 21:03:52 25_vanilla_r2 ===
=== 21:04:22 30_vanilla_r2 ===
=== 21:04:53 45_vanilla_r2 ===
=== 21:05:23 60_vanilla_r2 ===
=== 21:05:53 90_vanilla_r2 ===
scripts/ros_traced_matrix.sh: line 135: syntax error near unexpected token `('
=== 21:06:24 rvanilla r2
=== 21:06:24 15_rvanilla_r2 ===
=== 21:06:54 25_rvanilla_r2 ===
=== 21:07:25 30_rvanilla_r2 ===
=== 21:07:56 45_rvanilla_r2 ===
=== 21:08:26 60_rvanilla_r2 ===
=== 21:08:57 90_rvanilla_r2 ===
=== 21:09:27 vanilla r3
=== 21:09:27 15_vanilla_r3 ===
=== 21:09:57 25_vanilla_r3 ===
=== 21:10:27 30_vanilla_r3 ===
=== 21:10:58 45_vanilla_r3 ===
=== 21:11:28 60_vanilla_r3 ===
=== 21:11:58 90_vanilla_r3 ===
=== 21:12:28 rvanilla r3
=== 21:12:28 15_rvanilla_r3 ===
=== 21:12:59 25_rvanilla_r3 ===
=== 21:13:29 30_rvanilla_r3 ===
=== 21:14:00 45_rvanilla_r3 ===
=== 21:14:31 60_rvanilla_r3 ===
=== 21:15:02 90_rvanilla_r3 ===
=== 21:15:32 vanilla QoS 1
=== 21:15:32 45_vanilla_q1_r1 ===
=== 21:16:03 VANILLA_DONE
