=== 21:34:30 rp3@90 r1
=== 21:34:30 90_rp3_r1 ===
=== 21:35:01 rp3@90 r2
=== 21:35:01 90_rp3_r2 ===
=== 21:35:34 rvanilla4 r1
=== 21:35:34 15_rvanilla4_r1 ===
=== 21:36:04 25_rvanilla4_r1 ===
=== 21:36:35 30_rvanilla4_r1 ===
=== 21:37:06 45_rvanilla4_r1 ===
=== 21:37:40 60_rvanilla4_r1 ===
=== 21:38:11 90_rvanilla4_r1 ===
=== 21:38:41 rvanilla4 r2
=== 21:38:41 15_rvanilla4_r2 ===
=== 21:39:11 25_rvanilla4_r2 ===
=== 21:39:42 30_rvanilla4_r2 ===
=== 21:40:13 45_rvanilla4_r2 ===
=== 21:40:44 60_rvanilla4_r2 ===
=== 21:41:15 90_rvanilla4_r2 ===
=== 21:41:46 rvanilla4 r3
=== 21:41:46 15_rvanilla4_r3 ===
=== 21:42:16 25_rvanilla4_r3 ===
=== 21:42:47 30_rvanilla4_r3 ===
=== 21:43:17 45_rvanilla4_r3 ===
=== 21:43:48 60_rvanilla4_r3 ===
=== 21:44:18 90_rvanilla4_r3 ===
RVANILLA4_DONE
RP3_90_DONE
