=== 16:17:55 step 0: wait for the running sweep
=== 16:18:55 step 1: sharded YOLO on the board, standalone timing
-rwxr-xr-x 1 root root 3208416 Sep 11 07:19 yolo1/harness
-rwxr-xr-x 1 root root 3247344 Sep 11 07:19 yolo4/harness
  4core: === MODELBLASTER_VERIFY === max_abs_err=0 max_rel_err=0 n=8316  walls: 20
  1core_sharded_build: === MODELBLASTER_VERIFY === max_abs_err=0 max_rel_err=0 n=8316  walls: 20
  1core: === MODELBLASTER_VERIFY === max_abs_err=0 max_rel_err=0 n=8316  walls: 20
=== 16:19:44 step 2: pool-enabled traced node
-rwxr-xr-x 1 root root 7031696 Sep 11 07:21 ros_mb_chain_traced_pool
=== 16:21:47 step 3: XPU-RT long runs
=== 16:21:47 long_other_run1 ===
  trace rows: 0  hart_acc: 0  policy: None  exit: 2  verify: []
=== 16:21:49 long_other_run2 ===
  trace rows: 0  hart_acc: 0  policy: None  exit: 2  verify: []
=== 16:21:52 long_other_run3 ===
  trace rows: 0  hart_acc: 0  policy: None  exit: 2  verify: []
XPURT_LONG_DONE long 16:21:54
=== 16:21:54 long_fifo80_run1 ===
  trace rows: 0  hart_acc: 0  policy: None  exit: 2  verify: []
XPURT_LONG_DONE long 16:21:57
=== 16:21:57 coupled_other_run1 ===
  trace rows: 0  hart_acc: 0  policy: None  exit: 2  verify: []
=== 16:21:59 coupled_other_run2 ===
  trace rows: 0  hart_acc: 0  policy: None  exit: 2  verify: []
=== 16:22:01 coupled_other_run3 ===
  trace rows: 0  hart_acc: 0  policy: None  exit: 2  verify: []
XPURT_LONG_DONE coupled 16:22:04
=== 16:22:04 step 4: ROS pinned arms, replicate 1
ROS_TRACED tag=5_spin_r1 exec=single rate=5 released=100 goals=99 fires=1899 gap_mean=10.53 gap_max=36.03
ROS_TRACED tag=8_spin_r1 exec=single rate=8 released=160 goals=159 fires=1761 gap_mean=11.36 gap_max=34.65
ROS_TRACED tag=10_spin_r1 exec=single rate=10 released=200 goals=199 fires=1801 gap_mean=11.11 gap_max=29.73
ROS_TRACED tag=12_spin_r1 exec=single rate=12 released=240 goals=239 fires=1605 gap_mean=12.46 gap_max=33.90
ROS_TRACED tag=15_spin_r1 exec=single rate=15 released=300 goals=299 fires=1562 gap_mean=12.81 gap_max=36.02
ROS_TRACED tag=20_spin_r1 exec=single rate=20 released=400 goals=399 fires=1601 gap_mean=12.49 gap_max=29.62
ROS_TRACED tag=25_spin_r1 exec=single rate=25 released=500 goals=499 fires=1500 gap_mean=13.34 gap_max=30.39
ROS_TRACED tag=30_spin_r1 exec=single rate=30 released=589 goals=588 fires=1092 gap_mean=18.32 gap_max=90.12
MATRIX_DONE spin r1 16:26:03
ROS_TRACED tag=5_smte_r1 exec=multi rate=5 released=100 goals=99 fires=2000 gap_mean=10.00 gap_max=13.11
ROS_TRACED tag=8_smte_r1 exec=multi rate=8 released=160 goals=159 fires=2000 gap_mean=10.00 gap_max=16.30
ROS_TRACED tag=10_smte_r1 exec=multi rate=10 released=200 goals=199 fires=2000 gap_mean=10.00 gap_max=13.77
ROS_TRACED tag=12_smte_r1 exec=multi rate=12 released=240 goals=239 fires=2000 gap_mean=10.00 gap_max=13.63
ROS_TRACED tag=15_smte_r1 exec=multi rate=15 released=300 goals=299 fires=2000 gap_mean=10.00 gap_max=14.78
ROS_TRACED tag=20_smte_r1 exec=multi rate=20 released=400 goals=398 fires=2000 gap_mean=10.00 gap_max=14.58
ROS_TRACED tag=25_smte_r1 exec=multi rate=25 released=500 goals=472 fires=2000 gap_mean=10.00 gap_max=15.44
ROS_TRACED tag=30_smte_r1 exec=multi rate=30 released=599 goals=467 fires=2000 gap_mean=10.00 gap_max=15.56
MATRIX_DONE smte r1 16:30:02
ROS_TRACED tag=5_p3_r1 exec=single rate=5 released=0 goals=93 fires=2001 gap_mean=10.00 gap_max=11.07
ROS_TRACED tag=5_p3_r1 exec=single rate=5 released=0 goals=0 fires=0 gap_mean=0.00 gap_max=0.00
ROS_TRACED tag=5_p3_r1 exec=single rate=5 released=100 goals=0 fires=0 gap_mean=0.00 gap_max=0.00
ROS_TRACED tag=8_p3_r1 exec=single rate=8 released=0 goals=153 fires=2001 gap_mean=10.00 gap_max=11.12
ROS_TRACED tag=8_p3_r1 exec=single rate=8 released=0 goals=0 fires=0 gap_mean=0.00 gap_max=0.00
ROS_TRACED tag=8_p3_r1 exec=single rate=8 released=160 goals=0 fires=0 gap_mean=0.00 gap_max=0.00
ROS_TRACED tag=10_p3_r1 exec=single rate=10 released=0 goals=191 fires=2001 gap_mean=10.00 gap_max=10.82
ROS_TRACED tag=10_p3_r1 exec=single rate=10 released=0 goals=0 fires=0 gap_mean=0.00 gap_max=0.00
ROS_TRACED tag=10_p3_r1 exec=single rate=10 released=200 goals=0 fires=0 gap_mean=0.00 gap_max=0.00
ROS_TRACED tag=12_p3_r1 exec=single rate=12 released=0 goals=229 fires=2001 gap_mean=10.00 gap_max=10.80
ROS_TRACED tag=12_p3_r1 exec=single rate=12 released=0 goals=0 fires=0 gap_mean=0.00 gap_max=0.00
ROS_TRACED tag=12_p3_r1 exec=single rate=12 released=240 goals=0 fires=0 gap_mean=0.00 gap_max=0.00
ROS_TRACED tag=15_p3_r1 exec=single rate=15 released=0 goals=286 fires=2001 gap_mean=10.00 gap_max=10.64
ROS_TRACED tag=15_p3_r1 exec=single rate=15 released=0 goals=0 fires=0 gap_mean=0.00 gap_max=0.00
ROS_TRACED tag=15_p3_r1 exec=single rate=15 released=300 goals=0 fires=0 gap_mean=0.00 gap_max=0.00
ROS_TRACED tag=20_p3_r1 exec=single rate=20 released=0 goals=380 fires=2001 gap_mean=10.00 gap_max=11.54
ROS_TRACED tag=20_p3_r1 exec=single rate=20 released=0 goals=0 fires=0 gap_mean=0.00 gap_max=0.00
ROS_TRACED tag=20_p3_r1 exec=single rate=20 released=400 goals=0 fires=0 gap_mean=0.00 gap_max=0.00
ROS_TRACED tag=25_p3_r1 exec=single rate=25 released=0 goals=477 fires=2001 gap_mean=10.00 gap_max=12.24
ROS_TRACED tag=25_p3_r1 exec=single rate=25 released=0 goals=0 fires=0 gap_mean=0.00 gap_max=0.00
ROS_TRACED tag=25_p3_r1 exec=single rate=25 released=500 goals=0 fires=0 gap_mean=0.00 gap_max=0.00
ROS_TRACED tag=30_p3_r1 exec=single rate=30 released=0 goals=575 fires=2001 gap_mean=10.00 gap_max=10.82
ROS_TRACED tag=30_p3_r1 exec=single rate=30 released=0 goals=0 fires=0 gap_mean=0.00 gap_max=0.00
ROS_TRACED tag=30_p3_r1 exec=single rate=30 released=600 goals=0 fires=0 gap_mean=0.00 gap_max=0.00
MATRIX_DONE p3 r1 16:34:14
ROS_TRACED tag=5_p8_r1 exec=single rate=5 released=0 goals=94 fires=2000 gap_mean=10.00 gap_max=10.30
ROS_TRACED tag=5_p8_r1 exec=single rate=5 released=0 goals=0 fires=0 gap_mean=0.00 gap_max=0.00
ROS_TRACED tag=5_p8_r1 exec=single rate=5 released=100 goals=0 fires=0 gap_mean=0.00 gap_max=0.00
ROS_TRACED tag=8_p8_r1 exec=single rate=8 released=0 goals=152 fires=2001 gap_mean=10.00 gap_max=10.92
ROS_TRACED tag=8_p8_r1 exec=single rate=8 released=0 goals=0 fires=0 gap_mean=0.00 gap_max=0.00
ROS_TRACED tag=8_p8_r1 exec=single rate=8 released=160 goals=0 fires=0 gap_mean=0.00 gap_max=0.00
ROS_TRACED tag=10_p8_r1 exec=single rate=10 released=0 goals=189 fires=2000 gap_mean=10.00 gap_max=12.20
ROS_TRACED tag=10_p8_r1 exec=single rate=10 released=0 goals=0 fires=0 gap_mean=0.00 gap_max=0.00
ROS_TRACED tag=10_p8_r1 exec=single rate=10 released=200 goals=0 fires=0 gap_mean=0.00 gap_max=0.00
ROS_TRACED tag=12_p8_r1 exec=single rate=12 released=0 goals=229 fires=2001 gap_mean=10.00 gap_max=11.12
ROS_TRACED tag=12_p8_r1 exec=single rate=12 released=0 goals=0 fires=0 gap_mean=0.00 gap_max=0.00
ROS_TRACED tag=12_p8_r1 exec=single rate=12 released=240 goals=0 fires=0 gap_mean=0.00 gap_max=0.00
ROS_TRACED tag=15_p8_r1 exec=single rate=15 released=0 goals=286 fires=2001 gap_mean=10.00 gap_max=10.51
ROS_TRACED tag=15_p8_r1 exec=single rate=15 released=0 goals=0 fires=0 gap_mean=0.00 gap_max=0.00
ROS_TRACED tag=15_p8_r1 exec=single rate=15 released=300 goals=0 fires=0 gap_mean=0.00 gap_max=0.00
ROS_TRACED tag=20_p8_r1 exec=single rate=20 released=0 goals=382 fires=2001 gap_mean=10.00 gap_max=11.12
ROS_TRACED tag=20_p8_r1 exec=single rate=20 released=0 goals=0 fires=0 gap_mean=0.00 gap_max=0.00
ROS_TRACED tag=20_p8_r1 exec=single rate=20 released=400 goals=0 fires=0 gap_mean=0.00 gap_max=0.00
ROS_TRACED tag=25_p8_r1 exec=single rate=25 released=0 goals=479 fires=2001 gap_mean=10.00 gap_max=11.94
ROS_TRACED tag=25_p8_r1 exec=single rate=25 released=0 goals=0 fires=0 gap_mean=0.00 gap_max=0.00
ROS_TRACED tag=25_p8_r1 exec=single rate=25 released=500 goals=0 fires=0 gap_mean=0.00 gap_max=0.00
ROS_TRACED tag=30_p8_r1 exec=single rate=30 released=0 goals=573 fires=2001 gap_mean=10.00 gap_max=11.64
ROS_TRACED tag=30_p8_r1 exec=single rate=30 released=0 goals=0 fires=0 gap_mean=0.00 gap_max=0.00
ROS_TRACED tag=30_p8_r1 exec=single rate=30 released=600 goals=0 fires=0 gap_mean=0.00 gap_max=0.00
MATRIX_DONE p8 r1 16:38:25
=== 16:38:25 step 5: replicates
