2026-01-09T08:51:49.348744
Running tools/iree-benchmark-module --module=/home/dima/sched_vmfb/glpdepth_scalar/module_main_graph$async_dispatch_16_embedded_elf_riscv_64_benchmark.vmfb --device=local-task --function=main_graph$async_dispatch_16_embedded_elf_riscv_64_main_graph$async_dispatch_16_matmul_like_3136x32x128_f32 --input=1xi32=1 --task_topology_cpu_ids=0,1,2,3 --benchmark_repetitions=10
2026-01-09T08:51:49+08:00
Running tools/iree-benchmark-module
Run on (8 X 1600 MHz CPU s)
CPU Caches:
  L1 Instruction 32 KiB (x8)
  L1 Data 32 KiB (x8)
  L2 Unified 512 KiB (x2)
Load Average: 5.66, 5.25, 4.54
-------------------------------------------------------------------------------------------------------------------------------------------------------------------------------------------------------
Benchmark                                                                                                                                             Time             CPU   Iterations UserCounters...
-------------------------------------------------------------------------------------------------------------------------------------------------------------------------------------------------------
BM_main_graph$async_dispatch_16_embedded_elf_riscv_64_main_graph$async_dispatch_16_matmul_like_3136x32x128_f32/process_time/real_time              3.66 ms         11.0 ms          192 items_per_second=273.531/s
BM_main_graph$async_dispatch_16_embedded_elf_riscv_64_main_graph$async_dispatch_16_matmul_like_3136x32x128_f32/process_time/real_time              3.65 ms         11.0 ms          192 items_per_second=273.8/s
BM_main_graph$async_dispatch_16_embedded_elf_riscv_64_main_graph$async_dispatch_16_matmul_like_3136x32x128_f32/process_time/real_time              3.65 ms         11.0 ms          192 items_per_second=273.919/s
BM_main_graph$async_dispatch_16_embedded_elf_riscv_64_main_graph$async_dispatch_16_matmul_like_3136x32x128_f32/process_time/real_time              3.66 ms         11.0 ms          192 items_per_second=273.418/s
BM_main_graph$async_dispatch_16_embedded_elf_riscv_64_main_graph$async_dispatch_16_matmul_like_3136x32x128_f32/process_time/real_time              3.65 ms         11.0 ms          192 items_per_second=274.106/s
BM_main_graph$async_dispatch_16_embedded_elf_riscv_64_main_graph$async_dispatch_16_matmul_like_3136x32x128_f32/process_time/real_time              3.65 ms         11.0 ms          192 items_per_second=273.724/s
BM_main_graph$async_dispatch_16_embedded_elf_riscv_64_main_graph$async_dispatch_16_matmul_like_3136x32x128_f32/process_time/real_time              3.65 ms         11.0 ms          192 items_per_second=274.002/s
BM_main_graph$async_dispatch_16_embedded_elf_riscv_64_main_graph$async_dispatch_16_matmul_like_3136x32x128_f32/process_time/real_time              3.66 ms         11.0 ms          192 items_per_second=273.243/s
BM_main_graph$async_dispatch_16_embedded_elf_riscv_64_main_graph$async_dispatch_16_matmul_like_3136x32x128_f32/process_time/real_time              3.65 ms         11.0 ms          192 items_per_second=274.132/s
BM_main_graph$async_dispatch_16_embedded_elf_riscv_64_main_graph$async_dispatch_16_matmul_like_3136x32x128_f32/process_time/real_time              3.65 ms         11.0 ms          192 items_per_second=273.751/s
BM_main_graph$async_dispatch_16_embedded_elf_riscv_64_main_graph$async_dispatch_16_matmul_like_3136x32x128_f32/process_time/real_time_mean         3.65 ms         11.0 ms           10 items_per_second=273.762/s
BM_main_graph$async_dispatch_16_embedded_elf_riscv_64_main_graph$async_dispatch_16_matmul_like_3136x32x128_f32/process_time/real_time_median       3.65 ms         11.0 ms           10 items_per_second=273.775/s
BM_main_graph$async_dispatch_16_embedded_elf_riscv_64_main_graph$async_dispatch_16_matmul_like_3136x32x128_f32/process_time/real_time_stddev      0.004 ms        0.008 ms           10 items_per_second=0.294592/s
BM_main_graph$async_dispatch_16_embedded_elf_riscv_64_main_graph$async_dispatch_16_matmul_like_3136x32x128_f32/process_time/real_time_cv           0.11 %          0.07 %            10 items_per_second=0.11%
