2026-01-09T08:47:47.091581
Running tools/iree-benchmark-module --module=/home/dima/sched_vmfb/glpdepth_scalar/module_main_graph$async_dispatch_128_embedded_elf_riscv_64_benchmark.vmfb --device=local-task --function=main_graph$async_dispatch_128_embedded_elf_riscv_64_main_graph$async_dispatch_128_matmul_like_64x49x256_f32 --input=1xi32=1 --task_topology_cpu_ids=0,1,2,3 --benchmark_repetitions=10
2026-01-09T08:47:47+08:00
Running tools/iree-benchmark-module
Run on (8 X 1600 MHz CPU s)
CPU Caches:
  L1 Instruction 32 KiB (x8)
  L1 Data 32 KiB (x8)
  L2 Unified 512 KiB (x2)
Load Average: 5.40, 4.76, 4.21
-------------------------------------------------------------------------------------------------------------------------------------------------------------------------------------------------------
Benchmark                                                                                                                                             Time             CPU   Iterations UserCounters...
-------------------------------------------------------------------------------------------------------------------------------------------------------------------------------------------------------
BM_main_graph$async_dispatch_128_embedded_elf_riscv_64_main_graph$async_dispatch_128_matmul_like_64x49x256_f32/process_time/real_time              12.2 ms         48.2 ms           57 items_per_second=81.9476/s
BM_main_graph$async_dispatch_128_embedded_elf_riscv_64_main_graph$async_dispatch_128_matmul_like_64x49x256_f32/process_time/real_time              12.3 ms         48.2 ms           57 items_per_second=81.5528/s
BM_main_graph$async_dispatch_128_embedded_elf_riscv_64_main_graph$async_dispatch_128_matmul_like_64x49x256_f32/process_time/real_time              12.2 ms         48.2 ms           57 items_per_second=81.9723/s
BM_main_graph$async_dispatch_128_embedded_elf_riscv_64_main_graph$async_dispatch_128_matmul_like_64x49x256_f32/process_time/real_time              12.2 ms         48.2 ms           57 items_per_second=81.977/s
BM_main_graph$async_dispatch_128_embedded_elf_riscv_64_main_graph$async_dispatch_128_matmul_like_64x49x256_f32/process_time/real_time              12.3 ms         48.2 ms           57 items_per_second=81.5933/s
BM_main_graph$async_dispatch_128_embedded_elf_riscv_64_main_graph$async_dispatch_128_matmul_like_64x49x256_f32/process_time/real_time              12.2 ms         48.2 ms           57 items_per_second=81.9665/s
BM_main_graph$async_dispatch_128_embedded_elf_riscv_64_main_graph$async_dispatch_128_matmul_like_64x49x256_f32/process_time/real_time              12.2 ms         48.1 ms           57 items_per_second=82.0511/s
BM_main_graph$async_dispatch_128_embedded_elf_riscv_64_main_graph$async_dispatch_128_matmul_like_64x49x256_f32/process_time/real_time              12.3 ms         48.2 ms           57 items_per_second=81.6053/s
BM_main_graph$async_dispatch_128_embedded_elf_riscv_64_main_graph$async_dispatch_128_matmul_like_64x49x256_f32/process_time/real_time              12.2 ms         48.2 ms           57 items_per_second=81.9908/s
BM_main_graph$async_dispatch_128_embedded_elf_riscv_64_main_graph$async_dispatch_128_matmul_like_64x49x256_f32/process_time/real_time              12.2 ms         48.2 ms           57 items_per_second=81.9902/s
BM_main_graph$async_dispatch_128_embedded_elf_riscv_64_main_graph$async_dispatch_128_matmul_like_64x49x256_f32/process_time/real_time_mean         12.2 ms         48.2 ms           10 items_per_second=81.8647/s
BM_main_graph$async_dispatch_128_embedded_elf_riscv_64_main_graph$async_dispatch_128_matmul_like_64x49x256_f32/process_time/real_time_median       12.2 ms         48.2 ms           10 items_per_second=81.9694/s
BM_main_graph$async_dispatch_128_embedded_elf_riscv_64_main_graph$async_dispatch_128_matmul_like_64x49x256_f32/process_time/real_time_stddev      0.029 ms        0.031 ms           10 items_per_second=0.196112/s
BM_main_graph$async_dispatch_128_embedded_elf_riscv_64_main_graph$async_dispatch_128_matmul_like_64x49x256_f32/process_time/real_time_cv           0.24 %          0.06 %            10 items_per_second=0.24%
