2026-01-09T08:53:52.062089
Running tools/iree-benchmark-module --module=/home/dima/sched_vmfb/glpdepth_scalar/module_main_graph$async_dispatch_45_embedded_elf_riscv_64_benchmark.vmfb --device=local-task --function=main_graph$async_dispatch_45_embedded_elf_riscv_64_main_graph$async_dispatch_45_matmul_like_784x64x64_f32 --input=1xi32=1 --task_topology_cpu_ids=0,1,2,3 --benchmark_repetitions=10
2026-01-09T08:53:52+08:00
Running tools/iree-benchmark-module
Run on (8 X 1600 MHz CPU s)
CPU Caches:
  L1 Instruction 32 KiB (x8)
  L1 Data 32 KiB (x8)
  L2 Unified 512 KiB (x2)
Load Average: 4.63, 4.99, 4.54
-----------------------------------------------------------------------------------------------------------------------------------------------------------------------------------------------------
Benchmark                                                                                                                                           Time             CPU   Iterations UserCounters...
-----------------------------------------------------------------------------------------------------------------------------------------------------------------------------------------------------
BM_main_graph$async_dispatch_45_embedded_elf_riscv_64_main_graph$async_dispatch_45_matmul_like_784x64x64_f32/process_time/real_time             0.775 ms         2.54 ms          903 items_per_second=1.29078k/s
BM_main_graph$async_dispatch_45_embedded_elf_riscv_64_main_graph$async_dispatch_45_matmul_like_784x64x64_f32/process_time/real_time             0.776 ms         2.54 ms          903 items_per_second=1.28853k/s
BM_main_graph$async_dispatch_45_embedded_elf_riscv_64_main_graph$async_dispatch_45_matmul_like_784x64x64_f32/process_time/real_time             0.775 ms         2.54 ms          903 items_per_second=1.29014k/s
BM_main_graph$async_dispatch_45_embedded_elf_riscv_64_main_graph$async_dispatch_45_matmul_like_784x64x64_f32/process_time/real_time             0.777 ms         2.54 ms          903 items_per_second=1.28681k/s
BM_main_graph$async_dispatch_45_embedded_elf_riscv_64_main_graph$async_dispatch_45_matmul_like_784x64x64_f32/process_time/real_time             0.776 ms         2.54 ms          903 items_per_second=1.28948k/s
BM_main_graph$async_dispatch_45_embedded_elf_riscv_64_main_graph$async_dispatch_45_matmul_like_784x64x64_f32/process_time/real_time             0.775 ms         2.54 ms          903 items_per_second=1.29083k/s
BM_main_graph$async_dispatch_45_embedded_elf_riscv_64_main_graph$async_dispatch_45_matmul_like_784x64x64_f32/process_time/real_time             0.773 ms         2.54 ms          903 items_per_second=1.29324k/s
BM_main_graph$async_dispatch_45_embedded_elf_riscv_64_main_graph$async_dispatch_45_matmul_like_784x64x64_f32/process_time/real_time             0.775 ms         2.54 ms          903 items_per_second=1.29037k/s
BM_main_graph$async_dispatch_45_embedded_elf_riscv_64_main_graph$async_dispatch_45_matmul_like_784x64x64_f32/process_time/real_time             0.778 ms         2.54 ms          903 items_per_second=1.28503k/s
BM_main_graph$async_dispatch_45_embedded_elf_riscv_64_main_graph$async_dispatch_45_matmul_like_784x64x64_f32/process_time/real_time             0.773 ms         2.54 ms          903 items_per_second=1.29345k/s
BM_main_graph$async_dispatch_45_embedded_elf_riscv_64_main_graph$async_dispatch_45_matmul_like_784x64x64_f32/process_time/real_time_mean        0.775 ms         2.54 ms           10 items_per_second=1.28987k/s
BM_main_graph$async_dispatch_45_embedded_elf_riscv_64_main_graph$async_dispatch_45_matmul_like_784x64x64_f32/process_time/real_time_median      0.775 ms         2.54 ms           10 items_per_second=1.29026k/s
BM_main_graph$async_dispatch_45_embedded_elf_riscv_64_main_graph$async_dispatch_45_matmul_like_784x64x64_f32/process_time/real_time_stddev      0.002 ms        0.002 ms           10 items_per_second=2.60371/s
BM_main_graph$async_dispatch_45_embedded_elf_riscv_64_main_graph$async_dispatch_45_matmul_like_784x64x64_f32/process_time/real_time_cv           0.20 %          0.07 %            10 items_per_second=0.20%
