2026-01-09T08:54:57.399638
Running tools/iree-benchmark-module --module=/home/dima/sched_vmfb/glpdepth_scalar/module_main_graph$async_dispatch_67_embedded_elf_riscv_64_benchmark.vmfb --device=local-task --function=main_graph$async_dispatch_67_embedded_elf_riscv_64_main_graph$async_dispatch_67_conv_160x14x14x64x3x3_f32 --input=1xi32=1 --task_topology_cpu_ids=0,1,2,3 --benchmark_repetitions=10
2026-01-09T08:54:57+08:00
Running tools/iree-benchmark-module
Run on (8 X 1600 MHz CPU s)
CPU Caches:
  L1 Instruction 32 KiB (x8)
  L1 Data 32 KiB (x8)
  L2 Unified 512 KiB (x2)
Load Average: 4.97, 5.03, 4.58
-----------------------------------------------------------------------------------------------------------------------------------------------------------------------------------------------------
Benchmark                                                                                                                                           Time             CPU   Iterations UserCounters...
-----------------------------------------------------------------------------------------------------------------------------------------------------------------------------------------------------
BM_main_graph$async_dispatch_67_embedded_elf_riscv_64_main_graph$async_dispatch_67_conv_160x14x14x64x3x3_f32/process_time/real_time              43.7 ms          146 ms           16 items_per_second=22.8723/s
BM_main_graph$async_dispatch_67_embedded_elf_riscv_64_main_graph$async_dispatch_67_conv_160x14x14x64x3x3_f32/process_time/real_time              43.7 ms          146 ms           16 items_per_second=22.8733/s
BM_main_graph$async_dispatch_67_embedded_elf_riscv_64_main_graph$async_dispatch_67_conv_160x14x14x64x3x3_f32/process_time/real_time              43.8 ms          146 ms           16 items_per_second=22.8464/s
BM_main_graph$async_dispatch_67_embedded_elf_riscv_64_main_graph$async_dispatch_67_conv_160x14x14x64x3x3_f32/process_time/real_time              43.9 ms          146 ms           16 items_per_second=22.7828/s
BM_main_graph$async_dispatch_67_embedded_elf_riscv_64_main_graph$async_dispatch_67_conv_160x14x14x64x3x3_f32/process_time/real_time              43.9 ms          146 ms           16 items_per_second=22.7958/s
BM_main_graph$async_dispatch_67_embedded_elf_riscv_64_main_graph$async_dispatch_67_conv_160x14x14x64x3x3_f32/process_time/real_time              43.7 ms          146 ms           16 items_per_second=22.8684/s
BM_main_graph$async_dispatch_67_embedded_elf_riscv_64_main_graph$async_dispatch_67_conv_160x14x14x64x3x3_f32/process_time/real_time              43.7 ms          146 ms           16 items_per_second=22.8632/s
BM_main_graph$async_dispatch_67_embedded_elf_riscv_64_main_graph$async_dispatch_67_conv_160x14x14x64x3x3_f32/process_time/real_time              43.8 ms          146 ms           16 items_per_second=22.8363/s
BM_main_graph$async_dispatch_67_embedded_elf_riscv_64_main_graph$async_dispatch_67_conv_160x14x14x64x3x3_f32/process_time/real_time              43.7 ms          146 ms           16 items_per_second=22.8848/s
BM_main_graph$async_dispatch_67_embedded_elf_riscv_64_main_graph$async_dispatch_67_conv_160x14x14x64x3x3_f32/process_time/real_time              43.7 ms          146 ms           16 items_per_second=22.9037/s
BM_main_graph$async_dispatch_67_embedded_elf_riscv_64_main_graph$async_dispatch_67_conv_160x14x14x64x3x3_f32/process_time/real_time_mean         43.8 ms          146 ms           10 items_per_second=22.8527/s
BM_main_graph$async_dispatch_67_embedded_elf_riscv_64_main_graph$async_dispatch_67_conv_160x14x14x64x3x3_f32/process_time/real_time_median       43.7 ms          146 ms           10 items_per_second=22.8658/s
BM_main_graph$async_dispatch_67_embedded_elf_riscv_64_main_graph$async_dispatch_67_conv_160x14x14x64x3x3_f32/process_time/real_time_stddev      0.073 ms        0.138 ms           10 items_per_second=0.0383344/s
BM_main_graph$async_dispatch_67_embedded_elf_riscv_64_main_graph$async_dispatch_67_conv_160x14x14x64x3x3_f32/process_time/real_time_cv           0.17 %          0.09 %            10 items_per_second=0.17%
