2026-01-09T08:52:47.661690
Running tools/iree-benchmark-module --module=/home/dima/sched_vmfb/glpdepth_scalar/module_main_graph$async_dispatch_37_embedded_elf_riscv_64_benchmark.vmfb --device=local-task --function=main_graph$async_dispatch_37_embedded_elf_riscv_64_main_graph$async_dispatch_37_conv_64x7x7x64x4x4_f32 --input=1xi32=1 --task_topology_cpu_ids=0,1,2,3 --benchmark_repetitions=10
2026-01-09T08:52:47+08:00
Running tools/iree-benchmark-module
Run on (8 X 1600 MHz CPU s)
CPU Caches:
  L1 Instruction 32 KiB (x8)
  L1 Data 32 KiB (x8)
  L2 Unified 512 KiB (x2)
Load Average: 5.19, 5.19, 4.56
--------------------------------------------------------------------------------------------------------------------------------------------------------------------------------------------------
Benchmark                                                                                                                                        Time             CPU   Iterations UserCounters...
--------------------------------------------------------------------------------------------------------------------------------------------------------------------------------------------------
BM_main_graph$async_dispatch_37_embedded_elf_riscv_64_main_graph$async_dispatch_37_conv_64x7x7x64x4x4_f32/process_time/real_time              6.92 ms         23.9 ms          102 items_per_second=144.433/s
BM_main_graph$async_dispatch_37_embedded_elf_riscv_64_main_graph$async_dispatch_37_conv_64x7x7x64x4x4_f32/process_time/real_time              6.92 ms         23.9 ms          102 items_per_second=144.439/s
BM_main_graph$async_dispatch_37_embedded_elf_riscv_64_main_graph$async_dispatch_37_conv_64x7x7x64x4x4_f32/process_time/real_time              6.89 ms         23.9 ms          102 items_per_second=145.183/s
BM_main_graph$async_dispatch_37_embedded_elf_riscv_64_main_graph$async_dispatch_37_conv_64x7x7x64x4x4_f32/process_time/real_time              6.87 ms         23.8 ms          102 items_per_second=145.462/s
BM_main_graph$async_dispatch_37_embedded_elf_riscv_64_main_graph$async_dispatch_37_conv_64x7x7x64x4x4_f32/process_time/real_time              6.90 ms         23.8 ms          102 items_per_second=144.922/s
BM_main_graph$async_dispatch_37_embedded_elf_riscv_64_main_graph$async_dispatch_37_conv_64x7x7x64x4x4_f32/process_time/real_time              6.88 ms         23.8 ms          102 items_per_second=145.344/s
BM_main_graph$async_dispatch_37_embedded_elf_riscv_64_main_graph$async_dispatch_37_conv_64x7x7x64x4x4_f32/process_time/real_time              6.91 ms         23.9 ms          102 items_per_second=144.637/s
BM_main_graph$async_dispatch_37_embedded_elf_riscv_64_main_graph$async_dispatch_37_conv_64x7x7x64x4x4_f32/process_time/real_time              6.89 ms         23.9 ms          102 items_per_second=145.112/s
BM_main_graph$async_dispatch_37_embedded_elf_riscv_64_main_graph$async_dispatch_37_conv_64x7x7x64x4x4_f32/process_time/real_time              6.88 ms         23.8 ms          102 items_per_second=145.44/s
BM_main_graph$async_dispatch_37_embedded_elf_riscv_64_main_graph$async_dispatch_37_conv_64x7x7x64x4x4_f32/process_time/real_time              6.88 ms         23.9 ms          102 items_per_second=145.291/s
BM_main_graph$async_dispatch_37_embedded_elf_riscv_64_main_graph$async_dispatch_37_conv_64x7x7x64x4x4_f32/process_time/real_time_mean         6.90 ms         23.9 ms           10 items_per_second=145.026/s
BM_main_graph$async_dispatch_37_embedded_elf_riscv_64_main_graph$async_dispatch_37_conv_64x7x7x64x4x4_f32/process_time/real_time_median       6.89 ms         23.9 ms           10 items_per_second=145.148/s
BM_main_graph$async_dispatch_37_embedded_elf_riscv_64_main_graph$async_dispatch_37_conv_64x7x7x64x4x4_f32/process_time/real_time_stddev      0.019 ms        0.038 ms           10 items_per_second=0.397696/s
BM_main_graph$async_dispatch_37_embedded_elf_riscv_64_main_graph$async_dispatch_37_conv_64x7x7x64x4x4_f32/process_time/real_time_cv           0.27 %          0.16 %            10 items_per_second=0.27%
