2026-01-09T08:52:33.271848
Running tools/iree-benchmark-module --module=/home/dima/sched_vmfb/glpdepth_scalar/module_main_graph$async_dispatch_35_embedded_elf_riscv_64_benchmark.vmfb --device=local-task --function=main_graph$async_dispatch_35_embedded_elf_riscv_64_main_graph$async_dispatch_35_reduction_784x64_f32 --input=1xi32=1 --task_topology_cpu_ids=0,1,2,3 --benchmark_repetitions=10
2026-01-09T08:52:33+08:00
Running tools/iree-benchmark-module
Run on (8 X 1600 MHz CPU s)
CPU Caches:
  L1 Instruction 32 KiB (x8)
  L1 Data 32 KiB (x8)
  L2 Unified 512 KiB (x2)
Load Average: 5.35, 5.22, 4.56
------------------------------------------------------------------------------------------------------------------------------------------------------------------------------------------------
Benchmark                                                                                                                                      Time             CPU   Iterations UserCounters...
------------------------------------------------------------------------------------------------------------------------------------------------------------------------------------------------
BM_main_graph$async_dispatch_35_embedded_elf_riscv_64_main_graph$async_dispatch_35_reduction_784x64_f32/process_time/real_time              1.86 ms         6.98 ms          374 items_per_second=538.349/s
BM_main_graph$async_dispatch_35_embedded_elf_riscv_64_main_graph$async_dispatch_35_reduction_784x64_f32/process_time/real_time              1.89 ms         6.99 ms          374 items_per_second=528.337/s
BM_main_graph$async_dispatch_35_embedded_elf_riscv_64_main_graph$async_dispatch_35_reduction_784x64_f32/process_time/real_time              1.86 ms         6.98 ms          374 items_per_second=538.397/s
BM_main_graph$async_dispatch_35_embedded_elf_riscv_64_main_graph$async_dispatch_35_reduction_784x64_f32/process_time/real_time              1.86 ms         6.98 ms          374 items_per_second=537.254/s
BM_main_graph$async_dispatch_35_embedded_elf_riscv_64_main_graph$async_dispatch_35_reduction_784x64_f32/process_time/real_time              1.89 ms         7.00 ms          374 items_per_second=528.327/s
BM_main_graph$async_dispatch_35_embedded_elf_riscv_64_main_graph$async_dispatch_35_reduction_784x64_f32/process_time/real_time              1.86 ms         6.98 ms          374 items_per_second=537.513/s
BM_main_graph$async_dispatch_35_embedded_elf_riscv_64_main_graph$async_dispatch_35_reduction_784x64_f32/process_time/real_time              1.87 ms         6.99 ms          374 items_per_second=536.023/s
BM_main_graph$async_dispatch_35_embedded_elf_riscv_64_main_graph$async_dispatch_35_reduction_784x64_f32/process_time/real_time              1.89 ms         7.00 ms          374 items_per_second=529.523/s
BM_main_graph$async_dispatch_35_embedded_elf_riscv_64_main_graph$async_dispatch_35_reduction_784x64_f32/process_time/real_time              1.86 ms         6.98 ms          374 items_per_second=537.167/s
BM_main_graph$async_dispatch_35_embedded_elf_riscv_64_main_graph$async_dispatch_35_reduction_784x64_f32/process_time/real_time              1.86 ms         6.98 ms          374 items_per_second=537.638/s
BM_main_graph$async_dispatch_35_embedded_elf_riscv_64_main_graph$async_dispatch_35_reduction_784x64_f32/process_time/real_time_mean         1.87 ms         6.99 ms           10 items_per_second=534.853/s
BM_main_graph$async_dispatch_35_embedded_elf_riscv_64_main_graph$async_dispatch_35_reduction_784x64_f32/process_time/real_time_median       1.86 ms         6.98 ms           10 items_per_second=537.21/s
BM_main_graph$async_dispatch_35_embedded_elf_riscv_64_main_graph$async_dispatch_35_reduction_784x64_f32/process_time/real_time_stddev      0.015 ms        0.007 ms           10 items_per_second=4.28907/s
BM_main_graph$async_dispatch_35_embedded_elf_riscv_64_main_graph$async_dispatch_35_reduction_784x64_f32/process_time/real_time_cv           0.81 %          0.11 %            10 items_per_second=0.80%
