2026-01-09T08:49:22.602792
Running tools/iree-benchmark-module --module=/home/dima/sched_vmfb/glpdepth_scalar/module_main_graph$async_dispatch_13_embedded_elf_riscv_64_benchmark.vmfb --device=local-task --function=main_graph$async_dispatch_13_embedded_elf_riscv_64_main_graph$async_dispatch_13_reduction_3136x32_f32 --input=1xi32=1 --task_topology_cpu_ids=0,1,2,3 --benchmark_repetitions=10
2026-01-09T08:49:22+08:00
Running tools/iree-benchmark-module
Run on (8 X 1600 MHz CPU s)
CPU Caches:
  L1 Instruction 32 KiB (x8)
  L1 Data 32 KiB (x8)
  L2 Unified 512 KiB (x2)
Load Average: 5.56, 4.96, 4.34
-------------------------------------------------------------------------------------------------------------------------------------------------------------------------------------------------
Benchmark                                                                                                                                       Time             CPU   Iterations UserCounters...
-------------------------------------------------------------------------------------------------------------------------------------------------------------------------------------------------
BM_main_graph$async_dispatch_13_embedded_elf_riscv_64_main_graph$async_dispatch_13_reduction_3136x32_f32/process_time/real_time             0.699 ms         2.27 ms          987 items_per_second=1.43034k/s
BM_main_graph$async_dispatch_13_embedded_elf_riscv_64_main_graph$async_dispatch_13_reduction_3136x32_f32/process_time/real_time             0.698 ms         2.27 ms          987 items_per_second=1.43211k/s
BM_main_graph$async_dispatch_13_embedded_elf_riscv_64_main_graph$async_dispatch_13_reduction_3136x32_f32/process_time/real_time             0.697 ms         2.27 ms          987 items_per_second=1.43546k/s
BM_main_graph$async_dispatch_13_embedded_elf_riscv_64_main_graph$async_dispatch_13_reduction_3136x32_f32/process_time/real_time             0.683 ms         2.24 ms          987 items_per_second=1.46449k/s
BM_main_graph$async_dispatch_13_embedded_elf_riscv_64_main_graph$async_dispatch_13_reduction_3136x32_f32/process_time/real_time             0.625 ms         2.14 ms          987 items_per_second=1.59894k/s
BM_main_graph$async_dispatch_13_embedded_elf_riscv_64_main_graph$async_dispatch_13_reduction_3136x32_f32/process_time/real_time             0.624 ms         2.13 ms          987 items_per_second=1.60375k/s
BM_main_graph$async_dispatch_13_embedded_elf_riscv_64_main_graph$async_dispatch_13_reduction_3136x32_f32/process_time/real_time             0.623 ms         2.13 ms          987 items_per_second=1.60477k/s
BM_main_graph$async_dispatch_13_embedded_elf_riscv_64_main_graph$async_dispatch_13_reduction_3136x32_f32/process_time/real_time             0.642 ms         2.16 ms          987 items_per_second=1.55831k/s
BM_main_graph$async_dispatch_13_embedded_elf_riscv_64_main_graph$async_dispatch_13_reduction_3136x32_f32/process_time/real_time             0.689 ms         2.25 ms          987 items_per_second=1.45226k/s
BM_main_graph$async_dispatch_13_embedded_elf_riscv_64_main_graph$async_dispatch_13_reduction_3136x32_f32/process_time/real_time             0.690 ms         2.25 ms          987 items_per_second=1.44905k/s
BM_main_graph$async_dispatch_13_embedded_elf_riscv_64_main_graph$async_dispatch_13_reduction_3136x32_f32/process_time/real_time_mean        0.667 ms         2.21 ms           10 items_per_second=1.50295k/s
BM_main_graph$async_dispatch_13_embedded_elf_riscv_64_main_graph$async_dispatch_13_reduction_3136x32_f32/process_time/real_time_median      0.686 ms         2.24 ms           10 items_per_second=1.45838k/s
BM_main_graph$async_dispatch_13_embedded_elf_riscv_64_main_graph$async_dispatch_13_reduction_3136x32_f32/process_time/real_time_stddev      0.034 ms        0.063 ms           10 items_per_second=77.8923/s
BM_main_graph$async_dispatch_13_embedded_elf_riscv_64_main_graph$async_dispatch_13_reduction_3136x32_f32/process_time/real_time_cv           5.08 %          2.85 %            10 items_per_second=5.18%
