2026-01-09T08:57:08.284987
Running tools/iree-benchmark-module --module=/home/dima/sched_vmfb/glpdepth_scalar/module_main_graph$async_dispatch_8_embedded_elf_riscv_64_benchmark.vmfb --device=local-task --function=main_graph$async_dispatch_8_embedded_elf_riscv_64_main_graph$async_dispatch_8_elementwise_broadcast_1568_f32 --input=1xi32=1 --task_topology_cpu_ids=0,1,2,3 --benchmark_repetitions=10
2026-01-09T08:57:08+08:00
Running tools/iree-benchmark-module
Run on (8 X 1600 MHz CPU s)
CPU Caches:
  L1 Instruction 32 KiB (x8)
  L1 Data 32 KiB (x8)
  L2 Unified 512 KiB (x2)
Load Average: 5.00, 4.96, 4.61
--------------------------------------------------------------------------------------------------------------------------------------------------------------------------------------------------------
Benchmark                                                                                                                                              Time             CPU   Iterations UserCounters...
--------------------------------------------------------------------------------------------------------------------------------------------------------------------------------------------------------
BM_main_graph$async_dispatch_8_embedded_elf_riscv_64_main_graph$async_dispatch_8_elementwise_broadcast_1568_f32/process_time/real_time             0.115 ms        0.114 ms         6546 items_per_second=8.71059k/s
BM_main_graph$async_dispatch_8_embedded_elf_riscv_64_main_graph$async_dispatch_8_elementwise_broadcast_1568_f32/process_time/real_time             0.109 ms        0.113 ms         6546 items_per_second=9.21648k/s
BM_main_graph$async_dispatch_8_embedded_elf_riscv_64_main_graph$async_dispatch_8_elementwise_broadcast_1568_f32/process_time/real_time             0.107 ms        0.112 ms         6546 items_per_second=9.31961k/s
BM_main_graph$async_dispatch_8_embedded_elf_riscv_64_main_graph$async_dispatch_8_elementwise_broadcast_1568_f32/process_time/real_time             0.107 ms        0.113 ms         6546 items_per_second=9.32649k/s
BM_main_graph$async_dispatch_8_embedded_elf_riscv_64_main_graph$async_dispatch_8_elementwise_broadcast_1568_f32/process_time/real_time             0.107 ms        0.112 ms         6546 items_per_second=9.35344k/s
BM_main_graph$async_dispatch_8_embedded_elf_riscv_64_main_graph$async_dispatch_8_elementwise_broadcast_1568_f32/process_time/real_time             0.107 ms        0.112 ms         6546 items_per_second=9.37687k/s
BM_main_graph$async_dispatch_8_embedded_elf_riscv_64_main_graph$async_dispatch_8_elementwise_broadcast_1568_f32/process_time/real_time             0.107 ms        0.113 ms         6546 items_per_second=9.31346k/s
BM_main_graph$async_dispatch_8_embedded_elf_riscv_64_main_graph$async_dispatch_8_elementwise_broadcast_1568_f32/process_time/real_time             0.108 ms        0.113 ms         6546 items_per_second=9.27925k/s
BM_main_graph$async_dispatch_8_embedded_elf_riscv_64_main_graph$async_dispatch_8_elementwise_broadcast_1568_f32/process_time/real_time             0.107 ms        0.113 ms         6546 items_per_second=9.32174k/s
BM_main_graph$async_dispatch_8_embedded_elf_riscv_64_main_graph$async_dispatch_8_elementwise_broadcast_1568_f32/process_time/real_time             0.108 ms        0.113 ms         6546 items_per_second=9.29231k/s
BM_main_graph$async_dispatch_8_embedded_elf_riscv_64_main_graph$async_dispatch_8_elementwise_broadcast_1568_f32/process_time/real_time_mean        0.108 ms        0.113 ms           10 items_per_second=9.25103k/s
BM_main_graph$async_dispatch_8_embedded_elf_riscv_64_main_graph$async_dispatch_8_elementwise_broadcast_1568_f32/process_time/real_time_median      0.107 ms        0.113 ms           10 items_per_second=9.31653k/s
BM_main_graph$async_dispatch_8_embedded_elf_riscv_64_main_graph$async_dispatch_8_elementwise_broadcast_1568_f32/process_time/real_time_stddev      0.002 ms        0.001 ms           10 items_per_second=194.761/s
BM_main_graph$async_dispatch_8_embedded_elf_riscv_64_main_graph$async_dispatch_8_elementwise_broadcast_1568_f32/process_time/real_time_cv           2.21 %          0.58 %            10 items_per_second=2.11%
