2026-01-09T08:50:28.187107
Running tools/iree-benchmark-module --module=/home/dima/sched_vmfb/glpdepth_scalar/module_main_graph$async_dispatch_148_embedded_elf_riscv_64_benchmark.vmfb --device=local-task --function=main_graph$async_dispatch_148_embedded_elf_riscv_64_main_graph$async_dispatch_148_conv_2x56x56x32x3x3_f32 --input=1xi32=1 --task_topology_cpu_ids=0,1,2,3 --benchmark_repetitions=10
2026-01-09T08:50:28+08:00
Running tools/iree-benchmark-module
Run on (8 X 1600 MHz CPU s)
CPU Caches:
  L1 Instruction 32 KiB (x8)
  L1 Data 32 KiB (x8)
  L2 Unified 512 KiB (x2)
Load Average: 5.64, 5.08, 4.42
-----------------------------------------------------------------------------------------------------------------------------------------------------------------------------------------------------
Benchmark                                                                                                                                           Time             CPU   Iterations UserCounters...
-----------------------------------------------------------------------------------------------------------------------------------------------------------------------------------------------------
BM_main_graph$async_dispatch_148_embedded_elf_riscv_64_main_graph$async_dispatch_148_conv_2x56x56x32x3x3_f32/process_time/real_time              3.33 ms         12.9 ms          210 items_per_second=299.937/s
BM_main_graph$async_dispatch_148_embedded_elf_riscv_64_main_graph$async_dispatch_148_conv_2x56x56x32x3x3_f32/process_time/real_time              3.35 ms         13.0 ms          210 items_per_second=298.427/s
BM_main_graph$async_dispatch_148_embedded_elf_riscv_64_main_graph$async_dispatch_148_conv_2x56x56x32x3x3_f32/process_time/real_time              3.34 ms         13.0 ms          210 items_per_second=299.656/s
BM_main_graph$async_dispatch_148_embedded_elf_riscv_64_main_graph$async_dispatch_148_conv_2x56x56x32x3x3_f32/process_time/real_time              3.34 ms         12.9 ms          210 items_per_second=299.339/s
BM_main_graph$async_dispatch_148_embedded_elf_riscv_64_main_graph$async_dispatch_148_conv_2x56x56x32x3x3_f32/process_time/real_time              3.34 ms         13.0 ms          210 items_per_second=299.126/s
BM_main_graph$async_dispatch_148_embedded_elf_riscv_64_main_graph$async_dispatch_148_conv_2x56x56x32x3x3_f32/process_time/real_time              3.33 ms         12.9 ms          210 items_per_second=299.922/s
BM_main_graph$async_dispatch_148_embedded_elf_riscv_64_main_graph$async_dispatch_148_conv_2x56x56x32x3x3_f32/process_time/real_time              3.33 ms         12.9 ms          210 items_per_second=300.266/s
BM_main_graph$async_dispatch_148_embedded_elf_riscv_64_main_graph$async_dispatch_148_conv_2x56x56x32x3x3_f32/process_time/real_time              3.35 ms         13.0 ms          210 items_per_second=298.644/s
BM_main_graph$async_dispatch_148_embedded_elf_riscv_64_main_graph$async_dispatch_148_conv_2x56x56x32x3x3_f32/process_time/real_time              3.34 ms         12.9 ms          210 items_per_second=299.446/s
BM_main_graph$async_dispatch_148_embedded_elf_riscv_64_main_graph$async_dispatch_148_conv_2x56x56x32x3x3_f32/process_time/real_time              3.32 ms         12.9 ms          210 items_per_second=301.019/s
BM_main_graph$async_dispatch_148_embedded_elf_riscv_64_main_graph$async_dispatch_148_conv_2x56x56x32x3x3_f32/process_time/real_time_mean         3.34 ms         12.9 ms           10 items_per_second=299.578/s
BM_main_graph$async_dispatch_148_embedded_elf_riscv_64_main_graph$async_dispatch_148_conv_2x56x56x32x3x3_f32/process_time/real_time_median       3.34 ms         12.9 ms           10 items_per_second=299.551/s
BM_main_graph$async_dispatch_148_embedded_elf_riscv_64_main_graph$async_dispatch_148_conv_2x56x56x32x3x3_f32/process_time/real_time_stddev      0.009 ms        0.017 ms           10 items_per_second=0.765865/s
BM_main_graph$async_dispatch_148_embedded_elf_riscv_64_main_graph$async_dispatch_148_conv_2x56x56x32x3x3_f32/process_time/real_time_cv           0.26 %          0.13 %            10 items_per_second=0.26%
