2026-01-09T08:52:54.797703
Running tools/iree-benchmark-module --module=/home/dima/sched_vmfb/glpdepth_scalar/module_main_graph$async_dispatch_38_embedded_elf_riscv_64_benchmark.vmfb --device=local-task --function=main_graph$async_dispatch_38_embedded_elf_riscv_64_main_graph$async_dispatch_38_reduction_49x64_f32 --input=1xi32=1 --task_topology_cpu_ids=0,1,2,3 --benchmark_repetitions=10
2026-01-09T08:52:54+08:00
Running tools/iree-benchmark-module
Run on (8 X 1600 MHz CPU s)
CPU Caches:
  L1 Instruction 32 KiB (x8)
  L1 Data 32 KiB (x8)
  L2 Unified 512 KiB (x2)
Load Average: 5.17, 5.19, 4.57
-----------------------------------------------------------------------------------------------------------------------------------------------------------------------------------------------
Benchmark                                                                                                                                     Time             CPU   Iterations UserCounters...
-----------------------------------------------------------------------------------------------------------------------------------------------------------------------------------------------
BM_main_graph$async_dispatch_38_embedded_elf_riscv_64_main_graph$async_dispatch_38_reduction_49x64_f32/process_time/real_time             0.156 ms        0.342 ms         4370 items_per_second=6.40541k/s
BM_main_graph$async_dispatch_38_embedded_elf_riscv_64_main_graph$async_dispatch_38_reduction_49x64_f32/process_time/real_time             0.157 ms        0.343 ms         4370 items_per_second=6.3535k/s
BM_main_graph$async_dispatch_38_embedded_elf_riscv_64_main_graph$async_dispatch_38_reduction_49x64_f32/process_time/real_time             0.165 ms        0.337 ms         4370 items_per_second=6.05547k/s
BM_main_graph$async_dispatch_38_embedded_elf_riscv_64_main_graph$async_dispatch_38_reduction_49x64_f32/process_time/real_time             0.145 ms        0.331 ms         4370 items_per_second=6.8928k/s
BM_main_graph$async_dispatch_38_embedded_elf_riscv_64_main_graph$async_dispatch_38_reduction_49x64_f32/process_time/real_time             0.148 ms        0.334 ms         4370 items_per_second=6.77701k/s
BM_main_graph$async_dispatch_38_embedded_elf_riscv_64_main_graph$async_dispatch_38_reduction_49x64_f32/process_time/real_time             0.150 ms        0.336 ms         4370 items_per_second=6.68538k/s
BM_main_graph$async_dispatch_38_embedded_elf_riscv_64_main_graph$async_dispatch_38_reduction_49x64_f32/process_time/real_time             0.148 ms        0.335 ms         4370 items_per_second=6.75359k/s
BM_main_graph$async_dispatch_38_embedded_elf_riscv_64_main_graph$async_dispatch_38_reduction_49x64_f32/process_time/real_time             0.149 ms        0.335 ms         4370 items_per_second=6.73331k/s
BM_main_graph$async_dispatch_38_embedded_elf_riscv_64_main_graph$async_dispatch_38_reduction_49x64_f32/process_time/real_time             0.150 ms        0.336 ms         4370 items_per_second=6.68826k/s
BM_main_graph$async_dispatch_38_embedded_elf_riscv_64_main_graph$async_dispatch_38_reduction_49x64_f32/process_time/real_time             0.148 ms        0.335 ms         4370 items_per_second=6.74068k/s
BM_main_graph$async_dispatch_38_embedded_elf_riscv_64_main_graph$async_dispatch_38_reduction_49x64_f32/process_time/real_time_mean        0.152 ms        0.336 ms           10 items_per_second=6.60854k/s
BM_main_graph$async_dispatch_38_embedded_elf_riscv_64_main_graph$async_dispatch_38_reduction_49x64_f32/process_time/real_time_median      0.149 ms        0.336 ms           10 items_per_second=6.71078k/s
BM_main_graph$async_dispatch_38_embedded_elf_riscv_64_main_graph$async_dispatch_38_reduction_49x64_f32/process_time/real_time_stddev      0.006 ms        0.004 ms           10 items_per_second=255.541/s
BM_main_graph$async_dispatch_38_embedded_elf_riscv_64_main_graph$async_dispatch_38_reduction_49x64_f32/process_time/real_time_cv           4.04 %          1.08 %            10 items_per_second=3.87%
