2026-01-09T08:46:26.775691
Running tools/iree-benchmark-module --module=/home/dima/sched_vmfb/glpdepth_scalar/module_main_graph$async_dispatch_106_embedded_elf_riscv_64_benchmark.vmfb --device=local-task --function=main_graph$async_dispatch_106_embedded_elf_riscv_64_main_graph$async_dispatch_106_matmul_like_8x49x49x32_f32 --input=1xi32=1 --task_topology_cpu_ids=0,1,2,3 --benchmark_repetitions=10
2026-01-09T08:46:26+08:00
Running tools/iree-benchmark-module
Run on (8 X 1600 MHz CPU s)
CPU Caches:
  L1 Instruction 32 KiB (x8)
  L1 Data 32 KiB (x8)
  L2 Unified 512 KiB (x2)
Load Average: 4.59, 4.49, 4.08
--------------------------------------------------------------------------------------------------------------------------------------------------------------------------------------------------------
Benchmark                                                                                                                                              Time             CPU   Iterations UserCounters...
--------------------------------------------------------------------------------------------------------------------------------------------------------------------------------------------------------
BM_main_graph$async_dispatch_106_embedded_elf_riscv_64_main_graph$async_dispatch_106_matmul_like_8x49x49x32_f32/process_time/real_time             0.453 ms         1.35 ms         1567 items_per_second=2.20901k/s
BM_main_graph$async_dispatch_106_embedded_elf_riscv_64_main_graph$async_dispatch_106_matmul_like_8x49x49x32_f32/process_time/real_time             0.445 ms         1.35 ms         1567 items_per_second=2.24547k/s
BM_main_graph$async_dispatch_106_embedded_elf_riscv_64_main_graph$async_dispatch_106_matmul_like_8x49x49x32_f32/process_time/real_time             0.447 ms         1.35 ms         1567 items_per_second=2.23874k/s
BM_main_graph$async_dispatch_106_embedded_elf_riscv_64_main_graph$async_dispatch_106_matmul_like_8x49x49x32_f32/process_time/real_time             0.452 ms         1.35 ms         1567 items_per_second=2.21398k/s
BM_main_graph$async_dispatch_106_embedded_elf_riscv_64_main_graph$async_dispatch_106_matmul_like_8x49x49x32_f32/process_time/real_time             0.447 ms         1.35 ms         1567 items_per_second=2.23692k/s
BM_main_graph$async_dispatch_106_embedded_elf_riscv_64_main_graph$async_dispatch_106_matmul_like_8x49x49x32_f32/process_time/real_time             0.446 ms         1.35 ms         1567 items_per_second=2.24384k/s
BM_main_graph$async_dispatch_106_embedded_elf_riscv_64_main_graph$async_dispatch_106_matmul_like_8x49x49x32_f32/process_time/real_time             0.451 ms         1.35 ms         1567 items_per_second=2.21916k/s
BM_main_graph$async_dispatch_106_embedded_elf_riscv_64_main_graph$async_dispatch_106_matmul_like_8x49x49x32_f32/process_time/real_time             0.445 ms         1.35 ms         1567 items_per_second=2.24606k/s
BM_main_graph$async_dispatch_106_embedded_elf_riscv_64_main_graph$async_dispatch_106_matmul_like_8x49x49x32_f32/process_time/real_time             0.449 ms         1.35 ms         1567 items_per_second=2.22961k/s
BM_main_graph$async_dispatch_106_embedded_elf_riscv_64_main_graph$async_dispatch_106_matmul_like_8x49x49x32_f32/process_time/real_time             0.450 ms         1.35 ms         1567 items_per_second=2.22313k/s
BM_main_graph$async_dispatch_106_embedded_elf_riscv_64_main_graph$async_dispatch_106_matmul_like_8x49x49x32_f32/process_time/real_time_mean        0.448 ms         1.35 ms           10 items_per_second=2.23059k/s
BM_main_graph$async_dispatch_106_embedded_elf_riscv_64_main_graph$async_dispatch_106_matmul_like_8x49x49x32_f32/process_time/real_time_median      0.448 ms         1.35 ms           10 items_per_second=2.23327k/s
BM_main_graph$async_dispatch_106_embedded_elf_riscv_64_main_graph$async_dispatch_106_matmul_like_8x49x49x32_f32/process_time/real_time_stddev      0.003 ms        0.001 ms           10 items_per_second=13.6294/s
BM_main_graph$async_dispatch_106_embedded_elf_riscv_64_main_graph$async_dispatch_106_matmul_like_8x49x49x32_f32/process_time/real_time_cv           0.61 %          0.10 %            10 items_per_second=0.61%
