2026-01-09T08:49:50.994527
Running tools/iree-benchmark-module --module=/home/dima/sched_vmfb/glpdepth_scalar/module_main_graph$async_dispatch_143_embedded_elf_riscv_64_benchmark.vmfb --device=local-task --function=main_graph$async_dispatch_143_embedded_elf_riscv_64_main_graph$async_dispatch_143_elementwise_broadcast_200704_f32 --input=1xi32=1 --task_topology_cpu_ids=0,1,2,3 --benchmark_repetitions=10
2026-01-09T08:49:51+08:00
Running tools/iree-benchmark-module
Run on (8 X 1600 MHz CPU s)
CPU Caches:
  L1 Instruction 32 KiB (x8)
  L1 Data 32 KiB (x8)
  L2 Unified 512 KiB (x2)
Load Average: 5.33, 4.97, 4.36
--------------------------------------------------------------------------------------------------------------------------------------------------------------------------------------------------------------
Benchmark                                                                                                                                                    Time             CPU   Iterations UserCounters...
--------------------------------------------------------------------------------------------------------------------------------------------------------------------------------------------------------------
BM_main_graph$async_dispatch_143_embedded_elf_riscv_64_main_graph$async_dispatch_143_elementwise_broadcast_200704_f32/process_time/real_time              4.67 ms         13.8 ms          150 items_per_second=214.102/s
BM_main_graph$async_dispatch_143_embedded_elf_riscv_64_main_graph$async_dispatch_143_elementwise_broadcast_200704_f32/process_time/real_time              4.67 ms         13.8 ms          150 items_per_second=214.252/s
BM_main_graph$async_dispatch_143_embedded_elf_riscv_64_main_graph$async_dispatch_143_elementwise_broadcast_200704_f32/process_time/real_time              4.68 ms         13.8 ms          150 items_per_second=213.798/s
BM_main_graph$async_dispatch_143_embedded_elf_riscv_64_main_graph$async_dispatch_143_elementwise_broadcast_200704_f32/process_time/real_time              4.67 ms         13.8 ms          150 items_per_second=214.167/s
BM_main_graph$async_dispatch_143_embedded_elf_riscv_64_main_graph$async_dispatch_143_elementwise_broadcast_200704_f32/process_time/real_time              4.67 ms         13.8 ms          150 items_per_second=214.174/s
BM_main_graph$async_dispatch_143_embedded_elf_riscv_64_main_graph$async_dispatch_143_elementwise_broadcast_200704_f32/process_time/real_time              4.66 ms         13.9 ms          150 items_per_second=214.476/s
BM_main_graph$async_dispatch_143_embedded_elf_riscv_64_main_graph$async_dispatch_143_elementwise_broadcast_200704_f32/process_time/real_time              4.67 ms         13.8 ms          150 items_per_second=214.352/s
BM_main_graph$async_dispatch_143_embedded_elf_riscv_64_main_graph$async_dispatch_143_elementwise_broadcast_200704_f32/process_time/real_time              4.67 ms         13.8 ms          150 items_per_second=214.286/s
BM_main_graph$async_dispatch_143_embedded_elf_riscv_64_main_graph$async_dispatch_143_elementwise_broadcast_200704_f32/process_time/real_time              4.66 ms         13.8 ms          150 items_per_second=214.776/s
BM_main_graph$async_dispatch_143_embedded_elf_riscv_64_main_graph$async_dispatch_143_elementwise_broadcast_200704_f32/process_time/real_time              4.67 ms         13.8 ms          150 items_per_second=214.257/s
BM_main_graph$async_dispatch_143_embedded_elf_riscv_64_main_graph$async_dispatch_143_elementwise_broadcast_200704_f32/process_time/real_time_mean         4.67 ms         13.8 ms           10 items_per_second=214.264/s
BM_main_graph$async_dispatch_143_embedded_elf_riscv_64_main_graph$async_dispatch_143_elementwise_broadcast_200704_f32/process_time/real_time_median       4.67 ms         13.8 ms           10 items_per_second=214.255/s
BM_main_graph$async_dispatch_143_embedded_elf_riscv_64_main_graph$async_dispatch_143_elementwise_broadcast_200704_f32/process_time/real_time_stddev      0.006 ms        0.009 ms           10 items_per_second=0.253149/s
BM_main_graph$async_dispatch_143_embedded_elf_riscv_64_main_graph$async_dispatch_143_elementwise_broadcast_200704_f32/process_time/real_time_cv           0.12 %          0.07 %            10 items_per_second=0.12%
