2026-01-09T08:56:46.411398
Running tools/iree-benchmark-module --module=/home/dima/sched_vmfb/glpdepth_scalar/module_main_graph$async_dispatch_80_embedded_elf_riscv_64_benchmark.vmfb --device=local-task --function=main_graph$async_dispatch_80_embedded_elf_riscv_64_main_graph$async_dispatch_80_matmul_like_640x14x14x160_f32 --input=1xi32=1 --task_topology_cpu_ids=0,1,2,3 --benchmark_repetitions=10
2026-01-09T08:56:46+08:00
Running tools/iree-benchmark-module
Run on (8 X 1600 MHz CPU s)
CPU Caches:
  L1 Instruction 32 KiB (x8)
  L1 Data 32 KiB (x8)
  L2 Unified 512 KiB (x2)
Load Average: 4.49, 4.87, 4.57
---------------------------------------------------------------------------------------------------------------------------------------------------------------------------------------------------------
Benchmark                                                                                                                                               Time             CPU   Iterations UserCounters...
---------------------------------------------------------------------------------------------------------------------------------------------------------------------------------------------------------
BM_main_graph$async_dispatch_80_embedded_elf_riscv_64_main_graph$async_dispatch_80_matmul_like_640x14x14x160_f32/process_time/real_time               219 ms          734 ms            3 items_per_second=4.56712/s
BM_main_graph$async_dispatch_80_embedded_elf_riscv_64_main_graph$async_dispatch_80_matmul_like_640x14x14x160_f32/process_time/real_time               220 ms          734 ms            3 items_per_second=4.55513/s
BM_main_graph$async_dispatch_80_embedded_elf_riscv_64_main_graph$async_dispatch_80_matmul_like_640x14x14x160_f32/process_time/real_time               220 ms          735 ms            3 items_per_second=4.5442/s
BM_main_graph$async_dispatch_80_embedded_elf_riscv_64_main_graph$async_dispatch_80_matmul_like_640x14x14x160_f32/process_time/real_time               222 ms          735 ms            3 items_per_second=4.49918/s
BM_main_graph$async_dispatch_80_embedded_elf_riscv_64_main_graph$async_dispatch_80_matmul_like_640x14x14x160_f32/process_time/real_time               220 ms          734 ms            3 items_per_second=4.55263/s
BM_main_graph$async_dispatch_80_embedded_elf_riscv_64_main_graph$async_dispatch_80_matmul_like_640x14x14x160_f32/process_time/real_time               220 ms          734 ms            3 items_per_second=4.55425/s
BM_main_graph$async_dispatch_80_embedded_elf_riscv_64_main_graph$async_dispatch_80_matmul_like_640x14x14x160_f32/process_time/real_time               219 ms          734 ms            3 items_per_second=4.56213/s
BM_main_graph$async_dispatch_80_embedded_elf_riscv_64_main_graph$async_dispatch_80_matmul_like_640x14x14x160_f32/process_time/real_time               219 ms          733 ms            3 items_per_second=4.56805/s
BM_main_graph$async_dispatch_80_embedded_elf_riscv_64_main_graph$async_dispatch_80_matmul_like_640x14x14x160_f32/process_time/real_time               220 ms          734 ms            3 items_per_second=4.55128/s
BM_main_graph$async_dispatch_80_embedded_elf_riscv_64_main_graph$async_dispatch_80_matmul_like_640x14x14x160_f32/process_time/real_time               219 ms          735 ms            3 items_per_second=4.56069/s
BM_main_graph$async_dispatch_80_embedded_elf_riscv_64_main_graph$async_dispatch_80_matmul_like_640x14x14x160_f32/process_time/real_time_mean          220 ms          734 ms           10 items_per_second=4.55147/s
BM_main_graph$async_dispatch_80_embedded_elf_riscv_64_main_graph$async_dispatch_80_matmul_like_640x14x14x160_f32/process_time/real_time_median        220 ms          734 ms           10 items_per_second=4.55469/s
BM_main_graph$async_dispatch_80_embedded_elf_riscv_64_main_graph$async_dispatch_80_matmul_like_640x14x14x160_f32/process_time/real_time_stddev      0.964 ms        0.633 ms           10 items_per_second=0.0197999/s
BM_main_graph$async_dispatch_80_embedded_elf_riscv_64_main_graph$async_dispatch_80_matmul_like_640x14x14x160_f32/process_time/real_time_cv           0.44 %          0.09 %            10 items_per_second=0.44%
