2026-01-09T08:51:02.099551
Running tools/iree-benchmark-module --module=/home/dima/sched_vmfb/glpdepth_scalar/module_main_graph$async_dispatch_152_embedded_elf_riscv_64_benchmark.vmfb --device=local-task --function=main_graph$async_dispatch_152_embedded_elf_riscv_64_main_graph$async_dispatch_152_conv_64x224x224x64x3x3_f32 --input=1xi32=1 --task_topology_cpu_ids=0,1,2,3 --benchmark_repetitions=10
2026-01-09T08:51:02+08:00
Running tools/iree-benchmark-module
Run on (8 X 1600 MHz CPU s)
CPU Caches:
  L1 Instruction 32 KiB (x8)
  L1 Data 32 KiB (x8)
  L2 Unified 512 KiB (x2)
Load Average: 5.88, 5.20, 4.49
--------------------------------------------------------------------------------------------------------------------------------------------------------------------------------------------------------
Benchmark                                                                                                                                              Time             CPU   Iterations UserCounters...
--------------------------------------------------------------------------------------------------------------------------------------------------------------------------------------------------------
BM_main_graph$async_dispatch_152_embedded_elf_riscv_64_main_graph$async_dispatch_152_conv_64x224x224x64x3x3_f32/process_time/real_time              3306 ms        12543 ms            1 items_per_second=0.302445/s
BM_main_graph$async_dispatch_152_embedded_elf_riscv_64_main_graph$async_dispatch_152_conv_64x224x224x64x3x3_f32/process_time/real_time              3301 ms        12524 ms            1 items_per_second=0.302943/s
BM_main_graph$async_dispatch_152_embedded_elf_riscv_64_main_graph$async_dispatch_152_conv_64x224x224x64x3x3_f32/process_time/real_time              3299 ms        12517 ms            1 items_per_second=0.303114/s
BM_main_graph$async_dispatch_152_embedded_elf_riscv_64_main_graph$async_dispatch_152_conv_64x224x224x64x3x3_f32/process_time/real_time              3302 ms        12521 ms            1 items_per_second=0.302849/s
BM_main_graph$async_dispatch_152_embedded_elf_riscv_64_main_graph$async_dispatch_152_conv_64x224x224x64x3x3_f32/process_time/real_time              3302 ms        12524 ms            1 items_per_second=0.302875/s
BM_main_graph$async_dispatch_152_embedded_elf_riscv_64_main_graph$async_dispatch_152_conv_64x224x224x64x3x3_f32/process_time/real_time              3301 ms        12519 ms            1 items_per_second=0.302962/s
BM_main_graph$async_dispatch_152_embedded_elf_riscv_64_main_graph$async_dispatch_152_conv_64x224x224x64x3x3_f32/process_time/real_time              3301 ms        12520 ms            1 items_per_second=0.302973/s
BM_main_graph$async_dispatch_152_embedded_elf_riscv_64_main_graph$async_dispatch_152_conv_64x224x224x64x3x3_f32/process_time/real_time              3298 ms        12519 ms            1 items_per_second=0.30324/s
BM_main_graph$async_dispatch_152_embedded_elf_riscv_64_main_graph$async_dispatch_152_conv_64x224x224x64x3x3_f32/process_time/real_time              3302 ms        12521 ms            1 items_per_second=0.302806/s
BM_main_graph$async_dispatch_152_embedded_elf_riscv_64_main_graph$async_dispatch_152_conv_64x224x224x64x3x3_f32/process_time/real_time              3299 ms        12517 ms            1 items_per_second=0.303106/s
BM_main_graph$async_dispatch_152_embedded_elf_riscv_64_main_graph$async_dispatch_152_conv_64x224x224x64x3x3_f32/process_time/real_time_mean         3301 ms        12522 ms           10 items_per_second=0.302931/s
BM_main_graph$async_dispatch_152_embedded_elf_riscv_64_main_graph$async_dispatch_152_conv_64x224x224x64x3x3_f32/process_time/real_time_median       3301 ms        12520 ms           10 items_per_second=0.302952/s
BM_main_graph$async_dispatch_152_embedded_elf_riscv_64_main_graph$async_dispatch_152_conv_64x224x224x64x3x3_f32/process_time/real_time_stddev       2.37 ms         7.59 ms           10 items_per_second=217.131u/s
BM_main_graph$async_dispatch_152_embedded_elf_riscv_64_main_graph$async_dispatch_152_conv_64x224x224x64x3x3_f32/process_time/real_time_cv           0.07 %          0.06 %            10 items_per_second=0.07%
