2026-01-08T12:53:51.791625
Running tools/iree-benchmark-module --module=/home/dima/sched_vmfb/glpdepth/module_main_graph$async_dispatch_116_embedded_elf_riscv_64_benchmark.vmfb --device=local-task --function=main_graph$async_dispatch_116_embedded_elf_riscv_64_main_graph$async_dispatch_116_reduction_196x160_f32 --input=1xi32=1 --task_topology_cpu_ids=0,1,2,3 --benchmark_repetitions=10
2026-01-08T12:53:51+08:00
Running tools/iree-benchmark-module
Run on (8 X 1600 MHz CPU s)
CPU Caches:
  L1 Instruction 32 KiB (x8)
  L1 Data 32 KiB (x8)
  L2 Unified 512 KiB (x2)
Load Average: 4.69, 4.69, 4.27
---------------------------------------------------------------------------------------------------------------------------------------------------------------------------------------------------
Benchmark                                                                                                                                         Time             CPU   Iterations UserCounters...
---------------------------------------------------------------------------------------------------------------------------------------------------------------------------------------------------
BM_main_graph$async_dispatch_116_embedded_elf_riscv_64_main_graph$async_dispatch_116_reduction_196x160_f32/process_time/real_time             0.373 ms         1.12 ms         1878 items_per_second=2.67888k/s
BM_main_graph$async_dispatch_116_embedded_elf_riscv_64_main_graph$async_dispatch_116_reduction_196x160_f32/process_time/real_time             0.374 ms         1.12 ms         1878 items_per_second=2.67145k/s
BM_main_graph$async_dispatch_116_embedded_elf_riscv_64_main_graph$async_dispatch_116_reduction_196x160_f32/process_time/real_time             0.378 ms         1.13 ms         1878 items_per_second=2.64439k/s
BM_main_graph$async_dispatch_116_embedded_elf_riscv_64_main_graph$async_dispatch_116_reduction_196x160_f32/process_time/real_time             0.374 ms         1.12 ms         1878 items_per_second=2.67536k/s
BM_main_graph$async_dispatch_116_embedded_elf_riscv_64_main_graph$async_dispatch_116_reduction_196x160_f32/process_time/real_time             0.373 ms         1.11 ms         1878 items_per_second=2.67878k/s
BM_main_graph$async_dispatch_116_embedded_elf_riscv_64_main_graph$async_dispatch_116_reduction_196x160_f32/process_time/real_time             0.373 ms         1.11 ms         1878 items_per_second=2.68069k/s
BM_main_graph$async_dispatch_116_embedded_elf_riscv_64_main_graph$async_dispatch_116_reduction_196x160_f32/process_time/real_time             0.372 ms         1.11 ms         1878 items_per_second=2.68771k/s
BM_main_graph$async_dispatch_116_embedded_elf_riscv_64_main_graph$async_dispatch_116_reduction_196x160_f32/process_time/real_time             0.377 ms         1.12 ms         1878 items_per_second=2.65087k/s
BM_main_graph$async_dispatch_116_embedded_elf_riscv_64_main_graph$async_dispatch_116_reduction_196x160_f32/process_time/real_time             0.375 ms         1.12 ms         1878 items_per_second=2.66358k/s
BM_main_graph$async_dispatch_116_embedded_elf_riscv_64_main_graph$async_dispatch_116_reduction_196x160_f32/process_time/real_time             0.373 ms         1.12 ms         1878 items_per_second=2.67769k/s
BM_main_graph$async_dispatch_116_embedded_elf_riscv_64_main_graph$async_dispatch_116_reduction_196x160_f32/process_time/real_time_mean        0.374 ms         1.12 ms           10 items_per_second=2.67094k/s
BM_main_graph$async_dispatch_116_embedded_elf_riscv_64_main_graph$async_dispatch_116_reduction_196x160_f32/process_time/real_time_median      0.374 ms         1.12 ms           10 items_per_second=2.67652k/s
BM_main_graph$async_dispatch_116_embedded_elf_riscv_64_main_graph$async_dispatch_116_reduction_196x160_f32/process_time/real_time_stddev      0.002 ms        0.004 ms           10 items_per_second=13.8558/s
BM_main_graph$async_dispatch_116_embedded_elf_riscv_64_main_graph$async_dispatch_116_reduction_196x160_f32/process_time/real_time_cv           0.52 %          0.39 %            10 items_per_second=0.52%
