2026-01-08T12:51:47.605586
Running tools/iree-benchmark-module --module=/home/dima/sched_vmfb/glpdepth/module_main_graph$async_dispatch_100_embedded_elf_riscv_64_benchmark.vmfb --device=local-task --function=main_graph$async_dispatch_100_embedded_elf_riscv_64_main_graph$async_dispatch_100_reduction_196x160_f32 --input=1xi32=1 --task_topology_cpu_ids=0,1,2,3 --benchmark_repetitions=10
2026-01-08T12:51:47+08:00
Running tools/iree-benchmark-module
Run on (8 X 1600 MHz CPU s)
CPU Caches:
  L1 Instruction 32 KiB (x8)
  L1 Data 32 KiB (x8)
  L2 Unified 512 KiB (x2)
Load Average: 4.46, 4.58, 4.18
---------------------------------------------------------------------------------------------------------------------------------------------------------------------------------------------------
Benchmark                                                                                                                                         Time             CPU   Iterations UserCounters...
---------------------------------------------------------------------------------------------------------------------------------------------------------------------------------------------------
BM_main_graph$async_dispatch_100_embedded_elf_riscv_64_main_graph$async_dispatch_100_reduction_196x160_f32/process_time/real_time              1.48 ms         4.84 ms          476 items_per_second=677.107/s
BM_main_graph$async_dispatch_100_embedded_elf_riscv_64_main_graph$async_dispatch_100_reduction_196x160_f32/process_time/real_time              1.46 ms         4.84 ms          476 items_per_second=684.342/s
BM_main_graph$async_dispatch_100_embedded_elf_riscv_64_main_graph$async_dispatch_100_reduction_196x160_f32/process_time/real_time              1.46 ms         4.84 ms          476 items_per_second=684.212/s
BM_main_graph$async_dispatch_100_embedded_elf_riscv_64_main_graph$async_dispatch_100_reduction_196x160_f32/process_time/real_time              1.48 ms         4.84 ms          476 items_per_second=676.228/s
BM_main_graph$async_dispatch_100_embedded_elf_riscv_64_main_graph$async_dispatch_100_reduction_196x160_f32/process_time/real_time              1.46 ms         4.83 ms          476 items_per_second=685.451/s
BM_main_graph$async_dispatch_100_embedded_elf_riscv_64_main_graph$async_dispatch_100_reduction_196x160_f32/process_time/real_time              1.48 ms         4.84 ms          476 items_per_second=676.586/s
BM_main_graph$async_dispatch_100_embedded_elf_riscv_64_main_graph$async_dispatch_100_reduction_196x160_f32/process_time/real_time              1.46 ms         4.83 ms          476 items_per_second=684.15/s
BM_main_graph$async_dispatch_100_embedded_elf_riscv_64_main_graph$async_dispatch_100_reduction_196x160_f32/process_time/real_time              1.46 ms         4.84 ms          476 items_per_second=684.234/s
BM_main_graph$async_dispatch_100_embedded_elf_riscv_64_main_graph$async_dispatch_100_reduction_196x160_f32/process_time/real_time              1.48 ms         4.84 ms          476 items_per_second=675.437/s
BM_main_graph$async_dispatch_100_embedded_elf_riscv_64_main_graph$async_dispatch_100_reduction_196x160_f32/process_time/real_time              1.46 ms         4.83 ms          476 items_per_second=684.684/s
BM_main_graph$async_dispatch_100_embedded_elf_riscv_64_main_graph$async_dispatch_100_reduction_196x160_f32/process_time/real_time_mean         1.47 ms         4.84 ms           10 items_per_second=681.243/s
BM_main_graph$async_dispatch_100_embedded_elf_riscv_64_main_graph$async_dispatch_100_reduction_196x160_f32/process_time/real_time_median       1.46 ms         4.84 ms           10 items_per_second=684.181/s
BM_main_graph$async_dispatch_100_embedded_elf_riscv_64_main_graph$async_dispatch_100_reduction_196x160_f32/process_time/real_time_stddev      0.009 ms        0.004 ms           10 items_per_second=4.25602/s
BM_main_graph$async_dispatch_100_embedded_elf_riscv_64_main_graph$async_dispatch_100_reduction_196x160_f32/process_time/real_time_cv           0.63 %          0.09 %            10 items_per_second=0.62%
