2026-01-08T12:55:33.952493
Running tools/iree-benchmark-module --module=/home/dima/sched_vmfb/glpdepth/module_main_graph$async_dispatch_14_embedded_elf_riscv_64_benchmark.vmfb --device=local-task --function=main_graph$async_dispatch_14_embedded_elf_riscv_64_main_graph$async_dispatch_14_elementwise_broadcast_49x32_f32_pack --input=1xi32=1 --task_topology_cpu_ids=0,1,2,3 --benchmark_repetitions=10
2026-01-08T12:55:33+08:00
Running tools/iree-benchmark-module
Run on (8 X 1600 MHz CPU s)
CPU Caches:
  L1 Instruction 32 KiB (x8)
  L1 Data 32 KiB (x8)
  L2 Unified 512 KiB (x2)
Load Average: 5.19, 4.87, 4.38
----------------------------------------------------------------------------------------------------------------------------------------------------------------------------------------------------------------
Benchmark                                                                                                                                                      Time             CPU   Iterations UserCounters...
----------------------------------------------------------------------------------------------------------------------------------------------------------------------------------------------------------------
BM_main_graph$async_dispatch_14_embedded_elf_riscv_64_main_graph$async_dispatch_14_elementwise_broadcast_49x32_f32_pack/process_time/real_time             0.077 ms        0.084 ms         9147 items_per_second=12.9677k/s
BM_main_graph$async_dispatch_14_embedded_elf_riscv_64_main_graph$async_dispatch_14_elementwise_broadcast_49x32_f32_pack/process_time/real_time             0.078 ms        0.084 ms         9147 items_per_second=12.8883k/s
BM_main_graph$async_dispatch_14_embedded_elf_riscv_64_main_graph$async_dispatch_14_elementwise_broadcast_49x32_f32_pack/process_time/real_time             0.077 ms        0.083 ms         9147 items_per_second=13.0073k/s
BM_main_graph$async_dispatch_14_embedded_elf_riscv_64_main_graph$async_dispatch_14_elementwise_broadcast_49x32_f32_pack/process_time/real_time             0.077 ms        0.084 ms         9147 items_per_second=12.9964k/s
BM_main_graph$async_dispatch_14_embedded_elf_riscv_64_main_graph$async_dispatch_14_elementwise_broadcast_49x32_f32_pack/process_time/real_time             0.077 ms        0.084 ms         9147 items_per_second=12.9766k/s
BM_main_graph$async_dispatch_14_embedded_elf_riscv_64_main_graph$async_dispatch_14_elementwise_broadcast_49x32_f32_pack/process_time/real_time             0.077 ms        0.084 ms         9147 items_per_second=12.9491k/s
BM_main_graph$async_dispatch_14_embedded_elf_riscv_64_main_graph$async_dispatch_14_elementwise_broadcast_49x32_f32_pack/process_time/real_time             0.076 ms        0.083 ms         9147 items_per_second=13.0983k/s
BM_main_graph$async_dispatch_14_embedded_elf_riscv_64_main_graph$async_dispatch_14_elementwise_broadcast_49x32_f32_pack/process_time/real_time             0.076 ms        0.083 ms         9147 items_per_second=13.0872k/s
BM_main_graph$async_dispatch_14_embedded_elf_riscv_64_main_graph$async_dispatch_14_elementwise_broadcast_49x32_f32_pack/process_time/real_time             0.077 ms        0.084 ms         9147 items_per_second=12.9734k/s
BM_main_graph$async_dispatch_14_embedded_elf_riscv_64_main_graph$async_dispatch_14_elementwise_broadcast_49x32_f32_pack/process_time/real_time             0.077 ms        0.083 ms         9147 items_per_second=12.9707k/s
BM_main_graph$async_dispatch_14_embedded_elf_riscv_64_main_graph$async_dispatch_14_elementwise_broadcast_49x32_f32_pack/process_time/real_time_mean        0.077 ms        0.083 ms           10 items_per_second=12.9915k/s
BM_main_graph$async_dispatch_14_embedded_elf_riscv_64_main_graph$async_dispatch_14_elementwise_broadcast_49x32_f32_pack/process_time/real_time_median      0.077 ms        0.084 ms           10 items_per_second=12.975k/s
BM_main_graph$async_dispatch_14_embedded_elf_riscv_64_main_graph$async_dispatch_14_elementwise_broadcast_49x32_f32_pack/process_time/real_time_stddev      0.000 ms        0.000 ms           10 items_per_second=62.2128/s
BM_main_graph$async_dispatch_14_embedded_elf_riscv_64_main_graph$async_dispatch_14_elementwise_broadcast_49x32_f32_pack/process_time/real_time_cv           0.48 %          0.48 %            10 items_per_second=0.48%
