2026-01-08T13:03:02.540085
Running tools/iree-benchmark-module --module=/home/dima/sched_vmfb/glpdepth/module_main_graph$async_dispatch_53_embedded_elf_riscv_64_benchmark.vmfb --device=local-task --function=main_graph$async_dispatch_53_embedded_elf_riscv_64_main_graph$async_dispatch_53_reduction_784x64_f32 --input=1xi32=1 --task_topology_cpu_ids=0,1,2,3 --benchmark_repetitions=10
2026-01-08T13:03:02+08:00
Running tools/iree-benchmark-module
Run on (8 X 1600 MHz CPU s)
CPU Caches:
  L1 Instruction 32 KiB (x8)
  L1 Data 32 KiB (x8)
  L2 Unified 512 KiB (x2)
Load Average: 5.61, 5.19, 4.68
------------------------------------------------------------------------------------------------------------------------------------------------------------------------------------------------
Benchmark                                                                                                                                      Time             CPU   Iterations UserCounters...
------------------------------------------------------------------------------------------------------------------------------------------------------------------------------------------------
BM_main_graph$async_dispatch_53_embedded_elf_riscv_64_main_graph$async_dispatch_53_reduction_784x64_f32/process_time/real_time              1.86 ms         6.91 ms          380 items_per_second=536.288/s
BM_main_graph$async_dispatch_53_embedded_elf_riscv_64_main_graph$async_dispatch_53_reduction_784x64_f32/process_time/real_time              1.85 ms         6.90 ms          380 items_per_second=541.375/s
BM_main_graph$async_dispatch_53_embedded_elf_riscv_64_main_graph$async_dispatch_53_reduction_784x64_f32/process_time/real_time              1.84 ms         6.90 ms          380 items_per_second=542.29/s
BM_main_graph$async_dispatch_53_embedded_elf_riscv_64_main_graph$async_dispatch_53_reduction_784x64_f32/process_time/real_time              1.87 ms         6.91 ms          380 items_per_second=535.3/s
BM_main_graph$async_dispatch_53_embedded_elf_riscv_64_main_graph$async_dispatch_53_reduction_784x64_f32/process_time/real_time              1.84 ms         6.90 ms          380 items_per_second=544.397/s
BM_main_graph$async_dispatch_53_embedded_elf_riscv_64_main_graph$async_dispatch_53_reduction_784x64_f32/process_time/real_time              1.85 ms         6.90 ms          380 items_per_second=541.346/s
BM_main_graph$async_dispatch_53_embedded_elf_riscv_64_main_graph$async_dispatch_53_reduction_784x64_f32/process_time/real_time              1.87 ms         6.91 ms          380 items_per_second=534.811/s
BM_main_graph$async_dispatch_53_embedded_elf_riscv_64_main_graph$async_dispatch_53_reduction_784x64_f32/process_time/real_time              1.85 ms         6.90 ms          380 items_per_second=541.496/s
BM_main_graph$async_dispatch_53_embedded_elf_riscv_64_main_graph$async_dispatch_53_reduction_784x64_f32/process_time/real_time              1.85 ms         6.90 ms          380 items_per_second=540.83/s
BM_main_graph$async_dispatch_53_embedded_elf_riscv_64_main_graph$async_dispatch_53_reduction_784x64_f32/process_time/real_time              1.86 ms         6.90 ms          380 items_per_second=537.358/s
BM_main_graph$async_dispatch_53_embedded_elf_riscv_64_main_graph$async_dispatch_53_reduction_784x64_f32/process_time/real_time_mean         1.85 ms         6.90 ms           10 items_per_second=539.549/s
BM_main_graph$async_dispatch_53_embedded_elf_riscv_64_main_graph$async_dispatch_53_reduction_784x64_f32/process_time/real_time_median       1.85 ms         6.90 ms           10 items_per_second=541.088/s
BM_main_graph$async_dispatch_53_embedded_elf_riscv_64_main_graph$async_dispatch_53_reduction_784x64_f32/process_time/real_time_stddev      0.011 ms        0.005 ms           10 items_per_second=3.31585/s
BM_main_graph$async_dispatch_53_embedded_elf_riscv_64_main_graph$async_dispatch_53_reduction_784x64_f32/process_time/real_time_cv           0.62 %          0.07 %            10 items_per_second=0.61%
