2026-01-08T13:01:09.525621
Running tools/iree-benchmark-module --module=/home/dima/sched_vmfb/glpdepth/module_main_graph$async_dispatch_212_embedded_elf_riscv_64_benchmark.vmfb --device=local-task --function=main_graph$async_dispatch_212_embedded_elf_riscv_64_main_graph$async_dispatch_212_conv_64x224x224x64x3x3_f32 --input=1xi32=1 --task_topology_cpu_ids=0,1,2,3 --benchmark_repetitions=10
2026-01-08T13:01:09+08:00
Running tools/iree-benchmark-module
Run on (8 X 1600 MHz CPU s)
CPU Caches:
  L1 Instruction 32 KiB (x8)
  L1 Data 32 KiB (x8)
  L2 Unified 512 KiB (x2)
Load Average: 5.43, 4.94, 4.54
--------------------------------------------------------------------------------------------------------------------------------------------------------------------------------------------------------
Benchmark                                                                                                                                              Time             CPU   Iterations UserCounters...
--------------------------------------------------------------------------------------------------------------------------------------------------------------------------------------------------------
BM_main_graph$async_dispatch_212_embedded_elf_riscv_64_main_graph$async_dispatch_212_conv_64x224x224x64x3x3_f32/process_time/real_time              3273 ms        12434 ms            1 items_per_second=0.305574/s
BM_main_graph$async_dispatch_212_embedded_elf_riscv_64_main_graph$async_dispatch_212_conv_64x224x224x64x3x3_f32/process_time/real_time              3268 ms        12408 ms            1 items_per_second=0.305977/s
BM_main_graph$async_dispatch_212_embedded_elf_riscv_64_main_graph$async_dispatch_212_conv_64x224x224x64x3x3_f32/process_time/real_time              3274 ms        12414 ms            1 items_per_second=0.3054/s
BM_main_graph$async_dispatch_212_embedded_elf_riscv_64_main_graph$async_dispatch_212_conv_64x224x224x64x3x3_f32/process_time/real_time              3272 ms        12416 ms            1 items_per_second=0.30563/s
BM_main_graph$async_dispatch_212_embedded_elf_riscv_64_main_graph$async_dispatch_212_conv_64x224x224x64x3x3_f32/process_time/real_time              3271 ms        12410 ms            1 items_per_second=0.305721/s
BM_main_graph$async_dispatch_212_embedded_elf_riscv_64_main_graph$async_dispatch_212_conv_64x224x224x64x3x3_f32/process_time/real_time              3273 ms        12414 ms            1 items_per_second=0.305537/s
BM_main_graph$async_dispatch_212_embedded_elf_riscv_64_main_graph$async_dispatch_212_conv_64x224x224x64x3x3_f32/process_time/real_time              3272 ms        12413 ms            1 items_per_second=0.305605/s
BM_main_graph$async_dispatch_212_embedded_elf_riscv_64_main_graph$async_dispatch_212_conv_64x224x224x64x3x3_f32/process_time/real_time              3275 ms        12414 ms            1 items_per_second=0.305376/s
BM_main_graph$async_dispatch_212_embedded_elf_riscv_64_main_graph$async_dispatch_212_conv_64x224x224x64x3x3_f32/process_time/real_time              3273 ms        12420 ms            1 items_per_second=0.305532/s
BM_main_graph$async_dispatch_212_embedded_elf_riscv_64_main_graph$async_dispatch_212_conv_64x224x224x64x3x3_f32/process_time/real_time              3275 ms        12416 ms            1 items_per_second=0.305386/s
BM_main_graph$async_dispatch_212_embedded_elf_riscv_64_main_graph$async_dispatch_212_conv_64x224x224x64x3x3_f32/process_time/real_time_mean         3273 ms        12416 ms           10 items_per_second=0.305574/s
BM_main_graph$async_dispatch_212_embedded_elf_riscv_64_main_graph$async_dispatch_212_conv_64x224x224x64x3x3_f32/process_time/real_time_median       3273 ms        12414 ms           10 items_per_second=0.305556/s
BM_main_graph$async_dispatch_212_embedded_elf_riscv_64_main_graph$async_dispatch_212_conv_64x224x224x64x3x3_f32/process_time/real_time_stddev       1.94 ms         7.15 ms           10 items_per_second=181.282u/s
BM_main_graph$async_dispatch_212_embedded_elf_riscv_64_main_graph$async_dispatch_212_conv_64x224x224x64x3x3_f32/process_time/real_time_cv           0.06 %          0.06 %            10 items_per_second=0.06%
