2026-01-08T12:52:09.375883
Running tools/iree-benchmark-module --module=/home/dima/sched_vmfb/glpdepth/module_main_graph$async_dispatch_103_embedded_elf_riscv_64_benchmark.vmfb --device=local-task --function=main_graph$async_dispatch_103_embedded_elf_riscv_64_main_graph$async_dispatch_103_reduction_49x160_f32 --input=1xi32=1 --task_topology_cpu_ids=0,1,2,3 --benchmark_repetitions=10
2026-01-08T12:52:09+08:00
Running tools/iree-benchmark-module
Run on (8 X 1600 MHz CPU s)
CPU Caches:
  L1 Instruction 32 KiB (x8)
  L1 Data 32 KiB (x8)
  L2 Unified 512 KiB (x2)
Load Average: 4.84, 4.66, 4.21
--------------------------------------------------------------------------------------------------------------------------------------------------------------------------------------------------
Benchmark                                                                                                                                        Time             CPU   Iterations UserCounters...
--------------------------------------------------------------------------------------------------------------------------------------------------------------------------------------------------
BM_main_graph$async_dispatch_103_embedded_elf_riscv_64_main_graph$async_dispatch_103_reduction_49x160_f32/process_time/real_time             0.279 ms        0.706 ms         2545 items_per_second=3.58777k/s
BM_main_graph$async_dispatch_103_embedded_elf_riscv_64_main_graph$async_dispatch_103_reduction_49x160_f32/process_time/real_time             0.278 ms        0.706 ms         2545 items_per_second=3.60261k/s
BM_main_graph$async_dispatch_103_embedded_elf_riscv_64_main_graph$async_dispatch_103_reduction_49x160_f32/process_time/real_time             0.276 ms        0.705 ms         2545 items_per_second=3.62104k/s
BM_main_graph$async_dispatch_103_embedded_elf_riscv_64_main_graph$async_dispatch_103_reduction_49x160_f32/process_time/real_time             0.279 ms        0.706 ms         2545 items_per_second=3.58582k/s
BM_main_graph$async_dispatch_103_embedded_elf_riscv_64_main_graph$async_dispatch_103_reduction_49x160_f32/process_time/real_time             0.276 ms        0.705 ms         2545 items_per_second=3.61787k/s
BM_main_graph$async_dispatch_103_embedded_elf_riscv_64_main_graph$async_dispatch_103_reduction_49x160_f32/process_time/real_time             0.277 ms        0.705 ms         2545 items_per_second=3.60609k/s
BM_main_graph$async_dispatch_103_embedded_elf_riscv_64_main_graph$async_dispatch_103_reduction_49x160_f32/process_time/real_time             0.279 ms        0.706 ms         2545 items_per_second=3.57961k/s
BM_main_graph$async_dispatch_103_embedded_elf_riscv_64_main_graph$async_dispatch_103_reduction_49x160_f32/process_time/real_time             0.278 ms        0.705 ms         2545 items_per_second=3.60154k/s
BM_main_graph$async_dispatch_103_embedded_elf_riscv_64_main_graph$async_dispatch_103_reduction_49x160_f32/process_time/real_time             0.276 ms        0.705 ms         2545 items_per_second=3.61697k/s
BM_main_graph$async_dispatch_103_embedded_elf_riscv_64_main_graph$async_dispatch_103_reduction_49x160_f32/process_time/real_time             0.279 ms        0.706 ms         2545 items_per_second=3.57954k/s
BM_main_graph$async_dispatch_103_embedded_elf_riscv_64_main_graph$async_dispatch_103_reduction_49x160_f32/process_time/real_time_mean        0.278 ms        0.705 ms           10 items_per_second=3.59989k/s
BM_main_graph$async_dispatch_103_embedded_elf_riscv_64_main_graph$async_dispatch_103_reduction_49x160_f32/process_time/real_time_median      0.278 ms        0.705 ms           10 items_per_second=3.60208k/s
BM_main_graph$async_dispatch_103_embedded_elf_riscv_64_main_graph$async_dispatch_103_reduction_49x160_f32/process_time/real_time_stddev      0.001 ms        0.001 ms           10 items_per_second=15.9196/s
BM_main_graph$async_dispatch_103_embedded_elf_riscv_64_main_graph$async_dispatch_103_reduction_49x160_f32/process_time/real_time_cv           0.44 %          0.09 %            10 items_per_second=0.44%
