2026-01-08T13:02:26.022705
Running tools/iree-benchmark-module --module=/home/dima/sched_vmfb/glpdepth/module_main_graph$async_dispatch_3_embedded_elf_riscv_64_benchmark.vmfb --device=local-task --function=main_graph$async_dispatch_3_embedded_elf_riscv_64_main_graph$async_dispatch_3_pack_f32 --input=1xi32=1 --task_topology_cpu_ids=0,1,2,3 --benchmark_repetitions=10
2026-01-08T13:02:26+08:00
Running tools/iree-benchmark-module
Run on (8 X 1600 MHz CPU s)
CPU Caches:
  L1 Instruction 32 KiB (x8)
  L1 Data 32 KiB (x8)
  L2 Unified 512 KiB (x2)
Load Average: 5.79, 5.16, 4.65
----------------------------------------------------------------------------------------------------------------------------------------------------------------------------------
Benchmark                                                                                                                        Time             CPU   Iterations UserCounters...
----------------------------------------------------------------------------------------------------------------------------------------------------------------------------------
BM_main_graph$async_dispatch_3_embedded_elf_riscv_64_main_graph$async_dispatch_3_pack_f32/process_time/real_time             0.271 ms        0.810 ms         2609 items_per_second=3.69176k/s
BM_main_graph$async_dispatch_3_embedded_elf_riscv_64_main_graph$async_dispatch_3_pack_f32/process_time/real_time             0.268 ms        0.810 ms         2609 items_per_second=3.73k/s
BM_main_graph$async_dispatch_3_embedded_elf_riscv_64_main_graph$async_dispatch_3_pack_f32/process_time/real_time             0.270 ms        0.810 ms         2609 items_per_second=3.70805k/s
BM_main_graph$async_dispatch_3_embedded_elf_riscv_64_main_graph$async_dispatch_3_pack_f32/process_time/real_time             0.272 ms        0.811 ms         2609 items_per_second=3.68059k/s
BM_main_graph$async_dispatch_3_embedded_elf_riscv_64_main_graph$async_dispatch_3_pack_f32/process_time/real_time             0.268 ms        0.809 ms         2609 items_per_second=3.73563k/s
BM_main_graph$async_dispatch_3_embedded_elf_riscv_64_main_graph$async_dispatch_3_pack_f32/process_time/real_time             0.267 ms        0.809 ms         2609 items_per_second=3.74854k/s
BM_main_graph$async_dispatch_3_embedded_elf_riscv_64_main_graph$async_dispatch_3_pack_f32/process_time/real_time             0.268 ms        0.810 ms         2609 items_per_second=3.72955k/s
BM_main_graph$async_dispatch_3_embedded_elf_riscv_64_main_graph$async_dispatch_3_pack_f32/process_time/real_time             0.267 ms        0.809 ms         2609 items_per_second=3.74162k/s
BM_main_graph$async_dispatch_3_embedded_elf_riscv_64_main_graph$async_dispatch_3_pack_f32/process_time/real_time             0.268 ms        0.811 ms         2609 items_per_second=3.72478k/s
BM_main_graph$async_dispatch_3_embedded_elf_riscv_64_main_graph$async_dispatch_3_pack_f32/process_time/real_time             0.267 ms        0.810 ms         2609 items_per_second=3.74297k/s
BM_main_graph$async_dispatch_3_embedded_elf_riscv_64_main_graph$async_dispatch_3_pack_f32/process_time/real_time_mean        0.269 ms        0.810 ms           10 items_per_second=3.72335k/s
BM_main_graph$async_dispatch_3_embedded_elf_riscv_64_main_graph$async_dispatch_3_pack_f32/process_time/real_time_median      0.268 ms        0.810 ms           10 items_per_second=3.72977k/s
BM_main_graph$async_dispatch_3_embedded_elf_riscv_64_main_graph$async_dispatch_3_pack_f32/process_time/real_time_stddev      0.002 ms        0.001 ms           10 items_per_second=22.7282/s
BM_main_graph$async_dispatch_3_embedded_elf_riscv_64_main_graph$async_dispatch_3_pack_f32/process_time/real_time_cv           0.61 %          0.08 %            10 items_per_second=0.61%
