2026-01-08T12:54:57.386327
Running tools/iree-benchmark-module --module=/home/dima/sched_vmfb/glpdepth/module_main_graph$async_dispatch_145_embedded_elf_riscv_64_benchmark.vmfb --device=local-task --function=main_graph$async_dispatch_145_embedded_elf_riscv_64_main_graph$async_dispatch_145_slow_memcpy --input=1xi32=1 --task_topology_cpu_ids=0,1,2,3 --benchmark_repetitions=10
2026-01-08T12:54:57+08:00
Running tools/iree-benchmark-module
Run on (8 X 1600 MHz CPU s)
CPU Caches:
  L1 Instruction 32 KiB (x8)
  L1 Data 32 KiB (x8)
  L2 Unified 512 KiB (x2)
Load Average: 5.02, 4.81, 4.35
-----------------------------------------------------------------------------------------------------------------------------------------------------------------------------------------
Benchmark                                                                                                                               Time             CPU   Iterations UserCounters...
-----------------------------------------------------------------------------------------------------------------------------------------------------------------------------------------
BM_main_graph$async_dispatch_145_embedded_elf_riscv_64_main_graph$async_dispatch_145_slow_memcpy/process_time/real_time             0.132 ms        0.237 ms         5334 items_per_second=7.55525k/s
BM_main_graph$async_dispatch_145_embedded_elf_riscv_64_main_graph$async_dispatch_145_slow_memcpy/process_time/real_time             0.132 ms        0.237 ms         5334 items_per_second=7.5747k/s
BM_main_graph$async_dispatch_145_embedded_elf_riscv_64_main_graph$async_dispatch_145_slow_memcpy/process_time/real_time             0.132 ms        0.237 ms         5334 items_per_second=7.57782k/s
BM_main_graph$async_dispatch_145_embedded_elf_riscv_64_main_graph$async_dispatch_145_slow_memcpy/process_time/real_time             0.132 ms        0.237 ms         5334 items_per_second=7.56398k/s
BM_main_graph$async_dispatch_145_embedded_elf_riscv_64_main_graph$async_dispatch_145_slow_memcpy/process_time/real_time             0.133 ms        0.237 ms         5334 items_per_second=7.54165k/s
BM_main_graph$async_dispatch_145_embedded_elf_riscv_64_main_graph$async_dispatch_145_slow_memcpy/process_time/real_time             0.132 ms        0.237 ms         5334 items_per_second=7.56999k/s
BM_main_graph$async_dispatch_145_embedded_elf_riscv_64_main_graph$async_dispatch_145_slow_memcpy/process_time/real_time             0.132 ms        0.236 ms         5334 items_per_second=7.59902k/s
BM_main_graph$async_dispatch_145_embedded_elf_riscv_64_main_graph$async_dispatch_145_slow_memcpy/process_time/real_time             0.132 ms        0.236 ms         5334 items_per_second=7.59071k/s
BM_main_graph$async_dispatch_145_embedded_elf_riscv_64_main_graph$async_dispatch_145_slow_memcpy/process_time/real_time             0.132 ms        0.237 ms         5334 items_per_second=7.57519k/s
BM_main_graph$async_dispatch_145_embedded_elf_riscv_64_main_graph$async_dispatch_145_slow_memcpy/process_time/real_time             0.131 ms        0.236 ms         5334 items_per_second=7.66096k/s
BM_main_graph$async_dispatch_145_embedded_elf_riscv_64_main_graph$async_dispatch_145_slow_memcpy/process_time/real_time_mean        0.132 ms        0.237 ms           10 items_per_second=7.58093k/s
BM_main_graph$async_dispatch_145_embedded_elf_riscv_64_main_graph$async_dispatch_145_slow_memcpy/process_time/real_time_median      0.132 ms        0.237 ms           10 items_per_second=7.57495k/s
BM_main_graph$async_dispatch_145_embedded_elf_riscv_64_main_graph$async_dispatch_145_slow_memcpy/process_time/real_time_stddev      0.001 ms        0.001 ms           10 items_per_second=32.5217/s
BM_main_graph$async_dispatch_145_embedded_elf_riscv_64_main_graph$async_dispatch_145_slow_memcpy/process_time/real_time_cv           0.43 %          0.21 %            10 items_per_second=0.43%
