2026-01-08T12:56:11.159577
Running tools/iree-benchmark-module --module=/home/dima/sched_vmfb/glpdepth/module_main_graph$async_dispatch_154_embedded_elf_riscv_64_benchmark.vmfb --device=local-task --function=main_graph$async_dispatch_154_embedded_elf_riscv_64_main_graph$async_dispatch_154_pack_f32 --input=1xi32=1 --task_topology_cpu_ids=0,1,2,3 --benchmark_repetitions=10
2026-01-08T12:56:11+08:00
Running tools/iree-benchmark-module
Run on (8 X 1600 MHz CPU s)
CPU Caches:
  L1 Instruction 32 KiB (x8)
  L1 Data 32 KiB (x8)
  L2 Unified 512 KiB (x2)
Load Average: 4.91, 4.82, 4.39
--------------------------------------------------------------------------------------------------------------------------------------------------------------------------------------
Benchmark                                                                                                                            Time             CPU   Iterations UserCounters...
--------------------------------------------------------------------------------------------------------------------------------------------------------------------------------------
BM_main_graph$async_dispatch_154_embedded_elf_riscv_64_main_graph$async_dispatch_154_pack_f32/process_time/real_time             0.201 ms        0.525 ms         3455 items_per_second=4.96328k/s
BM_main_graph$async_dispatch_154_embedded_elf_riscv_64_main_graph$async_dispatch_154_pack_f32/process_time/real_time             0.202 ms        0.526 ms         3455 items_per_second=4.94098k/s
BM_main_graph$async_dispatch_154_embedded_elf_riscv_64_main_graph$async_dispatch_154_pack_f32/process_time/real_time             0.202 ms        0.525 ms         3455 items_per_second=4.9597k/s
BM_main_graph$async_dispatch_154_embedded_elf_riscv_64_main_graph$async_dispatch_154_pack_f32/process_time/real_time             0.202 ms        0.525 ms         3455 items_per_second=4.94301k/s
BM_main_graph$async_dispatch_154_embedded_elf_riscv_64_main_graph$async_dispatch_154_pack_f32/process_time/real_time             0.203 ms        0.526 ms         3455 items_per_second=4.91727k/s
BM_main_graph$async_dispatch_154_embedded_elf_riscv_64_main_graph$async_dispatch_154_pack_f32/process_time/real_time             0.202 ms        0.526 ms         3455 items_per_second=4.94701k/s
BM_main_graph$async_dispatch_154_embedded_elf_riscv_64_main_graph$async_dispatch_154_pack_f32/process_time/real_time             0.202 ms        0.525 ms         3455 items_per_second=4.94401k/s
BM_main_graph$async_dispatch_154_embedded_elf_riscv_64_main_graph$async_dispatch_154_pack_f32/process_time/real_time             0.202 ms        0.526 ms         3455 items_per_second=4.94185k/s
BM_main_graph$async_dispatch_154_embedded_elf_riscv_64_main_graph$async_dispatch_154_pack_f32/process_time/real_time             0.202 ms        0.525 ms         3455 items_per_second=4.95057k/s
BM_main_graph$async_dispatch_154_embedded_elf_riscv_64_main_graph$async_dispatch_154_pack_f32/process_time/real_time             0.203 ms        0.525 ms         3455 items_per_second=4.93061k/s
BM_main_graph$async_dispatch_154_embedded_elf_riscv_64_main_graph$async_dispatch_154_pack_f32/process_time/real_time_mean        0.202 ms        0.526 ms           10 items_per_second=4.94383k/s
BM_main_graph$async_dispatch_154_embedded_elf_riscv_64_main_graph$async_dispatch_154_pack_f32/process_time/real_time_median      0.202 ms        0.525 ms           10 items_per_second=4.94351k/s
BM_main_graph$async_dispatch_154_embedded_elf_riscv_64_main_graph$async_dispatch_154_pack_f32/process_time/real_time_stddev      0.001 ms        0.001 ms           10 items_per_second=13.2415/s
BM_main_graph$async_dispatch_154_embedded_elf_riscv_64_main_graph$async_dispatch_154_pack_f32/process_time/real_time_cv           0.27 %          0.10 %            10 items_per_second=0.27%
