2026-01-08T13:00:03.187843
Running tools/iree-benchmark-module --module=/home/dima/sched_vmfb/glpdepth/module_main_graph$async_dispatch_204_embedded_elf_riscv_64_benchmark.vmfb --device=local-task --function=main_graph$async_dispatch_204_embedded_elf_riscv_64_main_graph$async_dispatch_204_matmul_like_64x3136x32_f32 --input=1xi32=1 --task_topology_cpu_ids=0,1,2,3 --benchmark_repetitions=10
2026-01-08T13:00:03+08:00
Running tools/iree-benchmark-module
Run on (8 X 1600 MHz CPU s)
CPU Caches:
  L1 Instruction 32 KiB (x8)
  L1 Data 32 KiB (x8)
  L2 Unified 512 KiB (x2)
Load Average: 4.82, 4.76, 4.45
--------------------------------------------------------------------------------------------------------------------------------------------------------------------------------------------------------
Benchmark                                                                                                                                              Time             CPU   Iterations UserCounters...
--------------------------------------------------------------------------------------------------------------------------------------------------------------------------------------------------------
BM_main_graph$async_dispatch_204_embedded_elf_riscv_64_main_graph$async_dispatch_204_matmul_like_64x3136x32_f32/process_time/real_time              43.7 ms          134 ms           16 items_per_second=22.8733/s
BM_main_graph$async_dispatch_204_embedded_elf_riscv_64_main_graph$async_dispatch_204_matmul_like_64x3136x32_f32/process_time/real_time              43.7 ms          134 ms           16 items_per_second=22.864/s
BM_main_graph$async_dispatch_204_embedded_elf_riscv_64_main_graph$async_dispatch_204_matmul_like_64x3136x32_f32/process_time/real_time              43.8 ms          134 ms           16 items_per_second=22.8351/s
BM_main_graph$async_dispatch_204_embedded_elf_riscv_64_main_graph$async_dispatch_204_matmul_like_64x3136x32_f32/process_time/real_time              43.8 ms          134 ms           16 items_per_second=22.8483/s
BM_main_graph$async_dispatch_204_embedded_elf_riscv_64_main_graph$async_dispatch_204_matmul_like_64x3136x32_f32/process_time/real_time              43.7 ms          134 ms           16 items_per_second=22.8761/s
BM_main_graph$async_dispatch_204_embedded_elf_riscv_64_main_graph$async_dispatch_204_matmul_like_64x3136x32_f32/process_time/real_time              43.7 ms          134 ms           16 items_per_second=22.8722/s
BM_main_graph$async_dispatch_204_embedded_elf_riscv_64_main_graph$async_dispatch_204_matmul_like_64x3136x32_f32/process_time/real_time              43.7 ms          134 ms           16 items_per_second=22.8946/s
BM_main_graph$async_dispatch_204_embedded_elf_riscv_64_main_graph$async_dispatch_204_matmul_like_64x3136x32_f32/process_time/real_time              43.7 ms          134 ms           16 items_per_second=22.8699/s
BM_main_graph$async_dispatch_204_embedded_elf_riscv_64_main_graph$async_dispatch_204_matmul_like_64x3136x32_f32/process_time/real_time              43.8 ms          134 ms           16 items_per_second=22.8534/s
BM_main_graph$async_dispatch_204_embedded_elf_riscv_64_main_graph$async_dispatch_204_matmul_like_64x3136x32_f32/process_time/real_time              43.8 ms          134 ms           16 items_per_second=22.8539/s
BM_main_graph$async_dispatch_204_embedded_elf_riscv_64_main_graph$async_dispatch_204_matmul_like_64x3136x32_f32/process_time/real_time_mean         43.7 ms          134 ms           10 items_per_second=22.8641/s
BM_main_graph$async_dispatch_204_embedded_elf_riscv_64_main_graph$async_dispatch_204_matmul_like_64x3136x32_f32/process_time/real_time_median       43.7 ms          134 ms           10 items_per_second=22.867/s
BM_main_graph$async_dispatch_204_embedded_elf_riscv_64_main_graph$async_dispatch_204_matmul_like_64x3136x32_f32/process_time/real_time_stddev      0.032 ms        0.077 ms           10 items_per_second=0.0168991/s
BM_main_graph$async_dispatch_204_embedded_elf_riscv_64_main_graph$async_dispatch_204_matmul_like_64x3136x32_f32/process_time/real_time_cv           0.07 %          0.06 %            10 items_per_second=0.07%
