2026-01-08T12:57:16.792897
Running tools/iree-benchmark-module --module=/home/dima/sched_vmfb/glpdepth/module_main_graph$async_dispatch_162_embedded_elf_riscv_64_benchmark.vmfb --device=local-task --function=main_graph$async_dispatch_162_embedded_elf_riscv_64_main_graph$async_dispatch_162_matmul_like_1024x7x7x256_f32 --input=1xi32=1 --task_topology_cpu_ids=0,1,2,3 --benchmark_repetitions=10
2026-01-08T12:57:16+08:00
Running tools/iree-benchmark-module
Run on (8 X 1600 MHz CPU s)
CPU Caches:
  L1 Instruction 32 KiB (x8)
  L1 Data 32 KiB (x8)
  L2 Unified 512 KiB (x2)
Load Average: 4.56, 4.72, 4.38
----------------------------------------------------------------------------------------------------------------------------------------------------------------------------------------------------------
Benchmark                                                                                                                                                Time             CPU   Iterations UserCounters...
----------------------------------------------------------------------------------------------------------------------------------------------------------------------------------------------------------
BM_main_graph$async_dispatch_162_embedded_elf_riscv_64_main_graph$async_dispatch_162_matmul_like_1024x7x7x256_f32/process_time/real_time               101 ms          395 ms            7 items_per_second=9.89293/s
BM_main_graph$async_dispatch_162_embedded_elf_riscv_64_main_graph$async_dispatch_162_matmul_like_1024x7x7x256_f32/process_time/real_time               101 ms          397 ms            7 items_per_second=9.87158/s
BM_main_graph$async_dispatch_162_embedded_elf_riscv_64_main_graph$async_dispatch_162_matmul_like_1024x7x7x256_f32/process_time/real_time               101 ms          396 ms            7 items_per_second=9.92124/s
BM_main_graph$async_dispatch_162_embedded_elf_riscv_64_main_graph$async_dispatch_162_matmul_like_1024x7x7x256_f32/process_time/real_time               102 ms          396 ms            7 items_per_second=9.85217/s
BM_main_graph$async_dispatch_162_embedded_elf_riscv_64_main_graph$async_dispatch_162_matmul_like_1024x7x7x256_f32/process_time/real_time               101 ms          395 ms            7 items_per_second=9.94467/s
BM_main_graph$async_dispatch_162_embedded_elf_riscv_64_main_graph$async_dispatch_162_matmul_like_1024x7x7x256_f32/process_time/real_time               101 ms          396 ms            7 items_per_second=9.93743/s
BM_main_graph$async_dispatch_162_embedded_elf_riscv_64_main_graph$async_dispatch_162_matmul_like_1024x7x7x256_f32/process_time/real_time               101 ms          395 ms            7 items_per_second=9.88278/s
BM_main_graph$async_dispatch_162_embedded_elf_riscv_64_main_graph$async_dispatch_162_matmul_like_1024x7x7x256_f32/process_time/real_time              99.5 ms          395 ms            7 items_per_second=10.0523/s
BM_main_graph$async_dispatch_162_embedded_elf_riscv_64_main_graph$async_dispatch_162_matmul_like_1024x7x7x256_f32/process_time/real_time              99.5 ms          396 ms            7 items_per_second=10.0488/s
BM_main_graph$async_dispatch_162_embedded_elf_riscv_64_main_graph$async_dispatch_162_matmul_like_1024x7x7x256_f32/process_time/real_time              99.8 ms          396 ms            7 items_per_second=10.0249/s
BM_main_graph$async_dispatch_162_embedded_elf_riscv_64_main_graph$async_dispatch_162_matmul_like_1024x7x7x256_f32/process_time/real_time_mean          101 ms          396 ms           10 items_per_second=9.94288/s
BM_main_graph$async_dispatch_162_embedded_elf_riscv_64_main_graph$async_dispatch_162_matmul_like_1024x7x7x256_f32/process_time/real_time_median        101 ms          396 ms           10 items_per_second=9.92934/s
BM_main_graph$async_dispatch_162_embedded_elf_riscv_64_main_graph$async_dispatch_162_matmul_like_1024x7x7x256_f32/process_time/real_time_stddev      0.750 ms        0.781 ms           10 items_per_second=0.0744163/s
BM_main_graph$async_dispatch_162_embedded_elf_riscv_64_main_graph$async_dispatch_162_matmul_like_1024x7x7x256_f32/process_time/real_time_cv           0.75 %          0.20 %            10 items_per_second=0.75%
