2026-01-08T12:52:31.094028
Running tools/iree-benchmark-module --module=/home/dima/sched_vmfb/glpdepth/module_main_graph$async_dispatch_106_embedded_elf_riscv_64_benchmark.vmfb --device=local-task --function=main_graph$async_dispatch_106_embedded_elf_riscv_64_main_graph$async_dispatch_106_batch_mmt4d_5x7x7x32x7x32x1_f32 --input=1xi32=1 --task_topology_cpu_ids=0,1,2,3 --benchmark_repetitions=10
2026-01-08T12:52:31+08:00
Running tools/iree-benchmark-module
Run on (8 X 1600 MHz CPU s)
CPU Caches:
  L1 Instruction 32 KiB (x8)
  L1 Data 32 KiB (x8)
  L2 Unified 512 KiB (x2)
Load Average: 4.93, 4.70, 4.24
-------------------------------------------------------------------------------------------------------------------------------------------------------------------------------------------------------------
Benchmark                                                                                                                                                   Time             CPU   Iterations UserCounters...
-------------------------------------------------------------------------------------------------------------------------------------------------------------------------------------------------------------
BM_main_graph$async_dispatch_106_embedded_elf_riscv_64_main_graph$async_dispatch_106_batch_mmt4d_5x7x7x32x7x32x1_f32/process_time/real_time             0.368 ms         1.03 ms         1885 items_per_second=2.71518k/s
BM_main_graph$async_dispatch_106_embedded_elf_riscv_64_main_graph$async_dispatch_106_batch_mmt4d_5x7x7x32x7x32x1_f32/process_time/real_time             0.370 ms         1.03 ms         1885 items_per_second=2.70438k/s
BM_main_graph$async_dispatch_106_embedded_elf_riscv_64_main_graph$async_dispatch_106_batch_mmt4d_5x7x7x32x7x32x1_f32/process_time/real_time             0.368 ms         1.02 ms         1885 items_per_second=2.7185k/s
BM_main_graph$async_dispatch_106_embedded_elf_riscv_64_main_graph$async_dispatch_106_batch_mmt4d_5x7x7x32x7x32x1_f32/process_time/real_time             0.362 ms         1.02 ms         1885 items_per_second=2.76624k/s
BM_main_graph$async_dispatch_106_embedded_elf_riscv_64_main_graph$async_dispatch_106_batch_mmt4d_5x7x7x32x7x32x1_f32/process_time/real_time             0.358 ms         1.02 ms         1885 items_per_second=2.79607k/s
BM_main_graph$async_dispatch_106_embedded_elf_riscv_64_main_graph$async_dispatch_106_batch_mmt4d_5x7x7x32x7x32x1_f32/process_time/real_time             0.356 ms         1.02 ms         1885 items_per_second=2.80868k/s
BM_main_graph$async_dispatch_106_embedded_elf_riscv_64_main_graph$async_dispatch_106_batch_mmt4d_5x7x7x32x7x32x1_f32/process_time/real_time             0.357 ms         1.02 ms         1885 items_per_second=2.79885k/s
BM_main_graph$async_dispatch_106_embedded_elf_riscv_64_main_graph$async_dispatch_106_batch_mmt4d_5x7x7x32x7x32x1_f32/process_time/real_time             0.358 ms         1.02 ms         1885 items_per_second=2.79488k/s
BM_main_graph$async_dispatch_106_embedded_elf_riscv_64_main_graph$async_dispatch_106_batch_mmt4d_5x7x7x32x7x32x1_f32/process_time/real_time             0.358 ms         1.02 ms         1885 items_per_second=2.79688k/s
BM_main_graph$async_dispatch_106_embedded_elf_riscv_64_main_graph$async_dispatch_106_batch_mmt4d_5x7x7x32x7x32x1_f32/process_time/real_time             0.361 ms         1.02 ms         1885 items_per_second=2.76628k/s
BM_main_graph$async_dispatch_106_embedded_elf_riscv_64_main_graph$async_dispatch_106_batch_mmt4d_5x7x7x32x7x32x1_f32/process_time/real_time_mean        0.362 ms         1.02 ms           10 items_per_second=2.76659k/s
BM_main_graph$async_dispatch_106_embedded_elf_riscv_64_main_graph$async_dispatch_106_batch_mmt4d_5x7x7x32x7x32x1_f32/process_time/real_time_median      0.360 ms         1.02 ms           10 items_per_second=2.78058k/s
BM_main_graph$async_dispatch_106_embedded_elf_riscv_64_main_graph$async_dispatch_106_batch_mmt4d_5x7x7x32x7x32x1_f32/process_time/real_time_stddev      0.005 ms        0.004 ms           10 items_per_second=39.7582/s
BM_main_graph$async_dispatch_106_embedded_elf_riscv_64_main_graph$async_dispatch_106_batch_mmt4d_5x7x7x32x7x32x1_f32/process_time/real_time_cv           1.45 %          0.42 %            10 items_per_second=1.44%
