2026-01-08T12:55:26.612550
Running tools/iree-benchmark-module --module=/home/dima/sched_vmfb/glpdepth/module_main_graph$async_dispatch_149_embedded_elf_riscv_64_benchmark.vmfb --device=local-task --function=main_graph$async_dispatch_149_embedded_elf_riscv_64_main_graph$async_dispatch_149_matmul_like_16x49x32x256_f32 --input=1xi32=1 --task_topology_cpu_ids=0,1,2,3 --benchmark_repetitions=10
2026-01-08T12:55:26+08:00
Running tools/iree-benchmark-module
Run on (8 X 1600 MHz CPU s)
CPU Caches:
  L1 Instruction 32 KiB (x8)
  L1 Data 32 KiB (x8)
  L2 Unified 512 KiB (x2)
Load Average: 5.14, 4.85, 4.37
----------------------------------------------------------------------------------------------------------------------------------------------------------------------------------------------------------
Benchmark                                                                                                                                                Time             CPU   Iterations UserCounters...
----------------------------------------------------------------------------------------------------------------------------------------------------------------------------------------------------------
BM_main_graph$async_dispatch_149_embedded_elf_riscv_64_main_graph$async_dispatch_149_matmul_like_16x49x32x256_f32/process_time/real_time              2.76 ms         9.43 ms          254 items_per_second=361.883/s
BM_main_graph$async_dispatch_149_embedded_elf_riscv_64_main_graph$async_dispatch_149_matmul_like_16x49x32x256_f32/process_time/real_time              2.78 ms         9.41 ms          254 items_per_second=360.336/s
BM_main_graph$async_dispatch_149_embedded_elf_riscv_64_main_graph$async_dispatch_149_matmul_like_16x49x32x256_f32/process_time/real_time              2.74 ms         9.40 ms          254 items_per_second=364.793/s
BM_main_graph$async_dispatch_149_embedded_elf_riscv_64_main_graph$async_dispatch_149_matmul_like_16x49x32x256_f32/process_time/real_time              2.75 ms         9.41 ms          254 items_per_second=364.054/s
BM_main_graph$async_dispatch_149_embedded_elf_riscv_64_main_graph$async_dispatch_149_matmul_like_16x49x32x256_f32/process_time/real_time              2.78 ms         9.42 ms          254 items_per_second=359.457/s
BM_main_graph$async_dispatch_149_embedded_elf_riscv_64_main_graph$async_dispatch_149_matmul_like_16x49x32x256_f32/process_time/real_time              2.75 ms         9.41 ms          254 items_per_second=364.292/s
BM_main_graph$async_dispatch_149_embedded_elf_riscv_64_main_graph$async_dispatch_149_matmul_like_16x49x32x256_f32/process_time/real_time              2.76 ms         9.41 ms          254 items_per_second=362.964/s
BM_main_graph$async_dispatch_149_embedded_elf_riscv_64_main_graph$async_dispatch_149_matmul_like_16x49x32x256_f32/process_time/real_time              2.78 ms         9.42 ms          254 items_per_second=359.343/s
BM_main_graph$async_dispatch_149_embedded_elf_riscv_64_main_graph$async_dispatch_149_matmul_like_16x49x32x256_f32/process_time/real_time              2.74 ms         9.41 ms          254 items_per_second=364.821/s
BM_main_graph$async_dispatch_149_embedded_elf_riscv_64_main_graph$async_dispatch_149_matmul_like_16x49x32x256_f32/process_time/real_time              2.73 ms         9.38 ms          254 items_per_second=366.166/s
BM_main_graph$async_dispatch_149_embedded_elf_riscv_64_main_graph$async_dispatch_149_matmul_like_16x49x32x256_f32/process_time/real_time_mean         2.76 ms         9.41 ms           10 items_per_second=362.811/s
BM_main_graph$async_dispatch_149_embedded_elf_riscv_64_main_graph$async_dispatch_149_matmul_like_16x49x32x256_f32/process_time/real_time_median       2.75 ms         9.41 ms           10 items_per_second=363.509/s
BM_main_graph$async_dispatch_149_embedded_elf_riscv_64_main_graph$async_dispatch_149_matmul_like_16x49x32x256_f32/process_time/real_time_stddev      0.019 ms        0.012 ms           10 items_per_second=2.43231/s
BM_main_graph$async_dispatch_149_embedded_elf_riscv_64_main_graph$async_dispatch_149_matmul_like_16x49x32x256_f32/process_time/real_time_cv           0.67 %          0.12 %            10 items_per_second=0.67%
