2026-01-08T12:58:07.397592
Running tools/iree-benchmark-module --module=/home/dima/sched_vmfb/glpdepth/module_main_graph$async_dispatch_189_embedded_elf_riscv_64_benchmark.vmfb --device=local-task --function=main_graph$async_dispatch_189_embedded_elf_riscv_64_main_graph$async_dispatch_189_elementwise_broadcast_12544_f32 --input=1xi32=1 --task_topology_cpu_ids=0,1,2,3 --benchmark_repetitions=10
2026-01-08T12:58:07+08:00
Running tools/iree-benchmark-module
Run on (8 X 1600 MHz CPU s)
CPU Caches:
  L1 Instruction 32 KiB (x8)
  L1 Data 32 KiB (x8)
  L2 Unified 512 KiB (x2)
Load Average: 4.74, 4.76, 4.41
-------------------------------------------------------------------------------------------------------------------------------------------------------------------------------------------------------------
Benchmark                                                                                                                                                   Time             CPU   Iterations UserCounters...
-------------------------------------------------------------------------------------------------------------------------------------------------------------------------------------------------------------
BM_main_graph$async_dispatch_189_embedded_elf_riscv_64_main_graph$async_dispatch_189_elementwise_broadcast_12544_f32/process_time/real_time             0.265 ms        0.669 ms         2687 items_per_second=3.77795k/s
BM_main_graph$async_dispatch_189_embedded_elf_riscv_64_main_graph$async_dispatch_189_elementwise_broadcast_12544_f32/process_time/real_time             0.260 ms        0.667 ms         2687 items_per_second=3.84737k/s
BM_main_graph$async_dispatch_189_embedded_elf_riscv_64_main_graph$async_dispatch_189_elementwise_broadcast_12544_f32/process_time/real_time             0.259 ms        0.667 ms         2687 items_per_second=3.85498k/s
BM_main_graph$async_dispatch_189_embedded_elf_riscv_64_main_graph$async_dispatch_189_elementwise_broadcast_12544_f32/process_time/real_time             0.262 ms        0.668 ms         2687 items_per_second=3.82213k/s
BM_main_graph$async_dispatch_189_embedded_elf_riscv_64_main_graph$async_dispatch_189_elementwise_broadcast_12544_f32/process_time/real_time             0.262 ms        0.667 ms         2687 items_per_second=3.82209k/s
BM_main_graph$async_dispatch_189_embedded_elf_riscv_64_main_graph$async_dispatch_189_elementwise_broadcast_12544_f32/process_time/real_time             0.260 ms        0.667 ms         2687 items_per_second=3.85048k/s
BM_main_graph$async_dispatch_189_embedded_elf_riscv_64_main_graph$async_dispatch_189_elementwise_broadcast_12544_f32/process_time/real_time             0.261 ms        0.668 ms         2687 items_per_second=3.82882k/s
BM_main_graph$async_dispatch_189_embedded_elf_riscv_64_main_graph$async_dispatch_189_elementwise_broadcast_12544_f32/process_time/real_time             0.260 ms        0.667 ms         2687 items_per_second=3.84302k/s
BM_main_graph$async_dispatch_189_embedded_elf_riscv_64_main_graph$async_dispatch_189_elementwise_broadcast_12544_f32/process_time/real_time             0.261 ms        0.668 ms         2687 items_per_second=3.83132k/s
BM_main_graph$async_dispatch_189_embedded_elf_riscv_64_main_graph$async_dispatch_189_elementwise_broadcast_12544_f32/process_time/real_time             0.260 ms        0.667 ms         2687 items_per_second=3.8468k/s
BM_main_graph$async_dispatch_189_embedded_elf_riscv_64_main_graph$async_dispatch_189_elementwise_broadcast_12544_f32/process_time/real_time_mean        0.261 ms        0.667 ms           10 items_per_second=3.8325k/s
BM_main_graph$async_dispatch_189_embedded_elf_riscv_64_main_graph$async_dispatch_189_elementwise_broadcast_12544_f32/process_time/real_time_median      0.261 ms        0.667 ms           10 items_per_second=3.83717k/s
BM_main_graph$async_dispatch_189_embedded_elf_riscv_64_main_graph$async_dispatch_189_elementwise_broadcast_12544_f32/process_time/real_time_stddev      0.002 ms        0.001 ms           10 items_per_second=22.5381/s
BM_main_graph$async_dispatch_189_embedded_elf_riscv_64_main_graph$async_dispatch_189_elementwise_broadcast_12544_f32/process_time/real_time_cv           0.59 %          0.10 %            10 items_per_second=0.59%
