2026-01-08T12:57:52.883918
Running tools/iree-benchmark-module --module=/home/dima/sched_vmfb/glpdepth/module_main_graph$async_dispatch_187_embedded_elf_riscv_64_benchmark.vmfb --device=local-task --function=main_graph$async_dispatch_187_embedded_elf_riscv_64_main_graph$async_dispatch_187_reduction_49x256_f32 --input=1xi32=1 --task_topology_cpu_ids=0,1,2,3 --benchmark_repetitions=10
2026-01-08T12:57:52+08:00
Running tools/iree-benchmark-module
Run on (8 X 1600 MHz CPU s)
CPU Caches:
  L1 Instruction 32 KiB (x8)
  L1 Data 32 KiB (x8)
  L2 Unified 512 KiB (x2)
Load Average: 4.92, 4.80, 4.42
--------------------------------------------------------------------------------------------------------------------------------------------------------------------------------------------------
Benchmark                                                                                                                                        Time             CPU   Iterations UserCounters...
--------------------------------------------------------------------------------------------------------------------------------------------------------------------------------------------------
BM_main_graph$async_dispatch_187_embedded_elf_riscv_64_main_graph$async_dispatch_187_reduction_49x256_f32/process_time/real_time             0.145 ms        0.307 ms         4810 items_per_second=6.88466k/s
BM_main_graph$async_dispatch_187_embedded_elf_riscv_64_main_graph$async_dispatch_187_reduction_49x256_f32/process_time/real_time             0.145 ms        0.307 ms         4810 items_per_second=6.87789k/s
BM_main_graph$async_dispatch_187_embedded_elf_riscv_64_main_graph$async_dispatch_187_reduction_49x256_f32/process_time/real_time             0.146 ms        0.308 ms         4810 items_per_second=6.834k/s
BM_main_graph$async_dispatch_187_embedded_elf_riscv_64_main_graph$async_dispatch_187_reduction_49x256_f32/process_time/real_time             0.145 ms        0.308 ms         4810 items_per_second=6.87393k/s
BM_main_graph$async_dispatch_187_embedded_elf_riscv_64_main_graph$async_dispatch_187_reduction_49x256_f32/process_time/real_time             0.145 ms        0.307 ms         4810 items_per_second=6.87633k/s
BM_main_graph$async_dispatch_187_embedded_elf_riscv_64_main_graph$async_dispatch_187_reduction_49x256_f32/process_time/real_time             0.146 ms        0.308 ms         4810 items_per_second=6.86086k/s
BM_main_graph$async_dispatch_187_embedded_elf_riscv_64_main_graph$async_dispatch_187_reduction_49x256_f32/process_time/real_time             0.147 ms        0.309 ms         4810 items_per_second=6.79982k/s
BM_main_graph$async_dispatch_187_embedded_elf_riscv_64_main_graph$async_dispatch_187_reduction_49x256_f32/process_time/real_time             0.146 ms        0.308 ms         4810 items_per_second=6.87108k/s
BM_main_graph$async_dispatch_187_embedded_elf_riscv_64_main_graph$async_dispatch_187_reduction_49x256_f32/process_time/real_time             0.146 ms        0.308 ms         4810 items_per_second=6.86366k/s
BM_main_graph$async_dispatch_187_embedded_elf_riscv_64_main_graph$async_dispatch_187_reduction_49x256_f32/process_time/real_time             0.148 ms        0.308 ms         4810 items_per_second=6.76302k/s
BM_main_graph$async_dispatch_187_embedded_elf_riscv_64_main_graph$async_dispatch_187_reduction_49x256_f32/process_time/real_time_mean        0.146 ms        0.308 ms           10 items_per_second=6.85053k/s
BM_main_graph$async_dispatch_187_embedded_elf_riscv_64_main_graph$async_dispatch_187_reduction_49x256_f32/process_time/real_time_median      0.146 ms        0.308 ms           10 items_per_second=6.86737k/s
BM_main_graph$async_dispatch_187_embedded_elf_riscv_64_main_graph$async_dispatch_187_reduction_49x256_f32/process_time/real_time_stddev      0.001 ms        0.001 ms           10 items_per_second=39.9037/s
BM_main_graph$async_dispatch_187_embedded_elf_riscv_64_main_graph$async_dispatch_187_reduction_49x256_f32/process_time/real_time_cv           0.59 %          0.17 %            10 items_per_second=0.58%
