2026-01-08T13:00:33.366209
Running tools/iree-benchmark-module --module=/home/dima/sched_vmfb/glpdepth/module_main_graph$async_dispatch_208_embedded_elf_riscv_64_benchmark.vmfb --device=local-task --function=main_graph$async_dispatch_208_embedded_elf_riscv_64_main_graph$async_dispatch_208_conv_2x56x56x32x3x3_f32 --input=1xi32=1 --task_topology_cpu_ids=0,1,2,3 --benchmark_repetitions=10
2026-01-08T13:00:33+08:00
Running tools/iree-benchmark-module
Run on (8 X 1600 MHz CPU s)
CPU Caches:
  L1 Instruction 32 KiB (x8)
  L1 Data 32 KiB (x8)
  L2 Unified 512 KiB (x2)
Load Average: 5.07, 4.82, 4.48
-----------------------------------------------------------------------------------------------------------------------------------------------------------------------------------------------------
Benchmark                                                                                                                                           Time             CPU   Iterations UserCounters...
-----------------------------------------------------------------------------------------------------------------------------------------------------------------------------------------------------
BM_main_graph$async_dispatch_208_embedded_elf_riscv_64_main_graph$async_dispatch_208_conv_2x56x56x32x3x3_f32/process_time/real_time              3.34 ms         12.9 ms          204 items_per_second=299.33/s
BM_main_graph$async_dispatch_208_embedded_elf_riscv_64_main_graph$async_dispatch_208_conv_2x56x56x32x3x3_f32/process_time/real_time              3.38 ms         12.9 ms          204 items_per_second=295.891/s
BM_main_graph$async_dispatch_208_embedded_elf_riscv_64_main_graph$async_dispatch_208_conv_2x56x56x32x3x3_f32/process_time/real_time              3.37 ms         12.9 ms          204 items_per_second=296.665/s
BM_main_graph$async_dispatch_208_embedded_elf_riscv_64_main_graph$async_dispatch_208_conv_2x56x56x32x3x3_f32/process_time/real_time              3.30 ms         12.9 ms          204 items_per_second=302.592/s
BM_main_graph$async_dispatch_208_embedded_elf_riscv_64_main_graph$async_dispatch_208_conv_2x56x56x32x3x3_f32/process_time/real_time              3.30 ms         12.9 ms          204 items_per_second=302.773/s
BM_main_graph$async_dispatch_208_embedded_elf_riscv_64_main_graph$async_dispatch_208_conv_2x56x56x32x3x3_f32/process_time/real_time              3.32 ms         12.9 ms          204 items_per_second=301.197/s
BM_main_graph$async_dispatch_208_embedded_elf_riscv_64_main_graph$async_dispatch_208_conv_2x56x56x32x3x3_f32/process_time/real_time              3.31 ms         12.9 ms          204 items_per_second=302.038/s
BM_main_graph$async_dispatch_208_embedded_elf_riscv_64_main_graph$async_dispatch_208_conv_2x56x56x32x3x3_f32/process_time/real_time              3.31 ms         12.9 ms          204 items_per_second=301.992/s
BM_main_graph$async_dispatch_208_embedded_elf_riscv_64_main_graph$async_dispatch_208_conv_2x56x56x32x3x3_f32/process_time/real_time              3.32 ms         12.9 ms          204 items_per_second=301.195/s
BM_main_graph$async_dispatch_208_embedded_elf_riscv_64_main_graph$async_dispatch_208_conv_2x56x56x32x3x3_f32/process_time/real_time              3.31 ms         12.9 ms          204 items_per_second=301.974/s
BM_main_graph$async_dispatch_208_embedded_elf_riscv_64_main_graph$async_dispatch_208_conv_2x56x56x32x3x3_f32/process_time/real_time_mean         3.33 ms         12.9 ms           10 items_per_second=300.565/s
BM_main_graph$async_dispatch_208_embedded_elf_riscv_64_main_graph$async_dispatch_208_conv_2x56x56x32x3x3_f32/process_time/real_time_median       3.32 ms         12.9 ms           10 items_per_second=301.585/s
BM_main_graph$async_dispatch_208_embedded_elf_riscv_64_main_graph$async_dispatch_208_conv_2x56x56x32x3x3_f32/process_time/real_time_stddev      0.027 ms        0.027 ms           10 items_per_second=2.46204/s
BM_main_graph$async_dispatch_208_embedded_elf_riscv_64_main_graph$async_dispatch_208_conv_2x56x56x32x3x3_f32/process_time/real_time_cv           0.83 %          0.21 %            10 items_per_second=0.82%
