2026-01-08T13:03:58.800972
Running tools/iree-benchmark-module --module=/home/dima/sched_vmfb/glpdepth/module_main_graph$async_dispatch_61_embedded_elf_riscv_64_benchmark.vmfb --device=local-task --function=main_graph$async_dispatch_61_embedded_elf_riscv_64_main_graph$async_dispatch_61_softmax_2x784x49xf32_dispatch_tensor_store --input=1xi32=1 --task_topology_cpu_ids=0,1,2,3 --benchmark_repetitions=10
2026-01-08T13:03:58+08:00
Running tools/iree-benchmark-module
Run on (8 X 1600 MHz CPU s)
CPU Caches:
  L1 Instruction 32 KiB (x8)
  L1 Data 32 KiB (x8)
  L2 Unified 512 KiB (x2)
Load Average: 5.18, 5.13, 4.69
----------------------------------------------------------------------------------------------------------------------------------------------------------------------------------------------------------------------
Benchmark                                                                                                                                                            Time             CPU   Iterations UserCounters...
----------------------------------------------------------------------------------------------------------------------------------------------------------------------------------------------------------------------
BM_main_graph$async_dispatch_61_embedded_elf_riscv_64_main_graph$async_dispatch_61_softmax_2x784x49xf32_dispatch_tensor_store/process_time/real_time              1.09 ms         4.02 ms          636 items_per_second=919.402/s
BM_main_graph$async_dispatch_61_embedded_elf_riscv_64_main_graph$async_dispatch_61_softmax_2x784x49xf32_dispatch_tensor_store/process_time/real_time              1.10 ms         4.03 ms          636 items_per_second=906.991/s
BM_main_graph$async_dispatch_61_embedded_elf_riscv_64_main_graph$async_dispatch_61_softmax_2x784x49xf32_dispatch_tensor_store/process_time/real_time              1.09 ms         4.02 ms          636 items_per_second=917.551/s
BM_main_graph$async_dispatch_61_embedded_elf_riscv_64_main_graph$async_dispatch_61_softmax_2x784x49xf32_dispatch_tensor_store/process_time/real_time              1.10 ms         4.08 ms          636 items_per_second=906.635/s
BM_main_graph$async_dispatch_61_embedded_elf_riscv_64_main_graph$async_dispatch_61_softmax_2x784x49xf32_dispatch_tensor_store/process_time/real_time              1.11 ms         4.10 ms          636 items_per_second=898.589/s
BM_main_graph$async_dispatch_61_embedded_elf_riscv_64_main_graph$async_dispatch_61_softmax_2x784x49xf32_dispatch_tensor_store/process_time/real_time              1.11 ms         4.09 ms          636 items_per_second=898.876/s
BM_main_graph$async_dispatch_61_embedded_elf_riscv_64_main_graph$async_dispatch_61_softmax_2x784x49xf32_dispatch_tensor_store/process_time/real_time              1.12 ms         4.10 ms          636 items_per_second=895.585/s
BM_main_graph$async_dispatch_61_embedded_elf_riscv_64_main_graph$async_dispatch_61_softmax_2x784x49xf32_dispatch_tensor_store/process_time/real_time              1.09 ms         4.04 ms          636 items_per_second=920.755/s
BM_main_graph$async_dispatch_61_embedded_elf_riscv_64_main_graph$async_dispatch_61_softmax_2x784x49xf32_dispatch_tensor_store/process_time/real_time              1.11 ms         4.09 ms          636 items_per_second=899.433/s
BM_main_graph$async_dispatch_61_embedded_elf_riscv_64_main_graph$async_dispatch_61_softmax_2x784x49xf32_dispatch_tensor_store/process_time/real_time              1.12 ms         4.10 ms          636 items_per_second=894.495/s
BM_main_graph$async_dispatch_61_embedded_elf_riscv_64_main_graph$async_dispatch_61_softmax_2x784x49xf32_dispatch_tensor_store/process_time/real_time_mean         1.10 ms         4.07 ms           10 items_per_second=905.831/s
BM_main_graph$async_dispatch_61_embedded_elf_riscv_64_main_graph$async_dispatch_61_softmax_2x784x49xf32_dispatch_tensor_store/process_time/real_time_median       1.11 ms         4.08 ms           10 items_per_second=903.034/s
BM_main_graph$async_dispatch_61_embedded_elf_riscv_64_main_graph$async_dispatch_61_softmax_2x784x49xf32_dispatch_tensor_store/process_time/real_time_stddev      0.012 ms        0.035 ms           10 items_per_second=10.1188/s
BM_main_graph$async_dispatch_61_embedded_elf_riscv_64_main_graph$async_dispatch_61_softmax_2x784x49xf32_dispatch_tensor_store/process_time/real_time_cv           1.11 %          0.86 %            10 items_per_second=1.12%
