2026-01-08T13:01:56.543948
Running tools/iree-benchmark-module --module=/home/dima/sched_vmfb/glpdepth/module_main_graph$async_dispatch_22_embedded_elf_riscv_64_benchmark.vmfb --device=local-task --function=main_graph$async_dispatch_22_embedded_elf_riscv_64_main_graph$async_dispatch_22_conv_56x56x128x3x3_f32 --input=1xi32=1 --task_topology_cpu_ids=0,1,2,3 --benchmark_repetitions=10
2026-01-08T13:01:56+08:00
Running tools/iree-benchmark-module
Run on (8 X 1600 MHz CPU s)
CPU Caches:
  L1 Instruction 32 KiB (x8)
  L1 Data 32 KiB (x8)
  L2 Unified 512 KiB (x2)
Load Average: 5.66, 5.07, 4.60
--------------------------------------------------------------------------------------------------------------------------------------------------------------------------------------------------
Benchmark                                                                                                                                        Time             CPU   Iterations UserCounters...
--------------------------------------------------------------------------------------------------------------------------------------------------------------------------------------------------
BM_main_graph$async_dispatch_22_embedded_elf_riscv_64_main_graph$async_dispatch_22_conv_56x56x128x3x3_f32/process_time/real_time              14.3 ms         56.0 ms           49 items_per_second=69.8153/s
BM_main_graph$async_dispatch_22_embedded_elf_riscv_64_main_graph$async_dispatch_22_conv_56x56x128x3x3_f32/process_time/real_time              14.3 ms         55.9 ms           49 items_per_second=69.8743/s
BM_main_graph$async_dispatch_22_embedded_elf_riscv_64_main_graph$async_dispatch_22_conv_56x56x128x3x3_f32/process_time/real_time              14.4 ms         56.1 ms           49 items_per_second=69.5251/s
BM_main_graph$async_dispatch_22_embedded_elf_riscv_64_main_graph$async_dispatch_22_conv_56x56x128x3x3_f32/process_time/real_time              14.3 ms         56.0 ms           49 items_per_second=69.7849/s
BM_main_graph$async_dispatch_22_embedded_elf_riscv_64_main_graph$async_dispatch_22_conv_56x56x128x3x3_f32/process_time/real_time              14.3 ms         56.0 ms           49 items_per_second=69.8028/s
BM_main_graph$async_dispatch_22_embedded_elf_riscv_64_main_graph$async_dispatch_22_conv_56x56x128x3x3_f32/process_time/real_time              14.4 ms         56.1 ms           49 items_per_second=69.5808/s
BM_main_graph$async_dispatch_22_embedded_elf_riscv_64_main_graph$async_dispatch_22_conv_56x56x128x3x3_f32/process_time/real_time              14.3 ms         56.0 ms           49 items_per_second=69.7584/s
BM_main_graph$async_dispatch_22_embedded_elf_riscv_64_main_graph$async_dispatch_22_conv_56x56x128x3x3_f32/process_time/real_time              14.3 ms         55.9 ms           49 items_per_second=69.799/s
BM_main_graph$async_dispatch_22_embedded_elf_riscv_64_main_graph$async_dispatch_22_conv_56x56x128x3x3_f32/process_time/real_time              14.4 ms         56.1 ms           49 items_per_second=69.5586/s
BM_main_graph$async_dispatch_22_embedded_elf_riscv_64_main_graph$async_dispatch_22_conv_56x56x128x3x3_f32/process_time/real_time              14.3 ms         56.0 ms           49 items_per_second=69.793/s
BM_main_graph$async_dispatch_22_embedded_elf_riscv_64_main_graph$async_dispatch_22_conv_56x56x128x3x3_f32/process_time/real_time_mean         14.3 ms         56.0 ms           10 items_per_second=69.7292/s
BM_main_graph$async_dispatch_22_embedded_elf_riscv_64_main_graph$async_dispatch_22_conv_56x56x128x3x3_f32/process_time/real_time_median       14.3 ms         56.0 ms           10 items_per_second=69.789/s
BM_main_graph$async_dispatch_22_embedded_elf_riscv_64_main_graph$async_dispatch_22_conv_56x56x128x3x3_f32/process_time/real_time_stddev      0.026 ms        0.058 ms           10 items_per_second=0.124537/s
BM_main_graph$async_dispatch_22_embedded_elf_riscv_64_main_graph$async_dispatch_22_conv_56x56x128x3x3_f32/process_time/real_time_cv           0.18 %          0.10 %            10 items_per_second=0.18%
