2026-01-08T12:39:46.034646
Running tools/iree-benchmark-module --module=/home/dima/sched_vmfb/glpdepth/module_main_graph$async_dispatch_13_embedded_elf_riscv_64_benchmark.vmfb --device=local-task --function=main_graph$async_dispatch_13_embedded_elf_riscv_64_main_graph$async_dispatch_13_pack_f32 --input=1xi32=1 --task_topology_cpu_ids=0,1,2 --benchmark_repetitions=10
2026-01-08T12:39:46+08:00
Running tools/iree-benchmark-module
Run on (8 X 1600 MHz CPU s)
CPU Caches:
  L1 Instruction 32 KiB (x8)
  L1 Data 32 KiB (x8)
  L2 Unified 512 KiB (x2)
Load Average: 4.62, 4.17, 3.66
------------------------------------------------------------------------------------------------------------------------------------------------------------------------------------
Benchmark                                                                                                                          Time             CPU   Iterations UserCounters...
------------------------------------------------------------------------------------------------------------------------------------------------------------------------------------
BM_main_graph$async_dispatch_13_embedded_elf_riscv_64_main_graph$async_dispatch_13_pack_f32/process_time/real_time              1.33 ms         3.69 ms          531 items_per_second=754.096/s
BM_main_graph$async_dispatch_13_embedded_elf_riscv_64_main_graph$async_dispatch_13_pack_f32/process_time/real_time              1.33 ms         3.70 ms          531 items_per_second=750.085/s
BM_main_graph$async_dispatch_13_embedded_elf_riscv_64_main_graph$async_dispatch_13_pack_f32/process_time/real_time              1.33 ms         3.69 ms          531 items_per_second=750.366/s
BM_main_graph$async_dispatch_13_embedded_elf_riscv_64_main_graph$async_dispatch_13_pack_f32/process_time/real_time              1.33 ms         3.69 ms          531 items_per_second=752.449/s
BM_main_graph$async_dispatch_13_embedded_elf_riscv_64_main_graph$async_dispatch_13_pack_f32/process_time/real_time              1.33 ms         3.69 ms          531 items_per_second=751.384/s
BM_main_graph$async_dispatch_13_embedded_elf_riscv_64_main_graph$async_dispatch_13_pack_f32/process_time/real_time              1.33 ms         3.69 ms          531 items_per_second=750.65/s
BM_main_graph$async_dispatch_13_embedded_elf_riscv_64_main_graph$async_dispatch_13_pack_f32/process_time/real_time              1.33 ms         3.69 ms          531 items_per_second=750.406/s
BM_main_graph$async_dispatch_13_embedded_elf_riscv_64_main_graph$async_dispatch_13_pack_f32/process_time/real_time              1.36 ms         3.71 ms          531 items_per_second=733.11/s
BM_main_graph$async_dispatch_13_embedded_elf_riscv_64_main_graph$async_dispatch_13_pack_f32/process_time/real_time              1.31 ms         3.67 ms          531 items_per_second=761.503/s
BM_main_graph$async_dispatch_13_embedded_elf_riscv_64_main_graph$async_dispatch_13_pack_f32/process_time/real_time              1.32 ms         3.68 ms          531 items_per_second=759.673/s
BM_main_graph$async_dispatch_13_embedded_elf_riscv_64_main_graph$async_dispatch_13_pack_f32/process_time/real_time_mean         1.33 ms         3.69 ms           10 items_per_second=751.372/s
BM_main_graph$async_dispatch_13_embedded_elf_riscv_64_main_graph$async_dispatch_13_pack_f32/process_time/real_time_median       1.33 ms         3.69 ms           10 items_per_second=751.017/s
BM_main_graph$async_dispatch_13_embedded_elf_riscv_64_main_graph$async_dispatch_13_pack_f32/process_time/real_time_stddev      0.014 ms        0.010 ms           10 items_per_second=7.5848/s
BM_main_graph$async_dispatch_13_embedded_elf_riscv_64_main_graph$async_dispatch_13_pack_f32/process_time/real_time_cv           1.02 %          0.27 %            10 items_per_second=1.01%
