2026-01-08T12:43:46.619860
Running tools/iree-benchmark-module --module=/home/dima/sched_vmfb/glpdepth/module_main_graph$async_dispatch_194_embedded_elf_riscv_64_benchmark.vmfb --device=local-task --function=main_graph$async_dispatch_194_embedded_elf_riscv_64_main_graph$async_dispatch_194_conv_2x14x14x32x3x3_f32 --input=1xi32=1 --task_topology_cpu_ids=0,1,2 --benchmark_repetitions=10
2026-01-08T12:43:46+08:00
Running tools/iree-benchmark-module
Run on (8 X 1600 MHz CPU s)
CPU Caches:
  L1 Instruction 32 KiB (x8)
  L1 Data 32 KiB (x8)
  L2 Unified 512 KiB (x2)
Load Average: 4.50, 4.24, 3.80
-----------------------------------------------------------------------------------------------------------------------------------------------------------------------------------------------------
Benchmark                                                                                                                                           Time             CPU   Iterations UserCounters...
-----------------------------------------------------------------------------------------------------------------------------------------------------------------------------------------------------
BM_main_graph$async_dispatch_194_embedded_elf_riscv_64_main_graph$async_dispatch_194_conv_2x14x14x32x3x3_f32/process_time/real_time             0.354 ms        0.857 ms         1975 items_per_second=2.82649k/s
BM_main_graph$async_dispatch_194_embedded_elf_riscv_64_main_graph$async_dispatch_194_conv_2x14x14x32x3x3_f32/process_time/real_time             0.356 ms        0.858 ms         1975 items_per_second=2.81271k/s
BM_main_graph$async_dispatch_194_embedded_elf_riscv_64_main_graph$async_dispatch_194_conv_2x14x14x32x3x3_f32/process_time/real_time             0.356 ms        0.856 ms         1975 items_per_second=2.80901k/s
BM_main_graph$async_dispatch_194_embedded_elf_riscv_64_main_graph$async_dispatch_194_conv_2x14x14x32x3x3_f32/process_time/real_time             0.354 ms        0.855 ms         1975 items_per_second=2.82752k/s
BM_main_graph$async_dispatch_194_embedded_elf_riscv_64_main_graph$async_dispatch_194_conv_2x14x14x32x3x3_f32/process_time/real_time             0.353 ms        0.853 ms         1975 items_per_second=2.83369k/s
BM_main_graph$async_dispatch_194_embedded_elf_riscv_64_main_graph$async_dispatch_194_conv_2x14x14x32x3x3_f32/process_time/real_time             0.355 ms        0.854 ms         1975 items_per_second=2.81565k/s
BM_main_graph$async_dispatch_194_embedded_elf_riscv_64_main_graph$async_dispatch_194_conv_2x14x14x32x3x3_f32/process_time/real_time             0.354 ms        0.854 ms         1975 items_per_second=2.82616k/s
BM_main_graph$async_dispatch_194_embedded_elf_riscv_64_main_graph$async_dispatch_194_conv_2x14x14x32x3x3_f32/process_time/real_time             0.355 ms        0.858 ms         1975 items_per_second=2.82086k/s
BM_main_graph$async_dispatch_194_embedded_elf_riscv_64_main_graph$async_dispatch_194_conv_2x14x14x32x3x3_f32/process_time/real_time             0.356 ms        0.856 ms         1975 items_per_second=2.8056k/s
BM_main_graph$async_dispatch_194_embedded_elf_riscv_64_main_graph$async_dispatch_194_conv_2x14x14x32x3x3_f32/process_time/real_time             0.354 ms        0.854 ms         1975 items_per_second=2.82696k/s
BM_main_graph$async_dispatch_194_embedded_elf_riscv_64_main_graph$async_dispatch_194_conv_2x14x14x32x3x3_f32/process_time/real_time_mean        0.355 ms        0.856 ms           10 items_per_second=2.82046k/s
BM_main_graph$async_dispatch_194_embedded_elf_riscv_64_main_graph$async_dispatch_194_conv_2x14x14x32x3x3_f32/process_time/real_time_median      0.354 ms        0.855 ms           10 items_per_second=2.82351k/s
BM_main_graph$async_dispatch_194_embedded_elf_riscv_64_main_graph$async_dispatch_194_conv_2x14x14x32x3x3_f32/process_time/real_time_stddev      0.001 ms        0.002 ms           10 items_per_second=9.25867/s
BM_main_graph$async_dispatch_194_embedded_elf_riscv_64_main_graph$async_dispatch_194_conv_2x14x14x32x3x3_f32/process_time/real_time_cv           0.33 %          0.20 %            10 items_per_second=0.33%
