2026-01-08T12:40:21.633072
Running tools/iree-benchmark-module --module=/home/dima/sched_vmfb/glpdepth/module_main_graph$async_dispatch_148_embedded_elf_riscv_64_benchmark.vmfb --device=local-task --function=main_graph$async_dispatch_148_embedded_elf_riscv_64_main_graph$async_dispatch_148_matmul_like_8x49x32x256_f32_pack --input=1xi32=1 --task_topology_cpu_ids=0,1,2 --benchmark_repetitions=10
2026-01-08T12:40:21+08:00
Running tools/iree-benchmark-module
Run on (8 X 1600 MHz CPU s)
CPU Caches:
  L1 Instruction 32 KiB (x8)
  L1 Data 32 KiB (x8)
  L2 Unified 512 KiB (x2)
Load Average: 4.47, 4.18, 3.68
--------------------------------------------------------------------------------------------------------------------------------------------------------------------------------------------------------------
Benchmark                                                                                                                                                    Time             CPU   Iterations UserCounters...
--------------------------------------------------------------------------------------------------------------------------------------------------------------------------------------------------------------
BM_main_graph$async_dispatch_148_embedded_elf_riscv_64_main_graph$async_dispatch_148_matmul_like_8x49x32x256_f32_pack/process_time/real_time              23.5 ms         55.9 ms           30 items_per_second=42.5733/s
BM_main_graph$async_dispatch_148_embedded_elf_riscv_64_main_graph$async_dispatch_148_matmul_like_8x49x32x256_f32_pack/process_time/real_time              23.6 ms         56.1 ms           30 items_per_second=42.3656/s
BM_main_graph$async_dispatch_148_embedded_elf_riscv_64_main_graph$async_dispatch_148_matmul_like_8x49x32x256_f32_pack/process_time/real_time              23.8 ms         56.0 ms           30 items_per_second=41.9719/s
BM_main_graph$async_dispatch_148_embedded_elf_riscv_64_main_graph$async_dispatch_148_matmul_like_8x49x32x256_f32_pack/process_time/real_time              23.6 ms         56.1 ms           30 items_per_second=42.388/s
BM_main_graph$async_dispatch_148_embedded_elf_riscv_64_main_graph$async_dispatch_148_matmul_like_8x49x32x256_f32_pack/process_time/real_time              23.6 ms         56.1 ms           30 items_per_second=42.4214/s
BM_main_graph$async_dispatch_148_embedded_elf_riscv_64_main_graph$async_dispatch_148_matmul_like_8x49x32x256_f32_pack/process_time/real_time              23.6 ms         56.0 ms           30 items_per_second=42.3925/s
BM_main_graph$async_dispatch_148_embedded_elf_riscv_64_main_graph$async_dispatch_148_matmul_like_8x49x32x256_f32_pack/process_time/real_time              23.6 ms         56.1 ms           30 items_per_second=42.3622/s
BM_main_graph$async_dispatch_148_embedded_elf_riscv_64_main_graph$async_dispatch_148_matmul_like_8x49x32x256_f32_pack/process_time/real_time              23.7 ms         56.2 ms           30 items_per_second=42.1579/s
BM_main_graph$async_dispatch_148_embedded_elf_riscv_64_main_graph$async_dispatch_148_matmul_like_8x49x32x256_f32_pack/process_time/real_time              23.6 ms         55.9 ms           30 items_per_second=42.4596/s
BM_main_graph$async_dispatch_148_embedded_elf_riscv_64_main_graph$async_dispatch_148_matmul_like_8x49x32x256_f32_pack/process_time/real_time              23.6 ms         56.1 ms           30 items_per_second=42.417/s
BM_main_graph$async_dispatch_148_embedded_elf_riscv_64_main_graph$async_dispatch_148_matmul_like_8x49x32x256_f32_pack/process_time/real_time_mean         23.6 ms         56.0 ms           10 items_per_second=42.3509/s
BM_main_graph$async_dispatch_148_embedded_elf_riscv_64_main_graph$async_dispatch_148_matmul_like_8x49x32x256_f32_pack/process_time/real_time_median       23.6 ms         56.1 ms           10 items_per_second=42.3902/s
BM_main_graph$async_dispatch_148_embedded_elf_riscv_64_main_graph$async_dispatch_148_matmul_like_8x49x32x256_f32_pack/process_time/real_time_stddev      0.094 ms        0.100 ms           10 items_per_second=0.168303/s
BM_main_graph$async_dispatch_148_embedded_elf_riscv_64_main_graph$async_dispatch_148_matmul_like_8x49x32x256_f32_pack/process_time/real_time_cv           0.40 %          0.18 %            10 items_per_second=0.40%
