2026-01-08T12:38:24.872098
Running tools/iree-benchmark-module --module=/home/dima/sched_vmfb/glpdepth/module_main_graph$async_dispatch_112_embedded_elf_riscv_64_benchmark.vmfb --device=local-task --function=main_graph$async_dispatch_112_embedded_elf_riscv_64_main_graph$async_dispatch_112_unpack_f32 --input=1xi32=1 --task_topology_cpu_ids=0,1,2 --benchmark_repetitions=10
2026-01-08T12:38:24+08:00
Running tools/iree-benchmark-module
Run on (8 X 1600 MHz CPU s)
CPU Caches:
  L1 Instruction 32 KiB (x8)
  L1 Data 32 KiB (x8)
  L2 Unified 512 KiB (x2)
Load Average: 4.17, 4.02, 3.57
----------------------------------------------------------------------------------------------------------------------------------------------------------------------------------------
Benchmark                                                                                                                              Time             CPU   Iterations UserCounters...
----------------------------------------------------------------------------------------------------------------------------------------------------------------------------------------
BM_main_graph$async_dispatch_112_embedded_elf_riscv_64_main_graph$async_dispatch_112_unpack_f32/process_time/real_time             0.630 ms         1.38 ms         1111 items_per_second=1.58609k/s
BM_main_graph$async_dispatch_112_embedded_elf_riscv_64_main_graph$async_dispatch_112_unpack_f32/process_time/real_time             0.631 ms         1.38 ms         1111 items_per_second=1.58548k/s
BM_main_graph$async_dispatch_112_embedded_elf_riscv_64_main_graph$async_dispatch_112_unpack_f32/process_time/real_time             0.630 ms         1.38 ms         1111 items_per_second=1.58757k/s
BM_main_graph$async_dispatch_112_embedded_elf_riscv_64_main_graph$async_dispatch_112_unpack_f32/process_time/real_time             0.630 ms         1.38 ms         1111 items_per_second=1.58707k/s
BM_main_graph$async_dispatch_112_embedded_elf_riscv_64_main_graph$async_dispatch_112_unpack_f32/process_time/real_time             0.637 ms         1.39 ms         1111 items_per_second=1.57046k/s
BM_main_graph$async_dispatch_112_embedded_elf_riscv_64_main_graph$async_dispatch_112_unpack_f32/process_time/real_time             0.638 ms         1.40 ms         1111 items_per_second=1.56626k/s
BM_main_graph$async_dispatch_112_embedded_elf_riscv_64_main_graph$async_dispatch_112_unpack_f32/process_time/real_time             0.634 ms         1.39 ms         1111 items_per_second=1.57656k/s
BM_main_graph$async_dispatch_112_embedded_elf_riscv_64_main_graph$async_dispatch_112_unpack_f32/process_time/real_time             0.636 ms         1.39 ms         1111 items_per_second=1.57296k/s
BM_main_graph$async_dispatch_112_embedded_elf_riscv_64_main_graph$async_dispatch_112_unpack_f32/process_time/real_time             0.635 ms         1.40 ms         1111 items_per_second=1.57535k/s
BM_main_graph$async_dispatch_112_embedded_elf_riscv_64_main_graph$async_dispatch_112_unpack_f32/process_time/real_time             0.634 ms         1.40 ms         1111 items_per_second=1.57616k/s
BM_main_graph$async_dispatch_112_embedded_elf_riscv_64_main_graph$async_dispatch_112_unpack_f32/process_time/real_time_mean        0.634 ms         1.39 ms           10 items_per_second=1.57839k/s
BM_main_graph$async_dispatch_112_embedded_elf_riscv_64_main_graph$async_dispatch_112_unpack_f32/process_time/real_time_median      0.634 ms         1.39 ms           10 items_per_second=1.57636k/s
BM_main_graph$async_dispatch_112_embedded_elf_riscv_64_main_graph$async_dispatch_112_unpack_f32/process_time/real_time_stddev      0.003 ms        0.008 ms           10 items_per_second=7.6472/s
BM_main_graph$async_dispatch_112_embedded_elf_riscv_64_main_graph$async_dispatch_112_unpack_f32/process_time/real_time_cv           0.48 %          0.57 %            10 items_per_second=0.48%
