2026-01-08T12:47:53.329277
Running tools/iree-benchmark-module --module=/home/dima/sched_vmfb/glpdepth/module_main_graph$async_dispatch_50_embedded_elf_riscv_64_benchmark.vmfb --device=local-task --function=main_graph$async_dispatch_50_embedded_elf_riscv_64_main_graph$async_dispatch_50_reduction_3136x32_f32 --input=1xi32=1 --task_topology_cpu_ids=0,1,2 --benchmark_repetitions=10
2026-01-08T12:47:53+08:00
Running tools/iree-benchmark-module
Run on (8 X 1600 MHz CPU s)
CPU Caches:
  L1 Instruction 32 KiB (x8)
  L1 Data 32 KiB (x8)
  L2 Unified 512 KiB (x2)
Load Average: 4.91, 4.62, 4.07
-------------------------------------------------------------------------------------------------------------------------------------------------------------------------------------------------
Benchmark                                                                                                                                       Time             CPU   Iterations UserCounters...
-------------------------------------------------------------------------------------------------------------------------------------------------------------------------------------------------
BM_main_graph$async_dispatch_50_embedded_elf_riscv_64_main_graph$async_dispatch_50_reduction_3136x32_f32/process_time/real_time             0.796 ms         2.15 ms          859 items_per_second=1.25567k/s
BM_main_graph$async_dispatch_50_embedded_elf_riscv_64_main_graph$async_dispatch_50_reduction_3136x32_f32/process_time/real_time             0.795 ms         2.15 ms          859 items_per_second=1.25785k/s
BM_main_graph$async_dispatch_50_embedded_elf_riscv_64_main_graph$async_dispatch_50_reduction_3136x32_f32/process_time/real_time             0.804 ms         2.19 ms          859 items_per_second=1.24449k/s
BM_main_graph$async_dispatch_50_embedded_elf_riscv_64_main_graph$async_dispatch_50_reduction_3136x32_f32/process_time/real_time             0.802 ms         2.18 ms          859 items_per_second=1.24661k/s
BM_main_graph$async_dispatch_50_embedded_elf_riscv_64_main_graph$async_dispatch_50_reduction_3136x32_f32/process_time/real_time             0.802 ms         2.19 ms          859 items_per_second=1.24669k/s
BM_main_graph$async_dispatch_50_embedded_elf_riscv_64_main_graph$async_dispatch_50_reduction_3136x32_f32/process_time/real_time             0.802 ms         2.18 ms          859 items_per_second=1.24762k/s
BM_main_graph$async_dispatch_50_embedded_elf_riscv_64_main_graph$async_dispatch_50_reduction_3136x32_f32/process_time/real_time             0.801 ms         2.18 ms          859 items_per_second=1.24878k/s
BM_main_graph$async_dispatch_50_embedded_elf_riscv_64_main_graph$async_dispatch_50_reduction_3136x32_f32/process_time/real_time             0.801 ms         2.18 ms          859 items_per_second=1.24836k/s
BM_main_graph$async_dispatch_50_embedded_elf_riscv_64_main_graph$async_dispatch_50_reduction_3136x32_f32/process_time/real_time             0.802 ms         2.19 ms          859 items_per_second=1.24652k/s
BM_main_graph$async_dispatch_50_embedded_elf_riscv_64_main_graph$async_dispatch_50_reduction_3136x32_f32/process_time/real_time             0.801 ms         2.18 ms          859 items_per_second=1.24881k/s
BM_main_graph$async_dispatch_50_embedded_elf_riscv_64_main_graph$async_dispatch_50_reduction_3136x32_f32/process_time/real_time_mean        0.801 ms         2.18 ms           10 items_per_second=1.24914k/s
BM_main_graph$async_dispatch_50_embedded_elf_riscv_64_main_graph$async_dispatch_50_reduction_3136x32_f32/process_time/real_time_median      0.801 ms         2.18 ms           10 items_per_second=1.24799k/s
BM_main_graph$async_dispatch_50_embedded_elf_riscv_64_main_graph$async_dispatch_50_reduction_3136x32_f32/process_time/real_time_stddev      0.003 ms        0.014 ms           10 items_per_second=4.25106/s
BM_main_graph$async_dispatch_50_embedded_elf_riscv_64_main_graph$async_dispatch_50_reduction_3136x32_f32/process_time/real_time_cv           0.34 %          0.64 %            10 items_per_second=0.34%
