2026-01-08T12:50:03.714436
Running tools/iree-benchmark-module --module=/home/dima/sched_vmfb/glpdepth/module_main_graph$async_dispatch_68_embedded_elf_riscv_64_benchmark.vmfb --device=local-task --function=main_graph$async_dispatch_68_embedded_elf_riscv_64_main_graph$async_dispatch_68_unpack_f32 --input=1xi32=1 --task_topology_cpu_ids=0,1,2 --benchmark_repetitions=10
2026-01-08T12:50:03+08:00
Running tools/iree-benchmark-module
Run on (8 X 1600 MHz CPU s)
CPU Caches:
  L1 Instruction 32 KiB (x8)
  L1 Data 32 KiB (x8)
  L2 Unified 512 KiB (x2)
Load Average: 4.59, 4.60, 4.13
--------------------------------------------------------------------------------------------------------------------------------------------------------------------------------------
Benchmark                                                                                                                            Time             CPU   Iterations UserCounters...
--------------------------------------------------------------------------------------------------------------------------------------------------------------------------------------
BM_main_graph$async_dispatch_68_embedded_elf_riscv_64_main_graph$async_dispatch_68_unpack_f32/process_time/real_time             0.756 ms         1.96 ms          931 items_per_second=1.32353k/s
BM_main_graph$async_dispatch_68_embedded_elf_riscv_64_main_graph$async_dispatch_68_unpack_f32/process_time/real_time             0.759 ms         1.96 ms          931 items_per_second=1.31789k/s
BM_main_graph$async_dispatch_68_embedded_elf_riscv_64_main_graph$async_dispatch_68_unpack_f32/process_time/real_time             0.749 ms         1.95 ms          931 items_per_second=1.33447k/s
BM_main_graph$async_dispatch_68_embedded_elf_riscv_64_main_graph$async_dispatch_68_unpack_f32/process_time/real_time             0.750 ms         1.95 ms          931 items_per_second=1.33286k/s
BM_main_graph$async_dispatch_68_embedded_elf_riscv_64_main_graph$async_dispatch_68_unpack_f32/process_time/real_time             0.753 ms         1.95 ms          931 items_per_second=1.32727k/s
BM_main_graph$async_dispatch_68_embedded_elf_riscv_64_main_graph$async_dispatch_68_unpack_f32/process_time/real_time             0.752 ms         1.95 ms          931 items_per_second=1.33058k/s
BM_main_graph$async_dispatch_68_embedded_elf_riscv_64_main_graph$async_dispatch_68_unpack_f32/process_time/real_time             0.752 ms         1.95 ms          931 items_per_second=1.32989k/s
BM_main_graph$async_dispatch_68_embedded_elf_riscv_64_main_graph$async_dispatch_68_unpack_f32/process_time/real_time             0.750 ms         1.95 ms          931 items_per_second=1.33246k/s
BM_main_graph$async_dispatch_68_embedded_elf_riscv_64_main_graph$async_dispatch_68_unpack_f32/process_time/real_time             0.747 ms         1.94 ms          931 items_per_second=1.33856k/s
BM_main_graph$async_dispatch_68_embedded_elf_riscv_64_main_graph$async_dispatch_68_unpack_f32/process_time/real_time             0.760 ms         1.96 ms          931 items_per_second=1.31614k/s
BM_main_graph$async_dispatch_68_embedded_elf_riscv_64_main_graph$async_dispatch_68_unpack_f32/process_time/real_time_mean        0.753 ms         1.95 ms           10 items_per_second=1.32837k/s
BM_main_graph$async_dispatch_68_embedded_elf_riscv_64_main_graph$async_dispatch_68_unpack_f32/process_time/real_time_median      0.752 ms         1.95 ms           10 items_per_second=1.33024k/s
BM_main_graph$async_dispatch_68_embedded_elf_riscv_64_main_graph$async_dispatch_68_unpack_f32/process_time/real_time_stddev      0.004 ms        0.006 ms           10 items_per_second=7.21896/s
BM_main_graph$async_dispatch_68_embedded_elf_riscv_64_main_graph$async_dispatch_68_unpack_f32/process_time/real_time_cv           0.54 %          0.32 %            10 items_per_second=0.54%
