2026-01-08T12:45:22.786195
Running tools/iree-benchmark-module --module=/home/dima/sched_vmfb/glpdepth/module_main_graph$async_dispatch_206_embedded_elf_riscv_64_benchmark.vmfb --device=local-task --function=main_graph$async_dispatch_206_embedded_elf_riscv_64_main_graph$async_dispatch_206_conv_64x56x56x128x3x3_f32 --input=1xi32=1 --task_topology_cpu_ids=0,1,2 --benchmark_repetitions=10
2026-01-08T12:45:22+08:00
Running tools/iree-benchmark-module
Run on (8 X 1600 MHz CPU s)
CPU Caches:
  L1 Instruction 32 KiB (x8)
  L1 Data 32 KiB (x8)
  L2 Unified 512 KiB (x2)
Load Average: 4.79, 4.39, 3.90
-------------------------------------------------------------------------------------------------------------------------------------------------------------------------------------------------------
Benchmark                                                                                                                                             Time             CPU   Iterations UserCounters...
-------------------------------------------------------------------------------------------------------------------------------------------------------------------------------------------------------
BM_main_graph$async_dispatch_206_embedded_elf_riscv_64_main_graph$async_dispatch_206_conv_64x56x56x128x3x3_f32/process_time/real_time               613 ms         1650 ms            1 items_per_second=1.63077/s
BM_main_graph$async_dispatch_206_embedded_elf_riscv_64_main_graph$async_dispatch_206_conv_64x56x56x128x3x3_f32/process_time/real_time               612 ms         1649 ms            1 items_per_second=1.63448/s
BM_main_graph$async_dispatch_206_embedded_elf_riscv_64_main_graph$async_dispatch_206_conv_64x56x56x128x3x3_f32/process_time/real_time               612 ms         1647 ms            1 items_per_second=1.6341/s
BM_main_graph$async_dispatch_206_embedded_elf_riscv_64_main_graph$async_dispatch_206_conv_64x56x56x128x3x3_f32/process_time/real_time               612 ms         1648 ms            1 items_per_second=1.6336/s
BM_main_graph$async_dispatch_206_embedded_elf_riscv_64_main_graph$async_dispatch_206_conv_64x56x56x128x3x3_f32/process_time/real_time               610 ms         1645 ms            1 items_per_second=1.64019/s
BM_main_graph$async_dispatch_206_embedded_elf_riscv_64_main_graph$async_dispatch_206_conv_64x56x56x128x3x3_f32/process_time/real_time               611 ms         1646 ms            1 items_per_second=1.63702/s
BM_main_graph$async_dispatch_206_embedded_elf_riscv_64_main_graph$async_dispatch_206_conv_64x56x56x128x3x3_f32/process_time/real_time               611 ms         1646 ms            1 items_per_second=1.63561/s
BM_main_graph$async_dispatch_206_embedded_elf_riscv_64_main_graph$async_dispatch_206_conv_64x56x56x128x3x3_f32/process_time/real_time               612 ms         1648 ms            1 items_per_second=1.63399/s
BM_main_graph$async_dispatch_206_embedded_elf_riscv_64_main_graph$async_dispatch_206_conv_64x56x56x128x3x3_f32/process_time/real_time               613 ms         1651 ms            1 items_per_second=1.63024/s
BM_main_graph$async_dispatch_206_embedded_elf_riscv_64_main_graph$async_dispatch_206_conv_64x56x56x128x3x3_f32/process_time/real_time               613 ms         1649 ms            1 items_per_second=1.63005/s
BM_main_graph$async_dispatch_206_embedded_elf_riscv_64_main_graph$async_dispatch_206_conv_64x56x56x128x3x3_f32/process_time/real_time_mean          612 ms         1648 ms           10 items_per_second=1.634/s
BM_main_graph$async_dispatch_206_embedded_elf_riscv_64_main_graph$async_dispatch_206_conv_64x56x56x128x3x3_f32/process_time/real_time_median        612 ms         1648 ms           10 items_per_second=1.63404/s
BM_main_graph$async_dispatch_206_embedded_elf_riscv_64_main_graph$async_dispatch_206_conv_64x56x56x128x3x3_f32/process_time/real_time_stddev       1.19 ms         1.84 ms           10 items_per_second=3.17458m/s
BM_main_graph$async_dispatch_206_embedded_elf_riscv_64_main_graph$async_dispatch_206_conv_64x56x56x128x3x3_f32/process_time/real_time_cv           0.19 %          0.11 %            10 items_per_second=0.19%
