2026-01-08T12:49:56.576318
Running tools/iree-benchmark-module --module=/home/dima/sched_vmfb/glpdepth/module_main_graph$async_dispatch_67_embedded_elf_riscv_64_benchmark.vmfb --device=local-task --function=main_graph$async_dispatch_67_embedded_elf_riscv_64_main_graph$async_dispatch_67_mmt4d_10x25x64x7x32x1_f32 --input=1xi32=1 --task_topology_cpu_ids=0,1,2 --benchmark_repetitions=10
2026-01-08T12:49:56+08:00
Running tools/iree-benchmark-module
Run on (8 X 1600 MHz CPU s)
CPU Caches:
  L1 Instruction 32 KiB (x8)
  L1 Data 32 KiB (x8)
  L2 Unified 512 KiB (x2)
Load Average: 4.51, 4.58, 4.12
-----------------------------------------------------------------------------------------------------------------------------------------------------------------------------------------------------
Benchmark                                                                                                                                           Time             CPU   Iterations UserCounters...
-----------------------------------------------------------------------------------------------------------------------------------------------------------------------------------------------------
BM_main_graph$async_dispatch_67_embedded_elf_riscv_64_main_graph$async_dispatch_67_mmt4d_10x25x64x7x32x1_f32/process_time/real_time             0.761 ms         1.99 ms          916 items_per_second=1.31413k/s
BM_main_graph$async_dispatch_67_embedded_elf_riscv_64_main_graph$async_dispatch_67_mmt4d_10x25x64x7x32x1_f32/process_time/real_time             0.760 ms         1.99 ms          916 items_per_second=1.31529k/s
BM_main_graph$async_dispatch_67_embedded_elf_riscv_64_main_graph$async_dispatch_67_mmt4d_10x25x64x7x32x1_f32/process_time/real_time             0.761 ms         1.99 ms          916 items_per_second=1.31441k/s
BM_main_graph$async_dispatch_67_embedded_elf_riscv_64_main_graph$async_dispatch_67_mmt4d_10x25x64x7x32x1_f32/process_time/real_time             0.759 ms         1.99 ms          916 items_per_second=1.31773k/s
BM_main_graph$async_dispatch_67_embedded_elf_riscv_64_main_graph$async_dispatch_67_mmt4d_10x25x64x7x32x1_f32/process_time/real_time             0.764 ms         1.99 ms          916 items_per_second=1.30864k/s
BM_main_graph$async_dispatch_67_embedded_elf_riscv_64_main_graph$async_dispatch_67_mmt4d_10x25x64x7x32x1_f32/process_time/real_time             0.765 ms         1.99 ms          916 items_per_second=1.30757k/s
BM_main_graph$async_dispatch_67_embedded_elf_riscv_64_main_graph$async_dispatch_67_mmt4d_10x25x64x7x32x1_f32/process_time/real_time             0.760 ms         1.99 ms          916 items_per_second=1.31659k/s
BM_main_graph$async_dispatch_67_embedded_elf_riscv_64_main_graph$async_dispatch_67_mmt4d_10x25x64x7x32x1_f32/process_time/real_time             0.759 ms         1.99 ms          916 items_per_second=1.31711k/s
BM_main_graph$async_dispatch_67_embedded_elf_riscv_64_main_graph$async_dispatch_67_mmt4d_10x25x64x7x32x1_f32/process_time/real_time             0.775 ms         2.01 ms          916 items_per_second=1.28952k/s
BM_main_graph$async_dispatch_67_embedded_elf_riscv_64_main_graph$async_dispatch_67_mmt4d_10x25x64x7x32x1_f32/process_time/real_time             0.773 ms         2.01 ms          916 items_per_second=1.29365k/s
BM_main_graph$async_dispatch_67_embedded_elf_riscv_64_main_graph$async_dispatch_67_mmt4d_10x25x64x7x32x1_f32/process_time/real_time_mean        0.764 ms         1.99 ms           10 items_per_second=1.30946k/s
BM_main_graph$async_dispatch_67_embedded_elf_riscv_64_main_graph$async_dispatch_67_mmt4d_10x25x64x7x32x1_f32/process_time/real_time_median      0.761 ms         1.99 ms           10 items_per_second=1.31427k/s
BM_main_graph$async_dispatch_67_embedded_elf_riscv_64_main_graph$async_dispatch_67_mmt4d_10x25x64x7x32x1_f32/process_time/real_time_stddev      0.006 ms        0.008 ms           10 items_per_second=10.0551/s
BM_main_graph$async_dispatch_67_embedded_elf_riscv_64_main_graph$async_dispatch_67_mmt4d_10x25x64x7x32x1_f32/process_time/real_time_cv           0.77 %          0.38 %            10 items_per_second=0.77%
