2026-01-08T12:39:53.290025
Running tools/iree-benchmark-module --module=/home/dima/sched_vmfb/glpdepth/module_main_graph$async_dispatch_144_embedded_elf_riscv_64_benchmark.vmfb --device=local-task --function=main_graph$async_dispatch_144_embedded_elf_riscv_64_main_graph$async_dispatch_144_reduction_196x160_f32 --input=1xi32=1 --task_topology_cpu_ids=0,1,2 --benchmark_repetitions=10
2026-01-08T12:39:53+08:00
Running tools/iree-benchmark-module
Run on (8 X 1600 MHz CPU s)
CPU Caches:
  L1 Instruction 32 KiB (x8)
  L1 Data 32 KiB (x8)
  L2 Unified 512 KiB (x2)
Load Average: 4.68, 4.20, 3.67
---------------------------------------------------------------------------------------------------------------------------------------------------------------------------------------------------
Benchmark                                                                                                                                         Time             CPU   Iterations UserCounters...
---------------------------------------------------------------------------------------------------------------------------------------------------------------------------------------------------
BM_main_graph$async_dispatch_144_embedded_elf_riscv_64_main_graph$async_dispatch_144_reduction_196x160_f32/process_time/real_time             0.534 ms         1.35 ms         1285 items_per_second=1.87206k/s
BM_main_graph$async_dispatch_144_embedded_elf_riscv_64_main_graph$async_dispatch_144_reduction_196x160_f32/process_time/real_time             0.544 ms         1.35 ms         1285 items_per_second=1.83955k/s
BM_main_graph$async_dispatch_144_embedded_elf_riscv_64_main_graph$async_dispatch_144_reduction_196x160_f32/process_time/real_time             0.536 ms         1.35 ms         1285 items_per_second=1.86511k/s
BM_main_graph$async_dispatch_144_embedded_elf_riscv_64_main_graph$async_dispatch_144_reduction_196x160_f32/process_time/real_time             0.536 ms         1.35 ms         1285 items_per_second=1.86713k/s
BM_main_graph$async_dispatch_144_embedded_elf_riscv_64_main_graph$async_dispatch_144_reduction_196x160_f32/process_time/real_time             0.536 ms         1.36 ms         1285 items_per_second=1.86404k/s
BM_main_graph$async_dispatch_144_embedded_elf_riscv_64_main_graph$async_dispatch_144_reduction_196x160_f32/process_time/real_time             0.531 ms         1.35 ms         1285 items_per_second=1.88423k/s
BM_main_graph$async_dispatch_144_embedded_elf_riscv_64_main_graph$async_dispatch_144_reduction_196x160_f32/process_time/real_time             0.531 ms         1.35 ms         1285 items_per_second=1.88285k/s
BM_main_graph$async_dispatch_144_embedded_elf_riscv_64_main_graph$async_dispatch_144_reduction_196x160_f32/process_time/real_time             0.533 ms         1.35 ms         1285 items_per_second=1.87559k/s
BM_main_graph$async_dispatch_144_embedded_elf_riscv_64_main_graph$async_dispatch_144_reduction_196x160_f32/process_time/real_time             0.530 ms         1.35 ms         1285 items_per_second=1.88712k/s
BM_main_graph$async_dispatch_144_embedded_elf_riscv_64_main_graph$async_dispatch_144_reduction_196x160_f32/process_time/real_time             0.532 ms         1.35 ms         1285 items_per_second=1.88069k/s
BM_main_graph$async_dispatch_144_embedded_elf_riscv_64_main_graph$async_dispatch_144_reduction_196x160_f32/process_time/real_time_mean        0.534 ms         1.35 ms           10 items_per_second=1.87184k/s
BM_main_graph$async_dispatch_144_embedded_elf_riscv_64_main_graph$async_dispatch_144_reduction_196x160_f32/process_time/real_time_median      0.534 ms         1.35 ms           10 items_per_second=1.87382k/s
BM_main_graph$async_dispatch_144_embedded_elf_riscv_64_main_graph$async_dispatch_144_reduction_196x160_f32/process_time/real_time_stddev      0.004 ms        0.003 ms           10 items_per_second=14.0307/s
BM_main_graph$async_dispatch_144_embedded_elf_riscv_64_main_graph$async_dispatch_144_reduction_196x160_f32/process_time/real_time_cv           0.76 %          0.20 %            10 items_per_second=0.75%
