2026-01-08T12:37:33.182324
Running tools/iree-benchmark-module --module=/home/dima/sched_vmfb/glpdepth/module_main_graph$async_dispatch_106_embedded_elf_riscv_64_benchmark.vmfb --device=local-task --function=main_graph$async_dispatch_106_embedded_elf_riscv_64_main_graph$async_dispatch_106_batch_mmt4d_5x7x7x32x7x32x1_f32 --input=1xi32=1 --task_topology_cpu_ids=0,1,2 --benchmark_repetitions=10
2026-01-08T12:37:33+08:00
Running tools/iree-benchmark-module
Run on (8 X 1600 MHz CPU s)
CPU Caches:
  L1 Instruction 32 KiB (x8)
  L1 Data 32 KiB (x8)
  L2 Unified 512 KiB (x2)
Load Average: 4.10, 3.95, 3.52
-------------------------------------------------------------------------------------------------------------------------------------------------------------------------------------------------------------
Benchmark                                                                                                                                                   Time             CPU   Iterations UserCounters...
-------------------------------------------------------------------------------------------------------------------------------------------------------------------------------------------------------------
BM_main_graph$async_dispatch_106_embedded_elf_riscv_64_main_graph$async_dispatch_106_batch_mmt4d_5x7x7x32x7x32x1_f32/process_time/real_time             0.475 ms        0.980 ms         1473 items_per_second=2.10442k/s
BM_main_graph$async_dispatch_106_embedded_elf_riscv_64_main_graph$async_dispatch_106_batch_mmt4d_5x7x7x32x7x32x1_f32/process_time/real_time             0.477 ms        0.982 ms         1473 items_per_second=2.0944k/s
BM_main_graph$async_dispatch_106_embedded_elf_riscv_64_main_graph$async_dispatch_106_batch_mmt4d_5x7x7x32x7x32x1_f32/process_time/real_time             0.464 ms        0.968 ms         1473 items_per_second=2.15541k/s
BM_main_graph$async_dispatch_106_embedded_elf_riscv_64_main_graph$async_dispatch_106_batch_mmt4d_5x7x7x32x7x32x1_f32/process_time/real_time             0.461 ms        0.965 ms         1473 items_per_second=2.16753k/s
BM_main_graph$async_dispatch_106_embedded_elf_riscv_64_main_graph$async_dispatch_106_batch_mmt4d_5x7x7x32x7x32x1_f32/process_time/real_time             0.457 ms        0.964 ms         1473 items_per_second=2.19023k/s
BM_main_graph$async_dispatch_106_embedded_elf_riscv_64_main_graph$async_dispatch_106_batch_mmt4d_5x7x7x32x7x32x1_f32/process_time/real_time             0.460 ms        0.964 ms         1473 items_per_second=2.17201k/s
BM_main_graph$async_dispatch_106_embedded_elf_riscv_64_main_graph$async_dispatch_106_batch_mmt4d_5x7x7x32x7x32x1_f32/process_time/real_time             0.458 ms        0.965 ms         1473 items_per_second=2.18552k/s
BM_main_graph$async_dispatch_106_embedded_elf_riscv_64_main_graph$async_dispatch_106_batch_mmt4d_5x7x7x32x7x32x1_f32/process_time/real_time             0.466 ms        0.972 ms         1473 items_per_second=2.14553k/s
BM_main_graph$async_dispatch_106_embedded_elf_riscv_64_main_graph$async_dispatch_106_batch_mmt4d_5x7x7x32x7x32x1_f32/process_time/real_time             0.468 ms        0.971 ms         1473 items_per_second=2.13477k/s
BM_main_graph$async_dispatch_106_embedded_elf_riscv_64_main_graph$async_dispatch_106_batch_mmt4d_5x7x7x32x7x32x1_f32/process_time/real_time             0.464 ms        0.969 ms         1473 items_per_second=2.15327k/s
BM_main_graph$async_dispatch_106_embedded_elf_riscv_64_main_graph$async_dispatch_106_batch_mmt4d_5x7x7x32x7x32x1_f32/process_time/real_time_mean        0.465 ms        0.970 ms           10 items_per_second=2.15031k/s
BM_main_graph$async_dispatch_106_embedded_elf_riscv_64_main_graph$async_dispatch_106_batch_mmt4d_5x7x7x32x7x32x1_f32/process_time/real_time_median      0.464 ms        0.969 ms           10 items_per_second=2.15434k/s
BM_main_graph$async_dispatch_106_embedded_elf_riscv_64_main_graph$async_dispatch_106_batch_mmt4d_5x7x7x32x7x32x1_f32/process_time/real_time_stddev      0.007 ms        0.006 ms           10 items_per_second=31.8519/s
BM_main_graph$async_dispatch_106_embedded_elf_riscv_64_main_graph$async_dispatch_106_batch_mmt4d_5x7x7x32x7x32x1_f32/process_time/real_time_cv           1.49 %          0.66 %            10 items_per_second=1.48%
