2026-01-08T12:47:16.999123
Running tools/iree-benchmark-module --module=/home/dima/sched_vmfb/glpdepth/module_main_graph$async_dispatch_23_embedded_elf_riscv_64_benchmark.vmfb --device=local-task --function=main_graph$async_dispatch_23_embedded_elf_riscv_64_main_graph$async_dispatch_23_pack_f32 --input=1xi32=1 --task_topology_cpu_ids=0,1,2 --benchmark_repetitions=10
2026-01-08T12:47:17+08:00
Running tools/iree-benchmark-module
Run on (8 X 1600 MHz CPU s)
CPU Caches:
  L1 Instruction 32 KiB (x8)
  L1 Data 32 KiB (x8)
  L2 Unified 512 KiB (x2)
Load Average: 4.98, 4.59, 4.03
------------------------------------------------------------------------------------------------------------------------------------------------------------------------------------
Benchmark                                                                                                                          Time             CPU   Iterations UserCounters...
------------------------------------------------------------------------------------------------------------------------------------------------------------------------------------
BM_main_graph$async_dispatch_23_embedded_elf_riscv_64_main_graph$async_dispatch_23_pack_f32/process_time/real_time              5.52 ms         15.9 ms          124 items_per_second=181.11/s
BM_main_graph$async_dispatch_23_embedded_elf_riscv_64_main_graph$async_dispatch_23_pack_f32/process_time/real_time              5.52 ms         15.9 ms          124 items_per_second=181.148/s
BM_main_graph$async_dispatch_23_embedded_elf_riscv_64_main_graph$async_dispatch_23_pack_f32/process_time/real_time              5.53 ms         15.9 ms          124 items_per_second=180.722/s
BM_main_graph$async_dispatch_23_embedded_elf_riscv_64_main_graph$async_dispatch_23_pack_f32/process_time/real_time              5.52 ms         15.9 ms          124 items_per_second=181.219/s
BM_main_graph$async_dispatch_23_embedded_elf_riscv_64_main_graph$async_dispatch_23_pack_f32/process_time/real_time              5.52 ms         15.9 ms          124 items_per_second=181.114/s
BM_main_graph$async_dispatch_23_embedded_elf_riscv_64_main_graph$async_dispatch_23_pack_f32/process_time/real_time              5.54 ms         15.9 ms          124 items_per_second=180.638/s
BM_main_graph$async_dispatch_23_embedded_elf_riscv_64_main_graph$async_dispatch_23_pack_f32/process_time/real_time              5.53 ms         15.9 ms          124 items_per_second=180.783/s
BM_main_graph$async_dispatch_23_embedded_elf_riscv_64_main_graph$async_dispatch_23_pack_f32/process_time/real_time              5.52 ms         15.9 ms          124 items_per_second=181.131/s
BM_main_graph$async_dispatch_23_embedded_elf_riscv_64_main_graph$async_dispatch_23_pack_f32/process_time/real_time              5.54 ms         15.9 ms          124 items_per_second=180.474/s
BM_main_graph$async_dispatch_23_embedded_elf_riscv_64_main_graph$async_dispatch_23_pack_f32/process_time/real_time              5.52 ms         15.9 ms          124 items_per_second=181.135/s
BM_main_graph$async_dispatch_23_embedded_elf_riscv_64_main_graph$async_dispatch_23_pack_f32/process_time/real_time_mean         5.53 ms         15.9 ms           10 items_per_second=180.947/s
BM_main_graph$async_dispatch_23_embedded_elf_riscv_64_main_graph$async_dispatch_23_pack_f32/process_time/real_time_median       5.52 ms         15.9 ms           10 items_per_second=181.112/s
BM_main_graph$async_dispatch_23_embedded_elf_riscv_64_main_graph$async_dispatch_23_pack_f32/process_time/real_time_stddev      0.008 ms        0.014 ms           10 items_per_second=0.265604/s
BM_main_graph$async_dispatch_23_embedded_elf_riscv_64_main_graph$async_dispatch_23_pack_f32/process_time/real_time_cv           0.15 %          0.09 %            10 items_per_second=0.15%
