2026-01-08T12:51:03.139688
Running tools/iree-benchmark-module --module=/home/dima/sched_vmfb/glpdepth/module_main_graph$async_dispatch_8_embedded_elf_riscv_64_benchmark.vmfb --device=local-task --function=main_graph$async_dispatch_8_embedded_elf_riscv_64_main_graph$async_dispatch_8_matmul_like_2x49x32x32_f32 --input=1xi32=1 --task_topology_cpu_ids=0,1,2 --benchmark_repetitions=10
2026-01-08T12:51:03+08:00
Running tools/iree-benchmark-module
Run on (8 X 1600 MHz CPU s)
CPU Caches:
  L1 Instruction 32 KiB (x8)
  L1 Data 32 KiB (x8)
  L2 Unified 512 KiB (x2)
Load Average: 4.67, 4.63, 4.17
----------------------------------------------------------------------------------------------------------------------------------------------------------------------------------------------------
Benchmark                                                                                                                                          Time             CPU   Iterations UserCounters...
----------------------------------------------------------------------------------------------------------------------------------------------------------------------------------------------------
BM_main_graph$async_dispatch_8_embedded_elf_riscv_64_main_graph$async_dispatch_8_matmul_like_2x49x32x32_f32/process_time/real_time             0.102 ms        0.164 ms         6819 items_per_second=9.75914k/s
BM_main_graph$async_dispatch_8_embedded_elf_riscv_64_main_graph$async_dispatch_8_matmul_like_2x49x32x32_f32/process_time/real_time             0.102 ms        0.164 ms         6819 items_per_second=9.78593k/s
BM_main_graph$async_dispatch_8_embedded_elf_riscv_64_main_graph$async_dispatch_8_matmul_like_2x49x32x32_f32/process_time/real_time             0.103 ms        0.166 ms         6819 items_per_second=9.70078k/s
BM_main_graph$async_dispatch_8_embedded_elf_riscv_64_main_graph$async_dispatch_8_matmul_like_2x49x32x32_f32/process_time/real_time             0.102 ms        0.165 ms         6819 items_per_second=9.76637k/s
BM_main_graph$async_dispatch_8_embedded_elf_riscv_64_main_graph$async_dispatch_8_matmul_like_2x49x32x32_f32/process_time/real_time             0.103 ms        0.165 ms         6819 items_per_second=9.71536k/s
BM_main_graph$async_dispatch_8_embedded_elf_riscv_64_main_graph$async_dispatch_8_matmul_like_2x49x32x32_f32/process_time/real_time             0.103 ms        0.166 ms         6819 items_per_second=9.66699k/s
BM_main_graph$async_dispatch_8_embedded_elf_riscv_64_main_graph$async_dispatch_8_matmul_like_2x49x32x32_f32/process_time/real_time             0.103 ms        0.165 ms         6819 items_per_second=9.68456k/s
BM_main_graph$async_dispatch_8_embedded_elf_riscv_64_main_graph$async_dispatch_8_matmul_like_2x49x32x32_f32/process_time/real_time             0.103 ms        0.165 ms         6819 items_per_second=9.72597k/s
BM_main_graph$async_dispatch_8_embedded_elf_riscv_64_main_graph$async_dispatch_8_matmul_like_2x49x32x32_f32/process_time/real_time             0.103 ms        0.165 ms         6819 items_per_second=9.74k/s
BM_main_graph$async_dispatch_8_embedded_elf_riscv_64_main_graph$async_dispatch_8_matmul_like_2x49x32x32_f32/process_time/real_time             0.103 ms        0.166 ms         6819 items_per_second=9.70223k/s
BM_main_graph$async_dispatch_8_embedded_elf_riscv_64_main_graph$async_dispatch_8_matmul_like_2x49x32x32_f32/process_time/real_time_mean        0.103 ms        0.165 ms           10 items_per_second=9.72473k/s
BM_main_graph$async_dispatch_8_embedded_elf_riscv_64_main_graph$async_dispatch_8_matmul_like_2x49x32x32_f32/process_time/real_time_median      0.103 ms        0.165 ms           10 items_per_second=9.72066k/s
BM_main_graph$async_dispatch_8_embedded_elf_riscv_64_main_graph$async_dispatch_8_matmul_like_2x49x32x32_f32/process_time/real_time_stddev      0.000 ms        0.001 ms           10 items_per_second=38.0249/s
BM_main_graph$async_dispatch_8_embedded_elf_riscv_64_main_graph$async_dispatch_8_matmul_like_2x49x32x32_f32/process_time/real_time_cv           0.39 %          0.45 %            10 items_per_second=0.39%
