2026-01-08T12:38:32.053434
Running tools/iree-benchmark-module --module=/home/dima/sched_vmfb/glpdepth/module_main_graph$async_dispatch_113_embedded_elf_riscv_64_benchmark.vmfb --device=local-task --function=main_graph$async_dispatch_113_embedded_elf_riscv_64_main_graph$async_dispatch_113_pack_f32 --input=1xi32=1 --task_topology_cpu_ids=0,1,2 --benchmark_repetitions=10
2026-01-08T12:38:32+08:00
Running tools/iree-benchmark-module
Run on (8 X 1600 MHz CPU s)
CPU Caches:
  L1 Instruction 32 KiB (x8)
  L1 Data 32 KiB (x8)
  L2 Unified 512 KiB (x2)
Load Average: 4.07, 4.00, 3.57
--------------------------------------------------------------------------------------------------------------------------------------------------------------------------------------
Benchmark                                                                                                                            Time             CPU   Iterations UserCounters...
--------------------------------------------------------------------------------------------------------------------------------------------------------------------------------------
BM_main_graph$async_dispatch_113_embedded_elf_riscv_64_main_graph$async_dispatch_113_pack_f32/process_time/real_time             0.203 ms        0.388 ms         3423 items_per_second=4.91776k/s
BM_main_graph$async_dispatch_113_embedded_elf_riscv_64_main_graph$async_dispatch_113_pack_f32/process_time/real_time             0.203 ms        0.388 ms         3423 items_per_second=4.92943k/s
BM_main_graph$async_dispatch_113_embedded_elf_riscv_64_main_graph$async_dispatch_113_pack_f32/process_time/real_time             0.202 ms        0.387 ms         3423 items_per_second=4.96024k/s
BM_main_graph$async_dispatch_113_embedded_elf_riscv_64_main_graph$async_dispatch_113_pack_f32/process_time/real_time             0.202 ms        0.386 ms         3423 items_per_second=4.93896k/s
BM_main_graph$async_dispatch_113_embedded_elf_riscv_64_main_graph$async_dispatch_113_pack_f32/process_time/real_time             0.202 ms        0.386 ms         3423 items_per_second=4.95185k/s
BM_main_graph$async_dispatch_113_embedded_elf_riscv_64_main_graph$async_dispatch_113_pack_f32/process_time/real_time             0.204 ms        0.387 ms         3423 items_per_second=4.90361k/s
BM_main_graph$async_dispatch_113_embedded_elf_riscv_64_main_graph$async_dispatch_113_pack_f32/process_time/real_time             0.202 ms        0.387 ms         3423 items_per_second=4.93863k/s
BM_main_graph$async_dispatch_113_embedded_elf_riscv_64_main_graph$async_dispatch_113_pack_f32/process_time/real_time             0.203 ms        0.388 ms         3423 items_per_second=4.93233k/s
BM_main_graph$async_dispatch_113_embedded_elf_riscv_64_main_graph$async_dispatch_113_pack_f32/process_time/real_time             0.203 ms        0.386 ms         3423 items_per_second=4.91445k/s
BM_main_graph$async_dispatch_113_embedded_elf_riscv_64_main_graph$async_dispatch_113_pack_f32/process_time/real_time             0.204 ms        0.387 ms         3423 items_per_second=4.89721k/s
BM_main_graph$async_dispatch_113_embedded_elf_riscv_64_main_graph$async_dispatch_113_pack_f32/process_time/real_time_mean        0.203 ms        0.387 ms           10 items_per_second=4.92844k/s
BM_main_graph$async_dispatch_113_embedded_elf_riscv_64_main_graph$async_dispatch_113_pack_f32/process_time/real_time_median      0.203 ms        0.387 ms           10 items_per_second=4.93088k/s
BM_main_graph$async_dispatch_113_embedded_elf_riscv_64_main_graph$async_dispatch_113_pack_f32/process_time/real_time_stddev      0.001 ms        0.001 ms           10 items_per_second=20.2531/s
BM_main_graph$async_dispatch_113_embedded_elf_riscv_64_main_graph$async_dispatch_113_pack_f32/process_time/real_time_cv           0.41 %          0.18 %            10 items_per_second=0.41%
