2026-01-08T12:45:58.895076
Running tools/iree-benchmark-module --module=/home/dima/sched_vmfb/glpdepth/module_main_graph$async_dispatch_210_embedded_elf_riscv_64_benchmark.vmfb --device=local-task --function=main_graph$async_dispatch_210_embedded_elf_riscv_64_main_graph$async_dispatch_210_elementwise_broadcast_802816_f32 --input=1xi32=1 --task_topology_cpu_ids=0,1,2 --benchmark_repetitions=10
2026-01-08T12:45:58+08:00
Running tools/iree-benchmark-module
Run on (8 X 1600 MHz CPU s)
CPU Caches:
  L1 Instruction 32 KiB (x8)
  L1 Data 32 KiB (x8)
  L2 Unified 512 KiB (x2)
Load Average: 4.85, 4.45, 3.94
--------------------------------------------------------------------------------------------------------------------------------------------------------------------------------------------------------------
Benchmark                                                                                                                                                    Time             CPU   Iterations UserCounters...
--------------------------------------------------------------------------------------------------------------------------------------------------------------------------------------------------------------
BM_main_graph$async_dispatch_210_embedded_elf_riscv_64_main_graph$async_dispatch_210_elementwise_broadcast_802816_f32/process_time/real_time              12.6 ms         36.1 ms           55 items_per_second=79.4237/s
BM_main_graph$async_dispatch_210_embedded_elf_riscv_64_main_graph$async_dispatch_210_elementwise_broadcast_802816_f32/process_time/real_time              12.6 ms         36.2 ms           55 items_per_second=79.2952/s
BM_main_graph$async_dispatch_210_embedded_elf_riscv_64_main_graph$async_dispatch_210_elementwise_broadcast_802816_f32/process_time/real_time              12.6 ms         36.1 ms           55 items_per_second=79.4224/s
BM_main_graph$async_dispatch_210_embedded_elf_riscv_64_main_graph$async_dispatch_210_elementwise_broadcast_802816_f32/process_time/real_time              12.6 ms         36.1 ms           55 items_per_second=79.406/s
BM_main_graph$async_dispatch_210_embedded_elf_riscv_64_main_graph$async_dispatch_210_elementwise_broadcast_802816_f32/process_time/real_time              12.6 ms         36.2 ms           55 items_per_second=79.3266/s
BM_main_graph$async_dispatch_210_embedded_elf_riscv_64_main_graph$async_dispatch_210_elementwise_broadcast_802816_f32/process_time/real_time              12.6 ms         36.1 ms           55 items_per_second=79.4249/s
BM_main_graph$async_dispatch_210_embedded_elf_riscv_64_main_graph$async_dispatch_210_elementwise_broadcast_802816_f32/process_time/real_time              12.6 ms         36.1 ms           55 items_per_second=79.4066/s
BM_main_graph$async_dispatch_210_embedded_elf_riscv_64_main_graph$async_dispatch_210_elementwise_broadcast_802816_f32/process_time/real_time              12.6 ms         36.2 ms           55 items_per_second=79.3532/s
BM_main_graph$async_dispatch_210_embedded_elf_riscv_64_main_graph$async_dispatch_210_elementwise_broadcast_802816_f32/process_time/real_time              12.6 ms         36.1 ms           55 items_per_second=79.4068/s
BM_main_graph$async_dispatch_210_embedded_elf_riscv_64_main_graph$async_dispatch_210_elementwise_broadcast_802816_f32/process_time/real_time              12.6 ms         36.1 ms           55 items_per_second=79.3955/s
BM_main_graph$async_dispatch_210_embedded_elf_riscv_64_main_graph$async_dispatch_210_elementwise_broadcast_802816_f32/process_time/real_time_mean         12.6 ms         36.1 ms           10 items_per_second=79.3861/s
BM_main_graph$async_dispatch_210_embedded_elf_riscv_64_main_graph$async_dispatch_210_elementwise_broadcast_802816_f32/process_time/real_time_median       12.6 ms         36.1 ms           10 items_per_second=79.4063/s
BM_main_graph$async_dispatch_210_embedded_elf_riscv_64_main_graph$async_dispatch_210_elementwise_broadcast_802816_f32/process_time/real_time_stddev      0.007 ms        0.026 ms           10 items_per_second=0.0452801/s
BM_main_graph$async_dispatch_210_embedded_elf_riscv_64_main_graph$async_dispatch_210_elementwise_broadcast_802816_f32/process_time/real_time_cv           0.06 %          0.07 %            10 items_per_second=0.06%
