2026-01-08T12:44:31.283207
Running tools/iree-benchmark-module --module=/home/dima/sched_vmfb/glpdepth/module_main_graph$async_dispatch_1_embedded_elf_riscv_64_benchmark.vmfb --device=local-task --function=main_graph$async_dispatch_1_embedded_elf_riscv_64_main_graph$async_dispatch_1_conv_32x56x56x3x7x7_f32 --input=1xi32=1 --task_topology_cpu_ids=0,1,2 --benchmark_repetitions=10
2026-01-08T12:44:31+08:00
Running tools/iree-benchmark-module
Run on (8 X 1600 MHz CPU s)
CPU Caches:
  L1 Instruction 32 KiB (x8)
  L1 Data 32 KiB (x8)
  L2 Unified 512 KiB (x2)
Load Average: 4.51, 4.27, 3.83
-------------------------------------------------------------------------------------------------------------------------------------------------------------------------------------------------
Benchmark                                                                                                                                       Time             CPU   Iterations UserCounters...
-------------------------------------------------------------------------------------------------------------------------------------------------------------------------------------------------
BM_main_graph$async_dispatch_1_embedded_elf_riscv_64_main_graph$async_dispatch_1_conv_32x56x56x3x7x7_f32/process_time/real_time              32.2 ms         91.0 ms           22 items_per_second=31.0531/s
BM_main_graph$async_dispatch_1_embedded_elf_riscv_64_main_graph$async_dispatch_1_conv_32x56x56x3x7x7_f32/process_time/real_time              32.2 ms         90.9 ms           22 items_per_second=31.0736/s
BM_main_graph$async_dispatch_1_embedded_elf_riscv_64_main_graph$async_dispatch_1_conv_32x56x56x3x7x7_f32/process_time/real_time              32.2 ms         91.0 ms           22 items_per_second=31.0219/s
BM_main_graph$async_dispatch_1_embedded_elf_riscv_64_main_graph$async_dispatch_1_conv_32x56x56x3x7x7_f32/process_time/real_time              32.2 ms         91.1 ms           22 items_per_second=31.0677/s
BM_main_graph$async_dispatch_1_embedded_elf_riscv_64_main_graph$async_dispatch_1_conv_32x56x56x3x7x7_f32/process_time/real_time              32.2 ms         91.4 ms           22 items_per_second=31.0454/s
BM_main_graph$async_dispatch_1_embedded_elf_riscv_64_main_graph$async_dispatch_1_conv_32x56x56x3x7x7_f32/process_time/real_time              32.3 ms         91.3 ms           22 items_per_second=30.9331/s
BM_main_graph$async_dispatch_1_embedded_elf_riscv_64_main_graph$async_dispatch_1_conv_32x56x56x3x7x7_f32/process_time/real_time              32.2 ms         91.0 ms           22 items_per_second=31.0472/s
BM_main_graph$async_dispatch_1_embedded_elf_riscv_64_main_graph$async_dispatch_1_conv_32x56x56x3x7x7_f32/process_time/real_time              32.2 ms         91.2 ms           22 items_per_second=31.0768/s
BM_main_graph$async_dispatch_1_embedded_elf_riscv_64_main_graph$async_dispatch_1_conv_32x56x56x3x7x7_f32/process_time/real_time              32.2 ms         91.3 ms           22 items_per_second=31.0294/s
BM_main_graph$async_dispatch_1_embedded_elf_riscv_64_main_graph$async_dispatch_1_conv_32x56x56x3x7x7_f32/process_time/real_time              32.2 ms         90.6 ms           22 items_per_second=31.045/s
BM_main_graph$async_dispatch_1_embedded_elf_riscv_64_main_graph$async_dispatch_1_conv_32x56x56x3x7x7_f32/process_time/real_time_mean         32.2 ms         91.1 ms           10 items_per_second=31.0393/s
BM_main_graph$async_dispatch_1_embedded_elf_riscv_64_main_graph$async_dispatch_1_conv_32x56x56x3x7x7_f32/process_time/real_time_median       32.2 ms         91.1 ms           10 items_per_second=31.0463/s
BM_main_graph$async_dispatch_1_embedded_elf_riscv_64_main_graph$async_dispatch_1_conv_32x56x56x3x7x7_f32/process_time/real_time_stddev      0.043 ms        0.245 ms           10 items_per_second=0.0413557/s
BM_main_graph$async_dispatch_1_embedded_elf_riscv_64_main_graph$async_dispatch_1_conv_32x56x56x3x7x7_f32/process_time/real_time_cv           0.13 %          0.27 %            10 items_per_second=0.13%
