[main] lane 2 (dsp|dronet_b) shares core 6 with lane 0 (dsp|dronet_a): dropping its SCHED_FIFO 0 and 200 us spin to avoid two real-time spinners on one core
[bringup] DSP  /root/qnn_runtime_ctx/ctx_dronet_full_hta__Dsp.bin → 1 graph(s): dronet_full_hta
[bringup] CPU  /root/qnn_runtime_ctx/ctx_mlp_control_fp32__Cpu.bin → 1 graph(s): mlp_control_fp32
[main] 2 context(s), 12 entries, 3 lane(s):
  lane 0  dsp|dronet_a   core 6  spin 200 us  fifo 0
  lane 1  cpu|mlp_control core 5  spin 1000 us  fifo 40
  lane 2  dsp|dronet_b   core 6  spin 0 us  fifo 0
[main] iteration 1/2 wall=20.040 ms
[main] iteration 2/2 wall=20.039 ms
/prj/qct/webtech_scratch20/mlg_user_admin/qaisw_source_repo/rel/qairt-2.45.0/release/SNPE_SRC/avante-tools/prebuilt/dsp/hexagon-sdk-4.1.0/ipc/fastrpc/rpcmem/src/rpcmem_android.c:38:dummy call to rpcmem_init, rpcmem APIs will be used from libxdsprpc
[run] e=1   mlp_control   #0  mlp_control_full       lane=cpu|mlp_control CPU predicted=  0.107 actual=  0.039 ms (start=   0.085, late=+0.085)
[run] e=0   dronet_a      #0  dronet_full            lane=dsp|dronet_a DSP predicted=  0.645 actual=  0.693 ms (start=   0.308, late=+0.308)
[run] e=2   dronet_b      #0  dronet_full            lane=dsp|dronet_b DSP predicted=  0.645 actual=  0.901 ms (start=   2.060, late=+0.060)
[run] e=3   mlp_control   #1  mlp_control_full       lane=cpu|mlp_control CPU predicted=  0.107 actual=  0.035 ms (start=   4.007, late=+0.007)
[run] e=5   mlp_control   #2  mlp_control_full       lane=cpu|mlp_control CPU predicted=  0.107 actual=  0.034 ms (start=   8.006, late=+0.006)
[run] e=4   dronet_a      #1  dronet_full            lane=dsp|dronet_a DSP predicted=  0.645 actual=  0.803 ms (start=   8.068, late=+0.068)
[run] e=6   mlp_control   #3  mlp_control_full       lane=cpu|mlp_control CPU predicted=  0.107 actual=  0.033 ms (start=  12.005, late=+0.005)
[run] e=7   dronet_b      #1  dronet_full            lane=dsp|dronet_b DSP predicted=  0.645 actual=  0.789 ms (start=  12.418, late=+0.063)
[run] e=9   mlp_control   #4  mlp_control_full       lane=cpu|mlp_control CPU predicted=  0.107 actual=  0.033 ms (start=  16.005, late=+0.005)
[run] e=8   dronet_a      #2  dronet_full            lane=dsp|dronet_a DSP predicted=  0.645 actual=  0.795 ms (start=  16.003, late=+0.003)
[run] e=10  dronet_b      #2  dronet_full            lane=dsp|dronet_b DSP predicted=  0.645 actual=  0.772 ms (start=  18.062, late=+0.062)
[run] e=11  mlp_control   #5  mlp_control_full       lane=cpu|mlp_control CPU predicted=  0.107 actual=  0.034 ms (start=  20.005, late=+0.005)

[summary] 12/12 entries executed, wall=20.039 ms (predicted makespan 20.107 ms, ratio 1.00x), tensor handoffs=0

=== MODELBLASTER_XPURT_TRACE_BEGIN ===
entry_id,network,instance,dispatch_id,op,name,core_kind,hart,predicted_start_ms,predicted_duration_ms,worker_kind_idx,actual_start_cycles,actual_end_cycles,time_unit,backend,ctx,graph,dep_wait_ms,gate_ms,n_ir_ops
0,dronet_a,0,0,qnn_graph,dronet_full,dsp,6,0.000000,0.645000,0,308,1001,us,DSP,ctx_dronet_full_hta__Dsp.bin,dronet_full_hta,0.002292,0.303531,24
1,mlp_control,0,0,qnn_graph,mlp_control_full,cpu,5,0.000000,0.107000,1,85,123,us,CPU,ctx_mlp_control_fp32__Cpu.bin,mlp_control_fp32,0.003334,0.079177,7
2,dronet_b,0,0,qnn_graph,dronet_full,dsp,6,2.000000,0.645000,2,2060,2961,us,DSP,ctx_dronet_full_hta__Dsp.bin,dronet_full_hta,1.023525,2.056842,24
3,mlp_control,1,0,qnn_graph,mlp_control_full,cpu,5,4.000000,0.107000,1,4007,4042,us,CPU,ctx_mlp_control_fp32__Cpu.bin,mlp_control_fp32,0.135956,4.000544,7
4,dronet_a,1,0,qnn_graph,dronet_full,dsp,6,8.000000,0.645000,0,8067,8870,us,DSP,ctx_dronet_full_hta__Dsp.bin,dronet_full_hta,2.976342,8.059586,24
5,mlp_control,2,0,qnn_graph,mlp_control_full,cpu,5,8.000000,0.107000,1,8006,8040,us,CPU,ctx_mlp_control_fp32__Cpu.bin,mlp_control_fp32,4.047113,8.000620,7
6,mlp_control,3,0,qnn_graph,mlp_control_full,cpu,5,12.000000,0.107000,1,12005,12038,us,CPU,ctx_mlp_control_fp32__Cpu.bin,mlp_control_fp32,8.043438,12.000592,7
7,dronet_b,1,0,qnn_graph,dronet_full,dsp,6,12.355000,0.645000,2,12417,13207,us,DSP,ctx_dronet_full_hta__Dsp.bin,dronet_full_hta,8.888918,12.414346,24
8,dronet_a,2,0,qnn_graph,dronet_full,dsp,6,16.000000,0.645000,0,16003,16798,us,DSP,ctx_dronet_full_hta__Dsp.bin,dronet_full_hta,13.222841,16.000303,24
9,mlp_control,4,0,qnn_graph,mlp_control_full,cpu,5,16.000000,0.107000,1,16005,16037,us,CPU,ctx_mlp_control_fp32__Cpu.bin,mlp_control_fp32,12.042368,16.000719,7
10,dronet_b,2,0,qnn_graph,dronet_full,dsp,6,18.000000,0.645000,2,18061,18833,us,DSP,ctx_dronet_full_hta__Dsp.bin,dronet_full_hta,16.830988,18.057926,24
11,mlp_control,5,0,qnn_graph,mlp_control_full,cpu,5,20.000000,0.107000,1,20005,20039,us,CPU,ctx_mlp_control_fp32__Cpu.bin,mlp_control_fp32,16.040673,20.000274,7
=== MODELBLASTER_XPURT_TRACE_END ===
