2026-01-09T09:37:03.909537
Running tools/iree-benchmark-module --module=/home/dima/sched_vmfb/dronet_ukernel/dispatch_3.vmfb --device=local-task --function=main_graph$async_dispatch_3_system_elf_riscv_64_main_graph$async_dispatch_3_conv_32x14x14x32x3x3_f32 --input=1xi32=1 --task_topology_cpu_ids=0,1,2 --benchmark_repetitions=10
2026-01-09T09:37:03+08:00
Running tools/iree-benchmark-module
Run on (8 X 1600 MHz CPU s)
CPU Caches:
  L1 Instruction 32 KiB (x8)
  L1 Data 32 KiB (x8)
  L2 Unified 512 KiB (x2)
Load Average: 3.68, 3.05, 2.69
------------------------------------------------------------------------------------------------------------------------------------------------------------------------------------------------
Benchmark                                                                                                                                      Time             CPU   Iterations UserCounters...
------------------------------------------------------------------------------------------------------------------------------------------------------------------------------------------------
BM_main_graph$async_dispatch_3_system_elf_riscv_64_main_graph$async_dispatch_3_conv_32x14x14x32x3x3_f32/process_time/real_time              4.94 ms         13.1 ms          142 items_per_second=202.387/s
BM_main_graph$async_dispatch_3_system_elf_riscv_64_main_graph$async_dispatch_3_conv_32x14x14x32x3x3_f32/process_time/real_time              4.94 ms         13.1 ms          142 items_per_second=202.446/s
BM_main_graph$async_dispatch_3_system_elf_riscv_64_main_graph$async_dispatch_3_conv_32x14x14x32x3x3_f32/process_time/real_time              4.93 ms         13.1 ms          142 items_per_second=202.82/s
BM_main_graph$async_dispatch_3_system_elf_riscv_64_main_graph$async_dispatch_3_conv_32x14x14x32x3x3_f32/process_time/real_time              4.93 ms         13.1 ms          142 items_per_second=202.82/s
BM_main_graph$async_dispatch_3_system_elf_riscv_64_main_graph$async_dispatch_3_conv_32x14x14x32x3x3_f32/process_time/real_time              4.94 ms         13.1 ms          142 items_per_second=202.525/s
BM_main_graph$async_dispatch_3_system_elf_riscv_64_main_graph$async_dispatch_3_conv_32x14x14x32x3x3_f32/process_time/real_time              4.93 ms         13.1 ms          142 items_per_second=202.829/s
BM_main_graph$async_dispatch_3_system_elf_riscv_64_main_graph$async_dispatch_3_conv_32x14x14x32x3x3_f32/process_time/real_time              4.93 ms         13.1 ms          142 items_per_second=202.785/s
BM_main_graph$async_dispatch_3_system_elf_riscv_64_main_graph$async_dispatch_3_conv_32x14x14x32x3x3_f32/process_time/real_time              4.93 ms         13.1 ms          142 items_per_second=202.69/s
BM_main_graph$async_dispatch_3_system_elf_riscv_64_main_graph$async_dispatch_3_conv_32x14x14x32x3x3_f32/process_time/real_time              4.93 ms         13.1 ms          142 items_per_second=202.836/s
BM_main_graph$async_dispatch_3_system_elf_riscv_64_main_graph$async_dispatch_3_conv_32x14x14x32x3x3_f32/process_time/real_time              4.93 ms         13.1 ms          142 items_per_second=202.852/s
BM_main_graph$async_dispatch_3_system_elf_riscv_64_main_graph$async_dispatch_3_conv_32x14x14x32x3x3_f32/process_time/real_time_mean         4.93 ms         13.1 ms           10 items_per_second=202.699/s
BM_main_graph$async_dispatch_3_system_elf_riscv_64_main_graph$async_dispatch_3_conv_32x14x14x32x3x3_f32/process_time/real_time_median       4.93 ms         13.1 ms           10 items_per_second=202.803/s
BM_main_graph$async_dispatch_3_system_elf_riscv_64_main_graph$async_dispatch_3_conv_32x14x14x32x3x3_f32/process_time/real_time_stddev      0.004 ms        0.012 ms           10 items_per_second=0.178668/s
BM_main_graph$async_dispatch_3_system_elf_riscv_64_main_graph$async_dispatch_3_conv_32x14x14x32x3x3_f32/process_time/real_time_cv           0.09 %          0.09 %            10 items_per_second=0.09%
