2026-01-09T10:27:38.324211
Running tools/iree-benchmark-module --module=/home/dima/sched_vmfb/fastdepth_scalar/module_main_graph$async_dispatch_42_embedded_elf_riscv_64_benchmark.vmfb --device=local-task --function=main_graph$async_dispatch_42_embedded_elf_riscv_64_main_graph$async_dispatch_42_elementwise_64x112x112_f32 --input=1xi32=1 --task_topology_cpu_ids=0 --benchmark_repetitions=10
2026-01-09T10:27:38+08:00
Running tools/iree-benchmark-module
Run on (8 X 1600 MHz CPU s)
CPU Caches:
  L1 Instruction 32 KiB (x8)
  L1 Data 32 KiB (x8)
  L2 Unified 512 KiB (x2)
Load Average: 3.02, 2.65, 2.55
------------------------------------------------------------------------------------------------------------------------------------------------------------------------------------------------------
Benchmark                                                                                                                                            Time             CPU   Iterations UserCounters...
------------------------------------------------------------------------------------------------------------------------------------------------------------------------------------------------------
BM_main_graph$async_dispatch_42_embedded_elf_riscv_64_main_graph$async_dispatch_42_elementwise_64x112x112_f32/process_time/real_time              10.3 ms         10.3 ms           68 items_per_second=97.1185/s
BM_main_graph$async_dispatch_42_embedded_elf_riscv_64_main_graph$async_dispatch_42_elementwise_64x112x112_f32/process_time/real_time              10.3 ms         10.3 ms           68 items_per_second=97.1093/s
BM_main_graph$async_dispatch_42_embedded_elf_riscv_64_main_graph$async_dispatch_42_elementwise_64x112x112_f32/process_time/real_time              10.4 ms         10.4 ms           68 items_per_second=96.6022/s
BM_main_graph$async_dispatch_42_embedded_elf_riscv_64_main_graph$async_dispatch_42_elementwise_64x112x112_f32/process_time/real_time              10.3 ms         10.3 ms           68 items_per_second=96.9914/s
BM_main_graph$async_dispatch_42_embedded_elf_riscv_64_main_graph$async_dispatch_42_elementwise_64x112x112_f32/process_time/real_time              10.3 ms         10.3 ms           68 items_per_second=97.0672/s
BM_main_graph$async_dispatch_42_embedded_elf_riscv_64_main_graph$async_dispatch_42_elementwise_64x112x112_f32/process_time/real_time              10.3 ms         10.4 ms           68 items_per_second=96.8066/s
BM_main_graph$async_dispatch_42_embedded_elf_riscv_64_main_graph$async_dispatch_42_elementwise_64x112x112_f32/process_time/real_time              10.3 ms         10.3 ms           68 items_per_second=97.15/s
BM_main_graph$async_dispatch_42_embedded_elf_riscv_64_main_graph$async_dispatch_42_elementwise_64x112x112_f32/process_time/real_time              10.3 ms         10.4 ms           68 items_per_second=96.8371/s
BM_main_graph$async_dispatch_42_embedded_elf_riscv_64_main_graph$async_dispatch_42_elementwise_64x112x112_f32/process_time/real_time              10.4 ms         10.4 ms           68 items_per_second=96.6048/s
BM_main_graph$async_dispatch_42_embedded_elf_riscv_64_main_graph$async_dispatch_42_elementwise_64x112x112_f32/process_time/real_time              10.3 ms         10.3 ms           68 items_per_second=97.0068/s
BM_main_graph$async_dispatch_42_embedded_elf_riscv_64_main_graph$async_dispatch_42_elementwise_64x112x112_f32/process_time/real_time_mean         10.3 ms         10.3 ms           10 items_per_second=96.9294/s
BM_main_graph$async_dispatch_42_embedded_elf_riscv_64_main_graph$async_dispatch_42_elementwise_64x112x112_f32/process_time/real_time_median       10.3 ms         10.3 ms           10 items_per_second=96.9991/s
BM_main_graph$async_dispatch_42_embedded_elf_riscv_64_main_graph$async_dispatch_42_elementwise_64x112x112_f32/process_time/real_time_stddev      0.022 ms        0.022 ms           10 items_per_second=0.205925/s
BM_main_graph$async_dispatch_42_embedded_elf_riscv_64_main_graph$async_dispatch_42_elementwise_64x112x112_f32/process_time/real_time_cv           0.21 %          0.21 %            10 items_per_second=0.21%
