2026-01-09T10:24:59.535017
Running tools/iree-benchmark-module --module=/home/dima/sched_vmfb/fastdepth_scalar/module_main_graph$async_dispatch_17_embedded_elf_riscv_64_benchmark.vmfb --device=local-task --function=main_graph$async_dispatch_17_embedded_elf_riscv_64_main_graph$async_dispatch_17_conv_14x14x512x3x3_f32 --input=1xi32=1 --task_topology_cpu_ids=0 --benchmark_repetitions=10
2026-01-09T10:24:59+08:00
Running tools/iree-benchmark-module
Run on (8 X 1600 MHz CPU s)
CPU Caches:
  L1 Instruction 32 KiB (x8)
  L1 Data 32 KiB (x8)
  L2 Unified 512 KiB (x2)
Load Average: 2.83, 2.35, 2.45
--------------------------------------------------------------------------------------------------------------------------------------------------------------------------------------------------
Benchmark                                                                                                                                        Time             CPU   Iterations UserCounters...
--------------------------------------------------------------------------------------------------------------------------------------------------------------------------------------------------
BM_main_graph$async_dispatch_17_embedded_elf_riscv_64_main_graph$async_dispatch_17_conv_14x14x512x3x3_f32/process_time/real_time              7.83 ms         7.83 ms           87 items_per_second=127.738/s
BM_main_graph$async_dispatch_17_embedded_elf_riscv_64_main_graph$async_dispatch_17_conv_14x14x512x3x3_f32/process_time/real_time              7.89 ms         7.89 ms           87 items_per_second=126.713/s
BM_main_graph$async_dispatch_17_embedded_elf_riscv_64_main_graph$async_dispatch_17_conv_14x14x512x3x3_f32/process_time/real_time              7.81 ms         7.81 ms           87 items_per_second=128.067/s
BM_main_graph$async_dispatch_17_embedded_elf_riscv_64_main_graph$async_dispatch_17_conv_14x14x512x3x3_f32/process_time/real_time              7.83 ms         7.84 ms           87 items_per_second=127.648/s
BM_main_graph$async_dispatch_17_embedded_elf_riscv_64_main_graph$async_dispatch_17_conv_14x14x512x3x3_f32/process_time/real_time              7.87 ms         7.87 ms           87 items_per_second=127.071/s
BM_main_graph$async_dispatch_17_embedded_elf_riscv_64_main_graph$async_dispatch_17_conv_14x14x512x3x3_f32/process_time/real_time              7.79 ms         7.80 ms           87 items_per_second=128.313/s
BM_main_graph$async_dispatch_17_embedded_elf_riscv_64_main_graph$async_dispatch_17_conv_14x14x512x3x3_f32/process_time/real_time              7.85 ms         7.85 ms           87 items_per_second=127.449/s
BM_main_graph$async_dispatch_17_embedded_elf_riscv_64_main_graph$async_dispatch_17_conv_14x14x512x3x3_f32/process_time/real_time              7.91 ms         7.90 ms           87 items_per_second=126.458/s
BM_main_graph$async_dispatch_17_embedded_elf_riscv_64_main_graph$async_dispatch_17_conv_14x14x512x3x3_f32/process_time/real_time              7.81 ms         7.82 ms           87 items_per_second=127.993/s
BM_main_graph$async_dispatch_17_embedded_elf_riscv_64_main_graph$async_dispatch_17_conv_14x14x512x3x3_f32/process_time/real_time              7.84 ms         7.85 ms           87 items_per_second=127.612/s
BM_main_graph$async_dispatch_17_embedded_elf_riscv_64_main_graph$async_dispatch_17_conv_14x14x512x3x3_f32/process_time/real_time_mean         7.84 ms         7.84 ms           10 items_per_second=127.506/s
BM_main_graph$async_dispatch_17_embedded_elf_riscv_64_main_graph$async_dispatch_17_conv_14x14x512x3x3_f32/process_time/real_time_median       7.84 ms         7.84 ms           10 items_per_second=127.63/s
BM_main_graph$async_dispatch_17_embedded_elf_riscv_64_main_graph$async_dispatch_17_conv_14x14x512x3x3_f32/process_time/real_time_stddev      0.037 ms        0.034 ms           10 items_per_second=0.597058/s
BM_main_graph$async_dispatch_17_embedded_elf_riscv_64_main_graph$async_dispatch_17_conv_14x14x512x3x3_f32/process_time/real_time_cv           0.47 %          0.43 %            10 items_per_second=0.47%
