2026-01-09T10:25:41.159835
Running tools/iree-benchmark-module --module=/home/dima/sched_vmfb/fastdepth_scalar/module_main_graph$async_dispatch_2_embedded_elf_riscv_64_benchmark.vmfb --device=local-task --function=main_graph$async_dispatch_2_embedded_elf_riscv_64_main_graph$async_dispatch_2_conv_112x112x32x3x3_f32 --input=1xi32=1 --task_topology_cpu_ids=0 --benchmark_repetitions=10
2026-01-09T10:25:41+08:00
Running tools/iree-benchmark-module
Run on (8 X 1600 MHz CPU s)
CPU Caches:
  L1 Instruction 32 KiB (x8)
  L1 Data 32 KiB (x8)
  L2 Unified 512 KiB (x2)
Load Average: 2.97, 2.46, 2.48
-------------------------------------------------------------------------------------------------------------------------------------------------------------------------------------------------
Benchmark                                                                                                                                       Time             CPU   Iterations UserCounters...
-------------------------------------------------------------------------------------------------------------------------------------------------------------------------------------------------
BM_main_graph$async_dispatch_2_embedded_elf_riscv_64_main_graph$async_dispatch_2_conv_112x112x32x3x3_f32/process_time/real_time              27.6 ms         27.6 ms           25 items_per_second=36.2154/s
BM_main_graph$async_dispatch_2_embedded_elf_riscv_64_main_graph$async_dispatch_2_conv_112x112x32x3x3_f32/process_time/real_time              27.7 ms         27.7 ms           25 items_per_second=36.1648/s
BM_main_graph$async_dispatch_2_embedded_elf_riscv_64_main_graph$async_dispatch_2_conv_112x112x32x3x3_f32/process_time/real_time              27.7 ms         27.7 ms           25 items_per_second=36.0591/s
BM_main_graph$async_dispatch_2_embedded_elf_riscv_64_main_graph$async_dispatch_2_conv_112x112x32x3x3_f32/process_time/real_time              27.7 ms         27.7 ms           25 items_per_second=36.1636/s
BM_main_graph$async_dispatch_2_embedded_elf_riscv_64_main_graph$async_dispatch_2_conv_112x112x32x3x3_f32/process_time/real_time              27.6 ms         27.7 ms           25 items_per_second=36.172/s
BM_main_graph$async_dispatch_2_embedded_elf_riscv_64_main_graph$async_dispatch_2_conv_112x112x32x3x3_f32/process_time/real_time              27.8 ms         27.8 ms           25 items_per_second=36.0168/s
BM_main_graph$async_dispatch_2_embedded_elf_riscv_64_main_graph$async_dispatch_2_conv_112x112x32x3x3_f32/process_time/real_time              27.6 ms         27.6 ms           25 items_per_second=36.1907/s
BM_main_graph$async_dispatch_2_embedded_elf_riscv_64_main_graph$async_dispatch_2_conv_112x112x32x3x3_f32/process_time/real_time              27.6 ms         27.7 ms           25 items_per_second=36.1685/s
BM_main_graph$async_dispatch_2_embedded_elf_riscv_64_main_graph$async_dispatch_2_conv_112x112x32x3x3_f32/process_time/real_time              27.8 ms         27.8 ms           25 items_per_second=36.034/s
BM_main_graph$async_dispatch_2_embedded_elf_riscv_64_main_graph$async_dispatch_2_conv_112x112x32x3x3_f32/process_time/real_time              27.6 ms         27.6 ms           25 items_per_second=36.2079/s
BM_main_graph$async_dispatch_2_embedded_elf_riscv_64_main_graph$async_dispatch_2_conv_112x112x32x3x3_f32/process_time/real_time_mean         27.7 ms         27.7 ms           10 items_per_second=36.1393/s
BM_main_graph$async_dispatch_2_embedded_elf_riscv_64_main_graph$async_dispatch_2_conv_112x112x32x3x3_f32/process_time/real_time_median       27.6 ms         27.7 ms           10 items_per_second=36.1666/s
BM_main_graph$async_dispatch_2_embedded_elf_riscv_64_main_graph$async_dispatch_2_conv_112x112x32x3x3_f32/process_time/real_time_stddev      0.056 ms        0.057 ms           10 items_per_second=0.0736642/s
BM_main_graph$async_dispatch_2_embedded_elf_riscv_64_main_graph$async_dispatch_2_conv_112x112x32x3x3_f32/process_time/real_time_cv           0.20 %          0.21 %            10 items_per_second=0.20%
