2026-01-09T10:26:11.819389
Running tools/iree-benchmark-module --module=/home/dima/sched_vmfb/fastdepth_scalar/module_main_graph$async_dispatch_33_embedded_elf_riscv_64_benchmark.vmfb --device=local-task --function=main_graph$async_dispatch_33_embedded_elf_riscv_64_main_graph$async_dispatch_33_elementwise_broadcast_512x14x14_f32 --input=1xi32=1 --task_topology_cpu_ids=0 --benchmark_repetitions=10
2026-01-09T10:26:11+08:00
Running tools/iree-benchmark-module
Run on (8 X 1600 MHz CPU s)
CPU Caches:
  L1 Instruction 32 KiB (x8)
  L1 Data 32 KiB (x8)
  L2 Unified 512 KiB (x2)
Load Average: 2.98, 2.51, 2.50
---------------------------------------------------------------------------------------------------------------------------------------------------------------------------------------------------------------
Benchmark                                                                                                                                                     Time             CPU   Iterations UserCounters...
---------------------------------------------------------------------------------------------------------------------------------------------------------------------------------------------------------------
BM_main_graph$async_dispatch_33_embedded_elf_riscv_64_main_graph$async_dispatch_33_elementwise_broadcast_512x14x14_f32/process_time/real_time              1.03 ms         1.06 ms          674 items_per_second=968.159/s
BM_main_graph$async_dispatch_33_embedded_elf_riscv_64_main_graph$async_dispatch_33_elementwise_broadcast_512x14x14_f32/process_time/real_time              1.05 ms         1.07 ms          674 items_per_second=948.417/s
BM_main_graph$async_dispatch_33_embedded_elf_riscv_64_main_graph$async_dispatch_33_elementwise_broadcast_512x14x14_f32/process_time/real_time              1.04 ms         1.06 ms          674 items_per_second=960.217/s
BM_main_graph$async_dispatch_33_embedded_elf_riscv_64_main_graph$async_dispatch_33_elementwise_broadcast_512x14x14_f32/process_time/real_time              1.03 ms         1.05 ms          674 items_per_second=970.957/s
BM_main_graph$async_dispatch_33_embedded_elf_riscv_64_main_graph$async_dispatch_33_elementwise_broadcast_512x14x14_f32/process_time/real_time              1.04 ms         1.06 ms          674 items_per_second=964.463/s
BM_main_graph$async_dispatch_33_embedded_elf_riscv_64_main_graph$async_dispatch_33_elementwise_broadcast_512x14x14_f32/process_time/real_time              1.03 ms         1.06 ms          674 items_per_second=969.739/s
BM_main_graph$async_dispatch_33_embedded_elf_riscv_64_main_graph$async_dispatch_33_elementwise_broadcast_512x14x14_f32/process_time/real_time              1.03 ms         1.06 ms          674 items_per_second=967.797/s
BM_main_graph$async_dispatch_33_embedded_elf_riscv_64_main_graph$async_dispatch_33_elementwise_broadcast_512x14x14_f32/process_time/real_time              1.04 ms         1.06 ms          674 items_per_second=963.192/s
BM_main_graph$async_dispatch_33_embedded_elf_riscv_64_main_graph$async_dispatch_33_elementwise_broadcast_512x14x14_f32/process_time/real_time              1.06 ms         1.07 ms          674 items_per_second=945.357/s
BM_main_graph$async_dispatch_33_embedded_elf_riscv_64_main_graph$async_dispatch_33_elementwise_broadcast_512x14x14_f32/process_time/real_time             0.979 ms        0.990 ms          674 items_per_second=1.02119k/s
BM_main_graph$async_dispatch_33_embedded_elf_riscv_64_main_graph$async_dispatch_33_elementwise_broadcast_512x14x14_f32/process_time/real_time_mean         1.03 ms         1.05 ms           10 items_per_second=967.948/s
BM_main_graph$async_dispatch_33_embedded_elf_riscv_64_main_graph$async_dispatch_33_elementwise_broadcast_512x14x14_f32/process_time/real_time_median       1.04 ms         1.06 ms           10 items_per_second=966.13/s
BM_main_graph$async_dispatch_33_embedded_elf_riscv_64_main_graph$async_dispatch_33_elementwise_broadcast_512x14x14_f32/process_time/real_time_stddev      0.021 ms        0.023 ms           10 items_per_second=20.6369/s
BM_main_graph$async_dispatch_33_embedded_elf_riscv_64_main_graph$async_dispatch_33_elementwise_broadcast_512x14x14_f32/process_time/real_time_cv           2.06 %          2.19 %            10 items_per_second=2.13%
