2026-01-08T02:19:54.506149
Running tools/iree-benchmark-module --module=/home/dima/sched_vmfb/dronet/module_main_graph$async_dispatch_1_system_elf_riscv_64_benchmark.vmfb --device=local-task --function=main_graph$async_dispatch_1_system_elf_riscv_64_main_graph$async_dispatch_1_conv_32x112x112x5x5_f32 --input=1xi32=1 --task_topology_cpu_ids=0,1 --benchmark_repetitions=10
2026-01-08T02:19:54+08:00
Running tools/iree-benchmark-module
Run on (8 X 1600 MHz CPU s)
CPU Caches:
  L1 Instruction 32 KiB (x8)
  L1 Data 32 KiB (x8)
  L2 Unified 512 KiB (x2)
Load Average: 3.07, 2.52, 2.20
-----------------------------------------------------------------------------------------------------------------------------------------------------------------------------------------------
Benchmark                                                                                                                                     Time             CPU   Iterations UserCounters...
-----------------------------------------------------------------------------------------------------------------------------------------------------------------------------------------------
BM_main_graph$async_dispatch_1_system_elf_riscv_64_main_graph$async_dispatch_1_conv_32x112x112x5x5_f32/process_time/real_time              23.0 ms         45.2 ms           29 items_per_second=43.3991/s
BM_main_graph$async_dispatch_1_system_elf_riscv_64_main_graph$async_dispatch_1_conv_32x112x112x5x5_f32/process_time/real_time              23.1 ms         45.2 ms           29 items_per_second=43.2439/s
BM_main_graph$async_dispatch_1_system_elf_riscv_64_main_graph$async_dispatch_1_conv_32x112x112x5x5_f32/process_time/real_time              23.3 ms         45.2 ms           29 items_per_second=42.8493/s
BM_main_graph$async_dispatch_1_system_elf_riscv_64_main_graph$async_dispatch_1_conv_32x112x112x5x5_f32/process_time/real_time              23.0 ms         45.2 ms           29 items_per_second=43.3855/s
BM_main_graph$async_dispatch_1_system_elf_riscv_64_main_graph$async_dispatch_1_conv_32x112x112x5x5_f32/process_time/real_time              23.1 ms         45.2 ms           29 items_per_second=43.3448/s
BM_main_graph$async_dispatch_1_system_elf_riscv_64_main_graph$async_dispatch_1_conv_32x112x112x5x5_f32/process_time/real_time              23.4 ms         45.2 ms           29 items_per_second=42.8242/s
BM_main_graph$async_dispatch_1_system_elf_riscv_64_main_graph$async_dispatch_1_conv_32x112x112x5x5_f32/process_time/real_time              23.1 ms         45.2 ms           29 items_per_second=43.3283/s
BM_main_graph$async_dispatch_1_system_elf_riscv_64_main_graph$async_dispatch_1_conv_32x112x112x5x5_f32/process_time/real_time              23.0 ms         45.2 ms           29 items_per_second=43.3888/s
BM_main_graph$async_dispatch_1_system_elf_riscv_64_main_graph$async_dispatch_1_conv_32x112x112x5x5_f32/process_time/real_time              23.4 ms         45.3 ms           29 items_per_second=42.7562/s
BM_main_graph$async_dispatch_1_system_elf_riscv_64_main_graph$async_dispatch_1_conv_32x112x112x5x5_f32/process_time/real_time              23.1 ms         45.2 ms           29 items_per_second=43.3408/s
BM_main_graph$async_dispatch_1_system_elf_riscv_64_main_graph$async_dispatch_1_conv_32x112x112x5x5_f32/process_time/real_time_mean         23.2 ms         45.2 ms           10 items_per_second=43.1861/s
BM_main_graph$async_dispatch_1_system_elf_riscv_64_main_graph$async_dispatch_1_conv_32x112x112x5x5_f32/process_time/real_time_median       23.1 ms         45.2 ms           10 items_per_second=43.3345/s
BM_main_graph$async_dispatch_1_system_elf_riscv_64_main_graph$async_dispatch_1_conv_32x112x112x5x5_f32/process_time/real_time_stddev      0.142 ms        0.040 ms           10 items_per_second=0.264191/s
BM_main_graph$async_dispatch_1_system_elf_riscv_64_main_graph$async_dispatch_1_conv_32x112x112x5x5_f32/process_time/real_time_cv           0.61 %          0.09 %            10 items_per_second=0.61%
