2026-01-08T02:20:08.666346
Running tools/iree-benchmark-module --module=/home/dima/sched_vmfb/dronet/module_main_graph$async_dispatch_3_system_elf_riscv_64_benchmark.vmfb --device=local-task --function=main_graph$async_dispatch_3_system_elf_riscv_64_main_graph$async_dispatch_3_conv_32x28x28x32x3x3_f32 --input=1xi32=1 --task_topology_cpu_ids=0,1 --benchmark_repetitions=10
2026-01-08T02:20:08+08:00
Running tools/iree-benchmark-module
Run on (8 X 1600 MHz CPU s)
CPU Caches:
  L1 Instruction 32 KiB (x8)
  L1 Data 32 KiB (x8)
  L2 Unified 512 KiB (x2)
Load Average: 3.28, 2.59, 2.23
------------------------------------------------------------------------------------------------------------------------------------------------------------------------------------------------
Benchmark                                                                                                                                      Time             CPU   Iterations UserCounters...
------------------------------------------------------------------------------------------------------------------------------------------------------------------------------------------------
BM_main_graph$async_dispatch_3_system_elf_riscv_64_main_graph$async_dispatch_3_conv_32x28x28x32x3x3_f32/process_time/real_time              24.2 ms         47.7 ms           29 items_per_second=41.3773/s
BM_main_graph$async_dispatch_3_system_elf_riscv_64_main_graph$async_dispatch_3_conv_32x28x28x32x3x3_f32/process_time/real_time              24.1 ms         47.7 ms           29 items_per_second=41.4382/s
BM_main_graph$async_dispatch_3_system_elf_riscv_64_main_graph$async_dispatch_3_conv_32x28x28x32x3x3_f32/process_time/real_time              24.1 ms         47.8 ms           29 items_per_second=41.4581/s
BM_main_graph$async_dispatch_3_system_elf_riscv_64_main_graph$async_dispatch_3_conv_32x28x28x32x3x3_f32/process_time/real_time              24.0 ms         47.6 ms           29 items_per_second=41.7092/s
BM_main_graph$async_dispatch_3_system_elf_riscv_64_main_graph$async_dispatch_3_conv_32x28x28x32x3x3_f32/process_time/real_time              24.0 ms         47.6 ms           29 items_per_second=41.7347/s
BM_main_graph$async_dispatch_3_system_elf_riscv_64_main_graph$async_dispatch_3_conv_32x28x28x32x3x3_f32/process_time/real_time              24.1 ms         47.7 ms           29 items_per_second=41.5726/s
BM_main_graph$async_dispatch_3_system_elf_riscv_64_main_graph$async_dispatch_3_conv_32x28x28x32x3x3_f32/process_time/real_time              24.0 ms         47.6 ms           29 items_per_second=41.744/s
BM_main_graph$async_dispatch_3_system_elf_riscv_64_main_graph$async_dispatch_3_conv_32x28x28x32x3x3_f32/process_time/real_time              24.0 ms         47.6 ms           29 items_per_second=41.7117/s
BM_main_graph$async_dispatch_3_system_elf_riscv_64_main_graph$async_dispatch_3_conv_32x28x28x32x3x3_f32/process_time/real_time              24.1 ms         47.7 ms           29 items_per_second=41.5434/s
BM_main_graph$async_dispatch_3_system_elf_riscv_64_main_graph$async_dispatch_3_conv_32x28x28x32x3x3_f32/process_time/real_time              24.0 ms         47.7 ms           29 items_per_second=41.6598/s
BM_main_graph$async_dispatch_3_system_elf_riscv_64_main_graph$async_dispatch_3_conv_32x28x28x32x3x3_f32/process_time/real_time_mean         24.0 ms         47.7 ms           10 items_per_second=41.5949/s
BM_main_graph$async_dispatch_3_system_elf_riscv_64_main_graph$async_dispatch_3_conv_32x28x28x32x3x3_f32/process_time/real_time_median       24.0 ms         47.7 ms           10 items_per_second=41.6162/s
BM_main_graph$async_dispatch_3_system_elf_riscv_64_main_graph$async_dispatch_3_conv_32x28x28x32x3x3_f32/process_time/real_time_stddev      0.079 ms        0.060 ms           10 items_per_second=0.135993/s
BM_main_graph$async_dispatch_3_system_elf_riscv_64_main_graph$async_dispatch_3_conv_32x28x28x32x3x3_f32/process_time/real_time_cv           0.33 %          0.13 %            10 items_per_second=0.33%
