2026-01-08T02:20:30.785500
Running tools/iree-benchmark-module --module=/home/dima/sched_vmfb/dronet/module_main_graph$async_dispatch_6_system_elf_riscv_64_benchmark.vmfb --device=local-task --function=main_graph$async_dispatch_6_system_elf_riscv_64_main_graph$async_dispatch_6_conv_64x14x14x32x3x3_f32 --input=1xi32=1 --task_topology_cpu_ids=0,1 --benchmark_repetitions=10
2026-01-08T02:20:30+08:00
Running tools/iree-benchmark-module
Run on (8 X 1600 MHz CPU s)
CPU Caches:
  L1 Instruction 32 KiB (x8)
  L1 Data 32 KiB (x8)
  L2 Unified 512 KiB (x2)
Load Average: 3.48, 2.68, 2.27
------------------------------------------------------------------------------------------------------------------------------------------------------------------------------------------------
Benchmark                                                                                                                                      Time             CPU   Iterations UserCounters...
------------------------------------------------------------------------------------------------------------------------------------------------------------------------------------------------
BM_main_graph$async_dispatch_6_system_elf_riscv_64_main_graph$async_dispatch_6_conv_64x14x14x32x3x3_f32/process_time/real_time              13.3 ms         26.5 ms           51 items_per_second=75.012/s
BM_main_graph$async_dispatch_6_system_elf_riscv_64_main_graph$async_dispatch_6_conv_64x14x14x32x3x3_f32/process_time/real_time              13.4 ms         26.5 ms           51 items_per_second=74.85/s
BM_main_graph$async_dispatch_6_system_elf_riscv_64_main_graph$async_dispatch_6_conv_64x14x14x32x3x3_f32/process_time/real_time              13.4 ms         26.5 ms           51 items_per_second=74.6512/s
BM_main_graph$async_dispatch_6_system_elf_riscv_64_main_graph$async_dispatch_6_conv_64x14x14x32x3x3_f32/process_time/real_time              13.3 ms         26.4 ms           51 items_per_second=75.0504/s
BM_main_graph$async_dispatch_6_system_elf_riscv_64_main_graph$async_dispatch_6_conv_64x14x14x32x3x3_f32/process_time/real_time              13.3 ms         26.5 ms           51 items_per_second=75.0192/s
BM_main_graph$async_dispatch_6_system_elf_riscv_64_main_graph$async_dispatch_6_conv_64x14x14x32x3x3_f32/process_time/real_time              13.4 ms         26.5 ms           51 items_per_second=74.6035/s
BM_main_graph$async_dispatch_6_system_elf_riscv_64_main_graph$async_dispatch_6_conv_64x14x14x32x3x3_f32/process_time/real_time              13.3 ms         26.5 ms           51 items_per_second=74.9455/s
BM_main_graph$async_dispatch_6_system_elf_riscv_64_main_graph$async_dispatch_6_conv_64x14x14x32x3x3_f32/process_time/real_time              13.3 ms         26.5 ms           51 items_per_second=74.939/s
BM_main_graph$async_dispatch_6_system_elf_riscv_64_main_graph$async_dispatch_6_conv_64x14x14x32x3x3_f32/process_time/real_time              13.4 ms         26.5 ms           51 items_per_second=74.5303/s
BM_main_graph$async_dispatch_6_system_elf_riscv_64_main_graph$async_dispatch_6_conv_64x14x14x32x3x3_f32/process_time/real_time              13.3 ms         26.4 ms           51 items_per_second=75.0458/s
BM_main_graph$async_dispatch_6_system_elf_riscv_64_main_graph$async_dispatch_6_conv_64x14x14x32x3x3_f32/process_time/real_time_mean         13.4 ms         26.5 ms           10 items_per_second=74.8647/s
BM_main_graph$async_dispatch_6_system_elf_riscv_64_main_graph$async_dispatch_6_conv_64x14x14x32x3x3_f32/process_time/real_time_median       13.3 ms         26.5 ms           10 items_per_second=74.9423/s
BM_main_graph$async_dispatch_6_system_elf_riscv_64_main_graph$async_dispatch_6_conv_64x14x14x32x3x3_f32/process_time/real_time_stddev      0.035 ms        0.034 ms           10 items_per_second=0.197402/s
BM_main_graph$async_dispatch_6_system_elf_riscv_64_main_graph$async_dispatch_6_conv_64x14x14x32x3x3_f32/process_time/real_time_cv           0.26 %          0.13 %            10 items_per_second=0.26%
