2026-01-08T12:58:29.337856
Running tools/iree-benchmark-module --module=/home/dima/sched_vmfb/glpdepth/module_main_graph$async_dispatch_192_embedded_elf_riscv_64_benchmark.vmfb --device=local-task --function=main_graph$async_dispatch_192_embedded_elf_riscv_64_main_graph$async_dispatch_192_conv_64x14x14x128x3x3_f32 --input=1xi32=1 --task_topology_cpu_ids=0,1,2,3 --benchmark_repetitions=10
2026-01-08T12:58:29+08:00
Running tools/iree-benchmark-module
Run on (8 X 1600 MHz CPU s)
CPU Caches:
  L1 Instruction 32 KiB (x8)
  L1 Data 32 KiB (x8)
  L2 Unified 512 KiB (x2)
Load Average: 4.52, 4.72, 4.41
-------------------------------------------------------------------------------------------------------------------------------------------------------------------------------------------------------
Benchmark                                                                                                                                             Time             CPU   Iterations UserCounters...
-------------------------------------------------------------------------------------------------------------------------------------------------------------------------------------------------------
BM_main_graph$async_dispatch_192_embedded_elf_riscv_64_main_graph$async_dispatch_192_conv_64x14x14x128x3x3_f32/process_time/real_time              24.0 ms         93.9 ms           29 items_per_second=41.5915/s
BM_main_graph$async_dispatch_192_embedded_elf_riscv_64_main_graph$async_dispatch_192_conv_64x14x14x128x3x3_f32/process_time/real_time              23.9 ms         93.8 ms           29 items_per_second=41.9165/s
BM_main_graph$async_dispatch_192_embedded_elf_riscv_64_main_graph$async_dispatch_192_conv_64x14x14x128x3x3_f32/process_time/real_time              23.8 ms         93.8 ms           29 items_per_second=41.9415/s
BM_main_graph$async_dispatch_192_embedded_elf_riscv_64_main_graph$async_dispatch_192_conv_64x14x14x128x3x3_f32/process_time/real_time              24.2 ms         94.1 ms           29 items_per_second=41.3969/s
BM_main_graph$async_dispatch_192_embedded_elf_riscv_64_main_graph$async_dispatch_192_conv_64x14x14x128x3x3_f32/process_time/real_time              23.7 ms         94.0 ms           29 items_per_second=42.2126/s
BM_main_graph$async_dispatch_192_embedded_elf_riscv_64_main_graph$async_dispatch_192_conv_64x14x14x128x3x3_f32/process_time/real_time              23.7 ms         93.9 ms           29 items_per_second=42.2646/s
BM_main_graph$async_dispatch_192_embedded_elf_riscv_64_main_graph$async_dispatch_192_conv_64x14x14x128x3x3_f32/process_time/real_time              23.8 ms         94.0 ms           29 items_per_second=42.0494/s
BM_main_graph$async_dispatch_192_embedded_elf_riscv_64_main_graph$async_dispatch_192_conv_64x14x14x128x3x3_f32/process_time/real_time              23.8 ms         93.8 ms           29 items_per_second=42.0835/s
BM_main_graph$async_dispatch_192_embedded_elf_riscv_64_main_graph$async_dispatch_192_conv_64x14x14x128x3x3_f32/process_time/real_time              23.7 ms         93.8 ms           29 items_per_second=42.2622/s
BM_main_graph$async_dispatch_192_embedded_elf_riscv_64_main_graph$async_dispatch_192_conv_64x14x14x128x3x3_f32/process_time/real_time              23.8 ms         93.9 ms           29 items_per_second=42.0768/s
BM_main_graph$async_dispatch_192_embedded_elf_riscv_64_main_graph$async_dispatch_192_conv_64x14x14x128x3x3_f32/process_time/real_time_mean         23.8 ms         93.9 ms           10 items_per_second=41.9795/s
BM_main_graph$async_dispatch_192_embedded_elf_riscv_64_main_graph$async_dispatch_192_conv_64x14x14x128x3x3_f32/process_time/real_time_median       23.8 ms         93.9 ms           10 items_per_second=42.0631/s
BM_main_graph$async_dispatch_192_embedded_elf_riscv_64_main_graph$async_dispatch_192_conv_64x14x14x128x3x3_f32/process_time/real_time_stddev      0.163 ms        0.105 ms           10 items_per_second=0.285972/s
BM_main_graph$async_dispatch_192_embedded_elf_riscv_64_main_graph$async_dispatch_192_conv_64x14x14x128x3x3_f32/process_time/real_time_cv           0.69 %          0.11 %            10 items_per_second=0.68%
