2026-01-08T12:59:20.228066
Running tools/iree-benchmark-module --module=/home/dima/sched_vmfb/glpdepth/module_main_graph$async_dispatch_199_embedded_elf_riscv_64_benchmark.vmfb --device=local-task --function=main_graph$async_dispatch_199_embedded_elf_riscv_64_main_graph$async_dispatch_199_conv_64x28x28x128x3x3_f32 --input=1xi32=1 --task_topology_cpu_ids=0,1,2,3 --benchmark_repetitions=10
2026-01-08T12:59:20+08:00
Running tools/iree-benchmark-module
Run on (8 X 1600 MHz CPU s)
CPU Caches:
  L1 Instruction 32 KiB (x8)
  L1 Data 32 KiB (x8)
  L2 Unified 512 KiB (x2)
Load Average: 4.44, 4.69, 4.42
-------------------------------------------------------------------------------------------------------------------------------------------------------------------------------------------------------
Benchmark                                                                                                                                             Time             CPU   Iterations UserCounters...
-------------------------------------------------------------------------------------------------------------------------------------------------------------------------------------------------------
BM_main_graph$async_dispatch_199_embedded_elf_riscv_64_main_graph$async_dispatch_199_conv_64x28x28x128x3x3_f32/process_time/real_time               108 ms          422 ms            6 items_per_second=9.22323/s
BM_main_graph$async_dispatch_199_embedded_elf_riscv_64_main_graph$async_dispatch_199_conv_64x28x28x128x3x3_f32/process_time/real_time               107 ms          421 ms            6 items_per_second=9.3382/s
BM_main_graph$async_dispatch_199_embedded_elf_riscv_64_main_graph$async_dispatch_199_conv_64x28x28x128x3x3_f32/process_time/real_time               107 ms          421 ms            6 items_per_second=9.35717/s
BM_main_graph$async_dispatch_199_embedded_elf_riscv_64_main_graph$async_dispatch_199_conv_64x28x28x128x3x3_f32/process_time/real_time               108 ms          421 ms            6 items_per_second=9.26165/s
BM_main_graph$async_dispatch_199_embedded_elf_riscv_64_main_graph$async_dispatch_199_conv_64x28x28x128x3x3_f32/process_time/real_time               107 ms          421 ms            6 items_per_second=9.36729/s
BM_main_graph$async_dispatch_199_embedded_elf_riscv_64_main_graph$async_dispatch_199_conv_64x28x28x128x3x3_f32/process_time/real_time               107 ms          421 ms            6 items_per_second=9.35277/s
BM_main_graph$async_dispatch_199_embedded_elf_riscv_64_main_graph$async_dispatch_199_conv_64x28x28x128x3x3_f32/process_time/real_time               108 ms          422 ms            6 items_per_second=9.21786/s
BM_main_graph$async_dispatch_199_embedded_elf_riscv_64_main_graph$async_dispatch_199_conv_64x28x28x128x3x3_f32/process_time/real_time               108 ms          421 ms            6 items_per_second=9.27832/s
BM_main_graph$async_dispatch_199_embedded_elf_riscv_64_main_graph$async_dispatch_199_conv_64x28x28x128x3x3_f32/process_time/real_time               107 ms          421 ms            6 items_per_second=9.35217/s
BM_main_graph$async_dispatch_199_embedded_elf_riscv_64_main_graph$async_dispatch_199_conv_64x28x28x128x3x3_f32/process_time/real_time               107 ms          421 ms            6 items_per_second=9.34313/s
BM_main_graph$async_dispatch_199_embedded_elf_riscv_64_main_graph$async_dispatch_199_conv_64x28x28x128x3x3_f32/process_time/real_time_mean          107 ms          421 ms           10 items_per_second=9.30918/s
BM_main_graph$async_dispatch_199_embedded_elf_riscv_64_main_graph$async_dispatch_199_conv_64x28x28x128x3x3_f32/process_time/real_time_median        107 ms          421 ms           10 items_per_second=9.34066/s
BM_main_graph$async_dispatch_199_embedded_elf_riscv_64_main_graph$async_dispatch_199_conv_64x28x28x128x3x3_f32/process_time/real_time_stddev      0.673 ms        0.486 ms           10 items_per_second=0.058081/s
BM_main_graph$async_dispatch_199_embedded_elf_riscv_64_main_graph$async_dispatch_199_conv_64x28x28x128x3x3_f32/process_time/real_time_cv           0.63 %          0.12 %            10 items_per_second=0.62%
