2026-01-08T12:51:39.923465
Running tools/iree-benchmark-module --module=/home/dima/sched_vmfb/glpdepth/module_main_graph$async_dispatch_0_embedded_elf_riscv_64_benchmark.vmfb --device=local-task --function=main_graph$async_dispatch_0_embedded_elf_riscv_64_main_graph$async_dispatch_0_slow_memcpy --input=1xi32=1 --task_topology_cpu_ids=0,1,2,3 --benchmark_repetitions=10
2026-01-08T12:51:39+08:00
Running tools/iree-benchmark-module
Run on (8 X 1600 MHz CPU s)
CPU Caches:
  L1 Instruction 32 KiB (x8)
  L1 Data 32 KiB (x8)
  L2 Unified 512 KiB (x2)
Load Average: 4.33, 4.55, 4.17
-------------------------------------------------------------------------------------------------------------------------------------------------------------------------------------
Benchmark                                                                                                                           Time             CPU   Iterations UserCounters...
-------------------------------------------------------------------------------------------------------------------------------------------------------------------------------------
BM_main_graph$async_dispatch_0_embedded_elf_riscv_64_main_graph$async_dispatch_0_slow_memcpy/process_time/real_time             0.391 ms         1.30 ms         1819 items_per_second=2.557k/s
BM_main_graph$async_dispatch_0_embedded_elf_riscv_64_main_graph$async_dispatch_0_slow_memcpy/process_time/real_time             0.398 ms         1.32 ms         1819 items_per_second=2.51099k/s
BM_main_graph$async_dispatch_0_embedded_elf_riscv_64_main_graph$async_dispatch_0_slow_memcpy/process_time/real_time             0.393 ms         1.32 ms         1819 items_per_second=2.54538k/s
BM_main_graph$async_dispatch_0_embedded_elf_riscv_64_main_graph$async_dispatch_0_slow_memcpy/process_time/real_time             0.393 ms         1.32 ms         1819 items_per_second=2.54208k/s
BM_main_graph$async_dispatch_0_embedded_elf_riscv_64_main_graph$async_dispatch_0_slow_memcpy/process_time/real_time             0.397 ms         1.32 ms         1819 items_per_second=2.5219k/s
BM_main_graph$async_dispatch_0_embedded_elf_riscv_64_main_graph$async_dispatch_0_slow_memcpy/process_time/real_time             0.391 ms         1.31 ms         1819 items_per_second=2.5572k/s
BM_main_graph$async_dispatch_0_embedded_elf_riscv_64_main_graph$async_dispatch_0_slow_memcpy/process_time/real_time             0.391 ms         1.31 ms         1819 items_per_second=2.55548k/s
BM_main_graph$async_dispatch_0_embedded_elf_riscv_64_main_graph$async_dispatch_0_slow_memcpy/process_time/real_time             0.397 ms         1.32 ms         1819 items_per_second=2.521k/s
BM_main_graph$async_dispatch_0_embedded_elf_riscv_64_main_graph$async_dispatch_0_slow_memcpy/process_time/real_time             0.391 ms         1.32 ms         1819 items_per_second=2.557k/s
BM_main_graph$async_dispatch_0_embedded_elf_riscv_64_main_graph$async_dispatch_0_slow_memcpy/process_time/real_time             0.392 ms         1.32 ms         1819 items_per_second=2.5516k/s
BM_main_graph$async_dispatch_0_embedded_elf_riscv_64_main_graph$async_dispatch_0_slow_memcpy/process_time/real_time_mean        0.393 ms         1.32 ms           10 items_per_second=2.54196k/s
BM_main_graph$async_dispatch_0_embedded_elf_riscv_64_main_graph$async_dispatch_0_slow_memcpy/process_time/real_time_median      0.392 ms         1.32 ms           10 items_per_second=2.54849k/s
BM_main_graph$async_dispatch_0_embedded_elf_riscv_64_main_graph$async_dispatch_0_slow_memcpy/process_time/real_time_stddev      0.003 ms        0.007 ms           10 items_per_second=17.5532/s
BM_main_graph$async_dispatch_0_embedded_elf_riscv_64_main_graph$async_dispatch_0_slow_memcpy/process_time/real_time_cv           0.69 %          0.51 %            10 items_per_second=0.69%
