2026-01-08T13:01:02.248493
Running tools/iree-benchmark-module --module=/home/dima/sched_vmfb/glpdepth/module_main_graph$async_dispatch_211_embedded_elf_riscv_64_benchmark.vmfb --device=local-task --function=main_graph$async_dispatch_211_embedded_elf_riscv_64_main_graph$async_dispatch_211_elementwise_broadcast_64x224x224_f32 --input=1xi32=1 --task_topology_cpu_ids=0,1,2,3 --benchmark_repetitions=10
2026-01-08T13:01:02+08:00
Running tools/iree-benchmark-module
Run on (8 X 1600 MHz CPU s)
CPU Caches:
  L1 Instruction 32 KiB (x8)
  L1 Data 32 KiB (x8)
  L2 Unified 512 KiB (x2)
Load Average: 5.33, 4.90, 4.52
------------------------------------------------------------------------------------------------------------------------------------------------------------------------------------------------------------------
Benchmark                                                                                                                                                        Time             CPU   Iterations UserCounters...
------------------------------------------------------------------------------------------------------------------------------------------------------------------------------------------------------------------
BM_main_graph$async_dispatch_211_embedded_elf_riscv_64_main_graph$async_dispatch_211_elementwise_broadcast_64x224x224_f32/process_time/real_time              20.6 ms         80.7 ms           34 items_per_second=48.5574/s
BM_main_graph$async_dispatch_211_embedded_elf_riscv_64_main_graph$async_dispatch_211_elementwise_broadcast_64x224x224_f32/process_time/real_time              20.7 ms         80.8 ms           34 items_per_second=48.3957/s
BM_main_graph$async_dispatch_211_embedded_elf_riscv_64_main_graph$async_dispatch_211_elementwise_broadcast_64x224x224_f32/process_time/real_time              20.6 ms         80.7 ms           34 items_per_second=48.6052/s
BM_main_graph$async_dispatch_211_embedded_elf_riscv_64_main_graph$async_dispatch_211_elementwise_broadcast_64x224x224_f32/process_time/real_time              20.6 ms         80.7 ms           34 items_per_second=48.6189/s
BM_main_graph$async_dispatch_211_embedded_elf_riscv_64_main_graph$async_dispatch_211_elementwise_broadcast_64x224x224_f32/process_time/real_time              20.7 ms         80.8 ms           34 items_per_second=48.3948/s
BM_main_graph$async_dispatch_211_embedded_elf_riscv_64_main_graph$async_dispatch_211_elementwise_broadcast_64x224x224_f32/process_time/real_time              20.6 ms         80.7 ms           34 items_per_second=48.5673/s
BM_main_graph$async_dispatch_211_embedded_elf_riscv_64_main_graph$async_dispatch_211_elementwise_broadcast_64x224x224_f32/process_time/real_time              20.6 ms         80.7 ms           34 items_per_second=48.5946/s
BM_main_graph$async_dispatch_211_embedded_elf_riscv_64_main_graph$async_dispatch_211_elementwise_broadcast_64x224x224_f32/process_time/real_time              20.7 ms         80.8 ms           34 items_per_second=48.3972/s
BM_main_graph$async_dispatch_211_embedded_elf_riscv_64_main_graph$async_dispatch_211_elementwise_broadcast_64x224x224_f32/process_time/real_time              20.6 ms         80.7 ms           34 items_per_second=48.6588/s
BM_main_graph$async_dispatch_211_embedded_elf_riscv_64_main_graph$async_dispatch_211_elementwise_broadcast_64x224x224_f32/process_time/real_time              20.5 ms         80.6 ms           34 items_per_second=48.7589/s
BM_main_graph$async_dispatch_211_embedded_elf_riscv_64_main_graph$async_dispatch_211_elementwise_broadcast_64x224x224_f32/process_time/real_time_mean         20.6 ms         80.7 ms           10 items_per_second=48.5549/s
BM_main_graph$async_dispatch_211_embedded_elf_riscv_64_main_graph$async_dispatch_211_elementwise_broadcast_64x224x224_f32/process_time/real_time_median       20.6 ms         80.7 ms           10 items_per_second=48.581/s
BM_main_graph$async_dispatch_211_embedded_elf_riscv_64_main_graph$async_dispatch_211_elementwise_broadcast_64x224x224_f32/process_time/real_time_stddev      0.052 ms        0.072 ms           10 items_per_second=0.123218/s
BM_main_graph$async_dispatch_211_embedded_elf_riscv_64_main_graph$async_dispatch_211_elementwise_broadcast_64x224x224_f32/process_time/real_time_cv           0.25 %          0.09 %            10 items_per_second=0.25%
