2026-01-08T12:56:32.985635
Running tools/iree-benchmark-module --module=/home/dima/sched_vmfb/glpdepth/module_main_graph$async_dispatch_157_embedded_elf_riscv_64_benchmark.vmfb --device=local-task --function=main_graph$async_dispatch_157_embedded_elf_riscv_64_main_graph$async_dispatch_157_unpack_f32 --input=1xi32=1 --task_topology_cpu_ids=0,1,2,3 --benchmark_repetitions=10
2026-01-08T12:56:33+08:00
Running tools/iree-benchmark-module
Run on (8 X 1600 MHz CPU s)
CPU Caches:
  L1 Instruction 32 KiB (x8)
  L1 Data 32 KiB (x8)
  L2 Unified 512 KiB (x2)
Load Average: 4.43, 4.72, 4.36
----------------------------------------------------------------------------------------------------------------------------------------------------------------------------------------
Benchmark                                                                                                                              Time             CPU   Iterations UserCounters...
----------------------------------------------------------------------------------------------------------------------------------------------------------------------------------------
BM_main_graph$async_dispatch_157_embedded_elf_riscv_64_main_graph$async_dispatch_157_unpack_f32/process_time/real_time             0.361 ms        0.641 ms         1922 items_per_second=2.77212k/s
BM_main_graph$async_dispatch_157_embedded_elf_riscv_64_main_graph$async_dispatch_157_unpack_f32/process_time/real_time             0.361 ms        0.639 ms         1922 items_per_second=2.77382k/s
BM_main_graph$async_dispatch_157_embedded_elf_riscv_64_main_graph$async_dispatch_157_unpack_f32/process_time/real_time             0.361 ms        0.638 ms         1922 items_per_second=2.77244k/s
BM_main_graph$async_dispatch_157_embedded_elf_riscv_64_main_graph$async_dispatch_157_unpack_f32/process_time/real_time             0.355 ms        0.631 ms         1922 items_per_second=2.8148k/s
BM_main_graph$async_dispatch_157_embedded_elf_riscv_64_main_graph$async_dispatch_157_unpack_f32/process_time/real_time             0.344 ms        0.628 ms         1922 items_per_second=2.90705k/s
BM_main_graph$async_dispatch_157_embedded_elf_riscv_64_main_graph$async_dispatch_157_unpack_f32/process_time/real_time             0.347 ms        0.633 ms         1922 items_per_second=2.88381k/s
BM_main_graph$async_dispatch_157_embedded_elf_riscv_64_main_graph$async_dispatch_157_unpack_f32/process_time/real_time             0.346 ms        0.630 ms         1922 items_per_second=2.8861k/s
BM_main_graph$async_dispatch_157_embedded_elf_riscv_64_main_graph$async_dispatch_157_unpack_f32/process_time/real_time             0.345 ms        0.629 ms         1922 items_per_second=2.89451k/s
BM_main_graph$async_dispatch_157_embedded_elf_riscv_64_main_graph$async_dispatch_157_unpack_f32/process_time/real_time             0.348 ms        0.633 ms         1922 items_per_second=2.87436k/s
BM_main_graph$async_dispatch_157_embedded_elf_riscv_64_main_graph$async_dispatch_157_unpack_f32/process_time/real_time             0.346 ms        0.632 ms         1922 items_per_second=2.89225k/s
BM_main_graph$async_dispatch_157_embedded_elf_riscv_64_main_graph$async_dispatch_157_unpack_f32/process_time/real_time_mean        0.351 ms        0.633 ms           10 items_per_second=2.84713k/s
BM_main_graph$async_dispatch_157_embedded_elf_riscv_64_main_graph$async_dispatch_157_unpack_f32/process_time/real_time_median      0.347 ms        0.632 ms           10 items_per_second=2.87908k/s
BM_main_graph$async_dispatch_157_embedded_elf_riscv_64_main_graph$async_dispatch_157_unpack_f32/process_time/real_time_stddev      0.007 ms        0.004 ms           10 items_per_second=56.8623/s
BM_main_graph$async_dispatch_157_embedded_elf_riscv_64_main_graph$async_dispatch_157_unpack_f32/process_time/real_time_cv           2.02 %          0.69 %            10 items_per_second=2.00%
