2026-01-08T13:01:49.329992
Running tools/iree-benchmark-module --module=/home/dima/sched_vmfb/glpdepth/module_main_graph$async_dispatch_21_embedded_elf_riscv_64_benchmark.vmfb --device=local-task --function=main_graph$async_dispatch_21_embedded_elf_riscv_64_main_graph$async_dispatch_21_matmul_like_128x56x56x32_f32 --input=1xi32=1 --task_topology_cpu_ids=0,1,2,3 --benchmark_repetitions=10
2026-01-08T13:01:49+08:00
Running tools/iree-benchmark-module
Run on (8 X 1600 MHz CPU s)
CPU Caches:
  L1 Instruction 32 KiB (x8)
  L1 Data 32 KiB (x8)
  L2 Unified 512 KiB (x2)
Load Average: 5.63, 5.06, 4.59
--------------------------------------------------------------------------------------------------------------------------------------------------------------------------------------------------------
Benchmark                                                                                                                                              Time             CPU   Iterations UserCounters...
--------------------------------------------------------------------------------------------------------------------------------------------------------------------------------------------------------
BM_main_graph$async_dispatch_21_embedded_elf_riscv_64_main_graph$async_dispatch_21_matmul_like_128x56x56x32_f32/process_time/real_time              71.2 ms          250 ms           10 items_per_second=14.0362/s
BM_main_graph$async_dispatch_21_embedded_elf_riscv_64_main_graph$async_dispatch_21_matmul_like_128x56x56x32_f32/process_time/real_time              71.1 ms          250 ms           10 items_per_second=14.066/s
BM_main_graph$async_dispatch_21_embedded_elf_riscv_64_main_graph$async_dispatch_21_matmul_like_128x56x56x32_f32/process_time/real_time              71.1 ms          250 ms           10 items_per_second=14.0655/s
BM_main_graph$async_dispatch_21_embedded_elf_riscv_64_main_graph$async_dispatch_21_matmul_like_128x56x56x32_f32/process_time/real_time              71.2 ms          250 ms           10 items_per_second=14.0456/s
BM_main_graph$async_dispatch_21_embedded_elf_riscv_64_main_graph$async_dispatch_21_matmul_like_128x56x56x32_f32/process_time/real_time              71.2 ms          251 ms           10 items_per_second=14.0422/s
BM_main_graph$async_dispatch_21_embedded_elf_riscv_64_main_graph$async_dispatch_21_matmul_like_128x56x56x32_f32/process_time/real_time              71.1 ms          250 ms           10 items_per_second=14.0636/s
BM_main_graph$async_dispatch_21_embedded_elf_riscv_64_main_graph$async_dispatch_21_matmul_like_128x56x56x32_f32/process_time/real_time              71.2 ms          250 ms           10 items_per_second=14.0379/s
BM_main_graph$async_dispatch_21_embedded_elf_riscv_64_main_graph$async_dispatch_21_matmul_like_128x56x56x32_f32/process_time/real_time              71.2 ms          250 ms           10 items_per_second=14.0441/s
BM_main_graph$async_dispatch_21_embedded_elf_riscv_64_main_graph$async_dispatch_21_matmul_like_128x56x56x32_f32/process_time/real_time              71.2 ms          250 ms           10 items_per_second=14.051/s
BM_main_graph$async_dispatch_21_embedded_elf_riscv_64_main_graph$async_dispatch_21_matmul_like_128x56x56x32_f32/process_time/real_time              71.2 ms          250 ms           10 items_per_second=14.0493/s
BM_main_graph$async_dispatch_21_embedded_elf_riscv_64_main_graph$async_dispatch_21_matmul_like_128x56x56x32_f32/process_time/real_time_mean         71.2 ms          250 ms           10 items_per_second=14.0501/s
BM_main_graph$async_dispatch_21_embedded_elf_riscv_64_main_graph$async_dispatch_21_matmul_like_128x56x56x32_f32/process_time/real_time_median       71.2 ms          250 ms           10 items_per_second=14.0475/s
BM_main_graph$async_dispatch_21_embedded_elf_riscv_64_main_graph$async_dispatch_21_matmul_like_128x56x56x32_f32/process_time/real_time_stddev      0.057 ms        0.312 ms           10 items_per_second=0.0112263/s
BM_main_graph$async_dispatch_21_embedded_elf_riscv_64_main_graph$async_dispatch_21_matmul_like_128x56x56x32_f32/process_time/real_time_cv           0.08 %          0.12 %            10 items_per_second=0.08%
