2026-01-08T13:01:42.279475
Running tools/iree-benchmark-module --module=/home/dima/sched_vmfb/glpdepth/module_main_graph$async_dispatch_213_embedded_elf_riscv_64_benchmark.vmfb --device=local-task --function=main_graph$async_dispatch_213_embedded_elf_riscv_64_main_graph$async_dispatch_213_conv_224x224x64x3x3_f32 --input=1xi32=1 --task_topology_cpu_ids=0,1,2,3 --benchmark_repetitions=10
2026-01-08T13:01:42+08:00
Running tools/iree-benchmark-module
Run on (8 X 1600 MHz CPU s)
CPU Caches:
  L1 Instruction 32 KiB (x8)
  L1 Data 32 KiB (x8)
  L2 Unified 512 KiB (x2)
Load Average: 5.56, 5.02, 4.58
-----------------------------------------------------------------------------------------------------------------------------------------------------------------------------------------------------
Benchmark                                                                                                                                           Time             CPU   Iterations UserCounters...
-----------------------------------------------------------------------------------------------------------------------------------------------------------------------------------------------------
BM_main_graph$async_dispatch_213_embedded_elf_riscv_64_main_graph$async_dispatch_213_conv_224x224x64x3x3_f32/process_time/real_time              63.2 ms          194 ms           11 items_per_second=15.8176/s
BM_main_graph$async_dispatch_213_embedded_elf_riscv_64_main_graph$async_dispatch_213_conv_224x224x64x3x3_f32/process_time/real_time              63.3 ms          194 ms           11 items_per_second=15.7993/s
BM_main_graph$async_dispatch_213_embedded_elf_riscv_64_main_graph$async_dispatch_213_conv_224x224x64x3x3_f32/process_time/real_time              63.2 ms          194 ms           11 items_per_second=15.8194/s
BM_main_graph$async_dispatch_213_embedded_elf_riscv_64_main_graph$async_dispatch_213_conv_224x224x64x3x3_f32/process_time/real_time              63.2 ms          194 ms           11 items_per_second=15.8206/s
BM_main_graph$async_dispatch_213_embedded_elf_riscv_64_main_graph$async_dispatch_213_conv_224x224x64x3x3_f32/process_time/real_time              63.3 ms          194 ms           11 items_per_second=15.8076/s
BM_main_graph$async_dispatch_213_embedded_elf_riscv_64_main_graph$async_dispatch_213_conv_224x224x64x3x3_f32/process_time/real_time              63.3 ms          194 ms           11 items_per_second=15.8065/s
BM_main_graph$async_dispatch_213_embedded_elf_riscv_64_main_graph$async_dispatch_213_conv_224x224x64x3x3_f32/process_time/real_time              63.3 ms          194 ms           11 items_per_second=15.7984/s
BM_main_graph$async_dispatch_213_embedded_elf_riscv_64_main_graph$async_dispatch_213_conv_224x224x64x3x3_f32/process_time/real_time              63.2 ms          194 ms           11 items_per_second=15.8111/s
BM_main_graph$async_dispatch_213_embedded_elf_riscv_64_main_graph$async_dispatch_213_conv_224x224x64x3x3_f32/process_time/real_time              63.2 ms          194 ms           11 items_per_second=15.8244/s
BM_main_graph$async_dispatch_213_embedded_elf_riscv_64_main_graph$async_dispatch_213_conv_224x224x64x3x3_f32/process_time/real_time              63.2 ms          194 ms           11 items_per_second=15.8263/s
BM_main_graph$async_dispatch_213_embedded_elf_riscv_64_main_graph$async_dispatch_213_conv_224x224x64x3x3_f32/process_time/real_time_mean         63.2 ms          194 ms           10 items_per_second=15.8131/s
BM_main_graph$async_dispatch_213_embedded_elf_riscv_64_main_graph$async_dispatch_213_conv_224x224x64x3x3_f32/process_time/real_time_median       63.2 ms          194 ms           10 items_per_second=15.8144/s
BM_main_graph$async_dispatch_213_embedded_elf_riscv_64_main_graph$async_dispatch_213_conv_224x224x64x3x3_f32/process_time/real_time_stddev      0.040 ms        0.139 ms           10 items_per_second=0.0100086/s
BM_main_graph$async_dispatch_213_embedded_elf_riscv_64_main_graph$async_dispatch_213_conv_224x224x64x3x3_f32/process_time/real_time_cv           0.06 %          0.07 %            10 items_per_second=0.06%
