2026-01-08T12:55:56.325170
Running tools/iree-benchmark-module --module=/home/dima/sched_vmfb/glpdepth/module_main_graph$async_dispatch_152_embedded_elf_riscv_64_benchmark.vmfb --device=local-task --function=main_graph$async_dispatch_152_embedded_elf_riscv_64_main_graph$async_dispatch_152_unpack_f32 --input=1xi32=1 --task_topology_cpu_ids=0,1,2,3 --benchmark_repetitions=10
2026-01-08T12:55:56+08:00
Running tools/iree-benchmark-module
Run on (8 X 1600 MHz CPU s)
CPU Caches:
  L1 Instruction 32 KiB (x8)
  L1 Data 32 KiB (x8)
  L2 Unified 512 KiB (x2)
Load Average: 4.88, 4.81, 4.38
----------------------------------------------------------------------------------------------------------------------------------------------------------------------------------------
Benchmark                                                                                                                              Time             CPU   Iterations UserCounters...
----------------------------------------------------------------------------------------------------------------------------------------------------------------------------------------
BM_main_graph$async_dispatch_152_embedded_elf_riscv_64_main_graph$async_dispatch_152_unpack_f32/process_time/real_time             0.116 ms        0.222 ms         6044 items_per_second=8.61769k/s
BM_main_graph$async_dispatch_152_embedded_elf_riscv_64_main_graph$async_dispatch_152_unpack_f32/process_time/real_time             0.116 ms        0.222 ms         6044 items_per_second=8.61215k/s
BM_main_graph$async_dispatch_152_embedded_elf_riscv_64_main_graph$async_dispatch_152_unpack_f32/process_time/real_time             0.116 ms        0.221 ms         6044 items_per_second=8.64613k/s
BM_main_graph$async_dispatch_152_embedded_elf_riscv_64_main_graph$async_dispatch_152_unpack_f32/process_time/real_time             0.115 ms        0.221 ms         6044 items_per_second=8.66817k/s
BM_main_graph$async_dispatch_152_embedded_elf_riscv_64_main_graph$async_dispatch_152_unpack_f32/process_time/real_time             0.116 ms        0.221 ms         6044 items_per_second=8.65493k/s
BM_main_graph$async_dispatch_152_embedded_elf_riscv_64_main_graph$async_dispatch_152_unpack_f32/process_time/real_time             0.116 ms        0.222 ms         6044 items_per_second=8.63259k/s
BM_main_graph$async_dispatch_152_embedded_elf_riscv_64_main_graph$async_dispatch_152_unpack_f32/process_time/real_time             0.115 ms        0.221 ms         6044 items_per_second=8.67976k/s
BM_main_graph$async_dispatch_152_embedded_elf_riscv_64_main_graph$async_dispatch_152_unpack_f32/process_time/real_time             0.116 ms        0.221 ms         6044 items_per_second=8.65365k/s
BM_main_graph$async_dispatch_152_embedded_elf_riscv_64_main_graph$async_dispatch_152_unpack_f32/process_time/real_time             0.115 ms        0.221 ms         6044 items_per_second=8.68262k/s
BM_main_graph$async_dispatch_152_embedded_elf_riscv_64_main_graph$async_dispatch_152_unpack_f32/process_time/real_time             0.115 ms        0.221 ms         6044 items_per_second=8.65828k/s
BM_main_graph$async_dispatch_152_embedded_elf_riscv_64_main_graph$async_dispatch_152_unpack_f32/process_time/real_time_mean        0.116 ms        0.221 ms           10 items_per_second=8.6506k/s
BM_main_graph$async_dispatch_152_embedded_elf_riscv_64_main_graph$async_dispatch_152_unpack_f32/process_time/real_time_median      0.116 ms        0.221 ms           10 items_per_second=8.65429k/s
BM_main_graph$async_dispatch_152_embedded_elf_riscv_64_main_graph$async_dispatch_152_unpack_f32/process_time/real_time_stddev      0.000 ms        0.000 ms           10 items_per_second=23.9842/s
BM_main_graph$async_dispatch_152_embedded_elf_riscv_64_main_graph$async_dispatch_152_unpack_f32/process_time/real_time_cv           0.28 %          0.20 %            10 items_per_second=0.28%
