2026-01-08T12:59:55.808045
Running tools/iree-benchmark-module --module=/home/dima/sched_vmfb/glpdepth/module_main_graph$async_dispatch_203_embedded_elf_riscv_64_benchmark.vmfb --device=local-task --function=main_graph$async_dispatch_203_embedded_elf_riscv_64_main_graph$async_dispatch_203_elementwise_broadcast_200704_f32 --input=1xi32=1 --task_topology_cpu_ids=0,1,2,3 --benchmark_repetitions=10
2026-01-08T12:59:55+08:00
Running tools/iree-benchmark-module
Run on (8 X 1600 MHz CPU s)
CPU Caches:
  L1 Instruction 32 KiB (x8)
  L1 Data 32 KiB (x8)
  L2 Unified 512 KiB (x2)
Load Average: 4.80, 4.76, 4.45
--------------------------------------------------------------------------------------------------------------------------------------------------------------------------------------------------------------
Benchmark                                                                                                                                                    Time             CPU   Iterations UserCounters...
--------------------------------------------------------------------------------------------------------------------------------------------------------------------------------------------------------------
BM_main_graph$async_dispatch_203_embedded_elf_riscv_64_main_graph$async_dispatch_203_elementwise_broadcast_200704_f32/process_time/real_time              3.06 ms         9.14 ms          228 items_per_second=326.997/s
BM_main_graph$async_dispatch_203_embedded_elf_riscv_64_main_graph$async_dispatch_203_elementwise_broadcast_200704_f32/process_time/real_time              3.09 ms         9.15 ms          228 items_per_second=323.146/s
BM_main_graph$async_dispatch_203_embedded_elf_riscv_64_main_graph$async_dispatch_203_elementwise_broadcast_200704_f32/process_time/real_time              3.07 ms         9.13 ms          228 items_per_second=325.656/s
BM_main_graph$async_dispatch_203_embedded_elf_riscv_64_main_graph$async_dispatch_203_elementwise_broadcast_200704_f32/process_time/real_time              3.07 ms         9.13 ms          228 items_per_second=325.915/s
BM_main_graph$async_dispatch_203_embedded_elf_riscv_64_main_graph$async_dispatch_203_elementwise_broadcast_200704_f32/process_time/real_time              3.09 ms         9.13 ms          228 items_per_second=323.191/s
BM_main_graph$async_dispatch_203_embedded_elf_riscv_64_main_graph$async_dispatch_203_elementwise_broadcast_200704_f32/process_time/real_time              3.08 ms         9.12 ms          228 items_per_second=324.559/s
BM_main_graph$async_dispatch_203_embedded_elf_riscv_64_main_graph$async_dispatch_203_elementwise_broadcast_200704_f32/process_time/real_time              3.07 ms         9.13 ms          228 items_per_second=326.097/s
BM_main_graph$async_dispatch_203_embedded_elf_riscv_64_main_graph$async_dispatch_203_elementwise_broadcast_200704_f32/process_time/real_time              3.07 ms         9.15 ms          228 items_per_second=325.618/s
BM_main_graph$async_dispatch_203_embedded_elf_riscv_64_main_graph$async_dispatch_203_elementwise_broadcast_200704_f32/process_time/real_time              3.06 ms         9.12 ms          228 items_per_second=326.759/s
BM_main_graph$async_dispatch_203_embedded_elf_riscv_64_main_graph$async_dispatch_203_elementwise_broadcast_200704_f32/process_time/real_time              3.06 ms         9.12 ms          228 items_per_second=326.584/s
BM_main_graph$async_dispatch_203_embedded_elf_riscv_64_main_graph$async_dispatch_203_elementwise_broadcast_200704_f32/process_time/real_time_mean         3.07 ms         9.13 ms           10 items_per_second=325.452/s
BM_main_graph$async_dispatch_203_embedded_elf_riscv_64_main_graph$async_dispatch_203_elementwise_broadcast_200704_f32/process_time/real_time_median       3.07 ms         9.13 ms           10 items_per_second=325.785/s
BM_main_graph$async_dispatch_203_embedded_elf_riscv_64_main_graph$async_dispatch_203_elementwise_broadcast_200704_f32/process_time/real_time_stddev      0.013 ms        0.011 ms           10 items_per_second=1.38645/s
BM_main_graph$async_dispatch_203_embedded_elf_riscv_64_main_graph$async_dispatch_203_elementwise_broadcast_200704_f32/process_time/real_time_cv           0.43 %          0.12 %            10 items_per_second=0.43%
