2026-01-08T12:52:52.471758
Running tools/iree-benchmark-module --module=/home/dima/sched_vmfb/glpdepth/module_main_graph$async_dispatch_109_embedded_elf_riscv_64_benchmark.vmfb --device=local-task --function=main_graph$async_dispatch_109_embedded_elf_riscv_64_main_graph$async_dispatch_109_pack_f32 --input=1xi32=1 --task_topology_cpu_ids=0,1,2,3 --benchmark_repetitions=10
2026-01-08T12:52:52+08:00
Running tools/iree-benchmark-module
Run on (8 X 1600 MHz CPU s)
CPU Caches:
  L1 Instruction 32 KiB (x8)
  L1 Data 32 KiB (x8)
  L2 Unified 512 KiB (x2)
Load Average: 4.89, 4.70, 4.25
--------------------------------------------------------------------------------------------------------------------------------------------------------------------------------------
Benchmark                                                                                                                            Time             CPU   Iterations UserCounters...
--------------------------------------------------------------------------------------------------------------------------------------------------------------------------------------
BM_main_graph$async_dispatch_109_embedded_elf_riscv_64_main_graph$async_dispatch_109_pack_f32/process_time/real_time             0.467 ms         1.39 ms         1489 items_per_second=2.13922k/s
BM_main_graph$async_dispatch_109_embedded_elf_riscv_64_main_graph$async_dispatch_109_pack_f32/process_time/real_time             0.468 ms         1.39 ms         1489 items_per_second=2.13765k/s
BM_main_graph$async_dispatch_109_embedded_elf_riscv_64_main_graph$async_dispatch_109_pack_f32/process_time/real_time             0.468 ms         1.40 ms         1489 items_per_second=2.13742k/s
BM_main_graph$async_dispatch_109_embedded_elf_riscv_64_main_graph$async_dispatch_109_pack_f32/process_time/real_time             0.472 ms         1.40 ms         1489 items_per_second=2.1171k/s
BM_main_graph$async_dispatch_109_embedded_elf_riscv_64_main_graph$async_dispatch_109_pack_f32/process_time/real_time             0.473 ms         1.40 ms         1489 items_per_second=2.11374k/s
BM_main_graph$async_dispatch_109_embedded_elf_riscv_64_main_graph$async_dispatch_109_pack_f32/process_time/real_time             0.479 ms         1.40 ms         1489 items_per_second=2.08742k/s
BM_main_graph$async_dispatch_109_embedded_elf_riscv_64_main_graph$async_dispatch_109_pack_f32/process_time/real_time             0.475 ms         1.40 ms         1489 items_per_second=2.10622k/s
BM_main_graph$async_dispatch_109_embedded_elf_riscv_64_main_graph$async_dispatch_109_pack_f32/process_time/real_time             0.471 ms         1.40 ms         1489 items_per_second=2.12212k/s
BM_main_graph$async_dispatch_109_embedded_elf_riscv_64_main_graph$async_dispatch_109_pack_f32/process_time/real_time             0.478 ms         1.40 ms         1489 items_per_second=2.09237k/s
BM_main_graph$async_dispatch_109_embedded_elf_riscv_64_main_graph$async_dispatch_109_pack_f32/process_time/real_time             0.473 ms         1.40 ms         1489 items_per_second=2.1135k/s
BM_main_graph$async_dispatch_109_embedded_elf_riscv_64_main_graph$async_dispatch_109_pack_f32/process_time/real_time_mean        0.472 ms         1.40 ms           10 items_per_second=2.11668k/s
BM_main_graph$async_dispatch_109_embedded_elf_riscv_64_main_graph$async_dispatch_109_pack_f32/process_time/real_time_median      0.473 ms         1.40 ms           10 items_per_second=2.11542k/s
BM_main_graph$async_dispatch_109_embedded_elf_riscv_64_main_graph$async_dispatch_109_pack_f32/process_time/real_time_stddev      0.004 ms        0.001 ms           10 items_per_second=18.2059/s
BM_main_graph$async_dispatch_109_embedded_elf_riscv_64_main_graph$async_dispatch_109_pack_f32/process_time/real_time_cv           0.86 %          0.10 %            10 items_per_second=0.86%
