2026-01-08T12:59:12.865935
Running tools/iree-benchmark-module --module=/home/dima/sched_vmfb/glpdepth/module_main_graph$async_dispatch_198_embedded_elf_riscv_64_benchmark.vmfb --device=local-task --function=main_graph$async_dispatch_198_embedded_elf_riscv_64_main_graph$async_dispatch_198_slow_memcpy --input=1xi32=1 --task_topology_cpu_ids=0,1,2,3 --benchmark_repetitions=10
2026-01-08T12:59:12+08:00
Running tools/iree-benchmark-module
Run on (8 X 1600 MHz CPU s)
CPU Caches:
  L1 Instruction 32 KiB (x8)
  L1 Data 32 KiB (x8)
  L2 Unified 512 KiB (x2)
Load Average: 4.70, 4.75, 4.43
-----------------------------------------------------------------------------------------------------------------------------------------------------------------------------------------
Benchmark                                                                                                                               Time             CPU   Iterations UserCounters...
-----------------------------------------------------------------------------------------------------------------------------------------------------------------------------------------
BM_main_graph$async_dispatch_198_embedded_elf_riscv_64_main_graph$async_dispatch_198_slow_memcpy/process_time/real_time             0.220 ms        0.592 ms         3163 items_per_second=4.54615k/s
BM_main_graph$async_dispatch_198_embedded_elf_riscv_64_main_graph$async_dispatch_198_slow_memcpy/process_time/real_time             0.220 ms        0.592 ms         3163 items_per_second=4.5526k/s
BM_main_graph$async_dispatch_198_embedded_elf_riscv_64_main_graph$async_dispatch_198_slow_memcpy/process_time/real_time             0.222 ms        0.593 ms         3163 items_per_second=4.51349k/s
BM_main_graph$async_dispatch_198_embedded_elf_riscv_64_main_graph$async_dispatch_198_slow_memcpy/process_time/real_time             0.219 ms        0.591 ms         3163 items_per_second=4.57606k/s
BM_main_graph$async_dispatch_198_embedded_elf_riscv_64_main_graph$async_dispatch_198_slow_memcpy/process_time/real_time             0.220 ms        0.592 ms         3163 items_per_second=4.55052k/s
BM_main_graph$async_dispatch_198_embedded_elf_riscv_64_main_graph$async_dispatch_198_slow_memcpy/process_time/real_time             0.222 ms        0.594 ms         3163 items_per_second=4.51361k/s
BM_main_graph$async_dispatch_198_embedded_elf_riscv_64_main_graph$async_dispatch_198_slow_memcpy/process_time/real_time             0.220 ms        0.593 ms         3163 items_per_second=4.53917k/s
BM_main_graph$async_dispatch_198_embedded_elf_riscv_64_main_graph$async_dispatch_198_slow_memcpy/process_time/real_time             0.222 ms        0.596 ms         3163 items_per_second=4.50827k/s
BM_main_graph$async_dispatch_198_embedded_elf_riscv_64_main_graph$async_dispatch_198_slow_memcpy/process_time/real_time             0.218 ms        0.591 ms         3163 items_per_second=4.57956k/s
BM_main_graph$async_dispatch_198_embedded_elf_riscv_64_main_graph$async_dispatch_198_slow_memcpy/process_time/real_time             0.219 ms        0.591 ms         3163 items_per_second=4.56503k/s
BM_main_graph$async_dispatch_198_embedded_elf_riscv_64_main_graph$async_dispatch_198_slow_memcpy/process_time/real_time_mean        0.220 ms        0.593 ms           10 items_per_second=4.54445k/s
BM_main_graph$async_dispatch_198_embedded_elf_riscv_64_main_graph$async_dispatch_198_slow_memcpy/process_time/real_time_median      0.220 ms        0.592 ms           10 items_per_second=4.54834k/s
BM_main_graph$async_dispatch_198_embedded_elf_riscv_64_main_graph$async_dispatch_198_slow_memcpy/process_time/real_time_stddev      0.001 ms        0.002 ms           10 items_per_second=25.8386/s
BM_main_graph$async_dispatch_198_embedded_elf_riscv_64_main_graph$async_dispatch_198_slow_memcpy/process_time/real_time_cv           0.57 %          0.27 %            10 items_per_second=0.57%
