2026-01-08T13:04:06.001410
Running tools/iree-benchmark-module --module=/home/dima/sched_vmfb/glpdepth/module_main_graph$async_dispatch_62_embedded_elf_riscv_64_benchmark.vmfb --device=local-task --function=main_graph$async_dispatch_62_embedded_elf_riscv_64_main_graph$async_dispatch_62_pack_f32 --input=1xi32=1 --task_topology_cpu_ids=0,1,2,3 --benchmark_repetitions=10
2026-01-08T13:04:06+08:00
Running tools/iree-benchmark-module
Run on (8 X 1600 MHz CPU s)
CPU Caches:
  L1 Instruction 32 KiB (x8)
  L1 Data 32 KiB (x8)
  L2 Unified 512 KiB (x2)
Load Average: 5.30, 5.16, 4.70
------------------------------------------------------------------------------------------------------------------------------------------------------------------------------------
Benchmark                                                                                                                          Time             CPU   Iterations UserCounters...
------------------------------------------------------------------------------------------------------------------------------------------------------------------------------------
BM_main_graph$async_dispatch_62_embedded_elf_riscv_64_main_graph$async_dispatch_62_pack_f32/process_time/real_time             0.738 ms         2.11 ms          947 items_per_second=1.35428k/s
BM_main_graph$async_dispatch_62_embedded_elf_riscv_64_main_graph$async_dispatch_62_pack_f32/process_time/real_time             0.737 ms         2.11 ms          947 items_per_second=1.35755k/s
BM_main_graph$async_dispatch_62_embedded_elf_riscv_64_main_graph$async_dispatch_62_pack_f32/process_time/real_time             0.738 ms         2.11 ms          947 items_per_second=1.35469k/s
BM_main_graph$async_dispatch_62_embedded_elf_riscv_64_main_graph$async_dispatch_62_pack_f32/process_time/real_time             0.737 ms         2.11 ms          947 items_per_second=1.35692k/s
BM_main_graph$async_dispatch_62_embedded_elf_riscv_64_main_graph$async_dispatch_62_pack_f32/process_time/real_time             0.738 ms         2.11 ms          947 items_per_second=1.35512k/s
BM_main_graph$async_dispatch_62_embedded_elf_riscv_64_main_graph$async_dispatch_62_pack_f32/process_time/real_time             0.749 ms         2.11 ms          947 items_per_second=1.33591k/s
BM_main_graph$async_dispatch_62_embedded_elf_riscv_64_main_graph$async_dispatch_62_pack_f32/process_time/real_time             0.746 ms         2.11 ms          947 items_per_second=1.34126k/s
BM_main_graph$async_dispatch_62_embedded_elf_riscv_64_main_graph$async_dispatch_62_pack_f32/process_time/real_time             0.744 ms         2.11 ms          947 items_per_second=1.34331k/s
BM_main_graph$async_dispatch_62_embedded_elf_riscv_64_main_graph$async_dispatch_62_pack_f32/process_time/real_time             0.757 ms         2.12 ms          947 items_per_second=1.32182k/s
BM_main_graph$async_dispatch_62_embedded_elf_riscv_64_main_graph$async_dispatch_62_pack_f32/process_time/real_time             0.738 ms         2.11 ms          947 items_per_second=1.35555k/s
BM_main_graph$async_dispatch_62_embedded_elf_riscv_64_main_graph$async_dispatch_62_pack_f32/process_time/real_time_mean        0.742 ms         2.11 ms           10 items_per_second=1.34764k/s
BM_main_graph$async_dispatch_62_embedded_elf_riscv_64_main_graph$async_dispatch_62_pack_f32/process_time/real_time_median      0.738 ms         2.11 ms           10 items_per_second=1.35449k/s
BM_main_graph$async_dispatch_62_embedded_elf_riscv_64_main_graph$async_dispatch_62_pack_f32/process_time/real_time_stddev      0.007 ms        0.002 ms           10 items_per_second=11.8338/s
BM_main_graph$async_dispatch_62_embedded_elf_riscv_64_main_graph$async_dispatch_62_pack_f32/process_time/real_time_cv           0.89 %          0.11 %            10 items_per_second=0.88%
