2026-01-08T12:58:43.691197
Running tools/iree-benchmark-module --module=/home/dima/sched_vmfb/glpdepth/module_main_graph$async_dispatch_194_embedded_elf_riscv_64_benchmark.vmfb --device=local-task --function=main_graph$async_dispatch_194_embedded_elf_riscv_64_main_graph$async_dispatch_194_conv_2x14x14x32x3x3_f32 --input=1xi32=1 --task_topology_cpu_ids=0,1,2,3 --benchmark_repetitions=10
2026-01-08T12:58:43+08:00
Running tools/iree-benchmark-module
Run on (8 X 1600 MHz CPU s)
CPU Caches:
  L1 Instruction 32 KiB (x8)
  L1 Data 32 KiB (x8)
  L2 Unified 512 KiB (x2)
Load Average: 4.75, 4.76, 4.42
-----------------------------------------------------------------------------------------------------------------------------------------------------------------------------------------------------
Benchmark                                                                                                                                           Time             CPU   Iterations UserCounters...
-----------------------------------------------------------------------------------------------------------------------------------------------------------------------------------------------------
BM_main_graph$async_dispatch_194_embedded_elf_riscv_64_main_graph$async_dispatch_194_conv_2x14x14x32x3x3_f32/process_time/real_time             0.304 ms        0.877 ms         2317 items_per_second=3.28908k/s
BM_main_graph$async_dispatch_194_embedded_elf_riscv_64_main_graph$async_dispatch_194_conv_2x14x14x32x3x3_f32/process_time/real_time             0.299 ms        0.872 ms         2317 items_per_second=3.34584k/s
BM_main_graph$async_dispatch_194_embedded_elf_riscv_64_main_graph$async_dispatch_194_conv_2x14x14x32x3x3_f32/process_time/real_time             0.298 ms        0.872 ms         2317 items_per_second=3.35655k/s
BM_main_graph$async_dispatch_194_embedded_elf_riscv_64_main_graph$async_dispatch_194_conv_2x14x14x32x3x3_f32/process_time/real_time             0.301 ms        0.874 ms         2317 items_per_second=3.31827k/s
BM_main_graph$async_dispatch_194_embedded_elf_riscv_64_main_graph$async_dispatch_194_conv_2x14x14x32x3x3_f32/process_time/real_time             0.301 ms        0.876 ms         2317 items_per_second=3.32091k/s
BM_main_graph$async_dispatch_194_embedded_elf_riscv_64_main_graph$async_dispatch_194_conv_2x14x14x32x3x3_f32/process_time/real_time             0.300 ms        0.871 ms         2317 items_per_second=3.3333k/s
BM_main_graph$async_dispatch_194_embedded_elf_riscv_64_main_graph$async_dispatch_194_conv_2x14x14x32x3x3_f32/process_time/real_time             0.301 ms        0.873 ms         2317 items_per_second=3.32526k/s
BM_main_graph$async_dispatch_194_embedded_elf_riscv_64_main_graph$async_dispatch_194_conv_2x14x14x32x3x3_f32/process_time/real_time             0.298 ms        0.871 ms         2317 items_per_second=3.35802k/s
BM_main_graph$async_dispatch_194_embedded_elf_riscv_64_main_graph$async_dispatch_194_conv_2x14x14x32x3x3_f32/process_time/real_time             0.300 ms        0.873 ms         2317 items_per_second=3.33735k/s
BM_main_graph$async_dispatch_194_embedded_elf_riscv_64_main_graph$async_dispatch_194_conv_2x14x14x32x3x3_f32/process_time/real_time             0.302 ms        0.874 ms         2317 items_per_second=3.3065k/s
BM_main_graph$async_dispatch_194_embedded_elf_riscv_64_main_graph$async_dispatch_194_conv_2x14x14x32x3x3_f32/process_time/real_time_mean        0.300 ms        0.873 ms           10 items_per_second=3.32911k/s
BM_main_graph$async_dispatch_194_embedded_elf_riscv_64_main_graph$async_dispatch_194_conv_2x14x14x32x3x3_f32/process_time/real_time_median      0.300 ms        0.873 ms           10 items_per_second=3.32928k/s
BM_main_graph$async_dispatch_194_embedded_elf_riscv_64_main_graph$async_dispatch_194_conv_2x14x14x32x3x3_f32/process_time/real_time_stddev      0.002 ms        0.002 ms           10 items_per_second=21.773/s
BM_main_graph$async_dispatch_194_embedded_elf_riscv_64_main_graph$async_dispatch_194_conv_2x14x14x32x3x3_f32/process_time/real_time_cv           0.66 %          0.24 %            10 items_per_second=0.65%
