2026-01-08T12:54:49.751079
Running tools/iree-benchmark-module --module=/home/dima/sched_vmfb/glpdepth/module_main_graph$async_dispatch_144_embedded_elf_riscv_64_benchmark.vmfb --device=local-task --function=main_graph$async_dispatch_144_embedded_elf_riscv_64_main_graph$async_dispatch_144_reduction_196x160_f32 --input=1xi32=1 --task_topology_cpu_ids=0,1,2,3 --benchmark_repetitions=10
2026-01-08T12:54:49+08:00
Running tools/iree-benchmark-module
Run on (8 X 1600 MHz CPU s)
CPU Caches:
  L1 Instruction 32 KiB (x8)
  L1 Data 32 KiB (x8)
  L2 Unified 512 KiB (x2)
Load Average: 4.94, 4.79, 4.34
---------------------------------------------------------------------------------------------------------------------------------------------------------------------------------------------------
Benchmark                                                                                                                                         Time             CPU   Iterations UserCounters...
---------------------------------------------------------------------------------------------------------------------------------------------------------------------------------------------------
BM_main_graph$async_dispatch_144_embedded_elf_riscv_64_main_graph$async_dispatch_144_reduction_196x160_f32/process_time/real_time             0.446 ms         1.37 ms         1566 items_per_second=2.2398k/s
BM_main_graph$async_dispatch_144_embedded_elf_riscv_64_main_graph$async_dispatch_144_reduction_196x160_f32/process_time/real_time             0.446 ms         1.37 ms         1566 items_per_second=2.23996k/s
BM_main_graph$async_dispatch_144_embedded_elf_riscv_64_main_graph$async_dispatch_144_reduction_196x160_f32/process_time/real_time             0.448 ms         1.37 ms         1566 items_per_second=2.2302k/s
BM_main_graph$async_dispatch_144_embedded_elf_riscv_64_main_graph$async_dispatch_144_reduction_196x160_f32/process_time/real_time             0.448 ms         1.37 ms         1566 items_per_second=2.23129k/s
BM_main_graph$async_dispatch_144_embedded_elf_riscv_64_main_graph$async_dispatch_144_reduction_196x160_f32/process_time/real_time             0.450 ms         1.37 ms         1566 items_per_second=2.22299k/s
BM_main_graph$async_dispatch_144_embedded_elf_riscv_64_main_graph$async_dispatch_144_reduction_196x160_f32/process_time/real_time             0.452 ms         1.37 ms         1566 items_per_second=2.21163k/s
BM_main_graph$async_dispatch_144_embedded_elf_riscv_64_main_graph$async_dispatch_144_reduction_196x160_f32/process_time/real_time             0.451 ms         1.37 ms         1566 items_per_second=2.21767k/s
BM_main_graph$async_dispatch_144_embedded_elf_riscv_64_main_graph$async_dispatch_144_reduction_196x160_f32/process_time/real_time             0.452 ms         1.37 ms         1566 items_per_second=2.21034k/s
BM_main_graph$async_dispatch_144_embedded_elf_riscv_64_main_graph$async_dispatch_144_reduction_196x160_f32/process_time/real_time             0.450 ms         1.37 ms         1566 items_per_second=2.22176k/s
BM_main_graph$async_dispatch_144_embedded_elf_riscv_64_main_graph$async_dispatch_144_reduction_196x160_f32/process_time/real_time             0.449 ms         1.37 ms         1566 items_per_second=2.22767k/s
BM_main_graph$async_dispatch_144_embedded_elf_riscv_64_main_graph$async_dispatch_144_reduction_196x160_f32/process_time/real_time_mean        0.449 ms         1.37 ms           10 items_per_second=2.22533k/s
BM_main_graph$async_dispatch_144_embedded_elf_riscv_64_main_graph$async_dispatch_144_reduction_196x160_f32/process_time/real_time_median      0.449 ms         1.37 ms           10 items_per_second=2.22533k/s
BM_main_graph$async_dispatch_144_embedded_elf_riscv_64_main_graph$async_dispatch_144_reduction_196x160_f32/process_time/real_time_stddev      0.002 ms        0.002 ms           10 items_per_second=10.4206/s
BM_main_graph$async_dispatch_144_embedded_elf_riscv_64_main_graph$async_dispatch_144_reduction_196x160_f32/process_time/real_time_cv           0.47 %          0.12 %            10 items_per_second=0.47%
