2026-01-08T13:03:16.885548
Running tools/iree-benchmark-module --module=/home/dima/sched_vmfb/glpdepth/module_main_graph$async_dispatch_56_embedded_elf_riscv_64_benchmark.vmfb --device=local-task --function=main_graph$async_dispatch_56_embedded_elf_riscv_64_main_graph$async_dispatch_56_reduction_49x64_f32 --input=1xi32=1 --task_topology_cpu_ids=0,1,2,3 --benchmark_repetitions=10
2026-01-08T13:03:16+08:00
Running tools/iree-benchmark-module
Run on (8 X 1600 MHz CPU s)
CPU Caches:
  L1 Instruction 32 KiB (x8)
  L1 Data 32 KiB (x8)
  L2 Unified 512 KiB (x2)
Load Average: 5.55, 5.20, 4.69
-----------------------------------------------------------------------------------------------------------------------------------------------------------------------------------------------
Benchmark                                                                                                                                     Time             CPU   Iterations UserCounters...
-----------------------------------------------------------------------------------------------------------------------------------------------------------------------------------------------
BM_main_graph$async_dispatch_56_embedded_elf_riscv_64_main_graph$async_dispatch_56_reduction_49x64_f32/process_time/real_time             0.145 ms        0.332 ms         4787 items_per_second=6.88174k/s
BM_main_graph$async_dispatch_56_embedded_elf_riscv_64_main_graph$async_dispatch_56_reduction_49x64_f32/process_time/real_time             0.144 ms        0.330 ms         4787 items_per_second=6.92579k/s
BM_main_graph$async_dispatch_56_embedded_elf_riscv_64_main_graph$async_dispatch_56_reduction_49x64_f32/process_time/real_time             0.145 ms        0.331 ms         4787 items_per_second=6.89659k/s
BM_main_graph$async_dispatch_56_embedded_elf_riscv_64_main_graph$async_dispatch_56_reduction_49x64_f32/process_time/real_time             0.146 ms        0.333 ms         4787 items_per_second=6.84895k/s
BM_main_graph$async_dispatch_56_embedded_elf_riscv_64_main_graph$async_dispatch_56_reduction_49x64_f32/process_time/real_time             0.146 ms        0.333 ms         4787 items_per_second=6.8623k/s
BM_main_graph$async_dispatch_56_embedded_elf_riscv_64_main_graph$async_dispatch_56_reduction_49x64_f32/process_time/real_time             0.148 ms        0.333 ms         4787 items_per_second=6.7689k/s
BM_main_graph$async_dispatch_56_embedded_elf_riscv_64_main_graph$async_dispatch_56_reduction_49x64_f32/process_time/real_time             0.147 ms        0.333 ms         4787 items_per_second=6.78571k/s
BM_main_graph$async_dispatch_56_embedded_elf_riscv_64_main_graph$async_dispatch_56_reduction_49x64_f32/process_time/real_time             0.147 ms        0.333 ms         4787 items_per_second=6.7923k/s
BM_main_graph$async_dispatch_56_embedded_elf_riscv_64_main_graph$async_dispatch_56_reduction_49x64_f32/process_time/real_time             0.149 ms        0.333 ms         4787 items_per_second=6.71954k/s
BM_main_graph$async_dispatch_56_embedded_elf_riscv_64_main_graph$async_dispatch_56_reduction_49x64_f32/process_time/real_time             0.147 ms        0.333 ms         4787 items_per_second=6.79664k/s
BM_main_graph$async_dispatch_56_embedded_elf_riscv_64_main_graph$async_dispatch_56_reduction_49x64_f32/process_time/real_time_mean        0.146 ms        0.332 ms           10 items_per_second=6.82784k/s
BM_main_graph$async_dispatch_56_embedded_elf_riscv_64_main_graph$async_dispatch_56_reduction_49x64_f32/process_time/real_time_median      0.147 ms        0.333 ms           10 items_per_second=6.82279k/s
BM_main_graph$async_dispatch_56_embedded_elf_riscv_64_main_graph$async_dispatch_56_reduction_49x64_f32/process_time/real_time_stddev      0.001 ms        0.001 ms           10 items_per_second=65.0416/s
BM_main_graph$async_dispatch_56_embedded_elf_riscv_64_main_graph$async_dispatch_56_reduction_49x64_f32/process_time/real_time_cv           0.95 %          0.29 %            10 items_per_second=0.95%
