2026-01-08T13:05:54.708873
Running tools/iree-benchmark-module --module=/home/dima/sched_vmfb/glpdepth/module_main_graph$async_dispatch_97_embedded_elf_riscv_64_benchmark.vmfb --device=local-task --function=main_graph$async_dispatch_97_embedded_elf_riscv_64_main_graph$async_dispatch_97_reduction_784x64_f32 --input=1xi32=1 --task_topology_cpu_ids=0,1,2,3 --benchmark_repetitions=10
2026-01-08T13:05:54+08:00
Running tools/iree-benchmark-module
Run on (8 X 1600 MHz CPU s)
CPU Caches:
  L1 Instruction 32 KiB (x8)
  L1 Data 32 KiB (x8)
  L2 Unified 512 KiB (x2)
Load Average: 5.23, 5.15, 4.75
------------------------------------------------------------------------------------------------------------------------------------------------------------------------------------------------
Benchmark                                                                                                                                      Time             CPU   Iterations UserCounters...
------------------------------------------------------------------------------------------------------------------------------------------------------------------------------------------------
BM_main_graph$async_dispatch_97_embedded_elf_riscv_64_main_graph$async_dispatch_97_reduction_784x64_f32/process_time/real_time             0.724 ms         2.58 ms          973 items_per_second=1.38032k/s
BM_main_graph$async_dispatch_97_embedded_elf_riscv_64_main_graph$async_dispatch_97_reduction_784x64_f32/process_time/real_time             0.717 ms         2.57 ms          973 items_per_second=1.39473k/s
BM_main_graph$async_dispatch_97_embedded_elf_riscv_64_main_graph$async_dispatch_97_reduction_784x64_f32/process_time/real_time             0.735 ms         2.60 ms          973 items_per_second=1.35982k/s
BM_main_graph$async_dispatch_97_embedded_elf_riscv_64_main_graph$async_dispatch_97_reduction_784x64_f32/process_time/real_time             0.722 ms         2.57 ms          973 items_per_second=1.38593k/s
BM_main_graph$async_dispatch_97_embedded_elf_riscv_64_main_graph$async_dispatch_97_reduction_784x64_f32/process_time/real_time             0.717 ms         2.57 ms          973 items_per_second=1.39485k/s
BM_main_graph$async_dispatch_97_embedded_elf_riscv_64_main_graph$async_dispatch_97_reduction_784x64_f32/process_time/real_time             0.727 ms         2.57 ms          973 items_per_second=1.37548k/s
BM_main_graph$async_dispatch_97_embedded_elf_riscv_64_main_graph$async_dispatch_97_reduction_784x64_f32/process_time/real_time             0.719 ms         2.57 ms          973 items_per_second=1.39017k/s
BM_main_graph$async_dispatch_97_embedded_elf_riscv_64_main_graph$async_dispatch_97_reduction_784x64_f32/process_time/real_time             0.715 ms         2.57 ms          973 items_per_second=1.39955k/s
BM_main_graph$async_dispatch_97_embedded_elf_riscv_64_main_graph$async_dispatch_97_reduction_784x64_f32/process_time/real_time             0.720 ms         2.58 ms          973 items_per_second=1.38979k/s
BM_main_graph$async_dispatch_97_embedded_elf_riscv_64_main_graph$async_dispatch_97_reduction_784x64_f32/process_time/real_time             0.719 ms         2.57 ms          973 items_per_second=1.3901k/s
BM_main_graph$async_dispatch_97_embedded_elf_riscv_64_main_graph$async_dispatch_97_reduction_784x64_f32/process_time/real_time_mean        0.722 ms         2.58 ms           10 items_per_second=1.38607k/s
BM_main_graph$async_dispatch_97_embedded_elf_riscv_64_main_graph$async_dispatch_97_reduction_784x64_f32/process_time/real_time_median      0.719 ms         2.57 ms           10 items_per_second=1.38995k/s
BM_main_graph$async_dispatch_97_embedded_elf_riscv_64_main_graph$async_dispatch_97_reduction_784x64_f32/process_time/real_time_stddev      0.006 ms        0.008 ms           10 items_per_second=11.6191/s
BM_main_graph$async_dispatch_97_embedded_elf_riscv_64_main_graph$async_dispatch_97_reduction_784x64_f32/process_time/real_time_cv           0.85 %          0.30 %            10 items_per_second=0.84%
