2026-01-08T13:04:19.974164
Running tools/iree-benchmark-module --module=/home/dima/sched_vmfb/glpdepth/module_main_graph$async_dispatch_64_embedded_elf_riscv_64_benchmark.vmfb --device=local-task --function=main_graph$async_dispatch_64_embedded_elf_riscv_64_main_graph$async_dispatch_64_batch_mmt4d_2x5x25x49x7x32x1_f32 --input=1xi32=1 --task_topology_cpu_ids=0,1,2,3 --benchmark_repetitions=10
2026-01-08T13:04:19+08:00
Running tools/iree-benchmark-module
Run on (8 X 1600 MHz CPU s)
CPU Caches:
  L1 Instruction 32 KiB (x8)
  L1 Data 32 KiB (x8)
  L2 Unified 512 KiB (x2)
Load Average: 5.00, 5.10, 4.69
------------------------------------------------------------------------------------------------------------------------------------------------------------------------------------------------------------
Benchmark                                                                                                                                                  Time             CPU   Iterations UserCounters...
------------------------------------------------------------------------------------------------------------------------------------------------------------------------------------------------------------
BM_main_graph$async_dispatch_64_embedded_elf_riscv_64_main_graph$async_dispatch_64_batch_mmt4d_2x5x25x49x7x32x1_f32/process_time/real_time             0.547 ms         1.58 ms         1261 items_per_second=1.82684k/s
BM_main_graph$async_dispatch_64_embedded_elf_riscv_64_main_graph$async_dispatch_64_batch_mmt4d_2x5x25x49x7x32x1_f32/process_time/real_time             0.543 ms         1.57 ms         1261 items_per_second=1.84002k/s
BM_main_graph$async_dispatch_64_embedded_elf_riscv_64_main_graph$async_dispatch_64_batch_mmt4d_2x5x25x49x7x32x1_f32/process_time/real_time             0.560 ms         1.58 ms         1261 items_per_second=1.78497k/s
BM_main_graph$async_dispatch_64_embedded_elf_riscv_64_main_graph$async_dispatch_64_batch_mmt4d_2x5x25x49x7x32x1_f32/process_time/real_time             0.555 ms         1.58 ms         1261 items_per_second=1.80138k/s
BM_main_graph$async_dispatch_64_embedded_elf_riscv_64_main_graph$async_dispatch_64_batch_mmt4d_2x5x25x49x7x32x1_f32/process_time/real_time             0.554 ms         1.58 ms         1261 items_per_second=1.8048k/s
BM_main_graph$async_dispatch_64_embedded_elf_riscv_64_main_graph$async_dispatch_64_batch_mmt4d_2x5x25x49x7x32x1_f32/process_time/real_time             0.561 ms         1.58 ms         1261 items_per_second=1.78131k/s
BM_main_graph$async_dispatch_64_embedded_elf_riscv_64_main_graph$async_dispatch_64_batch_mmt4d_2x5x25x49x7x32x1_f32/process_time/real_time             0.554 ms         1.58 ms         1261 items_per_second=1.80513k/s
BM_main_graph$async_dispatch_64_embedded_elf_riscv_64_main_graph$async_dispatch_64_batch_mmt4d_2x5x25x49x7x32x1_f32/process_time/real_time             0.554 ms         1.58 ms         1261 items_per_second=1.80441k/s
BM_main_graph$async_dispatch_64_embedded_elf_riscv_64_main_graph$async_dispatch_64_batch_mmt4d_2x5x25x49x7x32x1_f32/process_time/real_time             0.561 ms         1.58 ms         1261 items_per_second=1.78358k/s
BM_main_graph$async_dispatch_64_embedded_elf_riscv_64_main_graph$async_dispatch_64_batch_mmt4d_2x5x25x49x7x32x1_f32/process_time/real_time             0.555 ms         1.58 ms         1261 items_per_second=1.80129k/s
BM_main_graph$async_dispatch_64_embedded_elf_riscv_64_main_graph$async_dispatch_64_batch_mmt4d_2x5x25x49x7x32x1_f32/process_time/real_time_mean        0.555 ms         1.58 ms           10 items_per_second=1.80337k/s
BM_main_graph$async_dispatch_64_embedded_elf_riscv_64_main_graph$async_dispatch_64_batch_mmt4d_2x5x25x49x7x32x1_f32/process_time/real_time_median      0.555 ms         1.58 ms           10 items_per_second=1.8029k/s
BM_main_graph$async_dispatch_64_embedded_elf_riscv_64_main_graph$async_dispatch_64_batch_mmt4d_2x5x25x49x7x32x1_f32/process_time/real_time_stddev      0.006 ms        0.003 ms           10 items_per_second=18.6364/s
BM_main_graph$async_dispatch_64_embedded_elf_riscv_64_main_graph$async_dispatch_64_batch_mmt4d_2x5x25x49x7x32x1_f32/process_time/real_time_cv           1.03 %          0.20 %            10 items_per_second=1.03%
