2026-01-08T12:57:45.924984
Running tools/iree-benchmark-module --module=/home/dima/sched_vmfb/glpdepth/module_main_graph$async_dispatch_16_embedded_elf_riscv_64_benchmark.vmfb --device=local-task --function=main_graph$async_dispatch_16_embedded_elf_riscv_64_main_graph$async_dispatch_16_unpack_f32 --input=1xi32=1 --task_topology_cpu_ids=0,1,2,3 --benchmark_repetitions=10
2026-01-08T12:57:45+08:00
Running tools/iree-benchmark-module
Run on (8 X 1600 MHz CPU s)
CPU Caches:
  L1 Instruction 32 KiB (x8)
  L1 Data 32 KiB (x8)
  L2 Unified 512 KiB (x2)
Load Average: 5.00, 4.82, 4.42
--------------------------------------------------------------------------------------------------------------------------------------------------------------------------------------
Benchmark                                                                                                                            Time             CPU   Iterations UserCounters...
--------------------------------------------------------------------------------------------------------------------------------------------------------------------------------------
BM_main_graph$async_dispatch_16_embedded_elf_riscv_64_main_graph$async_dispatch_16_unpack_f32/process_time/real_time              1.38 ms         3.92 ms          501 items_per_second=723.571/s
BM_main_graph$async_dispatch_16_embedded_elf_riscv_64_main_graph$async_dispatch_16_unpack_f32/process_time/real_time              1.39 ms         3.92 ms          501 items_per_second=721.836/s
BM_main_graph$async_dispatch_16_embedded_elf_riscv_64_main_graph$async_dispatch_16_unpack_f32/process_time/real_time              1.39 ms         3.93 ms          501 items_per_second=719.07/s
BM_main_graph$async_dispatch_16_embedded_elf_riscv_64_main_graph$async_dispatch_16_unpack_f32/process_time/real_time              1.38 ms         3.92 ms          501 items_per_second=724.021/s
BM_main_graph$async_dispatch_16_embedded_elf_riscv_64_main_graph$async_dispatch_16_unpack_f32/process_time/real_time              1.38 ms         3.92 ms          501 items_per_second=723.314/s
BM_main_graph$async_dispatch_16_embedded_elf_riscv_64_main_graph$async_dispatch_16_unpack_f32/process_time/real_time              1.35 ms         3.86 ms          501 items_per_second=742.632/s
BM_main_graph$async_dispatch_16_embedded_elf_riscv_64_main_graph$async_dispatch_16_unpack_f32/process_time/real_time              1.32 ms         3.82 ms          501 items_per_second=756.81/s
BM_main_graph$async_dispatch_16_embedded_elf_riscv_64_main_graph$async_dispatch_16_unpack_f32/process_time/real_time              1.29 ms         3.77 ms          501 items_per_second=773.451/s
BM_main_graph$async_dispatch_16_embedded_elf_riscv_64_main_graph$async_dispatch_16_unpack_f32/process_time/real_time              1.29 ms         3.77 ms          501 items_per_second=773.648/s
BM_main_graph$async_dispatch_16_embedded_elf_riscv_64_main_graph$async_dispatch_16_unpack_f32/process_time/real_time              1.29 ms         3.77 ms          501 items_per_second=776.063/s
BM_main_graph$async_dispatch_16_embedded_elf_riscv_64_main_graph$async_dispatch_16_unpack_f32/process_time/real_time_mean         1.35 ms         3.86 ms           10 items_per_second=743.442/s
BM_main_graph$async_dispatch_16_embedded_elf_riscv_64_main_graph$async_dispatch_16_unpack_f32/process_time/real_time_median       1.36 ms         3.89 ms           10 items_per_second=733.326/s
BM_main_graph$async_dispatch_16_embedded_elf_riscv_64_main_graph$async_dispatch_16_unpack_f32/process_time/real_time_stddev      0.043 ms        0.069 ms           10 items_per_second=24.2543/s
BM_main_graph$async_dispatch_16_embedded_elf_riscv_64_main_graph$async_dispatch_16_unpack_f32/process_time/real_time_cv           3.23 %          1.79 %            10 items_per_second=3.26%
