2026-01-08T13:05:47.224433
Running tools/iree-benchmark-module --module=/home/dima/sched_vmfb/glpdepth/module_main_graph$async_dispatch_8_embedded_elf_riscv_64_benchmark.vmfb --device=local-task --function=main_graph$async_dispatch_8_embedded_elf_riscv_64_main_graph$async_dispatch_8_matmul_like_2x49x32x32_f32 --input=1xi32=1 --task_topology_cpu_ids=0,1,2,3 --benchmark_repetitions=10
2026-01-08T13:05:47+08:00
Running tools/iree-benchmark-module
Run on (8 X 1600 MHz CPU s)
CPU Caches:
  L1 Instruction 32 KiB (x8)
  L1 Data 32 KiB (x8)
  L2 Unified 512 KiB (x2)
Load Average: 5.28, 5.15, 4.75
----------------------------------------------------------------------------------------------------------------------------------------------------------------------------------------------------
Benchmark                                                                                                                                          Time             CPU   Iterations UserCounters...
----------------------------------------------------------------------------------------------------------------------------------------------------------------------------------------------------
BM_main_graph$async_dispatch_8_embedded_elf_riscv_64_main_graph$async_dispatch_8_matmul_like_2x49x32x32_f32/process_time/real_time             0.103 ms        0.187 ms         6773 items_per_second=9.68377k/s
BM_main_graph$async_dispatch_8_embedded_elf_riscv_64_main_graph$async_dispatch_8_matmul_like_2x49x32x32_f32/process_time/real_time             0.104 ms        0.187 ms         6773 items_per_second=9.65767k/s
BM_main_graph$async_dispatch_8_embedded_elf_riscv_64_main_graph$async_dispatch_8_matmul_like_2x49x32x32_f32/process_time/real_time             0.104 ms        0.187 ms         6773 items_per_second=9.61473k/s
BM_main_graph$async_dispatch_8_embedded_elf_riscv_64_main_graph$async_dispatch_8_matmul_like_2x49x32x32_f32/process_time/real_time             0.103 ms        0.187 ms         6773 items_per_second=9.67561k/s
BM_main_graph$async_dispatch_8_embedded_elf_riscv_64_main_graph$async_dispatch_8_matmul_like_2x49x32x32_f32/process_time/real_time             0.106 ms        0.188 ms         6773 items_per_second=9.44809k/s
BM_main_graph$async_dispatch_8_embedded_elf_riscv_64_main_graph$async_dispatch_8_matmul_like_2x49x32x32_f32/process_time/real_time             0.104 ms        0.187 ms         6773 items_per_second=9.58942k/s
BM_main_graph$async_dispatch_8_embedded_elf_riscv_64_main_graph$async_dispatch_8_matmul_like_2x49x32x32_f32/process_time/real_time             0.104 ms        0.187 ms         6773 items_per_second=9.61817k/s
BM_main_graph$async_dispatch_8_embedded_elf_riscv_64_main_graph$async_dispatch_8_matmul_like_2x49x32x32_f32/process_time/real_time             0.105 ms        0.187 ms         6773 items_per_second=9.49029k/s
BM_main_graph$async_dispatch_8_embedded_elf_riscv_64_main_graph$async_dispatch_8_matmul_like_2x49x32x32_f32/process_time/real_time             0.104 ms        0.187 ms         6773 items_per_second=9.65041k/s
BM_main_graph$async_dispatch_8_embedded_elf_riscv_64_main_graph$async_dispatch_8_matmul_like_2x49x32x32_f32/process_time/real_time             0.103 ms        0.187 ms         6773 items_per_second=9.6723k/s
BM_main_graph$async_dispatch_8_embedded_elf_riscv_64_main_graph$async_dispatch_8_matmul_like_2x49x32x32_f32/process_time/real_time_mean        0.104 ms        0.187 ms           10 items_per_second=9.61005k/s
BM_main_graph$async_dispatch_8_embedded_elf_riscv_64_main_graph$async_dispatch_8_matmul_like_2x49x32x32_f32/process_time/real_time_median      0.104 ms        0.187 ms           10 items_per_second=9.63429k/s
BM_main_graph$async_dispatch_8_embedded_elf_riscv_64_main_graph$async_dispatch_8_matmul_like_2x49x32x32_f32/process_time/real_time_stddev      0.001 ms        0.000 ms           10 items_per_second=80.6861/s
BM_main_graph$async_dispatch_8_embedded_elf_riscv_64_main_graph$async_dispatch_8_matmul_like_2x49x32x32_f32/process_time/real_time_cv           0.85 %          0.19 %            10 items_per_second=0.84%
