2026-01-08T13:00:40.566181
Running tools/iree-benchmark-module --module=/home/dima/sched_vmfb/glpdepth/module_main_graph$async_dispatch_209_embedded_elf_riscv_64_benchmark.vmfb --device=local-task --function=main_graph$async_dispatch_209_embedded_elf_riscv_64_main_graph$async_dispatch_209_elementwise_200704_f32 --input=1xi32=1 --task_topology_cpu_ids=0,1,2,3 --benchmark_repetitions=10
2026-01-08T13:00:40+08:00
Running tools/iree-benchmark-module
Run on (8 X 1600 MHz CPU s)
CPU Caches:
  L1 Instruction 32 KiB (x8)
  L1 Data 32 KiB (x8)
  L2 Unified 512 KiB (x2)
Load Average: 5.22, 4.86, 4.50
----------------------------------------------------------------------------------------------------------------------------------------------------------------------------------------------------
Benchmark                                                                                                                                          Time             CPU   Iterations UserCounters...
----------------------------------------------------------------------------------------------------------------------------------------------------------------------------------------------------
BM_main_graph$async_dispatch_209_embedded_elf_riscv_64_main_graph$async_dispatch_209_elementwise_200704_f32/process_time/real_time              3.74 ms         11.2 ms          187 items_per_second=267.336/s
BM_main_graph$async_dispatch_209_embedded_elf_riscv_64_main_graph$async_dispatch_209_elementwise_200704_f32/process_time/real_time              3.74 ms         11.2 ms          187 items_per_second=267.389/s
BM_main_graph$async_dispatch_209_embedded_elf_riscv_64_main_graph$async_dispatch_209_elementwise_200704_f32/process_time/real_time              3.75 ms         11.2 ms          187 items_per_second=266.97/s
BM_main_graph$async_dispatch_209_embedded_elf_riscv_64_main_graph$async_dispatch_209_elementwise_200704_f32/process_time/real_time              3.75 ms         11.2 ms          187 items_per_second=266.944/s
BM_main_graph$async_dispatch_209_embedded_elf_riscv_64_main_graph$async_dispatch_209_elementwise_200704_f32/process_time/real_time              3.74 ms         11.2 ms          187 items_per_second=267.178/s
BM_main_graph$async_dispatch_209_embedded_elf_riscv_64_main_graph$async_dispatch_209_elementwise_200704_f32/process_time/real_time              3.75 ms         11.2 ms          187 items_per_second=266.483/s
BM_main_graph$async_dispatch_209_embedded_elf_riscv_64_main_graph$async_dispatch_209_elementwise_200704_f32/process_time/real_time              3.75 ms         11.2 ms          187 items_per_second=266.43/s
BM_main_graph$async_dispatch_209_embedded_elf_riscv_64_main_graph$async_dispatch_209_elementwise_200704_f32/process_time/real_time              3.76 ms         11.2 ms          187 items_per_second=266.02/s
BM_main_graph$async_dispatch_209_embedded_elf_riscv_64_main_graph$async_dispatch_209_elementwise_200704_f32/process_time/real_time              3.74 ms         11.2 ms          187 items_per_second=267.396/s
BM_main_graph$async_dispatch_209_embedded_elf_riscv_64_main_graph$async_dispatch_209_elementwise_200704_f32/process_time/real_time              3.74 ms         11.2 ms          187 items_per_second=267.028/s
BM_main_graph$async_dispatch_209_embedded_elf_riscv_64_main_graph$async_dispatch_209_elementwise_200704_f32/process_time/real_time_mean         3.75 ms         11.2 ms           10 items_per_second=266.917/s
BM_main_graph$async_dispatch_209_embedded_elf_riscv_64_main_graph$async_dispatch_209_elementwise_200704_f32/process_time/real_time_median       3.75 ms         11.2 ms           10 items_per_second=266.999/s
BM_main_graph$async_dispatch_209_embedded_elf_riscv_64_main_graph$async_dispatch_209_elementwise_200704_f32/process_time/real_time_stddev      0.007 ms        0.020 ms           10 items_per_second=0.464483/s
BM_main_graph$async_dispatch_209_embedded_elf_riscv_64_main_graph$async_dispatch_209_elementwise_200704_f32/process_time/real_time_cv           0.17 %          0.18 %            10 items_per_second=0.17%
