2026-01-08T12:53:00.118577
Running tools/iree-benchmark-module --module=/home/dima/sched_vmfb/glpdepth/module_main_graph$async_dispatch_10_embedded_elf_riscv_64_benchmark.vmfb --device=local-task --function=main_graph$async_dispatch_10_embedded_elf_riscv_64_main_graph$async_dispatch_10_mmt4d_7x98x32x7x32x1_f32 --input=1xi32=1 --task_topology_cpu_ids=0,1,2,3 --benchmark_repetitions=10
2026-01-08T12:53:00+08:00
Running tools/iree-benchmark-module
Run on (8 X 1600 MHz CPU s)
CPU Caches:
  L1 Instruction 32 KiB (x8)
  L1 Data 32 KiB (x8)
  L2 Unified 512 KiB (x2)
Load Average: 4.84, 4.69, 4.25
----------------------------------------------------------------------------------------------------------------------------------------------------------------------------------------------------
Benchmark                                                                                                                                          Time             CPU   Iterations UserCounters...
----------------------------------------------------------------------------------------------------------------------------------------------------------------------------------------------------
BM_main_graph$async_dispatch_10_embedded_elf_riscv_64_main_graph$async_dispatch_10_mmt4d_7x98x32x7x32x1_f32/process_time/real_time             0.976 ms         2.79 ms          725 items_per_second=1.02498k/s
BM_main_graph$async_dispatch_10_embedded_elf_riscv_64_main_graph$async_dispatch_10_mmt4d_7x98x32x7x32x1_f32/process_time/real_time             0.966 ms         2.79 ms          725 items_per_second=1.03505k/s
BM_main_graph$async_dispatch_10_embedded_elf_riscv_64_main_graph$async_dispatch_10_mmt4d_7x98x32x7x32x1_f32/process_time/real_time             0.966 ms         2.79 ms          725 items_per_second=1.03565k/s
BM_main_graph$async_dispatch_10_embedded_elf_riscv_64_main_graph$async_dispatch_10_mmt4d_7x98x32x7x32x1_f32/process_time/real_time             0.976 ms         2.79 ms          725 items_per_second=1.02441k/s
BM_main_graph$async_dispatch_10_embedded_elf_riscv_64_main_graph$async_dispatch_10_mmt4d_7x98x32x7x32x1_f32/process_time/real_time             0.963 ms         2.79 ms          725 items_per_second=1.03791k/s
BM_main_graph$async_dispatch_10_embedded_elf_riscv_64_main_graph$async_dispatch_10_mmt4d_7x98x32x7x32x1_f32/process_time/real_time             0.961 ms         2.79 ms          725 items_per_second=1.04041k/s
BM_main_graph$async_dispatch_10_embedded_elf_riscv_64_main_graph$async_dispatch_10_mmt4d_7x98x32x7x32x1_f32/process_time/real_time             0.967 ms         2.79 ms          725 items_per_second=1.03385k/s
BM_main_graph$async_dispatch_10_embedded_elf_riscv_64_main_graph$async_dispatch_10_mmt4d_7x98x32x7x32x1_f32/process_time/real_time             0.959 ms         2.79 ms          725 items_per_second=1.04243k/s
BM_main_graph$async_dispatch_10_embedded_elf_riscv_64_main_graph$async_dispatch_10_mmt4d_7x98x32x7x32x1_f32/process_time/real_time             0.960 ms         2.79 ms          725 items_per_second=1.04168k/s
BM_main_graph$async_dispatch_10_embedded_elf_riscv_64_main_graph$async_dispatch_10_mmt4d_7x98x32x7x32x1_f32/process_time/real_time             0.970 ms         2.79 ms          725 items_per_second=1.03126k/s
BM_main_graph$async_dispatch_10_embedded_elf_riscv_64_main_graph$async_dispatch_10_mmt4d_7x98x32x7x32x1_f32/process_time/real_time_mean        0.966 ms         2.79 ms           10 items_per_second=1.03476k/s
BM_main_graph$async_dispatch_10_embedded_elf_riscv_64_main_graph$async_dispatch_10_mmt4d_7x98x32x7x32x1_f32/process_time/real_time_median      0.966 ms         2.79 ms           10 items_per_second=1.03535k/s
BM_main_graph$async_dispatch_10_embedded_elf_riscv_64_main_graph$async_dispatch_10_mmt4d_7x98x32x7x32x1_f32/process_time/real_time_stddev      0.006 ms        0.002 ms           10 items_per_second=6.3705/s
BM_main_graph$async_dispatch_10_embedded_elf_riscv_64_main_graph$async_dispatch_10_mmt4d_7x98x32x7x32x1_f32/process_time/real_time_cv           0.62 %          0.07 %            10 items_per_second=0.62%
