2026-01-08T02:37:05.735427
Running tools/iree-benchmark-module --module=/home/dima/sched_vmfb/mlp/module_main_graph$async_dispatch_2_system_elf_riscv_64_benchmark.vmfb --device=local-task --function=main_graph$async_dispatch_2_system_elf_riscv_64_main_graph$async_dispatch_2_matvec_like_2x32_f32 --input=1xi32=1 --task_topology_cpu_ids=0,1 --benchmark_repetitions=10
2026-01-08T02:37:05+08:00
Running tools/iree-benchmark-module
Run on (8 X 1600 MHz CPU s)
CPU Caches:
  L1 Instruction 32 KiB (x8)
  L1 Data 32 KiB (x8)
  L2 Unified 512 KiB (x2)
Load Average: 2.61, 2.30, 2.33
--------------------------------------------------------------------------------------------------------------------------------------------------------------------------------------------
Benchmark                                                                                                                                  Time             CPU   Iterations UserCounters...
--------------------------------------------------------------------------------------------------------------------------------------------------------------------------------------------
BM_main_graph$async_dispatch_2_system_elf_riscv_64_main_graph$async_dispatch_2_matvec_like_2x32_f32/process_time/real_time             0.064 ms        0.070 ms        11039 items_per_second=15.615k/s
BM_main_graph$async_dispatch_2_system_elf_riscv_64_main_graph$async_dispatch_2_matvec_like_2x32_f32/process_time/real_time             0.064 ms        0.070 ms        11039 items_per_second=15.6104k/s
BM_main_graph$async_dispatch_2_system_elf_riscv_64_main_graph$async_dispatch_2_matvec_like_2x32_f32/process_time/real_time             0.064 ms        0.070 ms        11039 items_per_second=15.6155k/s
BM_main_graph$async_dispatch_2_system_elf_riscv_64_main_graph$async_dispatch_2_matvec_like_2x32_f32/process_time/real_time             0.064 ms        0.070 ms        11039 items_per_second=15.596k/s
BM_main_graph$async_dispatch_2_system_elf_riscv_64_main_graph$async_dispatch_2_matvec_like_2x32_f32/process_time/real_time             0.065 ms        0.071 ms        11039 items_per_second=15.4991k/s
BM_main_graph$async_dispatch_2_system_elf_riscv_64_main_graph$async_dispatch_2_matvec_like_2x32_f32/process_time/real_time             0.064 ms        0.070 ms        11039 items_per_second=15.5787k/s
BM_main_graph$async_dispatch_2_system_elf_riscv_64_main_graph$async_dispatch_2_matvec_like_2x32_f32/process_time/real_time             0.064 ms        0.070 ms        11039 items_per_second=15.6048k/s
BM_main_graph$async_dispatch_2_system_elf_riscv_64_main_graph$async_dispatch_2_matvec_like_2x32_f32/process_time/real_time             0.064 ms        0.070 ms        11039 items_per_second=15.6315k/s
BM_main_graph$async_dispatch_2_system_elf_riscv_64_main_graph$async_dispatch_2_matvec_like_2x32_f32/process_time/real_time             0.063 ms        0.069 ms        11039 items_per_second=15.7982k/s
BM_main_graph$async_dispatch_2_system_elf_riscv_64_main_graph$async_dispatch_2_matvec_like_2x32_f32/process_time/real_time             0.064 ms        0.070 ms        11039 items_per_second=15.5551k/s
BM_main_graph$async_dispatch_2_system_elf_riscv_64_main_graph$async_dispatch_2_matvec_like_2x32_f32/process_time/real_time_mean        0.064 ms        0.070 ms           10 items_per_second=15.6104k/s
BM_main_graph$async_dispatch_2_system_elf_riscv_64_main_graph$async_dispatch_2_matvec_like_2x32_f32/process_time/real_time_median      0.064 ms        0.070 ms           10 items_per_second=15.6076k/s
BM_main_graph$async_dispatch_2_system_elf_riscv_64_main_graph$async_dispatch_2_matvec_like_2x32_f32/process_time/real_time_stddev      0.000 ms        0.000 ms           10 items_per_second=76.3499/s
BM_main_graph$async_dispatch_2_system_elf_riscv_64_main_graph$async_dispatch_2_matvec_like_2x32_f32/process_time/real_time_cv           0.49 %          0.53 %            10 items_per_second=0.49%
