2026-01-09T08:11:10.856040
Running tools/iree-benchmark-module --module=/home/dima/sched_vmfb/glpdepth_scalar/module_main_graph$async_dispatch_13_embedded_elf_riscv_64_benchmark.vmfb --device=local-task --function=main_graph$async_dispatch_13_embedded_elf_riscv_64_main_graph$async_dispatch_13_reduction_3136x32_f32 --input=1xi32=1 --task_topology_cpu_ids=0 --benchmark_repetitions=10
2026-01-09T08:11:10+08:00
Running tools/iree-benchmark-module
Run on (8 X 1600 MHz CPU s)
CPU Caches:
  L1 Instruction 32 KiB (x8)
  L1 Data 32 KiB (x8)
  L2 Unified 512 KiB (x2)
Load Average: 3.04, 2.64, 2.27
-------------------------------------------------------------------------------------------------------------------------------------------------------------------------------------------------
Benchmark                                                                                                                                       Time             CPU   Iterations UserCounters...
-------------------------------------------------------------------------------------------------------------------------------------------------------------------------------------------------
BM_main_graph$async_dispatch_13_embedded_elf_riscv_64_main_graph$async_dispatch_13_reduction_3136x32_f32/process_time/real_time              1.70 ms         1.71 ms          413 items_per_second=588.861/s
BM_main_graph$async_dispatch_13_embedded_elf_riscv_64_main_graph$async_dispatch_13_reduction_3136x32_f32/process_time/real_time              1.72 ms         1.72 ms          413 items_per_second=582.861/s
BM_main_graph$async_dispatch_13_embedded_elf_riscv_64_main_graph$async_dispatch_13_reduction_3136x32_f32/process_time/real_time              1.70 ms         1.72 ms          413 items_per_second=587.887/s
BM_main_graph$async_dispatch_13_embedded_elf_riscv_64_main_graph$async_dispatch_13_reduction_3136x32_f32/process_time/real_time              1.70 ms         1.72 ms          413 items_per_second=587.064/s
BM_main_graph$async_dispatch_13_embedded_elf_riscv_64_main_graph$async_dispatch_13_reduction_3136x32_f32/process_time/real_time              1.71 ms         1.72 ms          413 items_per_second=585.714/s
BM_main_graph$async_dispatch_13_embedded_elf_riscv_64_main_graph$async_dispatch_13_reduction_3136x32_f32/process_time/real_time              1.70 ms         1.71 ms          413 items_per_second=589.398/s
BM_main_graph$async_dispatch_13_embedded_elf_riscv_64_main_graph$async_dispatch_13_reduction_3136x32_f32/process_time/real_time              1.70 ms         1.71 ms          413 items_per_second=589.586/s
BM_main_graph$async_dispatch_13_embedded_elf_riscv_64_main_graph$async_dispatch_13_reduction_3136x32_f32/process_time/real_time              1.71 ms         1.72 ms          413 items_per_second=585.667/s
BM_main_graph$async_dispatch_13_embedded_elf_riscv_64_main_graph$async_dispatch_13_reduction_3136x32_f32/process_time/real_time              1.70 ms         1.71 ms          413 items_per_second=589.522/s
BM_main_graph$async_dispatch_13_embedded_elf_riscv_64_main_graph$async_dispatch_13_reduction_3136x32_f32/process_time/real_time              1.70 ms         1.71 ms          413 items_per_second=587.985/s
BM_main_graph$async_dispatch_13_embedded_elf_riscv_64_main_graph$async_dispatch_13_reduction_3136x32_f32/process_time/real_time_mean         1.70 ms         1.72 ms           10 items_per_second=587.454/s
BM_main_graph$async_dispatch_13_embedded_elf_riscv_64_main_graph$async_dispatch_13_reduction_3136x32_f32/process_time/real_time_median       1.70 ms         1.71 ms           10 items_per_second=587.936/s
BM_main_graph$async_dispatch_13_embedded_elf_riscv_64_main_graph$async_dispatch_13_reduction_3136x32_f32/process_time/real_time_stddev      0.006 ms        0.004 ms           10 items_per_second=2.17332/s
BM_main_graph$async_dispatch_13_embedded_elf_riscv_64_main_graph$async_dispatch_13_reduction_3136x32_f32/process_time/real_time_cv           0.37 %          0.23 %            10 items_per_second=0.37%
