2026-01-09T08:19:35.414859
Running tools/iree-benchmark-module --module=/home/dima/sched_vmfb/glpdepth_scalar/module_main_graph$async_dispatch_78_embedded_elf_riscv_64_benchmark.vmfb --device=local-task --function=main_graph$async_dispatch_78_embedded_elf_riscv_64_main_graph$async_dispatch_78_matmul_like_196x160x160_f32 --input=1xi32=1 --task_topology_cpu_ids=0 --benchmark_repetitions=10
2026-01-09T08:19:35+08:00
Running tools/iree-benchmark-module
Run on (8 X 1600 MHz CPU s)
CPU Caches:
  L1 Instruction 32 KiB (x8)
  L1 Data 32 KiB (x8)
  L2 Unified 512 KiB (x2)
Load Average: 3.08, 3.04, 2.65
-------------------------------------------------------------------------------------------------------------------------------------------------------------------------------------------------------
Benchmark                                                                                                                                             Time             CPU   Iterations UserCounters...
-------------------------------------------------------------------------------------------------------------------------------------------------------------------------------------------------------
BM_main_graph$async_dispatch_78_embedded_elf_riscv_64_main_graph$async_dispatch_78_matmul_like_196x160x160_f32/process_time/real_time              3.77 ms         3.77 ms          186 items_per_second=265.591/s
BM_main_graph$async_dispatch_78_embedded_elf_riscv_64_main_graph$async_dispatch_78_matmul_like_196x160x160_f32/process_time/real_time              3.78 ms         3.78 ms          186 items_per_second=264.73/s
BM_main_graph$async_dispatch_78_embedded_elf_riscv_64_main_graph$async_dispatch_78_matmul_like_196x160x160_f32/process_time/real_time              3.77 ms         3.77 ms          186 items_per_second=265.51/s
BM_main_graph$async_dispatch_78_embedded_elf_riscv_64_main_graph$async_dispatch_78_matmul_like_196x160x160_f32/process_time/real_time              3.78 ms         3.78 ms          186 items_per_second=264.837/s
BM_main_graph$async_dispatch_78_embedded_elf_riscv_64_main_graph$async_dispatch_78_matmul_like_196x160x160_f32/process_time/real_time              3.76 ms         3.76 ms          186 items_per_second=265.867/s
BM_main_graph$async_dispatch_78_embedded_elf_riscv_64_main_graph$async_dispatch_78_matmul_like_196x160x160_f32/process_time/real_time              3.77 ms         3.77 ms          186 items_per_second=265.567/s
BM_main_graph$async_dispatch_78_embedded_elf_riscv_64_main_graph$async_dispatch_78_matmul_like_196x160x160_f32/process_time/real_time              3.80 ms         3.80 ms          186 items_per_second=263.142/s
BM_main_graph$async_dispatch_78_embedded_elf_riscv_64_main_graph$async_dispatch_78_matmul_like_196x160x160_f32/process_time/real_time              3.78 ms         3.79 ms          186 items_per_second=264.595/s
BM_main_graph$async_dispatch_78_embedded_elf_riscv_64_main_graph$async_dispatch_78_matmul_like_196x160x160_f32/process_time/real_time              3.77 ms         3.77 ms          186 items_per_second=265.487/s
BM_main_graph$async_dispatch_78_embedded_elf_riscv_64_main_graph$async_dispatch_78_matmul_like_196x160x160_f32/process_time/real_time              3.78 ms         3.78 ms          186 items_per_second=264.858/s
BM_main_graph$async_dispatch_78_embedded_elf_riscv_64_main_graph$async_dispatch_78_matmul_like_196x160x160_f32/process_time/real_time_mean         3.77 ms         3.77 ms           10 items_per_second=265.019/s
BM_main_graph$async_dispatch_78_embedded_elf_riscv_64_main_graph$async_dispatch_78_matmul_like_196x160x160_f32/process_time/real_time_median       3.77 ms         3.77 ms           10 items_per_second=265.173/s
BM_main_graph$async_dispatch_78_embedded_elf_riscv_64_main_graph$async_dispatch_78_matmul_like_196x160x160_f32/process_time/real_time_stddev      0.011 ms        0.012 ms           10 items_per_second=0.792342/s
BM_main_graph$async_dispatch_78_embedded_elf_riscv_64_main_graph$async_dispatch_78_matmul_like_196x160x160_f32/process_time/real_time_cv           0.30 %          0.31 %            10 items_per_second=0.30%
