2026-01-09T08:20:28.920830
Running tools/iree-benchmark-module --module=/home/dima/sched_vmfb/glpdepth_scalar/module_main_graph$async_dispatch_98_embedded_elf_riscv_64_benchmark.vmfb --device=local-task --function=main_graph$async_dispatch_98_embedded_elf_riscv_64_main_graph$async_dispatch_98_reduction_196x160_f32 --input=1xi32=1 --task_topology_cpu_ids=0 --benchmark_repetitions=10
2026-01-09T08:20:28+08:00
Running tools/iree-benchmark-module
Run on (8 X 1600 MHz CPU s)
CPU Caches:
  L1 Instruction 32 KiB (x8)
  L1 Data 32 KiB (x8)
  L2 Unified 512 KiB (x2)
Load Average: 3.03, 3.03, 2.67
-------------------------------------------------------------------------------------------------------------------------------------------------------------------------------------------------
Benchmark                                                                                                                                       Time             CPU   Iterations UserCounters...
-------------------------------------------------------------------------------------------------------------------------------------------------------------------------------------------------
BM_main_graph$async_dispatch_98_embedded_elf_riscv_64_main_graph$async_dispatch_98_reduction_196x160_f32/process_time/real_time              1.35 ms         1.35 ms          503 items_per_second=741.66/s
BM_main_graph$async_dispatch_98_embedded_elf_riscv_64_main_graph$async_dispatch_98_reduction_196x160_f32/process_time/real_time              1.35 ms         1.36 ms          503 items_per_second=738.767/s
BM_main_graph$async_dispatch_98_embedded_elf_riscv_64_main_graph$async_dispatch_98_reduction_196x160_f32/process_time/real_time              1.36 ms         1.37 ms          503 items_per_second=733.842/s
BM_main_graph$async_dispatch_98_embedded_elf_riscv_64_main_graph$async_dispatch_98_reduction_196x160_f32/process_time/real_time              1.36 ms         1.36 ms          503 items_per_second=737.444/s
BM_main_graph$async_dispatch_98_embedded_elf_riscv_64_main_graph$async_dispatch_98_reduction_196x160_f32/process_time/real_time              1.36 ms         1.36 ms          503 items_per_second=736.477/s
BM_main_graph$async_dispatch_98_embedded_elf_riscv_64_main_graph$async_dispatch_98_reduction_196x160_f32/process_time/real_time              1.36 ms         1.36 ms          503 items_per_second=736.996/s
BM_main_graph$async_dispatch_98_embedded_elf_riscv_64_main_graph$async_dispatch_98_reduction_196x160_f32/process_time/real_time              1.34 ms         1.34 ms          503 items_per_second=744.83/s
BM_main_graph$async_dispatch_98_embedded_elf_riscv_64_main_graph$async_dispatch_98_reduction_196x160_f32/process_time/real_time              1.35 ms         1.36 ms          503 items_per_second=738.154/s
BM_main_graph$async_dispatch_98_embedded_elf_riscv_64_main_graph$async_dispatch_98_reduction_196x160_f32/process_time/real_time              1.37 ms         1.37 ms          503 items_per_second=729.918/s
BM_main_graph$async_dispatch_98_embedded_elf_riscv_64_main_graph$async_dispatch_98_reduction_196x160_f32/process_time/real_time              1.36 ms         1.36 ms          503 items_per_second=736.955/s
BM_main_graph$async_dispatch_98_embedded_elf_riscv_64_main_graph$async_dispatch_98_reduction_196x160_f32/process_time/real_time_mean         1.36 ms         1.36 ms           10 items_per_second=737.504/s
BM_main_graph$async_dispatch_98_embedded_elf_riscv_64_main_graph$async_dispatch_98_reduction_196x160_f32/process_time/real_time_median       1.36 ms         1.36 ms           10 items_per_second=737.22/s
BM_main_graph$async_dispatch_98_embedded_elf_riscv_64_main_graph$async_dispatch_98_reduction_196x160_f32/process_time/real_time_stddev      0.007 ms        0.009 ms           10 items_per_second=4.02133/s
BM_main_graph$async_dispatch_98_embedded_elf_riscv_64_main_graph$async_dispatch_98_reduction_196x160_f32/process_time/real_time_cv           0.55 %          0.66 %            10 items_per_second=0.55%
