2026-01-09T08:20:35.934822
Running tools/iree-benchmark-module --module=/home/dima/sched_vmfb/glpdepth_scalar/module_main_graph$async_dispatch_99_embedded_elf_riscv_64_benchmark.vmfb --device=local-task --function=main_graph$async_dispatch_99_embedded_elf_riscv_64_main_graph$async_dispatch_99_slow_memcpy --input=1xi32=1 --task_topology_cpu_ids=0 --benchmark_repetitions=10
2026-01-09T08:20:35+08:00
Running tools/iree-benchmark-module
Run on (8 X 1600 MHz CPU s)
CPU Caches:
  L1 Instruction 32 KiB (x8)
  L1 Data 32 KiB (x8)
  L2 Unified 512 KiB (x2)
Load Average: 3.03, 3.03, 2.68
---------------------------------------------------------------------------------------------------------------------------------------------------------------------------------------
Benchmark                                                                                                                             Time             CPU   Iterations UserCounters...
---------------------------------------------------------------------------------------------------------------------------------------------------------------------------------------
BM_main_graph$async_dispatch_99_embedded_elf_riscv_64_main_graph$async_dispatch_99_slow_memcpy/process_time/real_time             0.149 ms        0.156 ms         4706 items_per_second=6.69482k/s
BM_main_graph$async_dispatch_99_embedded_elf_riscv_64_main_graph$async_dispatch_99_slow_memcpy/process_time/real_time             0.149 ms        0.156 ms         4706 items_per_second=6.69519k/s
BM_main_graph$async_dispatch_99_embedded_elf_riscv_64_main_graph$async_dispatch_99_slow_memcpy/process_time/real_time             0.149 ms        0.156 ms         4706 items_per_second=6.72262k/s
BM_main_graph$async_dispatch_99_embedded_elf_riscv_64_main_graph$async_dispatch_99_slow_memcpy/process_time/real_time             0.149 ms        0.156 ms         4706 items_per_second=6.71266k/s
BM_main_graph$async_dispatch_99_embedded_elf_riscv_64_main_graph$async_dispatch_99_slow_memcpy/process_time/real_time             0.150 ms        0.157 ms         4706 items_per_second=6.65738k/s
BM_main_graph$async_dispatch_99_embedded_elf_riscv_64_main_graph$async_dispatch_99_slow_memcpy/process_time/real_time             0.149 ms        0.155 ms         4706 items_per_second=6.72636k/s
BM_main_graph$async_dispatch_99_embedded_elf_riscv_64_main_graph$async_dispatch_99_slow_memcpy/process_time/real_time             0.151 ms        0.157 ms         4706 items_per_second=6.63236k/s
BM_main_graph$async_dispatch_99_embedded_elf_riscv_64_main_graph$async_dispatch_99_slow_memcpy/process_time/real_time             0.149 ms        0.155 ms         4706 items_per_second=6.73309k/s
BM_main_graph$async_dispatch_99_embedded_elf_riscv_64_main_graph$async_dispatch_99_slow_memcpy/process_time/real_time             0.150 ms        0.156 ms         4706 items_per_second=6.68876k/s
BM_main_graph$async_dispatch_99_embedded_elf_riscv_64_main_graph$async_dispatch_99_slow_memcpy/process_time/real_time             0.149 ms        0.156 ms         4706 items_per_second=6.70057k/s
BM_main_graph$async_dispatch_99_embedded_elf_riscv_64_main_graph$async_dispatch_99_slow_memcpy/process_time/real_time_mean        0.149 ms        0.156 ms           10 items_per_second=6.69638k/s
BM_main_graph$async_dispatch_99_embedded_elf_riscv_64_main_graph$async_dispatch_99_slow_memcpy/process_time/real_time_median      0.149 ms        0.156 ms           10 items_per_second=6.69788k/s
BM_main_graph$async_dispatch_99_embedded_elf_riscv_64_main_graph$async_dispatch_99_slow_memcpy/process_time/real_time_stddev      0.001 ms        0.001 ms           10 items_per_second=31.4459/s
BM_main_graph$async_dispatch_99_embedded_elf_riscv_64_main_graph$async_dispatch_99_slow_memcpy/process_time/real_time_cv           0.47 %          0.34 %            10 items_per_second=0.47%
