2026-01-09T08:10:50.385489
Running tools/iree-benchmark-module --module=/home/dima/sched_vmfb/glpdepth_scalar/module_main_graph$async_dispatch_137_embedded_elf_riscv_64_benchmark.vmfb --device=local-task --function=main_graph$async_dispatch_137_embedded_elf_riscv_64_main_graph$async_dispatch_137_matmul_like_64x784x64_f32 --input=1xi32=1 --task_topology_cpu_ids=0 --benchmark_repetitions=10
2026-01-09T08:10:50+08:00
Running tools/iree-benchmark-module
Run on (8 X 1600 MHz CPU s)
CPU Caches:
  L1 Instruction 32 KiB (x8)
  L1 Data 32 KiB (x8)
  L2 Unified 512 KiB (x2)
Load Average: 3.06, 2.62, 2.25
-------------------------------------------------------------------------------------------------------------------------------------------------------------------------------------------------------
Benchmark                                                                                                                                             Time             CPU   Iterations UserCounters...
-------------------------------------------------------------------------------------------------------------------------------------------------------------------------------------------------------
BM_main_graph$async_dispatch_137_embedded_elf_riscv_64_main_graph$async_dispatch_137_matmul_like_64x784x64_f32/process_time/real_time               131 ms          131 ms            5 items_per_second=7.65142/s
BM_main_graph$async_dispatch_137_embedded_elf_riscv_64_main_graph$async_dispatch_137_matmul_like_64x784x64_f32/process_time/real_time               131 ms          131 ms            5 items_per_second=7.65828/s
BM_main_graph$async_dispatch_137_embedded_elf_riscv_64_main_graph$async_dispatch_137_matmul_like_64x784x64_f32/process_time/real_time               131 ms          131 ms            5 items_per_second=7.63254/s
BM_main_graph$async_dispatch_137_embedded_elf_riscv_64_main_graph$async_dispatch_137_matmul_like_64x784x64_f32/process_time/real_time               131 ms          131 ms            5 items_per_second=7.65099/s
BM_main_graph$async_dispatch_137_embedded_elf_riscv_64_main_graph$async_dispatch_137_matmul_like_64x784x64_f32/process_time/real_time               130 ms          130 ms            5 items_per_second=7.6658/s
BM_main_graph$async_dispatch_137_embedded_elf_riscv_64_main_graph$async_dispatch_137_matmul_like_64x784x64_f32/process_time/real_time               131 ms          131 ms            5 items_per_second=7.63205/s
BM_main_graph$async_dispatch_137_embedded_elf_riscv_64_main_graph$async_dispatch_137_matmul_like_64x784x64_f32/process_time/real_time               131 ms          131 ms            5 items_per_second=7.65469/s
BM_main_graph$async_dispatch_137_embedded_elf_riscv_64_main_graph$async_dispatch_137_matmul_like_64x784x64_f32/process_time/real_time               131 ms          131 ms            5 items_per_second=7.64397/s
BM_main_graph$async_dispatch_137_embedded_elf_riscv_64_main_graph$async_dispatch_137_matmul_like_64x784x64_f32/process_time/real_time               131 ms          131 ms            5 items_per_second=7.6323/s
BM_main_graph$async_dispatch_137_embedded_elf_riscv_64_main_graph$async_dispatch_137_matmul_like_64x784x64_f32/process_time/real_time               131 ms          131 ms            5 items_per_second=7.6598/s
BM_main_graph$async_dispatch_137_embedded_elf_riscv_64_main_graph$async_dispatch_137_matmul_like_64x784x64_f32/process_time/real_time_mean          131 ms          131 ms           10 items_per_second=7.64818/s
BM_main_graph$async_dispatch_137_embedded_elf_riscv_64_main_graph$async_dispatch_137_matmul_like_64x784x64_f32/process_time/real_time_median        131 ms          131 ms           10 items_per_second=7.6512/s
BM_main_graph$async_dispatch_137_embedded_elf_riscv_64_main_graph$async_dispatch_137_matmul_like_64x784x64_f32/process_time/real_time_stddev      0.212 ms        0.222 ms           10 items_per_second=0.0123952/s
BM_main_graph$async_dispatch_137_embedded_elf_riscv_64_main_graph$async_dispatch_137_matmul_like_64x784x64_f32/process_time/real_time_cv           0.16 %          0.17 %            10 items_per_second=0.16%
