2026-01-09T08:12:16.072977
Running tools/iree-benchmark-module --module=/home/dima/sched_vmfb/glpdepth_scalar/module_main_graph$async_dispatch_147_embedded_elf_riscv_64_benchmark.vmfb --device=local-task --function=main_graph$async_dispatch_147_embedded_elf_riscv_64_main_graph$async_dispatch_147_conv_32x56x56x64x3x3_f32 --input=1xi32=1 --task_topology_cpu_ids=0 --benchmark_repetitions=10
2026-01-09T08:12:16+08:00
Running tools/iree-benchmark-module
Run on (8 X 1600 MHz CPU s)
CPU Caches:
  L1 Instruction 32 KiB (x8)
  L1 Data 32 KiB (x8)
  L2 Unified 512 KiB (x2)
Load Average: 3.42, 2.87, 2.37
------------------------------------------------------------------------------------------------------------------------------------------------------------------------------------------------------
Benchmark                                                                                                                                            Time             CPU   Iterations UserCounters...
------------------------------------------------------------------------------------------------------------------------------------------------------------------------------------------------------
BM_main_graph$async_dispatch_147_embedded_elf_riscv_64_main_graph$async_dispatch_147_conv_32x56x56x64x3x3_f32/process_time/real_time               351 ms          351 ms            2 items_per_second=2.84853/s
BM_main_graph$async_dispatch_147_embedded_elf_riscv_64_main_graph$async_dispatch_147_conv_32x56x56x64x3x3_f32/process_time/real_time               350 ms          350 ms            2 items_per_second=2.85889/s
BM_main_graph$async_dispatch_147_embedded_elf_riscv_64_main_graph$async_dispatch_147_conv_32x56x56x64x3x3_f32/process_time/real_time               350 ms          350 ms            2 items_per_second=2.85724/s
BM_main_graph$async_dispatch_147_embedded_elf_riscv_64_main_graph$async_dispatch_147_conv_32x56x56x64x3x3_f32/process_time/real_time               351 ms          351 ms            2 items_per_second=2.84953/s
BM_main_graph$async_dispatch_147_embedded_elf_riscv_64_main_graph$async_dispatch_147_conv_32x56x56x64x3x3_f32/process_time/real_time               349 ms          349 ms            2 items_per_second=2.86353/s
BM_main_graph$async_dispatch_147_embedded_elf_riscv_64_main_graph$async_dispatch_147_conv_32x56x56x64x3x3_f32/process_time/real_time               350 ms          350 ms            2 items_per_second=2.85935/s
BM_main_graph$async_dispatch_147_embedded_elf_riscv_64_main_graph$async_dispatch_147_conv_32x56x56x64x3x3_f32/process_time/real_time               351 ms          351 ms            2 items_per_second=2.84884/s
BM_main_graph$async_dispatch_147_embedded_elf_riscv_64_main_graph$async_dispatch_147_conv_32x56x56x64x3x3_f32/process_time/real_time               349 ms          349 ms            2 items_per_second=2.86406/s
BM_main_graph$async_dispatch_147_embedded_elf_riscv_64_main_graph$async_dispatch_147_conv_32x56x56x64x3x3_f32/process_time/real_time               348 ms          348 ms            2 items_per_second=2.87122/s
BM_main_graph$async_dispatch_147_embedded_elf_riscv_64_main_graph$async_dispatch_147_conv_32x56x56x64x3x3_f32/process_time/real_time               349 ms          349 ms            2 items_per_second=2.8649/s
BM_main_graph$async_dispatch_147_embedded_elf_riscv_64_main_graph$async_dispatch_147_conv_32x56x56x64x3x3_f32/process_time/real_time_mean          350 ms          350 ms           10 items_per_second=2.85861/s
BM_main_graph$async_dispatch_147_embedded_elf_riscv_64_main_graph$async_dispatch_147_conv_32x56x56x64x3x3_f32/process_time/real_time_median        350 ms          350 ms           10 items_per_second=2.85912/s
BM_main_graph$async_dispatch_147_embedded_elf_riscv_64_main_graph$async_dispatch_147_conv_32x56x56x64x3x3_f32/process_time/real_time_stddev      0.943 ms        0.943 ms           10 items_per_second=7.70686m/s
BM_main_graph$async_dispatch_147_embedded_elf_riscv_64_main_graph$async_dispatch_147_conv_32x56x56x64x3x3_f32/process_time/real_time_cv           0.27 %          0.27 %            10 items_per_second=0.27%
