2026-01-09T08:09:15.895250
Running tools/iree-benchmark-module --module=/home/dima/sched_vmfb/glpdepth_scalar/module_main_graph$async_dispatch_113_embedded_elf_riscv_64_benchmark.vmfb --device=local-task --function=main_graph$async_dispatch_113_embedded_elf_riscv_64_main_graph$async_dispatch_113_matmul_like_49x256x1024_f32 --input=1xi32=1 --task_topology_cpu_ids=0 --benchmark_repetitions=10
2026-01-09T08:09:15+08:00
Running tools/iree-benchmark-module
Run on (8 X 1600 MHz CPU s)
CPU Caches:
  L1 Instruction 32 KiB (x8)
  L1 Data 32 KiB (x8)
  L2 Unified 512 KiB (x2)
Load Average: 3.08, 2.43, 2.15
---------------------------------------------------------------------------------------------------------------------------------------------------------------------------------------------------------
Benchmark                                                                                                                                               Time             CPU   Iterations UserCounters...
---------------------------------------------------------------------------------------------------------------------------------------------------------------------------------------------------------
BM_main_graph$async_dispatch_113_embedded_elf_riscv_64_main_graph$async_dispatch_113_matmul_like_49x256x1024_f32/process_time/real_time              13.6 ms         13.6 ms           51 items_per_second=73.4309/s
BM_main_graph$async_dispatch_113_embedded_elf_riscv_64_main_graph$async_dispatch_113_matmul_like_49x256x1024_f32/process_time/real_time              13.7 ms         13.7 ms           51 items_per_second=73.2042/s
BM_main_graph$async_dispatch_113_embedded_elf_riscv_64_main_graph$async_dispatch_113_matmul_like_49x256x1024_f32/process_time/real_time              13.6 ms         13.6 ms           51 items_per_second=73.4816/s
BM_main_graph$async_dispatch_113_embedded_elf_riscv_64_main_graph$async_dispatch_113_matmul_like_49x256x1024_f32/process_time/real_time              13.6 ms         13.6 ms           51 items_per_second=73.4744/s
BM_main_graph$async_dispatch_113_embedded_elf_riscv_64_main_graph$async_dispatch_113_matmul_like_49x256x1024_f32/process_time/real_time              13.7 ms         13.7 ms           51 items_per_second=73.2522/s
BM_main_graph$async_dispatch_113_embedded_elf_riscv_64_main_graph$async_dispatch_113_matmul_like_49x256x1024_f32/process_time/real_time              13.6 ms         13.6 ms           51 items_per_second=73.4518/s
BM_main_graph$async_dispatch_113_embedded_elf_riscv_64_main_graph$async_dispatch_113_matmul_like_49x256x1024_f32/process_time/real_time              13.6 ms         13.6 ms           51 items_per_second=73.5003/s
BM_main_graph$async_dispatch_113_embedded_elf_riscv_64_main_graph$async_dispatch_113_matmul_like_49x256x1024_f32/process_time/real_time              13.7 ms         13.7 ms           51 items_per_second=73.1511/s
BM_main_graph$async_dispatch_113_embedded_elf_riscv_64_main_graph$async_dispatch_113_matmul_like_49x256x1024_f32/process_time/real_time              13.6 ms         13.6 ms           51 items_per_second=73.4674/s
BM_main_graph$async_dispatch_113_embedded_elf_riscv_64_main_graph$async_dispatch_113_matmul_like_49x256x1024_f32/process_time/real_time              13.6 ms         13.6 ms           51 items_per_second=73.4141/s
BM_main_graph$async_dispatch_113_embedded_elf_riscv_64_main_graph$async_dispatch_113_matmul_like_49x256x1024_f32/process_time/real_time_mean         13.6 ms         13.6 ms           10 items_per_second=73.3828/s
BM_main_graph$async_dispatch_113_embedded_elf_riscv_64_main_graph$async_dispatch_113_matmul_like_49x256x1024_f32/process_time/real_time_median       13.6 ms         13.6 ms           10 items_per_second=73.4414/s
BM_main_graph$async_dispatch_113_embedded_elf_riscv_64_main_graph$async_dispatch_113_matmul_like_49x256x1024_f32/process_time/real_time_stddev      0.024 ms        0.022 ms           10 items_per_second=0.129008/s
BM_main_graph$async_dispatch_113_embedded_elf_riscv_64_main_graph$async_dispatch_113_matmul_like_49x256x1024_f32/process_time/real_time_cv           0.18 %          0.16 %            10 items_per_second=0.18%
