2026-01-09T08:11:46.506270
Running tools/iree-benchmark-module --module=/home/dima/sched_vmfb/glpdepth_scalar/module_main_graph$async_dispatch_144_embedded_elf_riscv_64_benchmark.vmfb --device=local-task --function=main_graph$async_dispatch_144_embedded_elf_riscv_64_main_graph$async_dispatch_144_matmul_like_64x3136x32_f32 --input=1xi32=1 --task_topology_cpu_ids=0 --benchmark_repetitions=10
2026-01-09T08:11:46+08:00
Running tools/iree-benchmark-module
Run on (8 X 1600 MHz CPU s)
CPU Caches:
  L1 Instruction 32 KiB (x8)
  L1 Data 32 KiB (x8)
  L2 Unified 512 KiB (x2)
Load Average: 3.70, 2.86, 2.35
--------------------------------------------------------------------------------------------------------------------------------------------------------------------------------------------------------
Benchmark                                                                                                                                              Time             CPU   Iterations UserCounters...
--------------------------------------------------------------------------------------------------------------------------------------------------------------------------------------------------------
BM_main_graph$async_dispatch_144_embedded_elf_riscv_64_main_graph$async_dispatch_144_matmul_like_64x3136x32_f32/process_time/real_time               271 ms          271 ms            3 items_per_second=3.6886/s
BM_main_graph$async_dispatch_144_embedded_elf_riscv_64_main_graph$async_dispatch_144_matmul_like_64x3136x32_f32/process_time/real_time               271 ms          271 ms            3 items_per_second=3.68708/s
BM_main_graph$async_dispatch_144_embedded_elf_riscv_64_main_graph$async_dispatch_144_matmul_like_64x3136x32_f32/process_time/real_time               272 ms          272 ms            3 items_per_second=3.67457/s
BM_main_graph$async_dispatch_144_embedded_elf_riscv_64_main_graph$async_dispatch_144_matmul_like_64x3136x32_f32/process_time/real_time               271 ms          271 ms            3 items_per_second=3.68613/s
BM_main_graph$async_dispatch_144_embedded_elf_riscv_64_main_graph$async_dispatch_144_matmul_like_64x3136x32_f32/process_time/real_time               272 ms          272 ms            3 items_per_second=3.67675/s
BM_main_graph$async_dispatch_144_embedded_elf_riscv_64_main_graph$async_dispatch_144_matmul_like_64x3136x32_f32/process_time/real_time               271 ms          271 ms            3 items_per_second=3.68752/s
BM_main_graph$async_dispatch_144_embedded_elf_riscv_64_main_graph$async_dispatch_144_matmul_like_64x3136x32_f32/process_time/real_time               271 ms          271 ms            3 items_per_second=3.68644/s
BM_main_graph$async_dispatch_144_embedded_elf_riscv_64_main_graph$async_dispatch_144_matmul_like_64x3136x32_f32/process_time/real_time               272 ms          272 ms            3 items_per_second=3.67534/s
BM_main_graph$async_dispatch_144_embedded_elf_riscv_64_main_graph$async_dispatch_144_matmul_like_64x3136x32_f32/process_time/real_time               271 ms          271 ms            3 items_per_second=3.68895/s
BM_main_graph$async_dispatch_144_embedded_elf_riscv_64_main_graph$async_dispatch_144_matmul_like_64x3136x32_f32/process_time/real_time               272 ms          272 ms            3 items_per_second=3.67596/s
BM_main_graph$async_dispatch_144_embedded_elf_riscv_64_main_graph$async_dispatch_144_matmul_like_64x3136x32_f32/process_time/real_time_mean          272 ms          272 ms           10 items_per_second=3.68273/s
BM_main_graph$async_dispatch_144_embedded_elf_riscv_64_main_graph$async_dispatch_144_matmul_like_64x3136x32_f32/process_time/real_time_median        271 ms          271 ms           10 items_per_second=3.68628/s
BM_main_graph$async_dispatch_144_embedded_elf_riscv_64_main_graph$async_dispatch_144_matmul_like_64x3136x32_f32/process_time/real_time_stddev      0.456 ms        0.461 ms           10 items_per_second=6.17555m/s
BM_main_graph$async_dispatch_144_embedded_elf_riscv_64_main_graph$async_dispatch_144_matmul_like_64x3136x32_f32/process_time/real_time_cv           0.17 %          0.17 %            10 items_per_second=0.17%
