2026-01-09T08:09:02.614199
Running tools/iree-benchmark-module --module=/home/dima/sched_vmfb/glpdepth_scalar/module_main_graph$async_dispatch_111_embedded_elf_riscv_64_benchmark.vmfb --device=local-task --function=main_graph$async_dispatch_111_embedded_elf_riscv_64_main_graph$async_dispatch_111_matmul_like_1024x7x7x256_f32 --input=1xi32=1 --task_topology_cpu_ids=0 --benchmark_repetitions=10
2026-01-09T08:09:02+08:00
Running tools/iree-benchmark-module
Run on (8 X 1600 MHz CPU s)
CPU Caches:
  L1 Instruction 32 KiB (x8)
  L1 Data 32 KiB (x8)
  L2 Unified 512 KiB (x2)
Load Average: 2.99, 2.39, 2.13
----------------------------------------------------------------------------------------------------------------------------------------------------------------------------------------------------------
Benchmark                                                                                                                                                Time             CPU   Iterations UserCounters...
----------------------------------------------------------------------------------------------------------------------------------------------------------------------------------------------------------
BM_main_graph$async_dispatch_111_embedded_elf_riscv_64_main_graph$async_dispatch_111_matmul_like_1024x7x7x256_f32/process_time/real_time               214 ms          214 ms            3 items_per_second=4.66916/s
BM_main_graph$async_dispatch_111_embedded_elf_riscv_64_main_graph$async_dispatch_111_matmul_like_1024x7x7x256_f32/process_time/real_time               215 ms          215 ms            3 items_per_second=4.651/s
BM_main_graph$async_dispatch_111_embedded_elf_riscv_64_main_graph$async_dispatch_111_matmul_like_1024x7x7x256_f32/process_time/real_time               214 ms          214 ms            3 items_per_second=4.6812/s
BM_main_graph$async_dispatch_111_embedded_elf_riscv_64_main_graph$async_dispatch_111_matmul_like_1024x7x7x256_f32/process_time/real_time               214 ms          214 ms            3 items_per_second=4.67547/s
BM_main_graph$async_dispatch_111_embedded_elf_riscv_64_main_graph$async_dispatch_111_matmul_like_1024x7x7x256_f32/process_time/real_time               213 ms          213 ms            3 items_per_second=4.6904/s
BM_main_graph$async_dispatch_111_embedded_elf_riscv_64_main_graph$async_dispatch_111_matmul_like_1024x7x7x256_f32/process_time/real_time               214 ms          213 ms            3 items_per_second=4.68121/s
BM_main_graph$async_dispatch_111_embedded_elf_riscv_64_main_graph$async_dispatch_111_matmul_like_1024x7x7x256_f32/process_time/real_time               214 ms          214 ms            3 items_per_second=4.67274/s
BM_main_graph$async_dispatch_111_embedded_elf_riscv_64_main_graph$async_dispatch_111_matmul_like_1024x7x7x256_f32/process_time/real_time               213 ms          213 ms            3 items_per_second=4.69015/s
BM_main_graph$async_dispatch_111_embedded_elf_riscv_64_main_graph$async_dispatch_111_matmul_like_1024x7x7x256_f32/process_time/real_time               213 ms          213 ms            3 items_per_second=4.68884/s
BM_main_graph$async_dispatch_111_embedded_elf_riscv_64_main_graph$async_dispatch_111_matmul_like_1024x7x7x256_f32/process_time/real_time               213 ms          213 ms            3 items_per_second=4.69049/s
BM_main_graph$async_dispatch_111_embedded_elf_riscv_64_main_graph$async_dispatch_111_matmul_like_1024x7x7x256_f32/process_time/real_time_mean          214 ms          214 ms           10 items_per_second=4.67907/s
BM_main_graph$async_dispatch_111_embedded_elf_riscv_64_main_graph$async_dispatch_111_matmul_like_1024x7x7x256_f32/process_time/real_time_median        214 ms          213 ms           10 items_per_second=4.68121/s
BM_main_graph$async_dispatch_111_embedded_elf_riscv_64_main_graph$async_dispatch_111_matmul_like_1024x7x7x256_f32/process_time/real_time_stddev      0.576 ms        0.594 ms           10 items_per_second=0.0125827/s
BM_main_graph$async_dispatch_111_embedded_elf_riscv_64_main_graph$async_dispatch_111_matmul_like_1024x7x7x256_f32/process_time/real_time_cv           0.27 %          0.28 %            10 items_per_second=0.27%
