2026-01-09T08:10:28.741248
Running tools/iree-benchmark-module --module=/home/dima/sched_vmfb/glpdepth_scalar/module_main_graph$async_dispatch_134_embedded_elf_riscv_64_benchmark.vmfb --device=local-task --function=main_graph$async_dispatch_134_embedded_elf_riscv_64_main_graph$async_dispatch_134_conv_2x14x14x32x3x3_f32 --input=1xi32=1 --task_topology_cpu_ids=0 --benchmark_repetitions=10
2026-01-09T08:10:28+08:00
Running tools/iree-benchmark-module
Run on (8 X 1600 MHz CPU s)
CPU Caches:
  L1 Instruction 32 KiB (x8)
  L1 Data 32 KiB (x8)
  L2 Unified 512 KiB (x2)
Load Average: 3.09, 2.58, 2.23
-----------------------------------------------------------------------------------------------------------------------------------------------------------------------------------------------------
Benchmark                                                                                                                                           Time             CPU   Iterations UserCounters...
-----------------------------------------------------------------------------------------------------------------------------------------------------------------------------------------------------
BM_main_graph$async_dispatch_134_embedded_elf_riscv_64_main_graph$async_dispatch_134_conv_2x14x14x32x3x3_f32/process_time/real_time             0.725 ms        0.731 ms          962 items_per_second=1.37992k/s
BM_main_graph$async_dispatch_134_embedded_elf_riscv_64_main_graph$async_dispatch_134_conv_2x14x14x32x3x3_f32/process_time/real_time             0.726 ms        0.733 ms          962 items_per_second=1.37668k/s
BM_main_graph$async_dispatch_134_embedded_elf_riscv_64_main_graph$async_dispatch_134_conv_2x14x14x32x3x3_f32/process_time/real_time             0.724 ms        0.730 ms          962 items_per_second=1.38209k/s
BM_main_graph$async_dispatch_134_embedded_elf_riscv_64_main_graph$async_dispatch_134_conv_2x14x14x32x3x3_f32/process_time/real_time             0.724 ms        0.731 ms          962 items_per_second=1.38095k/s
BM_main_graph$async_dispatch_134_embedded_elf_riscv_64_main_graph$async_dispatch_134_conv_2x14x14x32x3x3_f32/process_time/real_time             0.727 ms        0.734 ms          962 items_per_second=1.37544k/s
BM_main_graph$async_dispatch_134_embedded_elf_riscv_64_main_graph$async_dispatch_134_conv_2x14x14x32x3x3_f32/process_time/real_time             0.725 ms        0.732 ms          962 items_per_second=1.37872k/s
BM_main_graph$async_dispatch_134_embedded_elf_riscv_64_main_graph$async_dispatch_134_conv_2x14x14x32x3x3_f32/process_time/real_time             0.724 ms        0.730 ms          962 items_per_second=1.38215k/s
BM_main_graph$async_dispatch_134_embedded_elf_riscv_64_main_graph$async_dispatch_134_conv_2x14x14x32x3x3_f32/process_time/real_time             0.728 ms        0.734 ms          962 items_per_second=1.37285k/s
BM_main_graph$async_dispatch_134_embedded_elf_riscv_64_main_graph$async_dispatch_134_conv_2x14x14x32x3x3_f32/process_time/real_time             0.719 ms        0.723 ms          962 items_per_second=1.3904k/s
BM_main_graph$async_dispatch_134_embedded_elf_riscv_64_main_graph$async_dispatch_134_conv_2x14x14x32x3x3_f32/process_time/real_time             0.710 ms        0.711 ms          962 items_per_second=1.40941k/s
BM_main_graph$async_dispatch_134_embedded_elf_riscv_64_main_graph$async_dispatch_134_conv_2x14x14x32x3x3_f32/process_time/real_time_mean        0.723 ms        0.729 ms           10 items_per_second=1.38286k/s
BM_main_graph$async_dispatch_134_embedded_elf_riscv_64_main_graph$async_dispatch_134_conv_2x14x14x32x3x3_f32/process_time/real_time_median      0.724 ms        0.731 ms           10 items_per_second=1.38043k/s
BM_main_graph$async_dispatch_134_embedded_elf_riscv_64_main_graph$async_dispatch_134_conv_2x14x14x32x3x3_f32/process_time/real_time_stddev      0.005 ms        0.007 ms           10 items_per_second=10.4654/s
BM_main_graph$async_dispatch_134_embedded_elf_riscv_64_main_graph$async_dispatch_134_conv_2x14x14x32x3x3_f32/process_time/real_time_cv           0.75 %          0.95 %            10 items_per_second=0.76%
