2026-01-09T08:15:41.780954
Running tools/iree-benchmark-module --module=/home/dima/sched_vmfb/glpdepth_scalar/module_main_graph$async_dispatch_35_embedded_elf_riscv_64_benchmark.vmfb --device=local-task --function=main_graph$async_dispatch_35_embedded_elf_riscv_64_main_graph$async_dispatch_35_reduction_784x64_f32 --input=1xi32=1 --task_topology_cpu_ids=0 --benchmark_repetitions=10
2026-01-09T08:15:41+08:00
Running tools/iree-benchmark-module
Run on (8 X 1600 MHz CPU s)
CPU Caches:
  L1 Instruction 32 KiB (x8)
  L1 Data 32 KiB (x8)
  L2 Unified 512 KiB (x2)
Load Average: 3.02, 2.95, 2.51
------------------------------------------------------------------------------------------------------------------------------------------------------------------------------------------------
Benchmark                                                                                                                                      Time             CPU   Iterations UserCounters...
------------------------------------------------------------------------------------------------------------------------------------------------------------------------------------------------
BM_main_graph$async_dispatch_35_embedded_elf_riscv_64_main_graph$async_dispatch_35_reduction_784x64_f32/process_time/real_time              6.45 ms         6.46 ms          107 items_per_second=154.964/s
BM_main_graph$async_dispatch_35_embedded_elf_riscv_64_main_graph$async_dispatch_35_reduction_784x64_f32/process_time/real_time              6.48 ms         6.48 ms          107 items_per_second=154.405/s
BM_main_graph$async_dispatch_35_embedded_elf_riscv_64_main_graph$async_dispatch_35_reduction_784x64_f32/process_time/real_time              6.45 ms         6.46 ms          107 items_per_second=155.047/s
BM_main_graph$async_dispatch_35_embedded_elf_riscv_64_main_graph$async_dispatch_35_reduction_784x64_f32/process_time/real_time              6.47 ms         6.48 ms          107 items_per_second=154.522/s
BM_main_graph$async_dispatch_35_embedded_elf_riscv_64_main_graph$async_dispatch_35_reduction_784x64_f32/process_time/real_time              6.46 ms         6.47 ms          107 items_per_second=154.756/s
BM_main_graph$async_dispatch_35_embedded_elf_riscv_64_main_graph$async_dispatch_35_reduction_784x64_f32/process_time/real_time              6.44 ms         6.45 ms          107 items_per_second=155.173/s
BM_main_graph$async_dispatch_35_embedded_elf_riscv_64_main_graph$async_dispatch_35_reduction_784x64_f32/process_time/real_time              6.48 ms         6.49 ms          107 items_per_second=154.275/s
BM_main_graph$async_dispatch_35_embedded_elf_riscv_64_main_graph$async_dispatch_35_reduction_784x64_f32/process_time/real_time              6.46 ms         6.47 ms          107 items_per_second=154.747/s
BM_main_graph$async_dispatch_35_embedded_elf_riscv_64_main_graph$async_dispatch_35_reduction_784x64_f32/process_time/real_time              6.52 ms         6.53 ms          107 items_per_second=153.272/s
BM_main_graph$async_dispatch_35_embedded_elf_riscv_64_main_graph$async_dispatch_35_reduction_784x64_f32/process_time/real_time              6.52 ms         6.52 ms          107 items_per_second=153.453/s
BM_main_graph$async_dispatch_35_embedded_elf_riscv_64_main_graph$async_dispatch_35_reduction_784x64_f32/process_time/real_time_mean         6.47 ms         6.48 ms           10 items_per_second=154.461/s
BM_main_graph$async_dispatch_35_embedded_elf_riscv_64_main_graph$async_dispatch_35_reduction_784x64_f32/process_time/real_time_median       6.47 ms         6.47 ms           10 items_per_second=154.634/s
BM_main_graph$async_dispatch_35_embedded_elf_riscv_64_main_graph$async_dispatch_35_reduction_784x64_f32/process_time/real_time_stddev      0.027 ms        0.025 ms           10 items_per_second=0.644769/s
BM_main_graph$async_dispatch_35_embedded_elf_riscv_64_main_graph$async_dispatch_35_reduction_784x64_f32/process_time/real_time_cv           0.42 %          0.39 %            10 items_per_second=0.42%
