2026-01-09T08:19:49.850434
Running tools/iree-benchmark-module --module=/home/dima/sched_vmfb/glpdepth_scalar/module_main_graph$async_dispatch_7_embedded_elf_riscv_64_benchmark.vmfb --device=local-task --function=main_graph$async_dispatch_7_embedded_elf_riscv_64_main_graph$async_dispatch_7_elementwise_broadcast_1568_f32 --input=1xi32=1 --task_topology_cpu_ids=0 --benchmark_repetitions=10
2026-01-09T08:19:49+08:00
Running tools/iree-benchmark-module
Run on (8 X 1600 MHz CPU s)
CPU Caches:
  L1 Instruction 32 KiB (x8)
  L1 Data 32 KiB (x8)
  L2 Unified 512 KiB (x2)
Load Average: 3.06, 3.03, 2.66
--------------------------------------------------------------------------------------------------------------------------------------------------------------------------------------------------------
Benchmark                                                                                                                                              Time             CPU   Iterations UserCounters...
--------------------------------------------------------------------------------------------------------------------------------------------------------------------------------------------------------
BM_main_graph$async_dispatch_7_embedded_elf_riscv_64_main_graph$async_dispatch_7_elementwise_broadcast_1568_f32/process_time/real_time             0.079 ms        0.086 ms         8849 items_per_second=12.6076k/s
BM_main_graph$async_dispatch_7_embedded_elf_riscv_64_main_graph$async_dispatch_7_elementwise_broadcast_1568_f32/process_time/real_time             0.079 ms        0.086 ms         8849 items_per_second=12.5981k/s
BM_main_graph$async_dispatch_7_embedded_elf_riscv_64_main_graph$async_dispatch_7_elementwise_broadcast_1568_f32/process_time/real_time             0.079 ms        0.085 ms         8849 items_per_second=12.6379k/s
BM_main_graph$async_dispatch_7_embedded_elf_riscv_64_main_graph$async_dispatch_7_elementwise_broadcast_1568_f32/process_time/real_time             0.080 ms        0.085 ms         8849 items_per_second=12.5581k/s
BM_main_graph$async_dispatch_7_embedded_elf_riscv_64_main_graph$async_dispatch_7_elementwise_broadcast_1568_f32/process_time/real_time             0.080 ms        0.086 ms         8849 items_per_second=12.4902k/s
BM_main_graph$async_dispatch_7_embedded_elf_riscv_64_main_graph$async_dispatch_7_elementwise_broadcast_1568_f32/process_time/real_time             0.080 ms        0.086 ms         8849 items_per_second=12.5598k/s
BM_main_graph$async_dispatch_7_embedded_elf_riscv_64_main_graph$async_dispatch_7_elementwise_broadcast_1568_f32/process_time/real_time             0.080 ms        0.086 ms         8849 items_per_second=12.5156k/s
BM_main_graph$async_dispatch_7_embedded_elf_riscv_64_main_graph$async_dispatch_7_elementwise_broadcast_1568_f32/process_time/real_time             0.079 ms        0.086 ms         8849 items_per_second=12.5815k/s
BM_main_graph$async_dispatch_7_embedded_elf_riscv_64_main_graph$async_dispatch_7_elementwise_broadcast_1568_f32/process_time/real_time             0.079 ms        0.086 ms         8849 items_per_second=12.59k/s
BM_main_graph$async_dispatch_7_embedded_elf_riscv_64_main_graph$async_dispatch_7_elementwise_broadcast_1568_f32/process_time/real_time             0.079 ms        0.086 ms         8849 items_per_second=12.594k/s
BM_main_graph$async_dispatch_7_embedded_elf_riscv_64_main_graph$async_dispatch_7_elementwise_broadcast_1568_f32/process_time/real_time_mean        0.080 ms        0.086 ms           10 items_per_second=12.5733k/s
BM_main_graph$async_dispatch_7_embedded_elf_riscv_64_main_graph$async_dispatch_7_elementwise_broadcast_1568_f32/process_time/real_time_median      0.079 ms        0.086 ms           10 items_per_second=12.5858k/s
BM_main_graph$async_dispatch_7_embedded_elf_riscv_64_main_graph$async_dispatch_7_elementwise_broadcast_1568_f32/process_time/real_time_stddev      0.000 ms        0.000 ms           10 items_per_second=43.9763/s
BM_main_graph$async_dispatch_7_embedded_elf_riscv_64_main_graph$async_dispatch_7_elementwise_broadcast_1568_f32/process_time/real_time_cv           0.35 %          0.30 %            10 items_per_second=0.35%
