2026-01-09T08:09:37.797535
Running tools/iree-benchmark-module --module=/home/dima/sched_vmfb/glpdepth_scalar/module_main_graph$async_dispatch_128_embedded_elf_riscv_64_benchmark.vmfb --device=local-task --function=main_graph$async_dispatch_128_embedded_elf_riscv_64_main_graph$async_dispatch_128_matmul_like_64x49x256_f32 --input=1xi32=1 --task_topology_cpu_ids=0 --benchmark_repetitions=10
2026-01-09T08:09:37+08:00
Running tools/iree-benchmark-module
Run on (8 X 1600 MHz CPU s)
CPU Caches:
  L1 Instruction 32 KiB (x8)
  L1 Data 32 KiB (x8)
  L2 Unified 512 KiB (x2)
Load Average: 3.21, 2.50, 2.18
-------------------------------------------------------------------------------------------------------------------------------------------------------------------------------------------------------
Benchmark                                                                                                                                             Time             CPU   Iterations UserCounters...
-------------------------------------------------------------------------------------------------------------------------------------------------------------------------------------------------------
BM_main_graph$async_dispatch_128_embedded_elf_riscv_64_main_graph$async_dispatch_128_matmul_like_64x49x256_f32/process_time/real_time              47.7 ms         47.7 ms           15 items_per_second=20.9808/s
BM_main_graph$async_dispatch_128_embedded_elf_riscv_64_main_graph$async_dispatch_128_matmul_like_64x49x256_f32/process_time/real_time              47.8 ms         47.8 ms           15 items_per_second=20.9001/s
BM_main_graph$async_dispatch_128_embedded_elf_riscv_64_main_graph$async_dispatch_128_matmul_like_64x49x256_f32/process_time/real_time              47.7 ms         47.7 ms           15 items_per_second=20.9675/s
BM_main_graph$async_dispatch_128_embedded_elf_riscv_64_main_graph$async_dispatch_128_matmul_like_64x49x256_f32/process_time/real_time              47.7 ms         47.7 ms           15 items_per_second=20.9581/s
BM_main_graph$async_dispatch_128_embedded_elf_riscv_64_main_graph$async_dispatch_128_matmul_like_64x49x256_f32/process_time/real_time              47.9 ms         47.9 ms           15 items_per_second=20.8702/s
BM_main_graph$async_dispatch_128_embedded_elf_riscv_64_main_graph$async_dispatch_128_matmul_like_64x49x256_f32/process_time/real_time              47.7 ms         47.7 ms           15 items_per_second=20.9729/s
BM_main_graph$async_dispatch_128_embedded_elf_riscv_64_main_graph$async_dispatch_128_matmul_like_64x49x256_f32/process_time/real_time              47.7 ms         47.7 ms           15 items_per_second=20.9653/s
BM_main_graph$async_dispatch_128_embedded_elf_riscv_64_main_graph$async_dispatch_128_matmul_like_64x49x256_f32/process_time/real_time              47.9 ms         47.9 ms           15 items_per_second=20.882/s
BM_main_graph$async_dispatch_128_embedded_elf_riscv_64_main_graph$async_dispatch_128_matmul_like_64x49x256_f32/process_time/real_time              47.6 ms         47.6 ms           15 items_per_second=20.9883/s
BM_main_graph$async_dispatch_128_embedded_elf_riscv_64_main_graph$async_dispatch_128_matmul_like_64x49x256_f32/process_time/real_time              47.7 ms         47.7 ms           15 items_per_second=20.9611/s
BM_main_graph$async_dispatch_128_embedded_elf_riscv_64_main_graph$async_dispatch_128_matmul_like_64x49x256_f32/process_time/real_time_mean         47.7 ms         47.7 ms           10 items_per_second=20.9446/s
BM_main_graph$async_dispatch_128_embedded_elf_riscv_64_main_graph$async_dispatch_128_matmul_like_64x49x256_f32/process_time/real_time_median       47.7 ms         47.7 ms           10 items_per_second=20.9632/s
BM_main_graph$async_dispatch_128_embedded_elf_riscv_64_main_graph$async_dispatch_128_matmul_like_64x49x256_f32/process_time/real_time_stddev      0.099 ms        0.087 ms           10 items_per_second=0.043293/s
BM_main_graph$async_dispatch_128_embedded_elf_riscv_64_main_graph$async_dispatch_128_matmul_like_64x49x256_f32/process_time/real_time_cv           0.21 %          0.18 %            10 items_per_second=0.21%
