2026-01-09T08:17:30.300715
Running tools/iree-benchmark-module --module=/home/dima/sched_vmfb/glpdepth_scalar/module_main_graph$async_dispatch_49_embedded_elf_riscv_64_benchmark.vmfb --device=local-task --function=main_graph$async_dispatch_49_embedded_elf_riscv_64_main_graph$async_dispatch_49_matmul_like_784x64x256_f32 --input=1xi32=1 --task_topology_cpu_ids=0 --benchmark_repetitions=10
2026-01-09T08:17:30+08:00
Running tools/iree-benchmark-module
Run on (8 X 1600 MHz CPU s)
CPU Caches:
  L1 Instruction 32 KiB (x8)
  L1 Data 32 KiB (x8)
  L2 Unified 512 KiB (x2)
Load Average: 3.06, 3.00, 2.58
------------------------------------------------------------------------------------------------------------------------------------------------------------------------------------------------------
Benchmark                                                                                                                                            Time             CPU   Iterations UserCounters...
------------------------------------------------------------------------------------------------------------------------------------------------------------------------------------------------------
BM_main_graph$async_dispatch_49_embedded_elf_riscv_64_main_graph$async_dispatch_49_matmul_like_784x64x256_f32/process_time/real_time              12.1 ms         12.1 ms           57 items_per_second=82.4167/s
BM_main_graph$async_dispatch_49_embedded_elf_riscv_64_main_graph$async_dispatch_49_matmul_like_784x64x256_f32/process_time/real_time              12.2 ms         12.2 ms           57 items_per_second=82.1916/s
BM_main_graph$async_dispatch_49_embedded_elf_riscv_64_main_graph$async_dispatch_49_matmul_like_784x64x256_f32/process_time/real_time              12.1 ms         12.1 ms           57 items_per_second=82.3532/s
BM_main_graph$async_dispatch_49_embedded_elf_riscv_64_main_graph$async_dispatch_49_matmul_like_784x64x256_f32/process_time/real_time              12.2 ms         12.2 ms           57 items_per_second=82.2954/s
BM_main_graph$async_dispatch_49_embedded_elf_riscv_64_main_graph$async_dispatch_49_matmul_like_784x64x256_f32/process_time/real_time              12.2 ms         12.2 ms           57 items_per_second=82.0572/s
BM_main_graph$async_dispatch_49_embedded_elf_riscv_64_main_graph$async_dispatch_49_matmul_like_784x64x256_f32/process_time/real_time              12.1 ms         12.1 ms           57 items_per_second=82.3812/s
BM_main_graph$async_dispatch_49_embedded_elf_riscv_64_main_graph$async_dispatch_49_matmul_like_784x64x256_f32/process_time/real_time              12.2 ms         12.1 ms           57 items_per_second=82.0924/s
BM_main_graph$async_dispatch_49_embedded_elf_riscv_64_main_graph$async_dispatch_49_matmul_like_784x64x256_f32/process_time/real_time              12.2 ms         12.2 ms           57 items_per_second=82.0898/s
BM_main_graph$async_dispatch_49_embedded_elf_riscv_64_main_graph$async_dispatch_49_matmul_like_784x64x256_f32/process_time/real_time              12.1 ms         12.1 ms           57 items_per_second=82.3627/s
BM_main_graph$async_dispatch_49_embedded_elf_riscv_64_main_graph$async_dispatch_49_matmul_like_784x64x256_f32/process_time/real_time              12.1 ms         12.1 ms           57 items_per_second=82.4416/s
BM_main_graph$async_dispatch_49_embedded_elf_riscv_64_main_graph$async_dispatch_49_matmul_like_784x64x256_f32/process_time/real_time_mean         12.2 ms         12.2 ms           10 items_per_second=82.2682/s
BM_main_graph$async_dispatch_49_embedded_elf_riscv_64_main_graph$async_dispatch_49_matmul_like_784x64x256_f32/process_time/real_time_median       12.1 ms         12.1 ms           10 items_per_second=82.3243/s
BM_main_graph$async_dispatch_49_embedded_elf_riscv_64_main_graph$async_dispatch_49_matmul_like_784x64x256_f32/process_time/real_time_stddev      0.022 ms        0.022 ms           10 items_per_second=0.147163/s
BM_main_graph$async_dispatch_49_embedded_elf_riscv_64_main_graph$async_dispatch_49_matmul_like_784x64x256_f32/process_time/real_time_cv           0.18 %          0.18 %            10 items_per_second=0.18%
