2026-01-09T08:08:19.268533
Running tools/iree-benchmark-module --module=/home/dima/sched_vmfb/glpdepth_scalar/module_main_graph$async_dispatch_106_embedded_elf_riscv_64_benchmark.vmfb --device=local-task --function=main_graph$async_dispatch_106_embedded_elf_riscv_64_main_graph$async_dispatch_106_matmul_like_8x49x49x32_f32 --input=1xi32=1 --task_topology_cpu_ids=0 --benchmark_repetitions=10
2026-01-09T08:08:19+08:00
Running tools/iree-benchmark-module
Run on (8 X 1600 MHz CPU s)
CPU Caches:
  L1 Instruction 32 KiB (x8)
  L1 Data 32 KiB (x8)
  L2 Unified 512 KiB (x2)
Load Average: 2.81, 2.26, 2.08
--------------------------------------------------------------------------------------------------------------------------------------------------------------------------------------------------------
Benchmark                                                                                                                                              Time             CPU   Iterations UserCounters...
--------------------------------------------------------------------------------------------------------------------------------------------------------------------------------------------------------
BM_main_graph$async_dispatch_106_embedded_elf_riscv_64_main_graph$async_dispatch_106_matmul_like_8x49x49x32_f32/process_time/real_time              1.19 ms         1.20 ms          588 items_per_second=840.326/s
BM_main_graph$async_dispatch_106_embedded_elf_riscv_64_main_graph$async_dispatch_106_matmul_like_8x49x49x32_f32/process_time/real_time              1.19 ms         1.19 ms          588 items_per_second=842.038/s
BM_main_graph$async_dispatch_106_embedded_elf_riscv_64_main_graph$async_dispatch_106_matmul_like_8x49x49x32_f32/process_time/real_time              1.20 ms         1.20 ms          588 items_per_second=835.848/s
BM_main_graph$async_dispatch_106_embedded_elf_riscv_64_main_graph$async_dispatch_106_matmul_like_8x49x49x32_f32/process_time/real_time              1.19 ms         1.20 ms          588 items_per_second=841.194/s
BM_main_graph$async_dispatch_106_embedded_elf_riscv_64_main_graph$async_dispatch_106_matmul_like_8x49x49x32_f32/process_time/real_time              1.19 ms         1.19 ms          588 items_per_second=841.101/s
BM_main_graph$async_dispatch_106_embedded_elf_riscv_64_main_graph$async_dispatch_106_matmul_like_8x49x49x32_f32/process_time/real_time              1.20 ms         1.20 ms          588 items_per_second=836.049/s
BM_main_graph$async_dispatch_106_embedded_elf_riscv_64_main_graph$async_dispatch_106_matmul_like_8x49x49x32_f32/process_time/real_time              1.19 ms         1.19 ms          588 items_per_second=841.41/s
BM_main_graph$async_dispatch_106_embedded_elf_riscv_64_main_graph$async_dispatch_106_matmul_like_8x49x49x32_f32/process_time/real_time              1.19 ms         1.20 ms          588 items_per_second=839.44/s
BM_main_graph$async_dispatch_106_embedded_elf_riscv_64_main_graph$async_dispatch_106_matmul_like_8x49x49x32_f32/process_time/real_time              1.17 ms         1.17 ms          588 items_per_second=853.978/s
BM_main_graph$async_dispatch_106_embedded_elf_riscv_64_main_graph$async_dispatch_106_matmul_like_8x49x49x32_f32/process_time/real_time              1.17 ms         1.17 ms          588 items_per_second=853.694/s
BM_main_graph$async_dispatch_106_embedded_elf_riscv_64_main_graph$async_dispatch_106_matmul_like_8x49x49x32_f32/process_time/real_time_mean         1.19 ms         1.19 ms           10 items_per_second=842.508/s
BM_main_graph$async_dispatch_106_embedded_elf_riscv_64_main_graph$async_dispatch_106_matmul_like_8x49x49x32_f32/process_time/real_time_median       1.19 ms         1.20 ms           10 items_per_second=841.148/s
BM_main_graph$async_dispatch_106_embedded_elf_riscv_64_main_graph$async_dispatch_106_matmul_like_8x49x49x32_f32/process_time/real_time_stddev      0.009 ms        0.011 ms           10 items_per_second=6.3427/s
BM_main_graph$async_dispatch_106_embedded_elf_riscv_64_main_graph$async_dispatch_106_matmul_like_8x49x49x32_f32/process_time/real_time_cv           0.75 %          0.96 %            10 items_per_second=0.75%
