2026-01-09T08:12:30.565222
Running tools/iree-benchmark-module --module=/home/dima/sched_vmfb/glpdepth_scalar/module_main_graph$async_dispatch_149_embedded_elf_riscv_64_benchmark.vmfb --device=local-task --function=main_graph$async_dispatch_149_embedded_elf_riscv_64_main_graph$async_dispatch_149_elementwise_200704_f32 --input=1xi32=1 --task_topology_cpu_ids=0 --benchmark_repetitions=10
2026-01-09T08:12:30+08:00
Running tools/iree-benchmark-module
Run on (8 X 1600 MHz CPU s)
CPU Caches:
  L1 Instruction 32 KiB (x8)
  L1 Data 32 KiB (x8)
  L2 Unified 512 KiB (x2)
Load Average: 3.33, 2.88, 2.38
----------------------------------------------------------------------------------------------------------------------------------------------------------------------------------------------------
Benchmark                                                                                                                                          Time             CPU   Iterations UserCounters...
----------------------------------------------------------------------------------------------------------------------------------------------------------------------------------------------------
BM_main_graph$async_dispatch_149_embedded_elf_riscv_64_main_graph$async_dispatch_149_elementwise_200704_f32/process_time/real_time              17.4 ms         17.4 ms           40 items_per_second=57.5003/s
BM_main_graph$async_dispatch_149_embedded_elf_riscv_64_main_graph$async_dispatch_149_elementwise_200704_f32/process_time/real_time              17.3 ms         17.3 ms           40 items_per_second=57.7311/s
BM_main_graph$async_dispatch_149_embedded_elf_riscv_64_main_graph$async_dispatch_149_elementwise_200704_f32/process_time/real_time              17.3 ms         17.3 ms           40 items_per_second=57.7374/s
BM_main_graph$async_dispatch_149_embedded_elf_riscv_64_main_graph$async_dispatch_149_elementwise_200704_f32/process_time/real_time              17.4 ms         17.4 ms           40 items_per_second=57.5385/s
BM_main_graph$async_dispatch_149_embedded_elf_riscv_64_main_graph$async_dispatch_149_elementwise_200704_f32/process_time/real_time              17.3 ms         17.3 ms           40 items_per_second=57.6878/s
BM_main_graph$async_dispatch_149_embedded_elf_riscv_64_main_graph$async_dispatch_149_elementwise_200704_f32/process_time/real_time              17.3 ms         17.3 ms           40 items_per_second=57.7618/s
BM_main_graph$async_dispatch_149_embedded_elf_riscv_64_main_graph$async_dispatch_149_elementwise_200704_f32/process_time/real_time              17.4 ms         17.4 ms           40 items_per_second=57.5011/s
BM_main_graph$async_dispatch_149_embedded_elf_riscv_64_main_graph$async_dispatch_149_elementwise_200704_f32/process_time/real_time              17.3 ms         17.3 ms           40 items_per_second=57.7153/s
BM_main_graph$async_dispatch_149_embedded_elf_riscv_64_main_graph$async_dispatch_149_elementwise_200704_f32/process_time/real_time              17.3 ms         17.3 ms           40 items_per_second=57.7459/s
BM_main_graph$async_dispatch_149_embedded_elf_riscv_64_main_graph$async_dispatch_149_elementwise_200704_f32/process_time/real_time              17.4 ms         17.4 ms           40 items_per_second=57.4544/s
BM_main_graph$async_dispatch_149_embedded_elf_riscv_64_main_graph$async_dispatch_149_elementwise_200704_f32/process_time/real_time_mean         17.3 ms         17.4 ms           10 items_per_second=57.6373/s
BM_main_graph$async_dispatch_149_embedded_elf_riscv_64_main_graph$async_dispatch_149_elementwise_200704_f32/process_time/real_time_median       17.3 ms         17.3 ms           10 items_per_second=57.7015/s
BM_main_graph$async_dispatch_149_embedded_elf_riscv_64_main_graph$async_dispatch_149_elementwise_200704_f32/process_time/real_time_stddev      0.037 ms        0.038 ms           10 items_per_second=0.122611/s
BM_main_graph$async_dispatch_149_embedded_elf_riscv_64_main_graph$async_dispatch_149_elementwise_200704_f32/process_time/real_time_cv           0.21 %          0.22 %            10 items_per_second=0.21%
