2026-01-09T08:16:24.782346
Running tools/iree-benchmark-module --module=/home/dima/sched_vmfb/glpdepth_scalar/module_main_graph$async_dispatch_40_embedded_elf_riscv_64_benchmark.vmfb --device=local-task --function=main_graph$async_dispatch_40_embedded_elf_riscv_64_main_graph$async_dispatch_40_elementwise_broadcast_3136_f32 --input=1xi32=1 --task_topology_cpu_ids=0 --benchmark_repetitions=10
2026-01-09T08:16:24+08:00
Running tools/iree-benchmark-module
Run on (8 X 1600 MHz CPU s)
CPU Caches:
  L1 Instruction 32 KiB (x8)
  L1 Data 32 KiB (x8)
  L2 Unified 512 KiB (x2)
Load Average: 3.01, 2.96, 2.54
----------------------------------------------------------------------------------------------------------------------------------------------------------------------------------------------------------
Benchmark                                                                                                                                                Time             CPU   Iterations UserCounters...
----------------------------------------------------------------------------------------------------------------------------------------------------------------------------------------------------------
BM_main_graph$async_dispatch_40_embedded_elf_riscv_64_main_graph$async_dispatch_40_elementwise_broadcast_3136_f32/process_time/real_time             0.093 ms        0.099 ms         7340 items_per_second=10.7452k/s
BM_main_graph$async_dispatch_40_embedded_elf_riscv_64_main_graph$async_dispatch_40_elementwise_broadcast_3136_f32/process_time/real_time             0.093 ms        0.099 ms         7340 items_per_second=10.7664k/s
BM_main_graph$async_dispatch_40_embedded_elf_riscv_64_main_graph$async_dispatch_40_elementwise_broadcast_3136_f32/process_time/real_time             0.094 ms        0.100 ms         7340 items_per_second=10.6568k/s
BM_main_graph$async_dispatch_40_embedded_elf_riscv_64_main_graph$async_dispatch_40_elementwise_broadcast_3136_f32/process_time/real_time             0.092 ms        0.098 ms         7340 items_per_second=10.8329k/s
BM_main_graph$async_dispatch_40_embedded_elf_riscv_64_main_graph$async_dispatch_40_elementwise_broadcast_3136_f32/process_time/real_time             0.092 ms        0.098 ms         7340 items_per_second=10.8584k/s
BM_main_graph$async_dispatch_40_embedded_elf_riscv_64_main_graph$async_dispatch_40_elementwise_broadcast_3136_f32/process_time/real_time             0.093 ms        0.100 ms         7340 items_per_second=10.6999k/s
BM_main_graph$async_dispatch_40_embedded_elf_riscv_64_main_graph$async_dispatch_40_elementwise_broadcast_3136_f32/process_time/real_time             0.092 ms        0.098 ms         7340 items_per_second=10.9108k/s
BM_main_graph$async_dispatch_40_embedded_elf_riscv_64_main_graph$async_dispatch_40_elementwise_broadcast_3136_f32/process_time/real_time             0.085 ms        0.090 ms         7340 items_per_second=11.7965k/s
BM_main_graph$async_dispatch_40_embedded_elf_riscv_64_main_graph$async_dispatch_40_elementwise_broadcast_3136_f32/process_time/real_time             0.086 ms        0.092 ms         7340 items_per_second=11.6126k/s
BM_main_graph$async_dispatch_40_embedded_elf_riscv_64_main_graph$async_dispatch_40_elementwise_broadcast_3136_f32/process_time/real_time             0.087 ms        0.092 ms         7340 items_per_second=11.559k/s
BM_main_graph$async_dispatch_40_embedded_elf_riscv_64_main_graph$async_dispatch_40_elementwise_broadcast_3136_f32/process_time/real_time_mean        0.091 ms        0.097 ms           10 items_per_second=11.0439k/s
BM_main_graph$async_dispatch_40_embedded_elf_riscv_64_main_graph$async_dispatch_40_elementwise_broadcast_3136_f32/process_time/real_time_median      0.092 ms        0.098 ms           10 items_per_second=10.8457k/s
BM_main_graph$async_dispatch_40_embedded_elf_riscv_64_main_graph$async_dispatch_40_elementwise_broadcast_3136_f32/process_time/real_time_stddev      0.003 ms        0.004 ms           10 items_per_second=432.843/s
BM_main_graph$async_dispatch_40_embedded_elf_riscv_64_main_graph$async_dispatch_40_elementwise_broadcast_3136_f32/process_time/real_time_cv           3.80 %          3.77 %            10 items_per_second=3.92%
