2026-01-09T08:18:21.361623
Running tools/iree-benchmark-module --module=/home/dima/sched_vmfb/glpdepth_scalar/module_main_graph$async_dispatch_69_embedded_elf_riscv_64_benchmark.vmfb --device=local-task --function=main_graph$async_dispatch_69_embedded_elf_riscv_64_main_graph$async_dispatch_69_matmul_like_5x196x32x160_f32 --input=1xi32=1 --task_topology_cpu_ids=0 --benchmark_repetitions=10
2026-01-09T08:18:21+08:00
Running tools/iree-benchmark-module
Run on (8 X 1600 MHz CPU s)
CPU Caches:
  L1 Instruction 32 KiB (x8)
  L1 Data 32 KiB (x8)
  L2 Unified 512 KiB (x2)
Load Average: 3.13, 3.03, 2.61
--------------------------------------------------------------------------------------------------------------------------------------------------------------------------------------------------------
Benchmark                                                                                                                                              Time             CPU   Iterations UserCounters...
--------------------------------------------------------------------------------------------------------------------------------------------------------------------------------------------------------
BM_main_graph$async_dispatch_69_embedded_elf_riscv_64_main_graph$async_dispatch_69_matmul_like_5x196x32x160_f32/process_time/real_time              3.73 ms         3.73 ms          189 items_per_second=268.335/s
BM_main_graph$async_dispatch_69_embedded_elf_riscv_64_main_graph$async_dispatch_69_matmul_like_5x196x32x160_f32/process_time/real_time              3.71 ms         3.72 ms          189 items_per_second=269.243/s
BM_main_graph$async_dispatch_69_embedded_elf_riscv_64_main_graph$async_dispatch_69_matmul_like_5x196x32x160_f32/process_time/real_time              3.71 ms         3.72 ms          189 items_per_second=269.249/s
BM_main_graph$async_dispatch_69_embedded_elf_riscv_64_main_graph$async_dispatch_69_matmul_like_5x196x32x160_f32/process_time/real_time              3.72 ms         3.73 ms          189 items_per_second=268.496/s
BM_main_graph$async_dispatch_69_embedded_elf_riscv_64_main_graph$async_dispatch_69_matmul_like_5x196x32x160_f32/process_time/real_time              3.73 ms         3.72 ms          189 items_per_second=267.912/s
BM_main_graph$async_dispatch_69_embedded_elf_riscv_64_main_graph$async_dispatch_69_matmul_like_5x196x32x160_f32/process_time/real_time              3.71 ms         3.72 ms          189 items_per_second=269.246/s
BM_main_graph$async_dispatch_69_embedded_elf_riscv_64_main_graph$async_dispatch_69_matmul_like_5x196x32x160_f32/process_time/real_time              3.73 ms         3.74 ms          189 items_per_second=268.211/s
BM_main_graph$async_dispatch_69_embedded_elf_riscv_64_main_graph$async_dispatch_69_matmul_like_5x196x32x160_f32/process_time/real_time              3.71 ms         3.72 ms          189 items_per_second=269.423/s
BM_main_graph$async_dispatch_69_embedded_elf_riscv_64_main_graph$async_dispatch_69_matmul_like_5x196x32x160_f32/process_time/real_time              3.73 ms         3.74 ms          189 items_per_second=268.085/s
BM_main_graph$async_dispatch_69_embedded_elf_riscv_64_main_graph$async_dispatch_69_matmul_like_5x196x32x160_f32/process_time/real_time              3.71 ms         3.72 ms          189 items_per_second=269.348/s
BM_main_graph$async_dispatch_69_embedded_elf_riscv_64_main_graph$async_dispatch_69_matmul_like_5x196x32x160_f32/process_time/real_time_mean         3.72 ms         3.73 ms           10 items_per_second=268.755/s
BM_main_graph$async_dispatch_69_embedded_elf_riscv_64_main_graph$async_dispatch_69_matmul_like_5x196x32x160_f32/process_time/real_time_median       3.72 ms         3.72 ms           10 items_per_second=268.869/s
BM_main_graph$async_dispatch_69_embedded_elf_riscv_64_main_graph$async_dispatch_69_matmul_like_5x196x32x160_f32/process_time/real_time_stddev      0.008 ms        0.007 ms           10 items_per_second=0.598282/s
BM_main_graph$async_dispatch_69_embedded_elf_riscv_64_main_graph$async_dispatch_69_matmul_like_5x196x32x160_f32/process_time/real_time_cv           0.22 %          0.20 %            10 items_per_second=0.22%
