2026-01-09T08:15:20.501335
Running tools/iree-benchmark-module --module=/home/dima/sched_vmfb/glpdepth_scalar/module_main_graph$async_dispatch_32_embedded_elf_riscv_64_benchmark.vmfb --device=local-task --function=main_graph$async_dispatch_32_embedded_elf_riscv_64_main_graph$async_dispatch_32_reduction_3136x32_f32 --input=1xi32=1 --task_topology_cpu_ids=0 --benchmark_repetitions=10
2026-01-09T08:15:20+08:00
Running tools/iree-benchmark-module
Run on (8 X 1600 MHz CPU s)
CPU Caches:
  L1 Instruction 32 KiB (x8)
  L1 Data 32 KiB (x8)
  L2 Unified 512 KiB (x2)
Load Average: 3.02, 2.95, 2.50
-------------------------------------------------------------------------------------------------------------------------------------------------------------------------------------------------
Benchmark                                                                                                                                       Time             CPU   Iterations UserCounters...
-------------------------------------------------------------------------------------------------------------------------------------------------------------------------------------------------
BM_main_graph$async_dispatch_32_embedded_elf_riscv_64_main_graph$async_dispatch_32_reduction_3136x32_f32/process_time/real_time              1.98 ms         1.98 ms          349 items_per_second=504.306/s
BM_main_graph$async_dispatch_32_embedded_elf_riscv_64_main_graph$async_dispatch_32_reduction_3136x32_f32/process_time/real_time              1.98 ms         1.98 ms          349 items_per_second=505.625/s
BM_main_graph$async_dispatch_32_embedded_elf_riscv_64_main_graph$async_dispatch_32_reduction_3136x32_f32/process_time/real_time              1.99 ms         1.99 ms          349 items_per_second=502.953/s
BM_main_graph$async_dispatch_32_embedded_elf_riscv_64_main_graph$async_dispatch_32_reduction_3136x32_f32/process_time/real_time              1.98 ms         1.98 ms          349 items_per_second=505.692/s
BM_main_graph$async_dispatch_32_embedded_elf_riscv_64_main_graph$async_dispatch_32_reduction_3136x32_f32/process_time/real_time              1.98 ms         1.98 ms          349 items_per_second=505.634/s
BM_main_graph$async_dispatch_32_embedded_elf_riscv_64_main_graph$async_dispatch_32_reduction_3136x32_f32/process_time/real_time              1.99 ms         1.99 ms          349 items_per_second=502.52/s
BM_main_graph$async_dispatch_32_embedded_elf_riscv_64_main_graph$async_dispatch_32_reduction_3136x32_f32/process_time/real_time              1.99 ms         2.00 ms          349 items_per_second=501.838/s
BM_main_graph$async_dispatch_32_embedded_elf_riscv_64_main_graph$async_dispatch_32_reduction_3136x32_f32/process_time/real_time              1.98 ms         1.98 ms          349 items_per_second=504.447/s
BM_main_graph$async_dispatch_32_embedded_elf_riscv_64_main_graph$async_dispatch_32_reduction_3136x32_f32/process_time/real_time              1.99 ms         1.99 ms          349 items_per_second=503.042/s
BM_main_graph$async_dispatch_32_embedded_elf_riscv_64_main_graph$async_dispatch_32_reduction_3136x32_f32/process_time/real_time              1.98 ms         1.99 ms          349 items_per_second=503.898/s
BM_main_graph$async_dispatch_32_embedded_elf_riscv_64_main_graph$async_dispatch_32_reduction_3136x32_f32/process_time/real_time_mean         1.98 ms         1.98 ms           10 items_per_second=503.996/s
BM_main_graph$async_dispatch_32_embedded_elf_riscv_64_main_graph$async_dispatch_32_reduction_3136x32_f32/process_time/real_time_median       1.98 ms         1.98 ms           10 items_per_second=504.102/s
BM_main_graph$async_dispatch_32_embedded_elf_riscv_64_main_graph$async_dispatch_32_reduction_3136x32_f32/process_time/real_time_stddev      0.005 ms        0.006 ms           10 items_per_second=1.38869/s
BM_main_graph$async_dispatch_32_embedded_elf_riscv_64_main_graph$async_dispatch_32_reduction_3136x32_f32/process_time/real_time_cv           0.28 %          0.30 %            10 items_per_second=0.28%
