2026-01-09T08:17:08.286966
Running tools/iree-benchmark-module --module=/home/dima/sched_vmfb/glpdepth_scalar/module_main_graph$async_dispatch_46_embedded_elf_riscv_64_benchmark.vmfb --device=local-task --function=main_graph$async_dispatch_46_embedded_elf_riscv_64_main_graph$async_dispatch_46_reduction_784x64_f32 --input=1xi32=1 --task_topology_cpu_ids=0 --benchmark_repetitions=10
2026-01-09T08:17:08+08:00
Running tools/iree-benchmark-module
Run on (8 X 1600 MHz CPU s)
CPU Caches:
  L1 Instruction 32 KiB (x8)
  L1 Data 32 KiB (x8)
  L2 Unified 512 KiB (x2)
Load Average: 3.09, 3.00, 2.57
------------------------------------------------------------------------------------------------------------------------------------------------------------------------------------------------
Benchmark                                                                                                                                      Time             CPU   Iterations UserCounters...
------------------------------------------------------------------------------------------------------------------------------------------------------------------------------------------------
BM_main_graph$async_dispatch_46_embedded_elf_riscv_64_main_graph$async_dispatch_46_reduction_784x64_f32/process_time/real_time             0.785 ms        0.792 ms          907 items_per_second=1.27385k/s
BM_main_graph$async_dispatch_46_embedded_elf_riscv_64_main_graph$async_dispatch_46_reduction_784x64_f32/process_time/real_time             0.779 ms        0.786 ms          907 items_per_second=1.28311k/s
BM_main_graph$async_dispatch_46_embedded_elf_riscv_64_main_graph$async_dispatch_46_reduction_784x64_f32/process_time/real_time             0.802 ms        0.806 ms          907 items_per_second=1.24629k/s
BM_main_graph$async_dispatch_46_embedded_elf_riscv_64_main_graph$async_dispatch_46_reduction_784x64_f32/process_time/real_time             0.796 ms        0.797 ms          907 items_per_second=1.25596k/s
BM_main_graph$async_dispatch_46_embedded_elf_riscv_64_main_graph$async_dispatch_46_reduction_784x64_f32/process_time/real_time             0.810 ms        0.808 ms          907 items_per_second=1.23463k/s
BM_main_graph$async_dispatch_46_embedded_elf_riscv_64_main_graph$async_dispatch_46_reduction_784x64_f32/process_time/real_time             0.790 ms        0.791 ms          907 items_per_second=1.26533k/s
BM_main_graph$async_dispatch_46_embedded_elf_riscv_64_main_graph$async_dispatch_46_reduction_784x64_f32/process_time/real_time             0.797 ms        0.799 ms          907 items_per_second=1.25426k/s
BM_main_graph$async_dispatch_46_embedded_elf_riscv_64_main_graph$async_dispatch_46_reduction_784x64_f32/process_time/real_time             0.807 ms        0.814 ms          907 items_per_second=1.23973k/s
BM_main_graph$async_dispatch_46_embedded_elf_riscv_64_main_graph$async_dispatch_46_reduction_784x64_f32/process_time/real_time             0.799 ms        0.803 ms          907 items_per_second=1.25223k/s
BM_main_graph$async_dispatch_46_embedded_elf_riscv_64_main_graph$async_dispatch_46_reduction_784x64_f32/process_time/real_time             0.804 ms        0.811 ms          907 items_per_second=1.24317k/s
BM_main_graph$async_dispatch_46_embedded_elf_riscv_64_main_graph$async_dispatch_46_reduction_784x64_f32/process_time/real_time_mean        0.797 ms        0.801 ms           10 items_per_second=1.25486k/s
BM_main_graph$async_dispatch_46_embedded_elf_riscv_64_main_graph$async_dispatch_46_reduction_784x64_f32/process_time/real_time_median      0.798 ms        0.801 ms           10 items_per_second=1.25324k/s
BM_main_graph$async_dispatch_46_embedded_elf_riscv_64_main_graph$async_dispatch_46_reduction_784x64_f32/process_time/real_time_stddev      0.010 ms        0.009 ms           10 items_per_second=15.3669/s
BM_main_graph$async_dispatch_46_embedded_elf_riscv_64_main_graph$async_dispatch_46_reduction_784x64_f32/process_time/real_time_cv           1.22 %          1.15 %            10 items_per_second=1.22%
