2026-01-09T10:28:32.105831
Running tools/iree-benchmark-module --module=/home/dima/sched_vmfb/fastdepth_scalar/module_main_graph$async_dispatch_7_embedded_elf_riscv_64_benchmark.vmfb --device=local-task --function=main_graph$async_dispatch_7_embedded_elf_riscv_64_main_graph$async_dispatch_7_conv_56x56x128x3x3_f32 --input=1xi32=1 --task_topology_cpu_ids=0 --benchmark_repetitions=10
2026-01-09T10:28:32+08:00
Running tools/iree-benchmark-module
Run on (8 X 1600 MHz CPU s)
CPU Caches:
  L1 Instruction 32 KiB (x8)
  L1 Data 32 KiB (x8)
  L2 Unified 512 KiB (x2)
Load Average: 3.05, 2.73, 2.59
------------------------------------------------------------------------------------------------------------------------------------------------------------------------------------------------
Benchmark                                                                                                                                      Time             CPU   Iterations UserCounters...
------------------------------------------------------------------------------------------------------------------------------------------------------------------------------------------------
BM_main_graph$async_dispatch_7_embedded_elf_riscv_64_main_graph$async_dispatch_7_conv_56x56x128x3x3_f32/process_time/real_time              30.5 ms         30.4 ms           23 items_per_second=32.8124/s
BM_main_graph$async_dispatch_7_embedded_elf_riscv_64_main_graph$async_dispatch_7_conv_56x56x128x3x3_f32/process_time/real_time              30.2 ms         30.2 ms           23 items_per_second=33.0682/s
BM_main_graph$async_dispatch_7_embedded_elf_riscv_64_main_graph$async_dispatch_7_conv_56x56x128x3x3_f32/process_time/real_time              30.4 ms         30.4 ms           23 items_per_second=32.9441/s
BM_main_graph$async_dispatch_7_embedded_elf_riscv_64_main_graph$async_dispatch_7_conv_56x56x128x3x3_f32/process_time/real_time              30.3 ms         30.3 ms           23 items_per_second=33.0504/s
BM_main_graph$async_dispatch_7_embedded_elf_riscv_64_main_graph$async_dispatch_7_conv_56x56x128x3x3_f32/process_time/real_time              30.2 ms         30.2 ms           23 items_per_second=33.1189/s
BM_main_graph$async_dispatch_7_embedded_elf_riscv_64_main_graph$async_dispatch_7_conv_56x56x128x3x3_f32/process_time/real_time              30.4 ms         30.4 ms           23 items_per_second=32.9027/s
BM_main_graph$async_dispatch_7_embedded_elf_riscv_64_main_graph$async_dispatch_7_conv_56x56x128x3x3_f32/process_time/real_time              30.2 ms         30.2 ms           23 items_per_second=33.1169/s
BM_main_graph$async_dispatch_7_embedded_elf_riscv_64_main_graph$async_dispatch_7_conv_56x56x128x3x3_f32/process_time/real_time              30.2 ms         30.2 ms           23 items_per_second=33.0596/s
BM_main_graph$async_dispatch_7_embedded_elf_riscv_64_main_graph$async_dispatch_7_conv_56x56x128x3x3_f32/process_time/real_time              30.3 ms         30.3 ms           23 items_per_second=32.9533/s
BM_main_graph$async_dispatch_7_embedded_elf_riscv_64_main_graph$async_dispatch_7_conv_56x56x128x3x3_f32/process_time/real_time              30.3 ms         30.3 ms           23 items_per_second=33.046/s
BM_main_graph$async_dispatch_7_embedded_elf_riscv_64_main_graph$async_dispatch_7_conv_56x56x128x3x3_f32/process_time/real_time_mean         30.3 ms         30.3 ms           10 items_per_second=33.0072/s
BM_main_graph$async_dispatch_7_embedded_elf_riscv_64_main_graph$async_dispatch_7_conv_56x56x128x3x3_f32/process_time/real_time_median       30.3 ms         30.3 ms           10 items_per_second=33.0482/s
BM_main_graph$async_dispatch_7_embedded_elf_riscv_64_main_graph$async_dispatch_7_conv_56x56x128x3x3_f32/process_time/real_time_stddev      0.092 ms        0.082 ms           10 items_per_second=0.100051/s
BM_main_graph$async_dispatch_7_embedded_elf_riscv_64_main_graph$async_dispatch_7_conv_56x56x128x3x3_f32/process_time/real_time_cv           0.30 %          0.27 %            10 items_per_second=0.30%
