2026-01-09T10:23:54.698093
Running tools/iree-benchmark-module --module=/home/dima/sched_vmfb/fastdepth_scalar/module_main_graph$async_dispatch_10_embedded_elf_riscv_64_benchmark.vmfb --device=local-task --function=main_graph$async_dispatch_10_embedded_elf_riscv_64_main_graph$async_dispatch_10_conv_28x28x128x3x3_f32 --input=1xi32=1 --task_topology_cpu_ids=0 --benchmark_repetitions=10
2026-01-09T10:23:54+08:00
Running tools/iree-benchmark-module
Run on (8 X 1600 MHz CPU s)
CPU Caches:
  L1 Instruction 32 KiB (x8)
  L1 Data 32 KiB (x8)
  L2 Unified 512 KiB (x2)
Load Average: 2.29, 2.16, 2.39
--------------------------------------------------------------------------------------------------------------------------------------------------------------------------------------------------
Benchmark                                                                                                                                        Time             CPU   Iterations UserCounters...
--------------------------------------------------------------------------------------------------------------------------------------------------------------------------------------------------
BM_main_graph$async_dispatch_10_embedded_elf_riscv_64_main_graph$async_dispatch_10_conv_28x28x128x3x3_f32/process_time/real_time              8.04 ms         8.03 ms           86 items_per_second=124.379/s
BM_main_graph$async_dispatch_10_embedded_elf_riscv_64_main_graph$async_dispatch_10_conv_28x28x128x3x3_f32/process_time/real_time              8.02 ms         8.04 ms           86 items_per_second=124.689/s
BM_main_graph$async_dispatch_10_embedded_elf_riscv_64_main_graph$async_dispatch_10_conv_28x28x128x3x3_f32/process_time/real_time              8.05 ms         8.07 ms           86 items_per_second=124.27/s
BM_main_graph$async_dispatch_10_embedded_elf_riscv_64_main_graph$async_dispatch_10_conv_28x28x128x3x3_f32/process_time/real_time              8.01 ms         8.03 ms           86 items_per_second=124.858/s
BM_main_graph$async_dispatch_10_embedded_elf_riscv_64_main_graph$async_dispatch_10_conv_28x28x128x3x3_f32/process_time/real_time              8.04 ms         8.06 ms           86 items_per_second=124.365/s
BM_main_graph$async_dispatch_10_embedded_elf_riscv_64_main_graph$async_dispatch_10_conv_28x28x128x3x3_f32/process_time/real_time              8.01 ms         8.03 ms           86 items_per_second=124.802/s
BM_main_graph$async_dispatch_10_embedded_elf_riscv_64_main_graph$async_dispatch_10_conv_28x28x128x3x3_f32/process_time/real_time              8.00 ms         8.02 ms           86 items_per_second=124.943/s
BM_main_graph$async_dispatch_10_embedded_elf_riscv_64_main_graph$async_dispatch_10_conv_28x28x128x3x3_f32/process_time/real_time              8.04 ms         8.06 ms           86 items_per_second=124.308/s
BM_main_graph$async_dispatch_10_embedded_elf_riscv_64_main_graph$async_dispatch_10_conv_28x28x128x3x3_f32/process_time/real_time              8.01 ms         8.02 ms           86 items_per_second=124.808/s
BM_main_graph$async_dispatch_10_embedded_elf_riscv_64_main_graph$async_dispatch_10_conv_28x28x128x3x3_f32/process_time/real_time              8.01 ms         8.03 ms           86 items_per_second=124.912/s
BM_main_graph$async_dispatch_10_embedded_elf_riscv_64_main_graph$async_dispatch_10_conv_28x28x128x3x3_f32/process_time/real_time_mean         8.02 ms         8.04 ms           10 items_per_second=124.633/s
BM_main_graph$async_dispatch_10_embedded_elf_riscv_64_main_graph$async_dispatch_10_conv_28x28x128x3x3_f32/process_time/real_time_median       8.02 ms         8.03 ms           10 items_per_second=124.746/s
BM_main_graph$async_dispatch_10_embedded_elf_riscv_64_main_graph$async_dispatch_10_conv_28x28x128x3x3_f32/process_time/real_time_stddev      0.017 ms        0.018 ms           10 items_per_second=0.270909/s
BM_main_graph$async_dispatch_10_embedded_elf_riscv_64_main_graph$async_dispatch_10_conv_28x28x128x3x3_f32/process_time/real_time_cv           0.22 %          0.22 %            10 items_per_second=0.22%
