2026-01-09T10:26:36.541965
Running tools/iree-benchmark-module --module=/home/dima/sched_vmfb/fastdepth_scalar/module_main_graph$async_dispatch_36_embedded_elf_riscv_64_benchmark.vmfb --device=local-task --function=main_graph$async_dispatch_36_embedded_elf_riscv_64_main_graph$async_dispatch_36_elementwise_256x28x28_f32 --input=1xi32=1 --task_topology_cpu_ids=0 --benchmark_repetitions=10
2026-01-09T10:26:36+08:00
Running tools/iree-benchmark-module
Run on (8 X 1600 MHz CPU s)
CPU Caches:
  L1 Instruction 32 KiB (x8)
  L1 Data 32 KiB (x8)
  L2 Unified 512 KiB (x2)
Load Average: 3.06, 2.57, 2.52
-----------------------------------------------------------------------------------------------------------------------------------------------------------------------------------------------------
Benchmark                                                                                                                                           Time             CPU   Iterations UserCounters...
-----------------------------------------------------------------------------------------------------------------------------------------------------------------------------------------------------
BM_main_graph$async_dispatch_36_embedded_elf_riscv_64_main_graph$async_dispatch_36_elementwise_256x28x28_f32/process_time/real_time              3.06 ms         3.07 ms          229 items_per_second=326.614/s
BM_main_graph$async_dispatch_36_embedded_elf_riscv_64_main_graph$async_dispatch_36_elementwise_256x28x28_f32/process_time/real_time              3.07 ms         3.08 ms          229 items_per_second=325.804/s
BM_main_graph$async_dispatch_36_embedded_elf_riscv_64_main_graph$async_dispatch_36_elementwise_256x28x28_f32/process_time/real_time              3.06 ms         3.07 ms          229 items_per_second=327.226/s
BM_main_graph$async_dispatch_36_embedded_elf_riscv_64_main_graph$async_dispatch_36_elementwise_256x28x28_f32/process_time/real_time              3.06 ms         3.06 ms          229 items_per_second=327.169/s
BM_main_graph$async_dispatch_36_embedded_elf_riscv_64_main_graph$async_dispatch_36_elementwise_256x28x28_f32/process_time/real_time              3.05 ms         3.07 ms          229 items_per_second=327.333/s
BM_main_graph$async_dispatch_36_embedded_elf_riscv_64_main_graph$async_dispatch_36_elementwise_256x28x28_f32/process_time/real_time              3.05 ms         3.06 ms          229 items_per_second=327.513/s
BM_main_graph$async_dispatch_36_embedded_elf_riscv_64_main_graph$async_dispatch_36_elementwise_256x28x28_f32/process_time/real_time              3.06 ms         3.05 ms          229 items_per_second=326.798/s
BM_main_graph$async_dispatch_36_embedded_elf_riscv_64_main_graph$async_dispatch_36_elementwise_256x28x28_f32/process_time/real_time              2.97 ms         2.98 ms          229 items_per_second=336.157/s
BM_main_graph$async_dispatch_36_embedded_elf_riscv_64_main_graph$async_dispatch_36_elementwise_256x28x28_f32/process_time/real_time              2.93 ms         2.94 ms          229 items_per_second=341.145/s
BM_main_graph$async_dispatch_36_embedded_elf_riscv_64_main_graph$async_dispatch_36_elementwise_256x28x28_f32/process_time/real_time              2.94 ms         2.95 ms          229 items_per_second=339.561/s
BM_main_graph$async_dispatch_36_embedded_elf_riscv_64_main_graph$async_dispatch_36_elementwise_256x28x28_f32/process_time/real_time_mean         3.03 ms         3.03 ms           10 items_per_second=330.532/s
BM_main_graph$async_dispatch_36_embedded_elf_riscv_64_main_graph$async_dispatch_36_elementwise_256x28x28_f32/process_time/real_time_median       3.06 ms         3.06 ms           10 items_per_second=327.28/s
BM_main_graph$async_dispatch_36_embedded_elf_riscv_64_main_graph$async_dispatch_36_elementwise_256x28x28_f32/process_time/real_time_stddev      0.054 ms        0.054 ms           10 items_per_second=5.95374/s
BM_main_graph$async_dispatch_36_embedded_elf_riscv_64_main_graph$async_dispatch_36_elementwise_256x28x28_f32/process_time/real_time_cv           1.77 %          1.79 %            10 items_per_second=1.80%
