2026-01-09T10:26:43.845164
Running tools/iree-benchmark-module --module=/home/dima/sched_vmfb/fastdepth_scalar/module_main_graph$async_dispatch_37_embedded_elf_riscv_64_benchmark.vmfb --device=local-task --function=main_graph$async_dispatch_37_embedded_elf_riscv_64_main_graph$async_dispatch_37_conv_28x28x256x5x5_f32 --input=1xi32=1 --task_topology_cpu_ids=0 --benchmark_repetitions=10
2026-01-09T10:26:43+08:00
Running tools/iree-benchmark-module
Run on (8 X 1600 MHz CPU s)
CPU Caches:
  L1 Instruction 32 KiB (x8)
  L1 Data 32 KiB (x8)
  L2 Unified 512 KiB (x2)
Load Average: 3.05, 2.58, 2.52
--------------------------------------------------------------------------------------------------------------------------------------------------------------------------------------------------
Benchmark                                                                                                                                        Time             CPU   Iterations UserCounters...
--------------------------------------------------------------------------------------------------------------------------------------------------------------------------------------------------
BM_main_graph$async_dispatch_37_embedded_elf_riscv_64_main_graph$async_dispatch_37_conv_28x28x256x5x5_f32/process_time/real_time              29.7 ms         29.7 ms           24 items_per_second=33.674/s
BM_main_graph$async_dispatch_37_embedded_elf_riscv_64_main_graph$async_dispatch_37_conv_28x28x256x5x5_f32/process_time/real_time              29.7 ms         29.7 ms           24 items_per_second=33.6774/s
BM_main_graph$async_dispatch_37_embedded_elf_riscv_64_main_graph$async_dispatch_37_conv_28x28x256x5x5_f32/process_time/real_time              29.8 ms         29.8 ms           24 items_per_second=33.5274/s
BM_main_graph$async_dispatch_37_embedded_elf_riscv_64_main_graph$async_dispatch_37_conv_28x28x256x5x5_f32/process_time/real_time              29.7 ms         29.7 ms           24 items_per_second=33.6495/s
BM_main_graph$async_dispatch_37_embedded_elf_riscv_64_main_graph$async_dispatch_37_conv_28x28x256x5x5_f32/process_time/real_time              29.8 ms         29.8 ms           24 items_per_second=33.5325/s
BM_main_graph$async_dispatch_37_embedded_elf_riscv_64_main_graph$async_dispatch_37_conv_28x28x256x5x5_f32/process_time/real_time              29.7 ms         29.7 ms           24 items_per_second=33.6604/s
BM_main_graph$async_dispatch_37_embedded_elf_riscv_64_main_graph$async_dispatch_37_conv_28x28x256x5x5_f32/process_time/real_time              29.7 ms         29.7 ms           24 items_per_second=33.6651/s
BM_main_graph$async_dispatch_37_embedded_elf_riscv_64_main_graph$async_dispatch_37_conv_28x28x256x5x5_f32/process_time/real_time              29.8 ms         29.8 ms           24 items_per_second=33.5503/s
BM_main_graph$async_dispatch_37_embedded_elf_riscv_64_main_graph$async_dispatch_37_conv_28x28x256x5x5_f32/process_time/real_time              29.7 ms         29.7 ms           24 items_per_second=33.6682/s
BM_main_graph$async_dispatch_37_embedded_elf_riscv_64_main_graph$async_dispatch_37_conv_28x28x256x5x5_f32/process_time/real_time              29.7 ms         29.7 ms           24 items_per_second=33.6816/s
BM_main_graph$async_dispatch_37_embedded_elf_riscv_64_main_graph$async_dispatch_37_conv_28x28x256x5x5_f32/process_time/real_time_mean         29.7 ms         29.7 ms           10 items_per_second=33.6286/s
BM_main_graph$async_dispatch_37_embedded_elf_riscv_64_main_graph$async_dispatch_37_conv_28x28x256x5x5_f32/process_time/real_time_median       29.7 ms         29.7 ms           10 items_per_second=33.6628/s
BM_main_graph$async_dispatch_37_embedded_elf_riscv_64_main_graph$async_dispatch_37_conv_28x28x256x5x5_f32/process_time/real_time_stddev      0.057 ms        0.059 ms           10 items_per_second=0.0642878/s
BM_main_graph$async_dispatch_37_embedded_elf_riscv_64_main_graph$async_dispatch_37_conv_28x28x256x5x5_f32/process_time/real_time_cv           0.19 %          0.20 %            10 items_per_second=0.19%
