2026-01-09T10:25:48.408014
Running tools/iree-benchmark-module --module=/home/dima/sched_vmfb/fastdepth_scalar/module_main_graph$async_dispatch_30_embedded_elf_riscv_64_benchmark.vmfb --device=local-task --function=main_graph$async_dispatch_30_embedded_elf_riscv_64_main_graph$async_dispatch_30_matmul_like_1024x7x7x1024_f32 --input=1xi32=1 --task_topology_cpu_ids=0 --benchmark_repetitions=10
2026-01-09T10:25:48+08:00
Running tools/iree-benchmark-module
Run on (8 X 1600 MHz CPU s)
CPU Caches:
  L1 Instruction 32 KiB (x8)
  L1 Data 32 KiB (x8)
  L2 Unified 512 KiB (x2)
Load Average: 2.97, 2.47, 2.49
---------------------------------------------------------------------------------------------------------------------------------------------------------------------------------------------------------
Benchmark                                                                                                                                               Time             CPU   Iterations UserCounters...
---------------------------------------------------------------------------------------------------------------------------------------------------------------------------------------------------------
BM_main_graph$async_dispatch_30_embedded_elf_riscv_64_main_graph$async_dispatch_30_matmul_like_1024x7x7x1024_f32/process_time/real_time              96.0 ms         96.0 ms            7 items_per_second=10.4161/s
BM_main_graph$async_dispatch_30_embedded_elf_riscv_64_main_graph$async_dispatch_30_matmul_like_1024x7x7x1024_f32/process_time/real_time              95.5 ms         95.5 ms            7 items_per_second=10.4736/s
BM_main_graph$async_dispatch_30_embedded_elf_riscv_64_main_graph$async_dispatch_30_matmul_like_1024x7x7x1024_f32/process_time/real_time              95.4 ms         95.4 ms            7 items_per_second=10.4809/s
BM_main_graph$async_dispatch_30_embedded_elf_riscv_64_main_graph$async_dispatch_30_matmul_like_1024x7x7x1024_f32/process_time/real_time              96.9 ms         96.9 ms            7 items_per_second=10.3221/s
BM_main_graph$async_dispatch_30_embedded_elf_riscv_64_main_graph$async_dispatch_30_matmul_like_1024x7x7x1024_f32/process_time/real_time              95.4 ms         95.5 ms            7 items_per_second=10.4767/s
BM_main_graph$async_dispatch_30_embedded_elf_riscv_64_main_graph$async_dispatch_30_matmul_like_1024x7x7x1024_f32/process_time/real_time              95.5 ms         95.5 ms            7 items_per_second=10.4758/s
BM_main_graph$async_dispatch_30_embedded_elf_riscv_64_main_graph$async_dispatch_30_matmul_like_1024x7x7x1024_f32/process_time/real_time              96.0 ms         96.0 ms            7 items_per_second=10.4211/s
BM_main_graph$async_dispatch_30_embedded_elf_riscv_64_main_graph$async_dispatch_30_matmul_like_1024x7x7x1024_f32/process_time/real_time              95.5 ms         95.5 ms            7 items_per_second=10.4719/s
BM_main_graph$async_dispatch_30_embedded_elf_riscv_64_main_graph$async_dispatch_30_matmul_like_1024x7x7x1024_f32/process_time/real_time              95.4 ms         95.5 ms            7 items_per_second=10.4772/s
BM_main_graph$async_dispatch_30_embedded_elf_riscv_64_main_graph$async_dispatch_30_matmul_like_1024x7x7x1024_f32/process_time/real_time              96.0 ms         96.0 ms            7 items_per_second=10.4184/s
BM_main_graph$async_dispatch_30_embedded_elf_riscv_64_main_graph$async_dispatch_30_matmul_like_1024x7x7x1024_f32/process_time/real_time_mean         95.8 ms         95.8 ms           10 items_per_second=10.4434/s
BM_main_graph$async_dispatch_30_embedded_elf_riscv_64_main_graph$async_dispatch_30_matmul_like_1024x7x7x1024_f32/process_time/real_time_median       95.5 ms         95.5 ms           10 items_per_second=10.4727/s
BM_main_graph$async_dispatch_30_embedded_elf_riscv_64_main_graph$async_dispatch_30_matmul_like_1024x7x7x1024_f32/process_time/real_time_stddev      0.467 ms        0.468 ms           10 items_per_second=0.0505592/s
BM_main_graph$async_dispatch_30_embedded_elf_riscv_64_main_graph$async_dispatch_30_matmul_like_1024x7x7x1024_f32/process_time/real_time_cv           0.49 %          0.49 %            10 items_per_second=0.48%
