2026-01-09T10:24:44.991695
Running tools/iree-benchmark-module --module=/home/dima/sched_vmfb/fastdepth_scalar/module_main_graph$async_dispatch_15_embedded_elf_riscv_64_benchmark.vmfb --device=local-task --function=main_graph$async_dispatch_15_embedded_elf_riscv_64_main_graph$async_dispatch_15_conv_14x14x256x3x3_f32 --input=1xi32=1 --task_topology_cpu_ids=0 --benchmark_repetitions=10
2026-01-09T10:24:45+08:00
Running tools/iree-benchmark-module
Run on (8 X 1600 MHz CPU s)
CPU Caches:
  L1 Instruction 32 KiB (x8)
  L1 Data 32 KiB (x8)
  L2 Unified 512 KiB (x2)
Load Average: 2.78, 2.32, 2.44
--------------------------------------------------------------------------------------------------------------------------------------------------------------------------------------------------
Benchmark                                                                                                                                        Time             CPU   Iterations UserCounters...
--------------------------------------------------------------------------------------------------------------------------------------------------------------------------------------------------
BM_main_graph$async_dispatch_15_embedded_elf_riscv_64_main_graph$async_dispatch_15_conv_14x14x256x3x3_f32/process_time/real_time              3.75 ms         3.76 ms          187 items_per_second=266.705/s
BM_main_graph$async_dispatch_15_embedded_elf_riscv_64_main_graph$async_dispatch_15_conv_14x14x256x3x3_f32/process_time/real_time              3.77 ms         3.78 ms          187 items_per_second=265.176/s
BM_main_graph$async_dispatch_15_embedded_elf_riscv_64_main_graph$async_dispatch_15_conv_14x14x256x3x3_f32/process_time/real_time              3.75 ms         3.75 ms          187 items_per_second=266.793/s
BM_main_graph$async_dispatch_15_embedded_elf_riscv_64_main_graph$async_dispatch_15_conv_14x14x256x3x3_f32/process_time/real_time              3.76 ms         3.76 ms          187 items_per_second=265.887/s
BM_main_graph$async_dispatch_15_embedded_elf_riscv_64_main_graph$async_dispatch_15_conv_14x14x256x3x3_f32/process_time/real_time              3.77 ms         3.78 ms          187 items_per_second=265.034/s
BM_main_graph$async_dispatch_15_embedded_elf_riscv_64_main_graph$async_dispatch_15_conv_14x14x256x3x3_f32/process_time/real_time              3.75 ms         3.76 ms          187 items_per_second=266.642/s
BM_main_graph$async_dispatch_15_embedded_elf_riscv_64_main_graph$async_dispatch_15_conv_14x14x256x3x3_f32/process_time/real_time              3.75 ms         3.76 ms          187 items_per_second=266.539/s
BM_main_graph$async_dispatch_15_embedded_elf_riscv_64_main_graph$async_dispatch_15_conv_14x14x256x3x3_f32/process_time/real_time              3.78 ms         3.79 ms          187 items_per_second=264.561/s
BM_main_graph$async_dispatch_15_embedded_elf_riscv_64_main_graph$async_dispatch_15_conv_14x14x256x3x3_f32/process_time/real_time              3.75 ms         3.75 ms          187 items_per_second=266.972/s
BM_main_graph$async_dispatch_15_embedded_elf_riscv_64_main_graph$async_dispatch_15_conv_14x14x256x3x3_f32/process_time/real_time              3.75 ms         3.76 ms          187 items_per_second=266.372/s
BM_main_graph$async_dispatch_15_embedded_elf_riscv_64_main_graph$async_dispatch_15_conv_14x14x256x3x3_f32/process_time/real_time_mean         3.76 ms         3.77 ms           10 items_per_second=266.068/s
BM_main_graph$async_dispatch_15_embedded_elf_riscv_64_main_graph$async_dispatch_15_conv_14x14x256x3x3_f32/process_time/real_time_median       3.75 ms         3.76 ms           10 items_per_second=266.455/s
BM_main_graph$async_dispatch_15_embedded_elf_riscv_64_main_graph$async_dispatch_15_conv_14x14x256x3x3_f32/process_time/real_time_stddev      0.012 ms        0.012 ms           10 items_per_second=0.853717/s
BM_main_graph$async_dispatch_15_embedded_elf_riscv_64_main_graph$async_dispatch_15_conv_14x14x256x3x3_f32/process_time/real_time_cv           0.32 %          0.32 %            10 items_per_second=0.32%
