2026-01-09T10:28:39.440738
Running tools/iree-benchmark-module --module=/home/dima/sched_vmfb/fastdepth_scalar/module_main_graph$async_dispatch_8_embedded_elf_riscv_64_benchmark.vmfb --device=local-task --function=main_graph$async_dispatch_8_embedded_elf_riscv_64_main_graph$async_dispatch_8_matmul_like_128x3136x128_f32 --input=1xi32=1 --task_topology_cpu_ids=0 --benchmark_repetitions=10
2026-01-09T10:28:39+08:00
Running tools/iree-benchmark-module
Run on (8 X 1600 MHz CPU s)
CPU Caches:
  L1 Instruction 32 KiB (x8)
  L1 Data 32 KiB (x8)
  L2 Unified 512 KiB (x2)
Load Average: 3.05, 2.73, 2.59
------------------------------------------------------------------------------------------------------------------------------------------------------------------------------------------------------
Benchmark                                                                                                                                            Time             CPU   Iterations UserCounters...
------------------------------------------------------------------------------------------------------------------------------------------------------------------------------------------------------
BM_main_graph$async_dispatch_8_embedded_elf_riscv_64_main_graph$async_dispatch_8_matmul_like_128x3136x128_f32/process_time/real_time              2233 ms         2232 ms            1 items_per_second=0.447914/s
BM_main_graph$async_dispatch_8_embedded_elf_riscv_64_main_graph$async_dispatch_8_matmul_like_128x3136x128_f32/process_time/real_time              2228 ms         2228 ms            1 items_per_second=0.448782/s
BM_main_graph$async_dispatch_8_embedded_elf_riscv_64_main_graph$async_dispatch_8_matmul_like_128x3136x128_f32/process_time/real_time              2228 ms         2228 ms            1 items_per_second=0.448804/s
BM_main_graph$async_dispatch_8_embedded_elf_riscv_64_main_graph$async_dispatch_8_matmul_like_128x3136x128_f32/process_time/real_time              2227 ms         2227 ms            1 items_per_second=0.448955/s
BM_main_graph$async_dispatch_8_embedded_elf_riscv_64_main_graph$async_dispatch_8_matmul_like_128x3136x128_f32/process_time/real_time              2227 ms         2227 ms            1 items_per_second=0.448937/s
BM_main_graph$async_dispatch_8_embedded_elf_riscv_64_main_graph$async_dispatch_8_matmul_like_128x3136x128_f32/process_time/real_time              2231 ms         2231 ms            1 items_per_second=0.448253/s
BM_main_graph$async_dispatch_8_embedded_elf_riscv_64_main_graph$async_dispatch_8_matmul_like_128x3136x128_f32/process_time/real_time              2227 ms         2227 ms            1 items_per_second=0.449023/s
BM_main_graph$async_dispatch_8_embedded_elf_riscv_64_main_graph$async_dispatch_8_matmul_like_128x3136x128_f32/process_time/real_time              2227 ms         2227 ms            1 items_per_second=0.449003/s
BM_main_graph$async_dispatch_8_embedded_elf_riscv_64_main_graph$async_dispatch_8_matmul_like_128x3136x128_f32/process_time/real_time              2227 ms         2227 ms            1 items_per_second=0.448979/s
BM_main_graph$async_dispatch_8_embedded_elf_riscv_64_main_graph$async_dispatch_8_matmul_like_128x3136x128_f32/process_time/real_time              2228 ms         2228 ms            1 items_per_second=0.44888/s
BM_main_graph$async_dispatch_8_embedded_elf_riscv_64_main_graph$async_dispatch_8_matmul_like_128x3136x128_f32/process_time/real_time_mean         2228 ms         2228 ms           10 items_per_second=0.448753/s
BM_main_graph$async_dispatch_8_embedded_elf_riscv_64_main_graph$async_dispatch_8_matmul_like_128x3136x128_f32/process_time/real_time_median       2228 ms         2227 ms           10 items_per_second=0.448908/s
BM_main_graph$async_dispatch_8_embedded_elf_riscv_64_main_graph$async_dispatch_8_matmul_like_128x3136x128_f32/process_time/real_time_stddev       1.84 ms         1.84 ms           10 items_per_second=370.207u/s
BM_main_graph$async_dispatch_8_embedded_elf_riscv_64_main_graph$async_dispatch_8_matmul_like_128x3136x128_f32/process_time/real_time_cv           0.08 %          0.08 %            10 items_per_second=0.08%
