2026-01-09T10:26:26.085732
Running tools/iree-benchmark-module --module=/home/dima/sched_vmfb/fastdepth_scalar/module_main_graph$async_dispatch_35_embedded_elf_riscv_64_benchmark.vmfb --device=local-task --function=main_graph$async_dispatch_35_embedded_elf_riscv_64_main_graph$async_dispatch_35_matmul_like_256x196x512_f32 --input=1xi32=1 --task_topology_cpu_ids=0 --benchmark_repetitions=10
2026-01-09T10:26:26+08:00
Running tools/iree-benchmark-module
Run on (8 X 1600 MHz CPU s)
CPU Caches:
  L1 Instruction 32 KiB (x8)
  L1 Data 32 KiB (x8)
  L2 Unified 512 KiB (x2)
Load Average: 3.07, 2.55, 2.51
-------------------------------------------------------------------------------------------------------------------------------------------------------------------------------------------------------
Benchmark                                                                                                                                             Time             CPU   Iterations UserCounters...
-------------------------------------------------------------------------------------------------------------------------------------------------------------------------------------------------------
BM_main_graph$async_dispatch_35_embedded_elf_riscv_64_main_graph$async_dispatch_35_matmul_like_256x196x512_f32/process_time/real_time              1043 ms         1042 ms            1 items_per_second=0.959202/s
BM_main_graph$async_dispatch_35_embedded_elf_riscv_64_main_graph$async_dispatch_35_matmul_like_256x196x512_f32/process_time/real_time              1044 ms         1043 ms            1 items_per_second=0.958286/s
BM_main_graph$async_dispatch_35_embedded_elf_riscv_64_main_graph$async_dispatch_35_matmul_like_256x196x512_f32/process_time/real_time              1041 ms         1040 ms            1 items_per_second=0.960966/s
BM_main_graph$async_dispatch_35_embedded_elf_riscv_64_main_graph$async_dispatch_35_matmul_like_256x196x512_f32/process_time/real_time              1043 ms         1043 ms            1 items_per_second=0.958355/s
BM_main_graph$async_dispatch_35_embedded_elf_riscv_64_main_graph$async_dispatch_35_matmul_like_256x196x512_f32/process_time/real_time              1042 ms         1041 ms            1 items_per_second=0.959453/s
BM_main_graph$async_dispatch_35_embedded_elf_riscv_64_main_graph$async_dispatch_35_matmul_like_256x196x512_f32/process_time/real_time              1044 ms         1043 ms            1 items_per_second=0.958208/s
BM_main_graph$async_dispatch_35_embedded_elf_riscv_64_main_graph$async_dispatch_35_matmul_like_256x196x512_f32/process_time/real_time              1041 ms         1041 ms            1 items_per_second=0.96098/s
BM_main_graph$async_dispatch_35_embedded_elf_riscv_64_main_graph$async_dispatch_35_matmul_like_256x196x512_f32/process_time/real_time              1043 ms         1043 ms            1 items_per_second=0.958536/s
BM_main_graph$async_dispatch_35_embedded_elf_riscv_64_main_graph$async_dispatch_35_matmul_like_256x196x512_f32/process_time/real_time              1041 ms         1041 ms            1 items_per_second=0.960983/s
BM_main_graph$async_dispatch_35_embedded_elf_riscv_64_main_graph$async_dispatch_35_matmul_like_256x196x512_f32/process_time/real_time              1043 ms         1043 ms            1 items_per_second=0.958625/s
BM_main_graph$async_dispatch_35_embedded_elf_riscv_64_main_graph$async_dispatch_35_matmul_like_256x196x512_f32/process_time/real_time_mean         1042 ms         1042 ms           10 items_per_second=0.959359/s
BM_main_graph$async_dispatch_35_embedded_elf_riscv_64_main_graph$async_dispatch_35_matmul_like_256x196x512_f32/process_time/real_time_median       1043 ms         1042 ms           10 items_per_second=0.958913/s
BM_main_graph$async_dispatch_35_embedded_elf_riscv_64_main_graph$async_dispatch_35_matmul_like_256x196x512_f32/process_time/real_time_stddev       1.28 ms         1.25 ms           10 items_per_second=1.18234m/s
BM_main_graph$async_dispatch_35_embedded_elf_riscv_64_main_graph$async_dispatch_35_matmul_like_256x196x512_f32/process_time/real_time_cv           0.12 %          0.12 %            10 items_per_second=0.12%
