2026-01-09T10:28:03.385552
Running tools/iree-benchmark-module --module=/home/dima/sched_vmfb/fastdepth_scalar/module_main_graph$async_dispatch_45_embedded_elf_riscv_64_benchmark.vmfb --device=local-task --function=main_graph$async_dispatch_45_embedded_elf_riscv_64_main_graph$async_dispatch_45_matvec_like_50176x32_f32 --input=1xi32=1 --task_topology_cpu_ids=0 --benchmark_repetitions=10
2026-01-09T10:28:03+08:00
Running tools/iree-benchmark-module
Run on (8 X 1600 MHz CPU s)
CPU Caches:
  L1 Instruction 32 KiB (x8)
  L1 Data 32 KiB (x8)
  L2 Unified 512 KiB (x2)
Load Average: 3.09, 2.70, 2.57
----------------------------------------------------------------------------------------------------------------------------------------------------------------------------------------------------
Benchmark                                                                                                                                          Time             CPU   Iterations UserCounters...
----------------------------------------------------------------------------------------------------------------------------------------------------------------------------------------------------
BM_main_graph$async_dispatch_45_embedded_elf_riscv_64_main_graph$async_dispatch_45_matvec_like_50176x32_f32/process_time/real_time              25.2 ms         25.2 ms           28 items_per_second=39.624/s
BM_main_graph$async_dispatch_45_embedded_elf_riscv_64_main_graph$async_dispatch_45_matvec_like_50176x32_f32/process_time/real_time              25.2 ms         25.2 ms           28 items_per_second=39.715/s
BM_main_graph$async_dispatch_45_embedded_elf_riscv_64_main_graph$async_dispatch_45_matvec_like_50176x32_f32/process_time/real_time              25.1 ms         25.1 ms           28 items_per_second=39.8081/s
BM_main_graph$async_dispatch_45_embedded_elf_riscv_64_main_graph$async_dispatch_45_matvec_like_50176x32_f32/process_time/real_time              25.2 ms         25.2 ms           28 items_per_second=39.629/s
BM_main_graph$async_dispatch_45_embedded_elf_riscv_64_main_graph$async_dispatch_45_matvec_like_50176x32_f32/process_time/real_time              25.1 ms         25.2 ms           28 items_per_second=39.7693/s
BM_main_graph$async_dispatch_45_embedded_elf_riscv_64_main_graph$async_dispatch_45_matvec_like_50176x32_f32/process_time/real_time              25.1 ms         25.1 ms           28 items_per_second=39.7789/s
BM_main_graph$async_dispatch_45_embedded_elf_riscv_64_main_graph$async_dispatch_45_matvec_like_50176x32_f32/process_time/real_time              25.2 ms         25.2 ms           28 items_per_second=39.6482/s
BM_main_graph$async_dispatch_45_embedded_elf_riscv_64_main_graph$async_dispatch_45_matvec_like_50176x32_f32/process_time/real_time              25.2 ms         25.1 ms           28 items_per_second=39.7578/s
BM_main_graph$async_dispatch_45_embedded_elf_riscv_64_main_graph$async_dispatch_45_matvec_like_50176x32_f32/process_time/real_time              25.1 ms         25.1 ms           28 items_per_second=39.7907/s
BM_main_graph$async_dispatch_45_embedded_elf_riscv_64_main_graph$async_dispatch_45_matvec_like_50176x32_f32/process_time/real_time              25.2 ms         25.2 ms           28 items_per_second=39.6302/s
BM_main_graph$async_dispatch_45_embedded_elf_riscv_64_main_graph$async_dispatch_45_matvec_like_50176x32_f32/process_time/real_time_mean         25.2 ms         25.2 ms           10 items_per_second=39.7151/s
BM_main_graph$async_dispatch_45_embedded_elf_riscv_64_main_graph$async_dispatch_45_matvec_like_50176x32_f32/process_time/real_time_median       25.2 ms         25.2 ms           10 items_per_second=39.7364/s
BM_main_graph$async_dispatch_45_embedded_elf_riscv_64_main_graph$async_dispatch_45_matvec_like_50176x32_f32/process_time/real_time_stddev      0.048 ms        0.048 ms           10 items_per_second=0.0749635/s
BM_main_graph$async_dispatch_45_embedded_elf_riscv_64_main_graph$async_dispatch_45_matvec_like_50176x32_f32/process_time/real_time_cv           0.19 %          0.19 %            10 items_per_second=0.19%
