2026-01-08T12:36:27.934809
Running tools/iree-benchmark-module --module=/home/dima/sched_vmfb/glpdepth/module_main_graph$async_dispatch_99_embedded_elf_riscv_64_benchmark.vmfb --device=local-task --function=main_graph$async_dispatch_99_embedded_elf_riscv_64_main_graph$async_dispatch_99_conv_160x14x14x64x3x3_f32 --input=1xi32=1 --task_topology_cpu_ids=0,1 --benchmark_repetitions=10
2026-01-08T12:36:27+08:00
Running tools/iree-benchmark-module
Run on (8 X 1600 MHz CPU s)
CPU Caches:
  L1 Instruction 32 KiB (x8)
  L1 Data 32 KiB (x8)
  L2 Unified 512 KiB (x2)
Load Average: 3.80, 3.85, 3.46
-----------------------------------------------------------------------------------------------------------------------------------------------------------------------------------------------------
Benchmark                                                                                                                                           Time             CPU   Iterations UserCounters...
-----------------------------------------------------------------------------------------------------------------------------------------------------------------------------------------------------
BM_main_graph$async_dispatch_99_embedded_elf_riscv_64_main_graph$async_dispatch_99_conv_160x14x14x64x3x3_f32/process_time/real_time              73.4 ms          146 ms            9 items_per_second=13.6295/s
BM_main_graph$async_dispatch_99_embedded_elf_riscv_64_main_graph$async_dispatch_99_conv_160x14x14x64x3x3_f32/process_time/real_time              73.1 ms          146 ms            9 items_per_second=13.6713/s
BM_main_graph$async_dispatch_99_embedded_elf_riscv_64_main_graph$async_dispatch_99_conv_160x14x14x64x3x3_f32/process_time/real_time              73.2 ms          146 ms            9 items_per_second=13.6602/s
BM_main_graph$async_dispatch_99_embedded_elf_riscv_64_main_graph$async_dispatch_99_conv_160x14x14x64x3x3_f32/process_time/real_time              73.3 ms          146 ms            9 items_per_second=13.6338/s
BM_main_graph$async_dispatch_99_embedded_elf_riscv_64_main_graph$async_dispatch_99_conv_160x14x14x64x3x3_f32/process_time/real_time              73.1 ms          145 ms            9 items_per_second=13.6791/s
BM_main_graph$async_dispatch_99_embedded_elf_riscv_64_main_graph$async_dispatch_99_conv_160x14x14x64x3x3_f32/process_time/real_time              73.2 ms          145 ms            9 items_per_second=13.6693/s
BM_main_graph$async_dispatch_99_embedded_elf_riscv_64_main_graph$async_dispatch_99_conv_160x14x14x64x3x3_f32/process_time/real_time              73.3 ms          146 ms            9 items_per_second=13.64/s
BM_main_graph$async_dispatch_99_embedded_elf_riscv_64_main_graph$async_dispatch_99_conv_160x14x14x64x3x3_f32/process_time/real_time              73.2 ms          146 ms            9 items_per_second=13.6562/s
BM_main_graph$async_dispatch_99_embedded_elf_riscv_64_main_graph$async_dispatch_99_conv_160x14x14x64x3x3_f32/process_time/real_time              73.1 ms          145 ms            9 items_per_second=13.6726/s
BM_main_graph$async_dispatch_99_embedded_elf_riscv_64_main_graph$async_dispatch_99_conv_160x14x14x64x3x3_f32/process_time/real_time              73.3 ms          146 ms            9 items_per_second=13.639/s
BM_main_graph$async_dispatch_99_embedded_elf_riscv_64_main_graph$async_dispatch_99_conv_160x14x14x64x3x3_f32/process_time/real_time_mean         73.2 ms          146 ms           10 items_per_second=13.6551/s
BM_main_graph$async_dispatch_99_embedded_elf_riscv_64_main_graph$async_dispatch_99_conv_160x14x14x64x3x3_f32/process_time/real_time_median       73.2 ms          146 ms           10 items_per_second=13.6582/s
BM_main_graph$async_dispatch_99_embedded_elf_riscv_64_main_graph$async_dispatch_99_conv_160x14x14x64x3x3_f32/process_time/real_time_stddev      0.097 ms        0.139 ms           10 items_per_second=0.0181704/s
BM_main_graph$async_dispatch_99_embedded_elf_riscv_64_main_graph$async_dispatch_99_conv_160x14x14x64x3x3_f32/process_time/real_time_cv           0.13 %          0.10 %            10 items_per_second=0.13%
