2026-01-08T12:35:28.587880
Running tools/iree-benchmark-module --module=/home/dima/sched_vmfb/glpdepth/module_main_graph$async_dispatch_70_embedded_elf_riscv_64_benchmark.vmfb --device=local-task --function=main_graph$async_dispatch_70_embedded_elf_riscv_64_main_graph$async_dispatch_70_matmul_like_256x28x28x64_f32 --input=1xi32=1 --task_topology_cpu_ids=0,1 --benchmark_repetitions=10
2026-01-08T12:35:28+08:00
Running tools/iree-benchmark-module
Run on (8 X 1600 MHz CPU s)
CPU Caches:
  L1 Instruction 32 KiB (x8)
  L1 Data 32 KiB (x8)
  L2 Unified 512 KiB (x2)
Load Average: 3.98, 3.87, 3.44
--------------------------------------------------------------------------------------------------------------------------------------------------------------------------------------------------------
Benchmark                                                                                                                                              Time             CPU   Iterations UserCounters...
--------------------------------------------------------------------------------------------------------------------------------------------------------------------------------------------------------
BM_main_graph$async_dispatch_70_embedded_elf_riscv_64_main_graph$async_dispatch_70_matmul_like_256x28x28x64_f32/process_time/real_time               271 ms          540 ms            3 items_per_second=3.69331/s
BM_main_graph$async_dispatch_70_embedded_elf_riscv_64_main_graph$async_dispatch_70_matmul_like_256x28x28x64_f32/process_time/real_time               271 ms          539 ms            3 items_per_second=3.69312/s
BM_main_graph$async_dispatch_70_embedded_elf_riscv_64_main_graph$async_dispatch_70_matmul_like_256x28x28x64_f32/process_time/real_time               267 ms          533 ms            3 items_per_second=3.73988/s
BM_main_graph$async_dispatch_70_embedded_elf_riscv_64_main_graph$async_dispatch_70_matmul_like_256x28x28x64_f32/process_time/real_time               268 ms          534 ms            3 items_per_second=3.72681/s
BM_main_graph$async_dispatch_70_embedded_elf_riscv_64_main_graph$async_dispatch_70_matmul_like_256x28x28x64_f32/process_time/real_time               268 ms          533 ms            3 items_per_second=3.73827/s
BM_main_graph$async_dispatch_70_embedded_elf_riscv_64_main_graph$async_dispatch_70_matmul_like_256x28x28x64_f32/process_time/real_time               267 ms          532 ms            3 items_per_second=3.74229/s
BM_main_graph$async_dispatch_70_embedded_elf_riscv_64_main_graph$async_dispatch_70_matmul_like_256x28x28x64_f32/process_time/real_time               270 ms          537 ms            3 items_per_second=3.70757/s
BM_main_graph$async_dispatch_70_embedded_elf_riscv_64_main_graph$async_dispatch_70_matmul_like_256x28x28x64_f32/process_time/real_time               267 ms          533 ms            3 items_per_second=3.74181/s
BM_main_graph$async_dispatch_70_embedded_elf_riscv_64_main_graph$async_dispatch_70_matmul_like_256x28x28x64_f32/process_time/real_time               272 ms          542 ms            3 items_per_second=3.67468/s
BM_main_graph$async_dispatch_70_embedded_elf_riscv_64_main_graph$async_dispatch_70_matmul_like_256x28x28x64_f32/process_time/real_time               267 ms          533 ms            3 items_per_second=3.74238/s
BM_main_graph$async_dispatch_70_embedded_elf_riscv_64_main_graph$async_dispatch_70_matmul_like_256x28x28x64_f32/process_time/real_time_mean          269 ms          536 ms           10 items_per_second=3.72001/s
BM_main_graph$async_dispatch_70_embedded_elf_riscv_64_main_graph$async_dispatch_70_matmul_like_256x28x28x64_f32/process_time/real_time_median        268 ms          534 ms           10 items_per_second=3.73254/s
BM_main_graph$async_dispatch_70_embedded_elf_riscv_64_main_graph$async_dispatch_70_matmul_like_256x28x28x64_f32/process_time/real_time_stddev       1.86 ms         3.53 ms           10 items_per_second=0.0255866/s
BM_main_graph$async_dispatch_70_embedded_elf_riscv_64_main_graph$async_dispatch_70_matmul_like_256x28x28x64_f32/process_time/real_time_cv           0.69 %          0.66 %            10 items_per_second=0.69%
