2026-01-08T12:34:09.581305
Running tools/iree-benchmark-module --module=/home/dima/sched_vmfb/glpdepth/module_main_graph$async_dispatch_60_embedded_elf_riscv_64_benchmark.vmfb --device=local-task --function=main_graph$async_dispatch_60_embedded_elf_riscv_64_main_graph$async_dispatch_60_unpack_f32 --input=1xi32=1 --task_topology_cpu_ids=0,1 --benchmark_repetitions=10
2026-01-08T12:34:09+08:00
Running tools/iree-benchmark-module
Run on (8 X 1600 MHz CPU s)
CPU Caches:
  L1 Instruction 32 KiB (x8)
  L1 Data 32 KiB (x8)
  L2 Unified 512 KiB (x2)
Load Average: 3.81, 3.83, 3.39
--------------------------------------------------------------------------------------------------------------------------------------------------------------------------------------
Benchmark                                                                                                                            Time             CPU   Iterations UserCounters...
--------------------------------------------------------------------------------------------------------------------------------------------------------------------------------------
BM_main_graph$async_dispatch_60_embedded_elf_riscv_64_main_graph$async_dispatch_60_unpack_f32/process_time/real_time              1.57 ms         2.94 ms          448 items_per_second=636.613/s
BM_main_graph$async_dispatch_60_embedded_elf_riscv_64_main_graph$async_dispatch_60_unpack_f32/process_time/real_time              1.57 ms         2.94 ms          448 items_per_second=637.019/s
BM_main_graph$async_dispatch_60_embedded_elf_riscv_64_main_graph$async_dispatch_60_unpack_f32/process_time/real_time              1.56 ms         2.93 ms          448 items_per_second=640.72/s
BM_main_graph$async_dispatch_60_embedded_elf_riscv_64_main_graph$async_dispatch_60_unpack_f32/process_time/real_time              1.56 ms         2.93 ms          448 items_per_second=641.425/s
BM_main_graph$async_dispatch_60_embedded_elf_riscv_64_main_graph$async_dispatch_60_unpack_f32/process_time/real_time              1.56 ms         2.94 ms          448 items_per_second=639.958/s
BM_main_graph$async_dispatch_60_embedded_elf_riscv_64_main_graph$async_dispatch_60_unpack_f32/process_time/real_time              1.56 ms         2.93 ms          448 items_per_second=641.759/s
BM_main_graph$async_dispatch_60_embedded_elf_riscv_64_main_graph$async_dispatch_60_unpack_f32/process_time/real_time              1.56 ms         2.93 ms          448 items_per_second=641.015/s
BM_main_graph$async_dispatch_60_embedded_elf_riscv_64_main_graph$async_dispatch_60_unpack_f32/process_time/real_time              1.56 ms         2.93 ms          448 items_per_second=639.439/s
BM_main_graph$async_dispatch_60_embedded_elf_riscv_64_main_graph$async_dispatch_60_unpack_f32/process_time/real_time              1.56 ms         2.93 ms          448 items_per_second=640.271/s
BM_main_graph$async_dispatch_60_embedded_elf_riscv_64_main_graph$async_dispatch_60_unpack_f32/process_time/real_time              1.56 ms         2.93 ms          448 items_per_second=642.102/s
BM_main_graph$async_dispatch_60_embedded_elf_riscv_64_main_graph$async_dispatch_60_unpack_f32/process_time/real_time_mean         1.56 ms         2.93 ms           10 items_per_second=640.032/s
BM_main_graph$async_dispatch_60_embedded_elf_riscv_64_main_graph$async_dispatch_60_unpack_f32/process_time/real_time_median       1.56 ms         2.93 ms           10 items_per_second=640.496/s
BM_main_graph$async_dispatch_60_embedded_elf_riscv_64_main_graph$async_dispatch_60_unpack_f32/process_time/real_time_stddev      0.005 ms        0.006 ms           10 items_per_second=1.88057/s
BM_main_graph$async_dispatch_60_embedded_elf_riscv_64_main_graph$async_dispatch_60_unpack_f32/process_time/real_time_cv           0.29 %          0.19 %            10 items_per_second=0.29%
