2026-01-08T12:24:51.960522
Running tools/iree-benchmark-module --module=/home/dima/sched_vmfb/glpdepth/module_main_graph$async_dispatch_146_embedded_elf_riscv_64_benchmark.vmfb --device=local-task --function=main_graph$async_dispatch_146_embedded_elf_riscv_64_main_graph$async_dispatch_146_conv_256x7x7x160x3x3_f32 --input=1xi32=1 --task_topology_cpu_ids=0,1 --benchmark_repetitions=10
2026-01-08T12:24:51+08:00
Running tools/iree-benchmark-module
Run on (8 X 1600 MHz CPU s)
CPU Caches:
  L1 Instruction 32 KiB (x8)
  L1 Data 32 KiB (x8)
  L2 Unified 512 KiB (x2)
Load Average: 3.87, 3.43, 2.96
------------------------------------------------------------------------------------------------------------------------------------------------------------------------------------------------------
Benchmark                                                                                                                                            Time             CPU   Iterations UserCounters...
------------------------------------------------------------------------------------------------------------------------------------------------------------------------------------------------------
BM_main_graph$async_dispatch_146_embedded_elf_riscv_64_main_graph$async_dispatch_146_conv_256x7x7x160x3x3_f32/process_time/real_time              70.7 ms          124 ms           10 items_per_second=14.1354/s
BM_main_graph$async_dispatch_146_embedded_elf_riscv_64_main_graph$async_dispatch_146_conv_256x7x7x160x3x3_f32/process_time/real_time              70.6 ms          124 ms           10 items_per_second=14.1662/s
BM_main_graph$async_dispatch_146_embedded_elf_riscv_64_main_graph$async_dispatch_146_conv_256x7x7x160x3x3_f32/process_time/real_time              70.7 ms          125 ms           10 items_per_second=14.1532/s
BM_main_graph$async_dispatch_146_embedded_elf_riscv_64_main_graph$async_dispatch_146_conv_256x7x7x160x3x3_f32/process_time/real_time              70.6 ms          124 ms           10 items_per_second=14.161/s
BM_main_graph$async_dispatch_146_embedded_elf_riscv_64_main_graph$async_dispatch_146_conv_256x7x7x160x3x3_f32/process_time/real_time              70.5 ms          124 ms           10 items_per_second=14.1936/s
BM_main_graph$async_dispatch_146_embedded_elf_riscv_64_main_graph$async_dispatch_146_conv_256x7x7x160x3x3_f32/process_time/real_time              71.0 ms          125 ms           10 items_per_second=14.0833/s
BM_main_graph$async_dispatch_146_embedded_elf_riscv_64_main_graph$async_dispatch_146_conv_256x7x7x160x3x3_f32/process_time/real_time              70.6 ms          124 ms           10 items_per_second=14.1695/s
BM_main_graph$async_dispatch_146_embedded_elf_riscv_64_main_graph$async_dispatch_146_conv_256x7x7x160x3x3_f32/process_time/real_time              70.6 ms          124 ms           10 items_per_second=14.1736/s
BM_main_graph$async_dispatch_146_embedded_elf_riscv_64_main_graph$async_dispatch_146_conv_256x7x7x160x3x3_f32/process_time/real_time              70.6 ms          125 ms           10 items_per_second=14.1714/s
BM_main_graph$async_dispatch_146_embedded_elf_riscv_64_main_graph$async_dispatch_146_conv_256x7x7x160x3x3_f32/process_time/real_time              70.7 ms          125 ms           10 items_per_second=14.1497/s
BM_main_graph$async_dispatch_146_embedded_elf_riscv_64_main_graph$async_dispatch_146_conv_256x7x7x160x3x3_f32/process_time/real_time_mean         70.6 ms          124 ms           10 items_per_second=14.1557/s
BM_main_graph$async_dispatch_146_embedded_elf_riscv_64_main_graph$async_dispatch_146_conv_256x7x7x160x3x3_f32/process_time/real_time_median       70.6 ms          124 ms           10 items_per_second=14.1636/s
BM_main_graph$async_dispatch_146_embedded_elf_riscv_64_main_graph$async_dispatch_146_conv_256x7x7x160x3x3_f32/process_time/real_time_stddev      0.149 ms        0.189 ms           10 items_per_second=0.0298692/s
BM_main_graph$async_dispatch_146_embedded_elf_riscv_64_main_graph$async_dispatch_146_conv_256x7x7x160x3x3_f32/process_time/real_time_cv           0.21 %          0.15 %            10 items_per_second=0.21%
