2026-01-08T12:23:54.182034
Running tools/iree-benchmark-module --module=/home/dima/sched_vmfb/glpdepth/module_main_graph$async_dispatch_118_embedded_elf_riscv_64_benchmark.vmfb --device=local-task --function=main_graph$async_dispatch_118_embedded_elf_riscv_64_main_graph$async_dispatch_118_conv_14x14x640x3x3_f32 --input=1xi32=1 --task_topology_cpu_ids=0,1 --benchmark_repetitions=10
2026-01-08T12:23:54+08:00
Running tools/iree-benchmark-module
Run on (8 X 1600 MHz CPU s)
CPU Caches:
  L1 Instruction 32 KiB (x8)
  L1 Data 32 KiB (x8)
  L2 Unified 512 KiB (x2)
Load Average: 3.78, 3.33, 2.90
----------------------------------------------------------------------------------------------------------------------------------------------------------------------------------------------------
Benchmark                                                                                                                                          Time             CPU   Iterations UserCounters...
----------------------------------------------------------------------------------------------------------------------------------------------------------------------------------------------------
BM_main_graph$async_dispatch_118_embedded_elf_riscv_64_main_graph$async_dispatch_118_conv_14x14x640x3x3_f32/process_time/real_time              10.2 ms         17.1 ms           68 items_per_second=97.5617/s
BM_main_graph$async_dispatch_118_embedded_elf_riscv_64_main_graph$async_dispatch_118_conv_14x14x640x3x3_f32/process_time/real_time              10.3 ms         17.1 ms           68 items_per_second=97.5392/s
BM_main_graph$async_dispatch_118_embedded_elf_riscv_64_main_graph$async_dispatch_118_conv_14x14x640x3x3_f32/process_time/real_time              10.3 ms         17.1 ms           68 items_per_second=97.4366/s
BM_main_graph$async_dispatch_118_embedded_elf_riscv_64_main_graph$async_dispatch_118_conv_14x14x640x3x3_f32/process_time/real_time              10.2 ms         17.1 ms           68 items_per_second=97.6799/s
BM_main_graph$async_dispatch_118_embedded_elf_riscv_64_main_graph$async_dispatch_118_conv_14x14x640x3x3_f32/process_time/real_time              10.2 ms         17.1 ms           68 items_per_second=97.5965/s
BM_main_graph$async_dispatch_118_embedded_elf_riscv_64_main_graph$async_dispatch_118_conv_14x14x640x3x3_f32/process_time/real_time              10.3 ms         17.1 ms           68 items_per_second=97.5267/s
BM_main_graph$async_dispatch_118_embedded_elf_riscv_64_main_graph$async_dispatch_118_conv_14x14x640x3x3_f32/process_time/real_time              10.2 ms         17.1 ms           68 items_per_second=97.5784/s
BM_main_graph$async_dispatch_118_embedded_elf_riscv_64_main_graph$async_dispatch_118_conv_14x14x640x3x3_f32/process_time/real_time              10.2 ms         17.1 ms           68 items_per_second=97.6297/s
BM_main_graph$async_dispatch_118_embedded_elf_riscv_64_main_graph$async_dispatch_118_conv_14x14x640x3x3_f32/process_time/real_time              10.2 ms         17.1 ms           68 items_per_second=97.8109/s
BM_main_graph$async_dispatch_118_embedded_elf_riscv_64_main_graph$async_dispatch_118_conv_14x14x640x3x3_f32/process_time/real_time              10.2 ms         17.1 ms           68 items_per_second=97.6782/s
BM_main_graph$async_dispatch_118_embedded_elf_riscv_64_main_graph$async_dispatch_118_conv_14x14x640x3x3_f32/process_time/real_time_mean         10.2 ms         17.1 ms           10 items_per_second=97.6038/s
BM_main_graph$async_dispatch_118_embedded_elf_riscv_64_main_graph$async_dispatch_118_conv_14x14x640x3x3_f32/process_time/real_time_median       10.2 ms         17.1 ms           10 items_per_second=97.5875/s
BM_main_graph$async_dispatch_118_embedded_elf_riscv_64_main_graph$async_dispatch_118_conv_14x14x640x3x3_f32/process_time/real_time_stddev      0.011 ms        0.020 ms           10 items_per_second=0.102984/s
BM_main_graph$async_dispatch_118_embedded_elf_riscv_64_main_graph$async_dispatch_118_conv_14x14x640x3x3_f32/process_time/real_time_cv           0.11 %          0.12 %            10 items_per_second=0.11%
