2026-01-08T12:22:06.953292
Running tools/iree-benchmark-module --module=/home/dima/sched_vmfb/glpdepth/module_main_graph$async_dispatch_104_embedded_elf_riscv_64_benchmark.vmfb --device=local-task --function=main_graph$async_dispatch_104_embedded_elf_riscv_64_main_graph$async_dispatch_104_matmul_like_10x49x32x160_f32 --input=1xi32=1 --task_topology_cpu_ids=0,1 --benchmark_repetitions=10
2026-01-08T12:22:06+08:00
Running tools/iree-benchmark-module
Run on (8 X 1600 MHz CPU s)
CPU Caches:
  L1 Instruction 32 KiB (x8)
  L1 Data 32 KiB (x8)
  L2 Unified 512 KiB (x2)
Load Average: 3.35, 3.10, 2.78
----------------------------------------------------------------------------------------------------------------------------------------------------------------------------------------------------------
Benchmark                                                                                                                                                Time             CPU   Iterations UserCounters...
----------------------------------------------------------------------------------------------------------------------------------------------------------------------------------------------------------
BM_main_graph$async_dispatch_104_embedded_elf_riscv_64_main_graph$async_dispatch_104_matmul_like_10x49x32x160_f32/process_time/real_time             0.796 ms         1.50 ms          885 items_per_second=1.25582k/s
BM_main_graph$async_dispatch_104_embedded_elf_riscv_64_main_graph$async_dispatch_104_matmul_like_10x49x32x160_f32/process_time/real_time             0.797 ms         1.51 ms          885 items_per_second=1.2551k/s
BM_main_graph$async_dispatch_104_embedded_elf_riscv_64_main_graph$async_dispatch_104_matmul_like_10x49x32x160_f32/process_time/real_time             0.805 ms         1.51 ms          885 items_per_second=1.24298k/s
BM_main_graph$async_dispatch_104_embedded_elf_riscv_64_main_graph$async_dispatch_104_matmul_like_10x49x32x160_f32/process_time/real_time             0.791 ms         1.51 ms          885 items_per_second=1.2639k/s
BM_main_graph$async_dispatch_104_embedded_elf_riscv_64_main_graph$async_dispatch_104_matmul_like_10x49x32x160_f32/process_time/real_time             0.784 ms         1.50 ms          885 items_per_second=1.27591k/s
BM_main_graph$async_dispatch_104_embedded_elf_riscv_64_main_graph$async_dispatch_104_matmul_like_10x49x32x160_f32/process_time/real_time             0.797 ms         1.51 ms          885 items_per_second=1.25531k/s
BM_main_graph$async_dispatch_104_embedded_elf_riscv_64_main_graph$async_dispatch_104_matmul_like_10x49x32x160_f32/process_time/real_time             0.785 ms         1.50 ms          885 items_per_second=1.27368k/s
BM_main_graph$async_dispatch_104_embedded_elf_riscv_64_main_graph$async_dispatch_104_matmul_like_10x49x32x160_f32/process_time/real_time             0.784 ms         1.50 ms          885 items_per_second=1.27511k/s
BM_main_graph$async_dispatch_104_embedded_elf_riscv_64_main_graph$async_dispatch_104_matmul_like_10x49x32x160_f32/process_time/real_time             0.794 ms         1.51 ms          885 items_per_second=1.25872k/s
BM_main_graph$async_dispatch_104_embedded_elf_riscv_64_main_graph$async_dispatch_104_matmul_like_10x49x32x160_f32/process_time/real_time             0.785 ms         1.50 ms          885 items_per_second=1.27431k/s
BM_main_graph$async_dispatch_104_embedded_elf_riscv_64_main_graph$async_dispatch_104_matmul_like_10x49x32x160_f32/process_time/real_time_mean        0.792 ms         1.50 ms           10 items_per_second=1.26308k/s
BM_main_graph$async_dispatch_104_embedded_elf_riscv_64_main_graph$async_dispatch_104_matmul_like_10x49x32x160_f32/process_time/real_time_median      0.793 ms         1.50 ms           10 items_per_second=1.26131k/s
BM_main_graph$async_dispatch_104_embedded_elf_riscv_64_main_graph$async_dispatch_104_matmul_like_10x49x32x160_f32/process_time/real_time_stddev      0.007 ms        0.003 ms           10 items_per_second=11.295/s
BM_main_graph$async_dispatch_104_embedded_elf_riscv_64_main_graph$async_dispatch_104_matmul_like_10x49x32x160_f32/process_time/real_time_cv           0.90 %          0.19 %            10 items_per_second=0.89%
