2026-01-08T12:24:30.297302
Running tools/iree-benchmark-module --module=/home/dima/sched_vmfb/glpdepth/module_main_graph$async_dispatch_13_embedded_elf_riscv_64_benchmark.vmfb --device=local-task --function=main_graph$async_dispatch_13_embedded_elf_riscv_64_main_graph$async_dispatch_13_pack_f32 --input=1xi32=1 --task_topology_cpu_ids=0,1 --benchmark_repetitions=10
2026-01-08T12:24:30+08:00
Running tools/iree-benchmark-module
Run on (8 X 1600 MHz CPU s)
CPU Caches:
  L1 Instruction 32 KiB (x8)
  L1 Data 32 KiB (x8)
  L2 Unified 512 KiB (x2)
Load Average: 3.82, 3.39, 2.94
------------------------------------------------------------------------------------------------------------------------------------------------------------------------------------
Benchmark                                                                                                                          Time             CPU   Iterations UserCounters...
------------------------------------------------------------------------------------------------------------------------------------------------------------------------------------
BM_main_graph$async_dispatch_13_embedded_elf_riscv_64_main_graph$async_dispatch_13_pack_f32/process_time/real_time              2.03 ms         3.91 ms          341 items_per_second=493.258/s
BM_main_graph$async_dispatch_13_embedded_elf_riscv_64_main_graph$async_dispatch_13_pack_f32/process_time/real_time              2.00 ms         3.86 ms          341 items_per_second=500.474/s
BM_main_graph$async_dispatch_13_embedded_elf_riscv_64_main_graph$async_dispatch_13_pack_f32/process_time/real_time              2.01 ms         3.88 ms          341 items_per_second=497.607/s
BM_main_graph$async_dispatch_13_embedded_elf_riscv_64_main_graph$async_dispatch_13_pack_f32/process_time/real_time              2.00 ms         3.87 ms          341 items_per_second=499.411/s
BM_main_graph$async_dispatch_13_embedded_elf_riscv_64_main_graph$async_dispatch_13_pack_f32/process_time/real_time              2.03 ms         3.92 ms          341 items_per_second=493.751/s
BM_main_graph$async_dispatch_13_embedded_elf_riscv_64_main_graph$async_dispatch_13_pack_f32/process_time/real_time              2.06 ms         3.97 ms          341 items_per_second=486.179/s
BM_main_graph$async_dispatch_13_embedded_elf_riscv_64_main_graph$async_dispatch_13_pack_f32/process_time/real_time              2.05 ms         3.96 ms          341 items_per_second=487.514/s
BM_main_graph$async_dispatch_13_embedded_elf_riscv_64_main_graph$async_dispatch_13_pack_f32/process_time/real_time              2.05 ms         3.95 ms          341 items_per_second=488.996/s
BM_main_graph$async_dispatch_13_embedded_elf_riscv_64_main_graph$async_dispatch_13_pack_f32/process_time/real_time              2.04 ms         3.94 ms          341 items_per_second=490.911/s
BM_main_graph$async_dispatch_13_embedded_elf_riscv_64_main_graph$async_dispatch_13_pack_f32/process_time/real_time              2.05 ms         3.95 ms          341 items_per_second=488.955/s
BM_main_graph$async_dispatch_13_embedded_elf_riscv_64_main_graph$async_dispatch_13_pack_f32/process_time/real_time_mean         2.03 ms         3.92 ms           10 items_per_second=492.706/s
BM_main_graph$async_dispatch_13_embedded_elf_riscv_64_main_graph$async_dispatch_13_pack_f32/process_time/real_time_median       2.03 ms         3.93 ms           10 items_per_second=492.084/s
BM_main_graph$async_dispatch_13_embedded_elf_riscv_64_main_graph$async_dispatch_13_pack_f32/process_time/real_time_stddev      0.021 ms        0.040 ms           10 items_per_second=5.06983/s
BM_main_graph$async_dispatch_13_embedded_elf_riscv_64_main_graph$async_dispatch_13_pack_f32/process_time/real_time_cv           1.03 %          1.01 %            10 items_per_second=1.03%
