2026-01-08T12:34:38.466931
Running tools/iree-benchmark-module --module=/home/dima/sched_vmfb/glpdepth/module_main_graph$async_dispatch_64_embedded_elf_riscv_64_benchmark.vmfb --device=local-task --function=main_graph$async_dispatch_64_embedded_elf_riscv_64_main_graph$async_dispatch_64_batch_mmt4d_2x5x25x49x7x32x1_f32 --input=1xi32=1 --task_topology_cpu_ids=0,1 --benchmark_repetitions=10
2026-01-08T12:34:38+08:00
Running tools/iree-benchmark-module
Run on (8 X 1600 MHz CPU s)
CPU Caches:
  L1 Instruction 32 KiB (x8)
  L1 Data 32 KiB (x8)
  L2 Unified 512 KiB (x2)
Load Average: 3.80, 3.83, 3.40
------------------------------------------------------------------------------------------------------------------------------------------------------------------------------------------------------------
Benchmark                                                                                                                                                  Time             CPU   Iterations UserCounters...
------------------------------------------------------------------------------------------------------------------------------------------------------------------------------------------------------------
BM_main_graph$async_dispatch_64_embedded_elf_riscv_64_main_graph$async_dispatch_64_batch_mmt4d_2x5x25x49x7x32x1_f32/process_time/real_time             0.853 ms         1.56 ms          840 items_per_second=1.17237k/s
BM_main_graph$async_dispatch_64_embedded_elf_riscv_64_main_graph$async_dispatch_64_batch_mmt4d_2x5x25x49x7x32x1_f32/process_time/real_time             0.837 ms         1.55 ms          840 items_per_second=1.19487k/s
BM_main_graph$async_dispatch_64_embedded_elf_riscv_64_main_graph$async_dispatch_64_batch_mmt4d_2x5x25x49x7x32x1_f32/process_time/real_time             0.900 ms         1.56 ms          840 items_per_second=1.11173k/s
BM_main_graph$async_dispatch_64_embedded_elf_riscv_64_main_graph$async_dispatch_64_batch_mmt4d_2x5x25x49x7x32x1_f32/process_time/real_time             0.828 ms         1.54 ms          840 items_per_second=1.2071k/s
BM_main_graph$async_dispatch_64_embedded_elf_riscv_64_main_graph$async_dispatch_64_batch_mmt4d_2x5x25x49x7x32x1_f32/process_time/real_time             0.824 ms         1.53 ms          840 items_per_second=1.21313k/s
BM_main_graph$async_dispatch_64_embedded_elf_riscv_64_main_graph$async_dispatch_64_batch_mmt4d_2x5x25x49x7x32x1_f32/process_time/real_time             0.825 ms         1.53 ms          840 items_per_second=1.21262k/s
BM_main_graph$async_dispatch_64_embedded_elf_riscv_64_main_graph$async_dispatch_64_batch_mmt4d_2x5x25x49x7x32x1_f32/process_time/real_time             0.827 ms         1.54 ms          840 items_per_second=1.20852k/s
BM_main_graph$async_dispatch_64_embedded_elf_riscv_64_main_graph$async_dispatch_64_batch_mmt4d_2x5x25x49x7x32x1_f32/process_time/real_time             0.824 ms         1.53 ms          840 items_per_second=1.21295k/s
BM_main_graph$async_dispatch_64_embedded_elf_riscv_64_main_graph$async_dispatch_64_batch_mmt4d_2x5x25x49x7x32x1_f32/process_time/real_time             0.820 ms         1.53 ms          840 items_per_second=1.21945k/s
BM_main_graph$async_dispatch_64_embedded_elf_riscv_64_main_graph$async_dispatch_64_batch_mmt4d_2x5x25x49x7x32x1_f32/process_time/real_time             0.823 ms         1.53 ms          840 items_per_second=1.2149k/s
BM_main_graph$async_dispatch_64_embedded_elf_riscv_64_main_graph$async_dispatch_64_batch_mmt4d_2x5x25x49x7x32x1_f32/process_time/real_time_mean        0.836 ms         1.54 ms           10 items_per_second=1.19676k/s
BM_main_graph$async_dispatch_64_embedded_elf_riscv_64_main_graph$async_dispatch_64_batch_mmt4d_2x5x25x49x7x32x1_f32/process_time/real_time_median      0.826 ms         1.54 ms           10 items_per_second=1.21057k/s
BM_main_graph$async_dispatch_64_embedded_elf_riscv_64_main_graph$async_dispatch_64_batch_mmt4d_2x5x25x49x7x32x1_f32/process_time/real_time_stddev      0.024 ms        0.011 ms           10 items_per_second=32.8287/s
BM_main_graph$async_dispatch_64_embedded_elf_riscv_64_main_graph$async_dispatch_64_batch_mmt4d_2x5x25x49x7x32x1_f32/process_time/real_time_cv           2.89 %          0.74 %            10 items_per_second=2.74%
