2026-01-08T12:25:28.161022
Running tools/iree-benchmark-module --module=/home/dima/sched_vmfb/glpdepth/module_main_graph$async_dispatch_150_embedded_elf_riscv_64_benchmark.vmfb --device=local-task --function=main_graph$async_dispatch_150_embedded_elf_riscv_64_main_graph$async_dispatch_150_elementwise_broadcast_8x32x49_f32_pack --input=1xi32=1 --task_topology_cpu_ids=0,1 --benchmark_repetitions=10
2026-01-08T12:25:28+08:00
Running tools/iree-benchmark-module
Run on (8 X 1600 MHz CPU s)
CPU Caches:
  L1 Instruction 32 KiB (x8)
  L1 Data 32 KiB (x8)
  L2 Unified 512 KiB (x2)
Load Average: 3.78, 3.47, 3.00
--------------------------------------------------------------------------------------------------------------------------------------------------------------------------------------------------------------------
Benchmark                                                                                                                                                          Time             CPU   Iterations UserCounters...
--------------------------------------------------------------------------------------------------------------------------------------------------------------------------------------------------------------------
BM_main_graph$async_dispatch_150_embedded_elf_riscv_64_main_graph$async_dispatch_150_elementwise_broadcast_8x32x49_f32_pack/process_time/real_time             0.224 ms        0.376 ms         3099 items_per_second=4.47395k/s
BM_main_graph$async_dispatch_150_embedded_elf_riscv_64_main_graph$async_dispatch_150_elementwise_broadcast_8x32x49_f32_pack/process_time/real_time             0.225 ms        0.378 ms         3099 items_per_second=4.43648k/s
BM_main_graph$async_dispatch_150_embedded_elf_riscv_64_main_graph$async_dispatch_150_elementwise_broadcast_8x32x49_f32_pack/process_time/real_time             0.225 ms        0.378 ms         3099 items_per_second=4.44663k/s
BM_main_graph$async_dispatch_150_embedded_elf_riscv_64_main_graph$async_dispatch_150_elementwise_broadcast_8x32x49_f32_pack/process_time/real_time             0.210 ms        0.344 ms         3099 items_per_second=4.76994k/s
BM_main_graph$async_dispatch_150_embedded_elf_riscv_64_main_graph$async_dispatch_150_elementwise_broadcast_8x32x49_f32_pack/process_time/real_time             0.210 ms        0.344 ms         3099 items_per_second=4.76008k/s
BM_main_graph$async_dispatch_150_embedded_elf_riscv_64_main_graph$async_dispatch_150_elementwise_broadcast_8x32x49_f32_pack/process_time/real_time             0.209 ms        0.344 ms         3099 items_per_second=4.78802k/s
BM_main_graph$async_dispatch_150_embedded_elf_riscv_64_main_graph$async_dispatch_150_elementwise_broadcast_8x32x49_f32_pack/process_time/real_time             0.211 ms        0.345 ms         3099 items_per_second=4.73818k/s
BM_main_graph$async_dispatch_150_embedded_elf_riscv_64_main_graph$async_dispatch_150_elementwise_broadcast_8x32x49_f32_pack/process_time/real_time             0.205 ms        0.342 ms         3099 items_per_second=4.87056k/s
BM_main_graph$async_dispatch_150_embedded_elf_riscv_64_main_graph$async_dispatch_150_elementwise_broadcast_8x32x49_f32_pack/process_time/real_time             0.209 ms        0.345 ms         3099 items_per_second=4.77369k/s
BM_main_graph$async_dispatch_150_embedded_elf_riscv_64_main_graph$async_dispatch_150_elementwise_broadcast_8x32x49_f32_pack/process_time/real_time             0.216 ms        0.357 ms         3099 items_per_second=4.63684k/s
BM_main_graph$async_dispatch_150_embedded_elf_riscv_64_main_graph$async_dispatch_150_elementwise_broadcast_8x32x49_f32_pack/process_time/real_time_mean        0.214 ms        0.355 ms           10 items_per_second=4.66944k/s
BM_main_graph$async_dispatch_150_embedded_elf_riscv_64_main_graph$async_dispatch_150_elementwise_broadcast_8x32x49_f32_pack/process_time/real_time_median      0.211 ms        0.345 ms           10 items_per_second=4.74913k/s
BM_main_graph$async_dispatch_150_embedded_elf_riscv_64_main_graph$async_dispatch_150_elementwise_broadcast_8x32x49_f32_pack/process_time/real_time_stddev      0.007 ms        0.016 ms           10 items_per_second=160.42/s
BM_main_graph$async_dispatch_150_embedded_elf_riscv_64_main_graph$async_dispatch_150_elementwise_broadcast_8x32x49_f32_pack/process_time/real_time_cv           3.50 %          4.48 %            10 items_per_second=3.44%
