2026-01-08T12:35:51.579618
Running tools/iree-benchmark-module --module=/home/dima/sched_vmfb/glpdepth/module_main_graph$async_dispatch_73_embedded_elf_riscv_64_benchmark.vmfb --device=local-task --function=main_graph$async_dispatch_73_embedded_elf_riscv_64_main_graph$async_dispatch_73_mmt4d_10x25x256x7x32x1_f32 --input=1xi32=1 --task_topology_cpu_ids=0,1 --benchmark_repetitions=10
2026-01-08T12:35:51+08:00
Running tools/iree-benchmark-module
Run on (8 X 1600 MHz CPU s)
CPU Caches:
  L1 Instruction 32 KiB (x8)
  L1 Data 32 KiB (x8)
  L2 Unified 512 KiB (x2)
Load Average: 3.99, 3.88, 3.45
------------------------------------------------------------------------------------------------------------------------------------------------------------------------------------------------------
Benchmark                                                                                                                                            Time             CPU   Iterations UserCounters...
------------------------------------------------------------------------------------------------------------------------------------------------------------------------------------------------------
BM_main_graph$async_dispatch_73_embedded_elf_riscv_64_main_graph$async_dispatch_73_mmt4d_10x25x256x7x32x1_f32/process_time/real_time              4.72 ms         7.43 ms          148 items_per_second=211.738/s
BM_main_graph$async_dispatch_73_embedded_elf_riscv_64_main_graph$async_dispatch_73_mmt4d_10x25x256x7x32x1_f32/process_time/real_time              4.72 ms         7.42 ms          148 items_per_second=211.993/s
BM_main_graph$async_dispatch_73_embedded_elf_riscv_64_main_graph$async_dispatch_73_mmt4d_10x25x256x7x32x1_f32/process_time/real_time              4.74 ms         7.44 ms          148 items_per_second=210.964/s
BM_main_graph$async_dispatch_73_embedded_elf_riscv_64_main_graph$async_dispatch_73_mmt4d_10x25x256x7x32x1_f32/process_time/real_time              4.73 ms         7.43 ms          148 items_per_second=211.266/s
BM_main_graph$async_dispatch_73_embedded_elf_riscv_64_main_graph$async_dispatch_73_mmt4d_10x25x256x7x32x1_f32/process_time/real_time              4.73 ms         7.42 ms          148 items_per_second=211.46/s
BM_main_graph$async_dispatch_73_embedded_elf_riscv_64_main_graph$async_dispatch_73_mmt4d_10x25x256x7x32x1_f32/process_time/real_time              4.70 ms         7.41 ms          148 items_per_second=212.607/s
BM_main_graph$async_dispatch_73_embedded_elf_riscv_64_main_graph$async_dispatch_73_mmt4d_10x25x256x7x32x1_f32/process_time/real_time              4.68 ms         7.35 ms          148 items_per_second=213.783/s
BM_main_graph$async_dispatch_73_embedded_elf_riscv_64_main_graph$async_dispatch_73_mmt4d_10x25x256x7x32x1_f32/process_time/real_time              4.68 ms         7.36 ms          148 items_per_second=213.628/s
BM_main_graph$async_dispatch_73_embedded_elf_riscv_64_main_graph$async_dispatch_73_mmt4d_10x25x256x7x32x1_f32/process_time/real_time              4.73 ms         7.44 ms          148 items_per_second=211.317/s
BM_main_graph$async_dispatch_73_embedded_elf_riscv_64_main_graph$async_dispatch_73_mmt4d_10x25x256x7x32x1_f32/process_time/real_time              4.72 ms         7.42 ms          148 items_per_second=211.926/s
BM_main_graph$async_dispatch_73_embedded_elf_riscv_64_main_graph$async_dispatch_73_mmt4d_10x25x256x7x32x1_f32/process_time/real_time_mean         4.72 ms         7.41 ms           10 items_per_second=212.068/s
BM_main_graph$async_dispatch_73_embedded_elf_riscv_64_main_graph$async_dispatch_73_mmt4d_10x25x256x7x32x1_f32/process_time/real_time_median       4.72 ms         7.42 ms           10 items_per_second=211.832/s
BM_main_graph$async_dispatch_73_embedded_elf_riscv_64_main_graph$async_dispatch_73_mmt4d_10x25x256x7x32x1_f32/process_time/real_time_stddev      0.022 ms        0.033 ms           10 items_per_second=0.977091/s
BM_main_graph$async_dispatch_73_embedded_elf_riscv_64_main_graph$async_dispatch_73_mmt4d_10x25x256x7x32x1_f32/process_time/real_time_cv           0.46 %          0.44 %            10 items_per_second=0.46%
