2026-01-09T09:38:33.251064
Running tools/iree-benchmark-module --module=/home/dima/sched_vmfb/dronet_ukernel/dispatch_13.vmfb --device=local-task --function=main_graph$async_dispatch_13_system_elf_riscv_64_main_graph$async_dispatch_13_elementwise --input=1xi32=1 --task_topology_cpu_ids=0,1,2,3 --benchmark_repetitions=10
2026-01-09T09:38:33+08:00
Running tools/iree-benchmark-module
Run on (8 X 1600 MHz CPU s)
CPU Caches:
  L1 Instruction 32 KiB (x8)
  L1 Data 32 KiB (x8)
  L2 Unified 512 KiB (x2)
Load Average: 4.35, 3.44, 2.87
-------------------------------------------------------------------------------------------------------------------------------------------------------------------------------------
Benchmark                                                                                                                           Time             CPU   Iterations UserCounters...
-------------------------------------------------------------------------------------------------------------------------------------------------------------------------------------
BM_main_graph$async_dispatch_13_system_elf_riscv_64_main_graph$async_dispatch_13_elementwise/process_time/real_time             0.062 ms        0.067 ms        11426 items_per_second=16.1579k/s
BM_main_graph$async_dispatch_13_system_elf_riscv_64_main_graph$async_dispatch_13_elementwise/process_time/real_time             0.062 ms        0.068 ms        11426 items_per_second=16.038k/s
BM_main_graph$async_dispatch_13_system_elf_riscv_64_main_graph$async_dispatch_13_elementwise/process_time/real_time             0.061 ms        0.066 ms        11426 items_per_second=16.3776k/s
BM_main_graph$async_dispatch_13_system_elf_riscv_64_main_graph$async_dispatch_13_elementwise/process_time/real_time             0.062 ms        0.067 ms        11426 items_per_second=16.2171k/s
BM_main_graph$async_dispatch_13_system_elf_riscv_64_main_graph$async_dispatch_13_elementwise/process_time/real_time             0.062 ms        0.067 ms        11426 items_per_second=16.1481k/s
BM_main_graph$async_dispatch_13_system_elf_riscv_64_main_graph$async_dispatch_13_elementwise/process_time/real_time             0.062 ms        0.067 ms        11426 items_per_second=16.2115k/s
BM_main_graph$async_dispatch_13_system_elf_riscv_64_main_graph$async_dispatch_13_elementwise/process_time/real_time             0.062 ms        0.067 ms        11426 items_per_second=16.1666k/s
BM_main_graph$async_dispatch_13_system_elf_riscv_64_main_graph$async_dispatch_13_elementwise/process_time/real_time             0.061 ms        0.066 ms        11426 items_per_second=16.38k/s
BM_main_graph$async_dispatch_13_system_elf_riscv_64_main_graph$async_dispatch_13_elementwise/process_time/real_time             0.061 ms        0.066 ms        11426 items_per_second=16.3957k/s
BM_main_graph$async_dispatch_13_system_elf_riscv_64_main_graph$async_dispatch_13_elementwise/process_time/real_time             0.062 ms        0.067 ms        11426 items_per_second=16.1539k/s
BM_main_graph$async_dispatch_13_system_elf_riscv_64_main_graph$async_dispatch_13_elementwise/process_time/real_time_mean        0.062 ms        0.067 ms           10 items_per_second=16.2246k/s
BM_main_graph$async_dispatch_13_system_elf_riscv_64_main_graph$async_dispatch_13_elementwise/process_time/real_time_median      0.062 ms        0.067 ms           10 items_per_second=16.189k/s
BM_main_graph$async_dispatch_13_system_elf_riscv_64_main_graph$async_dispatch_13_elementwise/process_time/real_time_stddev      0.000 ms        0.000 ms           10 items_per_second=120.455/s
BM_main_graph$async_dispatch_13_system_elf_riscv_64_main_graph$async_dispatch_13_elementwise/process_time/real_time_cv           0.74 %          0.67 %            10 items_per_second=0.74%
