2026-01-09T09:39:24.698481
Running tools/iree-benchmark-module --module=/home/dima/sched_vmfb/dronet_ukernel/dispatch_6.vmfb --device=local-task --function=main_graph$async_dispatch_6_system_elf_riscv_64_main_graph$async_dispatch_6_conv_64x7x7x32x3x3_f32 --input=1xi32=1 --task_topology_cpu_ids=0,1,2,3 --benchmark_repetitions=10
2026-01-09T09:39:24+08:00
Running tools/iree-benchmark-module
Run on (8 X 1600 MHz CPU s)
CPU Caches:
  L1 Instruction 32 KiB (x8)
  L1 Data 32 KiB (x8)
  L2 Unified 512 KiB (x2)
Load Average: 4.77, 3.66, 2.97
----------------------------------------------------------------------------------------------------------------------------------------------------------------------------------------------
Benchmark                                                                                                                                    Time             CPU   Iterations UserCounters...
----------------------------------------------------------------------------------------------------------------------------------------------------------------------------------------------
BM_main_graph$async_dispatch_6_system_elf_riscv_64_main_graph$async_dispatch_6_conv_64x7x7x32x3x3_f32/process_time/real_time              1.84 ms         6.24 ms          378 items_per_second=544.233/s
BM_main_graph$async_dispatch_6_system_elf_riscv_64_main_graph$async_dispatch_6_conv_64x7x7x32x3x3_f32/process_time/real_time              1.83 ms         6.23 ms          378 items_per_second=545.266/s
BM_main_graph$async_dispatch_6_system_elf_riscv_64_main_graph$async_dispatch_6_conv_64x7x7x32x3x3_f32/process_time/real_time              1.84 ms         6.24 ms          378 items_per_second=543.835/s
BM_main_graph$async_dispatch_6_system_elf_riscv_64_main_graph$async_dispatch_6_conv_64x7x7x32x3x3_f32/process_time/real_time              1.84 ms         6.25 ms          378 items_per_second=544.236/s
BM_main_graph$async_dispatch_6_system_elf_riscv_64_main_graph$async_dispatch_6_conv_64x7x7x32x3x3_f32/process_time/real_time              1.83 ms         6.22 ms          378 items_per_second=545.388/s
BM_main_graph$async_dispatch_6_system_elf_riscv_64_main_graph$async_dispatch_6_conv_64x7x7x32x3x3_f32/process_time/real_time              1.84 ms         6.24 ms          378 items_per_second=544.695/s
BM_main_graph$async_dispatch_6_system_elf_riscv_64_main_graph$async_dispatch_6_conv_64x7x7x32x3x3_f32/process_time/real_time              1.83 ms         6.23 ms          378 items_per_second=545.182/s
BM_main_graph$async_dispatch_6_system_elf_riscv_64_main_graph$async_dispatch_6_conv_64x7x7x32x3x3_f32/process_time/real_time              1.83 ms         6.23 ms          378 items_per_second=545.003/s
BM_main_graph$async_dispatch_6_system_elf_riscv_64_main_graph$async_dispatch_6_conv_64x7x7x32x3x3_f32/process_time/real_time              1.84 ms         6.24 ms          378 items_per_second=543.902/s
BM_main_graph$async_dispatch_6_system_elf_riscv_64_main_graph$async_dispatch_6_conv_64x7x7x32x3x3_f32/process_time/real_time              1.84 ms         6.24 ms          378 items_per_second=544.221/s
BM_main_graph$async_dispatch_6_system_elf_riscv_64_main_graph$async_dispatch_6_conv_64x7x7x32x3x3_f32/process_time/real_time_mean         1.84 ms         6.24 ms           10 items_per_second=544.596/s
BM_main_graph$async_dispatch_6_system_elf_riscv_64_main_graph$async_dispatch_6_conv_64x7x7x32x3x3_f32/process_time/real_time_median       1.84 ms         6.24 ms           10 items_per_second=544.465/s
BM_main_graph$async_dispatch_6_system_elf_riscv_64_main_graph$async_dispatch_6_conv_64x7x7x32x3x3_f32/process_time/real_time_stddev      0.002 ms        0.007 ms           10 items_per_second=0.583031/s
BM_main_graph$async_dispatch_6_system_elf_riscv_64_main_graph$async_dispatch_6_conv_64x7x7x32x3x3_f32/process_time/real_time_cv           0.11 %          0.11 %            10 items_per_second=0.11%
