2026-01-09T13:30:36.901125
Running tools/iree-benchmark-module --module=/home/dima/sched_vmfb/dronet_ukernel/module_main_graph$async_dispatch_11_embedded_elf_riscv_64_benchmark.vmfb --device=local-task --function=main_graph$async_dispatch_11_embedded_elf_riscv_64_main_graph$async_dispatch_11_conv_128x4x4x128x3x3_f32 --input=1xi32=1 --task_topology_cpu_ids=0,1,2,3 --benchmark_repetitions=10
2026-01-09T13:30:36+08:00
Running tools/iree-benchmark-module
Run on (8 X 1600 MHz CPU s)
CPU Caches:
  L1 Instruction 32 KiB (x8)
  L1 Data 32 KiB (x8)
  L2 Unified 512 KiB (x2)
Load Average: 4.32, 3.38, 2.70
----------------------------------------------------------------------------------------------------------------------------------------------------------------------------------------------------
Benchmark                                                                                                                                          Time             CPU   Iterations UserCounters...
----------------------------------------------------------------------------------------------------------------------------------------------------------------------------------------------------
BM_main_graph$async_dispatch_11_embedded_elf_riscv_64_main_graph$async_dispatch_11_conv_128x4x4x128x3x3_f32/process_time/real_time              4.05 ms         15.8 ms          172 items_per_second=246.794/s
BM_main_graph$async_dispatch_11_embedded_elf_riscv_64_main_graph$async_dispatch_11_conv_128x4x4x128x3x3_f32/process_time/real_time              4.05 ms         15.8 ms          172 items_per_second=246.621/s
BM_main_graph$async_dispatch_11_embedded_elf_riscv_64_main_graph$async_dispatch_11_conv_128x4x4x128x3x3_f32/process_time/real_time              4.05 ms         15.8 ms          172 items_per_second=247.216/s
BM_main_graph$async_dispatch_11_embedded_elf_riscv_64_main_graph$async_dispatch_11_conv_128x4x4x128x3x3_f32/process_time/real_time              4.06 ms         15.8 ms          172 items_per_second=246.541/s
BM_main_graph$async_dispatch_11_embedded_elf_riscv_64_main_graph$async_dispatch_11_conv_128x4x4x128x3x3_f32/process_time/real_time              4.04 ms         15.8 ms          172 items_per_second=247.706/s
BM_main_graph$async_dispatch_11_embedded_elf_riscv_64_main_graph$async_dispatch_11_conv_128x4x4x128x3x3_f32/process_time/real_time              4.04 ms         15.8 ms          172 items_per_second=247.591/s
BM_main_graph$async_dispatch_11_embedded_elf_riscv_64_main_graph$async_dispatch_11_conv_128x4x4x128x3x3_f32/process_time/real_time              4.06 ms         15.8 ms          172 items_per_second=246.279/s
BM_main_graph$async_dispatch_11_embedded_elf_riscv_64_main_graph$async_dispatch_11_conv_128x4x4x128x3x3_f32/process_time/real_time              4.04 ms         15.8 ms          172 items_per_second=247.772/s
BM_main_graph$async_dispatch_11_embedded_elf_riscv_64_main_graph$async_dispatch_11_conv_128x4x4x128x3x3_f32/process_time/real_time              4.04 ms         15.8 ms          172 items_per_second=247.605/s
BM_main_graph$async_dispatch_11_embedded_elf_riscv_64_main_graph$async_dispatch_11_conv_128x4x4x128x3x3_f32/process_time/real_time              4.05 ms         15.8 ms          172 items_per_second=246.958/s
BM_main_graph$async_dispatch_11_embedded_elf_riscv_64_main_graph$async_dispatch_11_conv_128x4x4x128x3x3_f32/process_time/real_time_mean         4.05 ms         15.8 ms           10 items_per_second=247.108/s
BM_main_graph$async_dispatch_11_embedded_elf_riscv_64_main_graph$async_dispatch_11_conv_128x4x4x128x3x3_f32/process_time/real_time_median       4.05 ms         15.8 ms           10 items_per_second=247.087/s
BM_main_graph$async_dispatch_11_embedded_elf_riscv_64_main_graph$async_dispatch_11_conv_128x4x4x128x3x3_f32/process_time/real_time_stddev      0.009 ms        0.009 ms           10 items_per_second=0.543416/s
BM_main_graph$async_dispatch_11_embedded_elf_riscv_64_main_graph$async_dispatch_11_conv_128x4x4x128x3x3_f32/process_time/real_time_cv           0.22 %          0.06 %            10 items_per_second=0.22%
