2026-01-09T13:30:51.685827
Running tools/iree-benchmark-module --module=/home/dima/sched_vmfb/dronet_ukernel/module_main_graph$async_dispatch_13_embedded_elf_riscv_64_benchmark.vmfb --device=local-task --function=main_graph$async_dispatch_13_embedded_elf_riscv_64_main_graph$async_dispatch_13_slow_memcpy --input=1xi32=1 --task_topology_cpu_ids=0,1,2,3 --benchmark_repetitions=10
2026-01-09T13:30:51+08:00
Running tools/iree-benchmark-module
Run on (8 X 1600 MHz CPU s)
CPU Caches:
  L1 Instruction 32 KiB (x8)
  L1 Data 32 KiB (x8)
  L2 Unified 512 KiB (x2)
Load Average: 4.45, 3.46, 2.73
---------------------------------------------------------------------------------------------------------------------------------------------------------------------------------------
Benchmark                                                                                                                             Time             CPU   Iterations UserCounters...
---------------------------------------------------------------------------------------------------------------------------------------------------------------------------------------
BM_main_graph$async_dispatch_13_embedded_elf_riscv_64_main_graph$async_dispatch_13_slow_memcpy/process_time/real_time             0.062 ms        0.067 ms        11203 items_per_second=16.188k/s
BM_main_graph$async_dispatch_13_embedded_elf_riscv_64_main_graph$async_dispatch_13_slow_memcpy/process_time/real_time             0.062 ms        0.068 ms        11203 items_per_second=16.1022k/s
BM_main_graph$async_dispatch_13_embedded_elf_riscv_64_main_graph$async_dispatch_13_slow_memcpy/process_time/real_time             0.063 ms        0.068 ms        11203 items_per_second=15.9829k/s
BM_main_graph$async_dispatch_13_embedded_elf_riscv_64_main_graph$async_dispatch_13_slow_memcpy/process_time/real_time             0.062 ms        0.068 ms        11203 items_per_second=16.094k/s
BM_main_graph$async_dispatch_13_embedded_elf_riscv_64_main_graph$async_dispatch_13_slow_memcpy/process_time/real_time             0.062 ms        0.067 ms        11203 items_per_second=16.1141k/s
BM_main_graph$async_dispatch_13_embedded_elf_riscv_64_main_graph$async_dispatch_13_slow_memcpy/process_time/real_time             0.062 ms        0.067 ms        11203 items_per_second=16.1263k/s
BM_main_graph$async_dispatch_13_embedded_elf_riscv_64_main_graph$async_dispatch_13_slow_memcpy/process_time/real_time             0.062 ms        0.068 ms        11203 items_per_second=16.0709k/s
BM_main_graph$async_dispatch_13_embedded_elf_riscv_64_main_graph$async_dispatch_13_slow_memcpy/process_time/real_time             0.062 ms        0.068 ms        11203 items_per_second=16.0341k/s
BM_main_graph$async_dispatch_13_embedded_elf_riscv_64_main_graph$async_dispatch_13_slow_memcpy/process_time/real_time             0.062 ms        0.067 ms        11203 items_per_second=16.105k/s
BM_main_graph$async_dispatch_13_embedded_elf_riscv_64_main_graph$async_dispatch_13_slow_memcpy/process_time/real_time             0.062 ms        0.067 ms        11203 items_per_second=16.1473k/s
BM_main_graph$async_dispatch_13_embedded_elf_riscv_64_main_graph$async_dispatch_13_slow_memcpy/process_time/real_time_mean        0.062 ms        0.068 ms           10 items_per_second=16.0965k/s
BM_main_graph$async_dispatch_13_embedded_elf_riscv_64_main_graph$async_dispatch_13_slow_memcpy/process_time/real_time_median      0.062 ms        0.067 ms           10 items_per_second=16.1036k/s
BM_main_graph$async_dispatch_13_embedded_elf_riscv_64_main_graph$async_dispatch_13_slow_memcpy/process_time/real_time_stddev      0.000 ms        0.000 ms           10 items_per_second=57.4501/s
BM_main_graph$async_dispatch_13_embedded_elf_riscv_64_main_graph$async_dispatch_13_slow_memcpy/process_time/real_time_cv           0.36 %          0.42 %            10 items_per_second=0.36%
