2026-01-09T13:31:35.591764
Running tools/iree-benchmark-module --module=/home/dima/sched_vmfb/dronet_ukernel/module_main_graph$async_dispatch_5_embedded_elf_riscv_64_benchmark.vmfb --device=local-task --function=main_graph$async_dispatch_5_embedded_elf_riscv_64_main_graph$async_dispatch_5_conv_32x14x14x32x3x3_f32 --input=1xi32=1 --task_topology_cpu_ids=0,1,2,3 --benchmark_repetitions=10
2026-01-09T13:31:35+08:00
Running tools/iree-benchmark-module
Run on (8 X 1600 MHz CPU s)
CPU Caches:
  L1 Instruction 32 KiB (x8)
  L1 Data 32 KiB (x8)
  L2 Unified 512 KiB (x2)
Load Average: 4.91, 3.70, 2.85
--------------------------------------------------------------------------------------------------------------------------------------------------------------------------------------------------
Benchmark                                                                                                                                        Time             CPU   Iterations UserCounters...
--------------------------------------------------------------------------------------------------------------------------------------------------------------------------------------------------
BM_main_graph$async_dispatch_5_embedded_elf_riscv_64_main_graph$async_dispatch_5_conv_32x14x14x32x3x3_f32/process_time/real_time              3.16 ms         12.2 ms          222 items_per_second=316.692/s
BM_main_graph$async_dispatch_5_embedded_elf_riscv_64_main_graph$async_dispatch_5_conv_32x14x14x32x3x3_f32/process_time/real_time              3.15 ms         12.2 ms          222 items_per_second=317.507/s
BM_main_graph$async_dispatch_5_embedded_elf_riscv_64_main_graph$async_dispatch_5_conv_32x14x14x32x3x3_f32/process_time/real_time              3.16 ms         12.2 ms          222 items_per_second=316.063/s
BM_main_graph$async_dispatch_5_embedded_elf_riscv_64_main_graph$async_dispatch_5_conv_32x14x14x32x3x3_f32/process_time/real_time              3.16 ms         12.2 ms          222 items_per_second=316.109/s
BM_main_graph$async_dispatch_5_embedded_elf_riscv_64_main_graph$async_dispatch_5_conv_32x14x14x32x3x3_f32/process_time/real_time              3.15 ms         12.2 ms          222 items_per_second=317.18/s
BM_main_graph$async_dispatch_5_embedded_elf_riscv_64_main_graph$async_dispatch_5_conv_32x14x14x32x3x3_f32/process_time/real_time              3.15 ms         12.2 ms          222 items_per_second=317.324/s
BM_main_graph$async_dispatch_5_embedded_elf_riscv_64_main_graph$async_dispatch_5_conv_32x14x14x32x3x3_f32/process_time/real_time              3.17 ms         12.2 ms          222 items_per_second=315.863/s
BM_main_graph$async_dispatch_5_embedded_elf_riscv_64_main_graph$async_dispatch_5_conv_32x14x14x32x3x3_f32/process_time/real_time              3.15 ms         12.2 ms          222 items_per_second=317.45/s
BM_main_graph$async_dispatch_5_embedded_elf_riscv_64_main_graph$async_dispatch_5_conv_32x14x14x32x3x3_f32/process_time/real_time              3.16 ms         12.2 ms          222 items_per_second=316.074/s
BM_main_graph$async_dispatch_5_embedded_elf_riscv_64_main_graph$async_dispatch_5_conv_32x14x14x32x3x3_f32/process_time/real_time              3.15 ms         12.2 ms          222 items_per_second=317.681/s
BM_main_graph$async_dispatch_5_embedded_elf_riscv_64_main_graph$async_dispatch_5_conv_32x14x14x32x3x3_f32/process_time/real_time_mean         3.16 ms         12.2 ms           10 items_per_second=316.794/s
BM_main_graph$async_dispatch_5_embedded_elf_riscv_64_main_graph$async_dispatch_5_conv_32x14x14x32x3x3_f32/process_time/real_time_median       3.16 ms         12.2 ms           10 items_per_second=316.936/s
BM_main_graph$async_dispatch_5_embedded_elf_riscv_64_main_graph$async_dispatch_5_conv_32x14x14x32x3x3_f32/process_time/real_time_stddev      0.007 ms        0.009 ms           10 items_per_second=0.711385/s
BM_main_graph$async_dispatch_5_embedded_elf_riscv_64_main_graph$async_dispatch_5_conv_32x14x14x32x3x3_f32/process_time/real_time_cv           0.22 %          0.07 %            10 items_per_second=0.22%
