2026-01-09T12:06:34.587120
Running tools/iree-benchmark-module --module=/home/dima/sched_vmfb/dronet_rvv/module_main_graph$async_dispatch_8_system_elf_riscv_64_benchmark.vmfb --device=local-task --function=main_graph$async_dispatch_8_system_elf_riscv_64_main_graph$async_dispatch_8_conv_64x7x7x64x3x3_f32 --input=1xi32=1 --task_topology_cpu_ids=0,1,2,3 --benchmark_repetitions=10
2026-01-09T12:06:34+08:00
Running tools/iree-benchmark-module
Run on (8 X 1600 MHz CPU s)
CPU Caches:
  L1 Instruction 32 KiB (x8)
  L1 Data 32 KiB (x8)
  L2 Unified 512 KiB (x2)
Load Average: 5.17, 3.77, 2.79
----------------------------------------------------------------------------------------------------------------------------------------------------------------------------------------------
Benchmark                                                                                                                                    Time             CPU   Iterations UserCounters...
----------------------------------------------------------------------------------------------------------------------------------------------------------------------------------------------
BM_main_graph$async_dispatch_8_system_elf_riscv_64_main_graph$async_dispatch_8_conv_64x7x7x64x3x3_f32/process_time/real_time              3.19 ms         10.9 ms          216 items_per_second=313.182/s
BM_main_graph$async_dispatch_8_system_elf_riscv_64_main_graph$async_dispatch_8_conv_64x7x7x64x3x3_f32/process_time/real_time              3.18 ms         10.9 ms          216 items_per_second=314.414/s
BM_main_graph$async_dispatch_8_system_elf_riscv_64_main_graph$async_dispatch_8_conv_64x7x7x64x3x3_f32/process_time/real_time              3.21 ms         11.0 ms          216 items_per_second=311.541/s
BM_main_graph$async_dispatch_8_system_elf_riscv_64_main_graph$async_dispatch_8_conv_64x7x7x64x3x3_f32/process_time/real_time              3.20 ms         11.0 ms          216 items_per_second=312.231/s
BM_main_graph$async_dispatch_8_system_elf_riscv_64_main_graph$async_dispatch_8_conv_64x7x7x64x3x3_f32/process_time/real_time              3.19 ms         10.9 ms          216 items_per_second=313.191/s
BM_main_graph$async_dispatch_8_system_elf_riscv_64_main_graph$async_dispatch_8_conv_64x7x7x64x3x3_f32/process_time/real_time              3.17 ms         10.9 ms          216 items_per_second=315.041/s
BM_main_graph$async_dispatch_8_system_elf_riscv_64_main_graph$async_dispatch_8_conv_64x7x7x64x3x3_f32/process_time/real_time              3.21 ms         10.9 ms          216 items_per_second=311.801/s
BM_main_graph$async_dispatch_8_system_elf_riscv_64_main_graph$async_dispatch_8_conv_64x7x7x64x3x3_f32/process_time/real_time              3.22 ms         11.0 ms          216 items_per_second=310.748/s
BM_main_graph$async_dispatch_8_system_elf_riscv_64_main_graph$async_dispatch_8_conv_64x7x7x64x3x3_f32/process_time/real_time              3.20 ms         10.9 ms          216 items_per_second=312.647/s
BM_main_graph$async_dispatch_8_system_elf_riscv_64_main_graph$async_dispatch_8_conv_64x7x7x64x3x3_f32/process_time/real_time              3.20 ms         10.9 ms          216 items_per_second=312.309/s
BM_main_graph$async_dispatch_8_system_elf_riscv_64_main_graph$async_dispatch_8_conv_64x7x7x64x3x3_f32/process_time/real_time_mean         3.20 ms         10.9 ms           10 items_per_second=312.71/s
BM_main_graph$async_dispatch_8_system_elf_riscv_64_main_graph$async_dispatch_8_conv_64x7x7x64x3x3_f32/process_time/real_time_median       3.20 ms         10.9 ms           10 items_per_second=312.478/s
BM_main_graph$async_dispatch_8_system_elf_riscv_64_main_graph$async_dispatch_8_conv_64x7x7x64x3x3_f32/process_time/real_time_stddev      0.013 ms        0.020 ms           10 items_per_second=1.30089/s
BM_main_graph$async_dispatch_8_system_elf_riscv_64_main_graph$async_dispatch_8_conv_64x7x7x64x3x3_f32/process_time/real_time_cv           0.42 %          0.19 %            10 items_per_second=0.42%
