2026-01-09T12:26:36.366800
Running tools/iree-benchmark-module --module=/home/dima/sched_vmfb/fastdepth_rvv/module_main_graph$async_dispatch_45_system_elf_riscv_64_benchmark.vmfb --device=local-task --function=main_graph$async_dispatch_45_system_elf_riscv_64_main_graph$async_dispatch_45_matvec_like_50176x32_f32 --input=1xi32=1 --task_topology_cpu_ids=0,1 --benchmark_repetitions=10
2026-01-09T12:26:36+08:00
Running tools/iree-benchmark-module
Run on (8 X 1600 MHz CPU s)
CPU Caches:
  L1 Instruction 32 KiB (x8)
  L1 Data 32 KiB (x8)
  L2 Unified 512 KiB (x2)
Load Average: 3.87, 3.39, 2.90
--------------------------------------------------------------------------------------------------------------------------------------------------------------------------------------------------
Benchmark                                                                                                                                        Time             CPU   Iterations UserCounters...
--------------------------------------------------------------------------------------------------------------------------------------------------------------------------------------------------
BM_main_graph$async_dispatch_45_system_elf_riscv_64_main_graph$async_dispatch_45_matvec_like_50176x32_f32/process_time/real_time              12.4 ms         24.5 ms           56 items_per_second=80.8795/s
BM_main_graph$async_dispatch_45_system_elf_riscv_64_main_graph$async_dispatch_45_matvec_like_50176x32_f32/process_time/real_time              12.4 ms         24.4 ms           56 items_per_second=80.9286/s
BM_main_graph$async_dispatch_45_system_elf_riscv_64_main_graph$async_dispatch_45_matvec_like_50176x32_f32/process_time/real_time              12.3 ms         24.4 ms           56 items_per_second=81.181/s
BM_main_graph$async_dispatch_45_system_elf_riscv_64_main_graph$async_dispatch_45_matvec_like_50176x32_f32/process_time/real_time              12.3 ms         24.5 ms           56 items_per_second=81.0029/s
BM_main_graph$async_dispatch_45_system_elf_riscv_64_main_graph$async_dispatch_45_matvec_like_50176x32_f32/process_time/real_time              12.3 ms         24.5 ms           56 items_per_second=81.1151/s
BM_main_graph$async_dispatch_45_system_elf_riscv_64_main_graph$async_dispatch_45_matvec_like_50176x32_f32/process_time/real_time              12.3 ms         24.4 ms           56 items_per_second=81.2983/s
BM_main_graph$async_dispatch_45_system_elf_riscv_64_main_graph$async_dispatch_45_matvec_like_50176x32_f32/process_time/real_time              12.4 ms         24.5 ms           56 items_per_second=80.9427/s
BM_main_graph$async_dispatch_45_system_elf_riscv_64_main_graph$async_dispatch_45_matvec_like_50176x32_f32/process_time/real_time              12.3 ms         24.4 ms           56 items_per_second=81.1391/s
BM_main_graph$async_dispatch_45_system_elf_riscv_64_main_graph$async_dispatch_45_matvec_like_50176x32_f32/process_time/real_time              12.3 ms         24.4 ms           56 items_per_second=81.2168/s
BM_main_graph$async_dispatch_45_system_elf_riscv_64_main_graph$async_dispatch_45_matvec_like_50176x32_f32/process_time/real_time              12.3 ms         24.5 ms           56 items_per_second=81.0716/s
BM_main_graph$async_dispatch_45_system_elf_riscv_64_main_graph$async_dispatch_45_matvec_like_50176x32_f32/process_time/real_time_mean         12.3 ms         24.5 ms           10 items_per_second=81.0776/s
BM_main_graph$async_dispatch_45_system_elf_riscv_64_main_graph$async_dispatch_45_matvec_like_50176x32_f32/process_time/real_time_median       12.3 ms         24.5 ms           10 items_per_second=81.0934/s
BM_main_graph$async_dispatch_45_system_elf_riscv_64_main_graph$async_dispatch_45_matvec_like_50176x32_f32/process_time/real_time_stddev      0.021 ms        0.033 ms           10 items_per_second=0.137119/s
BM_main_graph$async_dispatch_45_system_elf_riscv_64_main_graph$async_dispatch_45_matvec_like_50176x32_f32/process_time/real_time_cv           0.17 %          0.14 %            10 items_per_second=0.17%
