2026-01-09T12:25:34.144364
Running tools/iree-benchmark-module --module=/home/dima/sched_vmfb/fastdepth_rvv/module_main_graph$async_dispatch_38_system_elf_riscv_64_benchmark.vmfb --device=local-task --function=main_graph$async_dispatch_38_system_elf_riscv_64_main_graph$async_dispatch_38_matmul_like_128x784x256_f32 --input=1xi32=1 --task_topology_cpu_ids=0,1 --benchmark_repetitions=10
2026-01-09T12:25:34+08:00
Running tools/iree-benchmark-module
Run on (8 X 1600 MHz CPU s)
CPU Caches:
  L1 Instruction 32 KiB (x8)
  L1 Data 32 KiB (x8)
  L2 Unified 512 KiB (x2)
Load Average: 3.83, 3.26, 2.82
-----------------------------------------------------------------------------------------------------------------------------------------------------------------------------------------------------
Benchmark                                                                                                                                           Time             CPU   Iterations UserCounters...
-----------------------------------------------------------------------------------------------------------------------------------------------------------------------------------------------------
BM_main_graph$async_dispatch_38_system_elf_riscv_64_main_graph$async_dispatch_38_matmul_like_128x784x256_f32/process_time/real_time               274 ms          546 ms            3 items_per_second=3.64986/s
BM_main_graph$async_dispatch_38_system_elf_riscv_64_main_graph$async_dispatch_38_matmul_like_128x784x256_f32/process_time/real_time               273 ms          545 ms            3 items_per_second=3.66182/s
BM_main_graph$async_dispatch_38_system_elf_riscv_64_main_graph$async_dispatch_38_matmul_like_128x784x256_f32/process_time/real_time               274 ms          546 ms            3 items_per_second=3.64887/s
BM_main_graph$async_dispatch_38_system_elf_riscv_64_main_graph$async_dispatch_38_matmul_like_128x784x256_f32/process_time/real_time               273 ms          545 ms            3 items_per_second=3.65976/s
BM_main_graph$async_dispatch_38_system_elf_riscv_64_main_graph$async_dispatch_38_matmul_like_128x784x256_f32/process_time/real_time               275 ms          545 ms            3 items_per_second=3.6415/s
BM_main_graph$async_dispatch_38_system_elf_riscv_64_main_graph$async_dispatch_38_matmul_like_128x784x256_f32/process_time/real_time               274 ms          546 ms            3 items_per_second=3.65315/s
BM_main_graph$async_dispatch_38_system_elf_riscv_64_main_graph$async_dispatch_38_matmul_like_128x784x256_f32/process_time/real_time               273 ms          545 ms            3 items_per_second=3.65857/s
BM_main_graph$async_dispatch_38_system_elf_riscv_64_main_graph$async_dispatch_38_matmul_like_128x784x256_f32/process_time/real_time               274 ms          546 ms            3 items_per_second=3.65032/s
BM_main_graph$async_dispatch_38_system_elf_riscv_64_main_graph$async_dispatch_38_matmul_like_128x784x256_f32/process_time/real_time               273 ms          545 ms            3 items_per_second=3.66079/s
BM_main_graph$async_dispatch_38_system_elf_riscv_64_main_graph$async_dispatch_38_matmul_like_128x784x256_f32/process_time/real_time               274 ms          546 ms            3 items_per_second=3.65322/s
BM_main_graph$async_dispatch_38_system_elf_riscv_64_main_graph$async_dispatch_38_matmul_like_128x784x256_f32/process_time/real_time_mean          274 ms          545 ms           10 items_per_second=3.65379/s
BM_main_graph$async_dispatch_38_system_elf_riscv_64_main_graph$async_dispatch_38_matmul_like_128x784x256_f32/process_time/real_time_median        274 ms          545 ms           10 items_per_second=3.65319/s
BM_main_graph$async_dispatch_38_system_elf_riscv_64_main_graph$async_dispatch_38_matmul_like_128x784x256_f32/process_time/real_time_stddev      0.484 ms        0.411 ms           10 items_per_second=6.45829m/s
BM_main_graph$async_dispatch_38_system_elf_riscv_64_main_graph$async_dispatch_38_matmul_like_128x784x256_f32/process_time/real_time_cv           0.18 %          0.08 %            10 items_per_second=0.18%
