2026-01-09T09:51:05.073945
Running tools/iree-benchmark-module --module=/home/dima/sched_vmfb/dronet_scalar/module_main_graph$async_dispatch_2_embedded_elf_riscv_64_benchmark.vmfb --device=local-task --function=main_graph$async_dispatch_2_embedded_elf_riscv_64_main_graph$async_dispatch_2_conv_32x55x55x3x3_f32 --input=1xi32=1 --task_topology_cpu_ids=0 --benchmark_repetitions=10
2026-01-09T09:51:05+08:00
Running tools/iree-benchmark-module
Run on (8 X 1600 MHz CPU s)
CPU Caches:
  L1 Instruction 32 KiB (x8)
  L1 Data 32 KiB (x8)
  L2 Unified 512 KiB (x2)
Load Average: 2.70, 2.88, 2.91
-----------------------------------------------------------------------------------------------------------------------------------------------------------------------------------------------
Benchmark                                                                                                                                     Time             CPU   Iterations UserCounters...
-----------------------------------------------------------------------------------------------------------------------------------------------------------------------------------------------
BM_main_graph$async_dispatch_2_embedded_elf_riscv_64_main_graph$async_dispatch_2_conv_32x55x55x3x3_f32/process_time/real_time              11.9 ms         11.9 ms           59 items_per_second=84.0767/s
BM_main_graph$async_dispatch_2_embedded_elf_riscv_64_main_graph$async_dispatch_2_conv_32x55x55x3x3_f32/process_time/real_time              11.9 ms         11.9 ms           59 items_per_second=83.8731/s
BM_main_graph$async_dispatch_2_embedded_elf_riscv_64_main_graph$async_dispatch_2_conv_32x55x55x3x3_f32/process_time/real_time              12.0 ms         12.0 ms           59 items_per_second=83.6339/s
BM_main_graph$async_dispatch_2_embedded_elf_riscv_64_main_graph$async_dispatch_2_conv_32x55x55x3x3_f32/process_time/real_time              11.9 ms         11.9 ms           59 items_per_second=83.7831/s
BM_main_graph$async_dispatch_2_embedded_elf_riscv_64_main_graph$async_dispatch_2_conv_32x55x55x3x3_f32/process_time/real_time              11.9 ms         11.9 ms           59 items_per_second=83.9202/s
BM_main_graph$async_dispatch_2_embedded_elf_riscv_64_main_graph$async_dispatch_2_conv_32x55x55x3x3_f32/process_time/real_time              12.0 ms         12.0 ms           59 items_per_second=83.5981/s
BM_main_graph$async_dispatch_2_embedded_elf_riscv_64_main_graph$async_dispatch_2_conv_32x55x55x3x3_f32/process_time/real_time              11.9 ms         11.9 ms           59 items_per_second=84.0488/s
BM_main_graph$async_dispatch_2_embedded_elf_riscv_64_main_graph$async_dispatch_2_conv_32x55x55x3x3_f32/process_time/real_time              11.9 ms         11.9 ms           59 items_per_second=83.9633/s
BM_main_graph$async_dispatch_2_embedded_elf_riscv_64_main_graph$async_dispatch_2_conv_32x55x55x3x3_f32/process_time/real_time              12.0 ms         12.0 ms           59 items_per_second=83.5621/s
BM_main_graph$async_dispatch_2_embedded_elf_riscv_64_main_graph$async_dispatch_2_conv_32x55x55x3x3_f32/process_time/real_time              11.9 ms         11.9 ms           59 items_per_second=83.9276/s
BM_main_graph$async_dispatch_2_embedded_elf_riscv_64_main_graph$async_dispatch_2_conv_32x55x55x3x3_f32/process_time/real_time_mean         11.9 ms         11.9 ms           10 items_per_second=83.8387/s
BM_main_graph$async_dispatch_2_embedded_elf_riscv_64_main_graph$async_dispatch_2_conv_32x55x55x3x3_f32/process_time/real_time_median       11.9 ms         11.9 ms           10 items_per_second=83.8967/s
BM_main_graph$async_dispatch_2_embedded_elf_riscv_64_main_graph$async_dispatch_2_conv_32x55x55x3x3_f32/process_time/real_time_stddev      0.026 ms        0.033 ms           10 items_per_second=0.186035/s
BM_main_graph$async_dispatch_2_embedded_elf_riscv_64_main_graph$async_dispatch_2_conv_32x55x55x3x3_f32/process_time/real_time_cv           0.22 %          0.27 %            10 items_per_second=0.22%
