2026-01-09T09:50:12.961644
Running tools/iree-benchmark-module --module=/home/dima/sched_vmfb/dronet_scalar/module_main_graph$async_dispatch_0_embedded_elf_riscv_64_benchmark.vmfb --device=local-task --function=main_graph$async_dispatch_0_embedded_elf_riscv_64_main_graph$async_dispatch_0_slow_memcpy --input=1xi32=1 --task_topology_cpu_ids=0 --benchmark_repetitions=10
2026-01-09T09:50:12+08:00
Running tools/iree-benchmark-module
Run on (8 X 1600 MHz CPU s)
CPU Caches:
  L1 Instruction 32 KiB (x8)
  L1 Data 32 KiB (x8)
  L2 Unified 512 KiB (x2)
Load Average: 2.24, 2.85, 2.90
-------------------------------------------------------------------------------------------------------------------------------------------------------------------------------------
Benchmark                                                                                                                           Time             CPU   Iterations UserCounters...
-------------------------------------------------------------------------------------------------------------------------------------------------------------------------------------
BM_main_graph$async_dispatch_0_embedded_elf_riscv_64_main_graph$async_dispatch_0_slow_memcpy/process_time/real_time             0.216 ms        0.217 ms         3198 items_per_second=4.62048k/s
BM_main_graph$async_dispatch_0_embedded_elf_riscv_64_main_graph$async_dispatch_0_slow_memcpy/process_time/real_time             0.217 ms        0.218 ms         3198 items_per_second=4.60292k/s
BM_main_graph$async_dispatch_0_embedded_elf_riscv_64_main_graph$async_dispatch_0_slow_memcpy/process_time/real_time             0.215 ms        0.215 ms         3198 items_per_second=4.65327k/s
BM_main_graph$async_dispatch_0_embedded_elf_riscv_64_main_graph$async_dispatch_0_slow_memcpy/process_time/real_time             0.215 ms        0.215 ms         3198 items_per_second=4.65574k/s
BM_main_graph$async_dispatch_0_embedded_elf_riscv_64_main_graph$async_dispatch_0_slow_memcpy/process_time/real_time             0.217 ms        0.218 ms         3198 items_per_second=4.59836k/s
BM_main_graph$async_dispatch_0_embedded_elf_riscv_64_main_graph$async_dispatch_0_slow_memcpy/process_time/real_time             0.214 ms        0.214 ms         3198 items_per_second=4.67644k/s
BM_main_graph$async_dispatch_0_embedded_elf_riscv_64_main_graph$async_dispatch_0_slow_memcpy/process_time/real_time             0.217 ms        0.217 ms         3198 items_per_second=4.6127k/s
BM_main_graph$async_dispatch_0_embedded_elf_riscv_64_main_graph$async_dispatch_0_slow_memcpy/process_time/real_time             0.216 ms        0.217 ms         3198 items_per_second=4.62144k/s
BM_main_graph$async_dispatch_0_embedded_elf_riscv_64_main_graph$async_dispatch_0_slow_memcpy/process_time/real_time             0.210 ms        0.216 ms         3198 items_per_second=4.75314k/s
BM_main_graph$async_dispatch_0_embedded_elf_riscv_64_main_graph$async_dispatch_0_slow_memcpy/process_time/real_time             0.211 ms        0.216 ms         3198 items_per_second=4.74251k/s
BM_main_graph$async_dispatch_0_embedded_elf_riscv_64_main_graph$async_dispatch_0_slow_memcpy/process_time/real_time_mean        0.215 ms        0.216 ms           10 items_per_second=4.6537k/s
BM_main_graph$async_dispatch_0_embedded_elf_riscv_64_main_graph$async_dispatch_0_slow_memcpy/process_time/real_time_median      0.216 ms        0.217 ms           10 items_per_second=4.63735k/s
BM_main_graph$async_dispatch_0_embedded_elf_riscv_64_main_graph$async_dispatch_0_slow_memcpy/process_time/real_time_stddev      0.003 ms        0.001 ms           10 items_per_second=55.5408/s
BM_main_graph$async_dispatch_0_embedded_elf_riscv_64_main_graph$async_dispatch_0_slow_memcpy/process_time/real_time_cv           1.18 %          0.54 %            10 items_per_second=1.19%
