2026-01-09T09:50:27.625087
Running tools/iree-benchmark-module --module=/home/dima/sched_vmfb/dronet_scalar/module_main_graph$async_dispatch_11_embedded_elf_riscv_64_benchmark.vmfb --device=local-task --function=main_graph$async_dispatch_11_embedded_elf_riscv_64_main_graph$async_dispatch_11_conv_128x7x7x128x3x3_f32 --input=1xi32=1 --task_topology_cpu_ids=0 --benchmark_repetitions=10
2026-01-09T09:50:27+08:00
Running tools/iree-benchmark-module
Run on (8 X 1600 MHz CPU s)
CPU Caches:
  L1 Instruction 32 KiB (x8)
  L1 Data 32 KiB (x8)
  L2 Unified 512 KiB (x2)
Load Average: 2.41, 2.86, 2.90
----------------------------------------------------------------------------------------------------------------------------------------------------------------------------------------------------
Benchmark                                                                                                                                          Time             CPU   Iterations UserCounters...
----------------------------------------------------------------------------------------------------------------------------------------------------------------------------------------------------
BM_main_graph$async_dispatch_11_embedded_elf_riscv_64_main_graph$async_dispatch_11_conv_128x7x7x128x3x3_f32/process_time/real_time              37.1 ms         37.1 ms           19 items_per_second=26.942/s
BM_main_graph$async_dispatch_11_embedded_elf_riscv_64_main_graph$async_dispatch_11_conv_128x7x7x128x3x3_f32/process_time/real_time              36.9 ms         36.9 ms           19 items_per_second=27.0755/s
BM_main_graph$async_dispatch_11_embedded_elf_riscv_64_main_graph$async_dispatch_11_conv_128x7x7x128x3x3_f32/process_time/real_time              36.9 ms         36.9 ms           19 items_per_second=27.074/s
BM_main_graph$async_dispatch_11_embedded_elf_riscv_64_main_graph$async_dispatch_11_conv_128x7x7x128x3x3_f32/process_time/real_time              37.1 ms         37.1 ms           19 items_per_second=26.939/s
BM_main_graph$async_dispatch_11_embedded_elf_riscv_64_main_graph$async_dispatch_11_conv_128x7x7x128x3x3_f32/process_time/real_time              36.9 ms         37.0 ms           19 items_per_second=27.0643/s
BM_main_graph$async_dispatch_11_embedded_elf_riscv_64_main_graph$async_dispatch_11_conv_128x7x7x128x3x3_f32/process_time/real_time              37.0 ms         37.0 ms           19 items_per_second=27.0117/s
BM_main_graph$async_dispatch_11_embedded_elf_riscv_64_main_graph$async_dispatch_11_conv_128x7x7x128x3x3_f32/process_time/real_time              37.5 ms         37.5 ms           19 items_per_second=26.692/s
BM_main_graph$async_dispatch_11_embedded_elf_riscv_64_main_graph$async_dispatch_11_conv_128x7x7x128x3x3_f32/process_time/real_time              37.2 ms         37.2 ms           19 items_per_second=26.86/s
BM_main_graph$async_dispatch_11_embedded_elf_riscv_64_main_graph$async_dispatch_11_conv_128x7x7x128x3x3_f32/process_time/real_time              37.0 ms         37.0 ms           19 items_per_second=27.058/s
BM_main_graph$async_dispatch_11_embedded_elf_riscv_64_main_graph$async_dispatch_11_conv_128x7x7x128x3x3_f32/process_time/real_time              37.1 ms         37.1 ms           19 items_per_second=26.968/s
BM_main_graph$async_dispatch_11_embedded_elf_riscv_64_main_graph$async_dispatch_11_conv_128x7x7x128x3x3_f32/process_time/real_time_mean         37.1 ms         37.1 ms           10 items_per_second=26.9684/s
BM_main_graph$async_dispatch_11_embedded_elf_riscv_64_main_graph$async_dispatch_11_conv_128x7x7x128x3x3_f32/process_time/real_time_median       37.1 ms         37.1 ms           10 items_per_second=26.9899/s
BM_main_graph$async_dispatch_11_embedded_elf_riscv_64_main_graph$async_dispatch_11_conv_128x7x7x128x3x3_f32/process_time/real_time_stddev      0.167 ms        0.167 ms           10 items_per_second=0.120827/s
BM_main_graph$async_dispatch_11_embedded_elf_riscv_64_main_graph$async_dispatch_11_conv_128x7x7x128x3x3_f32/process_time/real_time_cv           0.45 %          0.45 %            10 items_per_second=0.45%
