2026-01-09T09:51:49.373931
Running tools/iree-benchmark-module --module=/home/dima/sched_vmfb/dronet_scalar/module_main_graph$async_dispatch_8_embedded_elf_riscv_64_benchmark.vmfb --device=local-task --function=main_graph$async_dispatch_8_embedded_elf_riscv_64_main_graph$async_dispatch_8_conv_64x14x14x64x3x3_f32 --input=1xi32=1 --task_topology_cpu_ids=0 --benchmark_repetitions=10
2026-01-09T09:51:49+08:00
Running tools/iree-benchmark-module
Run on (8 X 1600 MHz CPU s)
CPU Caches:
  L1 Instruction 32 KiB (x8)
  L1 Data 32 KiB (x8)
  L2 Unified 512 KiB (x2)
Load Average: 2.86, 2.90, 2.91
--------------------------------------------------------------------------------------------------------------------------------------------------------------------------------------------------
Benchmark                                                                                                                                        Time             CPU   Iterations UserCounters...
--------------------------------------------------------------------------------------------------------------------------------------------------------------------------------------------------
BM_main_graph$async_dispatch_8_embedded_elf_riscv_64_main_graph$async_dispatch_8_conv_64x14x14x64x3x3_f32/process_time/real_time              41.2 ms         41.2 ms           17 items_per_second=24.2999/s
BM_main_graph$async_dispatch_8_embedded_elf_riscv_64_main_graph$async_dispatch_8_conv_64x14x14x64x3x3_f32/process_time/real_time              41.2 ms         41.2 ms           17 items_per_second=24.2623/s
BM_main_graph$async_dispatch_8_embedded_elf_riscv_64_main_graph$async_dispatch_8_conv_64x14x14x64x3x3_f32/process_time/real_time              41.3 ms         41.3 ms           17 items_per_second=24.2222/s
BM_main_graph$async_dispatch_8_embedded_elf_riscv_64_main_graph$async_dispatch_8_conv_64x14x14x64x3x3_f32/process_time/real_time              41.1 ms         41.1 ms           17 items_per_second=24.3206/s
BM_main_graph$async_dispatch_8_embedded_elf_riscv_64_main_graph$async_dispatch_8_conv_64x14x14x64x3x3_f32/process_time/real_time              41.3 ms         41.3 ms           17 items_per_second=24.1883/s
BM_main_graph$async_dispatch_8_embedded_elf_riscv_64_main_graph$async_dispatch_8_conv_64x14x14x64x3x3_f32/process_time/real_time              41.1 ms         41.1 ms           17 items_per_second=24.3071/s
BM_main_graph$async_dispatch_8_embedded_elf_riscv_64_main_graph$async_dispatch_8_conv_64x14x14x64x3x3_f32/process_time/real_time              41.2 ms         41.2 ms           17 items_per_second=24.2869/s
BM_main_graph$async_dispatch_8_embedded_elf_riscv_64_main_graph$async_dispatch_8_conv_64x14x14x64x3x3_f32/process_time/real_time              41.5 ms         41.4 ms           17 items_per_second=24.0924/s
BM_main_graph$async_dispatch_8_embedded_elf_riscv_64_main_graph$async_dispatch_8_conv_64x14x14x64x3x3_f32/process_time/real_time              41.2 ms         41.2 ms           17 items_per_second=24.2754/s
BM_main_graph$async_dispatch_8_embedded_elf_riscv_64_main_graph$async_dispatch_8_conv_64x14x14x64x3x3_f32/process_time/real_time              41.1 ms         41.1 ms           17 items_per_second=24.3155/s
BM_main_graph$async_dispatch_8_embedded_elf_riscv_64_main_graph$async_dispatch_8_conv_64x14x14x64x3x3_f32/process_time/real_time_mean         41.2 ms         41.2 ms           10 items_per_second=24.2571/s
BM_main_graph$async_dispatch_8_embedded_elf_riscv_64_main_graph$async_dispatch_8_conv_64x14x14x64x3x3_f32/process_time/real_time_median       41.2 ms         41.2 ms           10 items_per_second=24.2811/s
BM_main_graph$async_dispatch_8_embedded_elf_riscv_64_main_graph$async_dispatch_8_conv_64x14x14x64x3x3_f32/process_time/real_time_stddev      0.122 ms        0.085 ms           10 items_per_second=0.0715624/s
BM_main_graph$async_dispatch_8_embedded_elf_riscv_64_main_graph$async_dispatch_8_conv_64x14x14x64x3x3_f32/process_time/real_time_cv           0.30 %          0.21 %            10 items_per_second=0.30%
