2026-01-09T09:50:35.107983
Running tools/iree-benchmark-module --module=/home/dima/sched_vmfb/dronet_scalar/module_main_graph$async_dispatch_12_embedded_elf_riscv_64_benchmark.vmfb --device=local-task --function=main_graph$async_dispatch_12_embedded_elf_riscv_64_main_graph$async_dispatch_12_matvec_like_6272_f32 --input=1xi32=1 --task_topology_cpu_ids=0 --benchmark_repetitions=10
2026-01-09T09:50:35+08:00
Running tools/iree-benchmark-module
Run on (8 X 1600 MHz CPU s)
CPU Caches:
  L1 Instruction 32 KiB (x8)
  L1 Data 32 KiB (x8)
  L2 Unified 512 KiB (x2)
Load Average: 2.50, 2.87, 2.90
------------------------------------------------------------------------------------------------------------------------------------------------------------------------------------------------
Benchmark                                                                                                                                      Time             CPU   Iterations UserCounters...
------------------------------------------------------------------------------------------------------------------------------------------------------------------------------------------------
BM_main_graph$async_dispatch_12_embedded_elf_riscv_64_main_graph$async_dispatch_12_matvec_like_6272_f32/process_time/real_time             0.098 ms        0.099 ms         7040 items_per_second=10.2022k/s
BM_main_graph$async_dispatch_12_embedded_elf_riscv_64_main_graph$async_dispatch_12_matvec_like_6272_f32/process_time/real_time             0.110 ms        0.115 ms         7040 items_per_second=9.07185k/s
BM_main_graph$async_dispatch_12_embedded_elf_riscv_64_main_graph$async_dispatch_12_matvec_like_6272_f32/process_time/real_time             0.109 ms        0.114 ms         7040 items_per_second=9.2048k/s
BM_main_graph$async_dispatch_12_embedded_elf_riscv_64_main_graph$async_dispatch_12_matvec_like_6272_f32/process_time/real_time             0.107 ms        0.113 ms         7040 items_per_second=9.35073k/s
BM_main_graph$async_dispatch_12_embedded_elf_riscv_64_main_graph$async_dispatch_12_matvec_like_6272_f32/process_time/real_time             0.107 ms        0.113 ms         7040 items_per_second=9.3471k/s
BM_main_graph$async_dispatch_12_embedded_elf_riscv_64_main_graph$async_dispatch_12_matvec_like_6272_f32/process_time/real_time             0.107 ms        0.113 ms         7040 items_per_second=9.35276k/s
BM_main_graph$async_dispatch_12_embedded_elf_riscv_64_main_graph$async_dispatch_12_matvec_like_6272_f32/process_time/real_time             0.108 ms        0.114 ms         7040 items_per_second=9.25588k/s
BM_main_graph$async_dispatch_12_embedded_elf_riscv_64_main_graph$async_dispatch_12_matvec_like_6272_f32/process_time/real_time             0.108 ms        0.115 ms         7040 items_per_second=9.26108k/s
BM_main_graph$async_dispatch_12_embedded_elf_riscv_64_main_graph$async_dispatch_12_matvec_like_6272_f32/process_time/real_time             0.108 ms        0.115 ms         7040 items_per_second=9.23597k/s
BM_main_graph$async_dispatch_12_embedded_elf_riscv_64_main_graph$async_dispatch_12_matvec_like_6272_f32/process_time/real_time             0.108 ms        0.115 ms         7040 items_per_second=9.25887k/s
BM_main_graph$async_dispatch_12_embedded_elf_riscv_64_main_graph$async_dispatch_12_matvec_like_6272_f32/process_time/real_time_mean        0.107 ms        0.113 ms           10 items_per_second=9.35413k/s
BM_main_graph$async_dispatch_12_embedded_elf_riscv_64_main_graph$async_dispatch_12_matvec_like_6272_f32/process_time/real_time_median      0.108 ms        0.114 ms           10 items_per_second=9.25998k/s
BM_main_graph$async_dispatch_12_embedded_elf_riscv_64_main_graph$async_dispatch_12_matvec_like_6272_f32/process_time/real_time_stddev      0.003 ms        0.005 ms           10 items_per_second=309.596/s
BM_main_graph$async_dispatch_12_embedded_elf_riscv_64_main_graph$async_dispatch_12_matvec_like_6272_f32/process_time/real_time_cv           3.09 %          4.36 %            10 items_per_second=3.31%
