+ /usr/bin/python3 flow_c.py run --workload /scratch2/dima/misc_sw/XPU-RT/qnn_models/flow_c/sweeps/qrb5165_20260829-200620/workloads/fused_seed6.flowc.json --tag fused_seed6 --tuned --out-dir /scratch2/dima/misc_sw/XPU-RT/qnn_models/flow_c/sweeps/qrb5165_20260829-200620/runtimes/fused_seed6 --log-dir /scratch2/dima/misc_sw/XPU-RT/qnn_models/flow_c/sweeps/qrb5165_20260829-200620/runs/fused_seed6/rep1 --board root@10.44.120.201 --board-dir /root/flowc_sweepc
(cwd=/scratch2/dima/misc_sw/XPU-RT/qnn_models/flow_c)

==> board     : root@10.44.120.201
==> gen dir   : qnn_models/flow_c/sweeps/qrb5165_20260829-200620/runtimes/fused_seed6
==> board dir : /root/flowc_sweepc_fused_seed6
==> ctx dir   : /root/qnn_runtime_ctx
==> log dir   : /scratch2/dima/misc_sw/XPU-RT/qnn_models/flow_c/sweeps/qrb5165_20260829-200620/runs/fused_seed6/rep1
==> runtime env: FLOWC_ITERATIONS=2 

==> built 91432 B
==> running...
==> exit code: 0
==> log: /scratch2/dima/misc_sw/XPU-RT/qnn_models/flow_c/sweeps/qrb5165_20260829-200620/runs/fused_seed6/rep1/run.log (77 lines)

--- summary ---
[summary] 35/35 entries executed, wall=97.778 ms (predicted makespan 84.298 ms, ratio 1.16x), tensor handoffs=3


=== run =========================================================
  [tuned] governor -> performance, FLOWC_ITERATIONS=2
+ bash qnn_models/runtime/deploy_and_run.sh qnn_models/flow_c/sweeps/qrb5165_20260829-200620/runtimes/fused_seed6 root@10.44.120.201 /root/flowc_sweepc_fused_seed6
  [tuned] governor restored to schedutil

--- stderr ---
runtime_main.cpp:332:13: warning: 'void pin_to(int)' defined but not used [-Wunused-function]
  332 | static void pin_to(int core) {
      |             ^~~~~~
