2026-01-09T12:05:36.252917
Running tools/iree-benchmark-module --module=/home/dima/sched_vmfb/dronet_rvv/module_main_graph$async_dispatch_14_system_elf_riscv_64_benchmark.vmfb --device=local-task --function=main_graph$async_dispatch_14_system_elf_riscv_64_main_graph$async_dispatch_14_matvec_like_2048_f32 --input=1xi32=1 --task_topology_cpu_ids=0,1,2,3 --benchmark_repetitions=10
2026-01-09T12:05:36+08:00
Running tools/iree-benchmark-module
Run on (8 X 1600 MHz CPU s)
CPU Caches:
  L1 Instruction 32 KiB (x8)
  L1 Data 32 KiB (x8)
  L2 Unified 512 KiB (x2)
Load Average: 4.23, 3.37, 2.61
----------------------------------------------------------------------------------------------------------------------------------------------------------------------------------------------
Benchmark                                                                                                                                    Time             CPU   Iterations UserCounters...
----------------------------------------------------------------------------------------------------------------------------------------------------------------------------------------------
BM_main_graph$async_dispatch_14_system_elf_riscv_64_main_graph$async_dispatch_14_matvec_like_2048_f32/process_time/real_time             0.083 ms        0.090 ms         8046 items_per_second=11.9923k/s
BM_main_graph$async_dispatch_14_system_elf_riscv_64_main_graph$async_dispatch_14_matvec_like_2048_f32/process_time/real_time             0.083 ms        0.090 ms         8046 items_per_second=12.0083k/s
BM_main_graph$async_dispatch_14_system_elf_riscv_64_main_graph$async_dispatch_14_matvec_like_2048_f32/process_time/real_time             0.084 ms        0.091 ms         8046 items_per_second=11.8545k/s
BM_main_graph$async_dispatch_14_system_elf_riscv_64_main_graph$async_dispatch_14_matvec_like_2048_f32/process_time/real_time             0.083 ms        0.090 ms         8046 items_per_second=11.9893k/s
BM_main_graph$async_dispatch_14_system_elf_riscv_64_main_graph$async_dispatch_14_matvec_like_2048_f32/process_time/real_time             0.083 ms        0.090 ms         8046 items_per_second=11.9832k/s
BM_main_graph$async_dispatch_14_system_elf_riscv_64_main_graph$async_dispatch_14_matvec_like_2048_f32/process_time/real_time             0.084 ms        0.091 ms         8046 items_per_second=11.8876k/s
BM_main_graph$async_dispatch_14_system_elf_riscv_64_main_graph$async_dispatch_14_matvec_like_2048_f32/process_time/real_time             0.084 ms        0.090 ms         8046 items_per_second=11.9468k/s
BM_main_graph$async_dispatch_14_system_elf_riscv_64_main_graph$async_dispatch_14_matvec_like_2048_f32/process_time/real_time             0.084 ms        0.090 ms         8046 items_per_second=11.9759k/s
BM_main_graph$async_dispatch_14_system_elf_riscv_64_main_graph$async_dispatch_14_matvec_like_2048_f32/process_time/real_time             0.084 ms        0.090 ms         8046 items_per_second=11.9406k/s
BM_main_graph$async_dispatch_14_system_elf_riscv_64_main_graph$async_dispatch_14_matvec_like_2048_f32/process_time/real_time             0.084 ms        0.090 ms         8046 items_per_second=11.9751k/s
BM_main_graph$async_dispatch_14_system_elf_riscv_64_main_graph$async_dispatch_14_matvec_like_2048_f32/process_time/real_time_mean        0.084 ms        0.090 ms           10 items_per_second=11.9554k/s
BM_main_graph$async_dispatch_14_system_elf_riscv_64_main_graph$async_dispatch_14_matvec_like_2048_f32/process_time/real_time_median      0.084 ms        0.090 ms           10 items_per_second=11.9755k/s
BM_main_graph$async_dispatch_14_system_elf_riscv_64_main_graph$async_dispatch_14_matvec_like_2048_f32/process_time/real_time_stddev      0.000 ms        0.000 ms           10 items_per_second=49.3966/s
BM_main_graph$async_dispatch_14_system_elf_riscv_64_main_graph$async_dispatch_14_matvec_like_2048_f32/process_time/real_time_cv           0.41 %          0.44 %            10 items_per_second=0.41%
