2026-01-09T12:05:50.729659
Running tools/iree-benchmark-module --module=/home/dima/sched_vmfb/dronet_rvv/module_main_graph$async_dispatch_2_system_elf_riscv_64_benchmark.vmfb --device=local-task --function=main_graph$async_dispatch_2_system_elf_riscv_64_main_graph$async_dispatch_2_conv_32x27x27x3x3_f32 --input=1xi32=1 --task_topology_cpu_ids=0,1,2,3 --benchmark_repetitions=10
2026-01-09T12:05:50+08:00
Running tools/iree-benchmark-module
Run on (8 X 1600 MHz CPU s)
CPU Caches:
  L1 Instruction 32 KiB (x8)
  L1 Data 32 KiB (x8)
  L2 Unified 512 KiB (x2)
Load Average: 4.42, 3.45, 2.65
---------------------------------------------------------------------------------------------------------------------------------------------------------------------------------------------
Benchmark                                                                                                                                   Time             CPU   Iterations UserCounters...
---------------------------------------------------------------------------------------------------------------------------------------------------------------------------------------------
BM_main_graph$async_dispatch_2_system_elf_riscv_64_main_graph$async_dispatch_2_conv_32x27x27x3x3_f32/process_time/real_time             0.725 ms         2.62 ms          962 items_per_second=1.37894k/s
BM_main_graph$async_dispatch_2_system_elf_riscv_64_main_graph$async_dispatch_2_conv_32x27x27x3x3_f32/process_time/real_time             0.724 ms         2.62 ms          962 items_per_second=1.38074k/s
BM_main_graph$async_dispatch_2_system_elf_riscv_64_main_graph$async_dispatch_2_conv_32x27x27x3x3_f32/process_time/real_time             0.726 ms         2.62 ms          962 items_per_second=1.37672k/s
BM_main_graph$async_dispatch_2_system_elf_riscv_64_main_graph$async_dispatch_2_conv_32x27x27x3x3_f32/process_time/real_time             0.724 ms         2.62 ms          962 items_per_second=1.38143k/s
BM_main_graph$async_dispatch_2_system_elf_riscv_64_main_graph$async_dispatch_2_conv_32x27x27x3x3_f32/process_time/real_time             0.723 ms         2.62 ms          962 items_per_second=1.38249k/s
BM_main_graph$async_dispatch_2_system_elf_riscv_64_main_graph$async_dispatch_2_conv_32x27x27x3x3_f32/process_time/real_time             0.728 ms         2.62 ms          962 items_per_second=1.3741k/s
BM_main_graph$async_dispatch_2_system_elf_riscv_64_main_graph$async_dispatch_2_conv_32x27x27x3x3_f32/process_time/real_time             0.723 ms         2.62 ms          962 items_per_second=1.38281k/s
BM_main_graph$async_dispatch_2_system_elf_riscv_64_main_graph$async_dispatch_2_conv_32x27x27x3x3_f32/process_time/real_time             0.724 ms         2.62 ms          962 items_per_second=1.38191k/s
BM_main_graph$async_dispatch_2_system_elf_riscv_64_main_graph$async_dispatch_2_conv_32x27x27x3x3_f32/process_time/real_time             0.726 ms         2.62 ms          962 items_per_second=1.37778k/s
BM_main_graph$async_dispatch_2_system_elf_riscv_64_main_graph$async_dispatch_2_conv_32x27x27x3x3_f32/process_time/real_time             0.728 ms         2.62 ms          962 items_per_second=1.37373k/s
BM_main_graph$async_dispatch_2_system_elf_riscv_64_main_graph$async_dispatch_2_conv_32x27x27x3x3_f32/process_time/real_time_mean        0.725 ms         2.62 ms           10 items_per_second=1.37907k/s
BM_main_graph$async_dispatch_2_system_elf_riscv_64_main_graph$async_dispatch_2_conv_32x27x27x3x3_f32/process_time/real_time_median      0.725 ms         2.62 ms           10 items_per_second=1.37984k/s
BM_main_graph$async_dispatch_2_system_elf_riscv_64_main_graph$async_dispatch_2_conv_32x27x27x3x3_f32/process_time/real_time_stddev      0.002 ms        0.002 ms           10 items_per_second=3.37524/s
BM_main_graph$async_dispatch_2_system_elf_riscv_64_main_graph$async_dispatch_2_conv_32x27x27x3x3_f32/process_time/real_time_cv           0.25 %          0.07 %            10 items_per_second=0.24%
