2026-01-09T12:05:21.416147
Running tools/iree-benchmark-module --module=/home/dima/sched_vmfb/dronet_rvv/module_main_graph$async_dispatch_12_system_elf_riscv_64_benchmark.vmfb --device=local-task --function=main_graph$async_dispatch_12_system_elf_riscv_64_main_graph$async_dispatch_12_matvec_like_2048_f32 --input=1xi32=1 --task_topology_cpu_ids=0,1,2,3 --benchmark_repetitions=10
2026-01-09T12:05:21+08:00
Running tools/iree-benchmark-module
Run on (8 X 1600 MHz CPU s)
CPU Caches:
  L1 Instruction 32 KiB (x8)
  L1 Data 32 KiB (x8)
  L2 Unified 512 KiB (x2)
Load Average: 4.58, 3.39, 2.60
----------------------------------------------------------------------------------------------------------------------------------------------------------------------------------------------
Benchmark                                                                                                                                    Time             CPU   Iterations UserCounters...
----------------------------------------------------------------------------------------------------------------------------------------------------------------------------------------------
BM_main_graph$async_dispatch_12_system_elf_riscv_64_main_graph$async_dispatch_12_matvec_like_2048_f32/process_time/real_time             0.085 ms        0.092 ms         8291 items_per_second=11.7432k/s
BM_main_graph$async_dispatch_12_system_elf_riscv_64_main_graph$async_dispatch_12_matvec_like_2048_f32/process_time/real_time             0.084 ms        0.091 ms         8291 items_per_second=11.8379k/s
BM_main_graph$async_dispatch_12_system_elf_riscv_64_main_graph$async_dispatch_12_matvec_like_2048_f32/process_time/real_time             0.085 ms        0.091 ms         8291 items_per_second=11.7651k/s
BM_main_graph$async_dispatch_12_system_elf_riscv_64_main_graph$async_dispatch_12_matvec_like_2048_f32/process_time/real_time             0.085 ms        0.091 ms         8291 items_per_second=11.7947k/s
BM_main_graph$async_dispatch_12_system_elf_riscv_64_main_graph$async_dispatch_12_matvec_like_2048_f32/process_time/real_time             0.084 ms        0.090 ms         8291 items_per_second=11.9121k/s
BM_main_graph$async_dispatch_12_system_elf_riscv_64_main_graph$async_dispatch_12_matvec_like_2048_f32/process_time/real_time             0.084 ms        0.090 ms         8291 items_per_second=11.8603k/s
BM_main_graph$async_dispatch_12_system_elf_riscv_64_main_graph$async_dispatch_12_matvec_like_2048_f32/process_time/real_time             0.085 ms        0.091 ms         8291 items_per_second=11.7875k/s
BM_main_graph$async_dispatch_12_system_elf_riscv_64_main_graph$async_dispatch_12_matvec_like_2048_f32/process_time/real_time             0.085 ms        0.091 ms         8291 items_per_second=11.8145k/s
BM_main_graph$async_dispatch_12_system_elf_riscv_64_main_graph$async_dispatch_12_matvec_like_2048_f32/process_time/real_time             0.085 ms        0.091 ms         8291 items_per_second=11.7995k/s
BM_main_graph$async_dispatch_12_system_elf_riscv_64_main_graph$async_dispatch_12_matvec_like_2048_f32/process_time/real_time             0.085 ms        0.091 ms         8291 items_per_second=11.7447k/s
BM_main_graph$async_dispatch_12_system_elf_riscv_64_main_graph$async_dispatch_12_matvec_like_2048_f32/process_time/real_time_mean        0.085 ms        0.091 ms           10 items_per_second=11.8059k/s
BM_main_graph$async_dispatch_12_system_elf_riscv_64_main_graph$async_dispatch_12_matvec_like_2048_f32/process_time/real_time_median      0.085 ms        0.091 ms           10 items_per_second=11.7971k/s
BM_main_graph$async_dispatch_12_system_elf_riscv_64_main_graph$async_dispatch_12_matvec_like_2048_f32/process_time/real_time_stddev      0.000 ms        0.000 ms           10 items_per_second=52.8891/s
BM_main_graph$async_dispatch_12_system_elf_riscv_64_main_graph$async_dispatch_12_matvec_like_2048_f32/process_time/real_time_cv           0.45 %          0.48 %            10 items_per_second=0.45%
