config          data/toplevel/freshness_canon_300ms.json
epoch           300.0 ms
A0 (uncontended input-age ceiling)  60.546 ms
  closed-form supremum              68.519 ms
  distinct uncontended ages         [20.55, 30.55, 40.55, 50.55, 60.55]
  producer dronet T=50.0 L=17.973 ms on gemmini
  consumer mlp_control T=10.0 L=0.546 ms
phi             ['A0+5=65.5', 'A0+10=70.5', 'A0+20=80.5', 'A0+30=90.5', 'A0+50=110.5']
bursts          [0, 1, 2, 3]
policies        ['probe_slow_producer']
seeds           [0]

  probe_slow_producer  B=0 seed=0 makespan=  290.5ms  deadline=1.000 soft=0/0 (5.3s)
  probe_slow_producer  B=1 seed=0 makespan=  290.5ms  deadline=1.000 soft=1/1 (11.7s)
  probe_slow_producer  B=2 seed=0 makespan=  290.5ms  deadline=1.000 soft=2/2 (18.2s)
  probe_slow_producer  B=3 seed=0 makespan=  290.5ms  deadline=1.000 soft=3/3 (26.5s)

================================================================================================
A0 = 60.546 ms   (uncontended input-age ceiling)

policy                 B     phi   mkspn   dl_ok  fresh_ok  out_ok  diverg  maxage  prod_dl  soft
                                        (consumer)                                  (producer)      
oracle                 0    65.5   290.5   1.000     0.500   0.500   0.500   110.5    1.000     0
oracle                 0    70.5   290.5   1.000     0.600   0.600   0.400   110.5    1.000     0
oracle                 0    80.5   290.5   1.000     0.700   0.700   0.300   110.5    1.000     0
oracle                 0    90.5   290.5   1.000     0.800   0.800   0.200   110.5    1.000     0
oracle                 0   110.5   290.5   1.000     0.933   0.933   0.067   110.5    1.000     0
oracle                 1    65.5   290.5   1.000     0.333   0.333   0.667   110.5    1.000     1
oracle                 1    70.5   290.5   1.000     0.400   0.400   0.600   110.5    1.000     1
oracle                 1    80.5   290.5   1.000     0.467   0.467   0.533   110.5    1.000     1
oracle                 1    90.5   290.5   1.000     0.567   0.567   0.433   110.5    1.000     1
oracle                 1   110.5   290.5   1.000     0.700   0.700   0.300   110.5    1.000     1
oracle                 2    65.5   290.5   1.000     0.267   0.267   0.733   130.5    1.000     2
oracle                 2    70.5   290.5   1.000     0.333   0.333   0.667   130.5    1.000     2
oracle                 2    80.5   290.5   1.000     0.400   0.400   0.600   130.5    1.000     2
oracle                 2    90.5   290.5   1.000     0.467   0.467   0.533   130.5    1.000     2
oracle                 2   110.5   290.5   1.000     0.633   0.633   0.367   130.5    1.000     2
oracle                 3    65.5   290.5   1.000     0.000   0.000   1.000   180.5    1.000     3
oracle                 3    70.5   290.5   1.000     0.000   0.000   1.000   180.5    1.000     3
oracle                 3    80.5   290.5   1.000     0.000   0.000   1.000   180.5    1.000     3
oracle                 3    90.5   290.5   1.000     0.100   0.100   0.900   180.5    1.000     3
oracle                 3   110.5   290.5   1.000     0.233   0.233   0.767   180.5    1.000     3
probe_slow_producer    0    65.5   290.5   1.000     0.500   0.500   0.500   110.5    1.000     0
probe_slow_producer    0    70.5   290.5   1.000     0.600   0.600   0.400   110.5    1.000     0
probe_slow_producer    0    80.5   290.5   1.000     0.700   0.700   0.300   110.5    1.000     0
probe_slow_producer    0    90.5   290.5   1.000     0.800   0.800   0.200   110.5    1.000     0
probe_slow_producer    0   110.5   290.5   1.000     0.933   0.933   0.067   110.5    1.000     0
probe_slow_producer    1    65.5   290.5   1.000     0.333   0.333   0.667   110.5    1.000     1
probe_slow_producer    1    70.5   290.5   1.000     0.400   0.400   0.600   110.5    1.000     1
probe_slow_producer    1    80.5   290.5   1.000     0.467   0.467   0.533   110.5    1.000     1
probe_slow_producer    1    90.5   290.5   1.000     0.567   0.567   0.433   110.5    1.000     1
probe_slow_producer    1   110.5   290.5   1.000     0.700   0.700   0.300   110.5    1.000     1
probe_slow_producer    2    65.5   290.5   1.000     0.267   0.267   0.733   130.5    1.000     2
probe_slow_producer    2    70.5   290.5   1.000     0.333   0.333   0.667   130.5    1.000     2
probe_slow_producer    2    80.5   290.5   1.000     0.400   0.400   0.600   130.5    1.000     2
probe_slow_producer    2    90.5   290.5   1.000     0.467   0.467   0.533   130.5    1.000     2
probe_slow_producer    2   110.5   290.5   1.000     0.633   0.633   0.367   130.5    1.000     2
probe_slow_producer    3    65.5   290.5   1.000     0.000   0.000   1.000   180.5    1.000     3
probe_slow_producer    3    70.5   290.5   1.000     0.000   0.000   1.000   180.5    1.000     3
probe_slow_producer    3    80.5   290.5   1.000     0.000   0.000   1.000   180.5    1.000     3
probe_slow_producer    3    90.5   290.5   1.000     0.100   0.100   0.900   180.5    1.000     3
probe_slow_producer    3   110.5   290.5   1.000     0.233   0.233   0.767   180.5    1.000     3

Epoch comparability (makespan <= epoch): cross-policy ranking is only well-posed where EVERY policy fits.
  comparable contention levels: [0, 1, 2, 3]

Operating points with deadline_success >= 0.95 and output_valid < deadline_success - 0.10:  19
  probe_slow_producer   B=3 phi=65.5  deadline=1.000 output_valid=0.000 divergence=1.000
  probe_slow_producer   B=3 phi=70.5  deadline=1.000 output_valid=0.000 divergence=1.000
  probe_slow_producer   B=3 phi=80.5  deadline=1.000 output_valid=0.000 divergence=1.000
  probe_slow_producer   B=3 phi=90.5  deadline=1.000 output_valid=0.100 divergence=0.900
  probe_slow_producer   B=3 phi=110.5  deadline=1.000 output_valid=0.233 divergence=0.767
  probe_slow_producer   B=2 phi=65.5  deadline=1.000 output_valid=0.267 divergence=0.733
  probe_slow_producer   B=1 phi=65.5  deadline=1.000 output_valid=0.333 divergence=0.667
  probe_slow_producer   B=2 phi=70.5  deadline=1.000 output_valid=0.333 divergence=0.667
  probe_slow_producer   B=1 phi=70.5  deadline=1.000 output_valid=0.400 divergence=0.600
  probe_slow_producer   B=2 phi=80.5  deadline=1.000 output_valid=0.400 divergence=0.600
  probe_slow_producer   B=1 phi=80.5  deadline=1.000 output_valid=0.467 divergence=0.533
  probe_slow_producer   B=2 phi=90.5  deadline=1.000 output_valid=0.467 divergence=0.533

Largest divergence (schedule fits the epoch): 1.000 at probe_slow_producer B=3 phi=65.5 (deadline 1.000, output_valid 0.000)

All 4 (policy, B) cells were identical across 1 seeds.

wrote /scratch2/agustin/XPU-RT/results/freshness_probe/ctrl_3/
  manifest.json
  aggregate.csv
  per_invocation.csv
  command.txt
  git_commits.json
