2026-01-09T09:54:01.458038
Running tools/iree-benchmark-module --module=/home/dima/sched_vmfb/dronet_scalar/module_main_graph$async_dispatch_10_embedded_elf_riscv_64_benchmark.vmfb --device=local-task --function=main_graph$async_dispatch_10_embedded_elf_riscv_64_main_graph$async_dispatch_10_matmul_like_128x7x7x64_f32 --input=1xi32=1 --task_topology_cpu_ids=0,1,2 --benchmark_repetitions=10
2026-01-09T09:54:01+08:00
Running tools/iree-benchmark-module
Run on (8 X 1600 MHz CPU s)
CPU Caches:
  L1 Instruction 32 KiB (x8)
  L1 Data 32 KiB (x8)
  L2 Unified 512 KiB (x2)
Load Average: 4.01, 3.29, 3.06
------------------------------------------------------------------------------------------------------------------------------------------------------------------------------------------------------
Benchmark                                                                                                                                            Time             CPU   Iterations UserCounters...
------------------------------------------------------------------------------------------------------------------------------------------------------------------------------------------------------
BM_main_graph$async_dispatch_10_embedded_elf_riscv_64_main_graph$async_dispatch_10_matmul_like_128x7x7x64_f32/process_time/real_time              2.17 ms         5.67 ms          323 items_per_second=459.998/s
BM_main_graph$async_dispatch_10_embedded_elf_riscv_64_main_graph$async_dispatch_10_matmul_like_128x7x7x64_f32/process_time/real_time              2.17 ms         5.66 ms          323 items_per_second=460.792/s
BM_main_graph$async_dispatch_10_embedded_elf_riscv_64_main_graph$async_dispatch_10_matmul_like_128x7x7x64_f32/process_time/real_time              2.17 ms         5.66 ms          323 items_per_second=460.541/s
BM_main_graph$async_dispatch_10_embedded_elf_riscv_64_main_graph$async_dispatch_10_matmul_like_128x7x7x64_f32/process_time/real_time              2.18 ms         5.67 ms          323 items_per_second=459.761/s
BM_main_graph$async_dispatch_10_embedded_elf_riscv_64_main_graph$async_dispatch_10_matmul_like_128x7x7x64_f32/process_time/real_time              2.17 ms         5.66 ms          323 items_per_second=460.861/s
BM_main_graph$async_dispatch_10_embedded_elf_riscv_64_main_graph$async_dispatch_10_matmul_like_128x7x7x64_f32/process_time/real_time              2.17 ms         5.66 ms          323 items_per_second=460.539/s
BM_main_graph$async_dispatch_10_embedded_elf_riscv_64_main_graph$async_dispatch_10_matmul_like_128x7x7x64_f32/process_time/real_time              2.17 ms         5.67 ms          323 items_per_second=461.039/s
BM_main_graph$async_dispatch_10_embedded_elf_riscv_64_main_graph$async_dispatch_10_matmul_like_128x7x7x64_f32/process_time/real_time              2.17 ms         5.66 ms          323 items_per_second=460.747/s
BM_main_graph$async_dispatch_10_embedded_elf_riscv_64_main_graph$async_dispatch_10_matmul_like_128x7x7x64_f32/process_time/real_time              2.17 ms         5.66 ms          323 items_per_second=461.358/s
BM_main_graph$async_dispatch_10_embedded_elf_riscv_64_main_graph$async_dispatch_10_matmul_like_128x7x7x64_f32/process_time/real_time              2.17 ms         5.67 ms          323 items_per_second=460.802/s
BM_main_graph$async_dispatch_10_embedded_elf_riscv_64_main_graph$async_dispatch_10_matmul_like_128x7x7x64_f32/process_time/real_time_mean         2.17 ms         5.66 ms           10 items_per_second=460.644/s
BM_main_graph$async_dispatch_10_embedded_elf_riscv_64_main_graph$async_dispatch_10_matmul_like_128x7x7x64_f32/process_time/real_time_median       2.17 ms         5.66 ms           10 items_per_second=460.769/s
BM_main_graph$async_dispatch_10_embedded_elf_riscv_64_main_graph$async_dispatch_10_matmul_like_128x7x7x64_f32/process_time/real_time_stddev      0.002 ms        0.004 ms           10 items_per_second=0.47036/s
BM_main_graph$async_dispatch_10_embedded_elf_riscv_64_main_graph$async_dispatch_10_matmul_like_128x7x7x64_f32/process_time/real_time_cv           0.10 %          0.07 %            10 items_per_second=0.10%
