2026-01-09T09:54:31.839202
Running tools/iree-benchmark-module --module=/home/dima/sched_vmfb/dronet_scalar/module_main_graph$async_dispatch_14_embedded_elf_riscv_64_benchmark.vmfb --device=local-task --function=main_graph$async_dispatch_14_embedded_elf_riscv_64_main_graph$async_dispatch_14_matvec_like_6272_f32 --input=1xi32=1 --task_topology_cpu_ids=0,1,2 --benchmark_repetitions=10
2026-01-09T09:54:31+08:00
Running tools/iree-benchmark-module
Run on (8 X 1600 MHz CPU s)
CPU Caches:
  L1 Instruction 32 KiB (x8)
  L1 Data 32 KiB (x8)
  L2 Unified 512 KiB (x2)
Load Average: 3.99, 3.36, 3.09
------------------------------------------------------------------------------------------------------------------------------------------------------------------------------------------------
Benchmark                                                                                                                                      Time             CPU   Iterations UserCounters...
------------------------------------------------------------------------------------------------------------------------------------------------------------------------------------------------
BM_main_graph$async_dispatch_14_embedded_elf_riscv_64_main_graph$async_dispatch_14_matvec_like_6272_f32/process_time/real_time             0.119 ms        0.124 ms         5916 items_per_second=8.4268k/s
BM_main_graph$async_dispatch_14_embedded_elf_riscv_64_main_graph$async_dispatch_14_matvec_like_6272_f32/process_time/real_time             0.118 ms        0.124 ms         5916 items_per_second=8.50094k/s
BM_main_graph$async_dispatch_14_embedded_elf_riscv_64_main_graph$async_dispatch_14_matvec_like_6272_f32/process_time/real_time             0.118 ms        0.124 ms         5916 items_per_second=8.49844k/s
BM_main_graph$async_dispatch_14_embedded_elf_riscv_64_main_graph$async_dispatch_14_matvec_like_6272_f32/process_time/real_time             0.118 ms        0.124 ms         5916 items_per_second=8.46048k/s
BM_main_graph$async_dispatch_14_embedded_elf_riscv_64_main_graph$async_dispatch_14_matvec_like_6272_f32/process_time/real_time             0.118 ms        0.124 ms         5916 items_per_second=8.47939k/s
BM_main_graph$async_dispatch_14_embedded_elf_riscv_64_main_graph$async_dispatch_14_matvec_like_6272_f32/process_time/real_time             0.117 ms        0.123 ms         5916 items_per_second=8.57196k/s
BM_main_graph$async_dispatch_14_embedded_elf_riscv_64_main_graph$async_dispatch_14_matvec_like_6272_f32/process_time/real_time             0.118 ms        0.123 ms         5916 items_per_second=8.50885k/s
BM_main_graph$async_dispatch_14_embedded_elf_riscv_64_main_graph$async_dispatch_14_matvec_like_6272_f32/process_time/real_time             0.117 ms        0.124 ms         5916 items_per_second=8.52186k/s
BM_main_graph$async_dispatch_14_embedded_elf_riscv_64_main_graph$async_dispatch_14_matvec_like_6272_f32/process_time/real_time             0.119 ms        0.124 ms         5916 items_per_second=8.39971k/s
BM_main_graph$async_dispatch_14_embedded_elf_riscv_64_main_graph$async_dispatch_14_matvec_like_6272_f32/process_time/real_time             0.120 ms        0.124 ms         5916 items_per_second=8.33826k/s
BM_main_graph$async_dispatch_14_embedded_elf_riscv_64_main_graph$async_dispatch_14_matvec_like_6272_f32/process_time/real_time_mean        0.118 ms        0.124 ms           10 items_per_second=8.47067k/s
BM_main_graph$async_dispatch_14_embedded_elf_riscv_64_main_graph$async_dispatch_14_matvec_like_6272_f32/process_time/real_time_median      0.118 ms        0.124 ms           10 items_per_second=8.48891k/s
BM_main_graph$async_dispatch_14_embedded_elf_riscv_64_main_graph$async_dispatch_14_matvec_like_6272_f32/process_time/real_time_stddev      0.001 ms        0.001 ms           10 items_per_second=67.2452/s
BM_main_graph$async_dispatch_14_embedded_elf_riscv_64_main_graph$async_dispatch_14_matvec_like_6272_f32/process_time/real_time_cv           0.80 %          0.41 %            10 items_per_second=0.79%
