2026-01-09T12:20:59.683894
Running tools/iree-benchmark-module --module=/home/dima/sched_vmfb/fastdepth_rvv/module_main_graph$async_dispatch_37_system_elf_riscv_64_benchmark.vmfb --device=local-task --function=main_graph$async_dispatch_37_system_elf_riscv_64_main_graph$async_dispatch_37_conv_28x28x256x5x5_f32 --input=1xi32=1 --task_topology_cpu_ids=0 --benchmark_repetitions=10
2026-01-09T12:20:59+08:00
Running tools/iree-benchmark-module
Run on (8 X 1600 MHz CPU s)
CPU Caches:
  L1 Instruction 32 KiB (x8)
  L1 Data 32 KiB (x8)
  L2 Unified 512 KiB (x2)
Load Average: 3.03, 2.62, 2.53
------------------------------------------------------------------------------------------------------------------------------------------------------------------------------------------------
Benchmark                                                                                                                                      Time             CPU   Iterations UserCounters...
------------------------------------------------------------------------------------------------------------------------------------------------------------------------------------------------
BM_main_graph$async_dispatch_37_system_elf_riscv_64_main_graph$async_dispatch_37_conv_28x28x256x5x5_f32/process_time/real_time              29.4 ms         29.5 ms           24 items_per_second=33.9641/s
BM_main_graph$async_dispatch_37_system_elf_riscv_64_main_graph$async_dispatch_37_conv_28x28x256x5x5_f32/process_time/real_time              29.3 ms         29.3 ms           24 items_per_second=34.0908/s
BM_main_graph$async_dispatch_37_system_elf_riscv_64_main_graph$async_dispatch_37_conv_28x28x256x5x5_f32/process_time/real_time              29.3 ms         29.4 ms           24 items_per_second=34.078/s
BM_main_graph$async_dispatch_37_system_elf_riscv_64_main_graph$async_dispatch_37_conv_28x28x256x5x5_f32/process_time/real_time              29.6 ms         29.5 ms           24 items_per_second=33.7992/s
BM_main_graph$async_dispatch_37_system_elf_riscv_64_main_graph$async_dispatch_37_conv_28x28x256x5x5_f32/process_time/real_time              29.4 ms         29.4 ms           24 items_per_second=34.0047/s
BM_main_graph$async_dispatch_37_system_elf_riscv_64_main_graph$async_dispatch_37_conv_28x28x256x5x5_f32/process_time/real_time              29.3 ms         29.4 ms           24 items_per_second=34.0859/s
BM_main_graph$async_dispatch_37_system_elf_riscv_64_main_graph$async_dispatch_37_conv_28x28x256x5x5_f32/process_time/real_time              29.4 ms         29.4 ms           24 items_per_second=33.9865/s
BM_main_graph$async_dispatch_37_system_elf_riscv_64_main_graph$async_dispatch_37_conv_28x28x256x5x5_f32/process_time/real_time              29.3 ms         29.3 ms           24 items_per_second=34.1069/s
BM_main_graph$async_dispatch_37_system_elf_riscv_64_main_graph$async_dispatch_37_conv_28x28x256x5x5_f32/process_time/real_time              29.3 ms         29.3 ms           24 items_per_second=34.115/s
BM_main_graph$async_dispatch_37_system_elf_riscv_64_main_graph$async_dispatch_37_conv_28x28x256x5x5_f32/process_time/real_time              29.4 ms         29.5 ms           24 items_per_second=33.9703/s
BM_main_graph$async_dispatch_37_system_elf_riscv_64_main_graph$async_dispatch_37_conv_28x28x256x5x5_f32/process_time/real_time_mean         29.4 ms         29.4 ms           10 items_per_second=34.0201/s
BM_main_graph$async_dispatch_37_system_elf_riscv_64_main_graph$async_dispatch_37_conv_28x28x256x5x5_f32/process_time/real_time_median       29.4 ms         29.4 ms           10 items_per_second=34.0413/s
BM_main_graph$async_dispatch_37_system_elf_riscv_64_main_graph$async_dispatch_37_conv_28x28x256x5x5_f32/process_time/real_time_stddev      0.084 ms        0.070 ms           10 items_per_second=0.0971882/s
BM_main_graph$async_dispatch_37_system_elf_riscv_64_main_graph$async_dispatch_37_conv_28x28x256x5x5_f32/process_time/real_time_cv           0.29 %          0.24 %            10 items_per_second=0.29%
