2026-01-09T12:22:10.643350
Running tools/iree-benchmark-module --module=/home/dima/sched_vmfb/fastdepth_rvv/module_main_graph$async_dispatch_5_system_elf_riscv_64_benchmark.vmfb --device=local-task --function=main_graph$async_dispatch_5_system_elf_riscv_64_main_graph$async_dispatch_5_conv_56x56x64x3x3_f32 --input=1xi32=1 --task_topology_cpu_ids=0 --benchmark_repetitions=10
2026-01-09T12:22:10+08:00
Running tools/iree-benchmark-module
Run on (8 X 1600 MHz CPU s)
CPU Caches:
  L1 Instruction 32 KiB (x8)
  L1 Data 32 KiB (x8)
  L2 Unified 512 KiB (x2)
Load Average: 3.07, 2.72, 2.58
---------------------------------------------------------------------------------------------------------------------------------------------------------------------------------------------
Benchmark                                                                                                                                   Time             CPU   Iterations UserCounters...
---------------------------------------------------------------------------------------------------------------------------------------------------------------------------------------------
BM_main_graph$async_dispatch_5_system_elf_riscv_64_main_graph$async_dispatch_5_conv_56x56x64x3x3_f32/process_time/real_time              13.6 ms         13.6 ms           51 items_per_second=73.4314/s
BM_main_graph$async_dispatch_5_system_elf_riscv_64_main_graph$async_dispatch_5_conv_56x56x64x3x3_f32/process_time/real_time              13.6 ms         13.6 ms           51 items_per_second=73.7163/s
BM_main_graph$async_dispatch_5_system_elf_riscv_64_main_graph$async_dispatch_5_conv_56x56x64x3x3_f32/process_time/real_time              13.6 ms         13.6 ms           51 items_per_second=73.6113/s
BM_main_graph$async_dispatch_5_system_elf_riscv_64_main_graph$async_dispatch_5_conv_56x56x64x3x3_f32/process_time/real_time              14.0 ms         13.7 ms           51 items_per_second=71.5138/s
BM_main_graph$async_dispatch_5_system_elf_riscv_64_main_graph$async_dispatch_5_conv_56x56x64x3x3_f32/process_time/real_time              13.6 ms         13.6 ms           51 items_per_second=73.6722/s
BM_main_graph$async_dispatch_5_system_elf_riscv_64_main_graph$async_dispatch_5_conv_56x56x64x3x3_f32/process_time/real_time              13.6 ms         13.6 ms           51 items_per_second=73.3587/s
BM_main_graph$async_dispatch_5_system_elf_riscv_64_main_graph$async_dispatch_5_conv_56x56x64x3x3_f32/process_time/real_time              13.6 ms         13.6 ms           51 items_per_second=73.631/s
BM_main_graph$async_dispatch_5_system_elf_riscv_64_main_graph$async_dispatch_5_conv_56x56x64x3x3_f32/process_time/real_time              13.6 ms         13.6 ms           51 items_per_second=73.7112/s
BM_main_graph$async_dispatch_5_system_elf_riscv_64_main_graph$async_dispatch_5_conv_56x56x64x3x3_f32/process_time/real_time              13.6 ms         13.7 ms           51 items_per_second=73.3355/s
BM_main_graph$async_dispatch_5_system_elf_riscv_64_main_graph$async_dispatch_5_conv_56x56x64x3x3_f32/process_time/real_time              13.6 ms         13.6 ms           51 items_per_second=73.6787/s
BM_main_graph$async_dispatch_5_system_elf_riscv_64_main_graph$async_dispatch_5_conv_56x56x64x3x3_f32/process_time/real_time_mean         13.6 ms         13.6 ms           10 items_per_second=73.366/s
BM_main_graph$async_dispatch_5_system_elf_riscv_64_main_graph$async_dispatch_5_conv_56x56x64x3x3_f32/process_time/real_time_median       13.6 ms         13.6 ms           10 items_per_second=73.6212/s
BM_main_graph$async_dispatch_5_system_elf_riscv_64_main_graph$async_dispatch_5_conv_56x56x64x3x3_f32/process_time/real_time_stddev      0.127 ms        0.029 ms           10 items_per_second=0.666646/s
BM_main_graph$async_dispatch_5_system_elf_riscv_64_main_graph$async_dispatch_5_conv_56x56x64x3x3_f32/process_time/real_time_cv           0.93 %          0.22 %            10 items_per_second=0.91%
