2026-01-09T12:22:03.536367
Running tools/iree-benchmark-module --module=/home/dima/sched_vmfb/fastdepth_rvv/module_main_graph$async_dispatch_4_system_elf_riscv_64_benchmark.vmfb --device=local-task --function=main_graph$async_dispatch_4_system_elf_riscv_64_main_graph$async_dispatch_4_slow_memcpy --input=1xi32=1 --task_topology_cpu_ids=0 --benchmark_repetitions=10
2026-01-09T12:22:03+08:00
Running tools/iree-benchmark-module
Run on (8 X 1600 MHz CPU s)
CPU Caches:
  L1 Instruction 32 KiB (x8)
  L1 Data 32 KiB (x8)
  L2 Unified 512 KiB (x2)
Load Average: 3.08, 2.71, 2.57
-----------------------------------------------------------------------------------------------------------------------------------------------------------------------------------
Benchmark                                                                                                                         Time             CPU   Iterations UserCounters...
-----------------------------------------------------------------------------------------------------------------------------------------------------------------------------------
BM_main_graph$async_dispatch_4_system_elf_riscv_64_main_graph$async_dispatch_4_slow_memcpy/process_time/real_time              8.53 ms         8.54 ms           81 items_per_second=117.292/s
BM_main_graph$async_dispatch_4_system_elf_riscv_64_main_graph$async_dispatch_4_slow_memcpy/process_time/real_time              8.55 ms         8.56 ms           81 items_per_second=116.918/s
BM_main_graph$async_dispatch_4_system_elf_riscv_64_main_graph$async_dispatch_4_slow_memcpy/process_time/real_time              8.53 ms         8.53 ms           81 items_per_second=117.182/s
BM_main_graph$async_dispatch_4_system_elf_riscv_64_main_graph$async_dispatch_4_slow_memcpy/process_time/real_time              8.53 ms         8.54 ms           81 items_per_second=117.28/s
BM_main_graph$async_dispatch_4_system_elf_riscv_64_main_graph$async_dispatch_4_slow_memcpy/process_time/real_time              8.56 ms         8.58 ms           81 items_per_second=116.803/s
BM_main_graph$async_dispatch_4_system_elf_riscv_64_main_graph$async_dispatch_4_slow_memcpy/process_time/real_time              8.67 ms         8.67 ms           81 items_per_second=115.406/s
BM_main_graph$async_dispatch_4_system_elf_riscv_64_main_graph$async_dispatch_4_slow_memcpy/process_time/real_time              8.71 ms         8.72 ms           81 items_per_second=114.769/s
BM_main_graph$async_dispatch_4_system_elf_riscv_64_main_graph$async_dispatch_4_slow_memcpy/process_time/real_time              8.70 ms         8.71 ms           81 items_per_second=114.893/s
BM_main_graph$async_dispatch_4_system_elf_riscv_64_main_graph$async_dispatch_4_slow_memcpy/process_time/real_time              8.69 ms         8.70 ms           81 items_per_second=115.12/s
BM_main_graph$async_dispatch_4_system_elf_riscv_64_main_graph$async_dispatch_4_slow_memcpy/process_time/real_time              8.72 ms         8.72 ms           81 items_per_second=114.706/s
BM_main_graph$async_dispatch_4_system_elf_riscv_64_main_graph$async_dispatch_4_slow_memcpy/process_time/real_time_mean         8.62 ms         8.63 ms           10 items_per_second=116.037/s
BM_main_graph$async_dispatch_4_system_elf_riscv_64_main_graph$async_dispatch_4_slow_memcpy/process_time/real_time_median       8.61 ms         8.62 ms           10 items_per_second=116.104/s
BM_main_graph$async_dispatch_4_system_elf_riscv_64_main_graph$async_dispatch_4_slow_memcpy/process_time/real_time_stddev      0.085 ms        0.084 ms           10 items_per_second=1.14129/s
BM_main_graph$async_dispatch_4_system_elf_riscv_64_main_graph$async_dispatch_4_slow_memcpy/process_time/real_time_cv           0.98 %          0.97 %            10 items_per_second=0.98%
