2026-01-09T12:22:17.774667
Running tools/iree-benchmark-module --module=/home/dima/sched_vmfb/fastdepth_rvv/module_main_graph$async_dispatch_6_system_elf_riscv_64_benchmark.vmfb --device=local-task --function=main_graph$async_dispatch_6_system_elf_riscv_64_main_graph$async_dispatch_6_matmul_like_128x56x56x64_f32 --input=1xi32=1 --task_topology_cpu_ids=0 --benchmark_repetitions=10
2026-01-09T12:22:17+08:00
Running tools/iree-benchmark-module
Run on (8 X 1600 MHz CPU s)
CPU Caches:
  L1 Instruction 32 KiB (x8)
  L1 Data 32 KiB (x8)
  L2 Unified 512 KiB (x2)
Load Average: 3.06, 2.73, 2.58
----------------------------------------------------------------------------------------------------------------------------------------------------------------------------------------------------
Benchmark                                                                                                                                          Time             CPU   Iterations UserCounters...
----------------------------------------------------------------------------------------------------------------------------------------------------------------------------------------------------
BM_main_graph$async_dispatch_6_system_elf_riscv_64_main_graph$async_dispatch_6_matmul_like_128x56x56x64_f32/process_time/real_time              71.4 ms         71.4 ms            9 items_per_second=13.998/s
BM_main_graph$async_dispatch_6_system_elf_riscv_64_main_graph$async_dispatch_6_matmul_like_128x56x56x64_f32/process_time/real_time              71.8 ms         71.8 ms            9 items_per_second=13.9257/s
BM_main_graph$async_dispatch_6_system_elf_riscv_64_main_graph$async_dispatch_6_matmul_like_128x56x56x64_f32/process_time/real_time              71.4 ms         71.4 ms            9 items_per_second=14.0009/s
BM_main_graph$async_dispatch_6_system_elf_riscv_64_main_graph$async_dispatch_6_matmul_like_128x56x56x64_f32/process_time/real_time              71.4 ms         71.4 ms            9 items_per_second=13.9997/s
BM_main_graph$async_dispatch_6_system_elf_riscv_64_main_graph$async_dispatch_6_matmul_like_128x56x56x64_f32/process_time/real_time              71.8 ms         71.8 ms            9 items_per_second=13.9188/s
BM_main_graph$async_dispatch_6_system_elf_riscv_64_main_graph$async_dispatch_6_matmul_like_128x56x56x64_f32/process_time/real_time              71.5 ms         71.5 ms            9 items_per_second=13.9862/s
BM_main_graph$async_dispatch_6_system_elf_riscv_64_main_graph$async_dispatch_6_matmul_like_128x56x56x64_f32/process_time/real_time              71.4 ms         71.4 ms            9 items_per_second=14.0036/s
BM_main_graph$async_dispatch_6_system_elf_riscv_64_main_graph$async_dispatch_6_matmul_like_128x56x56x64_f32/process_time/real_time              71.7 ms         71.7 ms            9 items_per_second=13.9457/s
BM_main_graph$async_dispatch_6_system_elf_riscv_64_main_graph$async_dispatch_6_matmul_like_128x56x56x64_f32/process_time/real_time              71.5 ms         71.5 ms            9 items_per_second=13.98/s
BM_main_graph$async_dispatch_6_system_elf_riscv_64_main_graph$async_dispatch_6_matmul_like_128x56x56x64_f32/process_time/real_time              71.9 ms         71.8 ms            9 items_per_second=13.9171/s
BM_main_graph$async_dispatch_6_system_elf_riscv_64_main_graph$async_dispatch_6_matmul_like_128x56x56x64_f32/process_time/real_time_mean         71.6 ms         71.6 ms           10 items_per_second=13.9676/s
BM_main_graph$async_dispatch_6_system_elf_riscv_64_main_graph$async_dispatch_6_matmul_like_128x56x56x64_f32/process_time/real_time_median       71.5 ms         71.5 ms           10 items_per_second=13.9831/s
BM_main_graph$async_dispatch_6_system_elf_riscv_64_main_graph$async_dispatch_6_matmul_like_128x56x56x64_f32/process_time/real_time_stddev      0.188 ms        0.179 ms           10 items_per_second=0.0365605/s
BM_main_graph$async_dispatch_6_system_elf_riscv_64_main_graph$async_dispatch_6_matmul_like_128x56x56x64_f32/process_time/real_time_cv           0.26 %          0.25 %            10 items_per_second=0.26%
