2026-01-09T12:21:51.064381
Running tools/iree-benchmark-module --module=/home/dima/sched_vmfb/fastdepth_rvv/module_main_graph$async_dispatch_44_system_elf_riscv_64_benchmark.vmfb --device=local-task --function=main_graph$async_dispatch_44_system_elf_riscv_64_main_graph$async_dispatch_44_matmul_like_32x12544x64_f32 --input=1xi32=1 --task_topology_cpu_ids=0 --benchmark_repetitions=10
2026-01-09T12:21:51+08:00
Running tools/iree-benchmark-module
Run on (8 X 1600 MHz CPU s)
CPU Caches:
  L1 Instruction 32 KiB (x8)
  L1 Data 32 KiB (x8)
  L2 Unified 512 KiB (x2)
Load Average: 3.01, 2.69, 2.56
-----------------------------------------------------------------------------------------------------------------------------------------------------------------------------------------------------
Benchmark                                                                                                                                           Time             CPU   Iterations UserCounters...
-----------------------------------------------------------------------------------------------------------------------------------------------------------------------------------------------------
BM_main_graph$async_dispatch_44_system_elf_riscv_64_main_graph$async_dispatch_44_matmul_like_32x12544x64_f32/process_time/real_time               530 ms          530 ms            1 items_per_second=1.88628/s
BM_main_graph$async_dispatch_44_system_elf_riscv_64_main_graph$async_dispatch_44_matmul_like_32x12544x64_f32/process_time/real_time               525 ms          525 ms            1 items_per_second=1.9045/s
BM_main_graph$async_dispatch_44_system_elf_riscv_64_main_graph$async_dispatch_44_matmul_like_32x12544x64_f32/process_time/real_time               525 ms          525 ms            1 items_per_second=1.90551/s
BM_main_graph$async_dispatch_44_system_elf_riscv_64_main_graph$async_dispatch_44_matmul_like_32x12544x64_f32/process_time/real_time               527 ms          527 ms            1 items_per_second=1.89612/s
BM_main_graph$async_dispatch_44_system_elf_riscv_64_main_graph$async_dispatch_44_matmul_like_32x12544x64_f32/process_time/real_time               525 ms          525 ms            1 items_per_second=1.90392/s
BM_main_graph$async_dispatch_44_system_elf_riscv_64_main_graph$async_dispatch_44_matmul_like_32x12544x64_f32/process_time/real_time               525 ms          525 ms            1 items_per_second=1.90509/s
BM_main_graph$async_dispatch_44_system_elf_riscv_64_main_graph$async_dispatch_44_matmul_like_32x12544x64_f32/process_time/real_time               525 ms          525 ms            1 items_per_second=1.90465/s
BM_main_graph$async_dispatch_44_system_elf_riscv_64_main_graph$async_dispatch_44_matmul_like_32x12544x64_f32/process_time/real_time               527 ms          527 ms            1 items_per_second=1.89621/s
BM_main_graph$async_dispatch_44_system_elf_riscv_64_main_graph$async_dispatch_44_matmul_like_32x12544x64_f32/process_time/real_time               525 ms          525 ms            1 items_per_second=1.90385/s
BM_main_graph$async_dispatch_44_system_elf_riscv_64_main_graph$async_dispatch_44_matmul_like_32x12544x64_f32/process_time/real_time               525 ms          525 ms            1 items_per_second=1.90451/s
BM_main_graph$async_dispatch_44_system_elf_riscv_64_main_graph$async_dispatch_44_matmul_like_32x12544x64_f32/process_time/real_time_mean          526 ms          526 ms           10 items_per_second=1.90106/s
BM_main_graph$async_dispatch_44_system_elf_riscv_64_main_graph$async_dispatch_44_matmul_like_32x12544x64_f32/process_time/real_time_median        525 ms          525 ms           10 items_per_second=1.90421/s
BM_main_graph$async_dispatch_44_system_elf_riscv_64_main_graph$async_dispatch_44_matmul_like_32x12544x64_f32/process_time/real_time_stddev       1.75 ms         1.74 ms           10 items_per_second=6.28155m/s
BM_main_graph$async_dispatch_44_system_elf_riscv_64_main_graph$async_dispatch_44_matmul_like_32x12544x64_f32/process_time/real_time_cv           0.33 %          0.33 %            10 items_per_second=0.33%
