2026-01-09T12:21:07.088774
Running tools/iree-benchmark-module --module=/home/dima/sched_vmfb/fastdepth_rvv/module_main_graph$async_dispatch_38_system_elf_riscv_64_benchmark.vmfb --device=local-task --function=main_graph$async_dispatch_38_system_elf_riscv_64_main_graph$async_dispatch_38_matmul_like_128x784x256_f32 --input=1xi32=1 --task_topology_cpu_ids=0 --benchmark_repetitions=10
2026-01-09T12:21:07+08:00
Running tools/iree-benchmark-module
Run on (8 X 1600 MHz CPU s)
CPU Caches:
  L1 Instruction 32 KiB (x8)
  L1 Data 32 KiB (x8)
  L2 Unified 512 KiB (x2)
Load Average: 3.02, 2.63, 2.54
-----------------------------------------------------------------------------------------------------------------------------------------------------------------------------------------------------
Benchmark                                                                                                                                           Time             CPU   Iterations UserCounters...
-----------------------------------------------------------------------------------------------------------------------------------------------------------------------------------------------------
BM_main_graph$async_dispatch_38_system_elf_riscv_64_main_graph$async_dispatch_38_matmul_like_128x784x256_f32/process_time/real_time               533 ms          533 ms            1 items_per_second=1.87483/s
BM_main_graph$async_dispatch_38_system_elf_riscv_64_main_graph$async_dispatch_38_matmul_like_128x784x256_f32/process_time/real_time               534 ms          534 ms            1 items_per_second=1.87138/s
BM_main_graph$async_dispatch_38_system_elf_riscv_64_main_graph$async_dispatch_38_matmul_like_128x784x256_f32/process_time/real_time               534 ms          534 ms            1 items_per_second=1.87137/s
BM_main_graph$async_dispatch_38_system_elf_riscv_64_main_graph$async_dispatch_38_matmul_like_128x784x256_f32/process_time/real_time               533 ms          533 ms            1 items_per_second=1.87656/s
BM_main_graph$async_dispatch_38_system_elf_riscv_64_main_graph$async_dispatch_38_matmul_like_128x784x256_f32/process_time/real_time               532 ms          532 ms            1 items_per_second=1.87938/s
BM_main_graph$async_dispatch_38_system_elf_riscv_64_main_graph$async_dispatch_38_matmul_like_128x784x256_f32/process_time/real_time               532 ms          532 ms            1 items_per_second=1.87913/s
BM_main_graph$async_dispatch_38_system_elf_riscv_64_main_graph$async_dispatch_38_matmul_like_128x784x256_f32/process_time/real_time               534 ms          534 ms            1 items_per_second=1.87122/s
BM_main_graph$async_dispatch_38_system_elf_riscv_64_main_graph$async_dispatch_38_matmul_like_128x784x256_f32/process_time/real_time               532 ms          532 ms            1 items_per_second=1.87813/s
BM_main_graph$async_dispatch_38_system_elf_riscv_64_main_graph$async_dispatch_38_matmul_like_128x784x256_f32/process_time/real_time               532 ms          532 ms            1 items_per_second=1.87925/s
BM_main_graph$async_dispatch_38_system_elf_riscv_64_main_graph$async_dispatch_38_matmul_like_128x784x256_f32/process_time/real_time               535 ms          535 ms            1 items_per_second=1.87044/s
BM_main_graph$async_dispatch_38_system_elf_riscv_64_main_graph$async_dispatch_38_matmul_like_128x784x256_f32/process_time/real_time_mean          533 ms          533 ms           10 items_per_second=1.87517/s
BM_main_graph$async_dispatch_38_system_elf_riscv_64_main_graph$async_dispatch_38_matmul_like_128x784x256_f32/process_time/real_time_median        533 ms          533 ms           10 items_per_second=1.87569/s
BM_main_graph$async_dispatch_38_system_elf_riscv_64_main_graph$async_dispatch_38_matmul_like_128x784x256_f32/process_time/real_time_stddev       1.07 ms         1.06 ms           10 items_per_second=3.76475m/s
BM_main_graph$async_dispatch_38_system_elf_riscv_64_main_graph$async_dispatch_38_matmul_like_128x784x256_f32/process_time/real_time_cv           0.20 %          0.20 %            10 items_per_second=0.20%
