2026-01-09T12:19:42.874325
Running tools/iree-benchmark-module --module=/home/dima/sched_vmfb/fastdepth_rvv/module_main_graph$async_dispatch_27_system_elf_riscv_64_benchmark.vmfb --device=local-task --function=main_graph$async_dispatch_27_system_elf_riscv_64_main_graph$async_dispatch_27_conv_7x7x512x3x3_f32 --input=1xi32=1 --task_topology_cpu_ids=0 --benchmark_repetitions=10
2026-01-09T12:19:42+08:00
Running tools/iree-benchmark-module
Run on (8 X 1600 MHz CPU s)
CPU Caches:
  L1 Instruction 32 KiB (x8)
  L1 Data 32 KiB (x8)
  L2 Unified 512 KiB (x2)
Load Average: 2.98, 2.49, 2.48
----------------------------------------------------------------------------------------------------------------------------------------------------------------------------------------------
Benchmark                                                                                                                                    Time             CPU   Iterations UserCounters...
----------------------------------------------------------------------------------------------------------------------------------------------------------------------------------------------
BM_main_graph$async_dispatch_27_system_elf_riscv_64_main_graph$async_dispatch_27_conv_7x7x512x3x3_f32/process_time/real_time              1.61 ms         1.62 ms          436 items_per_second=622.033/s
BM_main_graph$async_dispatch_27_system_elf_riscv_64_main_graph$async_dispatch_27_conv_7x7x512x3x3_f32/process_time/real_time              1.60 ms         1.61 ms          436 items_per_second=623.361/s
BM_main_graph$async_dispatch_27_system_elf_riscv_64_main_graph$async_dispatch_27_conv_7x7x512x3x3_f32/process_time/real_time              1.60 ms         1.61 ms          436 items_per_second=624.37/s
BM_main_graph$async_dispatch_27_system_elf_riscv_64_main_graph$async_dispatch_27_conv_7x7x512x3x3_f32/process_time/real_time              1.61 ms         1.62 ms          436 items_per_second=621.902/s
BM_main_graph$async_dispatch_27_system_elf_riscv_64_main_graph$async_dispatch_27_conv_7x7x512x3x3_f32/process_time/real_time              1.60 ms         1.61 ms          436 items_per_second=624.432/s
BM_main_graph$async_dispatch_27_system_elf_riscv_64_main_graph$async_dispatch_27_conv_7x7x512x3x3_f32/process_time/real_time              1.60 ms         1.61 ms          436 items_per_second=624.178/s
BM_main_graph$async_dispatch_27_system_elf_riscv_64_main_graph$async_dispatch_27_conv_7x7x512x3x3_f32/process_time/real_time              1.61 ms         1.62 ms          436 items_per_second=622.056/s
BM_main_graph$async_dispatch_27_system_elf_riscv_64_main_graph$async_dispatch_27_conv_7x7x512x3x3_f32/process_time/real_time              1.60 ms         1.61 ms          436 items_per_second=624.063/s
BM_main_graph$async_dispatch_27_system_elf_riscv_64_main_graph$async_dispatch_27_conv_7x7x512x3x3_f32/process_time/real_time              1.60 ms         1.61 ms          436 items_per_second=624.149/s
BM_main_graph$async_dispatch_27_system_elf_riscv_64_main_graph$async_dispatch_27_conv_7x7x512x3x3_f32/process_time/real_time              1.61 ms         1.62 ms          436 items_per_second=621.751/s
BM_main_graph$async_dispatch_27_system_elf_riscv_64_main_graph$async_dispatch_27_conv_7x7x512x3x3_f32/process_time/real_time_mean         1.60 ms         1.61 ms           10 items_per_second=623.229/s
BM_main_graph$async_dispatch_27_system_elf_riscv_64_main_graph$async_dispatch_27_conv_7x7x512x3x3_f32/process_time/real_time_median       1.60 ms         1.61 ms           10 items_per_second=623.712/s
BM_main_graph$async_dispatch_27_system_elf_riscv_64_main_graph$async_dispatch_27_conv_7x7x512x3x3_f32/process_time/real_time_stddev      0.003 ms        0.003 ms           10 items_per_second=1.15282/s
BM_main_graph$async_dispatch_27_system_elf_riscv_64_main_graph$async_dispatch_27_conv_7x7x512x3x3_f32/process_time/real_time_cv           0.19 %          0.20 %            10 items_per_second=0.18%
