+ /usr/bin/python3 flow_c.py run --workload /scratch2/dima/misc_sw/XPU-RT/qnn_models/flow_c/sweeps/qrb5165_20260829-200620/workloads/baseline_seed0.flowc.json --tag xfer_baseline_seed0 --tuned --out-dir /scratch2/dima/misc_sw/XPU-RT/qnn_models/flow_c/transfer_study/runtimes/baseline_seed0 --log-dir /scratch2/dima/misc_sw/XPU-RT/qnn_models/flow_c/transfer_study/runs/baseline_seed0/rep2 --board root@10.44.120.201 --board-dir /root/flowc_xfer
(cwd=/scratch2/dima/misc_sw/XPU-RT/qnn_models/flow_c)

==> board     : root@10.44.120.201
==> gen dir   : qnn_models/flow_c/transfer_study/runtimes/baseline_seed0
==> board dir : /root/flowc_xfer_xfer_baseline_seed0
==> ctx dir   : /root/qnn_runtime_ctx
==> log dir   : /scratch2/dima/misc_sw/XPU-RT/qnn_models/flow_c/transfer_study/runs/baseline_seed0/rep2
==> runtime env: FLOWC_ITERATIONS=2 

==> built 87672 B
==> running...
==> exit code: 0
==> log: /scratch2/dima/misc_sw/XPU-RT/qnn_models/flow_c/transfer_study/runs/baseline_seed0/rep2/run.log (82 lines)

--- summary ---
[main] iteration 1/2 wall=85.421 ms
[main] iteration 2/2 wall=85.557 ms
[summary] 20/20 entries executed, wall=85.557 ms (predicted makespan 67.571 ms, ratio 1.27x), tensor handoffs=3


=== run =========================================================
  [tuned] governor -> performance, FLOWC_ITERATIONS=2
+ bash qnn_models/runtime/deploy_and_run.sh qnn_models/flow_c/transfer_study/runtimes/baseline_seed0 root@10.44.120.201 /root/flowc_xfer_xfer_baseline_seed0
  [tuned] governor restored to schedutil

--- stderr ---
runtime_main.cpp:341:13: warning: 'void pin_to(int)' defined but not used [-Wunused-function]
  341 | static void pin_to(int core) {
      |             ^~~~~~
