2026-01-09T08:41:19.813999
Running tools/iree-benchmark-module --module=/home/dima/sched_vmfb/glpdepth_scalar/module_main_graph$async_dispatch_41_embedded_elf_riscv_64_benchmark.vmfb --device=local-task --function=main_graph$async_dispatch_41_embedded_elf_riscv_64_main_graph$async_dispatch_41_elementwise_broadcast_3136_f32 --input=1xi32=1 --task_topology_cpu_ids=0,1,2 --benchmark_repetitions=10
2026-01-09T08:41:19+08:00
Running tools/iree-benchmark-module
Run on (8 X 1600 MHz CPU s)
CPU Caches:
  L1 Instruction 32 KiB (x8)
  L1 Data 32 KiB (x8)
  L2 Unified 512 KiB (x2)
Load Average: 4.68, 4.56, 3.94
----------------------------------------------------------------------------------------------------------------------------------------------------------------------------------------------------------
Benchmark                                                                                                                                                Time             CPU   Iterations UserCounters...
----------------------------------------------------------------------------------------------------------------------------------------------------------------------------------------------------------
BM_main_graph$async_dispatch_41_embedded_elf_riscv_64_main_graph$async_dispatch_41_elementwise_broadcast_3136_f32/process_time/real_time             0.159 ms        0.164 ms         4383 items_per_second=6.28178k/s
BM_main_graph$async_dispatch_41_embedded_elf_riscv_64_main_graph$async_dispatch_41_elementwise_broadcast_3136_f32/process_time/real_time             0.161 ms        0.166 ms         4383 items_per_second=6.19377k/s
BM_main_graph$async_dispatch_41_embedded_elf_riscv_64_main_graph$async_dispatch_41_elementwise_broadcast_3136_f32/process_time/real_time             0.159 ms        0.164 ms         4383 items_per_second=6.30249k/s
BM_main_graph$async_dispatch_41_embedded_elf_riscv_64_main_graph$async_dispatch_41_elementwise_broadcast_3136_f32/process_time/real_time             0.158 ms        0.164 ms         4383 items_per_second=6.31557k/s
BM_main_graph$async_dispatch_41_embedded_elf_riscv_64_main_graph$async_dispatch_41_elementwise_broadcast_3136_f32/process_time/real_time             0.161 ms        0.165 ms         4383 items_per_second=6.22756k/s
BM_main_graph$async_dispatch_41_embedded_elf_riscv_64_main_graph$async_dispatch_41_elementwise_broadcast_3136_f32/process_time/real_time             0.159 ms        0.164 ms         4383 items_per_second=6.30192k/s
BM_main_graph$async_dispatch_41_embedded_elf_riscv_64_main_graph$async_dispatch_41_elementwise_broadcast_3136_f32/process_time/real_time             0.160 ms        0.164 ms         4383 items_per_second=6.26338k/s
BM_main_graph$async_dispatch_41_embedded_elf_riscv_64_main_graph$async_dispatch_41_elementwise_broadcast_3136_f32/process_time/real_time             0.160 ms        0.165 ms         4383 items_per_second=6.23831k/s
BM_main_graph$async_dispatch_41_embedded_elf_riscv_64_main_graph$async_dispatch_41_elementwise_broadcast_3136_f32/process_time/real_time             0.158 ms        0.164 ms         4383 items_per_second=6.30935k/s
BM_main_graph$async_dispatch_41_embedded_elf_riscv_64_main_graph$async_dispatch_41_elementwise_broadcast_3136_f32/process_time/real_time             0.157 ms        0.163 ms         4383 items_per_second=6.35186k/s
BM_main_graph$async_dispatch_41_embedded_elf_riscv_64_main_graph$async_dispatch_41_elementwise_broadcast_3136_f32/process_time/real_time_mean        0.159 ms        0.164 ms           10 items_per_second=6.2786k/s
BM_main_graph$async_dispatch_41_embedded_elf_riscv_64_main_graph$async_dispatch_41_elementwise_broadcast_3136_f32/process_time/real_time_median      0.159 ms        0.164 ms           10 items_per_second=6.29185k/s
BM_main_graph$async_dispatch_41_embedded_elf_riscv_64_main_graph$async_dispatch_41_elementwise_broadcast_3136_f32/process_time/real_time_stddev      0.001 ms        0.001 ms           10 items_per_second=47.6799/s
BM_main_graph$async_dispatch_41_embedded_elf_riscv_64_main_graph$async_dispatch_41_elementwise_broadcast_3136_f32/process_time/real_time_cv           0.76 %          0.45 %            10 items_per_second=0.76%
