2026-01-09T08:45:27.252711
Running tools/iree-benchmark-module --module=/home/dima/sched_vmfb/glpdepth_scalar/module_main_graph$async_dispatch_9_embedded_elf_riscv_64_benchmark.vmfb --device=local-task --function=main_graph$async_dispatch_9_embedded_elf_riscv_64_main_graph$async_dispatch_9_matmul_like_3136x49x32_f32 --input=1xi32=1 --task_topology_cpu_ids=0,1,2 --benchmark_repetitions=10
2026-01-09T08:45:27+08:00
Running tools/iree-benchmark-module
Run on (8 X 1600 MHz CPU s)
CPU Caches:
  L1 Instruction 32 KiB (x8)
  L1 Data 32 KiB (x8)
  L2 Unified 512 KiB (x2)
Load Average: 4.11, 4.38, 4.02
----------------------------------------------------------------------------------------------------------------------------------------------------------------------------------------------------
Benchmark                                                                                                                                          Time             CPU   Iterations UserCounters...
----------------------------------------------------------------------------------------------------------------------------------------------------------------------------------------------------
BM_main_graph$async_dispatch_9_embedded_elf_riscv_64_main_graph$async_dispatch_9_matmul_like_3136x49x32_f32/process_time/real_time              2.03 ms         5.65 ms          341 items_per_second=492.929/s
BM_main_graph$async_dispatch_9_embedded_elf_riscv_64_main_graph$async_dispatch_9_matmul_like_3136x49x32_f32/process_time/real_time              2.11 ms         5.77 ms          341 items_per_second=474.62/s
BM_main_graph$async_dispatch_9_embedded_elf_riscv_64_main_graph$async_dispatch_9_matmul_like_3136x49x32_f32/process_time/real_time              2.08 ms         5.73 ms          341 items_per_second=481.728/s
BM_main_graph$async_dispatch_9_embedded_elf_riscv_64_main_graph$async_dispatch_9_matmul_like_3136x49x32_f32/process_time/real_time              2.01 ms         5.64 ms          341 items_per_second=496.48/s
BM_main_graph$async_dispatch_9_embedded_elf_riscv_64_main_graph$async_dispatch_9_matmul_like_3136x49x32_f32/process_time/real_time              2.02 ms         5.64 ms          341 items_per_second=495.7/s
BM_main_graph$async_dispatch_9_embedded_elf_riscv_64_main_graph$async_dispatch_9_matmul_like_3136x49x32_f32/process_time/real_time              2.03 ms         5.64 ms          341 items_per_second=493.675/s
BM_main_graph$async_dispatch_9_embedded_elf_riscv_64_main_graph$async_dispatch_9_matmul_like_3136x49x32_f32/process_time/real_time              2.02 ms         5.64 ms          341 items_per_second=495.105/s
BM_main_graph$async_dispatch_9_embedded_elf_riscv_64_main_graph$async_dispatch_9_matmul_like_3136x49x32_f32/process_time/real_time              2.02 ms         5.64 ms          341 items_per_second=495.611/s
BM_main_graph$async_dispatch_9_embedded_elf_riscv_64_main_graph$async_dispatch_9_matmul_like_3136x49x32_f32/process_time/real_time              2.07 ms         5.73 ms          341 items_per_second=482.993/s
BM_main_graph$async_dispatch_9_embedded_elf_riscv_64_main_graph$async_dispatch_9_matmul_like_3136x49x32_f32/process_time/real_time              2.09 ms         5.76 ms          341 items_per_second=478.115/s
BM_main_graph$async_dispatch_9_embedded_elf_riscv_64_main_graph$async_dispatch_9_matmul_like_3136x49x32_f32/process_time/real_time_mean         2.05 ms         5.68 ms           10 items_per_second=488.696/s
BM_main_graph$async_dispatch_9_embedded_elf_riscv_64_main_graph$async_dispatch_9_matmul_like_3136x49x32_f32/process_time/real_time_median       2.03 ms         5.65 ms           10 items_per_second=493.302/s
BM_main_graph$async_dispatch_9_embedded_elf_riscv_64_main_graph$async_dispatch_9_matmul_like_3136x49x32_f32/process_time/real_time_stddev      0.035 ms        0.057 ms           10 items_per_second=8.38286/s
BM_main_graph$async_dispatch_9_embedded_elf_riscv_64_main_graph$async_dispatch_9_matmul_like_3136x49x32_f32/process_time/real_time_cv           1.73 %          1.00 %            10 items_per_second=1.72%
