2026-01-09T08:35:34.582669
Running tools/iree-benchmark-module --module=/home/dima/sched_vmfb/glpdepth_scalar/module_main_graph$async_dispatch_128_embedded_elf_riscv_64_benchmark.vmfb --device=local-task --function=main_graph$async_dispatch_128_embedded_elf_riscv_64_main_graph$async_dispatch_128_matmul_like_64x49x256_f32 --input=1xi32=1 --task_topology_cpu_ids=0,1,2 --benchmark_repetitions=10
2026-01-09T08:35:34+08:00
Running tools/iree-benchmark-module
Run on (8 X 1600 MHz CPU s)
CPU Caches:
  L1 Instruction 32 KiB (x8)
  L1 Data 32 KiB (x8)
  L2 Unified 512 KiB (x2)
Load Average: 4.47, 4.13, 3.57
-------------------------------------------------------------------------------------------------------------------------------------------------------------------------------------------------------
Benchmark                                                                                                                                             Time             CPU   Iterations UserCounters...
-------------------------------------------------------------------------------------------------------------------------------------------------------------------------------------------------------
BM_main_graph$async_dispatch_128_embedded_elf_riscv_64_main_graph$async_dispatch_128_matmul_like_64x49x256_f32/process_time/real_time              18.1 ms         48.1 ms           39 items_per_second=55.3431/s
BM_main_graph$async_dispatch_128_embedded_elf_riscv_64_main_graph$async_dispatch_128_matmul_like_64x49x256_f32/process_time/real_time              18.1 ms         48.1 ms           39 items_per_second=55.3874/s
BM_main_graph$async_dispatch_128_embedded_elf_riscv_64_main_graph$async_dispatch_128_matmul_like_64x49x256_f32/process_time/real_time              18.1 ms         48.2 ms           39 items_per_second=55.3883/s
BM_main_graph$async_dispatch_128_embedded_elf_riscv_64_main_graph$async_dispatch_128_matmul_like_64x49x256_f32/process_time/real_time              18.0 ms         48.1 ms           39 items_per_second=55.4077/s
BM_main_graph$async_dispatch_128_embedded_elf_riscv_64_main_graph$async_dispatch_128_matmul_like_64x49x256_f32/process_time/real_time              18.1 ms         48.2 ms           39 items_per_second=55.3506/s
BM_main_graph$async_dispatch_128_embedded_elf_riscv_64_main_graph$async_dispatch_128_matmul_like_64x49x256_f32/process_time/real_time              18.0 ms         48.2 ms           39 items_per_second=55.4147/s
BM_main_graph$async_dispatch_128_embedded_elf_riscv_64_main_graph$async_dispatch_128_matmul_like_64x49x256_f32/process_time/real_time              18.0 ms         48.1 ms           39 items_per_second=55.4235/s
BM_main_graph$async_dispatch_128_embedded_elf_riscv_64_main_graph$async_dispatch_128_matmul_like_64x49x256_f32/process_time/real_time              18.0 ms         48.1 ms           39 items_per_second=55.4197/s
BM_main_graph$async_dispatch_128_embedded_elf_riscv_64_main_graph$async_dispatch_128_matmul_like_64x49x256_f32/process_time/real_time              18.1 ms         48.2 ms           39 items_per_second=55.3822/s
BM_main_graph$async_dispatch_128_embedded_elf_riscv_64_main_graph$async_dispatch_128_matmul_like_64x49x256_f32/process_time/real_time              18.1 ms         48.1 ms           39 items_per_second=55.3946/s
BM_main_graph$async_dispatch_128_embedded_elf_riscv_64_main_graph$async_dispatch_128_matmul_like_64x49x256_f32/process_time/real_time_mean         18.1 ms         48.2 ms           10 items_per_second=55.3912/s
BM_main_graph$async_dispatch_128_embedded_elf_riscv_64_main_graph$async_dispatch_128_matmul_like_64x49x256_f32/process_time/real_time_median       18.1 ms         48.1 ms           10 items_per_second=55.3915/s
BM_main_graph$async_dispatch_128_embedded_elf_riscv_64_main_graph$async_dispatch_128_matmul_like_64x49x256_f32/process_time/real_time_stddev      0.009 ms        0.033 ms           10 items_per_second=0.027408/s
BM_main_graph$async_dispatch_128_embedded_elf_riscv_64_main_graph$async_dispatch_128_matmul_like_64x49x256_f32/process_time/real_time_cv           0.05 %          0.07 %            10 items_per_second=0.05%
