2026-01-09T08:36:25.709938
Running tools/iree-benchmark-module --module=/home/dima/sched_vmfb/glpdepth_scalar/module_main_graph$async_dispatch_134_embedded_elf_riscv_64_benchmark.vmfb --device=local-task --function=main_graph$async_dispatch_134_embedded_elf_riscv_64_main_graph$async_dispatch_134_conv_2x14x14x32x3x3_f32 --input=1xi32=1 --task_topology_cpu_ids=0,1,2 --benchmark_repetitions=10
2026-01-09T08:36:25+08:00
Running tools/iree-benchmark-module
Run on (8 X 1600 MHz CPU s)
CPU Caches:
  L1 Instruction 32 KiB (x8)
  L1 Data 32 KiB (x8)
  L2 Unified 512 KiB (x2)
Load Average: 4.57, 4.22, 3.63
-----------------------------------------------------------------------------------------------------------------------------------------------------------------------------------------------------
Benchmark                                                                                                                                           Time             CPU   Iterations UserCounters...
-----------------------------------------------------------------------------------------------------------------------------------------------------------------------------------------------------
BM_main_graph$async_dispatch_134_embedded_elf_riscv_64_main_graph$async_dispatch_134_conv_2x14x14x32x3x3_f32/process_time/real_time             0.351 ms        0.853 ms         1986 items_per_second=2.84685k/s
BM_main_graph$async_dispatch_134_embedded_elf_riscv_64_main_graph$async_dispatch_134_conv_2x14x14x32x3x3_f32/process_time/real_time             0.351 ms        0.854 ms         1986 items_per_second=2.84567k/s
BM_main_graph$async_dispatch_134_embedded_elf_riscv_64_main_graph$async_dispatch_134_conv_2x14x14x32x3x3_f32/process_time/real_time             0.380 ms        0.858 ms         1986 items_per_second=2.62885k/s
BM_main_graph$async_dispatch_134_embedded_elf_riscv_64_main_graph$async_dispatch_134_conv_2x14x14x32x3x3_f32/process_time/real_time             0.353 ms        0.855 ms         1986 items_per_second=2.83284k/s
BM_main_graph$async_dispatch_134_embedded_elf_riscv_64_main_graph$async_dispatch_134_conv_2x14x14x32x3x3_f32/process_time/real_time             0.353 ms        0.854 ms         1986 items_per_second=2.83193k/s
BM_main_graph$async_dispatch_134_embedded_elf_riscv_64_main_graph$async_dispatch_134_conv_2x14x14x32x3x3_f32/process_time/real_time             0.353 ms        0.854 ms         1986 items_per_second=2.83442k/s
BM_main_graph$async_dispatch_134_embedded_elf_riscv_64_main_graph$async_dispatch_134_conv_2x14x14x32x3x3_f32/process_time/real_time             0.356 ms        0.855 ms         1986 items_per_second=2.80739k/s
BM_main_graph$async_dispatch_134_embedded_elf_riscv_64_main_graph$async_dispatch_134_conv_2x14x14x32x3x3_f32/process_time/real_time             0.353 ms        0.854 ms         1986 items_per_second=2.82997k/s
BM_main_graph$async_dispatch_134_embedded_elf_riscv_64_main_graph$async_dispatch_134_conv_2x14x14x32x3x3_f32/process_time/real_time             0.354 ms        0.854 ms         1986 items_per_second=2.82835k/s
BM_main_graph$async_dispatch_134_embedded_elf_riscv_64_main_graph$async_dispatch_134_conv_2x14x14x32x3x3_f32/process_time/real_time             0.356 ms        0.856 ms         1986 items_per_second=2.80611k/s
BM_main_graph$async_dispatch_134_embedded_elf_riscv_64_main_graph$async_dispatch_134_conv_2x14x14x32x3x3_f32/process_time/real_time_mean        0.356 ms        0.855 ms           10 items_per_second=2.80924k/s
BM_main_graph$async_dispatch_134_embedded_elf_riscv_64_main_graph$async_dispatch_134_conv_2x14x14x32x3x3_f32/process_time/real_time_median      0.353 ms        0.854 ms           10 items_per_second=2.83095k/s
BM_main_graph$async_dispatch_134_embedded_elf_riscv_64_main_graph$async_dispatch_134_conv_2x14x14x32x3x3_f32/process_time/real_time_stddev      0.009 ms        0.001 ms           10 items_per_second=64.8033/s
BM_main_graph$async_dispatch_134_embedded_elf_riscv_64_main_graph$async_dispatch_134_conv_2x14x14x32x3x3_f32/process_time/real_time_cv           2.44 %          0.17 %            10 items_per_second=2.31%
