2026-01-09T08:34:58.019085
Running tools/iree-benchmark-module --module=/home/dima/sched_vmfb/glpdepth_scalar/module_main_graph$async_dispatch_111_embedded_elf_riscv_64_benchmark.vmfb --device=local-task --function=main_graph$async_dispatch_111_embedded_elf_riscv_64_main_graph$async_dispatch_111_matmul_like_1024x7x7x256_f32 --input=1xi32=1 --task_topology_cpu_ids=0,1,2 --benchmark_repetitions=10
2026-01-09T08:34:58+08:00
Running tools/iree-benchmark-module
Run on (8 X 1600 MHz CPU s)
CPU Caches:
  L1 Instruction 32 KiB (x8)
  L1 Data 32 KiB (x8)
  L2 Unified 512 KiB (x2)
Load Average: 4.49, 4.09, 3.53
----------------------------------------------------------------------------------------------------------------------------------------------------------------------------------------------------------
Benchmark                                                                                                                                                Time             CPU   Iterations UserCounters...
----------------------------------------------------------------------------------------------------------------------------------------------------------------------------------------------------------
BM_main_graph$async_dispatch_111_embedded_elf_riscv_64_main_graph$async_dispatch_111_matmul_like_1024x7x7x256_f32/process_time/real_time               123 ms          332 ms            6 items_per_second=8.16097/s
BM_main_graph$async_dispatch_111_embedded_elf_riscv_64_main_graph$async_dispatch_111_matmul_like_1024x7x7x256_f32/process_time/real_time               123 ms          334 ms            6 items_per_second=8.12059/s
BM_main_graph$async_dispatch_111_embedded_elf_riscv_64_main_graph$async_dispatch_111_matmul_like_1024x7x7x256_f32/process_time/real_time               123 ms          334 ms            6 items_per_second=8.13474/s
BM_main_graph$async_dispatch_111_embedded_elf_riscv_64_main_graph$async_dispatch_111_matmul_like_1024x7x7x256_f32/process_time/real_time               123 ms          333 ms            6 items_per_second=8.14516/s
BM_main_graph$async_dispatch_111_embedded_elf_riscv_64_main_graph$async_dispatch_111_matmul_like_1024x7x7x256_f32/process_time/real_time               123 ms          333 ms            6 items_per_second=8.13867/s
BM_main_graph$async_dispatch_111_embedded_elf_riscv_64_main_graph$async_dispatch_111_matmul_like_1024x7x7x256_f32/process_time/real_time               123 ms          334 ms            6 items_per_second=8.12957/s
BM_main_graph$async_dispatch_111_embedded_elf_riscv_64_main_graph$async_dispatch_111_matmul_like_1024x7x7x256_f32/process_time/real_time               124 ms          335 ms            6 items_per_second=8.09598/s
BM_main_graph$async_dispatch_111_embedded_elf_riscv_64_main_graph$async_dispatch_111_matmul_like_1024x7x7x256_f32/process_time/real_time               123 ms          334 ms            6 items_per_second=8.12241/s
BM_main_graph$async_dispatch_111_embedded_elf_riscv_64_main_graph$async_dispatch_111_matmul_like_1024x7x7x256_f32/process_time/real_time               122 ms          332 ms            6 items_per_second=8.16832/s
BM_main_graph$async_dispatch_111_embedded_elf_riscv_64_main_graph$async_dispatch_111_matmul_like_1024x7x7x256_f32/process_time/real_time               123 ms          333 ms            6 items_per_second=8.14287/s
BM_main_graph$async_dispatch_111_embedded_elf_riscv_64_main_graph$async_dispatch_111_matmul_like_1024x7x7x256_f32/process_time/real_time_mean          123 ms          333 ms           10 items_per_second=8.13593/s
BM_main_graph$async_dispatch_111_embedded_elf_riscv_64_main_graph$async_dispatch_111_matmul_like_1024x7x7x256_f32/process_time/real_time_median        123 ms          334 ms           10 items_per_second=8.1367/s
BM_main_graph$async_dispatch_111_embedded_elf_riscv_64_main_graph$async_dispatch_111_matmul_like_1024x7x7x256_f32/process_time/real_time_stddev      0.314 ms        0.903 ms           10 items_per_second=0.0207432/s
BM_main_graph$async_dispatch_111_embedded_elf_riscv_64_main_graph$async_dispatch_111_matmul_like_1024x7x7x256_f32/process_time/real_time_cv           0.26 %          0.27 %            10 items_per_second=0.25%
