2026-01-09T08:45:12.807587
Running tools/iree-benchmark-module --module=/home/dima/sched_vmfb/glpdepth_scalar/module_main_graph$async_dispatch_98_embedded_elf_riscv_64_benchmark.vmfb --device=local-task --function=main_graph$async_dispatch_98_embedded_elf_riscv_64_main_graph$async_dispatch_98_reduction_196x160_f32 --input=1xi32=1 --task_topology_cpu_ids=0,1,2 --benchmark_repetitions=10
2026-01-09T08:45:12+08:00
Running tools/iree-benchmark-module
Run on (8 X 1600 MHz CPU s)
CPU Caches:
  L1 Instruction 32 KiB (x8)
  L1 Data 32 KiB (x8)
  L2 Unified 512 KiB (x2)
Load Average: 4.16, 4.40, 4.02
-------------------------------------------------------------------------------------------------------------------------------------------------------------------------------------------------
Benchmark                                                                                                                                       Time             CPU   Iterations UserCounters...
-------------------------------------------------------------------------------------------------------------------------------------------------------------------------------------------------
BM_main_graph$async_dispatch_98_embedded_elf_riscv_64_main_graph$async_dispatch_98_reduction_196x160_f32/process_time/real_time             0.709 ms         1.82 ms          988 items_per_second=1.41031k/s
BM_main_graph$async_dispatch_98_embedded_elf_riscv_64_main_graph$async_dispatch_98_reduction_196x160_f32/process_time/real_time             0.707 ms         1.82 ms          988 items_per_second=1.41486k/s
BM_main_graph$async_dispatch_98_embedded_elf_riscv_64_main_graph$async_dispatch_98_reduction_196x160_f32/process_time/real_time             0.710 ms         1.82 ms          988 items_per_second=1.40778k/s
BM_main_graph$async_dispatch_98_embedded_elf_riscv_64_main_graph$async_dispatch_98_reduction_196x160_f32/process_time/real_time             0.708 ms         1.82 ms          988 items_per_second=1.41149k/s
BM_main_graph$async_dispatch_98_embedded_elf_riscv_64_main_graph$async_dispatch_98_reduction_196x160_f32/process_time/real_time             0.708 ms         1.82 ms          988 items_per_second=1.41327k/s
BM_main_graph$async_dispatch_98_embedded_elf_riscv_64_main_graph$async_dispatch_98_reduction_196x160_f32/process_time/real_time             0.709 ms         1.82 ms          988 items_per_second=1.40997k/s
BM_main_graph$async_dispatch_98_embedded_elf_riscv_64_main_graph$async_dispatch_98_reduction_196x160_f32/process_time/real_time             0.727 ms         1.82 ms          988 items_per_second=1.3764k/s
BM_main_graph$async_dispatch_98_embedded_elf_riscv_64_main_graph$async_dispatch_98_reduction_196x160_f32/process_time/real_time             0.715 ms         1.82 ms          988 items_per_second=1.3993k/s
BM_main_graph$async_dispatch_98_embedded_elf_riscv_64_main_graph$async_dispatch_98_reduction_196x160_f32/process_time/real_time             0.708 ms         1.82 ms          988 items_per_second=1.41288k/s
BM_main_graph$async_dispatch_98_embedded_elf_riscv_64_main_graph$async_dispatch_98_reduction_196x160_f32/process_time/real_time             0.708 ms         1.82 ms          988 items_per_second=1.41163k/s
BM_main_graph$async_dispatch_98_embedded_elf_riscv_64_main_graph$async_dispatch_98_reduction_196x160_f32/process_time/real_time_mean        0.711 ms         1.82 ms           10 items_per_second=1.40679k/s
BM_main_graph$async_dispatch_98_embedded_elf_riscv_64_main_graph$async_dispatch_98_reduction_196x160_f32/process_time/real_time_median      0.709 ms         1.82 ms           10 items_per_second=1.4109k/s
BM_main_graph$async_dispatch_98_embedded_elf_riscv_64_main_graph$async_dispatch_98_reduction_196x160_f32/process_time/real_time_stddev      0.006 ms        0.002 ms           10 items_per_second=11.5121/s
BM_main_graph$async_dispatch_98_embedded_elf_riscv_64_main_graph$async_dispatch_98_reduction_196x160_f32/process_time/real_time_cv           0.83 %          0.08 %            10 items_per_second=0.82%
