2026-01-09T08:43:44.572093
Running tools/iree-benchmark-module --module=/home/dima/sched_vmfb/glpdepth_scalar/module_main_graph$async_dispatch_73_embedded_elf_riscv_64_benchmark.vmfb --device=local-task --function=main_graph$async_dispatch_73_embedded_elf_riscv_64_main_graph$async_dispatch_73_elementwise_broadcast_7840_f32 --input=1xi32=1 --task_topology_cpu_ids=0,1,2 --benchmark_repetitions=10
2026-01-09T08:43:44+08:00
Running tools/iree-benchmark-module
Run on (8 X 1600 MHz CPU s)
CPU Caches:
  L1 Instruction 32 KiB (x8)
  L1 Data 32 KiB (x8)
  L2 Unified 512 KiB (x2)
Load Average: 4.43, 4.51, 4.01
----------------------------------------------------------------------------------------------------------------------------------------------------------------------------------------------------------
Benchmark                                                                                                                                                Time             CPU   Iterations UserCounters...
----------------------------------------------------------------------------------------------------------------------------------------------------------------------------------------------------------
BM_main_graph$async_dispatch_73_embedded_elf_riscv_64_main_graph$async_dispatch_73_elementwise_broadcast_7840_f32/process_time/real_time             0.146 ms        0.167 ms         4738 items_per_second=6.85681k/s
BM_main_graph$async_dispatch_73_embedded_elf_riscv_64_main_graph$async_dispatch_73_elementwise_broadcast_7840_f32/process_time/real_time             0.146 ms        0.167 ms         4738 items_per_second=6.84906k/s
BM_main_graph$async_dispatch_73_embedded_elf_riscv_64_main_graph$async_dispatch_73_elementwise_broadcast_7840_f32/process_time/real_time             0.146 ms        0.167 ms         4738 items_per_second=6.83897k/s
BM_main_graph$async_dispatch_73_embedded_elf_riscv_64_main_graph$async_dispatch_73_elementwise_broadcast_7840_f32/process_time/real_time             0.146 ms        0.167 ms         4738 items_per_second=6.86382k/s
BM_main_graph$async_dispatch_73_embedded_elf_riscv_64_main_graph$async_dispatch_73_elementwise_broadcast_7840_f32/process_time/real_time             0.146 ms        0.167 ms         4738 items_per_second=6.85148k/s
BM_main_graph$async_dispatch_73_embedded_elf_riscv_64_main_graph$async_dispatch_73_elementwise_broadcast_7840_f32/process_time/real_time             0.147 ms        0.168 ms         4738 items_per_second=6.81924k/s
BM_main_graph$async_dispatch_73_embedded_elf_riscv_64_main_graph$async_dispatch_73_elementwise_broadcast_7840_f32/process_time/real_time             0.146 ms        0.167 ms         4738 items_per_second=6.85137k/s
BM_main_graph$async_dispatch_73_embedded_elf_riscv_64_main_graph$async_dispatch_73_elementwise_broadcast_7840_f32/process_time/real_time             0.146 ms        0.167 ms         4738 items_per_second=6.86356k/s
BM_main_graph$async_dispatch_73_embedded_elf_riscv_64_main_graph$async_dispatch_73_elementwise_broadcast_7840_f32/process_time/real_time             0.146 ms        0.168 ms         4738 items_per_second=6.83391k/s
BM_main_graph$async_dispatch_73_embedded_elf_riscv_64_main_graph$async_dispatch_73_elementwise_broadcast_7840_f32/process_time/real_time             0.145 ms        0.166 ms         4738 items_per_second=6.88816k/s
BM_main_graph$async_dispatch_73_embedded_elf_riscv_64_main_graph$async_dispatch_73_elementwise_broadcast_7840_f32/process_time/real_time_mean        0.146 ms        0.167 ms           10 items_per_second=6.85164k/s
BM_main_graph$async_dispatch_73_embedded_elf_riscv_64_main_graph$async_dispatch_73_elementwise_broadcast_7840_f32/process_time/real_time_median      0.146 ms        0.167 ms           10 items_per_second=6.85143k/s
BM_main_graph$async_dispatch_73_embedded_elf_riscv_64_main_graph$async_dispatch_73_elementwise_broadcast_7840_f32/process_time/real_time_stddev      0.000 ms        0.000 ms           10 items_per_second=18.806/s
BM_main_graph$async_dispatch_73_embedded_elf_riscv_64_main_graph$async_dispatch_73_elementwise_broadcast_7840_f32/process_time/real_time_cv           0.27 %          0.29 %            10 items_per_second=0.27%
