2026-01-09T08:45:19.968099
Running tools/iree-benchmark-module --module=/home/dima/sched_vmfb/glpdepth_scalar/module_main_graph$async_dispatch_99_embedded_elf_riscv_64_benchmark.vmfb --device=local-task --function=main_graph$async_dispatch_99_embedded_elf_riscv_64_main_graph$async_dispatch_99_slow_memcpy --input=1xi32=1 --task_topology_cpu_ids=0,1,2 --benchmark_repetitions=10
2026-01-09T08:45:19+08:00
Running tools/iree-benchmark-module
Run on (8 X 1600 MHz CPU s)
CPU Caches:
  L1 Instruction 32 KiB (x8)
  L1 Data 32 KiB (x8)
  L2 Unified 512 KiB (x2)
Load Average: 4.22, 4.41, 4.03
---------------------------------------------------------------------------------------------------------------------------------------------------------------------------------------
Benchmark                                                                                                                             Time             CPU   Iterations UserCounters...
---------------------------------------------------------------------------------------------------------------------------------------------------------------------------------------
BM_main_graph$async_dispatch_99_embedded_elf_riscv_64_main_graph$async_dispatch_99_slow_memcpy/process_time/real_time             0.130 ms        0.222 ms         5385 items_per_second=7.70183k/s
BM_main_graph$async_dispatch_99_embedded_elf_riscv_64_main_graph$async_dispatch_99_slow_memcpy/process_time/real_time             0.130 ms        0.222 ms         5385 items_per_second=7.69207k/s
BM_main_graph$async_dispatch_99_embedded_elf_riscv_64_main_graph$async_dispatch_99_slow_memcpy/process_time/real_time             0.130 ms        0.221 ms         5385 items_per_second=7.7184k/s
BM_main_graph$async_dispatch_99_embedded_elf_riscv_64_main_graph$async_dispatch_99_slow_memcpy/process_time/real_time             0.129 ms        0.221 ms         5385 items_per_second=7.74272k/s
BM_main_graph$async_dispatch_99_embedded_elf_riscv_64_main_graph$async_dispatch_99_slow_memcpy/process_time/real_time             0.130 ms        0.223 ms         5385 items_per_second=7.70772k/s
BM_main_graph$async_dispatch_99_embedded_elf_riscv_64_main_graph$async_dispatch_99_slow_memcpy/process_time/real_time             0.128 ms        0.223 ms         5385 items_per_second=7.81786k/s
BM_main_graph$async_dispatch_99_embedded_elf_riscv_64_main_graph$async_dispatch_99_slow_memcpy/process_time/real_time             0.128 ms        0.223 ms         5385 items_per_second=7.82054k/s
BM_main_graph$async_dispatch_99_embedded_elf_riscv_64_main_graph$async_dispatch_99_slow_memcpy/process_time/real_time             0.128 ms        0.223 ms         5385 items_per_second=7.84145k/s
BM_main_graph$async_dispatch_99_embedded_elf_riscv_64_main_graph$async_dispatch_99_slow_memcpy/process_time/real_time             0.128 ms        0.223 ms         5385 items_per_second=7.82797k/s
BM_main_graph$async_dispatch_99_embedded_elf_riscv_64_main_graph$async_dispatch_99_slow_memcpy/process_time/real_time             0.128 ms        0.222 ms         5385 items_per_second=7.83446k/s
BM_main_graph$async_dispatch_99_embedded_elf_riscv_64_main_graph$async_dispatch_99_slow_memcpy/process_time/real_time_mean        0.129 ms        0.222 ms           10 items_per_second=7.7705k/s
BM_main_graph$async_dispatch_99_embedded_elf_riscv_64_main_graph$async_dispatch_99_slow_memcpy/process_time/real_time_median      0.129 ms        0.222 ms           10 items_per_second=7.78029k/s
BM_main_graph$async_dispatch_99_embedded_elf_riscv_64_main_graph$async_dispatch_99_slow_memcpy/process_time/real_time_stddev      0.001 ms        0.001 ms           10 items_per_second=62.7776/s
BM_main_graph$async_dispatch_99_embedded_elf_riscv_64_main_graph$async_dispatch_99_slow_memcpy/process_time/real_time_cv           0.81 %          0.32 %            10 items_per_second=0.81%
