2026-01-09T08:34:21.575788
Running tools/iree-benchmark-module --module=/home/dima/sched_vmfb/glpdepth_scalar/module_main_graph$async_dispatch_107_embedded_elf_riscv_64_benchmark.vmfb --device=local-task --function=main_graph$async_dispatch_107_embedded_elf_riscv_64_main_graph$async_dispatch_107_softmax_8x49x49xf32_dispatch_tensor_store --input=1xi32=1 --task_topology_cpu_ids=0,1,2 --benchmark_repetitions=10
2026-01-09T08:34:21+08:00
Running tools/iree-benchmark-module
Run on (8 X 1600 MHz CPU s)
CPU Caches:
  L1 Instruction 32 KiB (x8)
  L1 Data 32 KiB (x8)
  L2 Unified 512 KiB (x2)
Load Average: 4.35, 4.02, 3.49
-----------------------------------------------------------------------------------------------------------------------------------------------------------------------------------------------------------------------
Benchmark                                                                                                                                                             Time             CPU   Iterations UserCounters...
-----------------------------------------------------------------------------------------------------------------------------------------------------------------------------------------------------------------------
BM_main_graph$async_dispatch_107_embedded_elf_riscv_64_main_graph$async_dispatch_107_softmax_8x49x49xf32_dispatch_tensor_store/process_time/real_time             0.366 ms        0.769 ms         1908 items_per_second=2.73059k/s
BM_main_graph$async_dispatch_107_embedded_elf_riscv_64_main_graph$async_dispatch_107_softmax_8x49x49xf32_dispatch_tensor_store/process_time/real_time             0.366 ms        0.769 ms         1908 items_per_second=2.73218k/s
BM_main_graph$async_dispatch_107_embedded_elf_riscv_64_main_graph$async_dispatch_107_softmax_8x49x49xf32_dispatch_tensor_store/process_time/real_time             0.367 ms        0.771 ms         1908 items_per_second=2.72569k/s
BM_main_graph$async_dispatch_107_embedded_elf_riscv_64_main_graph$async_dispatch_107_softmax_8x49x49xf32_dispatch_tensor_store/process_time/real_time             0.366 ms        0.769 ms         1908 items_per_second=2.73293k/s
BM_main_graph$async_dispatch_107_embedded_elf_riscv_64_main_graph$async_dispatch_107_softmax_8x49x49xf32_dispatch_tensor_store/process_time/real_time             0.367 ms        0.770 ms         1908 items_per_second=2.72643k/s
BM_main_graph$async_dispatch_107_embedded_elf_riscv_64_main_graph$async_dispatch_107_softmax_8x49x49xf32_dispatch_tensor_store/process_time/real_time             0.367 ms        0.771 ms         1908 items_per_second=2.72543k/s
BM_main_graph$async_dispatch_107_embedded_elf_riscv_64_main_graph$async_dispatch_107_softmax_8x49x49xf32_dispatch_tensor_store/process_time/real_time             0.366 ms        0.769 ms         1908 items_per_second=2.73044k/s
BM_main_graph$async_dispatch_107_embedded_elf_riscv_64_main_graph$async_dispatch_107_softmax_8x49x49xf32_dispatch_tensor_store/process_time/real_time             0.366 ms        0.769 ms         1908 items_per_second=2.72931k/s
BM_main_graph$async_dispatch_107_embedded_elf_riscv_64_main_graph$async_dispatch_107_softmax_8x49x49xf32_dispatch_tensor_store/process_time/real_time             0.369 ms        0.771 ms         1908 items_per_second=2.70869k/s
BM_main_graph$async_dispatch_107_embedded_elf_riscv_64_main_graph$async_dispatch_107_softmax_8x49x49xf32_dispatch_tensor_store/process_time/real_time             0.366 ms        0.769 ms         1908 items_per_second=2.73141k/s
BM_main_graph$async_dispatch_107_embedded_elf_riscv_64_main_graph$async_dispatch_107_softmax_8x49x49xf32_dispatch_tensor_store/process_time/real_time_mean        0.367 ms        0.770 ms           10 items_per_second=2.72731k/s
BM_main_graph$async_dispatch_107_embedded_elf_riscv_64_main_graph$async_dispatch_107_softmax_8x49x49xf32_dispatch_tensor_store/process_time/real_time_median      0.366 ms        0.769 ms           10 items_per_second=2.72988k/s
BM_main_graph$async_dispatch_107_embedded_elf_riscv_64_main_graph$async_dispatch_107_softmax_8x49x49xf32_dispatch_tensor_store/process_time/real_time_stddev      0.001 ms        0.001 ms           10 items_per_second=7.07324/s
BM_main_graph$async_dispatch_107_embedded_elf_riscv_64_main_graph$async_dispatch_107_softmax_8x49x49xf32_dispatch_tensor_store/process_time/real_time_cv           0.26 %          0.12 %            10 items_per_second=0.26%
