2026-01-09T08:40:44.332739
Running tools/iree-benchmark-module --module=/home/dima/sched_vmfb/glpdepth_scalar/module_main_graph$async_dispatch_37_embedded_elf_riscv_64_benchmark.vmfb --device=local-task --function=main_graph$async_dispatch_37_embedded_elf_riscv_64_main_graph$async_dispatch_37_conv_64x7x7x64x4x4_f32 --input=1xi32=1 --task_topology_cpu_ids=0,1,2 --benchmark_repetitions=10
2026-01-09T08:40:44+08:00
Running tools/iree-benchmark-module
Run on (8 X 1600 MHz CPU s)
CPU Caches:
  L1 Instruction 32 KiB (x8)
  L1 Data 32 KiB (x8)
  L2 Unified 512 KiB (x2)
Load Average: 4.85, 4.56, 3.92
--------------------------------------------------------------------------------------------------------------------------------------------------------------------------------------------------
Benchmark                                                                                                                                        Time             CPU   Iterations UserCounters...
--------------------------------------------------------------------------------------------------------------------------------------------------------------------------------------------------
BM_main_graph$async_dispatch_37_embedded_elf_riscv_64_main_graph$async_dispatch_37_conv_64x7x7x64x4x4_f32/process_time/real_time              10.0 ms         23.4 ms           70 items_per_second=99.8633/s
BM_main_graph$async_dispatch_37_embedded_elf_riscv_64_main_graph$async_dispatch_37_conv_64x7x7x64x4x4_f32/process_time/real_time              9.98 ms         23.4 ms           70 items_per_second=100.227/s
BM_main_graph$async_dispatch_37_embedded_elf_riscv_64_main_graph$async_dispatch_37_conv_64x7x7x64x4x4_f32/process_time/real_time              9.98 ms         23.4 ms           70 items_per_second=100.218/s
BM_main_graph$async_dispatch_37_embedded_elf_riscv_64_main_graph$async_dispatch_37_conv_64x7x7x64x4x4_f32/process_time/real_time              9.99 ms         23.4 ms           70 items_per_second=100.082/s
BM_main_graph$async_dispatch_37_embedded_elf_riscv_64_main_graph$async_dispatch_37_conv_64x7x7x64x4x4_f32/process_time/real_time              9.98 ms         23.4 ms           70 items_per_second=100.164/s
BM_main_graph$async_dispatch_37_embedded_elf_riscv_64_main_graph$async_dispatch_37_conv_64x7x7x64x4x4_f32/process_time/real_time              9.98 ms         23.4 ms           70 items_per_second=100.199/s
BM_main_graph$async_dispatch_37_embedded_elf_riscv_64_main_graph$async_dispatch_37_conv_64x7x7x64x4x4_f32/process_time/real_time              9.98 ms         23.4 ms           70 items_per_second=100.168/s
BM_main_graph$async_dispatch_37_embedded_elf_riscv_64_main_graph$async_dispatch_37_conv_64x7x7x64x4x4_f32/process_time/real_time              9.99 ms         23.4 ms           70 items_per_second=100.129/s
BM_main_graph$async_dispatch_37_embedded_elf_riscv_64_main_graph$async_dispatch_37_conv_64x7x7x64x4x4_f32/process_time/real_time              9.99 ms         23.4 ms           70 items_per_second=100.114/s
BM_main_graph$async_dispatch_37_embedded_elf_riscv_64_main_graph$async_dispatch_37_conv_64x7x7x64x4x4_f32/process_time/real_time              9.98 ms         23.4 ms           70 items_per_second=100.152/s
BM_main_graph$async_dispatch_37_embedded_elf_riscv_64_main_graph$async_dispatch_37_conv_64x7x7x64x4x4_f32/process_time/real_time_mean         9.99 ms         23.4 ms           10 items_per_second=100.132/s
BM_main_graph$async_dispatch_37_embedded_elf_riscv_64_main_graph$async_dispatch_37_conv_64x7x7x64x4x4_f32/process_time/real_time_median       9.98 ms         23.4 ms           10 items_per_second=100.158/s
BM_main_graph$async_dispatch_37_embedded_elf_riscv_64_main_graph$async_dispatch_37_conv_64x7x7x64x4x4_f32/process_time/real_time_stddev      0.010 ms        0.020 ms           10 items_per_second=0.104654/s
BM_main_graph$async_dispatch_37_embedded_elf_riscv_64_main_graph$async_dispatch_37_conv_64x7x7x64x4x4_f32/process_time/real_time_cv           0.10 %          0.09 %            10 items_per_second=0.10%
