2026-01-09T08:42:19.036840
Running tools/iree-benchmark-module --module=/home/dima/sched_vmfb/glpdepth_scalar/module_main_graph$async_dispatch_49_embedded_elf_riscv_64_benchmark.vmfb --device=local-task --function=main_graph$async_dispatch_49_embedded_elf_riscv_64_main_graph$async_dispatch_49_matmul_like_784x64x256_f32 --input=1xi32=1 --task_topology_cpu_ids=0,1,2 --benchmark_repetitions=10
2026-01-09T08:42:19+08:00
Running tools/iree-benchmark-module
Run on (8 X 1600 MHz CPU s)
CPU Caches:
  L1 Instruction 32 KiB (x8)
  L1 Data 32 KiB (x8)
  L2 Unified 512 KiB (x2)
Load Average: 4.61, 4.55, 3.98
------------------------------------------------------------------------------------------------------------------------------------------------------------------------------------------------------
Benchmark                                                                                                                                            Time             CPU   Iterations UserCounters...
------------------------------------------------------------------------------------------------------------------------------------------------------------------------------------------------------
BM_main_graph$async_dispatch_49_embedded_elf_riscv_64_main_graph$async_dispatch_49_matmul_like_784x64x256_f32/process_time/real_time              5.99 ms         16.6 ms          116 items_per_second=166.829/s
BM_main_graph$async_dispatch_49_embedded_elf_riscv_64_main_graph$async_dispatch_49_matmul_like_784x64x256_f32/process_time/real_time              6.00 ms         16.7 ms          116 items_per_second=166.723/s
BM_main_graph$async_dispatch_49_embedded_elf_riscv_64_main_graph$async_dispatch_49_matmul_like_784x64x256_f32/process_time/real_time              6.02 ms         16.6 ms          116 items_per_second=166.243/s
BM_main_graph$async_dispatch_49_embedded_elf_riscv_64_main_graph$async_dispatch_49_matmul_like_784x64x256_f32/process_time/real_time              6.01 ms         16.6 ms          116 items_per_second=166.404/s
BM_main_graph$async_dispatch_49_embedded_elf_riscv_64_main_graph$async_dispatch_49_matmul_like_784x64x256_f32/process_time/real_time              6.00 ms         16.6 ms          116 items_per_second=166.68/s
BM_main_graph$async_dispatch_49_embedded_elf_riscv_64_main_graph$async_dispatch_49_matmul_like_784x64x256_f32/process_time/real_time              6.00 ms         16.6 ms          116 items_per_second=166.708/s
BM_main_graph$async_dispatch_49_embedded_elf_riscv_64_main_graph$async_dispatch_49_matmul_like_784x64x256_f32/process_time/real_time              6.06 ms         16.8 ms          116 items_per_second=165.074/s
BM_main_graph$async_dispatch_49_embedded_elf_riscv_64_main_graph$async_dispatch_49_matmul_like_784x64x256_f32/process_time/real_time              6.05 ms         16.8 ms          116 items_per_second=165.299/s
BM_main_graph$async_dispatch_49_embedded_elf_riscv_64_main_graph$async_dispatch_49_matmul_like_784x64x256_f32/process_time/real_time              6.06 ms         16.8 ms          116 items_per_second=165.05/s
BM_main_graph$async_dispatch_49_embedded_elf_riscv_64_main_graph$async_dispatch_49_matmul_like_784x64x256_f32/process_time/real_time              6.04 ms         16.7 ms          116 items_per_second=165.53/s
BM_main_graph$async_dispatch_49_embedded_elf_riscv_64_main_graph$async_dispatch_49_matmul_like_784x64x256_f32/process_time/real_time_mean         6.02 ms         16.7 ms           10 items_per_second=166.054/s
BM_main_graph$async_dispatch_49_embedded_elf_riscv_64_main_graph$async_dispatch_49_matmul_like_784x64x256_f32/process_time/real_time_median       6.01 ms         16.6 ms           10 items_per_second=166.323/s
BM_main_graph$async_dispatch_49_embedded_elf_riscv_64_main_graph$async_dispatch_49_matmul_like_784x64x256_f32/process_time/real_time_stddev      0.027 ms        0.065 ms           10 items_per_second=0.733275/s
BM_main_graph$async_dispatch_49_embedded_elf_riscv_64_main_graph$async_dispatch_49_matmul_like_784x64x256_f32/process_time/real_time_cv           0.44 %          0.39 %            10 items_per_second=0.44%
