2026-01-09T08:34:43.439011
Running tools/iree-benchmark-module --module=/home/dima/sched_vmfb/glpdepth_scalar/module_main_graph$async_dispatch_10_embedded_elf_riscv_64_benchmark.vmfb --device=local-task --function=main_graph$async_dispatch_10_embedded_elf_riscv_64_main_graph$async_dispatch_10_softmax_3136x49xf32_dispatch_tensor_store --input=1xi32=1 --task_topology_cpu_ids=0,1,2 --benchmark_repetitions=10
2026-01-09T08:34:43+08:00
Running tools/iree-benchmark-module
Run on (8 X 1600 MHz CPU s)
CPU Caches:
  L1 Instruction 32 KiB (x8)
  L1 Data 32 KiB (x8)
  L2 Unified 512 KiB (x2)
Load Average: 4.53, 4.08, 3.52
---------------------------------------------------------------------------------------------------------------------------------------------------------------------------------------------------------------------
Benchmark                                                                                                                                                           Time             CPU   Iterations UserCounters...
---------------------------------------------------------------------------------------------------------------------------------------------------------------------------------------------------------------------
BM_main_graph$async_dispatch_10_embedded_elf_riscv_64_main_graph$async_dispatch_10_softmax_3136x49xf32_dispatch_tensor_store/process_time/real_time              2.37 ms         6.45 ms          295 items_per_second=421.13/s
BM_main_graph$async_dispatch_10_embedded_elf_riscv_64_main_graph$async_dispatch_10_softmax_3136x49xf32_dispatch_tensor_store/process_time/real_time              2.37 ms         6.44 ms          295 items_per_second=422.165/s
BM_main_graph$async_dispatch_10_embedded_elf_riscv_64_main_graph$async_dispatch_10_softmax_3136x49xf32_dispatch_tensor_store/process_time/real_time              2.36 ms         6.44 ms          295 items_per_second=423.262/s
BM_main_graph$async_dispatch_10_embedded_elf_riscv_64_main_graph$async_dispatch_10_softmax_3136x49xf32_dispatch_tensor_store/process_time/real_time              2.37 ms         6.45 ms          295 items_per_second=421.792/s
BM_main_graph$async_dispatch_10_embedded_elf_riscv_64_main_graph$async_dispatch_10_softmax_3136x49xf32_dispatch_tensor_store/process_time/real_time              2.35 ms         6.42 ms          295 items_per_second=425.339/s
BM_main_graph$async_dispatch_10_embedded_elf_riscv_64_main_graph$async_dispatch_10_softmax_3136x49xf32_dispatch_tensor_store/process_time/real_time              2.38 ms         6.44 ms          295 items_per_second=420.646/s
BM_main_graph$async_dispatch_10_embedded_elf_riscv_64_main_graph$async_dispatch_10_softmax_3136x49xf32_dispatch_tensor_store/process_time/real_time              2.38 ms         6.45 ms          295 items_per_second=420.883/s
BM_main_graph$async_dispatch_10_embedded_elf_riscv_64_main_graph$async_dispatch_10_softmax_3136x49xf32_dispatch_tensor_store/process_time/real_time              2.36 ms         6.44 ms          295 items_per_second=422.94/s
BM_main_graph$async_dispatch_10_embedded_elf_riscv_64_main_graph$async_dispatch_10_softmax_3136x49xf32_dispatch_tensor_store/process_time/real_time              2.36 ms         6.44 ms          295 items_per_second=423.243/s
BM_main_graph$async_dispatch_10_embedded_elf_riscv_64_main_graph$async_dispatch_10_softmax_3136x49xf32_dispatch_tensor_store/process_time/real_time              2.37 ms         6.45 ms          295 items_per_second=422.487/s
BM_main_graph$async_dispatch_10_embedded_elf_riscv_64_main_graph$async_dispatch_10_softmax_3136x49xf32_dispatch_tensor_store/process_time/real_time_mean         2.37 ms         6.44 ms           10 items_per_second=422.389/s
BM_main_graph$async_dispatch_10_embedded_elf_riscv_64_main_graph$async_dispatch_10_softmax_3136x49xf32_dispatch_tensor_store/process_time/real_time_median       2.37 ms         6.44 ms           10 items_per_second=422.326/s
BM_main_graph$async_dispatch_10_embedded_elf_riscv_64_main_graph$async_dispatch_10_softmax_3136x49xf32_dispatch_tensor_store/process_time/real_time_stddev      0.008 ms        0.010 ms           10 items_per_second=1.40643/s
BM_main_graph$async_dispatch_10_embedded_elf_riscv_64_main_graph$async_dispatch_10_softmax_3136x49xf32_dispatch_tensor_store/process_time/real_time_cv           0.33 %          0.15 %            10 items_per_second=0.33%
