2026-01-09T08:44:42.910201
Running tools/iree-benchmark-module --module=/home/dima/sched_vmfb/glpdepth_scalar/module_main_graph$async_dispatch_80_embedded_elf_riscv_64_benchmark.vmfb --device=local-task --function=main_graph$async_dispatch_80_embedded_elf_riscv_64_main_graph$async_dispatch_80_matmul_like_640x14x14x160_f32 --input=1xi32=1 --task_topology_cpu_ids=0,1,2 --benchmark_repetitions=10
2026-01-09T08:44:42+08:00
Running tools/iree-benchmark-module
Run on (8 X 1600 MHz CPU s)
CPU Caches:
  L1 Instruction 32 KiB (x8)
  L1 Data 32 KiB (x8)
  L2 Unified 512 KiB (x2)
Load Average: 4.29, 4.45, 4.02
---------------------------------------------------------------------------------------------------------------------------------------------------------------------------------------------------------
Benchmark                                                                                                                                               Time             CPU   Iterations UserCounters...
---------------------------------------------------------------------------------------------------------------------------------------------------------------------------------------------------------
BM_main_graph$async_dispatch_80_embedded_elf_riscv_64_main_graph$async_dispatch_80_matmul_like_640x14x14x160_f32/process_time/real_time               272 ms          700 ms            3 items_per_second=3.67698/s
BM_main_graph$async_dispatch_80_embedded_elf_riscv_64_main_graph$async_dispatch_80_matmul_like_640x14x14x160_f32/process_time/real_time               270 ms          699 ms            3 items_per_second=3.69732/s
BM_main_graph$async_dispatch_80_embedded_elf_riscv_64_main_graph$async_dispatch_80_matmul_like_640x14x14x160_f32/process_time/real_time               272 ms          701 ms            3 items_per_second=3.67614/s
BM_main_graph$async_dispatch_80_embedded_elf_riscv_64_main_graph$async_dispatch_80_matmul_like_640x14x14x160_f32/process_time/real_time               269 ms          698 ms            3 items_per_second=3.7139/s
BM_main_graph$async_dispatch_80_embedded_elf_riscv_64_main_graph$async_dispatch_80_matmul_like_640x14x14x160_f32/process_time/real_time               271 ms          700 ms            3 items_per_second=3.69484/s
BM_main_graph$async_dispatch_80_embedded_elf_riscv_64_main_graph$async_dispatch_80_matmul_like_640x14x14x160_f32/process_time/real_time               272 ms          700 ms            3 items_per_second=3.68021/s
BM_main_graph$async_dispatch_80_embedded_elf_riscv_64_main_graph$async_dispatch_80_matmul_like_640x14x14x160_f32/process_time/real_time               271 ms          700 ms            3 items_per_second=3.68957/s
BM_main_graph$async_dispatch_80_embedded_elf_riscv_64_main_graph$async_dispatch_80_matmul_like_640x14x14x160_f32/process_time/real_time               272 ms          700 ms            3 items_per_second=3.67787/s
BM_main_graph$async_dispatch_80_embedded_elf_riscv_64_main_graph$async_dispatch_80_matmul_like_640x14x14x160_f32/process_time/real_time               273 ms          701 ms            3 items_per_second=3.66502/s
BM_main_graph$async_dispatch_80_embedded_elf_riscv_64_main_graph$async_dispatch_80_matmul_like_640x14x14x160_f32/process_time/real_time               269 ms          698 ms            3 items_per_second=3.71822/s
BM_main_graph$async_dispatch_80_embedded_elf_riscv_64_main_graph$async_dispatch_80_matmul_like_640x14x14x160_f32/process_time/real_time_mean          271 ms          700 ms           10 items_per_second=3.689/s
BM_main_graph$async_dispatch_80_embedded_elf_riscv_64_main_graph$async_dispatch_80_matmul_like_640x14x14x160_f32/process_time/real_time_median        271 ms          700 ms           10 items_per_second=3.68489/s
BM_main_graph$async_dispatch_80_embedded_elf_riscv_64_main_graph$async_dispatch_80_matmul_like_640x14x14x160_f32/process_time/real_time_stddev       1.26 ms         1.29 ms           10 items_per_second=0.0172027/s
BM_main_graph$async_dispatch_80_embedded_elf_riscv_64_main_graph$async_dispatch_80_matmul_like_640x14x14x160_f32/process_time/real_time_cv           0.47 %          0.18 %            10 items_per_second=0.47%
