2026-01-09T08:43:51.836512
Running tools/iree-benchmark-module --module=/home/dima/sched_vmfb/glpdepth_scalar/module_main_graph$async_dispatch_74_embedded_elf_riscv_64_benchmark.vmfb --device=local-task --function=main_graph$async_dispatch_74_embedded_elf_riscv_64_main_graph$async_dispatch_74_elementwise_broadcast_7840_f32 --input=1xi32=1 --task_topology_cpu_ids=0,1,2 --benchmark_repetitions=10
2026-01-09T08:43:51+08:00
Running tools/iree-benchmark-module
Run on (8 X 1600 MHz CPU s)
CPU Caches:
  L1 Instruction 32 KiB (x8)
  L1 Data 32 KiB (x8)
  L2 Unified 512 KiB (x2)
Load Average: 4.21, 4.46, 4.00
----------------------------------------------------------------------------------------------------------------------------------------------------------------------------------------------------------
Benchmark                                                                                                                                                Time             CPU   Iterations UserCounters...
----------------------------------------------------------------------------------------------------------------------------------------------------------------------------------------------------------
BM_main_graph$async_dispatch_74_embedded_elf_riscv_64_main_graph$async_dispatch_74_elementwise_broadcast_7840_f32/process_time/real_time             0.318 ms        0.360 ms         2213 items_per_second=3.14239k/s
BM_main_graph$async_dispatch_74_embedded_elf_riscv_64_main_graph$async_dispatch_74_elementwise_broadcast_7840_f32/process_time/real_time             0.319 ms        0.361 ms         2213 items_per_second=3.13401k/s
BM_main_graph$async_dispatch_74_embedded_elf_riscv_64_main_graph$async_dispatch_74_elementwise_broadcast_7840_f32/process_time/real_time             0.318 ms        0.360 ms         2213 items_per_second=3.14322k/s
BM_main_graph$async_dispatch_74_embedded_elf_riscv_64_main_graph$async_dispatch_74_elementwise_broadcast_7840_f32/process_time/real_time             0.320 ms        0.362 ms         2213 items_per_second=3.12316k/s
BM_main_graph$async_dispatch_74_embedded_elf_riscv_64_main_graph$async_dispatch_74_elementwise_broadcast_7840_f32/process_time/real_time             0.320 ms        0.362 ms         2213 items_per_second=3.1282k/s
BM_main_graph$async_dispatch_74_embedded_elf_riscv_64_main_graph$async_dispatch_74_elementwise_broadcast_7840_f32/process_time/real_time             0.317 ms        0.359 ms         2213 items_per_second=3.15517k/s
BM_main_graph$async_dispatch_74_embedded_elf_riscv_64_main_graph$async_dispatch_74_elementwise_broadcast_7840_f32/process_time/real_time             0.317 ms        0.359 ms         2213 items_per_second=3.15515k/s
BM_main_graph$async_dispatch_74_embedded_elf_riscv_64_main_graph$async_dispatch_74_elementwise_broadcast_7840_f32/process_time/real_time             0.319 ms        0.361 ms         2213 items_per_second=3.13642k/s
BM_main_graph$async_dispatch_74_embedded_elf_riscv_64_main_graph$async_dispatch_74_elementwise_broadcast_7840_f32/process_time/real_time             0.318 ms        0.360 ms         2213 items_per_second=3.14362k/s
BM_main_graph$async_dispatch_74_embedded_elf_riscv_64_main_graph$async_dispatch_74_elementwise_broadcast_7840_f32/process_time/real_time             0.317 ms        0.359 ms         2213 items_per_second=3.15285k/s
BM_main_graph$async_dispatch_74_embedded_elf_riscv_64_main_graph$async_dispatch_74_elementwise_broadcast_7840_f32/process_time/real_time_mean        0.318 ms        0.360 ms           10 items_per_second=3.14142k/s
BM_main_graph$async_dispatch_74_embedded_elf_riscv_64_main_graph$async_dispatch_74_elementwise_broadcast_7840_f32/process_time/real_time_median      0.318 ms        0.360 ms           10 items_per_second=3.1428k/s
BM_main_graph$async_dispatch_74_embedded_elf_riscv_64_main_graph$async_dispatch_74_elementwise_broadcast_7840_f32/process_time/real_time_stddev      0.001 ms        0.001 ms           10 items_per_second=11.0818/s
BM_main_graph$async_dispatch_74_embedded_elf_riscv_64_main_graph$async_dispatch_74_elementwise_broadcast_7840_f32/process_time/real_time_cv           0.35 %          0.29 %            10 items_per_second=0.35%
