2026-01-09T12:01:57.295901
Running tools/iree-benchmark-module --module=/home/dima/sched_vmfb/dronet_rvv/module_main_graph$async_dispatch_14_system_elf_riscv_64_benchmark.vmfb --device=local-task --function=main_graph$async_dispatch_14_system_elf_riscv_64_main_graph$async_dispatch_14_matvec_like_2048_f32 --input=1xi32=1 --task_topology_cpu_ids=0,1 --benchmark_repetitions=10
2026-01-09T12:01:57+08:00
Running tools/iree-benchmark-module
Run on (8 X 1600 MHz CPU s)
CPU Caches:
  L1 Instruction 32 KiB (x8)
  L1 Data 32 KiB (x8)
  L2 Unified 512 KiB (x2)
Load Average: 3.12, 2.50, 2.19
----------------------------------------------------------------------------------------------------------------------------------------------------------------------------------------------
Benchmark                                                                                                                                    Time             CPU   Iterations UserCounters...
----------------------------------------------------------------------------------------------------------------------------------------------------------------------------------------------
BM_main_graph$async_dispatch_14_system_elf_riscv_64_main_graph$async_dispatch_14_matvec_like_2048_f32/process_time/real_time             0.082 ms        0.088 ms         8609 items_per_second=12.2545k/s
BM_main_graph$async_dispatch_14_system_elf_riscv_64_main_graph$async_dispatch_14_matvec_like_2048_f32/process_time/real_time             0.082 ms        0.088 ms         8609 items_per_second=12.2165k/s
BM_main_graph$async_dispatch_14_system_elf_riscv_64_main_graph$async_dispatch_14_matvec_like_2048_f32/process_time/real_time             0.081 ms        0.088 ms         8609 items_per_second=12.3205k/s
BM_main_graph$async_dispatch_14_system_elf_riscv_64_main_graph$async_dispatch_14_matvec_like_2048_f32/process_time/real_time             0.082 ms        0.088 ms         8609 items_per_second=12.2664k/s
BM_main_graph$async_dispatch_14_system_elf_riscv_64_main_graph$async_dispatch_14_matvec_like_2048_f32/process_time/real_time             0.082 ms        0.088 ms         8609 items_per_second=12.2537k/s
BM_main_graph$async_dispatch_14_system_elf_riscv_64_main_graph$async_dispatch_14_matvec_like_2048_f32/process_time/real_time             0.082 ms        0.088 ms         8609 items_per_second=12.1881k/s
BM_main_graph$async_dispatch_14_system_elf_riscv_64_main_graph$async_dispatch_14_matvec_like_2048_f32/process_time/real_time             0.081 ms        0.087 ms         8609 items_per_second=12.3515k/s
BM_main_graph$async_dispatch_14_system_elf_riscv_64_main_graph$async_dispatch_14_matvec_like_2048_f32/process_time/real_time             0.081 ms        0.087 ms         8609 items_per_second=12.335k/s
BM_main_graph$async_dispatch_14_system_elf_riscv_64_main_graph$async_dispatch_14_matvec_like_2048_f32/process_time/real_time             0.081 ms        0.087 ms         8609 items_per_second=12.3487k/s
BM_main_graph$async_dispatch_14_system_elf_riscv_64_main_graph$async_dispatch_14_matvec_like_2048_f32/process_time/real_time             0.081 ms        0.088 ms         8609 items_per_second=12.2832k/s
BM_main_graph$async_dispatch_14_system_elf_riscv_64_main_graph$async_dispatch_14_matvec_like_2048_f32/process_time/real_time_mean        0.081 ms        0.088 ms           10 items_per_second=12.2818k/s
BM_main_graph$async_dispatch_14_system_elf_riscv_64_main_graph$async_dispatch_14_matvec_like_2048_f32/process_time/real_time_median      0.081 ms        0.088 ms           10 items_per_second=12.2748k/s
BM_main_graph$async_dispatch_14_system_elf_riscv_64_main_graph$async_dispatch_14_matvec_like_2048_f32/process_time/real_time_stddev      0.000 ms        0.000 ms           10 items_per_second=56.2512/s
BM_main_graph$async_dispatch_14_system_elf_riscv_64_main_graph$async_dispatch_14_matvec_like_2048_f32/process_time/real_time_cv           0.46 %          0.47 %            10 items_per_second=0.46%
