2026-01-09T10:03:05.413011
Running tools/iree-benchmark-module --module=/home/dima/sched_vmfb/mlp_scalar/module__encoding_5_embedded_elf_riscv_64_benchmark.vmfb --device=local-task --function=_encoding_5_embedded_elf_riscv_64__encoding_5_encode_10xf32_to_10xf32 --input=1xi32=1 --task_topology_cpu_ids=0,1 --benchmark_repetitions=10
2026-01-09T10:03:05+08:00
Running tools/iree-benchmark-module
Run on (8 X 1600 MHz CPU s)
CPU Caches:
  L1 Instruction 32 KiB (x8)
  L1 Data 32 KiB (x8)
  L2 Unified 512 KiB (x2)
Load Average: 2.96, 3.04, 3.11
-----------------------------------------------------------------------------------------------------------------------------------------------------------------
Benchmark                                                                                                       Time             CPU   Iterations UserCounters...
-----------------------------------------------------------------------------------------------------------------------------------------------------------------
BM__encoding_5_embedded_elf_riscv_64__encoding_5_encode_10xf32_to_10xf32/process_time/real_time             0.064 ms        0.069 ms        10997 items_per_second=15.7246k/s
BM__encoding_5_embedded_elf_riscv_64__encoding_5_encode_10xf32_to_10xf32/process_time/real_time             0.064 ms        0.069 ms        10997 items_per_second=15.6695k/s
BM__encoding_5_embedded_elf_riscv_64__encoding_5_encode_10xf32_to_10xf32/process_time/real_time             0.063 ms        0.069 ms        10997 items_per_second=15.7561k/s
BM__encoding_5_embedded_elf_riscv_64__encoding_5_encode_10xf32_to_10xf32/process_time/real_time             0.063 ms        0.069 ms        10997 items_per_second=15.7956k/s
BM__encoding_5_embedded_elf_riscv_64__encoding_5_encode_10xf32_to_10xf32/process_time/real_time             0.064 ms        0.069 ms        10997 items_per_second=15.7448k/s
BM__encoding_5_embedded_elf_riscv_64__encoding_5_encode_10xf32_to_10xf32/process_time/real_time             0.063 ms        0.069 ms        10997 items_per_second=15.8223k/s
BM__encoding_5_embedded_elf_riscv_64__encoding_5_encode_10xf32_to_10xf32/process_time/real_time             0.064 ms        0.069 ms        10997 items_per_second=15.7151k/s
BM__encoding_5_embedded_elf_riscv_64__encoding_5_encode_10xf32_to_10xf32/process_time/real_time             0.063 ms        0.069 ms        10997 items_per_second=15.7483k/s
BM__encoding_5_embedded_elf_riscv_64__encoding_5_encode_10xf32_to_10xf32/process_time/real_time             0.064 ms        0.069 ms        10997 items_per_second=15.7112k/s
BM__encoding_5_embedded_elf_riscv_64__encoding_5_encode_10xf32_to_10xf32/process_time/real_time             0.064 ms        0.069 ms        10997 items_per_second=15.7186k/s
BM__encoding_5_embedded_elf_riscv_64__encoding_5_encode_10xf32_to_10xf32/process_time/real_time_mean        0.064 ms        0.069 ms           10 items_per_second=15.7406k/s
BM__encoding_5_embedded_elf_riscv_64__encoding_5_encode_10xf32_to_10xf32/process_time/real_time_median      0.064 ms        0.069 ms           10 items_per_second=15.7347k/s
BM__encoding_5_embedded_elf_riscv_64__encoding_5_encode_10xf32_to_10xf32/process_time/real_time_stddev      0.000 ms        0.000 ms           10 items_per_second=43.8665/s
BM__encoding_5_embedded_elf_riscv_64__encoding_5_encode_10xf32_to_10xf32/process_time/real_time_cv           0.28 %          0.31 %            10 items_per_second=0.28%
