2026-01-09T10:02:57.949723
Running tools/iree-benchmark-module --module=/home/dima/sched_vmfb/mlp_scalar/module__encoding_4_embedded_elf_riscv_64_benchmark.vmfb --device=local-task --function=_encoding_4_embedded_elf_riscv_64__encoding_4_encode_2xf32_to_2xf32 --input=1xi32=1 --task_topology_cpu_ids=0,1 --benchmark_repetitions=10
2026-01-09T10:02:57+08:00
Running tools/iree-benchmark-module
Run on (8 X 1600 MHz CPU s)
CPU Caches:
  L1 Instruction 32 KiB (x8)
  L1 Data 32 KiB (x8)
  L2 Unified 512 KiB (x2)
Load Average: 2.85, 3.02, 3.10
---------------------------------------------------------------------------------------------------------------------------------------------------------------
Benchmark                                                                                                     Time             CPU   Iterations UserCounters...
---------------------------------------------------------------------------------------------------------------------------------------------------------------
BM__encoding_4_embedded_elf_riscv_64__encoding_4_encode_2xf32_to_2xf32/process_time/real_time             0.065 ms        0.071 ms        10829 items_per_second=15.3774k/s
BM__encoding_4_embedded_elf_riscv_64__encoding_4_encode_2xf32_to_2xf32/process_time/real_time             0.065 ms        0.071 ms        10829 items_per_second=15.3814k/s
BM__encoding_4_embedded_elf_riscv_64__encoding_4_encode_2xf32_to_2xf32/process_time/real_time             0.065 ms        0.071 ms        10829 items_per_second=15.4686k/s
BM__encoding_4_embedded_elf_riscv_64__encoding_4_encode_2xf32_to_2xf32/process_time/real_time             0.065 ms        0.071 ms        10829 items_per_second=15.3875k/s
BM__encoding_4_embedded_elf_riscv_64__encoding_4_encode_2xf32_to_2xf32/process_time/real_time             0.065 ms        0.071 ms        10829 items_per_second=15.4727k/s
BM__encoding_4_embedded_elf_riscv_64__encoding_4_encode_2xf32_to_2xf32/process_time/real_time             0.065 ms        0.071 ms        10829 items_per_second=15.3912k/s
BM__encoding_4_embedded_elf_riscv_64__encoding_4_encode_2xf32_to_2xf32/process_time/real_time             0.065 ms        0.071 ms        10829 items_per_second=15.3497k/s
BM__encoding_4_embedded_elf_riscv_64__encoding_4_encode_2xf32_to_2xf32/process_time/real_time             0.065 ms        0.071 ms        10829 items_per_second=15.4233k/s
BM__encoding_4_embedded_elf_riscv_64__encoding_4_encode_2xf32_to_2xf32/process_time/real_time             0.064 ms        0.070 ms        10829 items_per_second=15.5121k/s
BM__encoding_4_embedded_elf_riscv_64__encoding_4_encode_2xf32_to_2xf32/process_time/real_time             0.065 ms        0.071 ms        10829 items_per_second=15.296k/s
BM__encoding_4_embedded_elf_riscv_64__encoding_4_encode_2xf32_to_2xf32/process_time/real_time_mean        0.065 ms        0.071 ms           10 items_per_second=15.406k/s
BM__encoding_4_embedded_elf_riscv_64__encoding_4_encode_2xf32_to_2xf32/process_time/real_time_median      0.065 ms        0.071 ms           10 items_per_second=15.3894k/s
BM__encoding_4_embedded_elf_riscv_64__encoding_4_encode_2xf32_to_2xf32/process_time/real_time_stddev      0.000 ms        0.000 ms           10 items_per_second=64.291/s
BM__encoding_4_embedded_elf_riscv_64__encoding_4_encode_2xf32_to_2xf32/process_time/real_time_cv           0.42 %          0.42 %            10 items_per_second=0.42%
