=== 12:33:49 clamp + feasibility greedy
schedules/fig_fbb5r0_greedy_clamped.json: 62 dispatch targets narrowed; width histogram {1: 5585, 2: 110, 4: 80}

FEASIBLE: no double-booking, no dependency violation, no forward edge, every target on the board, every implementation available where it was placed.
  feasibility rc=0
=== 12:33:51 clamp + feasibility cpsat_hard
schedules/fig_fbb5r0_cpsat_hard_clamped.json: 505 dispatch targets narrowed; width histogram {1: 5775}

FEASIBLE: no double-booking, no dependency violation, no forward edge, every target on the board, every implementation available where it was placed.
  feasibility rc=0
=== 12:33:52 no schedules/fig_fbb5r0_cpsat_soft.json
=== 12:33:53 board fbb5r0_greedy run 1
  re-pulled the board's stdout: 2563 of 5775 rows (pull 1)
  re-pulled the board's stdout: 2563 of 5775 rows (pull 2)
  re-pulled the board's stdout: 5775 of 5775 rows (pull 3)
  trace rows: 5775  hart_acc: 8  policy: SCHED_OTHER  exit: 0  verify: ['MODELBLASTER_VERIFY [yolov8_nano_64x96] === max_abs_err=0 max_rel_err=0 n=8316 instance=0 ready=1']
=== 12:34:12 board fbb5r0_cpsat_hard run 1
  trace rows: 5775  hart_acc: 8  policy: SCHED_OTHER  exit: 0  verify: ['MODELBLASTER_VERIFY [yolov8_nano_64x96] === max_abs_err=0 max_rel_err=0 n=8316 instance=0 ready=1']
=== 12:34:40 board fbb5r0_greedy run 2
  trace rows: 5775  hart_acc: 8  policy: SCHED_OTHER  exit: 0  verify: ['MODELBLASTER_VERIFY [yolov8_nano_64x96] === max_abs_err=0 max_rel_err=0 n=8316 instance=0 ready=1']
=== 12:34:52 board fbb5r0_cpsat_hard run 2
  re-pulled the board's stdout: -1 of 5775 rows (pull 1)
  re-pulled the board's stdout: 2557 of 5775 rows (pull 2)
  re-pulled the board's stdout: 5775 of 5775 rows (pull 3)
  trace rows: 5775  hart_acc: 8  policy: SCHED_OTHER  exit: 0  verify: ['MODELBLASTER_VERIFY [yolov8_nano_64x96] === max_abs_err=0 max_rel_err=0 n=8316 instance=0 ready=1']
=== 12:35:28 board fbb5r0_greedy run 3
  re-pulled the board's stdout: 2562 of 5775 rows (pull 1)
  re-pulled the board's stdout: 5775 of 5775 rows (pull 2)
  trace rows: 5775  hart_acc: 8  policy: SCHED_OTHER  exit: 0  verify: ['MODELBLASTER_VERIFY [yolov8_nano_64x96] === max_abs_err=0 max_rel_err=0 n=8316 instance=0 ready=1']
=== 12:35:44 board fbb5r0_cpsat_hard run 3
  trace rows: 5775  hart_acc: 8  policy: SCHED_OTHER  exit: 0  verify: ['MODELBLASTER_VERIFY [yolov8_nano_64x96] === max_abs_err=0 max_rel_err=0 n=8316 instance=0 ready=1']
=== 12:36:12 BOARD_STAGE2_DONE fbb5r0
