=== 22:51:43 clamp + feasibility greedy
schedules/fig_fba120hr1_greedy_clamped.json: 1032 dispatch targets narrowed; width histogram {1: 2180, 2: 408, 4: 264}

FEASIBLE: no double-booking, no dependency violation, no forward edge, every target on the board, every implementation available where it was placed.
  feasibility rc=0
=== 22:51:44 clamp + feasibility cpsat_hard
schedules/fig_fba120hr1_cpsat_hard_clamped.json: 134 dispatch targets narrowed; width histogram {1: 2852}

FEASIBLE: no double-booking, no dependency violation, no forward edge, every target on the board, every implementation available where it was placed.
  feasibility rc=0
=== 22:51:45 clamp + feasibility cpsat_soft
schedules/fig_fba120hr1_cpsat_soft_clamped.json: 960 dispatch targets narrowed; width histogram {1: 2276, 2: 336, 4: 240}

FEASIBLE: no double-booking, no dependency violation, no forward edge, every target on the board, every implementation available where it was placed.
  feasibility rc=0
=== 22:51:48 board fba120hr1_greedy run 1
  trace rows: 2852  hart_acc: 8  policy: SCHED_OTHER  exit: 0  verify: ['MODELBLASTER_VERIFY [yolov8_nano_64x96] === max_abs_err=0 max_rel_err=0 n=8316 instance=0 ready=1']
=== 22:52:13 board fba120hr1_cpsat_hard run 1
  re-pulled the board's stdout: -1 of 2852 rows (pull 1)
  re-pulled the board's stdout: 2852 of 2852 rows (pull 2)
  trace rows: 2852  hart_acc: 8  policy: SCHED_OTHER  exit: 0  verify: ['MODELBLASTER_VERIFY [yolov8_nano_64x96] === max_abs_err=0 max_rel_err=0 n=8316 instance=0 ready=1']
=== 22:52:43 board fba120hr1_cpsat_soft run 1
  trace rows: 2852  hart_acc: 8  policy: SCHED_OTHER  exit: 0  verify: ['MODELBLASTER_VERIFY [yolov8_nano_64x96] === max_abs_err=0 max_rel_err=0 n=8316 instance=0 ready=1']
=== 22:53:09 board fba120hr1_greedy run 2
  re-pulled the board's stdout: -1 of 2852 rows (pull 1)
  re-pulled the board's stdout: 2852 of 2852 rows (pull 2)
  trace rows: 2852  hart_acc: 8  policy: SCHED_OTHER  exit: 0  verify: ['MODELBLASTER_VERIFY [yolov8_nano_64x96] === max_abs_err=0 max_rel_err=0 n=8316 instance=0 ready=1']
=== 22:53:40 board fba120hr1_cpsat_hard run 2
  re-pulled the board's stdout: 2852 of 2852 rows (pull 1)
  trace rows: 2852  hart_acc: 8  policy: SCHED_OTHER  exit: 0  verify: ['MODELBLASTER_VERIFY [yolov8_nano_64x96] === max_abs_err=0 max_rel_err=0 n=8316 instance=0 ready=1']
=== 22:54:06 board fba120hr1_cpsat_soft run 2
  trace rows: 2852  hart_acc: 8  policy: SCHED_OTHER  exit: 0  verify: ['MODELBLASTER_VERIFY [yolov8_nano_64x96] === max_abs_err=0 max_rel_err=0 n=8316 instance=0 ready=1']
=== 22:54:32 board fba120hr1_greedy run 3
  re-pulled the board's stdout: 2852 of 2852 rows (pull 1)
  trace rows: 2852  hart_acc: 8  policy: SCHED_OTHER  exit: 0  verify: ['MODELBLASTER_VERIFY [yolov8_nano_64x96] === max_abs_err=0 max_rel_err=0 n=8316 instance=0 ready=1']
=== 22:55:00 board fba120hr1_cpsat_hard run 3
  trace rows: 2852  hart_acc: 8  policy: SCHED_OTHER  exit: 0  verify: ['MODELBLASTER_VERIFY [yolov8_nano_64x96] === max_abs_err=0 max_rel_err=0 n=8316 instance=0 ready=1']
=== 22:55:25 board fba120hr1_cpsat_soft run 3
  re-pulled the board's stdout: 2852 of 2852 rows (pull 1)
  trace rows: 2852  hart_acc: 8  policy: SCHED_OTHER  exit: 0  verify: ['MODELBLASTER_VERIFY [yolov8_nano_64x96] === max_abs_err=0 max_rel_err=0 n=8316 instance=0 ready=1']
=== 22:55:54 BOARD_STAGE2_DONE fba120hr1
