=== 15:07:05 clamp + feasibility greedy
schedules/fig_fbb5r1_greedy_clamped.json: 67 dispatch targets narrowed; width histogram {1: 5605, 2: 95, 4: 75}

FEASIBLE: no double-booking, no dependency violation, no forward edge, every target on the board, every implementation available where it was placed.
  feasibility rc=0
=== 15:07:06 clamp + feasibility cpsat_hard
schedules/fig_fbb5r1_cpsat_hard_clamped.json: 389 dispatch targets narrowed; width histogram {1: 5775}

FEASIBLE: no double-booking, no dependency violation, no forward edge, every target on the board, every implementation available where it was placed.
  feasibility rc=0
=== 15:07:07 no schedules/fig_fbb5r1_cpsat_soft.json
=== 15:07:08 board fbb5r1_greedy run 1
  trace rows: 5775  hart_acc: 8  policy: SCHED_OTHER  exit: 0  verify: ['MODELBLASTER_VERIFY [yolov8_nano_64x96] === max_abs_err=0 max_rel_err=0 n=8316 instance=0 ready=1']
=== 15:07:37 board fbb5r1_cpsat_hard run 1
  re-pulled the board's stdout: -1 of 5775 rows (pull 1)
  re-pulled the board's stdout: -1 of 5775 rows (pull 2)
  re-pulled the board's stdout: 5775 of 5775 rows (pull 3)
  trace rows: 5775  hart_acc: 8  policy: SCHED_OTHER  exit: 0  verify: ['MODELBLASTER_VERIFY [yolov8_nano_64x96] === max_abs_err=0 max_rel_err=0 n=8316 instance=0 ready=1']
=== 15:08:12 board fbb5r1_greedy run 2
  re-pulled the board's stdout: -1 of 5775 rows (pull 1)
  re-pulled the board's stdout: -1 of 5775 rows (pull 2)
  re-pulled the board's stdout: 5775 of 5775 rows (pull 3)
  trace rows: 5775  hart_acc: 8  policy: SCHED_OTHER  exit: 0  verify: ['MODELBLASTER_VERIFY [yolov8_nano_64x96] === max_abs_err=0 max_rel_err=0 n=8316 instance=0 ready=1']
=== 15:08:48 board fbb5r1_cpsat_hard run 2
  trace rows: 5775  hart_acc: 8  policy: SCHED_OTHER  exit: 0  verify: ['MODELBLASTER_VERIFY [yolov8_nano_64x96] === max_abs_err=0 max_rel_err=0 n=8316 instance=0 ready=1']
=== 15:09:16 board fbb5r1_greedy run 3
  re-pulled the board's stdout: -1 of 5775 rows (pull 1)
  re-pulled the board's stdout: 2553 of 5775 rows (pull 2)
  re-pulled the board's stdout: 2553 of 5775 rows (pull 3)
  re-pulled the board's stdout: 2553 of 5775 rows (pull 4)
  trace rows: 5775  hart_acc: 8  policy: SCHED_OTHER  exit: 0  verify: ['MODELBLASTER_VERIFY [yolov8_nano_64x96] === max_abs_err=0 max_rel_err=0 n=8316 instance=0 ready=1']
=== 15:10:07 board fbb5r1_cpsat_hard run 3
  re-pulled the board's stdout: 2562 of 5775 rows (pull 1)
  re-pulled the board's stdout: 2562 of 5775 rows (pull 2)
  re-pulled the board's stdout: 2562 of 5775 rows (pull 3)
  re-pulled the board's stdout: 2562 of 5775 rows (pull 4)
  re-pulled the board's stdout: 5775 of 5775 rows (pull 1)
  trace rows: 5775  hart_acc: 8  policy: SCHED_OTHER  exit: 0  verify: ['MODELBLASTER_VERIFY [yolov8_nano_64x96] === max_abs_err=0 max_rel_err=0 n=8316 instance=0 ready=1']
=== 15:11:00 BOARD_STAGE2_DONE fbb5r1
