--board-calibration: loaded /scratch/agustin/xpurt-dev-sync/results/codesign_feedback/k1_board_calibration_yolo110.json (aggregate x1.261)
============================================================
Loading network hierarchy from JSON...
============================================================

Loading networks from: /scratch/agustin/xpurt-dev-sync/data/toplevel/wh_chain150_solve_h200.json

Found 3 networks:
  - yolov8_nano_64x96 (id: 0, identifier: yolov8_nano_64x96)
  - fused_full (id: 1, identifier: fused_full)
  - mlp_control (id: 2, identifier: mlp_control)

Found 2 network-level dependencies:
  - yolov8_nano_64x96 → fused_full
  - fused_full → mlp_control

Resolved runtime configuration:
  Machine core counts: {'CPU_P': 4, 'CPU_E': 4}
  Profile HW mapping: CPU_P->rvv_x60, CPU_E->rvv_x60
  Profile target/topology: target=spacemit_x60, topo_tag=topo_0_1_2_3
  p_core_speedup: 1.0
  random_seed: 42
  solver_verbosity: 0
  time_limit: 600
  use_profiled: True
  prune_periodic: True
  restrict_makespan_to_nonperiodic: False
  cvxpy_solver (milp only): MOSEK
  machine_combination_mode: shard
  enforce_same_processor_combinations: True

Using profiled runtimes where available...
  (warning) 8 dispatch(es) were costed 0.0 because a profile that EXISTS has no row for them. Either they are ops the codegen drops (the yolo chunk2_c1 case) or the CSV is short and unmeasured work is being scheduled as instantaneous.
  - yolov8_nano_64x96/dispatch_3(id=3) costed 0.0 (first seen on rvv_x60/topo_0): no row in an otherwise-present profile; op not knowable from the profile
  - yolov8_nano_64x96/dispatch_11(id=11) costed 0.0 (first seen on rvv_x60/topo_0): no row in an otherwise-present profile; op not knowable from the profile
  - yolov8_nano_64x96/dispatch_22(id=22) costed 0.0 (first seen on rvv_x60/topo_0): no row in an otherwise-present profile; op not knowable from the profile
  - yolov8_nano_64x96/dispatch_33(id=33) costed 0.0 (first seen on rvv_x60/topo_0): no row in an otherwise-present profile; op not knowable from the profile
  - yolov8_nano_64x96/dispatch_48(id=48) costed 0.0 (first seen on rvv_x60/topo_0): no row in an otherwise-present profile; op not knowable from the profile
  - yolov8_nano_64x96/dispatch_56(id=56) costed 0.0 (first seen on rvv_x60/topo_0): no row in an otherwise-present profile; op not knowable from the profile
  - yolov8_nano_64x96/dispatch_64(id=64) costed 0.0 (first seen on rvv_x60/topo_0): no row in an otherwise-present profile; op not knowable from the profile
  - yolov8_nano_64x96/dispatch_72(id=72) costed 0.0 (first seen on rvv_x60/topo_0): no row in an otherwise-present profile; op not knowable from the profile
  (warning) set XPURT_STRICT_ZERO_COST=1 to make this fatal
  Workload declares horizon 200 ms and 3 explicit periodic instance counts; those counts are used as given. Networks without one are still sized by the refinement loop below.

--- cpsat iteration 1 ---
  stateful: chained 29 instance edge(s) for ['fused_full']
  Total operations: 3530
  Job names: ['yolov8_nano_64x960', 'fused_full0', 'mlp_control0', 'yolov8_nano_64x961', 'yolov8_nano_64x962', 'yolov8_nano_64x963', 'yolov8_nano_64x964', 'yolov8_nano_64x965', 'yolov8_nano_64x966', 'yolov8_nano_64x967', 'yolov8_nano_64x968', 'yolov8_nano_64x969', 'yolov8_nano_64x9610', 'yolov8_nano_64x9611', 'yolov8_nano_64x9612', 'yolov8_nano_64x9613', 'yolov8_nano_64x9614', 'yolov8_nano_64x9615', 'yolov8_nano_64x9616', 'yolov8_nano_64x9617', 'yolov8_nano_64x9618', 'yolov8_nano_64x9619', 'yolov8_nano_64x9620', 'yolov8_nano_64x9621', 'yolov8_nano_64x9622', 'yolov8_nano_64x9623', 'yolov8_nano_64x9624', 'yolov8_nano_64x9625', 'yolov8_nano_64x9626', 'yolov8_nano_64x9627', 'yolov8_nano_64x9628', 'yolov8_nano_64x9629', 'fused_full1', 'fused_full2', 'fused_full3', 'fused_full4', 'fused_full5', 'fused_full6', 'fused_full7', 'fused_full8', 'fused_full9', 'fused_full10', 'fused_full11', 'fused_full12', 'fused_full13', 'fused_full14', 'fused_full15', 'fused_full16', 'fused_full17', 'fused_full18', 'fused_full19', 'fused_full20', 'fused_full21', 'fused_full22', 'fused_full23', 'fused_full24', 'fused_full25', 'fused_full26', 'fused_full27', 'fused_full28', 'fused_full29', 'mlp_control1', 'mlp_control2', 'mlp_control3', 'mlp_control4', 'mlp_control5', 'mlp_control6', 'mlp_control7', 'mlp_control8', 'mlp_control9', 'mlp_control10', 'mlp_control11', 'mlp_control12', 'mlp_control13', 'mlp_control14', 'mlp_control15', 'mlp_control16', 'mlp_control17', 'mlp_control18', 'mlp_control19']

Starting CP-SAT solver v9.15.6755
Parameters: random_seed: 0 max_time_in_seconds: 900 log_search_progress: true num_search_workers: 8

Initial optimization model '': (model_fingerprint: 0xf9484ad789804b74)
#Variables: 60'011 (#ints: 1 in objective) (52'710 primary variables)
  - 49'420 Booleans in [0,1]
  - 3'082 different domains in [0,59000001868221] with a largest complexity of 1.
#kExactlyOne: 3'530 (#literals: 49'420)
#kInterval: 49'420 (#enforced: 49'420)
#kLinMax: 1 (#expressions: 3'530)
#kLinear1: 53'191 (#enforced: 49'420)
#kLinear2: 886'069 (#enforced: 878'080 #multi: 878'080)
#kLinear3: 3'530
#kLinearN: 3'298 (#terms: 128'318)
#kNoOverlap: 8 (#intervals: 84'720, #optional: 84'720, #variable_sizes: 84'720)

Starting presolve at 0.26s
  4.76e-02s  0.00e+00d  [DetectDominanceRelations] 
  2.24e+00s  0.00e+00d  [PresolveToFixPoint] #num_loops=4 #num_dual_strengthening=1 
  7.44e-02s  0.00e+00d  [ExtractEncodingFromLinear] #potential_supersets=3'530 #potential_subsets=3'290 #exo_encodings=3'290 #multiple_terms=6'780 #literals=42'520 
  2.06e-02s  0.00e+00d  [DetectDuplicateColumns] 
  2.71e-02s  0.00e+00d  [DetectDuplicateConstraints] 
[Symmetry] Graph for symmetry has 414'076 nodes and 972'694 arcs.
[Symmetry] Symmetry computation done. time: 0.388698 dtime: 0.310312
[Symmetry] #generators: 4, average support size: 20000
[Symmetry] 9410 orbits on 45880 variables with sizes: 8,8,8,8,8,8,8,8,8,8,...
[Symmetry] Num fixable by binary propagation in orbit: 7 / 8
[Symmetry] Num fixable by intersecting at_most_one with orbits: 11 largest_orbit: 8
[Symmetry] Found orbitope of size 3530 x 2
[SAT presolve] num removable Booleans: 0 / 56'190
[SAT presolve] num trivial clauses: 0
[SAT presolve] [0s] clauses:42'049 literals:112'587 vars:41'269 one_side_vars:0 simple_definition:40'489 singleton_clauses:0
[SAT presolve] [0.00352614s] clauses:42'049 literals:112'587 vars:41'269 one_side_vars:0 simple_definition:40'489 singleton_clauses:0
[SAT presolve] [0.00529243s] clauses:42'049 literals:112'587 vars:41'269 one_side_vars:0 simple_definition:40'489 singleton_clauses:0
  8.72e-02s  0.00e+00d  [DetectDuplicateConstraintsWithDifferentEnforcements] #without_enforcements=128'599 
  1.47e+02s  1.02e+00d *[Probe] #probed=97'536 #new_bounds=6'820 #equiv=1 
  2.96e-02s  1.51e-02d  [MaxClique] Merged 36'040 constraints with 77'780 literals into 7'551 constraints with 49'291 literals
  4.29e-02s  0.00e+00d  [DetectDominanceRelations] 
  3.26e-01s  0.00e+00d  [PresolveToFixPoint] #num_loops=3 #num_dual_strengthening=1 
  5.10e-02s  0.00e+00d  [ProcessAtMostOneAndLinear] 
  2.99e-02s  0.00e+00d  [DetectDuplicateConstraints] #duplicates=770 
  3.81e-02s  0.00e+00d  [DetectDuplicateConstraintsWithDifferentEnforcements] #without_enforcements=42'338 
  1.46e-02s  3.12e-04d  [DetectDominatedLinearConstraints] #relevant_constraints=8'298 
  1.02e-02s  0.00e+00d  [DetectDifferentVariables] 
  2.93e-02s  7.75e-04d  [ProcessSetPPC] #relevant_constraints=17'866 #num_inclusions=7'551 
  1.52e-02s  0.00e+00d  [TransformClausesToExactlyOne] #num_amos=35'268 
  1.30e-02s  0.00e+00d  [DetectEncodedComplexDomains] 
  8.97e-03s  0.00e+00d  [FindAlmostIdenticalLinearConstraints] 
  2.66e-01s  1.00e+00d *[FindBigAtMostOneAndLinearOverlap] 
  5.26e-02s  1.00e+00d *[FindBigVerticalLinearOverlap] 
  2.17e-02s  8.69e-04d  [FindBigHorizontalLinearOverlap] #blocks=4 #saved_nz=21'585 #linears=8 
  8.25e-03s  0.00e+00d  [MergeClauses] 
  4.11e-02s  0.00e+00d  [DetectDominanceRelations] 
  1.88e-01s  0.00e+00d  [PresolveToFixPoint] #num_loops=2 #num_dual_strengthening=1 
  3.85e-02s  0.00e+00d  [DetectDominanceRelations] 
  1.75e-01s  0.00e+00d  [PresolveToFixPoint] #num_loops=1 #num_dual_strengthening=1 
  8.83e-03s  0.00e+00d  [DetectDuplicateColumns] 
  2.49e-02s  0.00e+00d  [DetectDuplicateConstraints] 
[Symmetry] Graph for symmetry has 312'277 nodes and 653'960 arcs.
[Symmetry] Symmetry computation done. time: 0.149178 dtime: 0.151365
[Symmetry] #generators: 3, average support size: 11370.7
[Symmetry] 9998 orbits on 27054 variables with sizes: 4,4,4,4,4,4,4,4,4,4,...
[Symmetry] Num fixable by binary propagation in orbit: 3 / 4
[Symmetry] Num fixable by intersecting at_most_one with orbits: 5 largest_orbit: 4
[Symmetry] Found orbitope of size 3529 x 2
[SAT presolve] num removable Booleans: 0 / 51'868
[SAT presolve] num trivial clauses: 0
[SAT presolve] [0s] clauses:35'263 literals:70'526 vars:41'263 one_side_vars:40484 simple_definition:0 singleton_clauses:0
[SAT presolve] [0.00334371s] clauses:35'263 literals:70'526 vars:41'263 one_side_vars:40484 simple_definition:0 singleton_clauses:0
[SAT presolve] [0.00508019s] clauses:35'263 literals:70'526 vars:41'263 one_side_vars:40484 simple_definition:0 singleton_clauses:0
  3.79e-02s  0.00e+00d  [DetectDuplicateConstraintsWithDifferentEnforcements] #without_enforcements=42'338 
  1.65e+02s  8.39e-01d  [Probe] #probed=103'728 
  2.65e-02s  1.72e-02d  [MaxClique] Merged 35'263 constraints with 70'526 literals into 6'779 constraints with 42'042 literals
  4.02e-02s  0.00e+00d  [DetectDominanceRelations] 
  1.83e-01s  0.00e+00d  [PresolveToFixPoint] #num_loops=1 #num_dual_strengthening=1 
  4.40e-02s  0.00e+00d  [ProcessAtMostOneAndLinear] 
  2.85e-02s  0.00e+00d  [DetectDuplicateConstraints] 
  3.54e-02s  0.00e+00d  [DetectDuplicateConstraintsWithDifferentEnforcements] #without_enforcements=42'333 
  1.47e-02s  2.24e-04d  [DetectDominatedLinearConstraints] #relevant_constraints=8'302 
  9.32e-03s  0.00e+00d  [DetectDifferentVariables] 
  2.81e-02s  6.74e-04d  [ProcessSetPPC] #relevant_constraints=17'099 #num_inclusions=6'779 
  1.17e-02s  0.00e+00d  [TransformClausesToExactlyOne] 
  1.41e-02s  0.00e+00d  [DetectEncodedComplexDomains] 
  1.01e-02s  0.00e+00d  [FindAlmostIdenticalLinearConstraints] 
  2.80e-01s  1.00e+00d *[FindBigAtMostOneAndLinearOverlap] 
  6.49e-02s  1.00e+00d *[FindBigVerticalLinearOverlap] 
  1.32e-02s  1.48e-03d  [FindBigHorizontalLinearOverlap] #blocks=2 #saved_nz=5'394 #linears=12 
  8.64e-03s  0.00e+00d  [MergeClauses] 
  3.76e-02s  0.00e+00d  [DetectDominanceRelations] 
  1.82e-01s  0.00e+00d  [PresolveToFixPoint] #num_loops=2 #num_dual_strengthening=1 
  3.82e-02s  0.00e+00d  [DetectDominanceRelations] 
  1.67e-01s  0.00e+00d  [PresolveToFixPoint] #num_loops=1 #num_dual_strengthening=1 
  9.13e-03s  0.00e+00d  [DetectDuplicateColumns] 
  2.30e-02s  0.00e+00d  [DetectDuplicateConstraints] 
[Symmetry] Graph for symmetry has 235'731 nodes and 501'444 arcs.
[Symmetry] Symmetry computation done. time: 0.0452597 dtime: 0.0820091
[Symmetry] #generators: 1, average support size: 7056
[Symmetry] 3528 orbits on 7056 variables with sizes: 2,2,2,2,2,2,2,2,2,2,...
[Symmetry] Num fixable by intersecting at_most_one with orbits: 1 largest_orbit: 2
  3.42e-02s  0.00e+00d  [DetectDuplicateConstraintsWithDifferentEnforcements] #without_enforcements=42'333 
  1.67e+02s  8.29e-01d  [Probe] #probed=103'726 
  5.78e-03s  0.00e+00d  [MaxClique] 
  3.65e-02s  0.00e+00d  [DetectDominanceRelations] 
  1.68e-01s  0.00e+00d  [PresolveToFixPoint] #num_loops=1 #num_dual_strengthening=1 
  3.87e-02s  0.00e+00d  [ProcessAtMostOneAndLinear] 
  2.58e-02s  0.00e+00d  [DetectDuplicateConstraints] 
  3.40e-02s  0.00e+00d  [DetectDuplicateConstraintsWithDifferentEnforcements] #without_enforcements=42'332 
  1.46e-02s  2.01e-04d  [DetectDominatedLinearConstraints] #relevant_constraints=8'304 
  9.74e-03s  0.00e+00d  [DetectDifferentVariables] 
  1.69e-02s  4.03e-04d  [ProcessSetPPC] #relevant_constraints=10'322 
  1.20e-02s  0.00e+00d  [TransformClausesToExactlyOne] 
  1.33e-02s  0.00e+00d  [DetectEncodedComplexDomains] 
  9.82e-03s  0.00e+00d  [FindAlmostIdenticalLinearConstraints] 
  3.17e-01s  1.00e+00d *[FindBigAtMostOneAndLinearOverlap] 
  4.88e-02s  6.54e-01d  [FindBigVerticalLinearOverlap] 
  1.02e-02s  2.98e-03d  [FindBigHorizontalLinearOverlap] #linears=14 
  7.68e-03s  0.00e+00d  [MergeClauses] 
  4.13e-02s  0.00e+00d  [DetectDominanceRelations] 
  1.72e-01s  0.00e+00d  [PresolveToFixPoint] #num_loops=1 #num_dual_strengthening=1 
  1.61e-01s  0.00e+00d  [MergeNoOverlap] 
  9.74e-03s  0.00e+00d  [MergeNoOverlap2D] 
  4.29e-02s  0.00e+00d  [ExpandObjective] #entries=882'029 #tight_variables=92'950 #tight_constraints=12'834 

Presolve summary:
  - 3251 affine relations were detected.
  - rule 'TODO dual: only one blocking constraint?' was applied 28 times.
  - rule 'TODO duplicate: skipped identical encoding constraints' was applied 5'220 times.
  - rule 'TODO interval: same interval with different enforcement?' was applied 257'563 times.
  - rule 'affine: new relation' was applied 3'251 times.
  - rule 'at_most_one: transformed into max clique' was applied 2 times.
  - rule 'deductions: 82388 stored' was applied 1 time.
  - rule 'deductions: reduced variable domain' was applied 1 time.
  - rule 'duplicate: removed constraint' was applied 770 times.
  - rule 'duplicate: removed enforced constraint' was applied 42'509 times.
  - rule 'encoding: candidate linear is all boolean now' was applied 770 times.
  - rule 'encoding: extracted from linear' was applied 3'290 times.
  - rule 'encoding: reduced target domain' was applied 3'290 times.
  - rule 'enforcement: false literal' was applied 111'795 times.
  - rule 'exactly_one: removed literals' was applied 596 times.
  - rule 'intervals: removed unused interval' was applied 3'557 times.
  - rule 'lin_max: removed exprs' was applied 3 times.
  - rule 'lin_max: target domain reduced' was applied 1 time.
  - rule 'linear matrix: common horizontal rectangle' was applied 6 times.
  - rule 'linear1: transformed to implication' was applied 24'360 times.
  - rule 'linear1: x in domain' was applied 3'771 times.
  - rule 'linear2: already known enforced relation' was applied 781'672 times.
  - rule 'linear: always true' was applied 4'571 times.
  - rule 'linear: divide by GCD' was applied 20'388 times.
  - rule 'linear: empty' was applied 13'961 times.
  - rule 'linear: enforcement literal in expression' was applied 2 times.
  - rule 'linear: extracted at most one (max)' was applied 770 times.
  - rule 'linear: fixed or dup variables' was applied 23'353 times.
  - rule 'linear: positive equal one' was applied 770 times.
  - rule 'linear: reduced variable domains' was applied 8'415 times.
  - rule 'linear: remapped using affine relations' was applied 204'482 times.
  - rule 'linear: simplified rhs' was applied 11'790 times.
  - rule 'new_bool: integer encoding' was applied 6'000 times.
  - rule 'no_overlap: removed absent intervals' was applied 20 times.
  - rule 'presolve: 4567 unused variables removed.' was applied 1 time.
  - rule 'presolve: iteration' was applied 3 times.
  - rule 'setppc: bool_or in at_most_one' was applied 14'328 times.
  - rule 'setppc: exactly_one included in linear' was applied 1 time.
  - rule 'setppc: reduced linear coefficients' was applied 1 time.
  - rule 'setppc: removed dominated constraints' was applied 1 time.
  - rule 'symmetry: fixed to false in general orbit' was applied 17 times.
  - rule 'variables with 2 values: new affine relation' was applied 780 times.
  - rule 'variables with 2 values: register other encoding' was applied 780 times.
  - rule 'variables: add encoding constraint' was applied 5'220 times.
  - rule 'variables: canonicalize affine domain' was applied 1'460 times.
  - rule 'variables: detect fully reified value encoding' was applied 720 times.
  - rule 'variables: detect half reified value encoding' was applied 61'040 times.

Presolved optimization model '': (model_fingerprint: 0xf6683eb884c596cb)
#Variables: 59'659 (#ints: 1 in objective) (49'344 primary variables)
  - 51'862 Booleans in [0,1]
  - 3'482 different domains in [-271111,271111] with a largest complexity of 3.
#kExactlyOne: 10'308 (#literals: 87'901)
#kInterval: 45'863 (#enforced: 45'863)
#kLinMax: 1 (#expressions: 194)
#kLinear1: 10'440 (#enforced: 10'440)
#kLinear2: 5'770
#kLinear3: 2'520
#kLinearN: 14 (#terms: 42'524)
#kNoOverlap: 8 (#intervals: 75'256, #optional: 75'256, #variable_sizes: 60'452)
[Symmetry] Graph for symmetry has 227'910 nodes and 501'434 arcs.
[Symmetry] Symmetry computation done. time: 0.0341882 dtime: 0.0761903

Preloading model.
#Bound 487.13s best:inf   next:[242459,271111] initial_domain
#Model 487.17s var:59659/59659 constraints:74924/74924

Starting search at 487.18s with 8 workers.
6 full problem subsolvers: [default_lp, fixed, max_lp, no_lp, quick_restart, reduced_costs]
2 first solution subsolvers: [fj, fs_random_no_lp]
13 interleaved subsolvers: [feasibility_pump, graph_arc_lns, graph_cst_lns, graph_dec_lns, graph_var_lns, ls, rins/rens, rnd_cst_lns, rnd_var_lns, scheduling_intervals_lns, scheduling_precedences_lns, scheduling_resource_windows_lns, scheduling_time_window_lns]
3 helper subsolvers: [neighborhood_helper, synchronization_agent, update_gap_integral]

#Bound 786.14s best:inf   next:[248765,271111] max_lp

Task timing                                  n [     min,      max]      avg      dev     time         n [     min,      max]      avg      dev    dtime
                       'default_lp':         1 [   6.88m,    6.88m]    6.88m   0.00ns    6.88m         2 [879.32ms,   14.83s]    7.86s    6.98s   15.71s
                 'feasibility_pump':        20 [ 29.92ms,   25.99s]    8.69s   11.27s    2.90m        19 [ 22.23ms,    2.06s] 796.45ms 510.04ms   15.13s
                            'fixed':         1 [   6.88m,    6.88m]    6.88m   0.00ns    6.88m         2 [862.23ms,    1.60m]   48.33s   47.47s    1.61m
                               'fj':      1660 [  3.56ms, 260.54ms]  48.38ms  42.59ms    1.34m      1660 [102.04ms, 271.49ms] 118.02ms  25.76ms    3.27m
                  'fs_random_no_lp':         1 [   6.88m,    6.88m]    6.88m   0.00ns    6.88m         2 [698.19ms, 836.30ms] 767.25ms  69.06ms    1.53s
                    'graph_arc_lns':         0 [  0.00ns,   0.00ns]   0.00ns   0.00ns   0.00ns         0 [  0.00ns,   0.00ns]   0.00ns   0.00ns   0.00ns
                    'graph_cst_lns':         0 [  0.00ns,   0.00ns]   0.00ns   0.00ns   0.00ns         0 [  0.00ns,   0.00ns]   0.00ns   0.00ns   0.00ns
                    'graph_dec_lns':         0 [  0.00ns,   0.00ns]   0.00ns   0.00ns   0.00ns         0 [  0.00ns,   0.00ns]   0.00ns   0.00ns   0.00ns
                    'graph_var_lns':         0 [  0.00ns,   0.00ns]   0.00ns   0.00ns   0.00ns         0 [  0.00ns,   0.00ns]   0.00ns   0.00ns   0.00ns
                               'ls':         0 [  0.00ns,   0.00ns]   0.00ns   0.00ns   0.00ns         0 [  0.00ns,   0.00ns]   0.00ns   0.00ns   0.00ns
                           'max_lp':         1 [   6.87m,    6.87m]    6.87m   0.00ns    6.87m         2 [   1.93s,   27.30s]   14.62s   12.69s   29.23s
                            'no_lp':         1 [   6.88m,    6.88m]    6.88m   0.00ns    6.88m         2 [673.41ms, 836.30ms] 754.85ms  81.45ms    1.51s
                    'quick_restart':         1 [   6.88m,    6.88m]    6.88m   0.00ns    6.88m         2 [879.85ms,   38.44s]   19.66s   18.78s   39.32s
                    'reduced_costs':         1 [   6.87m,    6.87m]    6.87m   0.00ns    6.87m         2 [858.42ms,    4.96s]    2.91s    2.05s    5.82s
                        'rins/rens':      1661 [  5.41ms,    1.76m]  96.03ms    2.64s    2.66m         7 [355.37us,  83.25ms]  13.68ms  28.45ms  95.78ms
                      'rnd_cst_lns':         0 [  0.00ns,   0.00ns]   0.00ns   0.00ns   0.00ns         0 [  0.00ns,   0.00ns]   0.00ns   0.00ns   0.00ns
                      'rnd_var_lns':         0 [  0.00ns,   0.00ns]   0.00ns   0.00ns   0.00ns         0 [  0.00ns,   0.00ns]   0.00ns   0.00ns   0.00ns
         'scheduling_intervals_lns':         0 [  0.00ns,   0.00ns]   0.00ns   0.00ns   0.00ns         0 [  0.00ns,   0.00ns]   0.00ns   0.00ns   0.00ns
       'scheduling_precedences_lns':         0 [  0.00ns,   0.00ns]   0.00ns   0.00ns   0.00ns         0 [  0.00ns,   0.00ns]   0.00ns   0.00ns   0.00ns
  'scheduling_resource_windows_lns':         0 [  0.00ns,   0.00ns]   0.00ns   0.00ns   0.00ns         0 [  0.00ns,   0.00ns]   0.00ns   0.00ns   0.00ns
       'scheduling_time_window_lns':         0 [  0.00ns,   0.00ns]   0.00ns   0.00ns   0.00ns         0 [  0.00ns,   0.00ns]   0.00ns   0.00ns   0.00ns

Search stats           Bools  Conflicts  Branches  Restarts  BacktrackToRoot  Backtrack  BoolPropag  IntegerPropag
       'default_lp':  51'862        180   187'630         1          176'167    186'451   1'409'563     11'101'238
            'fixed':  52'376          0   104'752         0          103'724    103'724     753'462      6'362'084
  'fs_random_no_lp':  51'862         50   189'294         1          171'552    181'052   1'285'315     11'179'662
           'max_lp':  51'862         51   110'697         1          103'725    103'775     772'402      6'651'159
            'no_lp':  51'862         50   187'422         1          169'998    179'276   1'273'219     10'975'395
    'quick_restart':  51'862          4   107'748         0          103'724    103'728     798'478      6'418'628
    'reduced_costs':  51'864         50   117'003         1          103'725    103'775     775'995      6'607'065

SAT formula           Fixed  Equiv   Total  VarLeft  BinaryClauses  PermanentClauses  TemporaryClauses
       'default_lp':      0      0  51'862   51'862         18'842             6'828               174
            'fixed':      0      0  52'376   52'376         18'842            17'268                 0
  'fs_random_no_lp':      0      0  51'862   51'862         18'842             6'828                50
           'max_lp':      0      0  51'862   51'862         18'842             6'828                48
            'no_lp':      0      0  51'862   51'862         18'842             6'828                49
    'quick_restart':      0      0  51'862   51'862         18'842            17'268                 4
    'reduced_costs':      1      0  51'864   51'863         18'842             6'828                 0

SAT stats             ClassicMinim  LitRemoved  LitRemovedBinary  LitLearned  LitForgotten  Subsumed
       'default_lp':             0           0                 0     671'672             0         3
            'fixed':             0           0                 0           0             0         0
  'fs_random_no_lp':             4           9                 4       9'097             0         0
           'max_lp':             0           0               582      42'564             0         2
            'no_lp':             2           4                17       7'926             0         1
    'quick_restart':             0           0               269       2'286             0         0
    'reduced_costs':            50       1'402               697      45'374             0         3

Vivification          Clauses  Decisions  LitTrue  Subsumed  LitRemoved  DecisionReused  Conflicts
       'default_lp':        0          0        0         0           0               0          0
            'fixed':        0          0        0         0           0               0          0
  'fs_random_no_lp':        0          0        0         0           0               0          0
           'max_lp':        0          0        0         0           0               0          0
            'no_lp':        0          0        0         0           0               0          0
    'quick_restart':        0          0        0         0           0               0          0
    'reduced_costs':        0          0        0         0           0               0          0

Clause deletion       at_true  l_and_not(l)  to_binary  sub_conflict  sub_extra  sub_decisions  sub_eager  sub_vivify  sub_probing  sub_inpro  blocked  eliminated  forgotten  promoted  conflicts
       'default_lp':        0             0          0             0          3              0          3           0            0      5'220        0           0          0       185        180
            'fixed':        0             0          0             0          0              0          0           0            0          0        0           0          0         0          0
  'fs_random_no_lp':        0             0          0             0          0              0          0           0            0      5'220        0           0          0       116         50
           'max_lp':        0             0          0             0          1              0          2           0            0      5'220        0           0          0        53         51
            'no_lp':        0             0          0             0          0              0          1           0            0      5'220        0           0          0       109         50
    'quick_restart':        0             0          0             0          0              0          0           0            0          0        0           0          0         4          4
    'reduced_costs':       47             0          0             1          0              0          2           0            0      5'220        0           0          0        56         50

Lp stats            Component  Iterations  AddedCuts  OPTIMAL  DUAL_F.  DUAL_U.
     'default_lp':         21      33'815      6'733      518        6      139
          'fixed':         21     159'905     11'384      767      248        0
         'max_lp':          1      21'289        110      132    1'311       25
  'quick_restart':         21      75'501      9'513    3'689       66        4
  'reduced_costs':          1      18'242      4'219      151    1'463       50

Lp dimension               Final dimension of first component
     'default_lp':   10144 rows, 50938 columns, 94366 entries
          'fixed':  16917 rows, 56159 columns, 113589 entries
         'max_lp':  17130 rows, 59659 columns, 140314 entries
  'quick_restart':  10272 rows, 50938 columns, 100440 entries
  'reduced_costs':    8295 rows, 59659 columns, 38685 entries

Lp debug            CutPropag  CutEqPropag  Adjust  Overflow  Bad  BadScaling
     'default_lp':          0            0     139         0    0           0
          'fixed':          0            0       0         0    0           0
         'max_lp':          0            0      25         0   63           0
  'quick_restart':          0            0       4         0    0           0
  'reduced_costs':          0            0      50         0  193           0

Lp pool             Constraints  Updates  Simplif  Merged  Shortened  Split  Strengthened      Cuts/Call
     'default_lp':       25'113        0        0     193          0      0             0    6'733/9'450
          'fixed':       34'725        0        0   1'933          0      0             0  11'384/13'812
         'max_lp':       27'431        0      354   1'933          0      0             0        110/132
  'quick_restart':       27'893        0        0     193          0      0             0   9'513/12'044
  'reduced_costs':       31'539        0        0   1'934          0      0             0    4'219/7'084

Lp Cut                              max_lp  reduced_costs   fixed  quick_restart  default_lp
                            CG_FF:       -             11       -              -           -
                             CG_K:       -              6       -              -           -
                            CG_KL:       -              2       -              -           -
                            CG_RB:       -              6       -              -           -
                           CG_RBP:       -              1       -              -           -
                           Clique:       -              2       -              -           -
                               IB:      50          4'089  11'384          9'513       6'733
                         MIR_1_FF:       -              4       -              -           -
                          MIR_1_K:       -              2       -              -           -
                         MIR_1_KL:       -              1       -              -           -
                        MIR_1_RLT:       -              1       -              -           -
                         MIR_2_FF:       -             12       -              -           -
                          MIR_2_K:       -              8       -              -           -
                          MIR_2_R:       -              8       -              -           -
                         MIR_3_FF:       8             10       -              -           -
                          MIR_3_K:       7             10       -              -           -
                          MIR_3_R:       8              9       -              -           -
                         MIR_4_FF:       8              4       -              -           -
                          MIR_4_K:       9              1       -              -           -
                          MIR_4_R:       9              1       -              -           -
                         MIR_4_RB:       1              -       -              -           -
                         MIR_5_FF:       2              5       -              -           -
                          MIR_5_K:       1              1       -              -           -
                          MIR_5_R:       2              1       -              -           -
                         MIR_6_FF:       -              4       -              -           -
                          MIR_6_K:       -              2       -              -           -
                          MIR_6_R:       -              4       -              -           -
                         MIR_6_RB:       -              4       -              -           -
                        MIR_6_RBP:       -              2       -              -           -
  NoOverlapEnergy_lifted_optional:       5              5       -              -           -
                     ZERO_HALF_FF:       -              1       -              -           -
                      ZERO_HALF_R:       -              1       -              -           -
                     ZERO_HALF_RB:       -              1       -              -           -

LNS stats                             Improv/Calls  Closed  Difficulty  TimeLimit
                    'graph_arc_lns':           0/0      0%    5.00e-01       0.10
                    'graph_cst_lns':           0/0      0%    5.00e-01       0.10
                    'graph_dec_lns':           0/0      0%    5.00e-01       0.10
                    'graph_var_lns':           0/0      0%    5.00e-01       0.10
                        'rins/rens':         11/11     91%    9.82e-01       0.10
                      'rnd_cst_lns':           0/0      0%    5.00e-01       0.10
                      'rnd_var_lns':           0/0      0%    5.00e-01       0.10
         'scheduling_intervals_lns':           0/0      0%    5.00e-01       0.10
       'scheduling_precedences_lns':           0/0      0%    5.00e-01       0.10
  'scheduling_resource_windows_lns':           0/0      0%    5.00e-01       0.10
       'scheduling_time_window_lns':           0/0      0%    5.00e-01       0.10

LS stats                                    Batches  Restarts/Perturbs  LinMoves  GenMoves  CompoundMoves  Bactracks  WeightUpdates  ScoreComputed
                             'fj_restart':       55                 27    14'279         0              0          0              4      2'349'387
                    'fj_restart_compound':       50                 23         0       753            750          0              0         10'571
                'fj_restart_compound_obj':      253                 34         0     1'972          1'956          0              0         43'091
            'fj_restart_compound_perturb':       49                 23         0       175            167          0              0          7'587
        'fj_restart_compound_perturb_obj':       69                 26         0       258            238          0              0         10'639
                       'fj_restart_decay':      210                 28    49'998         0              0          0             16     22'285'491
              'fj_restart_decay_compound':       55                 29         0       896            887          0              0         11'946
          'fj_restart_decay_compound_obj':       79                 36         0     1'238          1'200          0              0         17'147
      'fj_restart_decay_compound_perturb':       93                 29         0       354            346          0              0         14'592
  'fj_restart_decay_compound_perturb_obj':      118                 34         0       420            387          0              0         18'053
                   'fj_restart_decay_obj':      126                 29    34'651         0              0          0             11     11'743'731
               'fj_restart_decay_perturb':       87                 27    20'631         0              0          0              3      4'237'326
           'fj_restart_decay_perturb_obj':       75                 33    15'910         0              0          0              2      2'277'315
                         'fj_restart_obj':       93                 31    24'989         0              0          0              8      6'501'083
                     'fj_restart_perturb':      105                 27    24'629         0              0          0              7      6'228'482
                 'fj_restart_perturb_obj':      143                 35    34'685         0              0          0             11      9'945'199

Objective bounds     Num
  'initial_domain':    1
          'max_lp':    1

Solution repositories    Added  Queried  Synchro
    'alternative_path':      0        0        0
      'best_solutions':      0        0        0
   'fj solution hints':    463        0      463
        'lp solutions':    201    1'661      170
                'pump':      0        0

Improving bounds shared    Num  Sym
         'reduced_costs':    1    0

Clauses shared        #Exported  #Imported  #BinaryRead  #BinaryTotal
       'default_lp':          0          0            0             0
            'fixed':          0          0            0             0
  'fs_random_no_lp':          0          0            0             0
           'max_lp':          0          0            0             0
            'no_lp':          0          0            0             0
    'quick_restart':          0          0            0             0
    'reduced_costs':          0          0            0             0

LRAT_status: NA
CpSolverResponse summary:
status: UNKNOWN
objective: 271111
best_bound: 248765
integers: 60427
booleans: 51862
conflicts: 51
branches: 110697
propagations: 772402
integer_propagations: 6651159
restarts: 1
lp_iterations: 21289
walltime: 900.306
usertime: 900.306
deterministic_time: 409.315
gap_integral: 4069.24

cpsat status=UNKNOWN wall=900.3s
Traceback (most recent call last):
  File "/scratch/agustin/xpurt-dev-sync/scripts/run_xpurt_schedule.py", line 1649, in <module>
    schedule_iree_networks(
    ~~~~~~~~~~~~~~~~~~~~~~^
        networks_json_path=args.networks_json,
        ^^^^^^^^^^^^^^^^^^^^^^^^^^^^^^^^^^^^^^
    ...<20 lines>...
        no_milp_native_warm_start=args.no_milp_native_warm_start,
        ^^^^^^^^^^^^^^^^^^^^^^^^^^^^^^^^^^^^^^^^^^^^^^^^^^^^^^^^^
    )
    ^
  File "/scratch/agustin/xpurt-dev-sync/scripts/run_xpurt_schedule.py", line 852, in schedule_iree_networks
    t, alpha = _greedy_fn(combined_workload)
               ~~~~~~~~~~^^^^^^^^^^^^^^^^^^^
  File "/scratch/agustin/xpurt-dev-sync/xpu-rt/cpsat_scheduler.py", line 261, in cpsat_schedule
    raise RuntimeError(f"cpsat returned {sol['status']} with no solution")
RuntimeError: cpsat returned UNKNOWN with no solution
