--board-calibration: loaded /scratch/agustin/xpurt-dev-sync/results/codesign_feedback/k1_board_calibration_yolo110.json (aggregate x1.261)
============================================================
Loading network hierarchy from JSON...
============================================================

Loading networks from: /scratch/agustin/xpurt-dev-sync/data/toplevel/wh_chain60_solve_500.json

Found 3 networks:
  - yolov8_nano_64x96 (id: 0, identifier: yolov8_nano_64x96)
  - fused_full (id: 1, identifier: fused_full)
  - mlp_control (id: 2, identifier: mlp_control)

Found 2 network-level dependencies:
  - yolov8_nano_64x96 → fused_full
  - fused_full → mlp_control

Resolved runtime configuration:
  Machine core counts: {'CPU_P': 4, 'CPU_E': 4}
  Profile HW mapping: CPU_P->rvv_x60, CPU_E->rvv_x60
  Profile target/topology: target=spacemit_x60, topo_tag=topo_0_1_2_3
  p_core_speedup: 1.0
  random_seed: 42
  solver_verbosity: 0
  time_limit: 600
  use_profiled: True
  prune_periodic: True
  restrict_makespan_to_nonperiodic: False
  cvxpy_solver (milp only): MOSEK
  machine_combination_mode: shard
  enforce_same_processor_combinations: True

Using profiled runtimes where available...
  (warning) 8 dispatch(es) were costed 0.0 because a profile that EXISTS has no row for them. Either they are ops the codegen drops (the yolo chunk2_c1 case) or the CSV is short and unmeasured work is being scheduled as instantaneous.
  - yolov8_nano_64x96/dispatch_3(id=3) costed 0.0 (first seen on rvv_x60/topo_0): no row in an otherwise-present profile; op not knowable from the profile
  - yolov8_nano_64x96/dispatch_11(id=11) costed 0.0 (first seen on rvv_x60/topo_0): no row in an otherwise-present profile; op not knowable from the profile
  - yolov8_nano_64x96/dispatch_22(id=22) costed 0.0 (first seen on rvv_x60/topo_0): no row in an otherwise-present profile; op not knowable from the profile
  - yolov8_nano_64x96/dispatch_33(id=33) costed 0.0 (first seen on rvv_x60/topo_0): no row in an otherwise-present profile; op not knowable from the profile
  - yolov8_nano_64x96/dispatch_48(id=48) costed 0.0 (first seen on rvv_x60/topo_0): no row in an otherwise-present profile; op not knowable from the profile
  - yolov8_nano_64x96/dispatch_56(id=56) costed 0.0 (first seen on rvv_x60/topo_0): no row in an otherwise-present profile; op not knowable from the profile
  - yolov8_nano_64x96/dispatch_64(id=64) costed 0.0 (first seen on rvv_x60/topo_0): no row in an otherwise-present profile; op not knowable from the profile
  - yolov8_nano_64x96/dispatch_72(id=72) costed 0.0 (first seen on rvv_x60/topo_0): no row in an otherwise-present profile; op not knowable from the profile
  (warning) set XPURT_STRICT_ZERO_COST=1 to make this fatal
  Workload declares horizon 500 ms and 3 explicit periodic instance counts; those counts are used as given. Networks without one are still sized by the refinement loop below.

--- cpsat iteration 1 ---
  stateful: chained 29 instance edge(s) for ['fused_full']
  Total operations: 3740
  Job names: ['yolov8_nano_64x960', 'fused_full0', 'mlp_control0', 'yolov8_nano_64x961', 'yolov8_nano_64x962', 'yolov8_nano_64x963', 'yolov8_nano_64x964', 'yolov8_nano_64x965', 'yolov8_nano_64x966', 'yolov8_nano_64x967', 'yolov8_nano_64x968', 'yolov8_nano_64x969', 'yolov8_nano_64x9610', 'yolov8_nano_64x9611', 'yolov8_nano_64x9612', 'yolov8_nano_64x9613', 'yolov8_nano_64x9614', 'yolov8_nano_64x9615', 'yolov8_nano_64x9616', 'yolov8_nano_64x9617', 'yolov8_nano_64x9618', 'yolov8_nano_64x9619', 'yolov8_nano_64x9620', 'yolov8_nano_64x9621', 'yolov8_nano_64x9622', 'yolov8_nano_64x9623', 'yolov8_nano_64x9624', 'yolov8_nano_64x9625', 'yolov8_nano_64x9626', 'yolov8_nano_64x9627', 'yolov8_nano_64x9628', 'yolov8_nano_64x9629', 'fused_full1', 'fused_full2', 'fused_full3', 'fused_full4', 'fused_full5', 'fused_full6', 'fused_full7', 'fused_full8', 'fused_full9', 'fused_full10', 'fused_full11', 'fused_full12', 'fused_full13', 'fused_full14', 'fused_full15', 'fused_full16', 'fused_full17', 'fused_full18', 'fused_full19', 'fused_full20', 'fused_full21', 'fused_full22', 'fused_full23', 'fused_full24', 'fused_full25', 'fused_full26', 'fused_full27', 'fused_full28', 'fused_full29', 'mlp_control1', 'mlp_control2', 'mlp_control3', 'mlp_control4', 'mlp_control5', 'mlp_control6', 'mlp_control7', 'mlp_control8', 'mlp_control9', 'mlp_control10', 'mlp_control11', 'mlp_control12', 'mlp_control13', 'mlp_control14', 'mlp_control15', 'mlp_control16', 'mlp_control17', 'mlp_control18', 'mlp_control19', 'mlp_control20', 'mlp_control21', 'mlp_control22', 'mlp_control23', 'mlp_control24', 'mlp_control25', 'mlp_control26', 'mlp_control27', 'mlp_control28', 'mlp_control29', 'mlp_control30', 'mlp_control31', 'mlp_control32', 'mlp_control33', 'mlp_control34', 'mlp_control35', 'mlp_control36', 'mlp_control37', 'mlp_control38', 'mlp_control39', 'mlp_control40', 'mlp_control41', 'mlp_control42', 'mlp_control43', 'mlp_control44', 'mlp_control45', 'mlp_control46', 'mlp_control47', 'mlp_control48', 'mlp_control49']

Starting CP-SAT solver v9.15.6755
Parameters: random_seed: 0 max_time_in_seconds: 3000 log_search_progress: true num_search_workers: 8

Initial optimization model '': (model_fingerprint: 0x84b30fee84560e13)
#Variables: 63'581 (#ints: 1 in objective) (55'860 primary variables)
  - 52'360 Booleans in [0,1]
  - 3'310 different domains in [0,80000001868221] with a largest complexity of 1.
#kExactlyOne: 3'740 (#literals: 52'360)
#kInterval: 52'360 (#enforced: 52'360)
#kLinMax: 1 (#expressions: 3'740)
#kLinear1: 56'341 (#enforced: 52'360)
#kLinear2: 927'619 (#enforced: 919'240 #multi: 919'240)
#kLinear3: 3'740
#kLinearN: 3'508 (#terms: 136'508)
#kNoOverlap: 8 (#intervals: 89'760, #optional: 89'760, #variable_sizes: 89'760)

Starting presolve at 0.32s
  5.67e-02s  0.00e+00d  [DetectDominanceRelations] 
  2.48e+00s  0.00e+00d  [PresolveToFixPoint] #num_loops=4 #num_dual_strengthening=1 
  8.49e-02s  0.00e+00d  [ExtractEncodingFromLinear] #potential_supersets=3'740 #potential_subsets=3'500 #exo_encodings=3'500 #multiple_terms=6'780 #literals=44'200 
  2.35e-02s  0.00e+00d  [DetectDuplicateColumns] 
  3.95e-02s  0.00e+00d  [DetectDuplicateConstraints] 
[Symmetry] Graph for symmetry has 427'544 nodes and 999'450 arcs.
[Symmetry] Symmetry computation done. time: 0.654352 dtime: 0.320977
[Symmetry] #generators: 4, average support size: 20840
[Symmetry] 9620 orbits on 47560 variables with sizes: 8,8,8,8,8,8,8,8,8,8,...
[Symmetry] Num fixable by binary propagation in orbit: 7 / 8
[Symmetry] Num fixable by intersecting at_most_one with orbits: 11 largest_orbit: 8
[Symmetry] Found orbitope of size 3740 x 2
[SAT presolve] num removable Booleans: 0 / 59'340
[SAT presolve] num trivial clauses: 0
[SAT presolve] [0s] clauses:42'049 literals:112'587 vars:41'269 one_side_vars:0 simple_definition:40'489 singleton_clauses:0
[SAT presolve] [0.00827241s] clauses:42'049 literals:112'587 vars:41'269 one_side_vars:0 simple_definition:40'489 singleton_clauses:0
[SAT presolve] [0.0103774s] clauses:42'049 literals:112'587 vars:41'269 one_side_vars:0 simple_definition:40'489 singleton_clauses:0
  1.10e-01s  0.00e+00d  [DetectDuplicateConstraintsWithDifferentEnforcements] #without_enforcements=134'479 
  2.11e+02s  1.02e+00d *[Probe] #probed=100'844 #new_bounds=7'240 #equiv=1 
  3.93e-02s  1.52e-02d  [MaxClique] Merged 36'250 constraints with 79'460 literals into 7'761 constraints with 50'971 literals
  5.01e-02s  0.00e+00d  [DetectDominanceRelations] 
  3.68e-01s  0.00e+00d  [PresolveToFixPoint] #num_loops=3 #num_dual_strengthening=1 
  6.57e-02s  0.00e+00d  [ProcessAtMostOneAndLinear] 
  3.95e-02s  0.00e+00d  [DetectDuplicateConstraints] #duplicates=980 
  3.80e-02s  0.00e+00d  [DetectDuplicateConstraintsWithDifferentEnforcements] #without_enforcements=43'808 
  1.75e-02s  3.08e-04d  [DetectDominatedLinearConstraints] #relevant_constraints=7'416 
  1.05e-02s  0.00e+00d  [DetectDifferentVariables] 
  3.37e-02s  7.95e-04d  [ProcessSetPPC] #relevant_constraints=18'286 #num_inclusions=7'761 
  1.94e-02s  0.00e+00d  [TransformClausesToExactlyOne] #num_amos=35'268 
  1.59e-02s  0.00e+00d  [DetectEncodedComplexDomains] 
  1.13e-02s  0.00e+00d  [FindAlmostIdenticalLinearConstraints] 
  2.82e-01s  1.00e+00d *[FindBigAtMostOneAndLinearOverlap] 
  5.33e-02s  1.00e+00d *[FindBigVerticalLinearOverlap] 
  2.53e-02s  8.90e-04d  [FindBigHorizontalLinearOverlap] #blocks=4 #saved_nz=21'585 #linears=8 
  1.01e-02s  0.00e+00d  [MergeClauses] 
  4.32e-02s  0.00e+00d  [DetectDominanceRelations] 
  2.03e-01s  0.00e+00d  [PresolveToFixPoint] #num_loops=2 #num_dual_strengthening=1 
  5.30e-02s  0.00e+00d  [DetectDominanceRelations] 
  2.23e-01s  0.00e+00d  [PresolveToFixPoint] #num_loops=1 #num_dual_strengthening=1 
  1.07e-02s  0.00e+00d  [DetectDuplicateColumns] 
  2.72e-02s  0.00e+00d  [DetectDuplicateConstraints] 
[Symmetry] Graph for symmetry has 318'834 nodes and 662'274 arcs.
[Symmetry] Symmetry computation done. time: 0.17613 dtime: 0.154137
[Symmetry] #generators: 3, average support size: 11930.7
[Symmetry] 10418 orbits on 28314 variables with sizes: 4,4,4,4,4,4,4,4,4,4,...
[Symmetry] Num fixable by binary propagation in orbit: 3 / 4
[Symmetry] Num fixable by intersecting at_most_one with orbits: 5 largest_orbit: 4
[Symmetry] Found orbitope of size 3739 x 2
[SAT presolve] num removable Booleans: 0 / 53'548
[SAT presolve] num trivial clauses: 0
[SAT presolve] [0s] clauses:35'263 literals:70'526 vars:41'263 one_side_vars:40484 simple_definition:0 singleton_clauses:0
[SAT presolve] [0.00429741s] clauses:35'263 literals:70'526 vars:41'263 one_side_vars:40484 simple_definition:0 singleton_clauses:0
[SAT presolve] [0.00608512s] clauses:35'263 literals:70'526 vars:41'263 one_side_vars:40484 simple_definition:0 singleton_clauses:0
  4.17e-02s  0.00e+00d  [DetectDuplicateConstraintsWithDifferentEnforcements] #without_enforcements=43'808 
  2.22e+02s  8.41e-01d  [Probe] #probed=107'088 
  3.37e-02s  1.72e-02d  [MaxClique] Merged 35'263 constraints with 70'526 literals into 6'779 constraints with 42'042 literals
  4.57e-02s  0.00e+00d  [DetectDominanceRelations] 
  2.47e-01s  0.00e+00d  [PresolveToFixPoint] #num_loops=1 #num_dual_strengthening=1 
  5.52e-02s  0.00e+00d  [ProcessAtMostOneAndLinear] 
  3.68e-02s  0.00e+00d  [DetectDuplicateConstraints] 
  4.15e-02s  0.00e+00d  [DetectDuplicateConstraintsWithDifferentEnforcements] #without_enforcements=43'803 
  1.89e-02s  2.20e-04d  [DetectDominatedLinearConstraints] #relevant_constraints=7'420 
  1.22e-02s  0.00e+00d  [DetectDifferentVariables] 
  3.36e-02s  6.84e-04d  [ProcessSetPPC] #relevant_constraints=17'309 #num_inclusions=6'779 
  1.47e-02s  0.00e+00d  [TransformClausesToExactlyOne] 
  1.91e-02s  0.00e+00d  [DetectEncodedComplexDomains] 
  1.25e-02s  0.00e+00d  [FindAlmostIdenticalLinearConstraints] 
  3.03e-01s  1.00e+00d *[FindBigAtMostOneAndLinearOverlap] 
  7.57e-02s  1.00e+00d *[FindBigVerticalLinearOverlap] 
  1.79e-02s  1.56e-03d  [FindBigHorizontalLinearOverlap] #blocks=2 #saved_nz=5'394 #linears=12 
  1.37e-02s  0.00e+00d  [MergeClauses] 
  4.54e-02s  0.00e+00d  [DetectDominanceRelations] 
  2.08e-01s  0.00e+00d  [PresolveToFixPoint] #num_loops=2 #num_dual_strengthening=1 
  4.53e-02s  0.00e+00d  [DetectDominanceRelations] 
  2.21e-01s  0.00e+00d  [PresolveToFixPoint] #num_loops=1 #num_dual_strengthening=1 
  1.16e-02s  0.00e+00d  [DetectDuplicateColumns] 
  2.65e-02s  0.00e+00d  [DetectDuplicateConstraints] 
[Symmetry] Graph for symmetry has 242'288 nodes and 509'758 arcs.
[Symmetry] Symmetry computation done. time: 0.0719247 dtime: 0.0838958
[Symmetry] #generators: 1, average support size: 7476
[Symmetry] 3738 orbits on 7476 variables with sizes: 2,2,2,2,2,2,2,2,2,2,...
[Symmetry] Num fixable by intersecting at_most_one with orbits: 1 largest_orbit: 2
  3.81e-02s  0.00e+00d  [DetectDuplicateConstraintsWithDifferentEnforcements] #without_enforcements=43'803 
  2.22e+02s  8.30e-01d  [Probe] #probed=107'086 
  7.60e-03s  0.00e+00d  [MaxClique] 
  4.44e-02s  0.00e+00d  [DetectDominanceRelations] 
  1.93e-01s  0.00e+00d  [PresolveToFixPoint] #num_loops=1 #num_dual_strengthening=1 
  4.41e-02s  0.00e+00d  [ProcessAtMostOneAndLinear] 
  3.29e-02s  0.00e+00d  [DetectDuplicateConstraints] 
  3.79e-02s  0.00e+00d  [DetectDuplicateConstraintsWithDifferentEnforcements] #without_enforcements=43'802 
  1.77e-02s  1.97e-04d  [DetectDominatedLinearConstraints] #relevant_constraints=7'422 
  1.12e-02s  0.00e+00d  [DetectDifferentVariables] 
  1.87e-02s  4.13e-04d  [ProcessSetPPC] #relevant_constraints=10'532 
  1.42e-02s  0.00e+00d  [TransformClausesToExactlyOne] 
  1.79e-02s  0.00e+00d  [DetectEncodedComplexDomains] 
  1.25e-02s  0.00e+00d  [FindAlmostIdenticalLinearConstraints] 
  3.06e-01s  1.00e+00d *[FindBigAtMostOneAndLinearOverlap] 
  5.36e-02s  7.11e-01d  [FindBigVerticalLinearOverlap] 
  1.38e-02s  3.09e-03d  [FindBigHorizontalLinearOverlap] #linears=14 
  9.98e-03s  0.00e+00d  [MergeClauses] 
  4.31e-02s  0.00e+00d  [DetectDominanceRelations] 
  1.89e-01s  0.00e+00d  [PresolveToFixPoint] #num_loops=1 #num_dual_strengthening=1 
  1.79e-01s  0.00e+00d  [MergeNoOverlap] 
  1.26e-02s  0.00e+00d  [MergeNoOverlap2D] 
  4.97e-02s  0.00e+00d  [ExpandObjective] #entries=893'789 #tight_variables=94'630 #tight_constraints=13'044 

Presolve summary:
  - 3671 affine relations were detected.
  - rule 'TODO dual: only one blocking constraint?' was applied 28 times.
  - rule 'TODO duplicate: skipped identical encoding constraints' was applied 5'220 times.
  - rule 'TODO interval: same interval with different enforcement?' was applied 267'643 times.
  - rule 'affine: new relation' was applied 3'671 times.
  - rule 'at_most_one: transformed into max clique' was applied 2 times.
  - rule 'deductions: 87008 stored' was applied 1 time.
  - rule 'deductions: reduced variable domain' was applied 1 time.
  - rule 'duplicate: removed constraint' was applied 980 times.
  - rule 'duplicate: removed enforced constraint' was applied 44'189 times.
  - rule 'encoding: candidate linear is all boolean now' was applied 980 times.
  - rule 'encoding: extracted from linear' was applied 3'500 times.
  - rule 'encoding: reduced target domain' was applied 3'500 times.
  - rule 'enforcement: false literal' was applied 141'855 times.
  - rule 'exactly_one: removed literals' was applied 806 times.
  - rule 'intervals: removed unused interval' was applied 4'817 times.
  - rule 'lin_max: removed exprs' was applied 3 times.
  - rule 'lin_max: target domain reduced' was applied 1 time.
  - rule 'linear matrix: common horizontal rectangle' was applied 6 times.
  - rule 'linear1: transformed to implication' was applied 24'360 times.
  - rule 'linear1: x in domain' was applied 3'981 times.
  - rule 'linear2: already known enforced relation' was applied 793'192 times.
  - rule 'linear: always true' was applied 11'723 times.
  - rule 'linear: divide by GCD' was applied 22'278 times.
  - rule 'linear: empty' was applied 15'641 times.
  - rule 'linear: enforcement literal in expression' was applied 2 times.
  - rule 'linear: extracted at most one (max)' was applied 980 times.
  - rule 'linear: fixed or dup variables' was applied 27'343 times.
  - rule 'linear: positive equal one' was applied 980 times.
  - rule 'linear: reduced variable domains' was applied 8'193 times.
  - rule 'linear: remapped using affine relations' was applied 211'385 times.
  - rule 'linear: simplified rhs' was applied 11'790 times.
  - rule 'new_bool: integer encoding' was applied 6'000 times.
  - rule 'no_overlap: removed absent intervals' was applied 20 times.
  - rule 'presolve: 6037 unused variables removed.' was applied 1 time.
  - rule 'presolve: iteration' was applied 3 times.
  - rule 'setppc: bool_or in at_most_one' was applied 14'538 times.
  - rule 'setppc: exactly_one included in linear' was applied 1 time.
  - rule 'setppc: reduced linear coefficients' was applied 1 time.
  - rule 'setppc: removed dominated constraints' was applied 1 time.
  - rule 'symmetry: fixed to false in general orbit' was applied 17 times.
  - rule 'variables with 2 values: new affine relation' was applied 780 times.
  - rule 'variables with 2 values: register other encoding' was applied 780 times.
  - rule 'variables: add encoding constraint' was applied 5'220 times.
  - rule 'variables: canonicalize affine domain' was applied 1'670 times.
  - rule 'variables: detect fully reified value encoding' was applied 720 times.
  - rule 'variables: detect half reified value encoding' was applied 65'660 times.

Presolved optimization model '': (model_fingerprint: 0xf15fdb5447baf3da)
#Variables: 61'549 (#ints: 1 in objective) (51'024 primary variables)
  - 53'542 Booleans in [0,1]
  - 3'710 different domains in [-561111,561111] with a largest complexity of 3.
#kExactlyOne: 10'518 (#literals: 89'581)
#kInterval: 47'543 (#enforced: 47'543)
#kLinMax: 1 (#expressions: 103)
#kLinear1: 10'440 (#enforced: 10'440)
#kLinear2: 4'888
#kLinear3: 2'520
#kLinearN: 14 (#terms: 44'204)
#kNoOverlap: 8 (#intervals: 76'936, #optional: 76'936, #variable_sizes: 60'452)
[Symmetry] Graph for symmetry has 232'577 nodes and 509'748 arcs.
[Symmetry] Symmetry computation done. time: 0.0359005 dtime: 0.0777388

Preloading model.
#Bound 665.69s best:inf   next:[532459,561111] initial_domain
#Model 665.73s var:61549/61549 constraints:75932/75932

Starting search at 665.74s with 8 workers.
6 full problem subsolvers: [default_lp, fixed, max_lp, no_lp, quick_restart, reduced_costs]
2 first solution subsolvers: [fj, fs_random_no_lp]
13 interleaved subsolvers: [feasibility_pump, graph_arc_lns, graph_cst_lns, graph_dec_lns, graph_var_lns, ls, rins/rens, rnd_cst_lns, rnd_var_lns, scheduling_intervals_lns, scheduling_precedences_lns, scheduling_resource_windows_lns, scheduling_time_window_lns]
3 helper subsolvers: [neighborhood_helper, synchronization_agent, update_gap_integral]

#1     1841.90s best:533213 next:[532459,533212] fixed
#2     1844.91s best:533212 next:[532459,533211] graph_var_lns (d=5.00e-01 s=5533 t=0.10 p=0.00 stall=0 h=base)
#3     1854.38s best:533208 next:[532459,533207] scheduling_time_window_lns (d=5.00e-01 s=5538 t=0.10 p=0.00 stall=0 h=base)
#4     1943.41s best:533207 next:[532459,533206] graph_var_lns (d=5.38e-01 s=5556 t=0.10 p=0.50 stall=0 h=base)
#5     1951.98s best:533206 next:[532459,533205] rnd_cst_lns (d=3.31e-01 s=5583 t=0.10 p=0.44 stall=0 h=base)
#6     2112.37s best:533200 next:[532459,533199] scheduling_intervals_lns (d=4.41e-02 s=5717 t=0.10 p=0.00 stall=1 h=base)
#7     2115.69s best:533199 next:[532459,533198] scheduling_resource_windows_lns (d=9.99e-01 s=5726 t=0.10 p=1.00 stall=0 h=base)
#8     2121.98s best:533183 next:[532459,533182] scheduling_intervals_lns (d=3.26e-02 s=5739 t=0.10 p=0.00 stall=0 h=base)
#9     2138.22s best:533182 next:[532459,533181] graph_var_lns (d=5.48e-01 s=5749 t=0.10 p=0.50 stall=0 h=base)
#10    2155.44s best:533161 next:[532459,533160] scheduling_intervals_lns (d=3.21e-02 s=5785 t=0.10 p=0.11 stall=0 h=base)
#11    2165.54s best:533160 next:[532459,533159] scheduling_intervals_lns (d=4.18e-02 s=5801 t=0.10 p=0.20 stall=0 h=base)
#12    2177.99s best:533154 next:[532459,533153] scheduling_intervals_lns (d=5.39e-02 s=5815 t=0.10 p=0.27 stall=0 h=base)
#13    2180.88s best:533148 next:[532459,533147] scheduling_resource_windows_lns (d=1.00e+00 s=5822 t=0.10 p=1.00 stall=3 h=base)
#14    2190.44s best:533059 next:[532459,533058] scheduling_intervals_lns (d=5.43e-02 s=5845 t=0.10 p=0.31 stall=0 h=base)
#15    2222.00s best:533058 next:[532459,533057] graph_arc_lns (d=3.59e-01 s=5923 t=0.10 p=0.33 stall=3 h=base)
#16    2224.90s best:533055 next:[532459,533054] scheduling_resource_windows_lns (d=1.00e+00 s=5924 t=0.10 p=1.00 stall=0 h=base)
#17    2239.05s best:533054 next:[532459,533053] graph_var_lns (d=5.50e-01 s=5929 t=0.10 p=0.50 stall=1 h=base)
#18    2342.88s best:533053 next:[532459,533052] scheduling_intervals_lns (d=6.99e-02 s=5966 t=0.10 p=0.39 stall=3 h=base) [hint]
#19    2346.15s best:533051 next:[532459,533050] scheduling_resource_windows_lns (d=1.00e+00 s=5968 t=0.10 p=1.00 stall=2 h=base)
#20    2393.90s best:533049 next:[532459,533048] scheduling_intervals_lns (d=5.69e-02 s=6020 t=0.10 p=0.38 stall=2 h=base)
#21    2417.57s best:533044 next:[532459,533043] graph_var_lns (d=5.54e-01 s=6054 t=0.10 p=0.50 stall=0 h=base)
#22    2422.15s best:533043 next:[532459,533042] scheduling_intervals_lns (d=5.71e-02 s=6057 t=0.10 p=0.39 stall=1 h=base)
#23    2423.87s best:533042 next:[532459,533041] scheduling_intervals_lns (d=5.71e-02 s=6058 t=0.10 p=0.39 stall=1 h=base)
#24    2463.78s best:533035 next:[532459,533034] scheduling_intervals_lns (d=5.69e-02 s=6092 t=0.10 p=0.40 stall=0 h=base)
#25    2466.02s best:533034 next:[532459,533033] graph_cst_lns (d=2.97e-01 s=6105 t=0.10 p=0.50 stall=0 h=base)
#26    2468.68s best:533026 next:[532459,533025] scheduling_time_window_lns (d=1.00e+00 s=6108 t=0.10 p=1.00 stall=23 h=base)
#27    2482.05s best:532986 next:[532459,532985] scheduling_intervals_lns (d=5.71e-02 s=6123 t=0.10 p=0.41 stall=0 h=base)
#28    2500.69s best:532985 next:[532459,532984] scheduling_intervals_lns (d=5.72e-02 s=6158 t=0.10 p=0.41 stall=0 h=base)
#29    2519.56s best:532984 next:[532459,532983] rnd_cst_lns (d=3.80e-01 s=6190 t=0.10 p=0.49 stall=0 h=base)
#30    2520.96s best:532957 next:[532459,532956] rnd_cst_lns (d=4.14e-01 s=6193 t=0.10 p=0.50 stall=0 h=base)
#31    2572.17s best:532943 next:[532459,532942] scheduling_intervals_lns (d=5.84e-02 s=6261 t=0.10 p=0.43 stall=5 h=base)
#32    2575.59s best:532913 next:[532459,532912] scheduling_intervals_lns (d=5.84e-02 s=6262 t=0.10 p=0.43 stall=5 h=base)
#33    2579.63s best:532876 next:[532459,532875] scheduling_time_window_lns (d=1.00e+00 s=6275 t=0.10 p=1.00 stall=9 h=base)
#34    2631.36s best:532850 next:[532459,532849] scheduling_intervals_lns (d=4.31e-02 s=6299 t=0.10 p=0.41 stall=0 h=base)
#35    2645.84s best:532847 next:[532459,532846] scheduling_intervals_lns (d=3.72e-02 s=6321 t=0.10 p=0.39 stall=0 h=base)
#36    2652.11s best:532846 next:[532459,532845] graph_cst_lns (d=3.13e-01 s=6349 t=0.10 p=0.50 stall=3 h=base)
#37    2655.57s best:532843 next:[532459,532842] scheduling_intervals_lns (d=4.98e-02 s=6355 t=0.10 p=0.42 stall=0 h=base)
#38    2656.32s best:532822 next:[532459,532821] scheduling_intervals_lns (d=4.98e-02 s=6356 t=0.10 p=0.42 stall=0 h=base)
#39    2701.91s best:532797 next:[532459,532796] scheduling_intervals_lns (d=6.62e-02 s=6387 t=0.10 p=0.45 stall=0 h=base)
#40    2794.24s best:532796 next:[532459,532795] scheduling_intervals_lns (d=6.69e-02 s=6482 t=0.10 p=0.46 stall=0 h=base)
#41    2840.50s best:532792 next:[532459,532791] scheduling_intervals_lns (d=5.92e-02 s=6560 t=0.10 p=0.45 stall=3 h=base)
#42    2864.18s best:532778 next:[532459,532777] scheduling_intervals_lns (d=5.92e-02 s=6593 t=0.10 p=0.45 stall=1 h=base)
#43    2901.63s best:532775 next:[532459,532774] scheduling_intervals_lns (d=5.92e-02 s=6638 t=0.10 p=0.46 stall=1 h=base)
#44    2927.44s best:532774 next:[532459,532773] scheduling_intervals_lns (d=5.93e-02 s=6678 t=0.10 p=0.46 stall=0 h=base) [hint]
#45    2998.72s best:532762 next:[532459,532761] graph_arc_lns (d=6.60e-01 s=6735 t=0.10 p=0.53 stall=0 h=base)

Task timing                                  n [     min,      max]      avg      dev     time         n [     min,      max]      avg      dev    dtime
                       'default_lp':         1 [  38.90m,   38.90m]   38.90m   0.00ns   38.90m         2 [893.15ms,   43.66s]   22.28s   21.38s   44.55s
                 'feasibility_pump':        32 [ 36.27ms,   27.96s]   15.46s   11.60s    8.25m        31 [ 19.19ms,    2.33s]    1.31s 701.52ms   40.76s
                            'fixed':         1 [  38.90m,   38.90m]   38.90m   0.00ns   38.90m         2 [938.71ms,    8.89m]    4.45m    4.44m    8.91m
                               'fj':      4687 [  4.12ms, 394.48ms]  43.24ms  46.17ms    3.38m      4687 [102.09ms, 360.06ms] 122.66ms  28.89ms    9.58m
                  'fs_random_no_lp':         1 [  19.60m,   19.60m]   19.60m   0.00ns   19.60m         2 [837.76ms,   35.83s]   18.33s   17.50s   36.67s
                    'graph_arc_lns':        18 [  7.79ms,   40.06s]   14.41s   13.66s    4.32m        16 [  3.32ms, 100.05ms]  67.45ms  40.54ms    1.08s
                    'graph_cst_lns':       607 [  6.73ms,    1.56s] 363.89ms 255.29ms    3.68m       504 [246.38us, 109.98ms]  53.63ms  49.23ms   27.03s
                    'graph_dec_lns':         6 [528.42ms,    1.38m]   39.43s   33.64s    3.94m         6 [  2.52ms,  48.82ms]  26.99ms  18.89ms 161.96ms
                    'graph_var_lns':        77 [103.72ms,   19.15s]    2.89s    3.47s    3.71m        76 [  1.48ms, 101.49ms]  60.98ms  43.65ms    4.63s
                               'ls':         1 [  3.17ms,   3.17ms]   3.17ms   0.00ns   3.17ms         0 [  0.00ns,   0.00ns]   0.00ns   0.00ns   0.00ns
                           'max_lp':         1 [  38.90m,   38.90m]   38.90m   0.00ns   38.90m         2 [   1.11s,    7.52s]    4.31s    3.21s    8.63s
                            'no_lp':         1 [  38.90m,   38.90m]   38.90m   0.00ns   38.90m         2 [837.76ms,   14.82s]    7.83s    6.99s   15.66s
                    'quick_restart':         1 [  38.90m,   38.90m]   38.90m   0.00ns   38.90m         2 [867.83ms,    1.01m]   30.67s   29.80s    1.02m
                    'reduced_costs':         1 [  38.89m,   38.89m]   38.89m   0.00ns   38.89m         2 [941.17ms,   58.75s]   29.85s   28.91s   59.70s
                        'rins/rens':       805 [  5.98ms,    4.56m] 604.88ms   11.21s    8.12m         8 [252.55us, 100.00ms]  18.01ms  32.39ms 144.05ms
                      'rnd_cst_lns':       267 [  6.05ms,    3.60s] 833.13ms 492.61ms    3.71m       246 [767.05us, 103.00ms]  57.76ms  44.75ms   14.21s
                      'rnd_var_lns':         6 [455.05ms,    2.00m]   39.83s   39.95s    3.98m         6 [  2.38ms, 100.10ms]  34.86ms  32.05ms 209.15ms
         'scheduling_intervals_lns':        64 [231.08ms,   15.11s]    3.46s    1.71s    3.69m        63 [  2.67ms, 100.86ms]  82.23ms  26.48ms    5.18s
       'scheduling_precedences_lns':        15 [  10.27s,   22.95s]   16.36s    4.05s    4.09m        15 [100.00ms, 100.18ms] 100.08ms  50.60us    1.50s
  'scheduling_resource_windows_lns':        88 [206.83ms,    7.23s]    2.50s    1.93s    3.67m        62 [  5.14ms,  44.01ms]  10.29ms   6.88ms 638.10ms
       'scheduling_time_window_lns':        74 [207.38ms,    7.66s]    2.98s    2.03s    3.67m        62 [  3.95ms,  52.15ms]  10.20ms   8.02ms 632.25ms

Search stats           Bools  Conflicts   Branches  Restarts  BacktrackToRoot  Backtrack  BoolPropag  IntegerPropag
       'default_lp':  53'542        469  1'295'685         5          681'485    739'610   5'126'806     47'661'596
            'fixed':  63'796          0    679'362         0          391'354    425'851   3'074'777     28'814'562
  'fs_random_no_lp':  53'542        101    588'860         2          285'462    304'468   2'197'137     20'761'076
           'max_lp':  53'542         51    113'862         1          107'085    107'136     784'257      6'550'911
            'no_lp':  53'542      7'080    568'525         3          232'535    251'130   2'641'309     24'339'397
    'quick_restart':  55'124         50  1'130'874         5          621'918    676'929   4'600'259     42'445'494
    'reduced_costs':  53'543      1'448    908'749         4          458'715    494'837   3'539'150     33'308'348

SAT formula           Fixed  Equiv   Total  VarLeft  BinaryClauses  PermanentClauses  TemporaryClauses
       'default_lp':      0      0  53'542   53'542         18'950             7'815               457
            'fixed':    166      0  63'796   63'630         52'660             9'481                 0
  'fs_random_no_lp':      0      0  53'542   53'542         18'842             9'515                97
           'max_lp':      0      0  53'542   53'542         18'950             7'037                 0
            'no_lp':      0      0  53'542   53'542         18'950             8'404             6'372
    'quick_restart':      0      0  55'124   55'124         21'804             7'886                47
    'reduced_costs':      0      0  53'543   53'543         19'086             8'218             1'373

SAT stats             ClassicMinim  LitRemoved  LitRemovedBinary  LitLearned  LitForgotten  Subsumed
       'default_lp':            85         116             3'237     114'311             0         9
            'fixed':             0           0                 0           0             0         0
  'fs_random_no_lp':            31         390               170      42'903             0         2
           'max_lp':             0           0               862      18'369             0         9
            'no_lp':         6'626      59'902           101'046     695'809             0       698
    'quick_restart':            21         218               476       4'516             0         1
    'reduced_costs':         1'395       6'709             4'374     131'427             0        73

Vivification          Clauses  Decisions  LitTrue  Subsumed  LitRemoved  DecisionReused  Conflicts
       'default_lp':   96'632    612'646        0     8'549      61'822               0          0
            'fixed':   48'901    280'013        0     7'580      61'285               0          0
  'fs_random_no_lp':   29'880    179'416        0     6'850      51'268               0          0
           'max_lp':        0          0        0         0           0               0          0
            'no_lp':   29'884    179'329        0     6'848      51'355               0          0
    'quick_restart':   79'790    505'849        0     8'552      61'489               0          0
    'reduced_costs':   65'045    405'953        0     8'149      59'839               0          0

Clause deletion       at_true  l_and_not(l)  to_binary  sub_conflict  sub_extra  sub_decisions  sub_eager  sub_vivify  sub_probing  sub_inpro  blocked  eliminated  forgotten  promoted  conflicts
       'default_lp':        0             0          0             0          0              0          9       8'549            0      1'120        0           0          0       772        469
            'fixed':        0             0          0             0          0              0          0       7'580            0        422        0           0          0         0          0
  'fs_random_no_lp':        0             0          0             1          1              0          1       6'850            0      1'114        0           0          0       208        101
           'max_lp':        0             0          0             0          0              0          9           0            0      5'266        0           0          0        60         51
            'no_lp':        0             0          0           650          5              0         48       6'848            0      1'116        0           0          0    16'823      7'080
    'quick_restart':        0             0          0             1          0              0          0       8'552            0      1'048        0           0          0        90         50
    'reduced_costs':        0             0          0            55          0              0         18       8'149            0      1'118        0           0          0     2'929      1'448

Lp stats            Component  Iterations  AddedCuts  OPTIMAL  DUAL_F.  DUAL_U.
     'default_lp':         51      54'340     26'490    5'698        6        0
          'fixed':         51   1'258'974     21'053   10'610    2'401        0
         'max_lp':          1       9'296         82      206      679        0
  'quick_restart':         51      62'397     33'861   11'975       20        0
  'reduced_costs':          1      74'724     14'596    6'292    5'151        0

Lp dimension               Final dimension of first component
     'default_lp':  10686 rows, 52618 columns, 102676 entries
          'fixed':   15672 rows, 57839 columns, 86597 entries
         'max_lp':  17220 rows, 61549 columns, 121053 entries
  'quick_restart':   12448 rows, 52618 columns, 85833 entries
  'reduced_costs':  15948 rows, 61549 columns, 119505 entries

Lp debug            CutPropag  CutEqPropag  Adjust  Overflow     Bad  BadScaling
     'default_lp':          0            0       0         0  40'678           0
          'fixed':          0            0       0         0     276           0
         'max_lp':          0            0       0         0     238           0
  'quick_restart':          0            0       0         0  96'705           0
  'reduced_costs':          0            0       0         0     719           0

Lp pool             Constraints  Updates  Simplif  Merged  Shortened  Split  Strengthened      Cuts/Call
     'default_lp':       27'119       18       65     181          0      1            24  26'490/36'933
          'fixed':       33'722        0      107   1'842          0      0             0  21'053/25'442
         'max_lp':       26'731        0        0   1'842          0      0             0         82/101
  'quick_restart':       27'521       55       65     150          0     18            13  33'861/43'425
  'reduced_costs':       36'245        0       21   1'842          0      0            16  14'596/21'016

Lp Cut                              max_lp  reduced_costs  default_lp   fixed  quick_restart
                            CG_FF:       5              6          44       6             46
                             CG_K:       4              1           1       -              2
                            CG_KL:       -              3           -       -              -
                             CG_R:      11              2          24       3             31
                            CG_RB:       -              4          43       8             41
                           CG_RBP:       1              1           2       2              2
                               IB:      50         14'525      25'535  21'033         29'805
                         MIR_1_FF:       -              -         166       1            785
                          MIR_1_K:       -              2           1       -              4
                         MIR_1_KL:       -              -           -       -              2
                          MIR_1_R:       -              -           9       -             16
                         MIR_1_RB:       -              -          44       -            230
                        MIR_1_RBP:       -              -           -       -              3
                         MIR_2_FF:       -              4          84       -            497
                          MIR_2_K:       -              1           -       -              2
                          MIR_2_R:       -              -           3       -             11
                         MIR_2_RB:       -              -          27       -            175
                         MIR_3_FF:       1              4          61       -             83
                          MIR_3_K:       1              1          13       -              2
                          MIR_3_R:       1              6          17       -             15
                         MIR_3_RB:       -              -          13       -            127
                         MIR_4_FF:       1              4          54       -             41
                          MIR_4_K:       1              -          15       -              -
                          MIR_4_R:       1              7          18       -              6
                         MIR_4_RB:       -              -          17       -            112
                         MIR_5_FF:       -              2          20       -             36
                          MIR_5_K:       -              -           2       -              -
                          MIR_5_R:       -              2           4       -              3
                         MIR_5_RB:       -              -          10       -            116
                         MIR_6_FF:       -              -          15       -             36
                          MIR_6_R:       -              1           1       -              1
                         MIR_6_RB:       -              -           9       -            112
  NoOverlapEnergy_lifted_optional:       5              5           -       -              -
                     ZERO_HALF_FF:       -              5          41       -            262
                      ZERO_HALF_K:       -              -          11       -             82
                      ZERO_HALF_R:       -              7         111       -            732
                     ZERO_HALF_RB:       -              3          75       -            418
                    ZERO_HALF_RBP:       -              -           -       -             25

LNS stats                             Improv/Calls  Closed  Difficulty  TimeLimit
                    'graph_arc_lns':          6/17     47%    4.78e-01       0.10
                    'graph_cst_lns':       287/520     50%    2.86e-01       0.10
                    'graph_dec_lns':           0/6    100%    9.56e-01       0.10
                    'graph_var_lns':         33/77     51%    6.02e-01       0.10
                        'rins/rens':         14/14     93%    9.91e-01       0.10
                      'rnd_cst_lns':       141/256     50%    5.06e-01       0.10
                      'rnd_var_lns':           1/6     83%    9.13e-01       0.10
         'scheduling_intervals_lns':         40/64     48%    8.49e-02       0.10
       'scheduling_precedences_lns':         15/15      0%    4.35e-03       0.10
  'scheduling_resource_windows_lns':         30/88    100%    1.00e+00       0.10
       'scheduling_time_window_lns':         17/74    100%    1.00e+00       0.10

LS stats                                    Batches  Restarts/Perturbs  LinMoves  GenMoves  CompoundMoves  Bactracks  WeightUpdates  ScoreComputed
                             'fj_restart':      212                 68    41'774         0              0          0             10      9'107'335
                    'fj_restart_compound':      252                 74         0     3'503          3'472          0              0         51'997
                'fj_restart_compound_obj':      419                 68         0     3'949          3'913          0              0         74'117
            'fj_restart_compound_perturb':      434                 66         0     1'586          1'564          0              0         66'057
        'fj_restart_compound_perturb_obj':      261                 69         0       998            974          0              0         38'944
                       'fj_restart_decay':      270                 67    52'924         0              0          0             16     18'664'376
              'fj_restart_decay_compound':      267                 63         0     3'079          3'051          0              0         52'220
          'fj_restart_decay_compound_obj':      447                 88         0     4'486          4'456          0              0         82'040
      'fj_restart_decay_compound_perturb':      190                 67         0       749            723          0              0         27'970
  'fj_restart_decay_compound_perturb_obj':      469                 76         0     1'764          1'743          0              0         70'258
                   'fj_restart_decay_obj':      236                 52    48'895         0              0          0             14     16'542'044
               'fj_restart_decay_perturb':      190                 70    35'530         0              0          0              5      4'789'779
           'fj_restart_decay_perturb_obj':      166                 63    29'988         0              0          0              3      3'275'373
                         'fj_restart_obj':      279                 83    56'642         0              0          0             18     15'190'614
                     'fj_restart_perturb':      159                 73    28'625         0              0          0              3      2'690'673
                 'fj_restart_perturb_obj':      436                 72    87'872         0              0          0             41     30'296'696

Solutions (45)                        Num     Rank
                            'fixed':    2    [0,1]
                    'graph_arc_lns':    4  [14,45]
                    'graph_cst_lns':    4  [24,36]
                    'graph_var_lns':   10   [1,21]
                      'rnd_cst_lns':    6   [4,30]
         'scheduling_intervals_lns':   50   [5,44]
  'scheduling_resource_windows_lns':    8   [6,19]
       'scheduling_time_window_lns':    6   [2,33]

Objective bounds     Num
  'initial_domain':    1

Solution repositories    Added  Queried  Synchro
    'alternative_path':      1       20        1
      'best_solutions':    865    1'202      522
   'fj solution hints':  1'111        0    1'111
        'lp solutions':    811      805      636
                'pump':      0        0

Improving bounds shared      Num  Sym
            'default_lp':  1'248    0
                 'fixed':  1'248    0
                 'no_lp':    832    0
         'quick_restart':  1'248    0
         'reduced_costs':    832    0

Clauses shared        #Exported  #Imported  #BinaryRead  #BinaryTotal
       'default_lp':          3          3           54            54
            'fixed':         54          6           54            54
  'fs_random_no_lp':          1          0            0            54
           'max_lp':          0          7           54            54
            'no_lp':          2          1           54            54
    'quick_restart':          0          6           54            54
    'reduced_costs':          1          6           54            54

LRAT_status: NA
CpSolverResponse summary:
status: FEASIBLE
objective: 532762
best_bound: 532459
integers: 53752
booleans: 53542
conflicts: 101
branches: 588860
propagations: 2197137
integer_propagations: 20761076
restarts: 2
lp_iterations: 0
walltime: 3000.2
usertime: 3000.2
deterministic_time: 1440.5
gap_integral: 11195.4
solution_fingerprint: 0x1d698f397f8865f0

cpsat status=FEASIBLE wall=3000.2s
  cpsat: status=FEASIBLE objective=532.76 ms bound=532.46 ms wall=3000.2s
  Makespan: 532.76 ms
  Periodic 'yolov8_nano_64x96': the schedule runs to 533 ms, which would take 32 instances, but the workload asks for 30 — keeping 30
  Periodic 'yolov8_nano_64x96': period=17ms current=30 needed=30
  Periodic 'fused_full': the schedule runs to 533 ms, which would take 32 instances, but the workload asks for 30 — keeping 30
  Periodic 'fused_full': period=17ms current=30 needed=30
  Periodic 'mlp_control': the schedule runs to 533 ms, which would take 54 instances, but the workload asks for 50 — keeping 50
  Periodic 'mlp_control': period=10ms current=50 needed=50
  All periodic counts cover makespan — converged.

Final greedy makespan: 532.76 ms (after 1 iteration)
  cpsat: makespan=532.76 ms (all ops 532.76 ms), periodic window misses=0, converged

Scheduling completed!
Makespan (all operations): 532.76 ms

Combination assignments:
  1xCPU_P: 1737 operations
  1xCPU_P: 1737 operations
  1xCPU_P: 1737 operations
  1xCPU_P: 1737 operations
  2xCPU_P: 288 operations
  2xCPU_P: 288 operations
  4xCPU_P: 48 operations
  1xCPU_E: 1338 operations
  1xCPU_E: 1338 operations
  1xCPU_E: 1338 operations
  1xCPU_E: 1338 operations
  2xCPU_E: 282 operations
  2xCPU_E: 282 operations
  4xCPU_E: 47 operations

Per-network combination assignments:
  Yolov8_nano_64x960: 1xCPU_P=26, 1xCPU_P=26, 1xCPU_P=26, 1xCPU_P=26, 2xCPU_P=13, 2xCPU_P=13, 4xCPU_P=2, 1xCPU_E=37, 1xCPU_E=37, 1xCPU_E=37, 1xCPU_E=37, 2xCPU_E=16, 2xCPU_E=16, 4xCPU_E=4
  Fused_full0: 1xCPU_P=10, 1xCPU_P=10, 1xCPU_P=10, 1xCPU_P=10, 1xCPU_E=5, 1xCPU_E=5, 1xCPU_E=5, 1xCPU_E=5
  Mlp_control0: 1xCPU_P=2, 1xCPU_P=2, 1xCPU_P=2, 1xCPU_P=2, 1xCPU_E=5, 1xCPU_E=5, 1xCPU_E=5, 1xCPU_E=5
  Yolov8_nano_64x961: 1xCPU_P=32, 1xCPU_P=32, 1xCPU_P=32, 1xCPU_P=32, 2xCPU_P=13, 2xCPU_P=13, 4xCPU_P=6, 1xCPU_E=37, 1xCPU_E=37, 1xCPU_E=37, 1xCPU_E=37, 2xCPU_E=10, 2xCPU_E=10
  Yolov8_nano_64x962: 1xCPU_P=40, 1xCPU_P=40, 1xCPU_P=40, 1xCPU_P=40, 2xCPU_P=11, 2xCPU_P=11, 4xCPU_P=1, 1xCPU_E=32, 1xCPU_E=32, 1xCPU_E=32, 1xCPU_E=32, 2xCPU_E=10, 2xCPU_E=10, 4xCPU_E=4
  Yolov8_nano_64x963: 1xCPU_P=46, 1xCPU_P=46, 1xCPU_P=46, 1xCPU_P=46, 2xCPU_P=6, 2xCPU_P=6, 4xCPU_P=2, 1xCPU_E=35, 1xCPU_E=35, 1xCPU_E=35, 1xCPU_E=35, 2xCPU_E=9, 2xCPU_E=9
  Yolov8_nano_64x964: 1xCPU_P=35, 1xCPU_P=35, 1xCPU_P=35, 1xCPU_P=35, 2xCPU_P=10, 2xCPU_P=10, 4xCPU_P=3, 1xCPU_E=38, 1xCPU_E=38, 1xCPU_E=38, 1xCPU_E=38, 2xCPU_E=11, 2xCPU_E=11, 4xCPU_E=1
  Yolov8_nano_64x965: 1xCPU_P=39, 1xCPU_P=39, 1xCPU_P=39, 1xCPU_P=39, 2xCPU_P=10, 2xCPU_P=10, 4xCPU_P=1, 1xCPU_E=40, 1xCPU_E=40, 1xCPU_E=40, 1xCPU_E=40, 2xCPU_E=8, 2xCPU_E=8
  Yolov8_nano_64x966: 1xCPU_P=35, 1xCPU_P=35, 1xCPU_P=35, 1xCPU_P=35, 2xCPU_P=7, 2xCPU_P=7, 4xCPU_P=3, 1xCPU_E=35, 1xCPU_E=35, 1xCPU_E=35, 1xCPU_E=35, 2xCPU_E=16, 2xCPU_E=16, 4xCPU_E=2
  Yolov8_nano_64x967: 1xCPU_P=28, 1xCPU_P=28, 1xCPU_P=28, 1xCPU_P=28, 2xCPU_P=8, 2xCPU_P=8, 4xCPU_P=1, 1xCPU_E=43, 1xCPU_E=43, 1xCPU_E=43, 1xCPU_E=43, 2xCPU_E=12, 2xCPU_E=12, 4xCPU_E=6
  Yolov8_nano_64x968: 1xCPU_P=49, 1xCPU_P=49, 1xCPU_P=49, 1xCPU_P=49, 2xCPU_P=7, 2xCPU_P=7, 4xCPU_P=2, 1xCPU_E=30, 1xCPU_E=30, 1xCPU_E=30, 1xCPU_E=30, 2xCPU_E=8, 2xCPU_E=8, 4xCPU_E=2
  Yolov8_nano_64x969: 1xCPU_P=41, 1xCPU_P=41, 1xCPU_P=41, 1xCPU_P=41, 2xCPU_P=5, 2xCPU_P=5, 1xCPU_E=43, 1xCPU_E=43, 1xCPU_E=43, 1xCPU_E=43, 2xCPU_E=8, 2xCPU_E=8, 4xCPU_E=1
  Yolov8_nano_64x9610: 1xCPU_P=44, 1xCPU_P=44, 1xCPU_P=44, 1xCPU_P=44, 2xCPU_P=6, 2xCPU_P=6, 4xCPU_P=1, 1xCPU_E=32, 1xCPU_E=32, 1xCPU_E=32, 1xCPU_E=32, 2xCPU_E=13, 2xCPU_E=13, 4xCPU_E=2
  Yolov8_nano_64x9611: 1xCPU_P=40, 1xCPU_P=40, 1xCPU_P=40, 1xCPU_P=40, 2xCPU_P=10, 2xCPU_P=10, 1xCPU_E=39, 1xCPU_E=39, 1xCPU_E=39, 1xCPU_E=39, 2xCPU_E=8, 2xCPU_E=8, 4xCPU_E=1
  Yolov8_nano_64x9612: 1xCPU_P=56, 1xCPU_P=56, 1xCPU_P=56, 1xCPU_P=56, 2xCPU_P=9, 2xCPU_P=9, 1xCPU_E=21, 1xCPU_E=21, 1xCPU_E=21, 1xCPU_E=21, 2xCPU_E=11, 2xCPU_E=11, 4xCPU_E=1
  Yolov8_nano_64x9613: 1xCPU_P=33, 1xCPU_P=33, 1xCPU_P=33, 1xCPU_P=33, 2xCPU_P=9, 2xCPU_P=9, 4xCPU_P=2, 1xCPU_E=45, 1xCPU_E=45, 1xCPU_E=45, 1xCPU_E=45, 2xCPU_E=8, 2xCPU_E=8, 4xCPU_E=1
  Yolov8_nano_64x9614: 1xCPU_P=48, 1xCPU_P=48, 1xCPU_P=48, 1xCPU_P=48, 2xCPU_P=11, 2xCPU_P=11, 4xCPU_P=1, 1xCPU_E=31, 1xCPU_E=31, 1xCPU_E=31, 1xCPU_E=31, 2xCPU_E=6, 2xCPU_E=6, 4xCPU_E=1
  Yolov8_nano_64x9615: 1xCPU_P=43, 1xCPU_P=43, 1xCPU_P=43, 1xCPU_P=43, 2xCPU_P=9, 2xCPU_P=9, 1xCPU_E=35, 1xCPU_E=35, 1xCPU_E=35, 1xCPU_E=35, 2xCPU_E=11, 2xCPU_E=11
  Yolov8_nano_64x9616: 1xCPU_P=44, 1xCPU_P=44, 1xCPU_P=44, 1xCPU_P=44, 2xCPU_P=4, 2xCPU_P=4, 1xCPU_E=38, 1xCPU_E=38, 1xCPU_E=38, 1xCPU_E=38, 2xCPU_E=9, 2xCPU_E=9, 4xCPU_E=3
  Yolov8_nano_64x9617: 1xCPU_P=53, 1xCPU_P=53, 1xCPU_P=53, 1xCPU_P=53, 2xCPU_P=8, 2xCPU_P=8, 4xCPU_P=1, 1xCPU_E=28, 1xCPU_E=28, 1xCPU_E=28, 1xCPU_E=28, 2xCPU_E=8, 2xCPU_E=8
  Yolov8_nano_64x9618: 1xCPU_P=51, 1xCPU_P=51, 1xCPU_P=51, 1xCPU_P=51, 2xCPU_P=5, 2xCPU_P=5, 4xCPU_P=2, 1xCPU_E=27, 1xCPU_E=27, 1xCPU_E=27, 1xCPU_E=27, 2xCPU_E=11, 2xCPU_E=11, 4xCPU_E=2
  Yolov8_nano_64x9619: 1xCPU_P=45, 1xCPU_P=45, 1xCPU_P=45, 1xCPU_P=45, 2xCPU_P=5, 2xCPU_P=5, 4xCPU_P=4, 1xCPU_E=38, 1xCPU_E=38, 1xCPU_E=38, 1xCPU_E=38, 2xCPU_E=5, 2xCPU_E=5, 4xCPU_E=1
  Yolov8_nano_64x9620: 1xCPU_P=46, 1xCPU_P=46, 1xCPU_P=46, 1xCPU_P=46, 2xCPU_P=15, 2xCPU_P=15, 4xCPU_P=1, 1xCPU_E=28, 1xCPU_E=28, 1xCPU_E=28, 1xCPU_E=28, 2xCPU_E=7, 2xCPU_E=7, 4xCPU_E=1
  Yolov8_nano_64x9621: 1xCPU_P=44, 1xCPU_P=44, 1xCPU_P=44, 1xCPU_P=44, 2xCPU_P=10, 2xCPU_P=10, 4xCPU_P=1, 1xCPU_E=39, 1xCPU_E=39, 1xCPU_E=39, 1xCPU_E=39, 2xCPU_E=4, 2xCPU_E=4
  Yolov8_nano_64x9622: 1xCPU_P=38, 1xCPU_P=38, 1xCPU_P=38, 1xCPU_P=38, 2xCPU_P=13, 2xCPU_P=13, 1xCPU_E=37, 1xCPU_E=37, 1xCPU_E=37, 1xCPU_E=37, 2xCPU_E=9, 2xCPU_E=9, 4xCPU_E=1
  Yolov8_nano_64x9623: 1xCPU_P=38, 1xCPU_P=38, 1xCPU_P=38, 1xCPU_P=38, 2xCPU_P=14, 2xCPU_P=14, 4xCPU_P=2, 1xCPU_E=36, 1xCPU_E=36, 1xCPU_E=36, 1xCPU_E=36, 2xCPU_E=8, 2xCPU_E=8
  Yolov8_nano_64x9624: 1xCPU_P=42, 1xCPU_P=42, 1xCPU_P=42, 1xCPU_P=42, 2xCPU_P=13, 2xCPU_P=13, 1xCPU_E=32, 1xCPU_E=32, 1xCPU_E=32, 1xCPU_E=32, 2xCPU_E=10, 2xCPU_E=10, 4xCPU_E=1
  Yolov8_nano_64x9625: 1xCPU_P=42, 1xCPU_P=42, 1xCPU_P=42, 1xCPU_P=42, 2xCPU_P=10, 2xCPU_P=10, 4xCPU_P=1, 1xCPU_E=38, 1xCPU_E=38, 1xCPU_E=38, 1xCPU_E=38, 2xCPU_E=7, 2xCPU_E=7
  Yolov8_nano_64x9626: 1xCPU_P=44, 1xCPU_P=44, 1xCPU_P=44, 1xCPU_P=44, 2xCPU_P=9, 2xCPU_P=9, 4xCPU_P=2, 1xCPU_E=31, 1xCPU_E=31, 1xCPU_E=31, 1xCPU_E=31, 2xCPU_E=11, 2xCPU_E=11, 4xCPU_E=1
  Yolov8_nano_64x9627: 1xCPU_P=41, 1xCPU_P=41, 1xCPU_P=41, 1xCPU_P=41, 2xCPU_P=5, 2xCPU_P=5, 1xCPU_E=42, 1xCPU_E=42, 1xCPU_E=42, 1xCPU_E=42, 2xCPU_E=8, 2xCPU_E=8, 4xCPU_E=2
  Yolov8_nano_64x9628: 1xCPU_P=51, 1xCPU_P=51, 1xCPU_P=51, 1xCPU_P=51, 2xCPU_P=16, 2xCPU_P=16, 4xCPU_P=1, 1xCPU_E=23, 1xCPU_E=23, 1xCPU_E=23, 1xCPU_E=23, 2xCPU_E=6, 2xCPU_E=6, 4xCPU_E=1
  Yolov8_nano_64x9629: 1xCPU_P=36, 1xCPU_P=36, 1xCPU_P=36, 1xCPU_P=36, 2xCPU_P=17, 2xCPU_P=17, 4xCPU_P=8, 1xCPU_E=15, 1xCPU_E=15, 1xCPU_E=15, 1xCPU_E=15, 2xCPU_E=14, 2xCPU_E=14, 4xCPU_E=8
  Fused_full1: 1xCPU_P=5, 1xCPU_P=5, 1xCPU_P=5, 1xCPU_P=5, 1xCPU_E=10, 1xCPU_E=10, 1xCPU_E=10, 1xCPU_E=10
  Fused_full2: 1xCPU_P=13, 1xCPU_P=13, 1xCPU_P=13, 1xCPU_P=13, 1xCPU_E=2, 1xCPU_E=2, 1xCPU_E=2, 1xCPU_E=2
  Fused_full3: 1xCPU_P=6, 1xCPU_P=6, 1xCPU_P=6, 1xCPU_P=6, 1xCPU_E=9, 1xCPU_E=9, 1xCPU_E=9, 1xCPU_E=9
  Fused_full4: 1xCPU_P=10, 1xCPU_P=10, 1xCPU_P=10, 1xCPU_P=10, 1xCPU_E=5, 1xCPU_E=5, 1xCPU_E=5, 1xCPU_E=5
  Fused_full5: 1xCPU_P=10, 1xCPU_P=10, 1xCPU_P=10, 1xCPU_P=10, 1xCPU_E=5, 1xCPU_E=5, 1xCPU_E=5, 1xCPU_E=5
  Fused_full6: 1xCPU_P=9, 1xCPU_P=9, 1xCPU_P=9, 1xCPU_P=9, 1xCPU_E=6, 1xCPU_E=6, 1xCPU_E=6, 1xCPU_E=6
  Fused_full7: 1xCPU_P=11, 1xCPU_P=11, 1xCPU_P=11, 1xCPU_P=11, 1xCPU_E=4, 1xCPU_E=4, 1xCPU_E=4, 1xCPU_E=4
  Fused_full8: 1xCPU_P=11, 1xCPU_P=11, 1xCPU_P=11, 1xCPU_P=11, 1xCPU_E=4, 1xCPU_E=4, 1xCPU_E=4, 1xCPU_E=4
  Fused_full9: 1xCPU_P=4, 1xCPU_P=4, 1xCPU_P=4, 1xCPU_P=4, 1xCPU_E=11, 1xCPU_E=11, 1xCPU_E=11, 1xCPU_E=11
  Fused_full10: 1xCPU_P=7, 1xCPU_P=7, 1xCPU_P=7, 1xCPU_P=7, 1xCPU_E=8, 1xCPU_E=8, 1xCPU_E=8, 1xCPU_E=8
  Fused_full11: 1xCPU_P=9, 1xCPU_P=9, 1xCPU_P=9, 1xCPU_P=9, 1xCPU_E=6, 1xCPU_E=6, 1xCPU_E=6, 1xCPU_E=6
  Fused_full12: 1xCPU_P=8, 1xCPU_P=8, 1xCPU_P=8, 1xCPU_P=8, 1xCPU_E=7, 1xCPU_E=7, 1xCPU_E=7, 1xCPU_E=7
  Fused_full13: 1xCPU_P=8, 1xCPU_P=8, 1xCPU_P=8, 1xCPU_P=8, 1xCPU_E=7, 1xCPU_E=7, 1xCPU_E=7, 1xCPU_E=7
  Fused_full14: 1xCPU_P=8, 1xCPU_P=8, 1xCPU_P=8, 1xCPU_P=8, 1xCPU_E=7, 1xCPU_E=7, 1xCPU_E=7, 1xCPU_E=7
  Fused_full15: 1xCPU_P=9, 1xCPU_P=9, 1xCPU_P=9, 1xCPU_P=9, 1xCPU_E=6, 1xCPU_E=6, 1xCPU_E=6, 1xCPU_E=6
  Fused_full16: 1xCPU_P=10, 1xCPU_P=10, 1xCPU_P=10, 1xCPU_P=10, 1xCPU_E=5, 1xCPU_E=5, 1xCPU_E=5, 1xCPU_E=5
  Fused_full17: 1xCPU_P=11, 1xCPU_P=11, 1xCPU_P=11, 1xCPU_P=11, 1xCPU_E=4, 1xCPU_E=4, 1xCPU_E=4, 1xCPU_E=4
  Fused_full18: 1xCPU_P=8, 1xCPU_P=8, 1xCPU_P=8, 1xCPU_P=8, 1xCPU_E=7, 1xCPU_E=7, 1xCPU_E=7, 1xCPU_E=7
  Fused_full19: 1xCPU_P=9, 1xCPU_P=9, 1xCPU_P=9, 1xCPU_P=9, 1xCPU_E=6, 1xCPU_E=6, 1xCPU_E=6, 1xCPU_E=6
  Fused_full20: 1xCPU_P=8, 1xCPU_P=8, 1xCPU_P=8, 1xCPU_P=8, 1xCPU_E=7, 1xCPU_E=7, 1xCPU_E=7, 1xCPU_E=7
  Fused_full21: 1xCPU_P=8, 1xCPU_P=8, 1xCPU_P=8, 1xCPU_P=8, 1xCPU_E=7, 1xCPU_E=7, 1xCPU_E=7, 1xCPU_E=7
  Fused_full22: 1xCPU_P=9, 1xCPU_P=9, 1xCPU_P=9, 1xCPU_P=9, 1xCPU_E=6, 1xCPU_E=6, 1xCPU_E=6, 1xCPU_E=6
  Fused_full23: 1xCPU_P=11, 1xCPU_P=11, 1xCPU_P=11, 1xCPU_P=11, 1xCPU_E=4, 1xCPU_E=4, 1xCPU_E=4, 1xCPU_E=4
  Fused_full24: 1xCPU_P=10, 1xCPU_P=10, 1xCPU_P=10, 1xCPU_P=10, 1xCPU_E=5, 1xCPU_E=5, 1xCPU_E=5, 1xCPU_E=5
  Fused_full25: 1xCPU_P=13, 1xCPU_P=13, 1xCPU_P=13, 1xCPU_P=13, 1xCPU_E=2, 1xCPU_E=2, 1xCPU_E=2, 1xCPU_E=2
  Fused_full26: 1xCPU_P=6, 1xCPU_P=6, 1xCPU_P=6, 1xCPU_P=6, 1xCPU_E=9, 1xCPU_E=9, 1xCPU_E=9, 1xCPU_E=9
  Fused_full27: 1xCPU_P=9, 1xCPU_P=9, 1xCPU_P=9, 1xCPU_P=9, 1xCPU_E=6, 1xCPU_E=6, 1xCPU_E=6, 1xCPU_E=6
  Fused_full28: 1xCPU_P=9, 1xCPU_P=9, 1xCPU_P=9, 1xCPU_P=9, 1xCPU_E=6, 1xCPU_E=6, 1xCPU_E=6, 1xCPU_E=6
  Fused_full29: 1xCPU_P=9, 1xCPU_P=9, 1xCPU_P=9, 1xCPU_P=9, 1xCPU_E=6, 1xCPU_E=6, 1xCPU_E=6, 1xCPU_E=6
  Mlp_control1: 1xCPU_P=5, 1xCPU_P=5, 1xCPU_P=5, 1xCPU_P=5, 1xCPU_E=2, 1xCPU_E=2, 1xCPU_E=2, 1xCPU_E=2
  Mlp_control2: 1xCPU_P=6, 1xCPU_P=6, 1xCPU_P=6, 1xCPU_P=6, 1xCPU_E=1, 1xCPU_E=1, 1xCPU_E=1, 1xCPU_E=1
  Mlp_control3: 1xCPU_P=5, 1xCPU_P=5, 1xCPU_P=5, 1xCPU_P=5, 1xCPU_E=2, 1xCPU_E=2, 1xCPU_E=2, 1xCPU_E=2
  Mlp_control4: 1xCPU_P=7, 1xCPU_P=7, 1xCPU_P=7, 1xCPU_P=7
  Mlp_control5: 1xCPU_P=4, 1xCPU_P=4, 1xCPU_P=4, 1xCPU_P=4, 1xCPU_E=3, 1xCPU_E=3, 1xCPU_E=3, 1xCPU_E=3
  Mlp_control6: 1xCPU_P=5, 1xCPU_P=5, 1xCPU_P=5, 1xCPU_P=5, 1xCPU_E=2, 1xCPU_E=2, 1xCPU_E=2, 1xCPU_E=2
  Mlp_control7: 1xCPU_P=7, 1xCPU_P=7, 1xCPU_P=7, 1xCPU_P=7
  Mlp_control8: 1xCPU_P=6, 1xCPU_P=6, 1xCPU_P=6, 1xCPU_P=6, 1xCPU_E=1, 1xCPU_E=1, 1xCPU_E=1, 1xCPU_E=1
  Mlp_control9: 1xCPU_P=4, 1xCPU_P=4, 1xCPU_P=4, 1xCPU_P=4, 1xCPU_E=3, 1xCPU_E=3, 1xCPU_E=3, 1xCPU_E=3
  Mlp_control10: 1xCPU_P=4, 1xCPU_P=4, 1xCPU_P=4, 1xCPU_P=4, 1xCPU_E=3, 1xCPU_E=3, 1xCPU_E=3, 1xCPU_E=3
  Mlp_control11: 1xCPU_P=3, 1xCPU_P=3, 1xCPU_P=3, 1xCPU_P=3, 1xCPU_E=4, 1xCPU_E=4, 1xCPU_E=4, 1xCPU_E=4
  Mlp_control12: 1xCPU_E=7, 1xCPU_E=7, 1xCPU_E=7, 1xCPU_E=7
  Mlp_control13: 1xCPU_P=6, 1xCPU_P=6, 1xCPU_P=6, 1xCPU_P=6, 1xCPU_E=1, 1xCPU_E=1, 1xCPU_E=1, 1xCPU_E=1
  Mlp_control14: 1xCPU_E=7, 1xCPU_E=7, 1xCPU_E=7, 1xCPU_E=7
  Mlp_control15: 1xCPU_E=7, 1xCPU_E=7, 1xCPU_E=7, 1xCPU_E=7
  Mlp_control16: 1xCPU_P=3, 1xCPU_P=3, 1xCPU_P=3, 1xCPU_P=3, 1xCPU_E=4, 1xCPU_E=4, 1xCPU_E=4, 1xCPU_E=4
  Mlp_control17: 1xCPU_P=5, 1xCPU_P=5, 1xCPU_P=5, 1xCPU_P=5, 1xCPU_E=2, 1xCPU_E=2, 1xCPU_E=2, 1xCPU_E=2
  Mlp_control18: 1xCPU_P=6, 1xCPU_P=6, 1xCPU_P=6, 1xCPU_P=6, 1xCPU_E=1, 1xCPU_E=1, 1xCPU_E=1, 1xCPU_E=1
  Mlp_control19: 1xCPU_P=1, 1xCPU_P=1, 1xCPU_P=1, 1xCPU_P=1, 1xCPU_E=6, 1xCPU_E=6, 1xCPU_E=6, 1xCPU_E=6
  Mlp_control20: 1xCPU_P=3, 1xCPU_P=3, 1xCPU_P=3, 1xCPU_P=3, 1xCPU_E=4, 1xCPU_E=4, 1xCPU_E=4, 1xCPU_E=4
  Mlp_control21: 1xCPU_P=5, 1xCPU_P=5, 1xCPU_P=5, 1xCPU_P=5, 1xCPU_E=2, 1xCPU_E=2, 1xCPU_E=2, 1xCPU_E=2
  Mlp_control22: 1xCPU_P=5, 1xCPU_P=5, 1xCPU_P=5, 1xCPU_P=5, 1xCPU_E=2, 1xCPU_E=2, 1xCPU_E=2, 1xCPU_E=2
  Mlp_control23: 1xCPU_P=4, 1xCPU_P=4, 1xCPU_P=4, 1xCPU_P=4, 1xCPU_E=3, 1xCPU_E=3, 1xCPU_E=3, 1xCPU_E=3
  Mlp_control24: 1xCPU_E=7, 1xCPU_E=7, 1xCPU_E=7, 1xCPU_E=7
  Mlp_control25: 1xCPU_P=6, 1xCPU_P=6, 1xCPU_P=6, 1xCPU_P=6, 1xCPU_E=1, 1xCPU_E=1, 1xCPU_E=1, 1xCPU_E=1
  Mlp_control26: 1xCPU_P=3, 1xCPU_P=3, 1xCPU_P=3, 1xCPU_P=3, 1xCPU_E=4, 1xCPU_E=4, 1xCPU_E=4, 1xCPU_E=4
  Mlp_control27: 1xCPU_P=7, 1xCPU_P=7, 1xCPU_P=7, 1xCPU_P=7
  Mlp_control28: 1xCPU_P=6, 1xCPU_P=6, 1xCPU_P=6, 1xCPU_P=6, 1xCPU_E=1, 1xCPU_E=1, 1xCPU_E=1, 1xCPU_E=1
  Mlp_control29: 1xCPU_E=7, 1xCPU_E=7, 1xCPU_E=7, 1xCPU_E=7
  Mlp_control30: 1xCPU_P=4, 1xCPU_P=4, 1xCPU_P=4, 1xCPU_P=4, 1xCPU_E=3, 1xCPU_E=3, 1xCPU_E=3, 1xCPU_E=3
  Mlp_control31: 1xCPU_P=7, 1xCPU_P=7, 1xCPU_P=7, 1xCPU_P=7
  Mlp_control32: 1xCPU_P=7, 1xCPU_P=7, 1xCPU_P=7, 1xCPU_P=7
  Mlp_control33: 1xCPU_P=7, 1xCPU_P=7, 1xCPU_P=7, 1xCPU_P=7
  Mlp_control34: 1xCPU_P=7, 1xCPU_P=7, 1xCPU_P=7, 1xCPU_P=7
  Mlp_control35: 1xCPU_P=5, 1xCPU_P=5, 1xCPU_P=5, 1xCPU_P=5, 1xCPU_E=2, 1xCPU_E=2, 1xCPU_E=2, 1xCPU_E=2
  Mlp_control36: 1xCPU_P=6, 1xCPU_P=6, 1xCPU_P=6, 1xCPU_P=6, 1xCPU_E=1, 1xCPU_E=1, 1xCPU_E=1, 1xCPU_E=1
  Mlp_control37: 1xCPU_P=6, 1xCPU_P=6, 1xCPU_P=6, 1xCPU_P=6, 1xCPU_E=1, 1xCPU_E=1, 1xCPU_E=1, 1xCPU_E=1
  Mlp_control38: 1xCPU_P=5, 1xCPU_P=5, 1xCPU_P=5, 1xCPU_P=5, 1xCPU_E=2, 1xCPU_E=2, 1xCPU_E=2, 1xCPU_E=2
  Mlp_control39: 1xCPU_E=7, 1xCPU_E=7, 1xCPU_E=7, 1xCPU_E=7
  Mlp_control40: 1xCPU_P=3, 1xCPU_P=3, 1xCPU_P=3, 1xCPU_P=3, 1xCPU_E=4, 1xCPU_E=4, 1xCPU_E=4, 1xCPU_E=4
  Mlp_control41: 1xCPU_P=4, 1xCPU_P=4, 1xCPU_P=4, 1xCPU_P=4, 1xCPU_E=3, 1xCPU_E=3, 1xCPU_E=3, 1xCPU_E=3
  Mlp_control42: 1xCPU_P=2, 1xCPU_P=2, 1xCPU_P=2, 1xCPU_P=2, 1xCPU_E=5, 1xCPU_E=5, 1xCPU_E=5, 1xCPU_E=5
  Mlp_control43: 1xCPU_P=6, 1xCPU_P=6, 1xCPU_P=6, 1xCPU_P=6, 1xCPU_E=1, 1xCPU_E=1, 1xCPU_E=1, 1xCPU_E=1
  Mlp_control44: 1xCPU_P=7, 1xCPU_P=7, 1xCPU_P=7, 1xCPU_P=7
  Mlp_control45: 1xCPU_P=5, 1xCPU_P=5, 1xCPU_P=5, 1xCPU_P=5, 1xCPU_E=2, 1xCPU_E=2, 1xCPU_E=2, 1xCPU_E=2
  Mlp_control46: 1xCPU_P=4, 1xCPU_P=4, 1xCPU_P=4, 1xCPU_P=4, 1xCPU_E=3, 1xCPU_E=3, 1xCPU_E=3, 1xCPU_E=3
  Mlp_control47: 1xCPU_P=5, 1xCPU_P=5, 1xCPU_P=5, 1xCPU_P=5, 1xCPU_E=2, 1xCPU_E=2, 1xCPU_E=2, 1xCPU_E=2
  Mlp_control48: 1xCPU_P=4, 1xCPU_P=4, 1xCPU_P=4, 1xCPU_P=4, 1xCPU_E=3, 1xCPU_E=3, 1xCPU_E=3, 1xCPU_E=3
  Mlp_control49: 1xCPU_P=7, 1xCPU_P=7, 1xCPU_P=7, 1xCPU_P=7
Job 'yolov8_nano_64x960' (job_id=0, color_index=0) -> color RGB=[0.98745098 0.54117647 0.41568627]
DEBUG TRANSFER: alpha_shape=(3740, 14), num_actual_machines=8, len(machines)=8, alpha_cols=14, is_using_combos=True, prev_machine=4, machine=5, transfer_times_shape=(8, 8), machine_combinations=True
DEBUG IMMEDIATE: op=62, job_id=0, lookup=0, op_color_index=0, base_colors[0]=(np.float64(0.9874509803921568), np.float64(0.5411764705882353), np.float64(0.41568627450980394))
DEBUG AFTER MODULO: op=62, original=0, after_modulo=0, len(base_colors)=110
DEBUG BEFORE LEGEND: op=62, op_color_index=0, original=0, job_index=0, legend_key=kind_yolov8_nano_64x, in_legend=True
DEBUG IMMEDIATE: op=63, job_id=0, lookup=0, op_color_index=0, base_colors[0]=(np.float64(0.9874509803921568), np.float64(0.5411764705882353), np.float64(0.41568627450980394))
DEBUG AFTER MODULO: op=63, original=0, after_modulo=0, len(base_colors)=110
DEBUG BEFORE LEGEND: op=63, op_color_index=0, original=0, job_index=0, legend_key=kind_yolov8_nano_64x, in_legend=True
DEBUG IMMEDIATE: op=64, job_id=0, lookup=0, op_color_index=0, base_colors[0]=(np.float64(0.9874509803921568), np.float64(0.5411764705882353), np.float64(0.41568627450980394))
DEBUG AFTER MODULO: op=64, original=0, after_modulo=0, len(base_colors)=110
DEBUG BEFORE LEGEND: op=64, op_color_index=0, original=0, job_index=0, legend_key=kind_yolov8_nano_64x, in_legend=True
Job 'fused_full0' (job_id=1, color_index=1) -> color RGB=[0.59607843 0.8345098  0.57882353]
Job 'mlp_control0' (job_id=2, color_index=2) -> color RGB=[0.71372549 0.71372549 0.84705882]
Saving plot to plots/wh_chain60_solve_500_cpsat_profiled.png...

Plot saved to plots/wh_chain60_solve_500_cpsat_profiled.png

Outputting scheduled JSON...
  pdb_hash = sha256:a7f1f6372d908d9a... over 5 CSV(s)

Scheduled JSON saved to: schedules/scheduled_wh_chain60_solve_500_cpsat_profiled.json
Metrics written to: schedules/scheduled_wh_chain60_solve_500_cpsat_profiled_metrics.json
  makespan_us=532.76  op_deadline_miss=0 (dispatches, NOT instances)  cross_dev=3096  solver_s=3005.166
Scheduler report written to: schedules/scheduled_wh_chain60_solve_500_cpsat_profiled_report.json
