--board-calibration: loaded /scratch/agustin/xpurt-dev-sync/results/codesign_feedback/k1_board_calibration_yolo110.json (aggregate x1.261)
============================================================
Loading network hierarchy from JSON...
============================================================

Loading networks from: /scratch/agustin/xpurt-dev-sync/data/toplevel/wh_chain30_solve_h200.json

Found 3 networks:
  - yolov8_nano_64x96 (id: 0, identifier: yolov8_nano_64x96)
  - fused_full (id: 1, identifier: fused_full)
  - mlp_control (id: 2, identifier: mlp_control)

Found 2 network-level dependencies:
  - yolov8_nano_64x96 → fused_full
  - fused_full → mlp_control

Resolved runtime configuration:
  Machine core counts: {'CPU_P': 4, 'CPU_E': 4}
  Profile HW mapping: CPU_P->rvv_x60, CPU_E->rvv_x60
  Profile target/topology: target=spacemit_x60, topo_tag=topo_0_1_2_3
  p_core_speedup: 1.0
  random_seed: 42
  solver_verbosity: 0
  time_limit: 600
  use_profiled: True
  prune_periodic: True
  restrict_makespan_to_nonperiodic: False
  cvxpy_solver (milp only): MOSEK
  machine_combination_mode: shard
  enforce_same_processor_combinations: True

Using profiled runtimes where available...
  (warning) 8 dispatch(es) were costed 0.0 because a profile that EXISTS has no row for them. Either they are ops the codegen drops (the yolo chunk2_c1 case) or the CSV is short and unmeasured work is being scheduled as instantaneous.
  - yolov8_nano_64x96/dispatch_3(id=3) costed 0.0 (first seen on rvv_x60/topo_0): no row in an otherwise-present profile; op not knowable from the profile
  - yolov8_nano_64x96/dispatch_11(id=11) costed 0.0 (first seen on rvv_x60/topo_0): no row in an otherwise-present profile; op not knowable from the profile
  - yolov8_nano_64x96/dispatch_22(id=22) costed 0.0 (first seen on rvv_x60/topo_0): no row in an otherwise-present profile; op not knowable from the profile
  - yolov8_nano_64x96/dispatch_33(id=33) costed 0.0 (first seen on rvv_x60/topo_0): no row in an otherwise-present profile; op not knowable from the profile
  - yolov8_nano_64x96/dispatch_48(id=48) costed 0.0 (first seen on rvv_x60/topo_0): no row in an otherwise-present profile; op not knowable from the profile
  - yolov8_nano_64x96/dispatch_56(id=56) costed 0.0 (first seen on rvv_x60/topo_0): no row in an otherwise-present profile; op not knowable from the profile
  - yolov8_nano_64x96/dispatch_64(id=64) costed 0.0 (first seen on rvv_x60/topo_0): no row in an otherwise-present profile; op not knowable from the profile
  - yolov8_nano_64x96/dispatch_72(id=72) costed 0.0 (first seen on rvv_x60/topo_0): no row in an otherwise-present profile; op not knowable from the profile
  (warning) set XPURT_STRICT_ZERO_COST=1 to make this fatal
  Workload declares horizon 200 ms and 3 explicit periodic instance counts; those counts are used as given. Networks without one are still sized by the refinement loop below.

--- cpsat iteration 1 ---
  stateful: chained 5 instance edge(s) for ['fused_full']
  Total operations: 818
  Job names: ['yolov8_nano_64x960', 'fused_full0', 'mlp_control0', 'yolov8_nano_64x961', 'yolov8_nano_64x962', 'yolov8_nano_64x963', 'yolov8_nano_64x964', 'yolov8_nano_64x965', 'fused_full1', 'fused_full2', 'fused_full3', 'fused_full4', 'fused_full5', 'mlp_control1', 'mlp_control2', 'mlp_control3', 'mlp_control4', 'mlp_control5', 'mlp_control6', 'mlp_control7', 'mlp_control8', 'mlp_control9', 'mlp_control10', 'mlp_control11', 'mlp_control12', 'mlp_control13', 'mlp_control14', 'mlp_control15', 'mlp_control16', 'mlp_control17', 'mlp_control18', 'mlp_control19']

Starting CP-SAT solver v9.15.6755
Parameters: random_seed: 0 max_time_in_seconds: 900 log_search_progress: true num_search_workers: 8

Initial optimization model '': (model_fingerprint: 0x15e7069617a2bf10)
#Variables: 13'907 (#ints: 1 in objective) (12'222 primary variables)
  - 11'452 Booleans in [0,1]
  - 732 different domains in [0,23000000373645] with a largest complexity of 1.
#kExactlyOne: 818 (#literals: 11'452)
#kInterval: 11'452 (#enforced: 11'452)
#kLinMax: 1 (#expressions: 818)
#kLinear1: 12'319 (#enforced: 11'452)
#kLinear2: 197'797 (#enforced: 196'000 #multi: 196'000)
#kLinear3: 818
#kLinearN: 778 (#terms: 30'038)
#kNoOverlap: 8 (#intervals: 19'632, #optional: 19'632, #variable_sizes: 19'632)

Starting presolve at 0.05s
  8.99e-03s  0.00e+00d  [DetectDominanceRelations] 
  4.53e-01s  0.00e+00d  [PresolveToFixPoint] #num_loops=4 #num_dual_strengthening=1 
  1.27e-02s  0.00e+00d  [ExtractEncodingFromLinear] #potential_supersets=818 #potential_subsets=770 #exo_encodings=770 #multiple_terms=1'356 #literals=9'400 
  2.37e-03s  0.00e+00d  [DetectDuplicateColumns] 
  4.68e-03s  0.00e+00d  [DetectDuplicateConstraints] 
[Symmetry] Graph for symmetry has 90'773 nodes and 210'336 arcs.
[Symmetry] Symmetry computation done. time: 0.0569784 dtime: 0.0671422
[Symmetry] #generators: 4, average support size: 4448
[Symmetry] 1994 orbits on 10072 variables with sizes: 8,8,8,8,8,8,8,8,8,8,...
[Symmetry] Num fixable by binary propagation in orbit: 7 / 8
[Symmetry] Num fixable by intersecting at_most_one with orbits: 11 largest_orbit: 8
[Symmetry] Found orbitope of size 818 x 2
[SAT presolve] num removable Booleans: 0 / 12'918
[SAT presolve] num trivial clauses: 0
[SAT presolve] [0s] clauses:8'401 literals:22'491 vars:8'245 one_side_vars:0 simple_definition:8'089 singleton_clauses:0
[SAT presolve] [0.000405379s] clauses:8'401 literals:22'491 vars:8'245 one_side_vars:0 simple_definition:8'089 singleton_clauses:0
[SAT presolve] [0.000818502s] clauses:8'401 literals:22'491 vars:8'245 one_side_vars:0 simple_definition:8'089 singleton_clauses:0
  1.64e-02s  0.00e+00d  [DetectDuplicateConstraintsWithDifferentEnforcements] #without_enforcements=28'855 
  7.85e+00s  2.55e-01d  [Probe] #probed=24'226 #new_bounds=1'588 #equiv=1 #new_binary_clauses=312 
  5.05e-03s  2.98e-03d  [MaxClique] Merged 7'312 constraints with 16'436 literals into 1'623 constraints with 10'747 literals
  8.59e-03s  0.00e+00d  [DetectDominanceRelations] 
  6.38e-02s  0.00e+00d  [PresolveToFixPoint] #num_loops=3 #num_dual_strengthening=1 
  8.83e-03s  0.00e+00d  [ProcessAtMostOneAndLinear] 
  4.95e-03s  0.00e+00d  [DetectDuplicateConstraints] #duplicates=266 
  6.88e-03s  0.00e+00d  [DetectDuplicateConstraintsWithDifferentEnforcements] #without_enforcements=9'242 
  2.95e-03s  6.44e-05d  [DetectDominatedLinearConstraints] #relevant_constraints=1'602 
  1.78e-03s  0.00e+00d  [DetectDifferentVariables] 
  5.56e-03s  1.66e-04d  [ProcessSetPPC] #relevant_constraints=3'802 #num_inclusions=1'623 
  3.29e-03s  0.00e+00d  [TransformClausesToExactlyOne] #num_amos=7'044 
  2.33e-03s  0.00e+00d  [DetectEncodedComplexDomains] 
  1.82e-03s  0.00e+00d  [FindAlmostIdenticalLinearConstraints] 
  7.61e-02s  2.77e-01d  [FindBigAtMostOneAndLinearOverlap] 
  1.05e-02s  1.37e-01d  [FindBigVerticalLinearOverlap] 
  4.40e-03s  1.85e-04d  [FindBigHorizontalLinearOverlap] #blocks=4 #saved_nz=4'305 #linears=8 
  1.72e-03s  0.00e+00d  [MergeClauses] 
  7.73e-03s  0.00e+00d  [DetectDominanceRelations] 
  3.51e-02s  0.00e+00d  [PresolveToFixPoint] #num_loops=2 #num_dual_strengthening=1 
  7.68e-03s  0.00e+00d  [DetectDominanceRelations] 
  3.34e-02s  0.00e+00d  [PresolveToFixPoint] #num_loops=1 #num_dual_strengthening=1 
  1.70e-03s  0.00e+00d  [DetectDuplicateColumns] 
  4.49e-03s  0.00e+00d  [DetectDuplicateConstraints] 
[Symmetry] Graph for symmetry has 66'416 nodes and 136'078 arcs.
[Symmetry] Symmetry computation done. time: 0.0218093 dtime: 0.0314652
[Symmetry] #generators: 3, average support size: 2570.67
[Symmetry] 2222 orbits on 6078 variables with sizes: 4,4,4,4,4,4,4,4,4,4,...
[Symmetry] Num fixable by binary propagation in orbit: 3 / 4
[Symmetry] Num fixable by intersecting at_most_one with orbits: 5 largest_orbit: 4
[Symmetry] Found orbitope of size 817 x 2
[SAT presolve] num removable Booleans: 0 / 11'260
[SAT presolve] num trivial clauses: 0
[SAT presolve] [0s] clauses:7'039 literals:14'078 vars:8'239 one_side_vars:8084 simple_definition:0 singleton_clauses:0
[SAT presolve] [0.000239945s] clauses:7'039 literals:14'078 vars:8'239 one_side_vars:8084 simple_definition:0 singleton_clauses:0
[SAT presolve] [0.000577314s] clauses:7'039 literals:14'078 vars:8'239 one_side_vars:8084 simple_definition:0 singleton_clauses:0
  8.17e-03s  0.00e+00d  [DetectDuplicateConstraintsWithDifferentEnforcements] #without_enforcements=9'242 
  6.58e+00s  1.54e-01d  [Probe] #probed=22'512 
  4.79e-03s  3.44e-03d  [MaxClique] Merged 7'039 constraints with 14'078 literals into 1'355 constraints with 8'394 literals
  7.52e-03s  0.00e+00d  [DetectDominanceRelations] 
  3.36e-02s  0.00e+00d  [PresolveToFixPoint] #num_loops=1 #num_dual_strengthening=1 
  7.85e-03s  0.00e+00d  [ProcessAtMostOneAndLinear] 
  4.81e-03s  0.00e+00d  [DetectDuplicateConstraints] 
  7.03e-03s  0.00e+00d  [DetectDuplicateConstraintsWithDifferentEnforcements] #without_enforcements=9'237 
  3.03e-03s  4.67e-05d  [DetectDominatedLinearConstraints] #relevant_constraints=1'606 
  1.79e-03s  0.00e+00d  [DetectDifferentVariables] 
  5.04e-03s  1.40e-04d  [ProcessSetPPC] #relevant_constraints=3'539 #num_inclusions=1'355 
  2.47e-03s  0.00e+00d  [TransformClausesToExactlyOne] 
  2.37e-03s  0.00e+00d  [DetectEncodedComplexDomains] 
  1.85e-03s  0.00e+00d  [FindAlmostIdenticalLinearConstraints] 
  3.00e-02s  9.72e-02d  [FindBigAtMostOneAndLinearOverlap] 
  5.99e-03s  4.75e-02d  [FindBigVerticalLinearOverlap] 
  2.76e-03s  3.40e-04d  [FindBigHorizontalLinearOverlap] #blocks=2 #saved_nz=1'074 #linears=12 
  1.74e-03s  0.00e+00d  [MergeClauses] 
  7.20e-03s  0.00e+00d  [DetectDominanceRelations] 
  3.32e-02s  0.00e+00d  [PresolveToFixPoint] #num_loops=2 #num_dual_strengthening=1 
  7.21e-03s  0.00e+00d  [DetectDominanceRelations] 
  3.24e-02s  0.00e+00d  [PresolveToFixPoint] #num_loops=1 #num_dual_strengthening=1 
  1.77e-03s  0.00e+00d  [DetectDuplicateColumns] 
  4.58e-03s  0.00e+00d  [DetectDuplicateConstraints] 
[Symmetry] Graph for symmetry has 51'118 nodes and 105'578 arcs.
[Symmetry] Symmetry computation done. time: 0.00896031 dtime: 0.0173852
[Symmetry] #generators: 1, average support size: 1632
[Symmetry] 816 orbits on 1632 variables with sizes: 2,2,2,2,2,2,2,2,2,2,...
[Symmetry] Num fixable by intersecting at_most_one with orbits: 1 largest_orbit: 2
  7.60e-03s  0.00e+00d  [DetectDuplicateConstraintsWithDifferentEnforcements] #without_enforcements=9'237 
  6.56e+00s  1.57e-01d  [Probe] #probed=22'510 
  1.33e-03s  0.00e+00d  [MaxClique] 
  7.41e-03s  0.00e+00d  [DetectDominanceRelations] 
  3.30e-02s  0.00e+00d  [PresolveToFixPoint] #num_loops=1 #num_dual_strengthening=1 
  7.27e-03s  0.00e+00d  [ProcessAtMostOneAndLinear] 
  4.75e-03s  0.00e+00d  [DetectDuplicateConstraints] 
  6.99e-03s  0.00e+00d  [DetectDuplicateConstraintsWithDifferentEnforcements] #without_enforcements=9'236 
  3.04e-03s  4.19e-05d  [DetectDominatedLinearConstraints] #relevant_constraints=1'608 
  1.81e-03s  0.00e+00d  [DetectDifferentVariables] 
  3.27e-03s  8.60e-05d  [ProcessSetPPC] #relevant_constraints=2'186 
  2.52e-03s  0.00e+00d  [TransformClausesToExactlyOne] 
  2.37e-03s  0.00e+00d  [DetectEncodedComplexDomains] 
  1.85e-03s  0.00e+00d  [FindAlmostIdenticalLinearConstraints] 
  2.30e-02s  6.81e-02d  [FindBigAtMostOneAndLinearOverlap] 
  5.24e-03s  3.29e-02d  [FindBigVerticalLinearOverlap] 
  2.23e-03s  6.58e-04d  [FindBigHorizontalLinearOverlap] #linears=14 
  1.79e-03s  0.00e+00d  [MergeClauses] 
  7.19e-03s  0.00e+00d  [DetectDominanceRelations] 
  3.27e-02s  0.00e+00d  [PresolveToFixPoint] #num_loops=1 #num_dual_strengthening=1 
  3.66e-02s  0.00e+00d  [MergeNoOverlap] 
  2.19e-03s  0.00e+00d  [MergeNoOverlap2D] 
  7.47e-03s  0.00e+00d  [ExpandObjective] #entries=182'237 #tight_variables=19'462 #tight_constraints=2'682 

Presolve summary:
  - 875 affine relations were detected.
  - rule 'TODO dual: only one blocking constraint?' was applied 28 times.
  - rule 'TODO duplicate: skipped identical encoding constraints' was applied 1'044 times.
  - rule 'TODO interval: same interval with different enforcement?' was applied 56'827 times.
  - rule 'affine: new relation' was applied 875 times.
  - rule 'at_most_one: transformed into max clique' was applied 2 times.
  - rule 'deductions: 18932 stored' was applied 1 time.
  - rule 'deductions: reduced variable domain' was applied 1 time.
  - rule 'duplicate: removed constraint' was applied 266 times.
  - rule 'duplicate: removed enforced constraint' was applied 9'389 times.
  - rule 'encoding: candidate linear is all boolean now' was applied 266 times.
  - rule 'encoding: extracted from linear' was applied 770 times.
  - rule 'encoding: reduced target domain' was applied 770 times.
  - rule 'enforcement: false literal' was applied 36'891 times.
  - rule 'exactly_one: removed literals' was applied 236 times.
  - rule 'intervals: removed unused interval' was applied 1'397 times.
  - rule 'lin_max: removed exprs' was applied 3 times.
  - rule 'lin_max: target domain reduced' was applied 1 time.
  - rule 'linear matrix: common horizontal rectangle' was applied 6 times.
  - rule 'linear1: transformed to implication' was applied 4'872 times.
  - rule 'linear1: x in domain' was applied 867 times.
  - rule 'linear2: already known enforced relation' was applied 161'736 times.
  - rule 'linear: always true' was applied 5'019 times.
  - rule 'linear: divide by GCD' was applied 5'076 times.
  - rule 'linear: empty' was applied 3'689 times.
  - rule 'linear: enforcement literal in expression' was applied 2 times.
  - rule 'linear: extracted at most one (max)' was applied 266 times.
  - rule 'linear: fixed or dup variables' was applied 6'817 times.
  - rule 'linear: positive equal one' was applied 266 times.
  - rule 'linear: reduced variable domains' was applied 1'970 times.
  - rule 'linear: remapped using affine relations' was applied 44'718 times.
  - rule 'linear: simplified rhs' was applied 2'358 times.
  - rule 'new_bool: integer encoding' was applied 1'200 times.
  - rule 'no_overlap: removed absent intervals' was applied 20 times.
  - rule 'presolve: 1711 unused variables removed.' was applied 1 time.
  - rule 'presolve: iteration' was applied 3 times.
  - rule 'setppc: bool_or in at_most_one' was applied 2'976 times.
  - rule 'setppc: exactly_one included in linear' was applied 1 time.
  - rule 'setppc: reduced linear coefficients' was applied 1 time.
  - rule 'setppc: removed dominated constraints' was applied 1 time.
  - rule 'symmetry: fixed to false in general orbit' was applied 17 times.
  - rule 'variables with 2 values: new affine relation' was applied 156 times.
  - rule 'variables with 2 values: register other encoding' was applied 156 times.
  - rule 'variables: add encoding constraint' was applied 1'044 times.
  - rule 'variables: canonicalize affine domain' was applied 404 times.
  - rule 'variables: detect fully reified value encoding' was applied 144 times.
  - rule 'variables: detect half reified value encoding' was applied 14'672 times.

Presolved optimization model '': (model_fingerprint: 0xefe030e2cd7c81d3)
#Variables: 12'931 (#ints: 1 in objective) (10'752 primary variables)
  - 11'254 Booleans in [0,1]
  - 860 different domains in [-244444,244444] with a largest complexity of 3.
#kExactlyOne: 2'172 (#literals: 18'445)
#kInterval: 10'055 (#enforced: 10'055)
#kLinMax: 1 (#expressions: 69)
#kLinear1: 2'088 (#enforced: 2'088)
#kLinear2: 1'090
#kLinear3: 504
#kLinearN: 14 (#terms: 9'404)
#kNoOverlap: 8 (#intervals: 15'928, #optional: 15'928, #variable_sizes: 12'068)
[Symmetry] Graph for symmetry has 48'529 nodes and 105'568 arcs.
[Symmetry] Symmetry computation done. time: 0.00618 dtime: 0.0160176

Preloading model.
#Bound  22.62s best:inf   next:[215792,244444] initial_domain
#Model  22.63s var:12931/12931 constraints:15932/15932

Starting search at 22.63s with 8 workers.
6 full problem subsolvers: [default_lp, fixed, max_lp, no_lp, quick_restart, reduced_costs]
2 first solution subsolvers: [fj, fs_random_no_lp]
13 interleaved subsolvers: [feasibility_pump, graph_arc_lns, graph_cst_lns, graph_dec_lns, graph_var_lns, ls, rins/rens, rnd_cst_lns, rnd_var_lns, scheduling_intervals_lns, scheduling_precedences_lns, scheduling_resource_windows_lns, scheduling_time_window_lns]
3 helper subsolvers: [neighborhood_helper, synchronization_agent, update_gap_integral]

#1      40.98s best:216470 next:[215792,216469] fixed
#2      41.81s best:216424 next:[215792,216423] rnd_cst_lns (d=5.00e-01 s=163 t=0.10 p=0.00 stall=0 h=base)
#3      45.88s best:216423 next:[215792,216422] ls_restart_decay_perturb(batch:1 lin{mvs:336 evals:15'224} #w_updates:227 #perturb:0)
#4      47.00s best:216422 next:[215792,216421] ls_restart_perturb(batch:1 lin{mvs:439 evals:14'710} #w_updates:415 #perturb:0)
#5      52.46s best:216415 next:[215792,216414] rnd_cst_lns (d=4.46e-01 s=207 t=0.10 p=0.50 stall=0 h=base)
#6      52.79s best:216408 next:[215792,216407] scheduling_time_window_lns (d=9.14e-01 s=208 t=0.10 p=1.00 stall=4 h=base)
#7      54.17s best:216396 next:[215792,216395] graph_arc_lns (d=8.14e-01 s=192 t=0.10 p=1.00 stall=2 h=base)
#8      54.79s best:216391 next:[215792,216390] rnd_cst_lns (d=3.17e-01 s=220 t=0.10 p=0.40 stall=0 h=base)
#9      55.12s best:216382 next:[215792,216381] scheduling_resource_windows_lns (d=9.56e-01 s=221 t=0.10 p=1.00 stall=6 h=base)
#10     61.41s best:216381 next:[215792,216380] rnd_var_lns (d=9.14e-01 s=243 t=0.10 p=1.00 stall=4 h=base) [hint]
#11     61.71s best:216380 next:[215792,216379] scheduling_time_window_lns (d=9.89e-01 s=244 t=0.10 p=1.00 stall=0 h=base)
#12     61.74s best:216077 next:[215792,216076] scheduling_intervals_lns (d=2.93e-01 s=225 t=0.10 p=0.00 stall=0 h=base)
#13     63.25s best:216076 next:[215792,216075] ls_restart_decay_perturb(batch:1 lin{mvs:259 evals:16'925} #w_updates:136 #perturb:0)
#14     64.85s best:216073 next:[215792,216072] rnd_cst_lns (d=5.15e-01 s=259 t=0.10 p=0.55 stall=3 h=base)
#15     65.17s best:216058 next:[215792,216057] scheduling_time_window_lns (d=9.93e-01 s=263 t=0.10 p=1.00 stall=1 h=base)
#16     69.82s best:216057 next:[215792,216056] rnd_var_lns (d=9.39e-01 s=320 t=0.10 p=1.00 stall=0 h=base) [hint]
#17     69.98s best:216054 next:[215792,216053] graph_var_lns (d=5.54e-01 s=323 t=0.10 p=0.50 stall=4 h=base)
#18     74.18s best:216053 next:[215792,216052] ls_restart_decay(batch:1 lin{mvs:355 evals:7'218} #w_updates:188 #perturb:0)
#19     82.74s best:216052 next:[215792,216051] ls_restart_decay_perturb(batch:1 lin{mvs:223 evals:7'634} #w_updates:159 #perturb:0)
#20     90.96s best:215998 next:[215792,215997] scheduling_intervals_lns (d=4.62e-01 s=473 t=0.10 p=0.50 stall=0 h=base)
#21     92.55s best:215997 next:[215792,215996] ls_restart_decay(batch:1 lin{mvs:639 evals:21'175} #w_updates:372 #perturb:0)
#22     97.17s best:215992 next:[215792,215991] graph_cst_lns (d=5.73e-01 s=504 t=0.10 p=0.54 stall=0 h=base)
#23    108.21s best:215988 next:[215792,215987] rnd_var_lns (d=9.67e-01 s=520 t=0.10 p=1.00 stall=1 h=base)
#24    114.98s best:215938 next:[215792,215937] graph_arc_lns (d=8.08e-01 s=518 t=0.10 p=0.75 stall=1 h=base)
#25    122.63s best:215937 next:[215792,215936] rnd_cst_lns (d=6.55e-01 s=582 t=0.10 p=0.56 stall=0 h=base)
#26    132.59s best:215932 next:[215792,215931] rnd_cst_lns (d=5.11e-01 s=726 t=0.10 p=0.52 stall=0 h=base)
#27    140.79s best:215931 next:[215792,215930] fixed
#28    143.97s best:215925 next:[215792,215924] scheduling_intervals_lns (d=2.30e-01 s=802 t=0.10 p=0.33 stall=0 h=base)
#29    148.26s best:215922 next:[215792,215921] graph_var_lns (d=9.47e-01 s=812 t=0.10 p=0.72 stall=0 h=base)
#30    148.29s best:215921 next:[215792,215920] ls_restart_perturb(batch:1 lin{mvs:33 evals:14'163} #w_updates:35 #perturb:0)
#31    149.68s best:215920 next:[215792,215919] rnd_cst_lns (d=5.74e-01 s=830 t=0.10 p=0.53 stall=1 h=base)
#32    149.97s best:215897 next:[215792,215896] scheduling_resource_windows_lns (d=1.00e+00 s=832 t=0.10 p=1.00 stall=0 h=base)
#33    151.34s best:215861 next:[215792,215860] scheduling_intervals_lns (d=1.70e-01 s=841 t=0.10 p=0.29 stall=0 h=base)
#34    153.26s best:215849 next:[215792,215848] graph_cst_lns (d=6.08e-01 s=844 t=0.10 p=0.53 stall=0 h=base)
#Model 154.18s var:12869/12931 constraints:15827/15932
#35    154.39s best:215848 next:[215792,215847] ls_restart_perturb(batch:1 lin{mvs:6 evals:3'171} #w_updates:2 #perturb:0)
#36    154.40s best:215847 next:[215792,215846] ls_restart(batch:1 lin{mvs:12 evals:3'682} gen{mvs:1 evals:69} #w_updates:7 #perturb:0)
#37    154.71s best:215839 next:[215792,215838] scheduling_resource_windows_lns (d=1.00e+00 s=849 t=0.10 p=1.00 stall=0 h=base)
#38    158.66s best:215829 next:[215792,215828] scheduling_intervals_lns (d=2.26e-01 s=874 t=0.10 p=0.38 stall=0 h=base)
#39    161.55s best:215823 next:[215792,215822] scheduling_intervals_lns (d=2.98e-01 s=888 t=0.10 p=0.44 stall=0 h=base)
#40    163.33s best:215822 next:[215792,215821] rnd_cst_lns (d=4.32e-01 s=897 t=0.10 p=0.50 stall=0 h=base)
#Model 164.40s var:12785/12931 constraints:15715/15932
#41    169.83s best:215807 next:[215792,215806] graph_cst_lns (d=6.06e-01 s=964 t=0.10 p=0.53 stall=0 h=base)
#Model 170.41s var:12671/12931 constraints:15571/15932
#42    170.51s best:215796 next:[215792,215795] scheduling_intervals_lns (d=3.88e-01 s=939 t=0.10 p=0.50 stall=0 h=base)
#43    174.13s best:215795 next:[215792,215794] ls_restart_decay(batch:1 lin{mvs:343 evals:27'611} #w_updates:143 #perturb:0)
#44    174.22s best:215794 next:[215792,215793] ls_restart_decay(batch:1 lin{mvs:228 evals:17'899} #w_updates:67 #perturb:0)
#Model 177.61s var:12277/12931 constraints:15083/15932
#45    180.78s best:215792 next:[]         graph_arc_lns (d=8.63e-01 s=1050 t=0.10 p=0.80 stall=0 h=base)

Task timing                                  n [     min,      max]      avg      dev     time         n [     min,      max]      avg      dev    dtime
                       'default_lp':         1 [   2.64m,    2.64m]    2.64m   0.00ns    2.64m         2 [159.54ms,   16.02s]    8.09s    7.93s   16.18s
                 'feasibility_pump':        18 [ 19.61ms,    1.67s]    1.32s 538.50ms   23.77s        17 [ 30.64ms, 660.71ms] 547.91ms 178.82ms    9.31s
                            'fixed':         1 [   2.64m,    2.64m]    2.64m   0.00ns    2.64m         2 [166.36ms,    7.20s]    3.68s    3.51s    7.36s
                               'fj':        73 [  1.54ms,  80.43ms]  28.61ms  31.43ms    2.09s        73 [100.45ms, 130.75ms] 105.31ms   6.24ms    7.69s
                  'fs_random_no_lp':         1 [  18.34s,   18.34s]   18.34s   0.00ns   18.34s         2 [158.23ms, 389.97ms] 274.10ms 115.87ms 548.20ms
                    'graph_arc_lns':         6 [ 88.08ms,   14.20s]    4.22s    4.97s   25.34s         6 [  1.04ms, 100.02ms]  34.42ms  39.80ms 206.53ms
                    'graph_cst_lns':        77 [  1.19ms,    1.92s] 309.13ms 449.27ms   23.80s        36 [731.28us, 100.32ms]  83.40ms  30.94ms    3.00s
                    'graph_dec_lns':         8 [ 59.48ms,   15.37s]    3.20s    4.72s   25.64s         8 [368.51us,  59.19ms]  11.57ms  18.29ms  92.52ms
                    'graph_var_lns':        22 [ 18.82ms,    4.81s]    1.09s    1.30s   23.92s        13 [508.89us, 100.05ms]  61.73ms  44.21ms 802.46ms
                               'ls':       228 [  2.97ms, 111.70ms]  36.73ms  32.49ms    8.37s       228 [638.45us,    7.19s]    1.03s    2.13s    3.93m
                           'max_lp':         1 [   2.64m,    2.64m]    2.64m   0.00ns    2.64m         2 [268.56ms,    1.14s] 705.47ms 436.91ms    1.41s
                            'no_lp':         1 [   2.64m,    2.64m]    2.64m   0.00ns    2.64m         2 [158.23ms,   13.97s]    7.06s    6.90s   14.12s
                    'quick_restart':         1 [   2.64m,    2.64m]    2.64m   0.00ns    2.64m         2 [159.53ms,    8.31s]    4.23s    4.07s    8.47s
                    'reduced_costs':         1 [   2.64m,    2.64m]    2.64m   0.00ns    2.64m         2 [163.76ms,    1.48s] 821.92ms 658.16ms    1.64s
                        'rins/rens':        80 [  2.42ms,    8.35s] 294.54ms    1.20s   23.56s        11 [ 57.57us, 100.15ms]  45.58ms  49.74ms 501.34ms
                      'rnd_cst_lns':        47 [  1.28ms,    2.31s] 501.94ms 583.19ms   23.59s        34 [ 11.50us, 100.43ms]  66.56ms  45.34ms    2.26s
                      'rnd_var_lns':         9 [ 52.53ms,    8.98s]    2.66s    2.86s   23.97s         9 [320.40us,  46.56ms]  13.80ms  17.27ms 124.19ms
         'scheduling_intervals_lns':        11 [ 33.41ms,    6.20s]    2.14s    2.02s   23.53s        10 [ 17.35ms, 100.15ms]  71.64ms  30.98ms 716.39ms
       'scheduling_precedences_lns':         9 [   1.56s,    7.50s]    2.77s    1.71s   24.96s         9 [100.00ms, 100.25ms] 100.13ms  89.25us 901.18ms
  'scheduling_resource_windows_lns':       228 [  4.12ms, 336.99ms]  99.50ms  91.11ms   22.69s        54 [641.23us,   6.34ms]   2.69ms   1.71ms 145.15ms
       'scheduling_time_window_lns':       228 [  4.03ms, 385.70ms]  99.48ms  92.28ms   22.68s        55 [641.23us,   5.55ms]   2.47ms   1.68ms 135.71ms

Search stats           Bools  Conflicts  Branches  Restarts  BacktrackToRoot  Backtrack  BoolPropag  IntegerPropag
       'default_lp':  15'762      3'941   149'011         2           73'177     82'481   1'311'811      9'062'669
            'fixed':  17'747          0   345'004         0          173'357    211'016   1'751'601     14'159'946
  'fs_random_no_lp':  11'254         51    80'478         1           47'606     49'960     340'493      3'014'953
           'max_lp':  11'473         50    27'349         1           22'511     22'561     165'065      1'365'078
            'no_lp':  11'977        607   540'279        10          261'230    290'434   2'176'255     19'405'432
    'quick_restart':  11'770         93   424'636         9          216'166    235'659   1'635'612     14'528'128
    'reduced_costs':  11'324        100    97'171         2           58'372     62'160     447'263      3'987'396

SAT formula           Fixed  Equiv   Total  VarLeft  BinaryClauses  PermanentClauses  TemporaryClauses
       'default_lp':      0      0  15'762   15'762         15'404             1'769             3'899
            'fixed':  1'095      6  17'747   16'646         36'628             1'898                 0
  'fs_random_no_lp':      0      0  11'254   11'254          3'770             1'837                44
           'max_lp':     67      1  11'473   11'405          4'180             1'478                50
            'no_lp':    251     26  11'977   11'700          6'534             1'602               129
    'quick_restart':    617     18  11'770   11'135          4'940             1'649                23
    'reduced_costs':    686     30  11'324   10'608          3'562             1'850                91

SAT stats             ClassicMinim  LitRemoved  LitRemovedBinary  LitLearned  LitForgotten  Subsumed
       'default_lp':           153         211            28'750     694'328             0         1
            'fixed':             0           0                 0           0             0         0
  'fs_random_no_lp':             6           7                 3      15'467             0         6
           'max_lp':            22          22               450      14'935             0         0
            'no_lp':           162         639            27'810     195'334             0         8
    'quick_restart':            44         138             1'548      11'384             0         1
    'reduced_costs':            92         246               663       7'811             0         3

Vivification          Clauses  Decisions  LitTrue  Subsumed  LitRemoved  DecisionReused  Conflicts
       'default_lp':    9'834     59'688        0     1'611      12'031               0          0
            'fixed':   25'408    142'762        0     1'570      12'655               0          0
  'fs_random_no_lp':    4'893     31'706        0     1'101       8'657               0          0
           'max_lp':        2         19        0         0           0               0          0
            'no_lp':   36'771    233'277        0     1'704      12'468               0          0
    'quick_restart':   30'473    190'927        0     1'687      12'458               0          0
    'reduced_costs':    6'047     35'474        0     1'460      11'829               8          0

Clause deletion       at_true  l_and_not(l)  to_binary  sub_conflict  sub_extra  sub_decisions  sub_eager  sub_vivify  sub_probing  sub_inpro  blocked  eliminated  forgotten  promoted  conflicts
       'default_lp':        0             0          0             1          0              0          0       1'611            1        224        0           0          0     3'958      3'941
            'fixed':        5             6          6             0          0              0          0       1'570            0         81        0           0          0         0          0
  'fs_random_no_lp':        0             0          0             6          1              0          0       1'101            0        313        0           0          0       160         51
           'max_lp':        0             0          1             0          0              0          0           0            0      1'044        0           0          0        95         50
            'no_lp':       50            40         14             3          0              0          5       1'704            0        625        0           0          0     1'342        607
    'quick_restart':       49            20         15             1          0              0          0       1'687            0        214        0           0          0       237         93
    'reduced_costs':       31           100         22             3          0              0          0       1'460            0        100        0           0          0       151        100

Lp stats            Component  Iterations  AddedCuts  OPTIMAL  DUAL_F.  DUAL_U.
     'default_lp':         21       8'815      7'805   15'140        4        0
          'fixed':         21      30'139      4'350    8'340       34        0
         'max_lp':          1       1'781        194      221       11        0
  'quick_restart':         21      17'139     20'570    9'451        4        0
  'reduced_costs':          1       7'697      1'117      563      450        0

Lp dimension             Final dimension of first component
     'default_lp':  1952 rows, 11074 columns, 15756 entries
          'fixed':  3012 rows, 12119 columns, 17266 entries
         'max_lp':  3529 rows, 13000 columns, 24329 entries
  'quick_restart':  2546 rows, 11074 columns, 16878 entries
  'reduced_costs':  2462 rows, 13000 columns, 19494 entries

Lp debug            CutPropag  CutEqPropag  Adjust  Overflow    Bad  BadScaling
     'default_lp':          0            0       0         0    435           0
          'fixed':          0            0       0         0    770           0
         'max_lp':          2            0       0         0    219           0
  'quick_restart':          0            0       0         0  6'593           0
  'reduced_costs':          0            0       0         0    152           0

Lp pool             Constraints  Updates  Simplif  Merged  Shortened  Split  Strengthened      Cuts/Call
     'default_lp':       11'512        0       20     101          0      0             0   7'805/11'299
          'fixed':        9'456        0    3'766     443      2'683      0             0    4'350/5'057
         'max_lp':        5'793       26      254     416        143     10           264        194/212
  'quick_restart':       13'309        3    7'239      69      6'337      0             0  20'570/23'680
  'reduced_costs':        6'716        0       93     416         71      0             0    1'117/1'535

Lp Cut                              default_lp  quick_restart  reduced_costs  fixed  max_lp
                            CG_FF:          10             50             10      7       6
                             CG_K:           3              7              9      2       4
                            CG_KL:           -              -              4      -       -
                             CG_R:           8             25             11      2       9
                            CG_RB:          12             43              1      9       6
                           CG_RBP:           -              4              -      2       -
                           Clique:           -              -              3      -       1
                               IB:       7'727         20'190          1'021  4'311     148
                           LinMax:           -              -              1      -       -
                         MIR_1_FF:          10             52              2      2       1
                          MIR_1_K:           -              -              2      2       -
                         MIR_1_KL:           -              -              2      -       -
                          MIR_1_R:           -              -              2      -       1
                         MIR_1_RB:           -              8              -      2       -
                        MIR_1_RLT:           -              -              2      -       -
                         MIR_2_FF:           9             38              1      1       -
                          MIR_2_K:           1              6              1      -       -
                         MIR_2_KL:           -              -              1      -       -
                          MIR_2_R:           1              1              1      -       -
                         MIR_2_RB:           -             14              -      1       -
                         MIR_3_FF:           2              8              3      1       -
                          MIR_3_K:           1              3              3      -       -
                         MIR_3_KL:           -              -              1      -       -
                          MIR_3_R:           1              2              3      -       -
                         MIR_3_RB:           -              8              -      1       -
                         MIR_4_FF:           1              5              2      -       -
                          MIR_4_K:           -              -              2      -       -
                         MIR_4_KL:           -              -              1      -       -
                          MIR_4_R:           -              -              2      -       -
                         MIR_4_RB:           -              7              -      2       -
                         MIR_5_FF:           1              2              -      -       -
                         MIR_5_RB:           -              4              -      -       -
                         MIR_6_FF:           1              1              -      -       1
                          MIR_6_K:           -              -              -      -       1
                          MIR_6_R:           -              -              -      -       1
                         MIR_6_RB:           -              5              -      -       -
  NoOverlapEnergy_lifted_optional:           -              -             26      -      15
                     ZERO_HALF_FF:           6             14              -      1       -
                      ZERO_HALF_K:           2             12              -      2       -
                      ZERO_HALF_R:           5             37              -      2       -
                     ZERO_HALF_RB:           3             23              -      -       -
                    ZERO_HALF_RBP:           1              1              -      -       -

LNS stats                             Improv/Calls  Closed  Difficulty  TimeLimit
                    'graph_arc_lns':           3/6     83%    9.01e-01       0.10
                    'graph_cst_lns':         41/56     55%    7.30e-01       0.10
                    'graph_dec_lns':           2/8     88%    9.57e-01       0.10
                    'graph_var_lns':         12/22     68%    9.47e-01       0.10
                        'rins/rens':         14/14     64%    9.28e-01       0.10
                      'rnd_cst_lns':         32/44     52%    5.72e-01       0.10
                      'rnd_var_lns':           4/9    100%    9.81e-01       0.10
         'scheduling_intervals_lns':         11/11     55%    5.00e-01       0.10
       'scheduling_precedences_lns':           9/9      0%    1.86e-02       0.10
  'scheduling_resource_windows_lns':       165/214    100%    1.00e+00       0.10
       'scheduling_time_window_lns':       162/214    100%    1.00e+00       0.10

LS stats                                    Batches  Restarts/Perturbs  LinMoves  GenMoves  CompoundMoves  Bactracks  WeightUpdates  ScoreComputed
                             'fj_restart':        2                  2     2'047         0              0          0              4        313'301
                    'fj_restart_compound':        4                  3         0       196            196          0              0          3'124
                'fj_restart_compound_obj':        3                  2         0        98             98          0              0          2'114
            'fj_restart_compound_perturb':        8                  2         0       120            118          0              0          4'521
        'fj_restart_compound_perturb_obj':       10                  5         0       140            140          0              0          5'703
                       'fj_restart_decay':        3                  2     2'833         0              0          0              4        612'728
              'fj_restart_decay_compound':        9                  5         0       330            326          0              0          6'457
          'fj_restart_decay_compound_obj':        7                  3         0       217            217          0              0          4'857
      'fj_restart_decay_compound_perturb':        2                  2         0        29             29          0              0          1'134
  'fj_restart_decay_compound_perturb_obj':        1                  1         0        20             19          0              0            581
                   'fj_restart_decay_obj':        4                  1     3'144         0              0          0              7      1'177'161
           'fj_restart_decay_perturb_obj':        4                  1     3'473         0              0          0              8        850'639
                         'fj_restart_obj':       13                  7    11'422         0              0          0             30      3'204'632
                     'fj_restart_perturb':        1                  1     1'010         0              0          0              0         24'242
                 'fj_restart_perturb_obj':        2                  2     2'092         0              0          0              0         66'269
                             'ls_restart':       32                 30    15'968         8              0          0         16'429        717'208
                    'ls_restart_compound':       25                 22         0        50             12          9              0         73'180
            'ls_restart_compound_perturb':       29                 28         0        53              2         16              0         64'984
                       'ls_restart_decay':       30                 29    17'552         8              0          0          7'114      1'533'303
              'ls_restart_decay_compound':       30                 30         0        54              3         18              0         59'963
      'ls_restart_decay_compound_perturb':       25                 23         0        42              2          9              0         74'678
               'ls_restart_decay_perturb':       25                 25    13'316         9              0          0          5'890      1'025'061
                     'ls_restart_perturb':       32                 31    18'642         2              0          0         17'014        761'212

Solutions (45)                        Num     Rank
                            'fixed':    4   [0,27]
                    'graph_arc_lns':    6   [6,45]
                    'graph_cst_lns':    6  [21,41]
                    'graph_var_lns':    4  [16,29]
                       'ls_restart':    2  [35,36]
                 'ls_restart_decay':    8  [17,44]
         'ls_restart_decay_perturb':    6   [2,19]
               'ls_restart_perturb':    6   [3,35]
                      'rnd_cst_lns':   16   [1,40]
                      'rnd_var_lns':    6   [9,23]
         'scheduling_intervals_lns':   14  [11,42]
  'scheduling_resource_windows_lns':    6   [8,37]
       'scheduling_time_window_lns':    6   [5,15]

Objective bounds     Num
  'initial_domain':    1

Solution repositories    Added  Queried  Synchro
    'alternative_path':      1       17        1
      'best_solutions':    241      856      174
   'fj solution hints':     31        0       31
        'lp solutions':    104       80       67
                'pump':      0        0

Improving bounds shared      Num  Sym
                 'fixed':  1'904    0
                 'no_lp':  1'143    0
         'quick_restart':  1'523    0
         'reduced_costs':    809    0

Clauses shared        #Exported  #Imported  #BinaryRead  #BinaryTotal
       'default_lp':          0          0           54         1'264
            'fixed':        226          2        1'264         1'264
  'fs_random_no_lp':          0          0            0         1'264
           'max_lp':          0          2          153         1'264
            'no_lp':        710          1        1'244         1'264
    'quick_restart':        311          1        1'264         1'264
    'reduced_costs':         21          2        1'264         1'264

LRAT_status: NA
CpSolverResponse summary:
status: OPTIMAL
objective: 215792
best_bound: 215792
integers: 11576
booleans: 11254
conflicts: 51
branches: 80478
propagations: 340493
integer_propagations: 3014953
restarts: 1
lp_iterations: 0
walltime: 180.851
usertime: 180.851
deterministic_time: 312.69
gap_integral: 1414.16
solution_fingerprint: 0xb855ec46935b8798

cpsat status=OPTIMAL wall=180.9s
  cpsat: status=OPTIMAL objective=215.79 ms bound=215.79 ms wall=180.9s
  Makespan: 215.79 ms
  Periodic 'yolov8_nano_64x96': the schedule runs to 216 ms, which would take 7 instances, but the workload asks for 6 — keeping 6
  Periodic 'yolov8_nano_64x96': period=33ms current=6 needed=6
  Periodic 'fused_full': the schedule runs to 216 ms, which would take 7 instances, but the workload asks for 6 — keeping 6
  Periodic 'fused_full': period=33ms current=6 needed=6
  Periodic 'mlp_control': the schedule runs to 216 ms, which would take 22 instances, but the workload asks for 20 — keeping 20
  Periodic 'mlp_control': period=10ms current=20 needed=20
  All periodic counts cover makespan — converged.

Final greedy makespan: 215.79 ms (after 1 iteration)
  cpsat: makespan=215.79 ms (all ops 215.79 ms), periodic window misses=0, converged

Scheduling completed!
Makespan (all operations): 215.79 ms

Combination assignments:
  1xCPU_P: 293 operations
  1xCPU_P: 293 operations
  1xCPU_P: 293 operations
  1xCPU_P: 293 operations
  2xCPU_P: 75 operations
  2xCPU_P: 75 operations
  4xCPU_P: 29 operations
  1xCPU_E: 298 operations
  1xCPU_E: 298 operations
  1xCPU_E: 298 operations
  1xCPU_E: 298 operations
  2xCPU_E: 87 operations
  2xCPU_E: 87 operations
  4xCPU_E: 36 operations

Per-network combination assignments:
  Yolov8_nano_64x960: 1xCPU_P=36, 1xCPU_P=36, 1xCPU_P=36, 1xCPU_P=36, 2xCPU_P=13, 2xCPU_P=13, 4xCPU_P=5, 1xCPU_E=27, 1xCPU_E=27, 1xCPU_E=27, 1xCPU_E=27, 2xCPU_E=13, 2xCPU_E=13, 4xCPU_E=4
  Fused_full0: 1xCPU_P=10, 1xCPU_P=10, 1xCPU_P=10, 1xCPU_P=10, 1xCPU_E=5, 1xCPU_E=5, 1xCPU_E=5, 1xCPU_E=5
  Mlp_control0: 1xCPU_P=3, 1xCPU_P=3, 1xCPU_P=3, 1xCPU_P=3, 1xCPU_E=4, 1xCPU_E=4, 1xCPU_E=4, 1xCPU_E=4
  Yolov8_nano_64x961: 1xCPU_P=29, 1xCPU_P=29, 1xCPU_P=29, 1xCPU_P=29, 2xCPU_P=8, 2xCPU_P=8, 4xCPU_P=1, 1xCPU_E=31, 1xCPU_E=31, 1xCPU_E=31, 1xCPU_E=31, 2xCPU_E=23, 2xCPU_E=23, 4xCPU_E=6
  Yolov8_nano_64x962: 1xCPU_P=37, 1xCPU_P=37, 1xCPU_P=37, 1xCPU_P=37, 2xCPU_P=11, 2xCPU_P=11, 4xCPU_P=3, 1xCPU_E=33, 1xCPU_E=33, 1xCPU_E=33, 1xCPU_E=33, 2xCPU_E=11, 2xCPU_E=11, 4xCPU_E=3
  Yolov8_nano_64x963: 1xCPU_P=35, 1xCPU_P=35, 1xCPU_P=35, 1xCPU_P=35, 2xCPU_P=11, 2xCPU_P=11, 4xCPU_P=1, 1xCPU_E=34, 1xCPU_E=34, 1xCPU_E=34, 1xCPU_E=34, 2xCPU_E=11, 2xCPU_E=11, 4xCPU_E=6
  Yolov8_nano_64x964: 1xCPU_P=37, 1xCPU_P=37, 1xCPU_P=37, 1xCPU_P=37, 2xCPU_P=17, 2xCPU_P=17, 4xCPU_P=1, 1xCPU_E=25, 1xCPU_E=25, 1xCPU_E=25, 1xCPU_E=25, 2xCPU_E=14, 2xCPU_E=14, 4xCPU_E=4
  Yolov8_nano_64x965: 1xCPU_P=15, 1xCPU_P=15, 1xCPU_P=15, 1xCPU_P=15, 2xCPU_P=15, 2xCPU_P=15, 4xCPU_P=18, 1xCPU_E=22, 1xCPU_E=22, 1xCPU_E=22, 1xCPU_E=22, 2xCPU_E=15, 2xCPU_E=15, 4xCPU_E=13
  Fused_full1: 1xCPU_P=7, 1xCPU_P=7, 1xCPU_P=7, 1xCPU_P=7, 1xCPU_E=8, 1xCPU_E=8, 1xCPU_E=8, 1xCPU_E=8
  Fused_full2: 1xCPU_P=10, 1xCPU_P=10, 1xCPU_P=10, 1xCPU_P=10, 1xCPU_E=5, 1xCPU_E=5, 1xCPU_E=5, 1xCPU_E=5
  Fused_full3: 1xCPU_P=3, 1xCPU_P=3, 1xCPU_P=3, 1xCPU_P=3, 1xCPU_E=12, 1xCPU_E=12, 1xCPU_E=12, 1xCPU_E=12
  Fused_full4: 1xCPU_P=7, 1xCPU_P=7, 1xCPU_P=7, 1xCPU_P=7, 1xCPU_E=8, 1xCPU_E=8, 1xCPU_E=8, 1xCPU_E=8
  Fused_full5: 1xCPU_P=11, 1xCPU_P=11, 1xCPU_P=11, 1xCPU_P=11, 1xCPU_E=4, 1xCPU_E=4, 1xCPU_E=4, 1xCPU_E=4
  Mlp_control1: 1xCPU_P=6, 1xCPU_P=6, 1xCPU_P=6, 1xCPU_P=6, 1xCPU_E=1, 1xCPU_E=1, 1xCPU_E=1, 1xCPU_E=1
  Mlp_control2: 1xCPU_P=2, 1xCPU_P=2, 1xCPU_P=2, 1xCPU_P=2, 1xCPU_E=5, 1xCPU_E=5, 1xCPU_E=5, 1xCPU_E=5
  Mlp_control3: 1xCPU_P=4, 1xCPU_P=4, 1xCPU_P=4, 1xCPU_P=4, 1xCPU_E=3, 1xCPU_E=3, 1xCPU_E=3, 1xCPU_E=3
  Mlp_control4: 1xCPU_E=7, 1xCPU_E=7, 1xCPU_E=7, 1xCPU_E=7
  Mlp_control5: 1xCPU_E=7, 1xCPU_E=7, 1xCPU_E=7, 1xCPU_E=7
  Mlp_control6: 1xCPU_P=5, 1xCPU_P=5, 1xCPU_P=5, 1xCPU_P=5, 1xCPU_E=2, 1xCPU_E=2, 1xCPU_E=2, 1xCPU_E=2
  Mlp_control7: 1xCPU_P=3, 1xCPU_P=3, 1xCPU_P=3, 1xCPU_P=3, 1xCPU_E=4, 1xCPU_E=4, 1xCPU_E=4, 1xCPU_E=4
  Mlp_control8: 1xCPU_P=5, 1xCPU_P=5, 1xCPU_P=5, 1xCPU_P=5, 1xCPU_E=2, 1xCPU_E=2, 1xCPU_E=2, 1xCPU_E=2
  Mlp_control9: 1xCPU_P=4, 1xCPU_P=4, 1xCPU_P=4, 1xCPU_P=4, 1xCPU_E=3, 1xCPU_E=3, 1xCPU_E=3, 1xCPU_E=3
  Mlp_control10: 1xCPU_P=3, 1xCPU_P=3, 1xCPU_P=3, 1xCPU_P=3, 1xCPU_E=4, 1xCPU_E=4, 1xCPU_E=4, 1xCPU_E=4
  Mlp_control11: 1xCPU_P=1, 1xCPU_P=1, 1xCPU_P=1, 1xCPU_P=1, 1xCPU_E=6, 1xCPU_E=6, 1xCPU_E=6, 1xCPU_E=6
  Mlp_control12: 1xCPU_P=3, 1xCPU_P=3, 1xCPU_P=3, 1xCPU_P=3, 1xCPU_E=4, 1xCPU_E=4, 1xCPU_E=4, 1xCPU_E=4
  Mlp_control13: 1xCPU_P=4, 1xCPU_P=4, 1xCPU_P=4, 1xCPU_P=4, 1xCPU_E=3, 1xCPU_E=3, 1xCPU_E=3, 1xCPU_E=3
  Mlp_control14: 1xCPU_P=1, 1xCPU_P=1, 1xCPU_P=1, 1xCPU_P=1, 1xCPU_E=6, 1xCPU_E=6, 1xCPU_E=6, 1xCPU_E=6
  Mlp_control15: 1xCPU_P=1, 1xCPU_P=1, 1xCPU_P=1, 1xCPU_P=1, 1xCPU_E=6, 1xCPU_E=6, 1xCPU_E=6, 1xCPU_E=6
  Mlp_control16: 1xCPU_P=4, 1xCPU_P=4, 1xCPU_P=4, 1xCPU_P=4, 1xCPU_E=3, 1xCPU_E=3, 1xCPU_E=3, 1xCPU_E=3
  Mlp_control17: 1xCPU_P=3, 1xCPU_P=3, 1xCPU_P=3, 1xCPU_P=3, 1xCPU_E=4, 1xCPU_E=4, 1xCPU_E=4, 1xCPU_E=4
  Mlp_control18: 1xCPU_P=2, 1xCPU_P=2, 1xCPU_P=2, 1xCPU_P=2, 1xCPU_E=5, 1xCPU_E=5, 1xCPU_E=5, 1xCPU_E=5
  Mlp_control19: 1xCPU_P=2, 1xCPU_P=2, 1xCPU_P=2, 1xCPU_P=2, 1xCPU_E=5, 1xCPU_E=5, 1xCPU_E=5, 1xCPU_E=5
Job 'yolov8_nano_64x960' (job_id=0, color_index=0) -> color RGB=[0.98745098 0.54117647 0.41568627]
DEBUG TRANSFER: alpha_shape=(818, 14), num_actual_machines=8, len(machines)=8, alpha_cols=14, is_using_combos=True, prev_machine=0, machine=13, transfer_times_shape=(8, 8), machine_combinations=True
DEBUG IMMEDIATE: op=62, job_id=0, lookup=0, op_color_index=0, base_colors[0]=(np.float64(0.9874509803921568), np.float64(0.5411764705882353), np.float64(0.41568627450980394))
DEBUG AFTER MODULO: op=62, original=0, after_modulo=0, len(base_colors)=32
DEBUG BEFORE LEGEND: op=62, op_color_index=0, original=0, job_index=0, legend_key=kind_yolov8_nano_64x, in_legend=True
DEBUG IMMEDIATE: op=63, job_id=0, lookup=0, op_color_index=0, base_colors[0]=(np.float64(0.9874509803921568), np.float64(0.5411764705882353), np.float64(0.41568627450980394))
DEBUG AFTER MODULO: op=63, original=0, after_modulo=0, len(base_colors)=32
DEBUG BEFORE LEGEND: op=63, op_color_index=0, original=0, job_index=0, legend_key=kind_yolov8_nano_64x, in_legend=True
DEBUG IMMEDIATE: op=64, job_id=0, lookup=0, op_color_index=0, base_colors[0]=(np.float64(0.9874509803921568), np.float64(0.5411764705882353), np.float64(0.41568627450980394))
DEBUG AFTER MODULO: op=64, original=0, after_modulo=0, len(base_colors)=32
DEBUG BEFORE LEGEND: op=64, op_color_index=0, original=0, job_index=0, legend_key=kind_yolov8_nano_64x, in_legend=True
Job 'fused_full0' (job_id=1, color_index=1) -> color RGB=[0.59607843 0.8345098  0.57882353]
Job 'mlp_control0' (job_id=2, color_index=2) -> color RGB=[0.71372549 0.71372549 0.84705882]
Saving plot to plots/wh_chain30_solve_h200_cpsat_profiled.png...

Plot saved to plots/wh_chain30_solve_h200_cpsat_profiled.png

Outputting scheduled JSON...
  pdb_hash = sha256:a7f1f6372d908d9a... over 5 CSV(s)

Scheduled JSON saved to: schedules/scheduled_wh_chain30_solve_h200_cpsat_profiled.json
Metrics written to: schedules/scheduled_wh_chain30_solve_h200_cpsat_profiled_metrics.json
  makespan_us=215.79  op_deadline_miss=0 (dispatches, NOT instances)  cross_dev=674  solver_s=182.053
Scheduler report written to: schedules/scheduled_wh_chain30_solve_h200_cpsat_profiled_report.json
