--board-calibration: loaded /scratch/agustin/xpurt-dev-sync/results/codesign_feedback/k1_board_calibration_yolo110.json (aggregate x1.261)
============================================================
Loading network hierarchy from JSON...
============================================================

Loading networks from: /scratch/agustin/xpurt-dev-sync/data/toplevel/wh_chain45_w2pshort.json

Found 3 networks:
  - yolov8_nano_64x96 (id: 0, identifier: yolov8_nano_64x96)
  - fused_full (id: 1, identifier: fused_full)
  - mlp_control (id: 2, identifier: mlp_control)

Found 2 network-level dependencies:
  - yolov8_nano_64x96 → fused_full
  - fused_full → mlp_control

Resolved runtime configuration:
  Machine core counts: {'CPU_P': 4, 'CPU_E': 4}
  Profile HW mapping: CPU_P->rvv_x60, CPU_E->rvv_x60
  Profile target/topology: target=spacemit_x60, topo_tag=topo_0_1_2_3
  p_core_speedup: 1.0
  random_seed: 42
  solver_verbosity: 0
  time_limit: 600
  use_profiled: True
  prune_periodic: True
  restrict_makespan_to_nonperiodic: False
  cvxpy_solver (milp only): MOSEK
  machine_combination_mode: shard
  enforce_same_processor_combinations: True

Using profiled runtimes where available...
  (warning) 8 dispatch(es) were costed 0.0 because a profile that EXISTS has no row for them. Either they are ops the codegen drops (the yolo chunk2_c1 case) or the CSV is short and unmeasured work is being scheduled as instantaneous.
  - yolov8_nano_64x96/dispatch_3(id=3) costed 0.0 (first seen on rvv_x60/topo_0): no row in an otherwise-present profile; op not knowable from the profile
  - yolov8_nano_64x96/dispatch_11(id=11) costed 0.0 (first seen on rvv_x60/topo_0): no row in an otherwise-present profile; op not knowable from the profile
  - yolov8_nano_64x96/dispatch_22(id=22) costed 0.0 (first seen on rvv_x60/topo_0): no row in an otherwise-present profile; op not knowable from the profile
  - yolov8_nano_64x96/dispatch_33(id=33) costed 0.0 (first seen on rvv_x60/topo_0): no row in an otherwise-present profile; op not knowable from the profile
  - yolov8_nano_64x96/dispatch_48(id=48) costed 0.0 (first seen on rvv_x60/topo_0): no row in an otherwise-present profile; op not knowable from the profile
  - yolov8_nano_64x96/dispatch_56(id=56) costed 0.0 (first seen on rvv_x60/topo_0): no row in an otherwise-present profile; op not knowable from the profile
  - yolov8_nano_64x96/dispatch_64(id=64) costed 0.0 (first seen on rvv_x60/topo_0): no row in an otherwise-present profile; op not knowable from the profile
  - yolov8_nano_64x96/dispatch_72(id=72) costed 0.0 (first seen on rvv_x60/topo_0): no row in an otherwise-present profile; op not knowable from the profile
  (warning) set XPURT_STRICT_ZERO_COST=1 to make this fatal
  Workload declares horizon 1000 ms and 3 explicit periodic instance counts; those counts are used as given. Networks without one are still sized by the refinement loop below.

--- cpsat iteration 1 ---
  stateful: chained 14 instance edge(s) for ['fused_full']
  Total operations: 1926
  Job names: ['yolov8_nano_64x960', 'fused_full0', 'mlp_control0', 'yolov8_nano_64x961', 'yolov8_nano_64x962', 'yolov8_nano_64x963', 'yolov8_nano_64x964', 'yolov8_nano_64x965', 'yolov8_nano_64x966', 'yolov8_nano_64x967', 'yolov8_nano_64x968', 'yolov8_nano_64x969', 'yolov8_nano_64x9610', 'yolov8_nano_64x9611', 'yolov8_nano_64x9612', 'yolov8_nano_64x9613', 'yolov8_nano_64x9614', 'fused_full1', 'fused_full2', 'fused_full3', 'fused_full4', 'fused_full5', 'fused_full6', 'fused_full7', 'fused_full8', 'fused_full9', 'fused_full10', 'fused_full11', 'fused_full12', 'fused_full13', 'fused_full14', 'mlp_control1', 'mlp_control2', 'mlp_control3', 'mlp_control4', 'mlp_control5', 'mlp_control6', 'mlp_control7', 'mlp_control8', 'mlp_control9', 'mlp_control10', 'mlp_control11', 'mlp_control12', 'mlp_control13', 'mlp_control14', 'mlp_control15', 'mlp_control16', 'mlp_control17', 'mlp_control18', 'mlp_control19', 'mlp_control20', 'mlp_control21', 'mlp_control22', 'mlp_control23', 'mlp_control24', 'mlp_control25', 'mlp_control26', 'mlp_control27', 'mlp_control28', 'mlp_control29', 'mlp_control30', 'mlp_control31', 'mlp_control32']

Starting CP-SAT solver v9.15.6755
Parameters: random_seed: 0 max_time_in_seconds: 1800 log_search_progress: true num_search_workers: 8

Initial optimization model '': (model_fingerprint: 0x13024490bb52b800)
#Variables: 32'743 (#ints: 1 in objective) (28'770 primary variables)
  - 26'964 Booleans in [0,1]
  - 1'699 different domains in [0,45600001000771] with a largest complexity of 1.
#kExactlyOne: 1'926 (#literals: 26'964)
#kInterval: 26'964 (#enforced: 26'964)
#kLinMax: 1 (#expressions: 1'926)
#kLinear1: 29'011 (#enforced: 26'964)
#kLinear2: 473'904 (#enforced: 469'616 #multi: 469'616)
#kLinear3: 1'926
#kLinearN: 1'814 (#terms: 70'442)
#kNoOverlap: 8 (#intervals: 46'224, #optional: 46'224, #variable_sizes: 46'224)

Starting presolve at 0.17s
  3.26e-02s  0.00e+00d  [DetectDominanceRelations] 
  1.25e+00s  0.00e+00d  [PresolveToFixPoint] #num_loops=4 #num_dual_strengthening=1 
  3.60e-02s  0.00e+00d  [ExtractEncodingFromLinear] #potential_supersets=1'926 #potential_subsets=1'806 #exo_encodings=1'806 #multiple_terms=3'615 #literals=22'548 
  9.03e-03s  0.00e+00d  [DetectDuplicateColumns] 
  2.01e-02s  0.00e+00d  [DetectDuplicateConstraints] 
[Symmetry] Graph for symmetry has 220'822 nodes and 512'353 arcs.
[Symmetry] Symmetry computation done. time: 0.325193 dtime: 0.164423
[Symmetry] #generators: 4, average support size: 10644
[Symmetry] 4866 orbits on 24228 variables with sizes: 8,8,8,8,8,8,8,8,8,8,...
[Symmetry] Num fixable by binary propagation in orbit: 7 / 8
[Symmetry] Num fixable by intersecting at_most_one with orbits: 11 largest_orbit: 8
[Symmetry] Found orbitope of size 1926 x 2
[SAT presolve] num removable Booleans: 0 / 30'840
[SAT presolve] num trivial clauses: 0
[SAT presolve] [0s] clauses:21'664 literals:57'762 vars:21'409 one_side_vars:0 simple_definition:21'154 singleton_clauses:0
[SAT presolve] [0.00411706s] clauses:21'664 literals:57'762 vars:21'409 one_side_vars:0 simple_definition:21'154 singleton_clauses:0
[SAT presolve] [0.00517967s] clauses:21'664 literals:57'762 vars:21'409 one_side_vars:0 simple_definition:21'154 singleton_clauses:0
  5.01e-02s  0.00e+00d  [DetectDuplicateConstraintsWithDifferentEnforcements] #without_enforcements=69'107 
  6.41e+01s  9.92e-01d  [Probe] #probed=59'804 #new_bounds=3'732 #equiv=3 #new_binary_clauses=510 
  1.74e-02s  7.71e-03d  [MaxClique] Merged 18'568 constraints with 40'592 literals into 4'134 constraints with 26'158 literals
  2.81e-02s  0.00e+00d  [DetectDominanceRelations] 
  2.12e-01s  0.00e+00d  [PresolveToFixPoint] #num_loops=3 #num_dual_strengthening=1 
  3.35e-02s  0.00e+00d  [ProcessAtMostOneAndLinear] 
  2.12e-02s  0.00e+00d  [DetectDuplicateConstraints] #duplicates=519 
  2.33e-02s  0.00e+00d  [DetectDuplicateConstraintsWithDifferentEnforcements] #without_enforcements=22'291 
  1.05e-02s  1.57e-04d  [DetectDominatedLinearConstraints] #relevant_constraints=3'909 
  7.30e-03s  0.00e+00d  [DetectDifferentVariables] 
  2.25e-02s  4.04e-04d  [ProcessSetPPC] #relevant_constraints=9'674 #num_inclusions=4'129 
  1.03e-02s  0.00e+00d  [TransformClausesToExactlyOne] #num_amos=18'046 
  8.90e-03s  0.00e+00d  [DetectEncodedComplexDomains] 
  8.28e-03s  0.00e+00d  [FindAlmostIdenticalLinearConstraints] 
  2.84e-01s  1.00e+00d *[FindBigAtMostOneAndLinearOverlap] 
  5.85e-02s  8.13e-01d  [FindBigVerticalLinearOverlap] 
  1.51e-02s  4.50e-04d  [FindBigHorizontalLinearOverlap] #blocks=4 #saved_nz=10'785 #linears=8 
  5.77e-03s  0.00e+00d  [MergeClauses] 
  2.60e-02s  0.00e+00d  [DetectDominanceRelations] 
  1.18e-01s  0.00e+00d  [PresolveToFixPoint] #num_loops=2 #num_dual_strengthening=1 
  2.52e-02s  0.00e+00d  [DetectDominanceRelations] 
  1.14e-01s  0.00e+00d  [PresolveToFixPoint] #num_loops=1 #num_dual_strengthening=1 
  6.42e-03s  0.00e+00d  [DetectDuplicateColumns] 
  1.52e-02s  0.00e+00d  [DetectDuplicateConstraints] 
[Symmetry] Graph for symmetry has 165'532 nodes and 340'906 arcs.
[Symmetry] Symmetry computation done. time: 0.0979484 dtime: 0.0820135
[Symmetry] #generators: 3, average support size: 6113.33
[Symmetry] 5320 orbits on 14490 variables with sizes: 4,4,4,4,4,4,4,4,4,4,...
[Symmetry] Num fixable by binary propagation in orbit: 3 / 4
[Symmetry] Num fixable by intersecting at_most_one with orbits: 5 largest_orbit: 4
[Symmetry] Found orbitope of size 1925 x 2
[SAT presolve] num removable Booleans: 0 / 27'574
[SAT presolve] num trivial clauses: 0
[SAT presolve] [0s] clauses:18'041 literals:36'082 vars:21'398 one_side_vars:21143 simple_definition:0 singleton_clauses:0
[SAT presolve] [0.00172978s] clauses:18'041 literals:36'082 vars:21'398 one_side_vars:21143 simple_definition:0 singleton_clauses:0
[SAT presolve] [0.0026068s] clauses:18'041 literals:36'082 vars:21'398 one_side_vars:21143 simple_definition:0 singleton_clauses:0
  2.11e-02s  0.00e+00d  [DetectDuplicateConstraintsWithDifferentEnforcements] #without_enforcements=22'291 
  5.73e+01s  5.89e-01d  [Probe] #probed=55'144 
  1.93e-02s  8.93e-03d  [MaxClique] Merged 18'041 constraints with 36'082 literals into 3'612 constraints with 21'653 literals
  2.37e-02s  0.00e+00d  [DetectDominanceRelations] 
  1.06e-01s  0.00e+00d  [PresolveToFixPoint] #num_loops=1 #num_dual_strengthening=1 
  2.62e-02s  0.00e+00d  [ProcessAtMostOneAndLinear] 
  1.57e-02s  0.00e+00d  [DetectDuplicateConstraints] 
  2.05e-02s  0.00e+00d  [DetectDuplicateConstraintsWithDifferentEnforcements] #without_enforcements=22'286 
  1.02e-02s  1.10e-04d  [DetectDominatedLinearConstraints] #relevant_constraints=3'913 
  7.35e-03s  0.00e+00d  [DetectDifferentVariables] 
  1.86e-02s  3.49e-04d  [ProcessSetPPC] #relevant_constraints=9'162 #num_inclusions=3'612 
  7.87e-03s  0.00e+00d  [TransformClausesToExactlyOne] 
  8.81e-03s  0.00e+00d  [DetectEncodedComplexDomains] 
  6.39e-03s  0.00e+00d  [FindAlmostIdenticalLinearConstraints] 
  1.71e-01s  5.60e-01d  [FindBigAtMostOneAndLinearOverlap] 
  2.40e-02s  2.77e-01d  [FindBigVerticalLinearOverlap] 
  8.85e-03s  8.03e-04d  [FindBigHorizontalLinearOverlap] #blocks=2 #saved_nz=2'694 #linears=12 
  5.40e-03s  0.00e+00d  [MergeClauses] 
  2.54e-02s  0.00e+00d  [DetectDominanceRelations] 
  1.12e-01s  0.00e+00d  [PresolveToFixPoint] #num_loops=2 #num_dual_strengthening=1 
  2.49e-02s  0.00e+00d  [DetectDominanceRelations] 
  1.13e-01s  0.00e+00d  [PresolveToFixPoint] #num_loops=1 #num_dual_strengthening=1 
  6.81e-03s  0.00e+00d  [DetectDuplicateColumns] 
  1.49e-02s  0.00e+00d  [DetectDuplicateConstraints] 
[Symmetry] Graph for symmetry has 126'074 nodes and 262'622 arcs.
[Symmetry] Symmetry computation done. time: 0.0286867 dtime: 0.0444859
[Symmetry] #generators: 1, average support size: 3848
[Symmetry] 1924 orbits on 3848 variables with sizes: 2,2,2,2,2,2,2,2,2,2,...
[Symmetry] Num fixable by intersecting at_most_one with orbits: 1 largest_orbit: 2
  2.12e-02s  0.00e+00d  [DetectDuplicateConstraintsWithDifferentEnforcements] #without_enforcements=22'286 
  5.76e+01s  5.79e-01d  [Probe] #probed=55'142 
  4.56e-03s  0.00e+00d  [MaxClique] 
  2.69e-02s  0.00e+00d  [DetectDominanceRelations] 
  1.13e-01s  0.00e+00d  [PresolveToFixPoint] #num_loops=1 #num_dual_strengthening=1 
  2.44e-02s  0.00e+00d  [ProcessAtMostOneAndLinear] 
  1.54e-02s  0.00e+00d  [DetectDuplicateConstraints] 
  2.06e-02s  0.00e+00d  [DetectDuplicateConstraintsWithDifferentEnforcements] #without_enforcements=22'285 
  1.02e-02s  1.00e-04d  [DetectDominatedLinearConstraints] #relevant_constraints=3'915 
  6.71e-03s  0.00e+00d  [DetectDifferentVariables] 
  1.07e-02s  2.10e-04d  [ProcessSetPPC] #relevant_constraints=5'552 
  8.28e-03s  0.00e+00d  [TransformClausesToExactlyOne] 
  1.04e-02s  0.00e+00d  [DetectEncodedComplexDomains] 
  7.21e-03s  0.00e+00d  [FindAlmostIdenticalLinearConstraints] 
  1.35e-01s  3.78e-01d  [FindBigAtMostOneAndLinearOverlap] 
  2.10e-02s  1.86e-01d  [FindBigVerticalLinearOverlap] 
  7.90e-03s  1.58e-03d  [FindBigHorizontalLinearOverlap] #linears=14 
  5.49e-03s  0.00e+00d  [MergeClauses] 
  2.77e-02s  0.00e+00d  [DetectDominanceRelations] 
  1.19e-01s  0.00e+00d  [PresolveToFixPoint] #num_loops=1 #num_dual_strengthening=1 
  1.10e-01s  0.00e+00d  [MergeNoOverlap] 
  7.10e-03s  0.00e+00d  [MergeNoOverlap2D] 
  3.92e-02s  0.00e+00d  [ExpandObjective] #entries=440'399 #tight_variables=48'452 #tight_constraints=6'834 

Presolve summary:
  - 1845 affine relations were detected.
  - rule 'TODO dual: only one blocking constraint?' was applied 28 times.
  - rule 'TODO duplicate: skipped identical encoding constraints' was applied 3'108 times.
  - rule 'TODO interval: same interval with different enforcement?' was applied 136'476 times.
  - rule 'affine: new relation' was applied 1'845 times.
  - rule 'at_most_one: transformed into max clique' was applied 2 times.
  - rule 'deductions: 43479 stored' was applied 1 time.
  - rule 'duplicate: removed constraint' was applied 519 times.
  - rule 'duplicate: removed enforced constraint' was applied 22'537 times.
  - rule 'encoding: candidate linear is all boolean now' was applied 516 times.
  - rule 'encoding: extracted from linear' was applied 1'806 times.
  - rule 'encoding: reduced target domain' was applied 1'806 times.
  - rule 'enforcement: false literal' was applied 78'831 times.
  - rule 'exactly_one: removed literals' was applied 462 times.
  - rule 'intervals: removed unused interval' was applied 2'753 times.
  - rule 'lin_max: removed exprs' was applied 1 time.
  - rule 'lin_max: target domain reduced' was applied 1 time.
  - rule 'linear matrix: common horizontal rectangle' was applied 6 times.
  - rule 'linear1: transformed to implication' was applied 14'476 times.
  - rule 'linear1: x in domain' was applied 2'047 times.
  - rule 'linear2: already known enforced relation' was applied 399'604 times.
  - rule 'linear: always true' was applied 6'577 times.
  - rule 'linear: divide by GCD' was applied 12'249 times.
  - rule 'linear: empty' was applied 7'848 times.
  - rule 'linear: extracted at most one (max)' was applied 516 times.
  - rule 'linear: fixed or dup variables' was applied 13'845 times.
  - rule 'linear: positive equal one' was applied 516 times.
  - rule 'linear: reduced variable domains' was applied 4'162 times.
  - rule 'linear: remapped using affine relations' was applied 102'534 times.
  - rule 'linear: simplified rhs' was applied 8'835 times.
  - rule 'new_bool: integer encoding' was applied 3'360 times.
  - rule 'no_overlap: removed absent intervals' was applied 20 times.
  - rule 'presolve: 3389 unused variables removed.' was applied 1 time.
  - rule 'presolve: iteration' was applied 3 times.
  - rule 'setppc: bool_or in at_most_one' was applied 7'740 times.
  - rule 'setppc: exactly_one included in linear' was applied 1 time.
  - rule 'setppc: reduced linear coefficients' was applied 1 time.
  - rule 'symmetry: fixed to false in general orbit' was applied 17 times.
  - rule 'variables with 2 values: new affine relation' was applied 255 times.
  - rule 'variables with 2 values: register other encoding' was applied 255 times.
  - rule 'variables: add encoding constraint' was applied 3'105 times.
  - rule 'variables: canonicalize affine domain' was applied 951 times.
  - rule 'variables: detect fully reified value encoding' was applied 810 times.
  - rule 'variables: detect half reified value encoding' was applied 33'702 times.
  - rule 'variables: detected fully encoded domain' was applied 3 times.

Presolved optimization model '': (model_fingerprint: 0x2649c4a2b88e34c2)
#Variables: 31'826 (#ints: 1 in objective) (26'281 primary variables)
  - 27'568 Booleans in [0,1]
  - 1'938 different domains in [-388888,388888] with a largest complexity of 3.
#kExactlyOne: 5'538 (#literals: 45'863)
#kInterval: 24'211 (#enforced: 24'211)
#kLinMax: 1 (#expressions: 143)
#kLinear1: 6'210 (#enforced: 6'210)
#kLinear2: 2'611
#kLinear3: 1'290
#kLinearN: 14 (#terms: 22'553)
#kNoOverlap: 8 (#intervals: 38'904, #optional: 38'904, #variable_sizes: 30'936)
[Symmetry] Graph for symmetry has 120'837 nodes and 262'612 arcs.
[Symmetry] Symmetry computation done. time: 0.020942 dtime: 0.04039

Preloading model.
#Bound 184.52s best:inf   next:[336222,388888] initial_domain
#Model 184.56s var:31826/31826 constraints:39883/39883

Starting search at 184.57s with 8 workers.
6 full problem subsolvers: [default_lp, fixed, max_lp, no_lp, quick_restart, reduced_costs]
2 first solution subsolvers: [fj, fs_random_no_lp]
13 interleaved subsolvers: [feasibility_pump, graph_arc_lns, graph_cst_lns, graph_dec_lns, graph_var_lns, ls, rins/rens, rnd_cst_lns, rnd_var_lns, scheduling_intervals_lns, scheduling_precedences_lns, scheduling_resource_windows_lns, scheduling_time_window_lns]
3 helper subsolvers: [neighborhood_helper, synchronization_agent, update_gap_integral]

#Bound 248.73s best:inf   next:[336223,388888] reduced_costs
#1     338.55s best:358314 next:[336223,358313] fixed
#2     361.52s best:358313 next:[336223,358312] rnd_var_lns (d=7.07e-01 s=555 t=0.10 p=1.00 stall=1 h=base)
#3     361.55s best:358312 next:[336223,358311] ls_restart(batch:1 lin{mvs:27 evals:33'052} #w_updates:33 #perturb:0)
#4     361.57s best:358311 next:[336223,358310] ls_restart(batch:1 lin{mvs:23 evals:31'053} #w_updates:17 #perturb:0)
#5     362.49s best:357696 next:[336223,357695] scheduling_resource_windows_lns (d=8.14e-01 s=558 t=0.10 p=1.00 stall=0 h=base)
#6     378.46s best:357430 next:[336223,357429] scheduling_time_window_lns (d=9.56e-01 s=625 t=0.10 p=1.00 stall=4 h=base)
#7     395.50s best:357429 next:[336223,357428] graph_cst_lns (d=3.00e-01 s=677 t=0.10 p=0.47 stall=0 h=base)
#8     395.60s best:357428 next:[336223,357427] ls_restart(batch:1 lin{mvs:27 evals:31'474} #w_updates:33 #perturb:0)
#9     395.64s best:357427 next:[336223,357426] ls_restart_perturb(batch:1 lin{mvs:27 evals:31'098} #w_updates:25 #perturb:0)
#10    396.14s best:357426 next:[336223,357425] ls_restart(batch:1 lin{mvs:29 evals:29'590} #w_updates:21 #perturb:0)
#11    396.60s best:357247 next:[336223,357246] scheduling_resource_windows_lns (d=9.86e-01 s=678 t=0.10 p=1.00 stall=0 h=base)
#12    402.75s best:357246 next:[336223,357245] ls_restart_decay_perturb(batch:2 lin{mvs:35 evals:28'074} gen{mvs:1 evals:9'625} #w_updates:31 #perturb:0)
#13    402.80s best:357245 next:[336223,357244] ls_restart_decay(batch:1 lin{mvs:33 evals:26'319} #w_updates:31 #perturb:0)
#14    403.05s best:357244 next:[336223,357243] ls_restart_decay(batch:1 lin{mvs:47 evals:36'422} #w_updates:32 #perturb:0)
#15    403.63s best:357243 next:[336223,357242] ls_restart_decay(batch:1 lin{mvs:43 evals:28'407} #w_updates:32 #perturb:0)
#16    406.07s best:357017 next:[336223,357016] scheduling_intervals_lns (d=8.55e-02 s=731 t=0.10 p=0.00 stall=1 h=base)
#17    415.41s best:356990 next:[336223,356989] graph_var_lns (d=5.42e-01 s=744 t=0.10 p=0.50 stall=2 h=base)
#18    417.78s best:356559 next:[336223,356558] scheduling_time_window_lns (d=9.93e-01 s=754 t=0.10 p=1.00 stall=3 h=base)
#19    426.21s best:350118 next:[336223,350117] max_lp
#20    427.80s best:350043 next:[336223,350042] rnd_cst_lns (d=3.42e-01 s=796 t=0.10 p=0.48 stall=0 h=base)
#21    432.43s best:350035 next:[336223,350034] scheduling_resource_windows_lns (d=9.97e-01 s=803 t=0.10 p=1.00 stall=6 h=base)
#22    439.59s best:349714 next:[336223,349713] scheduling_time_window_lns (d=9.97e-01 s=823 t=0.10 p=1.00 stall=2 h=base)
#23    443.63s best:349699 next:[336223,349698] graph_var_lns (d=4.01e-01 s=827 t=0.10 p=0.43 stall=0 h=base)
#24    444.62s best:349446 next:[336223,349445] rnd_cst_lns (d=2.89e-01 s=842 t=0.10 p=0.47 stall=2 h=base)
#25    448.48s best:349445 next:[336223,349444] ls_restart_decay(batch:1 lin{mvs:23 evals:23'889} #w_updates:23 #perturb:0)
#26    448.50s best:349444 next:[336223,349443] ls_restart_decay_perturb(batch:1 lin{mvs:23 evals:21'412} #w_updates:16 #perturb:0)
#27    448.53s best:349443 next:[336223,349442] ls_restart_perturb(batch:1 lin{mvs:23 evals:31'061} #w_updates:31 #perturb:0)
#28    449.06s best:349442 next:[336223,349441] ls_restart(batch:1 lin{mvs:23 evals:29'150} #w_updates:31 #perturb:0)
#29    449.12s best:349441 next:[336223,349440] ls_restart(batch:1 lin{mvs:31 evals:38'357} #w_updates:31 #perturb:0)
#30    449.21s best:349440 next:[336223,349439] ls_restart_decay(batch:1 lin{mvs:23 evals:26'476} #w_updates:23 #perturb:0)
#31    449.27s best:349439 next:[336223,349438] ls_restart_decay_perturb(batch:1 lin{mvs:23 evals:28'696} #w_updates:23 #perturb:0)
#32    449.29s best:349438 next:[336223,349437] ls_restart(batch:1 lin{mvs:23 evals:28'534} #w_updates:31 #perturb:0)
#33    449.63s best:349437 next:[336223,349436] ls_restart_perturb(batch:1 lin{mvs:23 evals:29'787} #w_updates:31 #perturb:0)
#34    449.73s best:349436 next:[336223,349435] ls_restart(batch:1 lin{mvs:25 evals:30'542} #w_updates:31 #perturb:0)
#35    449.76s best:349435 next:[336223,349434] ls_restart(batch:1 lin{mvs:23 evals:30'001} #w_updates:27 #perturb:0)
#36    450.26s best:349433 next:[336223,349432] graph_var_lns (d=3.01e-01 s=885 t=0.10 p=0.38 stall=0 h=base)
#37    450.29s best:349432 next:[336223,349431] ls_restart(batch:1 lin{mvs:23 evals:26'904} #w_updates:20 #perturb:0)
#38    450.32s best:349431 next:[336223,349430] ls_restart_perturb(batch:1 lin{mvs:23 evals:25'665} #w_updates:27 #perturb:0)
#39    450.35s best:349430 next:[336223,349429] ls_restart(batch:1 lin{mvs:27 evals:31'629} #w_updates:31 #perturb:0)
#40    451.35s best:349429 next:[336223,349428] ls_restart_perturb(batch:1 lin{mvs:23 evals:27'277} #w_updates:19 #perturb:0)
#41    451.60s best:349428 next:[336223,349427] ls_restart_decay_perturb(batch:1 lin{mvs:31 evals:31'582} #w_updates:23 #perturb:0)
#42    453.55s best:349427 next:[336223,349426] ls_restart(batch:1 lin{mvs:25 evals:33'126} #w_updates:31 #perturb:0)
#43    454.15s best:349426 next:[336223,349425] ls_restart_decay(batch:1 lin{mvs:27 evals:27'732} #w_updates:16 #perturb:0)
#44    456.74s best:349408 next:[336223,349407] graph_var_lns (d=3.96e-01 s=911 t=0.10 p=0.44 stall=0 h=base)
#45    457.47s best:349407 next:[336223,349406] ls_restart_decay_perturb(batch:1 lin{mvs:10 evals:10'329} #w_updates:4 #perturb:0)
#46    469.31s best:349406 next:[336223,349405] rnd_cst_lns (d=3.66e-01 s=969 t=0.10 p=0.50 stall=0 h=base)
#47    471.02s best:349386 next:[336223,349385] graph_var_lns (d=3.04e-01 s=972 t=0.10 p=0.40 stall=0 h=base)
#48    480.97s best:349385 next:[336223,349384] ls_restart_decay(batch:2 lin{mvs:8 evals:9'398} gen{mvs:1 evals:90} #w_updates:3 #perturb:0)
#49    484.57s best:349366 next:[336223,349365] graph_var_lns (d=2.36e-01 s=1007 t=0.10 p=0.36 stall=0 h=base)
#50    512.53s best:349365 next:[336223,349364] graph_cst_lns (d=2.64e-01 s=1063 t=0.10 p=0.49 stall=0 h=base)
#51    514.77s best:349364 next:[336223,349363] ls_restart_decay_perturb(batch:1 lin{mvs:24 evals:26'014} #w_updates:23 #perturb:0)
#52    516.23s best:349363 next:[336223,349362] ls_restart(batch:1 lin{mvs:24 evals:28'843} #w_updates:31 #perturb:0)
#53    516.28s best:349362 next:[336223,349361] ls_restart_decay(batch:1 lin{mvs:24 evals:28'414} #w_updates:23 #perturb:0)
#54    516.67s best:349361 next:[336223,349360] ls_restart_decay_perturb(batch:1 lin{mvs:26 evals:27'675} #w_updates:23 #perturb:0)
#55    517.04s best:349360 next:[336223,349359] ls_restart(batch:1 lin{mvs:28 evals:33'876} #w_updates:31 #perturb:0)
#56    524.72s best:349359 next:[336223,349358] ls_restart_decay(batch:1 lin{mvs:24 evals:24'345} #w_updates:23 #perturb:0)
#57    525.88s best:349358 next:[336223,349357] ls_restart_decay(batch:1 lin{mvs:26 evals:23'091} #w_updates:17 #perturb:0)
#58    528.16s best:349357 next:[336223,349356] ls_restart_decay_perturb(batch:1 lin{mvs:26 evals:24'823} #w_updates:23 #perturb:0)
#59    528.55s best:349356 next:[336223,349355] ls_restart_decay(batch:1 lin{mvs:28 evals:30'571} #w_updates:23 #perturb:0)
#60    531.95s best:349355 next:[336223,349354] ls_restart_decay_perturb(batch:1 lin{mvs:28 evals:29'091} #w_updates:23 #perturb:0)
#61    532.19s best:349354 next:[336223,349353] ls_restart_decay(batch:1 lin{mvs:26 evals:26'508} #w_updates:23 #perturb:0)
#62    532.55s best:349353 next:[336223,349352] ls_restart_decay_perturb(batch:1 lin{mvs:24 evals:26'618} #w_updates:23 #perturb:0)
#63    533.53s best:349352 next:[336223,349351] ls_restart_decay(batch:1 lin{mvs:26 evals:27'709} #w_updates:23 #perturb:0)
#64    536.06s best:349351 next:[336223,349350] ls_restart_perturb(batch:1 lin{mvs:26 evals:27'685} #w_updates:23 #perturb:0)
#65    536.08s best:349350 next:[336223,349349] ls_restart_perturb(batch:1 lin{mvs:24 evals:28'899} #w_updates:31 #perturb:0)
#66    538.46s best:349349 next:[336223,349348] ls_restart_perturb(batch:1 lin{mvs:26 evals:30'720} #w_updates:31 #perturb:0)
#67    539.87s best:349348 next:[336223,349347] ls_restart_decay_perturb(batch:1 lin{mvs:24 evals:26'248} #w_updates:23 #perturb:0)
#68    541.01s best:349347 next:[336223,349346] ls_restart_perturb(batch:1 lin{mvs:28 evals:33'363} #w_updates:31 #perturb:0)
#69    541.16s best:349346 next:[336223,349345] ls_restart_decay(batch:1 lin{mvs:24 evals:27'406} #w_updates:23 #perturb:0)
#70    542.00s best:349345 next:[336223,349344] ls_restart_perturb(batch:1 lin{mvs:24 evals:25'966} #w_updates:21 #perturb:0)
#71    542.03s best:349344 next:[336223,349343] ls_restart_decay(batch:1 lin{mvs:24 evals:26'630} #w_updates:23 #perturb:0)
#72    542.37s best:349343 next:[336223,349342] ls_restart_perturb(batch:1 lin{mvs:24 evals:27'723} #w_updates:17 #perturb:0)
#73    542.41s best:349342 next:[336223,349341] ls_restart_decay(batch:1 lin{mvs:24 evals:26'391} #w_updates:23 #perturb:0)
#74    542.83s best:349341 next:[336223,349340] ls_restart_decay_perturb(batch:1 lin{mvs:26 evals:27'998} #w_updates:23 #perturb:0)
#75    544.85s best:349340 next:[336223,349339] ls_restart_decay_perturb(batch:1 lin{mvs:24 evals:29'603} #w_updates:23 #perturb:0)
#76    545.20s best:349339 next:[336223,349338] ls_restart_decay_perturb(batch:1 lin{mvs:24 evals:27'464} #w_updates:23 #perturb:0)
#77    546.22s best:349338 next:[336223,349337] ls_restart_decay(batch:1 lin{mvs:26 evals:26'842} #w_updates:23 #perturb:0)
#78    546.55s best:349337 next:[336223,349336] ls_restart_decay_perturb(batch:1 lin{mvs:30 evals:27'339} #w_updates:23 #perturb:0)
#79    546.73s best:349336 next:[336223,349335] ls_restart_perturb(batch:1 lin{mvs:28 evals:29'841} #w_updates:31 #perturb:0)
#80    564.33s best:349324 next:[336223,349323] graph_dec_lns (d=9.01e-01 s=1057 t=0.10 p=0.83 stall=3 h=base)
#81    566.93s best:349323 next:[336223,349322] ls_restart(batch:1 lin{mvs:27 evals:31'678} #w_updates:35 #perturb:0)
#82    567.23s best:349322 next:[336223,349321] ls_restart_decay(batch:1 lin{mvs:29 evals:32'505} #w_updates:25 #perturb:0)
#83    568.81s best:349321 next:[336223,349320] ls_restart_decay(batch:1 lin{mvs:27 evals:24'229} #w_updates:19 #perturb:0)
#84    569.79s best:349320 next:[336223,349319] ls_restart_decay_perturb(batch:1 lin{mvs:31 evals:28'257} #w_updates:16 #perturb:0)
#85    569.91s best:349319 next:[336223,349318] ls_restart_perturb(batch:1 lin{mvs:27 evals:34'489} #w_updates:35 #perturb:0)
#86    571.83s best:349318 next:[336223,349317] ls_restart_decay(batch:1 lin{mvs:27 evals:28'782} #w_updates:25 #perturb:0)
#87    572.75s best:349317 next:[336223,349316] ls_restart_perturb(batch:1 lin{mvs:29 evals:33'370} #w_updates:35 #perturb:0)
#88    574.61s best:349316 next:[336223,349315] ls_restart_decay_perturb(batch:1 lin{mvs:25 evals:26'726} #w_updates:13 #perturb:0)
#89    575.05s best:349315 next:[336223,349314] ls_restart_decay(batch:1 lin{mvs:33 evals:24'502} #w_updates:19 #perturb:0)
#90    575.45s best:349314 next:[336223,349313] ls_restart_perturb(batch:1 lin{mvs:27 evals:32'232} #w_updates:35 #perturb:0)
#91    577.11s best:349313 next:[336223,349312] ls_restart(batch:1 lin{mvs:35 evals:37'996} #w_updates:35 #perturb:0)
#92    577.14s best:349312 next:[336223,349311] ls_restart_decay(batch:1 lin{mvs:39 evals:34'401} #w_updates:25 #perturb:0)
#93    581.76s best:349311 next:[336223,349310] ls_restart(batch:1 lin{mvs:29 evals:34'841} #w_updates:35 #perturb:0)
#94    583.39s best:349310 next:[336223,349309] ls_restart(batch:1 lin{mvs:27 evals:33'822} #w_updates:35 #perturb:0)
#95    584.86s best:349309 next:[336223,349308] ls_restart(batch:1 lin{mvs:35 evals:37'132} #w_updates:35 #perturb:0)
#96    585.59s best:349308 next:[336223,349307] ls_restart_decay(batch:1 lin{mvs:25 evals:27'622} #w_updates:13 #perturb:0)
#97    586.54s best:349307 next:[336223,349306] ls_restart_decay(batch:1 lin{mvs:33 evals:28'395} #w_updates:19 #perturb:0)
#98    596.79s best:349306 next:[336223,349305] graph_cst_lns (d=2.90e-01 s=1397 t=0.10 p=0.50 stall=0 h=base)
#99    598.02s best:349305 next:[336223,349304] ls_restart_perturb(batch:1 lin{mvs:29 evals:32'256} #w_updates:31 #perturb:0)
#100   598.07s best:349304 next:[336223,349303] ls_restart_decay(batch:1 lin{mvs:25 evals:21'225} #w_updates:16 #perturb:0)
#101   598.09s best:349303 next:[336223,349302] ls_restart_decay_perturb(batch:1 lin{mvs:23 evals:25'882} #w_updates:14 #perturb:0)
#102   598.11s best:349302 next:[336223,349301] ls_restart_decay(batch:1 lin{mvs:23 evals:25'659} #w_updates:23 #perturb:0)
#103   598.22s best:349301 next:[336223,349300] ls_restart_decay(batch:1 lin{mvs:25 evals:22'480} #w_updates:18 #perturb:0)
#104   598.45s best:349300 next:[336223,349299] ls_restart_perturb(batch:1 lin{mvs:25 evals:30'295} #w_updates:23 #perturb:0)
#105   598.62s best:349299 next:[336223,349298] ls_restart_perturb(batch:1 lin{mvs:25 evals:32'030} #w_updates:31 #perturb:0)
#106   598.97s best:349298 next:[336223,349297] ls_restart_perturb(batch:1 lin{mvs:23 evals:29'774} #w_updates:31 #perturb:0)
#107   602.88s best:349297 next:[336223,349296] ls_restart(batch:1 lin{mvs:23 evals:27'625} #w_updates:31 #perturb:0)
#108   602.97s best:349296 next:[336223,349295] ls_restart_decay_perturb(batch:1 lin{mvs:23 evals:26'720} #w_updates:23 #perturb:0)
#109   602.99s best:349295 next:[336223,349294] ls_restart_decay_perturb(batch:1 lin{mvs:23 evals:22'607} #w_updates:14 #perturb:0)
#110   603.63s best:349294 next:[336223,349293] ls_restart(batch:1 lin{mvs:25 evals:28'440} #w_updates:31 #perturb:0)
#111   605.24s best:349293 next:[336223,349292] ls_restart(batch:1 lin{mvs:23 evals:28'657} #w_updates:31 #perturb:0)
#112   605.26s best:349292 next:[336223,349291] ls_restart_decay_perturb(batch:1 lin{mvs:23 evals:25'785} #w_updates:23 #perturb:0)
#113   605.28s best:349291 next:[336223,349290] ls_restart_perturb(batch:1 lin{mvs:25 evals:31'100} #w_updates:31 #perturb:0)
#114   606.97s best:349290 next:[336223,349289] ls_restart_perturb(batch:1 lin{mvs:27 evals:30'358} #w_updates:31 #perturb:0)
#115   607.00s best:349289 next:[336223,349288] ls_restart_decay_perturb(batch:1 lin{mvs:23 evals:28'463} #w_updates:23 #perturb:0)
#116   614.14s best:349288 next:[336223,349287] ls_restart_perturb(batch:1 lin{mvs:23 evals:27'029} #w_updates:17 #perturb:0)
#117   614.65s best:349287 next:[336223,349286] ls_restart_perturb(batch:1 lin{mvs:21 evals:27'429} #w_updates:16 #perturb:0)
#118   616.04s best:349286 next:[336223,349285] ls_restart_perturb(batch:1 lin{mvs:27 evals:32'644} #w_updates:31 #perturb:0)
#119   617.89s best:349285 next:[336223,349284] ls_restart_decay(batch:1 lin{mvs:23 evals:24'224} #w_updates:13 #perturb:0)
#120   617.92s best:349284 next:[336223,349283] ls_restart_decay_perturb(batch:1 lin{mvs:23 evals:23'422} #w_updates:14 #perturb:0)
#121   618.73s best:349283 next:[336223,349282] ls_restart_perturb(batch:1 lin{mvs:25 evals:31'451} #w_updates:31 #perturb:0)
#122   619.62s best:349282 next:[336223,349281] ls_restart_decay_perturb(batch:1 lin{mvs:31 evals:29'184} #w_updates:23 #perturb:0)
#123   620.01s best:349281 next:[336223,349280] ls_restart(batch:1 lin{mvs:33 evals:35'718} #w_updates:31 #perturb:0)
#124   621.30s best:349261 next:[336223,349260] graph_var_lns (d=6.52e-01 s=1478 t=0.10 p=0.55 stall=0 h=base)
#125   628.21s best:349260 next:[336223,349259] ls_restart(batch:2 lin{mvs:12 evals:9'995} gen{mvs:1 evals:135} #w_updates:7 #perturb:0)
#126   639.98s best:349213 next:[336223,349212] rnd_cst_lns (d=2.38e-01 s=1592 t=0.10 p=0.49 stall=0 h=base)
#127   684.19s best:349096 next:[336223,349095] graph_var_lns (d=4.89e-01 s=1856 t=0.10 p=0.50 stall=0 h=base)
#128   686.78s best:349089 next:[336223,349088] rnd_cst_lns (d=3.28e-01 s=1887 t=0.10 p=0.50 stall=4 h=base)
#129   716.15s best:349064 next:[336223,349063] graph_var_lns (d=4.91e-01 s=1948 t=0.10 p=0.50 stall=0 h=base)
#130   718.81s best:349063 next:[336223,349062] ls_restart_decay_perturb(batch:2 lin{mvs:10 evals:10'569} gen{mvs:1 evals:90} #w_updates:4 #perturb:0)
#131   727.60s best:349062 next:[336223,349061] ls_restart_decay_perturb(batch:2 lin{mvs:10 evals:10'159} gen{mvs:1 evals:120} #w_updates:4 #perturb:0)
#132   730.65s best:349061 next:[336223,349060] ls_restart_decay_perturb(batch:2 lin{mvs:10 evals:10'455} gen{mvs:1 evals:139} #w_updates:4 #perturb:0)
#133   733.96s best:349060 next:[336223,349059] ls_restart(batch:2 lin{mvs:12 evals:10'558} gen{mvs:1 evals:144} #w_updates:7 #perturb:0)
#134   752.58s best:349035 next:[336223,349034] rnd_cst_lns (d=1.88e-01 s=2063 t=0.10 p=0.48 stall=0 h=base)
#135   757.62s best:349015 next:[336223,349014] graph_var_lns (d=4.11e-01 s=2076 t=0.10 p=0.48 stall=0 h=base)
#136   769.86s best:349004 next:[336223,349003] graph_var_lns (d=3.44e-01 s=2124 t=0.10 p=0.46 stall=0 h=base)
#137   771.31s best:348943 next:[336223,348942] rnd_cst_lns (d=1.99e-01 s=2132 t=0.10 p=0.49 stall=6 h=base)
#138   771.43s best:348942 next:[336223,348941] ls_restart_decay_perturb(batch:1 lin{mvs:23 evals:26'218} #w_updates:23 #perturb:0)
#139   773.84s best:348941 next:[336223,348940] ls_restart(batch:1 lin{mvs:23 evals:29'236} #w_updates:31 #perturb:0)
#140   775.25s best:348940 next:[336223,348939] ls_restart_perturb(batch:1 lin{mvs:25 evals:30'815} #w_updates:31 #perturb:0)
#141   776.07s best:348939 next:[336223,348938] ls_restart_decay(batch:1 lin{mvs:23 evals:23'975} #w_updates:14 #perturb:0)
#142   777.68s best:348938 next:[336223,348937] ls_restart(batch:1 lin{mvs:23 evals:30'388} #w_updates:31 #perturb:0)
#143   777.99s best:348937 next:[336223,348936] ls_restart(batch:1 lin{mvs:31 evals:33'120} #w_updates:31 #perturb:0)
#144   778.96s best:348936 next:[336223,348935] ls_restart(batch:1 lin{mvs:33 evals:37'149} #w_updates:31 #perturb:0)
#145   780.59s best:348869 next:[336223,348868] graph_var_lns (d=3.43e-01 s=2165 t=0.10 p=0.46 stall=1 h=base)
#146   808.02s best:348867 next:[336223,348866] rnd_cst_lns (d=2.80e-01 s=2236 t=0.10 p=0.50 stall=3 h=base)
#147   814.36s best:348795 next:[336223,348794] rnd_cst_lns (d=2.37e-01 s=2283 t=0.10 p=0.49 stall=0 h=base)
#148   835.87s best:348794 next:[336223,348793] graph_cst_lns (d=2.71e-01 s=2361 t=0.10 p=0.50 stall=0 h=base)
#149   835.89s best:348793 next:[336223,348792] ls_restart_perturb(batch:1 lin{mvs:25 evals:32'027} #w_updates:33 #perturb:0)
#150   835.91s best:348792 next:[336223,348791] ls_restart_decay_perturb(batch:1 lin{mvs:25 evals:26'528} #w_updates:24 #perturb:0)
#151   835.93s best:348791 next:[336223,348790] ls_restart_decay(batch:1 lin{mvs:25 evals:25'568} #w_updates:17 #perturb:0)
#152   835.95s best:348790 next:[336223,348789] ls_restart_decay(batch:1 lin{mvs:25 evals:24'523} #w_updates:24 #perturb:0)
#153   835.97s best:348789 next:[336223,348788] ls_restart(batch:1 lin{mvs:25 evals:29'505} #w_updates:33 #perturb:0)
#154   835.99s best:348788 next:[336223,348787] ls_restart_decay_perturb(batch:1 lin{mvs:25 evals:21'689} #w_updates:17 #perturb:0)
#155   836.01s best:348787 next:[336223,348786] ls_restart_decay(batch:1 lin{mvs:25 evals:29'390} #w_updates:24 #perturb:0)
#156   836.06s best:348786 next:[336223,348785] ls_restart_perturb(batch:1 lin{mvs:27 evals:30'960} #w_updates:33 #perturb:0)
#157   836.60s best:348785 next:[336223,348784] ls_restart_decay(batch:1 lin{mvs:27 evals:28'159} #w_updates:24 #perturb:0)
#158   836.82s best:348784 next:[336223,348783] ls_restart_decay_perturb(batch:1 lin{mvs:29 evals:27'662} #w_updates:24 #perturb:0)
#159   836.92s best:348783 next:[336223,348782] ls_restart_decay(batch:1 lin{mvs:25 evals:27'886} #w_updates:24 #perturb:0)
#160   836.98s best:348782 next:[336223,348781] ls_restart(batch:1 lin{mvs:33 evals:38'310} #w_updates:33 #perturb:0)
#161   838.12s best:348781 next:[336223,348780] ls_restart_decay(batch:1 lin{mvs:27 evals:24'959} #w_updates:17 #perturb:0)
#162   838.17s best:348780 next:[336223,348779] ls_restart_perturb(batch:1 lin{mvs:29 evals:35'947} #w_updates:33 #perturb:0)
#163   840.00s best:348779 next:[336223,348778] ls_restart_decay_perturb(batch:1 lin{mvs:29 evals:28'107} #w_updates:24 #perturb:0)
#164   841.70s best:348778 next:[336223,348777] ls_restart_decay_perturb(batch:1 lin{mvs:27 evals:23'944} #w_updates:17 #perturb:0)
#165   843.10s best:348777 next:[336223,348776] ls_restart_decay_perturb(batch:1 lin{mvs:45 evals:37'166} #w_updates:25 #perturb:0)
#166   843.54s best:348776 next:[336223,348775] ls_restart_perturb(batch:1 lin{mvs:27 evals:28'036} #w_updates:21 #perturb:0)
#167   844.93s best:348775 next:[336223,348774] ls_restart_decay(batch:1 lin{mvs:29 evals:32'028} #w_updates:25 #perturb:0)
#168   845.29s best:348774 next:[336223,348773] ls_restart_decay_perturb(batch:1 lin{mvs:33 evals:28'565} #w_updates:25 #perturb:0)
#169   846.16s best:348773 next:[336223,348772] ls_restart_perturb(batch:1 lin{mvs:31 evals:34'182} #w_updates:35 #perturb:0)
#170   846.30s best:348772 next:[336223,348771] ls_restart_decay(batch:1 lin{mvs:33 evals:31'602} #w_updates:25 #perturb:0)
#171   847.53s best:348771 next:[336223,348770] ls_restart_decay_perturb(batch:1 lin{mvs:29 evals:28'305} #w_updates:24 #perturb:0)
#172   847.57s best:348770 next:[336223,348769] ls_restart_perturb(batch:1 lin{mvs:27 evals:32'743} #w_updates:35 #perturb:0)
#173   847.79s best:348769 next:[336223,348768] ls_restart(batch:1 lin{mvs:39 evals:40'308} #w_updates:35 #perturb:0)
#174   848.64s best:348768 next:[336223,348767] ls_restart_decay(batch:1 lin{mvs:27 evals:27'761} #w_updates:25 #perturb:0)
#175   848.70s best:348767 next:[336223,348766] ls_restart(batch:1 lin{mvs:27 evals:34'034} #w_updates:35 #perturb:0)
#176   848.79s best:348766 next:[336223,348765] ls_restart_decay_perturb(batch:1 lin{mvs:29 evals:32'842} #w_updates:25 #perturb:0)
#177   850.80s best:348765 next:[336223,348764] ls_restart_perturb(batch:1 lin{mvs:33 evals:30'229} #w_updates:23 #perturb:0)
#178   851.55s best:348764 next:[336223,348763] ls_restart_decay_perturb(batch:1 lin{mvs:27 evals:27'345} #w_updates:25 #perturb:0)
#179   852.73s best:348763 next:[336223,348762] ls_restart(batch:1 lin{mvs:29 evals:34'741} #w_updates:35 #perturb:0)
#180   853.31s best:348762 next:[336223,348761] ls_restart(batch:1 lin{mvs:27 evals:31'193} #w_updates:35 #perturb:0)
#181   857.19s best:348761 next:[336223,348760] ls_restart(batch:1 lin{mvs:27 evals:29'363} #w_updates:29 #perturb:0)
#182   857.27s best:348760 next:[336223,348759] ls_restart_decay(batch:1 lin{mvs:33 evals:30'214} #w_updates:25 #perturb:0)
#183   859.02s best:348759 next:[336223,348758] ls_restart(batch:1 lin{mvs:29 evals:35'215} #w_updates:35 #perturb:0)
#184   859.37s best:348758 next:[336223,348757] ls_restart_decay_perturb(batch:1 lin{mvs:27 evals:29'395} #w_updates:25 #perturb:0)
#185   859.70s best:348757 next:[336223,348756] ls_restart_perturb(batch:1 lin{mvs:27 evals:33'485} #w_updates:35 #perturb:0)
#186   860.54s best:348756 next:[336223,348755] ls_restart_decay_perturb(batch:1 lin{mvs:29 evals:28'228} #w_updates:25 #perturb:0)
#187   862.14s best:348755 next:[336223,348754] ls_restart_decay(batch:1 lin{mvs:29 evals:31'468} #w_updates:25 #perturb:0)
#188   862.35s best:348754 next:[336223,348753] ls_restart_decay(batch:1 lin{mvs:29 evals:27'472} #w_updates:25 #perturb:0)
#189   862.89s best:348753 next:[336223,348752] ls_restart_decay(batch:1 lin{mvs:31 evals:25'313} #w_updates:18 #perturb:0)
#190   864.93s best:348752 next:[336223,348751] ls_restart(batch:1 lin{mvs:29 evals:28'036} #w_updates:29 #perturb:0)
#191   866.41s best:348751 next:[336223,348750] ls_restart_decay(batch:1 lin{mvs:31 evals:26'695} #w_updates:18 #perturb:0)
#192   867.37s best:348750 next:[336223,348749] ls_restart_decay_perturb(batch:1 lin{mvs:27 evals:27'761} #w_updates:25 #perturb:0)
#193   869.07s best:348749 next:[336223,348748] ls_restart(batch:1 lin{mvs:29 evals:34'930} #w_updates:35 #perturb:0)
#194   869.19s best:348748 next:[336223,348747] ls_restart_decay_perturb(batch:1 lin{mvs:31 evals:32'224} #w_updates:25 #perturb:0)
#195   976.15s best:342943 next:[336223,342942] quick_restart
#196   1008.17s best:342942 next:[336223,342941] rnd_cst_lns (d=3.27e-01 s=3030 t=0.10 p=0.50 stall=0 h=base)
#197   1009.36s best:342629 next:[336223,342628] scheduling_intervals_lns (d=6.77e-06 s=3031 t=0.10 p=0.30 stall=0 h=base)
#198   1039.99s best:342628 next:[336223,342627] ls_restart_decay_perturb(batch:2 lin{mvs:52 evals:24'727} gen{mvs:1 evals:7'224} #w_updates:51 #perturb:0)
#199   1041.03s best:342625 next:[336223,342624] scheduling_time_window_lns (d=4.74e-02 s=3070 t=0.10 p=0.38 stall=2 h=base)
#200   1046.82s best:342447 next:[336223,342446] graph_arc_lns (d=5.54e-01 s=3080 t=0.10 p=0.50 stall=3 h=base)
#201   1116.12s best:342369 next:[336223,342368] scheduling_intervals_lns (d=4.01e-03 s=3556 t=0.10 p=0.57 stall=0 h=base)
#202   1143.30s best:342361 next:[336223,342360] graph_var_lns (d=5.51e-01 s=3596 t=0.10 p=0.51 stall=2 h=base)
#203   1180.89s best:342197 next:[336223,342196] scheduling_intervals_lns (d=6.21e-03 s=3718 t=0.10 p=0.58 stall=6 h=base)
#204   1188.53s best:341999 next:[336223,341998] graph_var_lns (d=4.83e-01 s=3733 t=0.10 p=0.50 stall=0 h=base)
#205   1189.95s best:341938 next:[336223,341937] scheduling_time_window_lns (d=9.94e-01 s=3737 t=0.10 p=0.63 stall=9 h=base)
#206   1195.90s best:341935 next:[336223,341934] scheduling_intervals_lns (d=6.61e-03 s=3763 t=0.10 p=0.59 stall=0 h=base)
#207   1204.00s best:341925 next:[336223,341924] graph_var_lns (d=5.46e-01 s=3811 t=0.10 p=0.51 stall=2 h=base)
#208   1204.96s best:341898 next:[336223,341897] scheduling_intervals_lns (d=7.47e-03 s=3813 t=0.10 p=0.59 stall=0 h=base)
#209   1238.93s best:341888 next:[336223,341887] rnd_cst_lns (d=3.96e-01 s=3908 t=0.10 p=0.51 stall=0 h=base)
#210   1239.89s best:341880 next:[336223,341879] scheduling_intervals_lns (d=1.08e-02 s=3913 t=0.10 p=0.60 stall=4 h=base)
#211   1249.82s best:341879 next:[336223,341878] scheduling_intervals_lns (d=1.38e-02 s=3960 t=0.10 p=0.61 stall=0 h=base) [hint]
#212   1249.90s best:341878 next:[336223,341877] ls_restart(batch:1 lin{mvs:33 evals:29'134} #w_updates:38 #perturb:0)
#213   1249.92s best:341877 next:[336223,341876] ls_restart_perturb(batch:1 lin{mvs:31 evals:32'097} #w_updates:38 #perturb:0)
#214   1250.47s best:341876 next:[336223,341875] ls_restart(batch:1 lin{mvs:31 evals:33'804} #w_updates:38 #perturb:0)
#215   1251.37s best:341875 next:[336223,341874] ls_restart(batch:1 lin{mvs:45 evals:49'224} #w_updates:38 #perturb:0)
#216   1251.42s best:341874 next:[336223,341873] ls_restart(batch:1 lin{mvs:39 evals:36'929} #w_updates:38 #perturb:0)
#217   1251.47s best:341873 next:[336223,341872] ls_restart_decay(batch:1 lin{mvs:31 evals:29'840} #w_updates:29 #perturb:0)
#218   1251.51s best:341872 next:[336223,341871] ls_restart_decay(batch:1 lin{mvs:31 evals:22'996} #w_updates:29 #perturb:0)
#219   1251.54s best:341871 next:[336223,341870] ls_restart_decay_perturb(batch:1 lin{mvs:35 evals:28'819} #w_updates:31 #perturb:0)
#220   1251.61s best:341870 next:[336223,341869] ls_restart_perturb(batch:1 lin{mvs:31 evals:33'264} #w_updates:26 #perturb:0)
#221   1251.70s best:341869 next:[336223,341868] ls_restart(batch:1 lin{mvs:33 evals:30'005} #w_updates:27 #perturb:0)
#222   1251.72s best:341868 next:[336223,341867] ls_restart_decay_perturb(batch:1 lin{mvs:31 evals:22'192} #w_updates:20 #perturb:0)
#223   1251.77s best:341867 next:[336223,341866] ls_restart_perturb(batch:1 lin{mvs:41 evals:38'421} #w_updates:38 #perturb:0)
#224   1252.27s best:341866 next:[336223,341865] ls_restart_decay_perturb(batch:1 lin{mvs:31 evals:26'969} #w_updates:29 #perturb:0)
#225   1275.25s best:341865 next:[336223,341864] ls_restart(batch:1 lin{mvs:31 evals:32'006} #w_updates:38 #perturb:0)
#226   1275.27s best:341864 next:[336223,341863] ls_restart_decay_perturb(batch:1 lin{mvs:35 evals:23'217} #w_updates:23 #perturb:0)
#227   1275.31s best:341863 next:[336223,341862] ls_restart_decay_perturb(batch:1 lin{mvs:35 evals:26'805} #w_updates:31 #perturb:0)
#228   1294.49s best:341641 next:[336223,341640] scheduling_intervals_lns (d=1.30e-02 s=3994 t=0.10 p=0.60 stall=0 h=base)
#229   1321.29s best:341640 next:[336223,341639] ls_restart(batch:4 lin{mvs:33 evals:31'677} gen{mvs:2 evals:23'515} #w_updates:39 #perturb:0)
#230   1321.33s best:341639 next:[336223,341638] ls_restart_decay(batch:1 lin{mvs:43 evals:26'339} #w_updates:29 #perturb:0)
#231   1321.40s best:341638 next:[336223,341637] ls_restart_decay(batch:1 lin{mvs:49 evals:45'127} #w_updates:29 #perturb:0)
#232   1321.43s best:341637 next:[336223,341636] ls_restart(batch:1 lin{mvs:31 evals:30'643} #w_updates:38 #perturb:0)
#233   1323.02s best:341576 next:[336223,341575] scheduling_intervals_lns (d=1.65e-02 s=4082 t=0.10 p=0.61 stall=3 h=base)
#234   1330.56s best:341470 next:[336223,341469] graph_var_lns (d=4.88e-01 s=4116 t=0.10 p=0.50 stall=0 h=base)
#235   1331.92s best:341439 next:[336223,341438] scheduling_time_window_lns (d=9.98e-01 s=4132 t=0.10 p=0.65 stall=14 h=base)
#236   1352.07s best:341438 next:[336223,341437] rnd_cst_lns (d=3.97e-01 s=4180 t=0.10 p=0.51 stall=0 h=base)
#237   1352.48s best:341436 next:[336223,341435] graph_arc_lns (d=7.48e-01 s=4165 t=0.10 p=0.56 stall=2 h=base) [hint]
#238   1353.42s best:341434 next:[336223,341433] scheduling_intervals_lns (d=2.22e-02 s=4182 t=0.10 p=0.62 stall=0 h=base)
#239   1357.75s best:341393 next:[336223,341392] scheduling_time_window_lns (d=9.99e-01 s=4215 t=0.10 p=0.66 stall=1 h=base)
#240   1359.27s best:341349 next:[336223,341348] scheduling_intervals_lns (d=2.22e-02 s=4219 t=0.10 p=0.62 stall=0 h=base)
#241   1359.59s best:341055 next:[336223,341054] scheduling_intervals_lns (d=2.22e-02 s=4218 t=0.10 p=0.62 stall=0 h=base)
#242   1364.87s best:341042 next:[336223,341041] graph_var_lns (d=4.35e-01 s=4250 t=0.10 p=0.49 stall=0 h=base)
#243   1364.93s best:341041 next:[336223,341040] ls_restart_decay(batch:1 lin{mvs:23 evals:26'067} #w_updates:23 #perturb:0)
#244   1364.95s best:341040 next:[336223,341039] ls_restart_decay_perturb(batch:1 lin{mvs:25 evals:29'456} #w_updates:23 #perturb:0)
#245   1364.97s best:341039 next:[336223,341038] ls_restart(batch:1 lin{mvs:23 evals:27'212} #w_updates:23 #perturb:0)
#246   1365.05s best:341038 next:[336223,341037] ls_restart_decay(batch:1 lin{mvs:25 evals:22'989} #w_updates:16 #perturb:0)
#247   1365.21s best:341037 next:[336223,341036] ls_restart_decay_perturb(batch:1 lin{mvs:23 evals:25'638} #w_updates:23 #perturb:0)
#248   1365.24s best:341036 next:[336223,341035] ls_restart_perturb(batch:1 lin{mvs:21 evals:28'564} #w_updates:16 #perturb:0)
#249   1365.25s best:341035 next:[336223,341034] ls_restart_perturb(batch:1 lin{mvs:21 evals:28'634} #w_updates:16 #perturb:0)
#250   1365.27s best:341034 next:[336223,341033] ls_restart(batch:1 lin{mvs:23 evals:30'019} #w_updates:31 #perturb:0)
#251   1367.69s best:340996 next:[336223,340995] scheduling_intervals_lns (d=2.50e-02 s=4274 t=0.10 p=0.62 stall=0 h=base)
#252   1368.03s best:340883 next:[336223,340882] scheduling_intervals_lns (d=2.50e-02 s=4277 t=0.10 p=0.62 stall=0 h=base)
#253   1370.93s best:340882 next:[336223,340881] graph_var_lns (d=4.35e-01 s=4304 t=0.10 p=0.49 stall=1 h=base)
#254   1370.95s best:340881 next:[336223,340880] ls_restart_decay_perturb(batch:1 lin{mvs:25 evals:24'512} #w_updates:16 #perturb:0)
#255   1370.97s best:340880 next:[336223,340879] ls_restart(batch:1 lin{mvs:25 evals:29'249} #w_updates:31 #perturb:0)
#256   1371.00s best:340879 next:[336223,340878] ls_restart_decay_perturb(batch:1 lin{mvs:25 evals:24'357} #w_updates:16 #perturb:0)
#257   1373.95s best:340873 next:[336223,340872] graph_var_lns (d=5.42e-01 s=4314 t=0.10 p=0.51 stall=0 h=base)
#258   1439.45s best:340836 next:[336223,340835] scheduling_intervals_lns (d=2.98e-02 s=4390 t=0.10 p=0.62 stall=3 h=base)
#259   1465.51s best:340821 next:[336223,340820] graph_var_lns (d=5.44e-01 s=4506 t=0.10 p=0.51 stall=0 h=base)
#260   1487.04s best:340813 next:[336223,340812] graph_var_lns (d=5.43e-01 s=4554 t=0.10 p=0.51 stall=1 h=base)
#261   1490.92s best:340809 next:[336223,340808] graph_var_lns (d=5.43e-01 s=4553 t=0.10 p=0.51 stall=1 h=base)
#262   1496.57s best:340808 next:[336223,340807] ls_restart(batch:1 lin{mvs:12 evals:9'531} #w_updates:7 #perturb:0)
#263   1496.58s best:340807 next:[336223,340806] ls_restart(batch:1 lin{mvs:19 evals:39'238} #w_updates:15 #perturb:0)
#264   1496.63s best:340806 next:[336223,340805] ls_restart_decay(batch:1 lin{mvs:17 evals:34'641} #w_updates:10 #perturb:0)
#265   1528.92s best:340731 next:[336223,340730] scheduling_intervals_lns (d=4.73e-02 s=4654 t=0.10 p=0.63 stall=0 h=base)
#266   1556.52s best:340730 next:[336223,340729] graph_cst_lns (d=2.94e-01 s=4707 t=0.10 p=0.50 stall=0 h=base)
#267   1556.54s best:340729 next:[336223,340728] ls_restart_decay(batch:1 lin{mvs:18 evals:36'631} #w_updates:11 #perturb:0)
#268   1556.59s best:340728 next:[336223,340727] ls_restart(batch:1 lin{mvs:18 evals:36'069} #w_updates:14 #perturb:0)
#269   1556.61s best:340727 next:[336223,340726] ls_restart_decay_perturb(batch:1 lin{mvs:18 evals:37'126} #w_updates:11 #perturb:0)
#270   1556.85s best:340726 next:[336223,340725] ls_restart_perturb(batch:1 lin{mvs:16 evals:31'445} #w_updates:12 #perturb:0)
#271   1556.86s best:340725 next:[336223,340724] ls_restart(batch:1 lin{mvs:15 evals:29'364} #w_updates:11 #perturb:0)
#272   1556.90s best:340724 next:[336223,340723] ls_restart_decay(batch:1 lin{mvs:16 evals:32'081} #w_updates:9 #perturb:0)
#273   1557.31s best:340723 next:[336223,340722] ls_restart_perturb(batch:1 lin{mvs:15 evals:28'974} #w_updates:11 #perturb:0)
#274   1557.89s best:340722 next:[336223,340721] ls_restart_perturb(batch:1 lin{mvs:16 evals:31'241} #w_updates:12 #perturb:0)
#275   1558.01s best:340721 next:[336223,340720] ls_restart_decay_perturb(batch:1 lin{mvs:15 evals:28'247} #w_updates:9 #perturb:0)
#276   1558.06s best:340720 next:[336223,340719] ls_restart_decay(batch:1 lin{mvs:16 evals:29'673} #w_updates:9 #perturb:0)
#277   1558.07s best:340719 next:[336223,340718] ls_restart_decay_perturb(batch:1 lin{mvs:15 evals:28'482} #w_updates:9 #perturb:0)
#278   1558.13s best:340718 next:[336223,340717] ls_restart_decay(batch:1 lin{mvs:16 evals:30'682} #w_updates:9 #perturb:0)
#279   1618.72s best:340504 next:[336223,340503] scheduling_intervals_lns (d=7.84e-02 s=4953 t=0.10 p=0.64 stall=0 h=base)
#280   1633.62s best:340488 next:[336223,340487] graph_var_lns (d=5.43e-01 s=4979 t=0.10 p=0.51 stall=0 h=base)
#281   1634.99s best:340487 next:[336223,340486] ls_restart(batch:2 lin{mvs:10 evals:10'171} gen{mvs:1 evals:104} #w_updates:5 #perturb:0)
#282   1638.83s best:340486 next:[336223,340485] ls_restart(batch:2 lin{mvs:12 evals:10'027} gen{mvs:1 evals:75} #w_updates:7 #perturb:0)
#283   1640.31s best:340447 next:[336223,340446] graph_cst_lns (d=2.94e-01 s=5044 t=0.10 p=0.50 stall=1 h=base)
#284   1641.84s best:340299 next:[336223,340298] scheduling_intervals_lns (d=7.42e-02 s=5047 t=0.10 p=0.63 stall=0 h=base)
#285   1687.77s best:340298 next:[336223,340297] graph_arc_lns (d=7.00e-01 s=5074 t=0.10 p=0.53 stall=3 h=base)
#286   1800.00s best:340253 next:[336223,340252] graph_dec_lns (d=9.21e-01 s=5112 t=0.10 p=0.73 stall=0 h=base)

Task timing                                  n [     min,      max]      avg      dev     time         n [     min,      max]      avg      dev    dtime
                       'default_lp':         1 [  26.92m,   26.92m]   26.92m   0.00ns   26.92m         2 [584.79ms,    1.01m]   30.64s   30.06s    1.02m
                 'feasibility_pump':        13 [ 33.64ms,   37.24s]   17.93s   16.39s    3.88m        12 [ 17.85ms,   18.88s]   10.91s    9.03s    2.18m
                            'fixed':         1 [  26.92m,   26.92m]   26.92m   0.00ns   26.92m         2 [584.63ms,   24.85s]   12.72s   12.13s   25.43s
                               'fj':       502 [  3.29ms, 323.77ms]  59.73ms  56.84ms   29.98s       502 [101.01ms, 185.05ms] 108.50ms  12.77ms   54.46s
                  'fs_random_no_lp':         1 [   2.57m,    2.57m]    2.57m   0.00ns    2.57m         2 [583.44ms,    3.09s]    1.83s    1.25s    3.67s
                    'graph_arc_lns':        32 [  5.39ms,   31.34s]    7.39s    7.10s    3.94m        30 [248.68us, 100.13ms]  59.01ms  43.74ms    1.77s
                    'graph_cst_lns':       861 [  3.66ms,    1.08s] 241.83ms 185.59ms    3.47m       657 [  8.91us, 108.22ms]  58.73ms  46.70ms   38.59s
                    'graph_dec_lns':        13 [ 51.98ms,    1.65m]   31.24s   35.08s    6.77m        11 [  5.40ms, 100.13ms]  49.40ms  37.51ms 543.43ms
                    'graph_var_lns':        96 [  4.04ms,   18.38s]    2.20s    2.84s    3.52m        91 [673.23us, 101.23ms]  55.33ms  45.81ms    5.03s
                               'ls':      2071 [  4.05ms, 881.88ms] 100.56ms 129.70ms    3.47m      2061 [118.22us,   52.03s]   12.63s   19.81s    7.23h
                           'max_lp':         1 [  26.92m,   26.92m]   26.92m   0.00ns   26.92m         2 [   1.07s,   46.93s]   24.00s   22.93s   48.00s
                            'no_lp':         1 [  26.92m,   26.92m]   26.92m   0.00ns   26.92m         2 [583.44ms,    1.82m]   54.98s   54.40s    1.83m
                    'quick_restart':         1 [  26.92m,   26.92m]   26.92m   0.00ns   26.92m         2 [584.79ms,    3.76m]    1.89m    1.88m    3.77m
                    'reduced_costs':         1 [  26.92m,   26.92m]   26.92m   0.00ns   26.92m         2 [582.67ms, 620.54ms] 601.61ms  18.93ms    1.20s
                        'rins/rens':        30 [  3.01ms,   36.82s]    6.99s   10.29s    3.50m        21 [ 99.99us, 101.37ms]  48.24ms  49.81ms    1.01s
                      'rnd_cst_lns':       710 [  2.83ms,    1.95s] 294.10ms 272.41ms    3.48m       588 [ 11.04us, 106.66ms]  56.23ms  47.90ms   33.06s
                      'rnd_var_lns':        11 [243.11ms,   53.06s]   23.12s   15.62s    4.24m        11 [933.68us, 100.05ms]  41.37ms  33.72ms 455.02ms
         'scheduling_intervals_lns':       314 [ 99.56ms,    4.22s] 667.78ms 546.72ms    3.49m       177 [  3.53ms, 101.96ms]  76.50ms  35.36ms   13.54s
       'scheduling_precedences_lns':        22 [   3.43s,   30.01s]   10.79s    6.52s    3.96m        22 [100.01ms, 100.38ms] 100.13ms 102.31us    2.20s
  'scheduling_resource_windows_lns':       134 [142.41ms,    7.57s]    1.57s    1.75s    3.50m       130 [  2.18ms, 101.79ms]  88.61ms  30.69ms   11.52s
       'scheduling_time_window_lns':       300 [118.75ms,    6.85s] 709.53ms 906.63ms    3.55m       164 [  2.06ms, 101.79ms]  60.77ms  45.95ms    9.97s

Search stats           Bools  Conflicts   Branches  Restarts  BacktrackToRoot  Backtrack  BoolPropag  IntegerPropag
       'default_lp':  33'054     13'218    498'281         1          240'871    275'432   9'776'121     30'015'912
            'fixed':  35'899     18'567    398'626         0          182'647    217'679  13'006'885     24'369'610
  'fs_random_no_lp':  27'568         51    125'426         1          105'542    111'800     771'477      9'318'996
           'max_lp':  29'673         20     63'060         0           55'140     55'160     414'941      4'975'996
            'no_lp':  27'568     59'877    662'288         4          294'562    379'223  18'023'307     71'829'722
    'quick_restart':  34'210         83  1'098'949         8          569'720    654'164   4'355'746     60'116'842
    'reduced_costs':  27'570          3     59'214         0           55'142     55'144     406'924      4'830'370

SAT formula           Fixed  Equiv   Total  VarLeft  BinaryClauses  PermanentClauses  TemporaryClauses
       'default_lp':      2      0  33'054   33'052         31'748             5'697             6'477
            'fixed':    118      0  35'899   35'781         39'848             5'162            13'229
  'fs_random_no_lp':      0      0  27'568   27'568         10'346             3'470                51
           'max_lp':    106      0  29'673   29'567         10'782             3'483                15
            'no_lp':      0      0  27'568   27'568         10'346             4'038            15'872
    'quick_restart':     96      0  34'210   34'114         32'998             4'035                74
    'reduced_costs':      1      0  27'570   27'569         10'346             3'474                 0

SAT stats             ClassicMinim  LitRemoved  LitRemovedBinary  LitLearned  LitForgotten  Subsumed
       'default_lp':         7'675      33'799            13'050     271'020       138'989       569
            'fixed':        14'074      66'151             3'911     825'816       216'832       546
  'fs_random_no_lp':            10          52                35      19'712             0         0
           'max_lp':            11          16                 0         625             0         5
            'no_lp':        43'381     268'564         1'464'969  11'127'675     7'257'563     7'455
    'quick_restart':            30         363               377       3'821             0         9
    'reduced_costs':             2           6                 0          21             0         1

Vivification          Clauses  Decisions  LitTrue  Subsumed  LitRemoved  DecisionReused  Conflicts
       'default_lp':   36'661    225'322        0     5'240      35'050               0          0
            'fixed':   26'040    141'662        0     4'525      35'250               0          0
  'fs_random_no_lp':    1'476      7'775        0         1           3               0          0
           'max_lp':        3         18        0         0           0               0          0
            'no_lp':   43'706    277'863        0     5'540      35'762               0          0
    'quick_restart':   76'234    491'861        0     5'539      35'842               0          0
    'reduced_costs':        5         30        0         0           0               0          0

Clause deletion       at_true  l_and_not(l)  to_binary  sub_conflict  sub_extra  sub_decisions  sub_eager  sub_vivify  sub_probing  sub_inpro  blocked  eliminated  forgotten  promoted  conflicts
       'default_lp':        0             0          0           511         42              0         58       5'240            0        106        0           0      4'756    21'317     13'218
            'fixed':        0             0          0           408          6              0        138       4'525            0         31        0           0      4'743    43'794     18'567
  'fs_random_no_lp':        0             0          0             0          0              0          0           1            0      3'102        0           0          0       108         51
           'max_lp':        0             0          0             3          0              0          2           0            0      3'103        0           0          0        28         20
            'no_lp':        0             0          0         6'869         35              9        586       5'540            0        118        0           0     36'492   133'641     59'877
    'quick_restart':        0             0          0             7          0              0          2       5'539            0        115        0           0          0       105         83
    'reduced_costs':        0             0          0             0          0              0          1           0            0      3'103        0           0          0         1          3

Lp stats            Component  Iterations  AddedCuts  OPTIMAL  DUAL_F.  DUAL_U.
     'default_lp':         34      55'255     48'069   36'995        8        0
          'fixed':         34      28'064      5'071   37'955       31        0
         'max_lp':          1       3'604        320    3'500       73        0
  'quick_restart':         34     907'074    131'047   14'018    1'700        0
  'reduced_costs':          1       8'864        451       48      715        0

Lp dimension             Final dimension of first component
     'default_lp':  4366 rows, 26813 columns, 35558 entries
          'fixed':  5402 rows, 29915 columns, 30658 entries
         'max_lp':  8153 rows, 31826 columns, 60696 entries
  'quick_restart':  5870 rows, 26813 columns, 39844 entries
  'reduced_costs':  3205 rows, 31826 columns, 23241 entries

Lp debug            CutPropag  CutEqPropag  Adjust  Overflow    Bad  BadScaling
     'default_lp':          0            0       0         0  1'838           0
          'fixed':          0            0       0         0      0           0
         'max_lp':          0            0       0         0    274           0
  'quick_restart':          0            0       0         0  8'609           0
  'reduced_costs':          0            0       0         0      0           0

Lp pool             Constraints  Updates  Simplif  Merged  Shortened  Split  Strengthened        Cuts/Call
     'default_lp':       18'414       10       67     142          0      1            67    48'069/85'299
          'fixed':       18'552        0       61   1'176          0      0            58      5'071/6'220
         'max_lp':       14'956        0        2   1'176          0      0             0          320/415
  'quick_restart':       18'369       28        6     165          0      1             0  131'047/142'821
  'reduced_costs':       15'087        0        0   1'176          0      0             0        451/1'022

Lp Cut            default_lp  fixed  max_lp  quick_restart  reduced_costs
          CG_FF:          13      -      10             72              -
           CG_K:           2      -       6             12              -
           CG_R:           3      -       8             47              -
          CG_RB:          22      -       5             89              -
         CG_RBP:           3      -       2              5              -
         Clique:           -      -       -              -              5
             IB:      47'780  5'071     236        129'807            446
       MIR_1_FF:          48      -       -            188              -
        MIR_1_K:           -      -       -              7              -
       MIR_1_RB:          15      -       -             57              -
      MIR_1_RBP:           -      -       -              2              -
       MIR_2_FF:          22      -       2            140              -
        MIR_2_K:           1      -       1              6              -
        MIR_2_R:           -      -       1              1              -
       MIR_2_RB:          16      -       -             66              -
      MIR_2_RBP:           -      -       -              1              -
       MIR_3_FF:          19      -       4             98              -
        MIR_3_K:           9      -       4              8              -
        MIR_3_R:           4      -       1              6              -
       MIR_3_RB:          17      -       -             47              -
       MIR_4_FF:          18      -       4             27              -
        MIR_4_K:          13      -       4              7              -
        MIR_4_R:           4      -       -              5              -
       MIR_4_RB:          15      -       -             18              -
       MIR_5_FF:           1      -       3             16              -
        MIR_5_K:           1      -       2              3              -
        MIR_5_R:           1      -       -              6              -
       MIR_5_RB:           2      -       -             11              -
      MIR_5_RBP:           -      -       -              1              -
       MIR_6_FF:           1      -       1             23              -
        MIR_6_K:           -      -       1              5              -
        MIR_6_R:           -      -       -              9              -
       MIR_6_RB:           -      -       -             10              -
      MIR_6_RBP:           -      -       -              3              -
   ZERO_HALF_FF:           1      -       6             42              -
    ZERO_HALF_K:           7      -       2              6              -
    ZERO_HALF_R:           9      -      10             84              -
   ZERO_HALF_RB:          22      -       7             91              -
  ZERO_HALF_RBP:           -      -       -             21              -

LNS stats                             Improv/Calls  Closed  Difficulty  TimeLimit
                    'graph_arc_lns':         16/31     52%    6.47e-01       0.10
                    'graph_cst_lns':       424/704     50%    2.83e-01       0.10
                    'graph_dec_lns':          7/13     62%    8.72e-01       0.10
                    'graph_var_lns':         49/93     52%    6.25e-01       0.10
                        'rins/rens':         23/23     57%    9.47e-01       0.10
                      'rnd_cst_lns':       368/623     51%    4.14e-01       0.10
                      'rnd_var_lns':          7/11     82%    9.66e-01       0.10
         'scheduling_intervals_lns':       268/314     63%    7.02e-02       0.10
       'scheduling_precedences_lns':         22/22      0%    1.05e-03       0.10
  'scheduling_resource_windows_lns':       120/134     16%    3.93e-04       0.10
       'scheduling_time_window_lns':       238/300     69%    1.00e+00       0.10

LS stats                                    Batches  Restarts/Perturbs  LinMoves  GenMoves  CompoundMoves  Bactracks  WeightUpdates  ScoreComputed
                             'fj_restart':       39                  9    14'357         0              0          0             18      4'732'768
                    'fj_restart_compound':       20                 11         0       625            613          0              0          8'984
                'fj_restart_compound_obj':       34                 13         0       889            875          0              0         13'406
            'fj_restart_compound_perturb':       30                 13         0       209            206          0              0          7'882
        'fj_restart_compound_perturb_obj':       11                  9         0        82             81          0              0          3'051
                       'fj_restart_decay':       20                  5     7'176         0              0          0             11      3'490'480
              'fj_restart_decay_compound':       26                  9         0       595            590          0              0          9'811
          'fj_restart_decay_compound_obj':       33                 14         0       989            985          0              0         14'138
      'fj_restart_decay_compound_perturb':       15                 11         0        99             90          0              0          3'996
  'fj_restart_decay_compound_perturb_obj':       49                 11         0       324            315          0              0         12'577
                   'fj_restart_decay_obj':       36                 10    13'337         0              0          0             13      4'486'941
               'fj_restart_decay_perturb':       21                 11     7'462         0              0          0              0        169'906
           'fj_restart_decay_perturb_obj':       10                  7     3'537         0              0          0              0         84'255
                         'fj_restart_obj':       84                 19    29'544         0              0          0             45     12'189'536
                     'fj_restart_perturb':       47                 12    17'459         0              0          0             27      5'232'308
                 'fj_restart_perturb_obj':       27                 13    10'398         0              0          0              1        440'824
                             'ls_restart':      266                218    13'455       101              0          0         12'883     16'972'852
                    'ls_restart_compound':      255                220         0       488             22        183              3      1'262'633
            'ls_restart_compound_perturb':      242                193         0       467             32        174              6      1'537'660
                       'ls_restart_decay':      275                219    21'944        93              0          0          8'421     18'221'294
              'ls_restart_decay_compound':      246                203         0       461             28        162              1      1'150'288
      'ls_restart_decay_compound_perturb':      269                213         0       505             21        187              7      1'521'822
               'ls_restart_decay_perturb':      275                211    23'925        85              0          0         10'180     16'669'833
                     'ls_restart_perturb':      243                184    32'853        59              0          0         18'980     13'214'106

Solutions (286)                       Num       Rank
                            'fixed':    2      [0,1]
                    'graph_arc_lns':    6  [199,285]
                    'graph_cst_lns':   12    [6,283]
                    'graph_dec_lns':    4   [79,286]
                    'graph_var_lns':   46   [16,280]
                       'ls_restart':  112    [2,282]
                 'ls_restart_decay':  108   [12,278]
         'ls_restart_decay_perturb':  110   [11,277]
               'ls_restart_perturb':   84    [8,274]
                           'max_lp':    2    [18,19]
                    'quick_restart':    2  [194,195]
                      'rnd_cst_lns':   24   [19,236]
                      'rnd_var_lns':    2      [1,2]
         'scheduling_intervals_lns':   38   [15,284]
  'scheduling_resource_windows_lns':    6     [4,21]
       'scheduling_time_window_lns':   14    [5,239]

Objective bounds     Num
  'initial_domain':    1
   'reduced_costs':    1

Solution repositories    Added  Queried  Synchro
    'alternative_path':     15      346       15
      'best_solutions':  1'383    3'828    1'076
   'fj solution hints':    169        0      169
        'lp solutions':    119       30      108
                'pump':      0        0

Improving bounds shared      Num  Sym
            'default_lp':    468    0
                 'fixed':    221    0
                'max_lp':    420    0
                 'no_lp':  1'076    0
         'quick_restart':  2'389    0
         'reduced_costs':    420    0

Clauses shared        #Exported  #Imported  #BinaryRead  #BinaryTotal
       'default_lp':          7          0            0             0
            'fixed':          0          0            0             0
  'fs_random_no_lp':          0          0            0             0
           'max_lp':          0         14            0             0
            'no_lp':          8          7            0             0
    'quick_restart':          0         14            0             0
    'reduced_costs':          0          5            0             0

LRAT_status: NA
CpSolverResponse summary:
status: FEASIBLE
objective: 340253
best_bound: 336223
integers: 27604
booleans: 27568
conflicts: 51
branches: 125426
propagations: 771477
integer_propagations: 9318996
restarts: 1
lp_iterations: 0
walltime: 1800.17
usertime: 1800.17
deterministic_time: 26804.8
gap_integral: 239683
solution_fingerprint: 0xc0dbe7ddd4f4e24b

cpsat status=FEASIBLE wall=1800.2s
  cpsat: status=FEASIBLE objective=340.25 ms bound=336.22 ms wall=1800.2s
  Makespan: 340.25 ms
  Periodic 'yolov8_nano_64x96': the schedule runs to 1000 ms, which would take 45 instances, but the workload asks for 15 — keeping 15
  Periodic 'yolov8_nano_64x96': period=22ms current=15 needed=15
  Periodic 'fused_full': the schedule runs to 1000 ms, which would take 45 instances, but the workload asks for 15 — keeping 15
  Periodic 'fused_full': period=22ms current=15 needed=15
  Periodic 'mlp_control': the schedule runs to 1000 ms, which would take 100 instances, but the workload asks for 33 — keeping 33
  Periodic 'mlp_control': period=10ms current=33 needed=33
  All periodic counts cover makespan — converged.

Final greedy makespan: 340.25 ms (after 1 iteration)
  cpsat: makespan=340.25 ms (all ops 340.25 ms), periodic window misses=0, converged

Scheduling completed!
Makespan (all operations): 340.25 ms

Combination assignments:
  1xCPU_P: 715 operations
  1xCPU_P: 715 operations
  1xCPU_P: 715 operations
  1xCPU_P: 715 operations
  2xCPU_P: 167 operations
  2xCPU_P: 167 operations
  4xCPU_P: 62 operations
  1xCPU_E: 753 operations
  1xCPU_E: 753 operations
  1xCPU_E: 753 operations
  1xCPU_E: 753 operations
  2xCPU_E: 189 operations
  2xCPU_E: 189 operations
  4xCPU_E: 40 operations

Per-network combination assignments:
  Yolov8_nano_64x960: 1xCPU_P=32, 1xCPU_P=32, 1xCPU_P=32, 1xCPU_P=32, 2xCPU_P=13, 2xCPU_P=13, 4xCPU_P=2, 1xCPU_E=37, 1xCPU_E=37, 1xCPU_E=37, 1xCPU_E=37, 2xCPU_E=11, 2xCPU_E=11, 4xCPU_E=3
  Fused_full0: 1xCPU_P=8, 1xCPU_P=8, 1xCPU_P=8, 1xCPU_P=8, 1xCPU_E=7, 1xCPU_E=7, 1xCPU_E=7, 1xCPU_E=7
  Mlp_control0: 1xCPU_P=1, 1xCPU_P=1, 1xCPU_P=1, 1xCPU_P=1, 1xCPU_E=6, 1xCPU_E=6, 1xCPU_E=6, 1xCPU_E=6
  Yolov8_nano_64x961: 1xCPU_P=39, 1xCPU_P=39, 1xCPU_P=39, 1xCPU_P=39, 2xCPU_P=11, 2xCPU_P=11, 1xCPU_E=36, 1xCPU_E=36, 1xCPU_E=36, 1xCPU_E=36, 2xCPU_E=10, 2xCPU_E=10, 4xCPU_E=2
  Yolov8_nano_64x962: 1xCPU_P=24, 1xCPU_P=24, 1xCPU_P=24, 1xCPU_P=24, 2xCPU_P=9, 2xCPU_P=9, 4xCPU_P=1, 1xCPU_E=44, 1xCPU_E=44, 1xCPU_E=44, 1xCPU_E=44, 2xCPU_E=15, 2xCPU_E=15, 4xCPU_E=5
  Yolov8_nano_64x963: 1xCPU_P=33, 1xCPU_P=33, 1xCPU_P=33, 1xCPU_P=33, 2xCPU_P=12, 2xCPU_P=12, 4xCPU_P=3, 1xCPU_E=37, 1xCPU_E=37, 1xCPU_E=37, 1xCPU_E=37, 2xCPU_E=12, 2xCPU_E=12, 4xCPU_E=1
  Yolov8_nano_64x964: 1xCPU_P=35, 1xCPU_P=35, 1xCPU_P=35, 1xCPU_P=35, 2xCPU_P=15, 2xCPU_P=15, 4xCPU_P=2, 1xCPU_E=27, 1xCPU_E=27, 1xCPU_E=27, 1xCPU_E=27, 2xCPU_E=19, 2xCPU_E=19
  Yolov8_nano_64x965: 1xCPU_P=30, 1xCPU_P=30, 1xCPU_P=30, 1xCPU_P=30, 2xCPU_P=15, 2xCPU_P=15, 4xCPU_P=2, 1xCPU_E=37, 1xCPU_E=37, 1xCPU_E=37, 1xCPU_E=37, 2xCPU_E=12, 2xCPU_E=12, 4xCPU_E=2
  Yolov8_nano_64x966: 1xCPU_P=40, 1xCPU_P=40, 1xCPU_P=40, 1xCPU_P=40, 2xCPU_P=4, 2xCPU_P=4, 4xCPU_P=2, 1xCPU_E=34, 1xCPU_E=34, 1xCPU_E=34, 1xCPU_E=34, 2xCPU_E=12, 2xCPU_E=12, 4xCPU_E=6
  Yolov8_nano_64x967: 1xCPU_P=34, 1xCPU_P=34, 1xCPU_P=34, 1xCPU_P=34, 2xCPU_P=6, 2xCPU_P=6, 4xCPU_P=1, 1xCPU_E=42, 1xCPU_E=42, 1xCPU_E=42, 1xCPU_E=42, 2xCPU_E=13, 2xCPU_E=13, 4xCPU_E=2
  Yolov8_nano_64x968: 1xCPU_P=31, 1xCPU_P=31, 1xCPU_P=31, 1xCPU_P=31, 2xCPU_P=14, 2xCPU_P=14, 4xCPU_P=3, 1xCPU_E=37, 1xCPU_E=37, 1xCPU_E=37, 1xCPU_E=37, 2xCPU_E=12, 2xCPU_E=12, 4xCPU_E=1
  Yolov8_nano_64x969: 1xCPU_P=28, 1xCPU_P=28, 1xCPU_P=28, 1xCPU_P=28, 2xCPU_P=12, 2xCPU_P=12, 1xCPU_E=41, 1xCPU_E=41, 1xCPU_E=41, 1xCPU_E=41, 2xCPU_E=14, 2xCPU_E=14, 4xCPU_E=3
  Yolov8_nano_64x9610: 1xCPU_P=28, 1xCPU_P=28, 1xCPU_P=28, 1xCPU_P=28, 2xCPU_P=17, 2xCPU_P=17, 4xCPU_P=7, 1xCPU_E=38, 1xCPU_E=38, 1xCPU_E=38, 1xCPU_E=38, 2xCPU_E=7, 2xCPU_E=7, 4xCPU_E=1
  Yolov8_nano_64x9611: 1xCPU_P=36, 1xCPU_P=36, 1xCPU_P=36, 1xCPU_P=36, 2xCPU_P=7, 2xCPU_P=7, 4xCPU_P=2, 1xCPU_E=39, 1xCPU_E=39, 1xCPU_E=39, 1xCPU_E=39, 2xCPU_E=13, 2xCPU_E=13, 4xCPU_E=1
  Yolov8_nano_64x9612: 1xCPU_P=32, 1xCPU_P=32, 1xCPU_P=32, 1xCPU_P=32, 2xCPU_P=6, 2xCPU_P=6, 4xCPU_P=3, 1xCPU_E=40, 1xCPU_E=40, 1xCPU_E=40, 1xCPU_E=40, 2xCPU_E=15, 2xCPU_E=15, 4xCPU_E=2
  Yolov8_nano_64x9613: 1xCPU_P=23, 1xCPU_P=23, 1xCPU_P=23, 1xCPU_P=23, 2xCPU_P=6, 2xCPU_P=6, 1xCPU_E=50, 1xCPU_E=50, 1xCPU_E=50, 1xCPU_E=50, 2xCPU_E=13, 2xCPU_E=13, 4xCPU_E=6
  Yolov8_nano_64x9614: 1xCPU_P=18, 1xCPU_P=18, 1xCPU_P=18, 1xCPU_P=18, 2xCPU_P=20, 2xCPU_P=20, 4xCPU_P=34, 1xCPU_E=10, 1xCPU_E=10, 1xCPU_E=10, 1xCPU_E=10, 2xCPU_E=11, 2xCPU_E=11, 4xCPU_E=5
  Fused_full1: 1xCPU_P=10, 1xCPU_P=10, 1xCPU_P=10, 1xCPU_P=10, 1xCPU_E=5, 1xCPU_E=5, 1xCPU_E=5, 1xCPU_E=5
  Fused_full2: 1xCPU_P=8, 1xCPU_P=8, 1xCPU_P=8, 1xCPU_P=8, 1xCPU_E=7, 1xCPU_E=7, 1xCPU_E=7, 1xCPU_E=7
  Fused_full3: 1xCPU_P=8, 1xCPU_P=8, 1xCPU_P=8, 1xCPU_P=8, 1xCPU_E=7, 1xCPU_E=7, 1xCPU_E=7, 1xCPU_E=7
  Fused_full4: 1xCPU_P=11, 1xCPU_P=11, 1xCPU_P=11, 1xCPU_P=11, 1xCPU_E=4, 1xCPU_E=4, 1xCPU_E=4, 1xCPU_E=4
  Fused_full5: 1xCPU_P=10, 1xCPU_P=10, 1xCPU_P=10, 1xCPU_P=10, 1xCPU_E=5, 1xCPU_E=5, 1xCPU_E=5, 1xCPU_E=5
  Fused_full6: 1xCPU_P=9, 1xCPU_P=9, 1xCPU_P=9, 1xCPU_P=9, 1xCPU_E=6, 1xCPU_E=6, 1xCPU_E=6, 1xCPU_E=6
  Fused_full7: 1xCPU_P=10, 1xCPU_P=10, 1xCPU_P=10, 1xCPU_P=10, 1xCPU_E=5, 1xCPU_E=5, 1xCPU_E=5, 1xCPU_E=5
  Fused_full8: 1xCPU_P=3, 1xCPU_P=3, 1xCPU_P=3, 1xCPU_P=3, 1xCPU_E=12, 1xCPU_E=12, 1xCPU_E=12, 1xCPU_E=12
  Fused_full9: 1xCPU_P=10, 1xCPU_P=10, 1xCPU_P=10, 1xCPU_P=10, 1xCPU_E=5, 1xCPU_E=5, 1xCPU_E=5, 1xCPU_E=5
  Fused_full10: 1xCPU_P=13, 1xCPU_P=13, 1xCPU_P=13, 1xCPU_P=13, 1xCPU_E=2, 1xCPU_E=2, 1xCPU_E=2, 1xCPU_E=2
  Fused_full11: 1xCPU_P=12, 1xCPU_P=12, 1xCPU_P=12, 1xCPU_P=12, 1xCPU_E=3, 1xCPU_E=3, 1xCPU_E=3, 1xCPU_E=3
  Fused_full12: 1xCPU_P=5, 1xCPU_P=5, 1xCPU_P=5, 1xCPU_P=5, 1xCPU_E=10, 1xCPU_E=10, 1xCPU_E=10, 1xCPU_E=10
  Fused_full13: 1xCPU_P=9, 1xCPU_P=9, 1xCPU_P=9, 1xCPU_P=9, 1xCPU_E=6, 1xCPU_E=6, 1xCPU_E=6, 1xCPU_E=6
  Fused_full14: 1xCPU_P=5, 1xCPU_P=5, 1xCPU_P=5, 1xCPU_P=5, 1xCPU_E=10, 1xCPU_E=10, 1xCPU_E=10, 1xCPU_E=10
  Mlp_control1: 1xCPU_P=3, 1xCPU_P=3, 1xCPU_P=3, 1xCPU_P=3, 1xCPU_E=4, 1xCPU_E=4, 1xCPU_E=4, 1xCPU_E=4
  Mlp_control2: 1xCPU_P=7, 1xCPU_P=7, 1xCPU_P=7, 1xCPU_P=7
  Mlp_control3: 1xCPU_P=5, 1xCPU_P=5, 1xCPU_P=5, 1xCPU_P=5, 1xCPU_E=2, 1xCPU_E=2, 1xCPU_E=2, 1xCPU_E=2
  Mlp_control4: 1xCPU_P=6, 1xCPU_P=6, 1xCPU_P=6, 1xCPU_P=6, 1xCPU_E=1, 1xCPU_E=1, 1xCPU_E=1, 1xCPU_E=1
  Mlp_control5: 1xCPU_P=5, 1xCPU_P=5, 1xCPU_P=5, 1xCPU_P=5, 1xCPU_E=2, 1xCPU_E=2, 1xCPU_E=2, 1xCPU_E=2
  Mlp_control6: 1xCPU_E=7, 1xCPU_E=7, 1xCPU_E=7, 1xCPU_E=7
  Mlp_control7: 1xCPU_E=7, 1xCPU_E=7, 1xCPU_E=7, 1xCPU_E=7
  Mlp_control8: 1xCPU_E=7, 1xCPU_E=7, 1xCPU_E=7, 1xCPU_E=7
  Mlp_control9: 1xCPU_P=5, 1xCPU_P=5, 1xCPU_P=5, 1xCPU_P=5, 1xCPU_E=2, 1xCPU_E=2, 1xCPU_E=2, 1xCPU_E=2
  Mlp_control10: 1xCPU_P=7, 1xCPU_P=7, 1xCPU_P=7, 1xCPU_P=7
  Mlp_control11: 1xCPU_P=6, 1xCPU_P=6, 1xCPU_P=6, 1xCPU_P=6, 1xCPU_E=1, 1xCPU_E=1, 1xCPU_E=1, 1xCPU_E=1
  Mlp_control12: 1xCPU_P=4, 1xCPU_P=4, 1xCPU_P=4, 1xCPU_P=4, 1xCPU_E=3, 1xCPU_E=3, 1xCPU_E=3, 1xCPU_E=3
  Mlp_control13: 1xCPU_P=5, 1xCPU_P=5, 1xCPU_P=5, 1xCPU_P=5, 1xCPU_E=2, 1xCPU_E=2, 1xCPU_E=2, 1xCPU_E=2
  Mlp_control14: 1xCPU_P=4, 1xCPU_P=4, 1xCPU_P=4, 1xCPU_P=4, 1xCPU_E=3, 1xCPU_E=3, 1xCPU_E=3, 1xCPU_E=3
  Mlp_control15: 1xCPU_P=5, 1xCPU_P=5, 1xCPU_P=5, 1xCPU_P=5, 1xCPU_E=2, 1xCPU_E=2, 1xCPU_E=2, 1xCPU_E=2
  Mlp_control16: 1xCPU_P=6, 1xCPU_P=6, 1xCPU_P=6, 1xCPU_P=6, 1xCPU_E=1, 1xCPU_E=1, 1xCPU_E=1, 1xCPU_E=1
  Mlp_control17: 1xCPU_P=7, 1xCPU_P=7, 1xCPU_P=7, 1xCPU_P=7
  Mlp_control18: 1xCPU_P=2, 1xCPU_P=2, 1xCPU_P=2, 1xCPU_P=2, 1xCPU_E=5, 1xCPU_E=5, 1xCPU_E=5, 1xCPU_E=5
  Mlp_control19: 1xCPU_P=1, 1xCPU_P=1, 1xCPU_P=1, 1xCPU_P=1, 1xCPU_E=6, 1xCPU_E=6, 1xCPU_E=6, 1xCPU_E=6
  Mlp_control20: 1xCPU_P=6, 1xCPU_P=6, 1xCPU_P=6, 1xCPU_P=6, 1xCPU_E=1, 1xCPU_E=1, 1xCPU_E=1, 1xCPU_E=1
  Mlp_control21: 1xCPU_P=6, 1xCPU_P=6, 1xCPU_P=6, 1xCPU_P=6, 1xCPU_E=1, 1xCPU_E=1, 1xCPU_E=1, 1xCPU_E=1
  Mlp_control22: 1xCPU_P=4, 1xCPU_P=4, 1xCPU_P=4, 1xCPU_P=4, 1xCPU_E=3, 1xCPU_E=3, 1xCPU_E=3, 1xCPU_E=3
  Mlp_control23: 1xCPU_E=7, 1xCPU_E=7, 1xCPU_E=7, 1xCPU_E=7
  Mlp_control24: 1xCPU_E=7, 1xCPU_E=7, 1xCPU_E=7, 1xCPU_E=7
  Mlp_control25: 1xCPU_P=5, 1xCPU_P=5, 1xCPU_P=5, 1xCPU_P=5, 1xCPU_E=2, 1xCPU_E=2, 1xCPU_E=2, 1xCPU_E=2
  Mlp_control26: 1xCPU_P=4, 1xCPU_P=4, 1xCPU_P=4, 1xCPU_P=4, 1xCPU_E=3, 1xCPU_E=3, 1xCPU_E=3, 1xCPU_E=3
  Mlp_control27: 1xCPU_E=7, 1xCPU_E=7, 1xCPU_E=7, 1xCPU_E=7
  Mlp_control28: 1xCPU_P=4, 1xCPU_P=4, 1xCPU_P=4, 1xCPU_P=4, 1xCPU_E=3, 1xCPU_E=3, 1xCPU_E=3, 1xCPU_E=3
  Mlp_control29: 1xCPU_P=4, 1xCPU_P=4, 1xCPU_P=4, 1xCPU_P=4, 1xCPU_E=3, 1xCPU_E=3, 1xCPU_E=3, 1xCPU_E=3
  Mlp_control30: 1xCPU_P=5, 1xCPU_P=5, 1xCPU_P=5, 1xCPU_P=5, 1xCPU_E=2, 1xCPU_E=2, 1xCPU_E=2, 1xCPU_E=2
  Mlp_control31: 1xCPU_P=4, 1xCPU_P=4, 1xCPU_P=4, 1xCPU_P=4, 1xCPU_E=3, 1xCPU_E=3, 1xCPU_E=3, 1xCPU_E=3
  Mlp_control32: 1xCPU_E=7, 1xCPU_E=7, 1xCPU_E=7, 1xCPU_E=7
Job 'yolov8_nano_64x960' (job_id=0, color_index=0) -> color RGB=[0.98745098 0.54117647 0.41568627]
DEBUG TRANSFER: alpha_shape=(1926, 14), num_actual_machines=8, len(machines)=8, alpha_cols=14, is_using_combos=True, prev_machine=0, machine=7, transfer_times_shape=(8, 8), machine_combinations=True
DEBUG IMMEDIATE: op=62, job_id=0, lookup=0, op_color_index=0, base_colors[0]=(np.float64(0.9874509803921568), np.float64(0.5411764705882353), np.float64(0.41568627450980394))
DEBUG AFTER MODULO: op=62, original=0, after_modulo=0, len(base_colors)=63
DEBUG BEFORE LEGEND: op=62, op_color_index=0, original=0, job_index=0, legend_key=kind_yolov8_nano_64x, in_legend=True
DEBUG IMMEDIATE: op=63, job_id=0, lookup=0, op_color_index=0, base_colors[0]=(np.float64(0.9874509803921568), np.float64(0.5411764705882353), np.float64(0.41568627450980394))
DEBUG AFTER MODULO: op=63, original=0, after_modulo=0, len(base_colors)=63
DEBUG BEFORE LEGEND: op=63, op_color_index=0, original=0, job_index=0, legend_key=kind_yolov8_nano_64x, in_legend=True
DEBUG IMMEDIATE: op=64, job_id=0, lookup=0, op_color_index=0, base_colors[0]=(np.float64(0.9874509803921568), np.float64(0.5411764705882353), np.float64(0.41568627450980394))
DEBUG AFTER MODULO: op=64, original=0, after_modulo=0, len(base_colors)=63
DEBUG BEFORE LEGEND: op=64, op_color_index=0, original=0, job_index=0, legend_key=kind_yolov8_nano_64x, in_legend=True
Job 'fused_full0' (job_id=1, color_index=1) -> color RGB=[0.59607843 0.8345098  0.57882353]
Job 'mlp_control0' (job_id=2, color_index=2) -> color RGB=[0.71372549 0.71372549 0.84705882]
Saving plot to plots/wh_chain45_w2pshort_cpsat_profiled.png...

Plot saved to plots/wh_chain45_w2pshort_cpsat_profiled.png

Outputting scheduled JSON...
  pdb_hash = sha256:ab4444919b7f6c45... over 5 CSV(s)

Scheduled JSON saved to: schedules/scheduled_wh_chain45_w2pshort_cpsat_profiled.json
Metrics written to: schedules/scheduled_wh_chain45_w2pshort_cpsat_profiled_metrics.json
  makespan_us=340.25  op_deadline_miss=0 (dispatches, NOT instances)  cross_dev=1690  solver_s=1803.441
Scheduler report written to: schedules/scheduled_wh_chain45_w2pshort_cpsat_profiled_report.json
