--board-calibration: loaded /scratch/agustin/xpurt-dev-sync/results/codesign_feedback/hil_feedback/cal_b5_r2.json (aggregate x1.816)
============================================================
Loading network hierarchy from JSON...
============================================================

Loading networks from: /scratch/agustin/xpurt-dev-sync/data/toplevel/wh_chain90_rich_solve_500.json
  shard_only_networks: ['ffn_block', 'dronet'] (every other network held at one core)

Found 5 networks:
  - yolov8_nano_64x96 (id: 0, identifier: yolov8_nano_64x96)
  - fused_full (id: 1, identifier: fused_full)
  - mlp_control (id: 2, identifier: mlp_control)
  - ffn_block (id: 3, identifier: ffn_block)
  - dronet (id: 4, identifier: dronet)

Found 2 network-level dependencies:
  - yolov8_nano_64x96 → fused_full
  - fused_full → mlp_control

Resolved runtime configuration:
  Machine core counts: {'CPU_P': 4, 'CPU_E': 4}
  Profile HW mapping: CPU_P->rvv_x60, CPU_E->rvv_x60
  Profile target/topology: target=spacemit_x60, topo_tag=topo_0_1_2_3
  p_core_speedup: 1.0
  random_seed: 42
  solver_verbosity: 0
  time_limit: 600
  use_profiled: True
  prune_periodic: True
  restrict_makespan_to_nonperiodic: False
  cvxpy_solver (milp only): MOSEK
  machine_combination_mode: shard
  enforce_same_processor_combinations: True

Using profiled runtimes where available...
  (warning) 8 dispatch(es) were costed 0.0 because a profile that EXISTS has no row for them. Either they are ops the codegen drops (the yolo chunk2_c1 case) or the CSV is short and unmeasured work is being scheduled as instantaneous.
  - yolov8_nano_64x96/dispatch_3(id=3) costed 0.0 (first seen on rvv_x60/topo_0): no row in an otherwise-present profile; op not knowable from the profile
  - yolov8_nano_64x96/dispatch_11(id=11) costed 0.0 (first seen on rvv_x60/topo_0): no row in an otherwise-present profile; op not knowable from the profile
  - yolov8_nano_64x96/dispatch_22(id=22) costed 0.0 (first seen on rvv_x60/topo_0): no row in an otherwise-present profile; op not knowable from the profile
  - yolov8_nano_64x96/dispatch_33(id=33) costed 0.0 (first seen on rvv_x60/topo_0): no row in an otherwise-present profile; op not knowable from the profile
  - yolov8_nano_64x96/dispatch_48(id=48) costed 0.0 (first seen on rvv_x60/topo_0): no row in an otherwise-present profile; op not knowable from the profile
  - yolov8_nano_64x96/dispatch_56(id=56) costed 0.0 (first seen on rvv_x60/topo_0): no row in an otherwise-present profile; op not knowable from the profile
  - yolov8_nano_64x96/dispatch_64(id=64) costed 0.0 (first seen on rvv_x60/topo_0): no row in an otherwise-present profile; op not knowable from the profile
  - yolov8_nano_64x96/dispatch_72(id=72) costed 0.0 (first seen on rvv_x60/topo_0): no row in an otherwise-present profile; op not knowable from the profile
  (warning) set XPURT_STRICT_ZERO_COST=1 to make this fatal
  Workload declares horizon 500 ms and 5 explicit periodic instance counts; those counts are used as given. Networks without one are still sized by the refinement loop below.

--- cpsat iteration 1 ---
  stateful: chained 44 instance edge(s) for ['fused_full']
  Total operations: 5775
  Job names: ['yolov8_nano_64x960', 'fused_full0', 'mlp_control0', 'ffn_block0', 'dronet0', 'yolov8_nano_64x961', 'yolov8_nano_64x962', 'yolov8_nano_64x963', 'yolov8_nano_64x964', 'yolov8_nano_64x965', 'yolov8_nano_64x966', 'yolov8_nano_64x967', 'yolov8_nano_64x968', 'yolov8_nano_64x969', 'yolov8_nano_64x9610', 'yolov8_nano_64x9611', 'yolov8_nano_64x9612', 'yolov8_nano_64x9613', 'yolov8_nano_64x9614', 'yolov8_nano_64x9615', 'yolov8_nano_64x9616', 'yolov8_nano_64x9617', 'yolov8_nano_64x9618', 'yolov8_nano_64x9619', 'yolov8_nano_64x9620', 'yolov8_nano_64x9621', 'yolov8_nano_64x9622', 'yolov8_nano_64x9623', 'yolov8_nano_64x9624', 'yolov8_nano_64x9625', 'yolov8_nano_64x9626', 'yolov8_nano_64x9627', 'yolov8_nano_64x9628', 'yolov8_nano_64x9629', 'yolov8_nano_64x9630', 'yolov8_nano_64x9631', 'yolov8_nano_64x9632', 'yolov8_nano_64x9633', 'yolov8_nano_64x9634', 'yolov8_nano_64x9635', 'yolov8_nano_64x9636', 'yolov8_nano_64x9637', 'yolov8_nano_64x9638', 'yolov8_nano_64x9639', 'yolov8_nano_64x9640', 'yolov8_nano_64x9641', 'yolov8_nano_64x9642', 'yolov8_nano_64x9643', 'yolov8_nano_64x9644', 'fused_full1', 'fused_full2', 'fused_full3', 'fused_full4', 'fused_full5', 'fused_full6', 'fused_full7', 'fused_full8', 'fused_full9', 'fused_full10', 'fused_full11', 'fused_full12', 'fused_full13', 'fused_full14', 'fused_full15', 'fused_full16', 'fused_full17', 'fused_full18', 'fused_full19', 'fused_full20', 'fused_full21', 'fused_full22', 'fused_full23', 'fused_full24', 'fused_full25', 'fused_full26', 'fused_full27', 'fused_full28', 'fused_full29', 'fused_full30', 'fused_full31', 'fused_full32', 'fused_full33', 'fused_full34', 'fused_full35', 'fused_full36', 'fused_full37', 'fused_full38', 'fused_full39', 'fused_full40', 'fused_full41', 'fused_full42', 'fused_full43', 'fused_full44', 'mlp_control1', 'mlp_control2', 'mlp_control3', 'mlp_control4', 'mlp_control5', 'mlp_control6', 'mlp_control7', 'mlp_control8', 'mlp_control9', 'mlp_control10', 'mlp_control11', 'mlp_control12', 'mlp_control13', 'mlp_control14', 'mlp_control15', 'mlp_control16', 'mlp_control17', 'mlp_control18', 'mlp_control19', 'mlp_control20', 'mlp_control21', 'mlp_control22', 'mlp_control23', 'mlp_control24', 'mlp_control25', 'mlp_control26', 'mlp_control27', 'mlp_control28', 'mlp_control29', 'mlp_control30', 'mlp_control31', 'mlp_control32', 'mlp_control33', 'mlp_control34', 'mlp_control35', 'mlp_control36', 'mlp_control37', 'mlp_control38', 'mlp_control39', 'mlp_control40', 'mlp_control41', 'mlp_control42', 'mlp_control43', 'mlp_control44', 'mlp_control45', 'mlp_control46', 'mlp_control47', 'mlp_control48', 'mlp_control49', 'ffn_block1', 'ffn_block2', 'ffn_block3', 'ffn_block4', 'dronet1', 'dronet2', 'dronet3', 'dronet4', 'dronet5', 'dronet6', 'dronet7', 'dronet8', 'dronet9', 'dronet10', 'dronet11', 'dronet12', 'dronet13', 'dronet14']

Starting CP-SAT solver v9.15.6755
Parameters: random_seed: 0 max_time_in_seconds: 9000 log_search_progress: true num_search_workers: 8

Initial optimization model '': (model_fingerprint: 0x7c8ac0ac7000fbc7)
#Variables: 98'176 (#ints: 1 in objective) (86'265 primary variables)
  - 80'850 Booleans in [0,1]
  - 5'060 different domains in [0,102500002884166] with a largest complexity of 1.
#kExactlyOne: 5'775 (#literals: 80'850)
#kInterval: 80'850 (#enforced: 80'850)
#kLinMax: 1 (#expressions: 5'775)
#kLinear1: 86'986 (#enforced: 80'850)
#kLinear2: 1'429'999 (#enforced: 1'417'080 #multi: 1'417'080)
#kLinear3: 5'775
#kLinearN: 5'423 (#terms: 211'193)
#kNoOverlap: 8 (#intervals: 138'600, #optional: 138'600, #variable_sizes: 138'600)

Starting presolve at 0.42s
  7.31e-02s  0.00e+00d  [DetectDominanceRelations] 
  3.50e+00s  0.00e+00d  [PresolveToFixPoint] #num_loops=4 #num_dual_strengthening=1 
  1.07e-01s  0.00e+00d  [ExtractEncodingFromLinear] #potential_supersets=5'775 #potential_subsets=5'415 #exo_encodings=5'415 #multiple_terms=11'050 #literals=69'660 
  3.63e-02s  0.00e+00d  [DetectDuplicateColumns] 
  5.21e-02s  0.00e+00d  [DetectDuplicateConstraints] 
[Symmetry] Graph for symmetry has 673'255 nodes and 1'580'877 arcs.
[Symmetry] Symmetry computation done. time: 0.680484 dtime: 0.506478
[Symmetry] #generators: 4, average support size: 32600
[Symmetry] 15275 orbits on 74700 variables with sizes: 8,8,8,8,8,8,8,8,8,8,...
[Symmetry] Num fixable by binary propagation in orbit: 7 / 8
[Symmetry] Num fixable by intersecting at_most_one with orbits: 11 largest_orbit: 8
[Symmetry] Found orbitope of size 5775 x 2
[SAT presolve] num removable Booleans: 0 / 92'245
[SAT presolve] num trivial clauses: 0
[SAT presolve] [0s] clauses:67'459 literals:180'277 vars:66'419 one_side_vars:0 simple_definition:65'379 singleton_clauses:0
[SAT presolve] [0.00601324s] clauses:67'459 literals:180'277 vars:66'419 one_side_vars:0 simple_definition:65'379 singleton_clauses:0
[SAT presolve] [0.00929721s] clauses:67'459 literals:180'277 vars:66'419 one_side_vars:0 simple_definition:65'379 singleton_clauses:0
  1.37e-01s  0.00e+00d  [DetectDuplicateConstraintsWithDifferentEnforcements] #without_enforcements=210'929 
  2.51e+02s  1.03e+00d *[Probe] #probed=95'018 #new_bounds=11'190 #equiv=1 
  5.02e-02s  2.43e-02d  [MaxClique] Merged 57'795 constraints with 126'060 literals into 12'436 constraints with 80'701 literals
  7.32e-02s  0.00e+00d  [DetectDominanceRelations] 
  5.57e-01s  0.00e+00d  [PresolveToFixPoint] #num_loops=3 #num_dual_strengthening=1 
  8.46e-02s  0.00e+00d  [ProcessAtMostOneAndLinear] 
  5.54e-02s  0.00e+00d  [DetectDuplicateConstraints] #duplicates=1'385 
  5.71e-02s  0.00e+00d  [DetectDuplicateConstraintsWithDifferentEnforcements] #without_enforcements=68'913 
  2.37e-02s  4.91e-04d  [DetectDominatedLinearConstraints] #relevant_constraints=11'692 
  1.47e-02s  0.00e+00d  [DetectDifferentVariables] 
  4.71e-02s  1.26e-03d  [ProcessSetPPC] #relevant_constraints=29'266 #num_inclusions=12'436 
  2.35e-02s  0.00e+00d  [TransformClausesToExactlyOne] #num_amos=56'408 
  3.05e-02s  0.00e+00d  [DetectEncodedComplexDomains] 
  1.49e-02s  0.00e+00d  [FindAlmostIdenticalLinearConstraints] 
  2.54e-01s  1.00e+00d *[FindBigAtMostOneAndLinearOverlap] 
  4.88e-02s  1.00e+00d *[FindBigVerticalLinearOverlap] 
  3.85e-02s  1.42e-03d  [FindBigHorizontalLinearOverlap] #blocks=4 #saved_nz=35'105 #linears=8 
  1.45e-02s  0.00e+00d  [MergeClauses] 
  6.52e-02s  0.00e+00d  [DetectDominanceRelations] 
  3.19e-01s  0.00e+00d  [PresolveToFixPoint] #num_loops=2 #num_dual_strengthening=1 
  6.60e-02s  0.00e+00d  [DetectDominanceRelations] 
  3.05e-01s  0.00e+00d  [PresolveToFixPoint] #num_loops=1 #num_dual_strengthening=1 
  1.50e-02s  0.00e+00d  [DetectDuplicateColumns] 
  3.87e-02s  0.00e+00d  [DetectDuplicateConstraints] 
[Symmetry] Graph for symmetry has 505'944 nodes and 1'055'189 arcs.
[Symmetry] Symmetry computation done. time: 0.296939 dtime: 0.244902
[Symmetry] #generators: 3, average support size: 18564
[Symmetry] 16298 orbits on 44144 variables with sizes: 4,4,4,4,4,4,4,4,4,4,...
[Symmetry] Num fixable by binary propagation in orbit: 3 / 4
[Symmetry] Num fixable by intersecting at_most_one with orbits: 5 largest_orbit: 4
[Symmetry] Found orbitope of size 5774 x 2
[SAT presolve] num removable Booleans: 0 / 84'698
[SAT presolve] num trivial clauses: 0
[SAT presolve] [0s] clauses:56'403 literals:112'806 vars:66'413 one_side_vars:65374 simple_definition:0 singleton_clauses:0
[SAT presolve] [0.00578449s] clauses:56'403 literals:112'806 vars:66'413 one_side_vars:65374 simple_definition:0 singleton_clauses:0
[SAT presolve] [0.0084393s] clauses:56'403 literals:112'806 vars:66'413 one_side_vars:65374 simple_definition:0 singleton_clauses:0
  5.71e-02s  0.00e+00d  [DetectDuplicateConstraintsWithDifferentEnforcements] #without_enforcements=68'913 
  3.28e+02s  1.00e+00d *[Probe] #probed=118'432 
  4.26e-02s  2.76e-02d  [MaxClique] Merged 56'403 constraints with 112'806 literals into 11'049 constraints with 67'452 literals
  6.25e-02s  0.00e+00d  [DetectDominanceRelations] 
  2.98e-01s  0.00e+00d  [PresolveToFixPoint] #num_loops=1 #num_dual_strengthening=1 
  7.08e-02s  0.00e+00d  [ProcessAtMostOneAndLinear] 
  4.38e-02s  0.00e+00d  [DetectDuplicateConstraints] 
  5.75e-02s  0.00e+00d  [DetectDuplicateConstraintsWithDifferentEnforcements] #without_enforcements=68'908 
  2.37e-02s  3.48e-04d  [DetectDominatedLinearConstraints] #relevant_constraints=11'696 
  1.51e-02s  0.00e+00d  [DetectDifferentVariables] 
  4.52e-02s  1.09e-03d  [ProcessSetPPC] #relevant_constraints=27'884 #num_inclusions=11'049 
  1.82e-02s  0.00e+00d  [TransformClausesToExactlyOne] 
  2.80e-02s  0.00e+00d  [DetectEncodedComplexDomains] 
  1.57e-02s  0.00e+00d  [FindAlmostIdenticalLinearConstraints] 
  2.71e-01s  1.00e+00d *[FindBigAtMostOneAndLinearOverlap] 
  5.52e-02s  1.00e+00d *[FindBigVerticalLinearOverlap] 
  2.18e-02s  2.43e-03d  [FindBigHorizontalLinearOverlap] #blocks=2 #saved_nz=8'774 #linears=12 
  1.21e-02s  0.00e+00d  [MergeClauses] 
  5.98e-02s  0.00e+00d  [DetectDominanceRelations] 
  2.90e-01s  0.00e+00d  [PresolveToFixPoint] #num_loops=2 #num_dual_strengthening=1 
  6.07e-02s  0.00e+00d  [DetectDominanceRelations] 
  2.79e-01s  0.00e+00d  [PresolveToFixPoint] #num_loops=1 #num_dual_strengthening=1 
  1.54e-02s  0.00e+00d  [DetectDuplicateColumns] 
  3.67e-02s  0.00e+00d  [DetectDuplicateConstraints] 
[Symmetry] Graph for symmetry has 383'108 nodes and 810'723 arcs.
[Symmetry] Symmetry computation done. time: 0.0903512 dtime: 0.132469
[Symmetry] #generators: 1, average support size: 11546
[Symmetry] 5773 orbits on 11546 variables with sizes: 2,2,2,2,2,2,2,2,2,2,...
[Symmetry] Num fixable by intersecting at_most_one with orbits: 1 largest_orbit: 2
  6.01e-02s  0.00e+00d  [DetectDuplicateConstraintsWithDifferentEnforcements] #without_enforcements=68'908 
  3.26e+02s  1.00e+00d *[Probe] #probed=121'436 
  9.27e-03s  0.00e+00d  [MaxClique] 
  5.79e-02s  0.00e+00d  [DetectDominanceRelations] 
  2.73e-01s  0.00e+00d  [PresolveToFixPoint] #num_loops=1 #num_dual_strengthening=1 
  6.29e-02s  0.00e+00d  [ProcessAtMostOneAndLinear] 
  4.13e-02s  0.00e+00d  [DetectDuplicateConstraints] 
  5.57e-02s  0.00e+00d  [DetectDuplicateConstraintsWithDifferentEnforcements] #without_enforcements=68'907 
  2.47e-02s  3.11e-04d  [DetectDominatedLinearConstraints] #relevant_constraints=11'698 
  1.50e-02s  0.00e+00d  [DetectDifferentVariables] 
  2.68e-02s  6.53e-04d  [ProcessSetPPC] #relevant_constraints=16'837 
  2.08e-02s  0.00e+00d  [TransformClausesToExactlyOne] 
  2.80e-02s  0.00e+00d  [DetectEncodedComplexDomains] 
  1.59e-02s  0.00e+00d  [FindAlmostIdenticalLinearConstraints] 
  2.80e-01s  1.00e+00d *[FindBigAtMostOneAndLinearOverlap] 
  6.65e-02s  1.00e+00d *[FindBigVerticalLinearOverlap] 
  1.89e-02s  4.88e-03d  [FindBigHorizontalLinearOverlap] #linears=14 
  1.22e-02s  0.00e+00d  [MergeClauses] 
  5.79e-02s  0.00e+00d  [DetectDominanceRelations] 
  2.81e-01s  0.00e+00d  [PresolveToFixPoint] #num_loops=1 #num_dual_strengthening=1 
  2.85e-01s  0.00e+00d  [MergeNoOverlap] 
  1.60e-02s  0.00e+00d  [MergeNoOverlap2D] 
  8.11e-02s  0.00e+00d  [ExpandObjective] #entries=1'415'439 #tight_variables=150'200 #tight_constraints=20'859 

Presolve summary:
  - 5456 affine relations were detected.
  - rule 'TODO dual: only one blocking constraint?' was applied 28 times.
  - rule 'TODO duplicate: skipped identical encoding constraints' was applied 8'970 times.
  - rule 'TODO interval: same interval with different enforcement?' was applied 419'623 times.
  - rule 'affine: new relation' was applied 5'456 times.
  - rule 'at_most_one: transformed into max clique' was applied 2 times.
  - rule 'deductions: 134238 stored' was applied 1 time.
  - rule 'deductions: reduced variable domain' was applied 1 time.
  - rule 'duplicate: removed constraint' was applied 1'385 times.
  - rule 'duplicate: removed enforced constraint' was applied 69'649 times.
  - rule 'encoding: candidate linear is all boolean now' was applied 1'385 times.
  - rule 'encoding: extracted from linear' was applied 5'415 times.
  - rule 'encoding: reduced target domain' was applied 5'415 times.
  - rule 'enforcement: false literal' was applied 187'845 times.
  - rule 'exactly_one: removed literals' was applied 1'031 times.
  - rule 'intervals: removed unused interval' was applied 6'167 times.
  - rule 'lin_max: removed exprs' was applied 3 times.
  - rule 'lin_max: target domain reduced' was applied 1 time.
  - rule 'linear matrix: common horizontal rectangle' was applied 6 times.
  - rule 'linear1: transformed to implication' was applied 41'860 times.
  - rule 'linear1: x in domain' was applied 6'136 times.
  - rule 'linear2: already known enforced relation' was applied 1'251'792 times.
  - rule 'linear: always true' was applied 13'497 times.
  - rule 'linear: divide by GCD' was applied 30'423 times.
  - rule 'linear: empty' was applied 23'321 times.
  - rule 'linear: enforcement literal in expression' was applied 2 times.
  - rule 'linear: extracted at most one (max)' was applied 1'340 times.
  - rule 'linear: extracted at most one (min)' was applied 45 times.
  - rule 'linear: fixed or dup variables' was applied 40'378 times.
  - rule 'linear: positive equal one' was applied 1'385 times.
  - rule 'linear: reduced variable domains' was applied 12'490 times.
  - rule 'linear: remapped using affine relations' was applied 316'670 times.
  - rule 'linear: simplified rhs' was applied 18'655 times.
  - rule 'new_bool: integer encoding' was applied 10'010 times.
  - rule 'no_overlap: removed absent intervals' was applied 20 times.
  - rule 'presolve: 7912 unused variables removed.' was applied 1 time.
  - rule 'presolve: iteration' was applied 3 times.
  - rule 'setppc: bool_or in at_most_one' was applied 23'483 times.
  - rule 'setppc: exactly_one included in linear' was applied 1 time.
  - rule 'setppc: reduced linear coefficients' was applied 1 time.
  - rule 'setppc: removed dominated constraints' was applied 1 time.
  - rule 'symmetry: fixed to false in general orbit' was applied 17 times.
  - rule 'variables with 2 values: new affine relation' was applied 1'040 times.
  - rule 'variables with 2 values: register other encoding' was applied 1'040 times.
  - rule 'variables: add encoding constraint' was applied 8'970 times.
  - rule 'variables: canonicalize affine domain' was applied 2'670 times.
  - rule 'variables: detect fully reified value encoding' was applied 2'085 times.
  - rule 'variables: detect half reified value encoding' was applied 101'750 times.

Presolved optimization model '': (model_fingerprint: 0xeb4ff3ff58d961dd)
#Variables: 97'494 (#ints: 1 in objective) (80'664 primary variables)
  - 84'692 Booleans in [0,1]
  - 5'739 different domains in [-566666,566666] with a largest complexity of 3.
#kExactlyOne: 16'823 (#literals: 142'131)
#kInterval: 74'683 (#enforced: 74'683)
#kLinMax: 1 (#expressions: 202)
#kLinear1: 17'940 (#enforced: 17'940)
#kLinear2: 7'654
#kLinear3: 4'030
#kLinearN: 14 (#terms: 69'664)
#kNoOverlap: 8 (#intervals: 122'176, #optional: 122'176, #variable_sizes: 96'692)
[Symmetry] Graph for symmetry has 369'737 nodes and 810'713 arcs.
[Symmetry] Symmetry computation done. time: 0.0621321 dtime: 0.123197

Preloading model.
#Bound 918.22s best:inf   next:[531545,566666] initial_domain
#Model 918.29s var:97494/97494 constraints:121153/121153

Starting search at 918.30s with 8 workers.
6 full problem subsolvers: [default_lp, fixed, max_lp, no_lp, quick_restart, reduced_costs]
2 first solution subsolvers: [fj, fs_random_no_lp]
13 interleaved subsolvers: [feasibility_pump, graph_arc_lns, graph_cst_lns, graph_dec_lns, graph_var_lns, ls, rins/rens, rnd_cst_lns, rnd_var_lns, scheduling_intervals_lns, scheduling_precedences_lns, scheduling_resource_windows_lns, scheduling_time_window_lns]
3 helper subsolvers: [neighborhood_helper, synchronization_agent, update_gap_integral]

#1     2528.65s best:532090 next:[531545,532089] fixed
#2     2965.04s best:532089 next:[531545,532088] scheduling_intervals_lns (d=1.24e-01 s=8161 t=0.10 p=0.00 stall=0 h=base) [hint]
#3     3131.95s best:532088 next:[531545,532087] ls_restart_perturb(batch:5 lin{mvs:224 evals:34'601} gen{mvs:2 evals:36'035} #w_updates:207 #perturb:0)
#4     3157.79s best:532074 next:[531545,532073] scheduling_intervals_lns (d=3.25e-02 s=8776 t=0.10 p=0.18 stall=0 h=base)
#5     3192.97s best:532073 next:[531545,532072] ls_restart_decay_perturb(batch:4 lin{mvs:62 evals:99'873} gen{mvs:2 evals:56'739} #w_updates:59 #perturb:0)
#6     3193.17s best:532072 next:[531545,532071] ls_restart_decay_perturb(batch:1 lin{mvs:60 evals:87'587} #w_updates:58 #perturb:0)
#7     3193.29s best:532071 next:[531545,532070] ls_restart(batch:1 lin{mvs:60 evals:120'746} #w_updates:68 #perturb:0)
#8     3197.15s best:532070 next:[531545,532069] ls_restart_perturb(batch:1 lin{mvs:62 evals:112'840} #w_updates:68 #perturb:0)
#9     3197.25s best:532069 next:[531545,532068] ls_restart_perturb(batch:1 lin{mvs:62 evals:112'066} #w_updates:68 #perturb:0)
#10    3197.36s best:532068 next:[531545,532067] ls_restart_decay_perturb(batch:1 lin{mvs:68 evals:100'309} #w_updates:60 #perturb:0)
#11    3203.13s best:531994 next:[531545,531993] scheduling_time_window_lns (d=1.00e+00 s=8873 t=0.10 p=1.00 stall=4 h=base)
#12    3246.34s best:531973 next:[531545,531972] scheduling_intervals_lns (d=1.28e-02 s=8974 t=0.10 p=0.13 stall=1 h=base)
#13    3291.92s best:531972 next:[531545,531971] scheduling_intervals_lns (d=1.96e-02 s=9111 t=0.10 p=0.24 stall=0 h=base)
#14    3336.09s best:531971 next:[531545,531970] ls_restart_decay(batch:3 lin{mvs:234 evals:93'778} #w_updates:123 #perturb:0)
#15    3336.86s best:531970 next:[531545,531969] ls_restart_decay(batch:1 lin{mvs:55 evals:109'531} #w_updates:43 #perturb:0)
#16    3349.91s best:531962 next:[531545,531961] scheduling_intervals_lns (d=2.95e-02 s=9246 t=0.10 p=0.32 stall=0 h=base)
#17    3392.41s best:531961 next:[531545,531960] ls_restart_decay_perturb(batch:4 lin{mvs:288 evals:92'208} #w_updates:181 #perturb:0)
#18    3511.12s best:531960 next:[531545,531959] scheduling_intervals_lns (d=4.28e-02 s=9864 t=0.10 p=0.41 stall=0 h=base) [hint]
#19    3511.29s best:531959 next:[531545,531958] ls_restart_perturb(batch:1 lin{mvs:73 evals:101'178} #w_updates:64 #perturb:0)
#20    3525.03s best:531935 next:[531545,531934] scheduling_resource_windows_lns (d=1.00e+00 s=9877 t=0.10 p=1.00 stall=16 h=stalling)
#21    3852.02s best:531934 next:[531545,531933] scheduling_intervals_lns (d=3.54e-02 s=10713 t=0.10 p=0.43 stall=0 h=base) [hint]
#22    3965.89s best:531926 next:[531545,531925] scheduling_intervals_lns (d=3.07e-02 s=10943 t=0.10 p=0.42 stall=2 h=base)
#23    4094.91s best:531925 next:[531545,531924] graph_var_lns (d=5.17e-01 s=11270 t=0.10 p=0.49 stall=0 h=base)
#24    4654.11s best:531924 next:[531545,531923] ls_restart_decay_compound(batch:28 lin{mvs:0 evals:45} gen{mvs:61 evals:166'412} comp{mvs:17 btracks:22} #w_updates:0 #perturb:0)
#25    4654.30s best:531923 next:[531545,531922] ls_restart(batch:1 lin{mvs:28 evals:102'008} #w_updates:35 #perturb:0)
#26    5169.47s best:531922 next:[531545,531921] scheduling_intervals_lns (d=2.69e-02 s=14202 t=0.10 p=0.45 stall=0 h=base) [hint]
#27    5169.69s best:531921 next:[531545,531920] ls_restart_decay(batch:1 lin{mvs:51 evals:102'249} #w_updates:32 #perturb:0)
#28    5175.15s best:531918 next:[531545,531917] scheduling_time_window_lns (d=1.00e+00 s=14206 t=0.10 p=1.00 stall=0 h=base)
#29    5221.66s best:531917 next:[531545,531916] scheduling_intervals_lns (d=2.44e-02 s=14265 t=0.10 p=0.44 stall=0 h=base)
#30    5299.70s best:531916 next:[531545,531915] scheduling_intervals_lns (d=4.00e-02 s=14549 t=0.10 p=0.47 stall=0 h=base) [hint]
#31    5304.50s best:531912 next:[531545,531911] scheduling_time_window_lns (d=1.00e+00 s=14585 t=0.10 p=1.00 stall=0 h=base)
#32    5499.15s best:531911 next:[531545,531910] scheduling_intervals_lns (d=4.00e-02 s=20106 t=0.10 p=0.48 stall=0 h=base) [hint]
#33    5527.80s best:531910 next:[531545,531909] graph_var_lns (d=5.11e-01 s=20225 t=0.10 p=0.50 stall=0 h=base)
#34    5580.76s best:531909 next:[531545,531908] ls_restart_decay_perturb(batch:2 lin{mvs:152 evals:124'009} #w_updates:89 #perturb:0)
#35    5727.42s best:531893 next:[531545,531892] scheduling_intervals_lns (d=3.67e-02 s=21478 t=0.10 p=0.47 stall=1 h=base)
#ls    5732.32s infeasible solution. Aborting.
#36    5768.40s best:531866 next:[531545,531865] scheduling_resource_windows_lns (d=1.00e+00 s=21542 t=0.10 p=1.00 stall=1 h=base)
#37    5835.71s best:531865 next:[531545,531864] scheduling_intervals_lns (d=3.08e-02 s=21866 t=0.10 p=0.47 stall=0 h=base) [hint]
#38    6087.87s best:531864 next:[531545,531863] scheduling_intervals_lns (d=3.99e-02 s=22560 t=0.10 p=0.48 stall=0 h=base) [hint]
#39    6107.22s best:531856 next:[531545,531855] scheduling_resource_windows_lns (d=1.00e+00 s=22630 t=0.10 p=1.00 stall=1 h=base)
#40    6107.50s best:531852 next:[531545,531851] scheduling_resource_windows_lns (d=1.00e+00 s=22629 t=0.10 p=1.00 stall=1 h=base)
#41    6530.06s best:531845 next:[531545,531844] scheduling_intervals_lns (d=2.90e-02 s=23706 t=0.10 p=0.47 stall=0 h=base)
#42    6664.36s best:531844 next:[531545,531843] scheduling_intervals_lns (d=2.49e-02 s=24141 t=0.10 p=0.46 stall=0 h=base)
#43    6768.44s best:531843 next:[531545,531842] scheduling_intervals_lns (d=3.13e-02 s=24355 t=0.10 p=0.47 stall=1 h=base) [hint]
#44    6774.03s best:531842 next:[531545,531841] scheduling_resource_windows_lns (d=1.00e+00 s=24383 t=0.10 p=1.00 stall=0 h=base)
#45    7730.18s best:531841 next:[531545,531840] rnd_var_lns (d=8.92e-01 s=26747 t=0.10 p=0.67 stall=0 h=base) [hint]
#46    8060.63s best:531840 next:[531545,531839] rnd_cst_lns (d=4.55e-01 s=27640 t=0.10 p=0.50 stall=0 h=base)
#47    8066.01s best:531834 next:[531545,531833] scheduling_time_window_lns (d=1.00e+00 s=27641 t=0.10 p=1.00 stall=0 h=base)
#48    8175.24s best:531833 next:[531545,531832] rnd_cst_lns (d=4.26e-01 s=28128 t=0.10 p=0.50 stall=0 h=base)
#49    8179.81s best:531830 next:[531545,531829] scheduling_time_window_lns (d=1.00e+00 s=28132 t=0.10 p=1.00 stall=0 h=base)
#50    8232.35s best:531826 next:[531545,531825] scheduling_intervals_lns (d=3.48e-02 s=28314 t=0.10 p=0.48 stall=0 h=base)
#51    8593.78s best:531825 next:[531545,531824] scheduling_intervals_lns (d=3.72e-02 s=28955 t=0.10 p=0.49 stall=0 h=base) [hint]
#52    8598.46s best:531815 next:[531545,531814] scheduling_resource_windows_lns (d=1.00e+00 s=28960 t=0.10 p=1.00 stall=0 h=base)
#53    8695.70s best:531814 next:[531545,531813] scheduling_intervals_lns (d=4.20e-02 s=29545 t=0.10 p=0.49 stall=0 h=base) [hint]
#54    8700.54s best:531811 next:[531545,531810] scheduling_resource_windows_lns (d=1.00e+00 s=29575 t=0.10 p=1.00 stall=0 h=base)
#55    8977.09s best:531810 next:[531545,531809] graph_cst_lns (d=4.22e-01 s=30710 t=0.10 p=0.50 stall=0 h=base)
#56    8981.37s best:531809 next:[531545,531808] scheduling_time_window_lns (d=1.00e+00 s=30718 t=0.10 p=1.00 stall=0 h=base)

Task timing                                  n [     min,      max]      avg      dev     time         n [     min,      max]      avg      dev    dtime
                       'default_lp':         1 [   2.24h,    2.24h]    2.24h   0.00ns    2.24h         2 [   1.11s,    1.55h]   46.64m   46.62m    1.55h
                 'feasibility_pump':     11799 [  1.05ms,    2.06m]  42.42ms    2.19s    8.34m        22 [ 22.12ms,   11.79s]    2.80s    4.18s    1.03m
                            'fixed':         1 [   2.24h,    2.24h]    2.24h   0.00ns    2.24h         2 [   1.06s,   35.14m]   17.58m   17.56m   35.15m
                               'fj':      3723 [  5.93ms, 356.11ms]  47.38ms  39.71ms    2.94m      3723 [103.29ms, 519.51ms] 129.55ms  43.77ms    8.04m
                  'fs_random_no_lp':         1 [  26.84m,   26.84m]   26.84m   0.00ns   26.84m         2 [   1.02s,    2.63s]    1.82s 809.36ms    3.65s
                    'graph_arc_lns':        55 [126.91ms,    1.63m]   21.81s   18.90s   19.99m        47 [  1.38ms, 100.10ms]  71.22ms  37.31ms    3.35s
                    'graph_cst_lns':      2445 [ 11.04ms,    2.70s] 483.25ms 481.49ms   19.69m      1298 [310.58us, 110.15ms]  62.49ms  46.20ms    1.35m
                    'graph_dec_lns':        13 [204.21ms,    4.00m]    1.63m    1.44m   21.23m         9 [ 21.68ms, 100.05ms]  81.08ms  29.89ms 729.72ms
                    'graph_var_lns':       424 [ 88.19ms,   17.72s]    2.81s    3.46s   19.86m       302 [558.29us, 104.75ms]  77.83ms  38.06ms   23.50s
                               'ls':      5318 [  6.34ms, 839.49ms] 104.29ms  95.37ms    9.24m      5318 [360.34us,    7.10m]   17.83s    1.02m   26.34h
                           'max_lp':         1 [   2.24h,    2.24h]    2.24h   0.00ns    2.24h         2 [   3.40s,    2.45m]    1.25m    1.19m    2.50m
                            'no_lp':         1 [   2.24h,    2.24h]    2.24h   0.00ns    2.24h         2 [   1.02s,    8.78s]    4.90s    3.88s    9.79s
                    'quick_restart':         1 [   2.24h,    2.24h]    2.24h   0.00ns    2.24h         2 [   1.21s,    2.16m]    1.09m    1.07m    2.18m
                    'reduced_costs':         1 [   2.24h,    2.24h]    2.24h   0.00ns    2.24h         2 [   1.06s,    3.52m]    1.77m    1.75m    3.54m
                        'rins/rens':      3726 [ 10.73ms,   15.92m] 366.97ms   16.06s   22.79m        10 [570.91us, 100.08ms]  31.47ms  44.90ms 314.72ms
                      'rnd_cst_lns':      1371 [ 10.03ms,    3.16s] 862.49ms 683.46ms   19.71m       911 [420.75us, 106.50ms]  65.35ms  44.17ms   59.53s
                      'rnd_var_lns':        14 [124.24ms,    3.54m]    1.42m    1.18m   19.91m        11 [  3.58ms, 100.03ms]  74.60ms  32.68ms 820.57ms
         'scheduling_intervals_lns':       265 [331.25ms,   11.33s]    4.46s    2.12s   19.68m       214 [  1.80ms, 103.07ms]  81.12ms  32.72ms   17.36s
       'scheduling_precedences_lns':        23 [  20.14s,    3.77m]   51.49s   40.78s   19.74m        23 [100.00ms, 100.20ms] 100.08ms  53.40us    2.30s
  'scheduling_resource_windows_lns':       801 [325.05ms,   14.06s]    1.48s    2.16s   19.70m       179 [ 19.39ms,  55.48ms]  27.48ms   5.89ms    4.92s
       'scheduling_time_window_lns':       814 [322.20ms,   11.95s]    1.45s    2.13s   19.71m       177 [ 19.53ms,  74.31ms]  27.92ms   7.25ms    4.94s

Search stats            Bools  Conflicts   Branches  Restarts  BacktrackToRoot  Backtrack  BoolPropag  IntegerPropag
       'default_lp':   84'692      6'415    556'516         1          272'173    293'762  26'865'337     62'551'899
            'fixed':  105'017          0  1'312'028         0          651'527    714'012   5'479'472     49'409'308
  'fs_random_no_lp':   84'692        236    550'582         2          278'796    295'265   2'320'596     21'754'453
           'max_lp':   84'692         50    133'497         1          120'791    120'841     945'611      7'795'424
            'no_lp':   84'692     46'121    688'480         8          278'993    341'313   5'475'605     57'037'691
    'quick_restart':   84'830        116  2'854'392        10        1'363'981  1'508'824  11'283'676    100'454'583
    'reduced_costs':   84'693      3'896  2'436'631         7        1'117'847  1'237'011   9'315'791     87'596'536

SAT formula           Fixed  Equiv    Total  VarLeft  BinaryClauses  PermanentClauses  TemporaryClauses
       'default_lp':      0      0   84'692   84'692         31'702            13'457             3'911
            'fixed':    163      0  105'017  104'854         64'284            13'396                 0
  'fs_random_no_lp':      0      0   84'692   84'692         31'702            13'251               220
           'max_lp':      0      0   84'692   84'692         31'702            11'754                50
            'no_lp':      0      0   84'692   84'692         31'702            13'183            14'412
    'quick_restart':      0      0   84'830   84'830         32'818            13'149                54
    'reduced_costs':      0      0   84'693   84'693         31'702            12'941             3'528

SAT stats             ClassicMinim  LitRemoved  LitRemovedBinary  LitLearned  LitForgotten  Subsumed
       'default_lp':         2'836       8'504             3'776  73'826'790             0     2'324
            'fixed':             0           0                 0           0             0         0
  'fs_random_no_lp':            30          80            26'144     113'111             0        16
           'max_lp':             3           3             9'236     138'896             0         0
            'no_lp':        25'279     165'819         1'019'793   3'794'895     2'385'391     2'467
    'quick_restart':            82       1'036             7'631      73'760             0         7
    'reduced_costs':         3'764      36'817            89'864   1'042'530             0       351

Vivification          Clauses  Decisions  LitTrue  Subsumed  LitRemoved  DecisionReused  Conflicts
       'default_lp':   46'173    275'129        0    11'442      85'729               0          0
            'fixed':  108'327    660'291        0    12'998      96'697               0          0
  'fs_random_no_lp':   46'746    277'504        0    11'468      85'910               0          0
           'max_lp':        0          0        0         0           0               0          0
            'no_lp':   46'954    277'268        0    11'577      84'454               0          0
    'quick_restart':  259'409  1'586'264        0    13'395      98'624             130          0
    'reduced_costs':  206'664  1'275'508        0    13'401      98'283              15          0

Clause deletion       at_true  l_and_not(l)  to_binary  sub_conflict  sub_extra  sub_decisions  sub_eager  sub_vivify  sub_probing  sub_inpro  blocked  eliminated  forgotten  promoted  conflicts
       'default_lp':        0             0          0         2'043        180              0        281      11'442            0      1'489        0           0          0    12'981      6'415
            'fixed':        0             0          0             0          0              0          0      12'998            0      1'505        0           0          0         0          0
  'fs_random_no_lp':        0             0          0             1          0              0         15      11'468            0      1'579        0           0          0       345        236
           'max_lp':        0             0          0             0          0              0          0           0            0      8'073        0           0          0        98         50
            'no_lp':        0             0          0         1'967         28              0        500      11'577            0      1'573        0           0     29'186    94'823     46'121
    'quick_restart':        0             0          0             4          0              0          3      13'395            0      1'410        0           0          0        81        116
    'reduced_costs':        0             0          0           319          8              0         32      13'401            0      1'579        0           0          0     8'519      3'896

Lp stats            Component  Iterations  AddedCuts  OPTIMAL  DUAL_F.  DUAL_U.
     'default_lp':         51   8'889'217      9'601    1'305   17'687    1'294
          'fixed':         51   2'641'369     27'066   23'468    4'958        0
         'max_lp':          1      88'648        125      197    1'812       20
  'quick_restart':         51     105'763     39'157   12'554       36       10
  'reduced_costs':          1     140'411     12'439   18'319    8'748      224

Lp dimension               Final dimension of first component
     'default_lp':  18070 rows, 83133 columns, 164259 entries
          'fixed':  24748 rows, 92104 columns, 141862 entries
         'max_lp':  28101 rows, 97494 columns, 228717 entries
  'quick_restart':  20557 rows, 83133 columns, 178164 entries
  'reduced_costs':  26103 rows, 97494 columns, 192389 entries

Lp debug            CutPropag  CutEqPropag  Adjust  Overflow      Bad  BadScaling
     'default_lp':          0            0   1'294         0        0           0
          'fixed':          0            0       0         0    8'217           0
         'max_lp':          0            0      20         0      603           0
  'quick_restart':          0           62      10         0  318'304           0
  'reduced_costs':          0            0     224         0        0           0

Lp pool             Constraints  Updates  Simplif  Merged  Shortened  Split  Strengthened      Cuts/Call
     'default_lp':       37'770        0        0     201          0      0             0   9'601/17'633
          'fixed':       49'045       99      155   3'342          0      0             0  27'066/42'279
         'max_lp':       43'302        0        0   3'192          0      0             0        125/256
  'quick_restart':       37'326      943      203     201          0    637            63  39'157/64'198
  'reduced_costs':       52'625        0      134   3'191          0      0             0  12'439/19'839

Lp Cut                              reduced_costs  default_lp   fixed  max_lp  quick_restart
                            CG_FF:              -           -      30       6            101
                             CG_K:              -           -       3       -              8
                            CG_KL:              -           -       1       1              -
                             CG_R:              -           -      18       6             85
                            CG_RB:              -           -      40       4             80
                           CG_RBP:              -           -       1       3             11
                               IB:         12'439       9'601  26'658      50         24'971
                         MIR_1_FF:              -           -      46       1          2'627
                          MIR_1_K:              -           -      12       -              1
                         MIR_1_KL:              -           -      16       1              -
                          MIR_1_R:              -           -       1       1            207
                         MIR_1_RB:              -           -       6       -          1'141
                        MIR_1_RBP:              -           -       4       -              -
                        MIR_1_RLT:              -           -       -       2              -
                         MIR_2_FF:              -           -      17       3          1'568
                          MIR_2_K:              -           -      21       1             12
                          MIR_2_R:              -           -       3       -            172
                         MIR_2_RB:              -           -       5       -            398
                        MIR_2_RBP:              -           -       -       -              4
                         MIR_3_FF:              -           -       6       8            115
                          MIR_3_K:              -           -       6       5             11
                          MIR_3_R:              -           -       3       5            102
                         MIR_3_RB:              -           -       3       -             49
                        MIR_3_RBP:              -           -       -       -              3
                         MIR_4_FF:              -           -       2       5             10
                          MIR_4_K:              -           -       -       5              -
                          MIR_4_R:              -           -       1       3             30
                         MIR_4_RB:              -           -       1       -             34
                         MIR_5_FF:              -           -       2       1             12
                          MIR_5_K:              -           -       -       1              -
                          MIR_5_R:              -           -       2       1              9
                         MIR_5_RB:              -           -       2       -             29
                         MIR_6_FF:              -           -       1       -             12
                          MIR_6_R:              -           -       -       -             21
                         MIR_6_RB:              -           -       3       -             27
  NoOverlapEnergy_lifted_optional:              -           -       -       5              -
                     ZERO_HALF_FF:              -           -      44       3          1'072
                      ZERO_HALF_K:              -           -       -       1            328
                     ZERO_HALF_KL:              -           -       1       -              -
                      ZERO_HALF_R:              -           -      58       2          4'071
                     ZERO_HALF_RB:              -           -      45       1          1'681
                    ZERO_HALF_RBP:              -           -       4       -            155

LNS stats                             Improv/Calls  Closed  Difficulty  TimeLimit
                    'graph_arc_lns':         39/55     49%    5.99e-01       0.10
                    'graph_cst_lns':     1030/1508     50%    3.91e-01       0.10
                    'graph_dec_lns':         10/13     54%    7.94e-01       0.10
                    'graph_var_lns':       344/424     50%    5.75e-01       0.10
                        'rins/rens':         13/13     77%    9.70e-01       0.10
                      'rnd_cst_lns':      730/1061     50%    4.39e-01       0.10
                      'rnd_var_lns':          9/14     64%    8.92e-01       0.10
         'scheduling_intervals_lns':       204/265     49%    4.45e-02       0.10
       'scheduling_precedences_lns':         23/23      0%    8.75e-04       0.10
  'scheduling_resource_windows_lns':       634/801    100%    1.00e+00       0.10
       'scheduling_time_window_lns':       648/814    100%    1.00e+00       0.10

LS stats                                    Batches  Restarts/Perturbs  LinMoves  GenMoves  CompoundMoves  Bactracks  WeightUpdates  ScoreComputed
                             'fj_restart':      304                 60    46'955         0              0          0             14     18'879'842
                    'fj_restart_compound':      332                 83         0     2'787          2'749          0              0         44'221
                'fj_restart_compound_obj':      280                 70         0     2'395          2'361          0              0         38'018
            'fj_restart_compound_perturb':      397                 71         0     1'101          1'091          0              0         45'488
        'fj_restart_compound_perturb_obj':      135                 52         0       379            352          0              0         14'999
                       'fj_restart_decay':      389                 55    54'265         0              0          0             12     25'517'048
              'fj_restart_decay_compound':      185                 62         0     1'809          1'778          0              0         26'478
          'fj_restart_decay_compound_obj':      145                 61         0     1'799          1'756          0              0         23'041
      'fj_restart_decay_compound_perturb':      160                 55         0       460            438          0              0         17'463
  'fj_restart_decay_compound_perturb_obj':      165                 46         0       472            449          0              0         18'270
                   'fj_restart_decay_obj':      272                 51    39'693         0              0          0              9     14'213'884
               'fj_restart_decay_perturb':      218                 57    28'963         0              0          0              2      3'423'779
           'fj_restart_decay_perturb_obj':      155                 52    15'393         0              0          0              0        399'196
                         'fj_restart_obj':      126                 42    19'789         0              0          0              4      3'356'352
                     'fj_restart_perturb':      225                 51    30'924         0              0          0              7      9'610'567
                 'fj_restart_perturb_obj':      235                 56    28'511         0              0          0              4      5'158'328
                             'ls_restart':      710                259    64'612        16              0          0         48'145     34'591'851
                    'ls_restart_compound':      721                270         0     1'256            117        507             78     10'003'057
            'ls_restart_compound_perturb':      719                282         0     1'182            160        417             52      9'571'701
                       'ls_restart_decay':      477                253    41'328        55              0          0         18'531     33'752'157
              'ls_restart_decay_compound':      652                276         0     1'074            142        388             36      7'728'179
      'ls_restart_decay_compound_perturb':      641                272         0     1'088            164        399             39     11'054'506
               'ls_restart_decay_perturb':      743                293    59'236       166              0          0         21'007     50'438'715
                     'ls_restart_perturb':      655                251    62'363        11              0          0         43'407     28'587'430

Solutions (56)                        Num     Rank
                            'fixed':    2    [0,1]
                    'graph_cst_lns':    2  [54,55]
                    'graph_var_lns':    4  [22,33]
                       'ls_restart':    4   [6,25]
                 'ls_restart_decay':    6  [13,27]
        'ls_restart_decay_compound':    2  [23,24]
         'ls_restart_decay_perturb':   10   [4,34]
               'ls_restart_perturb':    8   [2,19]
                      'rnd_cst_lns':    4  [45,48]
                      'rnd_var_lns':    2  [44,45]
         'scheduling_intervals_lns':   42   [1,53]
  'scheduling_resource_windows_lns':   14  [19,54]
       'scheduling_time_window_lns':   12  [10,56]

Objective bounds     Num
  'initial_domain':    1

Solution repositories    Added  Queried  Synchro
    'alternative_path':     74    2'551       74
      'best_solutions':  1'631    5'834      955
   'fj solution hints':    916        0      916
        'lp solutions':  1'473    3'726    1'423
                'pump':      0        0

Improving bounds shared      Num  Sym
                 'fixed':  3'224    0
                'max_lp':    806    0
                 'no_lp':  2'418    0
         'quick_restart':  6'448    0
         'reduced_costs':  4'030    0

Clauses shared        #Exported  #Imported  #BinaryRead  #BinaryTotal
       'default_lp':          0          0            0             0
            'fixed':          0         23            0             0
  'fs_random_no_lp':          0          0            0             0
           'max_lp':          0         23            0             0
            'no_lp':         22          1            0             0
    'quick_restart':          0         23            0             0
    'reduced_costs':          1         11            0             0

LRAT_status: NA
CpSolverResponse summary:
status: FEASIBLE
objective: 531809
best_bound: 531545
integers: 84471
booleans: 84692
conflicts: 236
branches: 550582
propagations: 2320596
integer_propagations: 21754453
restarts: 2
lp_iterations: 0
walltime: 9000.48
usertime: 9000.48
deterministic_time: 103794
gap_integral: 623239
solution_fingerprint: 0x460737da97e3911

cpsat status=FEASIBLE wall=9000.6s
  cpsat: status=FEASIBLE objective=531.81 ms bound=531.54 ms wall=9000.6s
  Makespan: 531.81 ms
  Periodic 'yolov8_nano_64x96': the schedule runs to 532 ms, which would take 48 instances, but the workload asks for 45 — keeping 45
  Periodic 'yolov8_nano_64x96': period=11ms current=45 needed=45
  Periodic 'fused_full': the schedule runs to 532 ms, which would take 48 instances, but the workload asks for 45 — keeping 45
  Periodic 'fused_full': period=11ms current=45 needed=45
  Periodic 'mlp_control': the schedule runs to 532 ms, which would take 54 instances, but the workload asks for 50 — keeping 50
  Periodic 'mlp_control': period=10ms current=50 needed=50
  Periodic 'ffn_block': the schedule runs to 532 ms, which would take 6 instances, but the workload asks for 5 — keeping 5
  Periodic 'ffn_block': period=100ms current=5 needed=5
  Periodic 'dronet': the schedule runs to 532 ms, which would take 16 instances, but the workload asks for 15 — keeping 15
  Periodic 'dronet': period=33ms current=15 needed=15
  All periodic counts cover makespan — converged.

Final greedy makespan: 531.81 ms (after 1 iteration)
  cpsat: makespan=531.81 ms (all ops 531.81 ms), periodic window misses=0, converged

Scheduling completed!
Makespan (all operations): 531.81 ms

Combination assignments:
  1xCPU_P: 2740 operations
  1xCPU_P: 2740 operations
  1xCPU_P: 2740 operations
  1xCPU_P: 2740 operations
  2xCPU_P: 256 operations
  2xCPU_P: 256 operations
  4xCPU_P: 18 operations
  1xCPU_E: 2487 operations
  1xCPU_E: 2487 operations
  1xCPU_E: 2487 operations
  1xCPU_E: 2487 operations
  2xCPU_E: 261 operations
  2xCPU_E: 261 operations
  4xCPU_E: 13 operations

Per-network combination assignments:
  Yolov8_nano_64x960: 1xCPU_P=29, 1xCPU_P=29, 1xCPU_P=29, 1xCPU_P=29, 2xCPU_P=7, 2xCPU_P=7, 4xCPU_P=3, 1xCPU_E=48, 1xCPU_E=48, 1xCPU_E=48, 1xCPU_E=48, 2xCPU_E=10, 2xCPU_E=10, 4xCPU_E=1
  Fused_full0: 1xCPU_P=5, 1xCPU_P=5, 1xCPU_P=5, 1xCPU_P=5, 1xCPU_E=10, 1xCPU_E=10, 1xCPU_E=10, 1xCPU_E=10
  Mlp_control0: 1xCPU_P=6, 1xCPU_P=6, 1xCPU_P=6, 1xCPU_P=6, 1xCPU_E=1, 1xCPU_E=1, 1xCPU_E=1, 1xCPU_E=1
  Ffn_block0: 1xCPU_P=1, 1xCPU_P=1, 1xCPU_P=1, 1xCPU_P=1, 2xCPU_P=1, 2xCPU_P=1, 4xCPU_P=1, 1xCPU_E=1, 1xCPU_E=1, 1xCPU_E=1, 1xCPU_E=1, 2xCPU_E=1, 2xCPU_E=1
  Dronet0: 1xCPU_P=7, 1xCPU_P=7, 1xCPU_P=7, 1xCPU_P=7, 2xCPU_P=6, 2xCPU_P=6, 4xCPU_P=2, 1xCPU_E=5, 1xCPU_E=5, 1xCPU_E=5, 1xCPU_E=5, 2xCPU_E=1, 2xCPU_E=1
  Yolov8_nano_64x961: 1xCPU_P=31, 1xCPU_P=31, 1xCPU_P=31, 1xCPU_P=31, 2xCPU_P=6, 2xCPU_P=6, 4xCPU_P=1, 1xCPU_E=50, 1xCPU_E=50, 1xCPU_E=50, 1xCPU_E=50, 2xCPU_E=10, 2xCPU_E=10
  Yolov8_nano_64x962: 1xCPU_P=35, 1xCPU_P=35, 1xCPU_P=35, 1xCPU_P=35, 2xCPU_P=11, 2xCPU_P=11, 1xCPU_E=49, 1xCPU_E=49, 1xCPU_E=49, 1xCPU_E=49, 2xCPU_E=3, 2xCPU_E=3
  Yolov8_nano_64x963: 1xCPU_P=43, 1xCPU_P=43, 1xCPU_P=43, 1xCPU_P=43, 2xCPU_P=7, 2xCPU_P=7, 1xCPU_E=42, 1xCPU_E=42, 1xCPU_E=42, 1xCPU_E=42, 2xCPU_E=5, 2xCPU_E=5, 4xCPU_E=1
  Yolov8_nano_64x964: 1xCPU_P=31, 1xCPU_P=31, 1xCPU_P=31, 1xCPU_P=31, 2xCPU_P=6, 2xCPU_P=6, 1xCPU_E=55, 1xCPU_E=55, 1xCPU_E=55, 1xCPU_E=55, 2xCPU_E=6, 2xCPU_E=6
  Yolov8_nano_64x965: 1xCPU_P=19, 1xCPU_P=19, 1xCPU_P=19, 1xCPU_P=19, 2xCPU_P=2, 2xCPU_P=2, 1xCPU_E=64, 1xCPU_E=64, 1xCPU_E=64, 1xCPU_E=64, 2xCPU_E=13, 2xCPU_E=13
  Yolov8_nano_64x966: 1xCPU_P=62, 1xCPU_P=62, 1xCPU_P=62, 1xCPU_P=62, 2xCPU_P=12, 2xCPU_P=12, 1xCPU_E=21, 1xCPU_E=21, 1xCPU_E=21, 1xCPU_E=21, 2xCPU_E=3, 2xCPU_E=3
  Yolov8_nano_64x967: 1xCPU_P=49, 1xCPU_P=49, 1xCPU_P=49, 1xCPU_P=49, 2xCPU_P=3, 2xCPU_P=3, 1xCPU_E=44, 1xCPU_E=44, 1xCPU_E=44, 1xCPU_E=44, 2xCPU_E=2, 2xCPU_E=2
  Yolov8_nano_64x968: 1xCPU_P=32, 1xCPU_P=32, 1xCPU_P=32, 1xCPU_P=32, 2xCPU_P=3, 2xCPU_P=3, 1xCPU_E=60, 1xCPU_E=60, 1xCPU_E=60, 1xCPU_E=60, 2xCPU_E=3, 2xCPU_E=3
  Yolov8_nano_64x969: 1xCPU_P=31, 1xCPU_P=31, 1xCPU_P=31, 1xCPU_P=31, 2xCPU_P=2, 2xCPU_P=2, 1xCPU_E=59, 1xCPU_E=59, 1xCPU_E=59, 1xCPU_E=59, 2xCPU_E=6, 2xCPU_E=6
  Yolov8_nano_64x9610: 1xCPU_P=64, 1xCPU_P=64, 1xCPU_P=64, 1xCPU_P=64, 2xCPU_P=9, 2xCPU_P=9, 1xCPU_E=22, 1xCPU_E=22, 1xCPU_E=22, 1xCPU_E=22, 2xCPU_E=3, 2xCPU_E=3
  Yolov8_nano_64x9611: 1xCPU_P=50, 1xCPU_P=50, 1xCPU_P=50, 1xCPU_P=50, 2xCPU_P=8, 2xCPU_P=8, 1xCPU_E=36, 1xCPU_E=36, 1xCPU_E=36, 1xCPU_E=36, 2xCPU_E=4, 2xCPU_E=4
  Yolov8_nano_64x9612: 1xCPU_P=42, 1xCPU_P=42, 1xCPU_P=42, 1xCPU_P=42, 2xCPU_P=4, 2xCPU_P=4, 1xCPU_E=41, 1xCPU_E=41, 1xCPU_E=41, 1xCPU_E=41, 2xCPU_E=11, 2xCPU_E=11
  Yolov8_nano_64x9613: 1xCPU_P=33, 1xCPU_P=33, 1xCPU_P=33, 1xCPU_P=33, 2xCPU_P=12, 2xCPU_P=12, 1xCPU_E=50, 1xCPU_E=50, 1xCPU_E=50, 1xCPU_E=50, 2xCPU_E=2, 2xCPU_E=2, 4xCPU_E=1
  Yolov8_nano_64x9614: 1xCPU_P=51, 1xCPU_P=51, 1xCPU_P=51, 1xCPU_P=51, 2xCPU_P=7, 2xCPU_P=7, 1xCPU_E=37, 1xCPU_E=37, 1xCPU_E=37, 1xCPU_E=37, 2xCPU_E=3, 2xCPU_E=3
  Yolov8_nano_64x9615: 1xCPU_P=32, 1xCPU_P=32, 1xCPU_P=32, 1xCPU_P=32, 2xCPU_P=6, 2xCPU_P=6, 1xCPU_E=57, 1xCPU_E=57, 1xCPU_E=57, 1xCPU_E=57, 2xCPU_E=3, 2xCPU_E=3
  Yolov8_nano_64x9616: 1xCPU_P=57, 1xCPU_P=57, 1xCPU_P=57, 1xCPU_P=57, 2xCPU_P=1, 2xCPU_P=1, 1xCPU_E=34, 1xCPU_E=34, 1xCPU_E=34, 1xCPU_E=34, 2xCPU_E=6, 2xCPU_E=6
  Yolov8_nano_64x9617: 1xCPU_P=58, 1xCPU_P=58, 1xCPU_P=58, 1xCPU_P=58, 2xCPU_P=3, 2xCPU_P=3, 1xCPU_E=33, 1xCPU_E=33, 1xCPU_E=33, 1xCPU_E=33, 2xCPU_E=4, 2xCPU_E=4
  Yolov8_nano_64x9618: 1xCPU_P=48, 1xCPU_P=48, 1xCPU_P=48, 1xCPU_P=48, 2xCPU_P=5, 2xCPU_P=5, 1xCPU_E=45, 1xCPU_E=45, 1xCPU_E=45, 1xCPU_E=45
  Yolov8_nano_64x9619: 1xCPU_P=51, 1xCPU_P=51, 1xCPU_P=51, 1xCPU_P=51, 1xCPU_E=39, 1xCPU_E=39, 1xCPU_E=39, 1xCPU_E=39, 2xCPU_E=7, 2xCPU_E=7, 4xCPU_E=1
  Yolov8_nano_64x9620: 1xCPU_P=32, 1xCPU_P=32, 1xCPU_P=32, 1xCPU_P=32, 2xCPU_P=2, 2xCPU_P=2, 1xCPU_E=58, 1xCPU_E=58, 1xCPU_E=58, 1xCPU_E=58, 2xCPU_E=6, 2xCPU_E=6
  Yolov8_nano_64x9621: 1xCPU_P=47, 1xCPU_P=47, 1xCPU_P=47, 1xCPU_P=47, 2xCPU_P=9, 2xCPU_P=9, 1xCPU_E=36, 1xCPU_E=36, 1xCPU_E=36, 1xCPU_E=36, 2xCPU_E=6, 2xCPU_E=6
  Yolov8_nano_64x9622: 1xCPU_P=47, 1xCPU_P=47, 1xCPU_P=47, 1xCPU_P=47, 2xCPU_P=5, 2xCPU_P=5, 1xCPU_E=40, 1xCPU_E=40, 1xCPU_E=40, 1xCPU_E=40, 2xCPU_E=6, 2xCPU_E=6
  Yolov8_nano_64x9623: 1xCPU_P=41, 1xCPU_P=41, 1xCPU_P=41, 1xCPU_P=41, 2xCPU_P=8, 2xCPU_P=8, 1xCPU_E=47, 1xCPU_E=47, 1xCPU_E=47, 1xCPU_E=47, 2xCPU_E=2, 2xCPU_E=2
  Yolov8_nano_64x9624: 1xCPU_P=49, 1xCPU_P=49, 1xCPU_P=49, 1xCPU_P=49, 2xCPU_P=3, 2xCPU_P=3, 4xCPU_P=1, 1xCPU_E=40, 1xCPU_E=40, 1xCPU_E=40, 1xCPU_E=40, 2xCPU_E=5, 2xCPU_E=5
  Yolov8_nano_64x9625: 1xCPU_P=42, 1xCPU_P=42, 1xCPU_P=42, 1xCPU_P=42, 2xCPU_P=7, 2xCPU_P=7, 1xCPU_E=48, 1xCPU_E=48, 1xCPU_E=48, 1xCPU_E=48, 2xCPU_E=1, 2xCPU_E=1
  Yolov8_nano_64x9626: 1xCPU_P=43, 1xCPU_P=43, 1xCPU_P=43, 1xCPU_P=43, 2xCPU_P=1, 2xCPU_P=1, 1xCPU_E=49, 1xCPU_E=49, 1xCPU_E=49, 1xCPU_E=49, 2xCPU_E=5, 2xCPU_E=5
  Yolov8_nano_64x9627: 1xCPU_P=43, 1xCPU_P=43, 1xCPU_P=43, 1xCPU_P=43, 2xCPU_P=5, 2xCPU_P=5, 1xCPU_E=50, 1xCPU_E=50, 1xCPU_E=50, 1xCPU_E=50
  Yolov8_nano_64x9628: 1xCPU_P=44, 1xCPU_P=44, 1xCPU_P=44, 1xCPU_P=44, 2xCPU_P=6, 2xCPU_P=6, 1xCPU_E=41, 1xCPU_E=41, 1xCPU_E=41, 1xCPU_E=41, 2xCPU_E=7, 2xCPU_E=7
  Yolov8_nano_64x9629: 1xCPU_P=42, 1xCPU_P=42, 1xCPU_P=42, 1xCPU_P=42, 2xCPU_P=4, 2xCPU_P=4, 1xCPU_E=51, 1xCPU_E=51, 1xCPU_E=51, 1xCPU_E=51, 2xCPU_E=1, 2xCPU_E=1
  Yolov8_nano_64x9630: 1xCPU_P=41, 1xCPU_P=41, 1xCPU_P=41, 1xCPU_P=41, 2xCPU_P=2, 2xCPU_P=2, 1xCPU_E=41, 1xCPU_E=41, 1xCPU_E=41, 1xCPU_E=41, 2xCPU_E=14, 2xCPU_E=14
  Yolov8_nano_64x9631: 1xCPU_P=59, 1xCPU_P=59, 1xCPU_P=59, 1xCPU_P=59, 2xCPU_P=6, 2xCPU_P=6, 1xCPU_E=26, 1xCPU_E=26, 1xCPU_E=26, 1xCPU_E=26, 2xCPU_E=7, 2xCPU_E=7
  Yolov8_nano_64x9632: 1xCPU_P=48, 1xCPU_P=48, 1xCPU_P=48, 1xCPU_P=48, 2xCPU_P=3, 2xCPU_P=3, 1xCPU_E=39, 1xCPU_E=39, 1xCPU_E=39, 1xCPU_E=39, 2xCPU_E=8, 2xCPU_E=8
  Yolov8_nano_64x9633: 1xCPU_P=71, 1xCPU_P=71, 1xCPU_P=71, 1xCPU_P=71, 2xCPU_P=3, 2xCPU_P=3, 1xCPU_E=23, 1xCPU_E=23, 1xCPU_E=23, 1xCPU_E=23, 2xCPU_E=1, 2xCPU_E=1
  Yolov8_nano_64x9634: 1xCPU_P=68, 1xCPU_P=68, 1xCPU_P=68, 1xCPU_P=68, 2xCPU_P=5, 2xCPU_P=5, 1xCPU_E=24, 1xCPU_E=24, 1xCPU_E=24, 1xCPU_E=24, 4xCPU_E=1
  Yolov8_nano_64x9635: 1xCPU_P=42, 1xCPU_P=42, 1xCPU_P=42, 1xCPU_P=42, 2xCPU_P=6, 2xCPU_P=6, 1xCPU_E=41, 1xCPU_E=41, 1xCPU_E=41, 1xCPU_E=41, 2xCPU_E=9, 2xCPU_E=9
  Yolov8_nano_64x9636: 1xCPU_P=44, 1xCPU_P=44, 1xCPU_P=44, 1xCPU_P=44, 1xCPU_E=50, 1xCPU_E=50, 1xCPU_E=50, 1xCPU_E=50, 2xCPU_E=4, 2xCPU_E=4
  Yolov8_nano_64x9637: 1xCPU_P=65, 1xCPU_P=65, 1xCPU_P=65, 1xCPU_P=65, 2xCPU_P=6, 2xCPU_P=6, 1xCPU_E=24, 1xCPU_E=24, 1xCPU_E=24, 1xCPU_E=24, 2xCPU_E=3, 2xCPU_E=3
  Yolov8_nano_64x9638: 1xCPU_P=41, 1xCPU_P=41, 1xCPU_P=41, 1xCPU_P=41, 2xCPU_P=5, 2xCPU_P=5, 1xCPU_E=45, 1xCPU_E=45, 1xCPU_E=45, 1xCPU_E=45, 2xCPU_E=7, 2xCPU_E=7
  Yolov8_nano_64x9639: 1xCPU_P=48, 1xCPU_P=48, 1xCPU_P=48, 1xCPU_P=48, 2xCPU_P=4, 2xCPU_P=4, 1xCPU_E=35, 1xCPU_E=35, 1xCPU_E=35, 1xCPU_E=35, 2xCPU_E=11, 2xCPU_E=11
  Yolov8_nano_64x9640: 1xCPU_P=55, 1xCPU_P=55, 1xCPU_P=55, 1xCPU_P=55, 2xCPU_P=5, 2xCPU_P=5, 1xCPU_E=34, 1xCPU_E=34, 1xCPU_E=34, 1xCPU_E=34, 2xCPU_E=4, 2xCPU_E=4
  Yolov8_nano_64x9641: 1xCPU_P=35, 1xCPU_P=35, 1xCPU_P=35, 1xCPU_P=35, 2xCPU_P=3, 2xCPU_P=3, 1xCPU_E=49, 1xCPU_E=49, 1xCPU_E=49, 1xCPU_E=49, 2xCPU_E=10, 2xCPU_E=10, 4xCPU_E=1
  Yolov8_nano_64x9642: 1xCPU_P=50, 1xCPU_P=50, 1xCPU_P=50, 1xCPU_P=50, 2xCPU_P=3, 2xCPU_P=3, 4xCPU_P=2, 1xCPU_E=37, 1xCPU_E=37, 1xCPU_E=37, 1xCPU_E=37, 2xCPU_E=6, 2xCPU_E=6
  Yolov8_nano_64x9643: 1xCPU_P=54, 1xCPU_P=54, 1xCPU_P=54, 1xCPU_P=54, 2xCPU_P=8, 2xCPU_P=8, 4xCPU_P=1, 1xCPU_E=25, 1xCPU_E=25, 1xCPU_E=25, 1xCPU_E=25, 2xCPU_E=9, 2xCPU_E=9, 4xCPU_E=1
  Yolov8_nano_64x9644: 1xCPU_P=48, 1xCPU_P=48, 1xCPU_P=48, 1xCPU_P=48, 2xCPU_P=10, 2xCPU_P=10, 4xCPU_P=2, 1xCPU_E=17, 1xCPU_E=17, 1xCPU_E=17, 1xCPU_E=17, 2xCPU_E=15, 2xCPU_E=15, 4xCPU_E=6
  Fused_full1: 1xCPU_P=6, 1xCPU_P=6, 1xCPU_P=6, 1xCPU_P=6, 1xCPU_E=9, 1xCPU_E=9, 1xCPU_E=9, 1xCPU_E=9
  Fused_full2: 1xCPU_P=8, 1xCPU_P=8, 1xCPU_P=8, 1xCPU_P=8, 1xCPU_E=7, 1xCPU_E=7, 1xCPU_E=7, 1xCPU_E=7
  Fused_full3: 1xCPU_P=7, 1xCPU_P=7, 1xCPU_P=7, 1xCPU_P=7, 1xCPU_E=8, 1xCPU_E=8, 1xCPU_E=8, 1xCPU_E=8
  Fused_full4: 1xCPU_P=8, 1xCPU_P=8, 1xCPU_P=8, 1xCPU_P=8, 1xCPU_E=7, 1xCPU_E=7, 1xCPU_E=7, 1xCPU_E=7
  Fused_full5: 1xCPU_P=8, 1xCPU_P=8, 1xCPU_P=8, 1xCPU_P=8, 1xCPU_E=7, 1xCPU_E=7, 1xCPU_E=7, 1xCPU_E=7
  Fused_full6: 1xCPU_P=3, 1xCPU_P=3, 1xCPU_P=3, 1xCPU_P=3, 1xCPU_E=12, 1xCPU_E=12, 1xCPU_E=12, 1xCPU_E=12
  Fused_full7: 1xCPU_P=6, 1xCPU_P=6, 1xCPU_P=6, 1xCPU_P=6, 1xCPU_E=9, 1xCPU_E=9, 1xCPU_E=9, 1xCPU_E=9
  Fused_full8: 1xCPU_P=8, 1xCPU_P=8, 1xCPU_P=8, 1xCPU_P=8, 1xCPU_E=7, 1xCPU_E=7, 1xCPU_E=7, 1xCPU_E=7
  Fused_full9: 1xCPU_P=11, 1xCPU_P=11, 1xCPU_P=11, 1xCPU_P=11, 1xCPU_E=4, 1xCPU_E=4, 1xCPU_E=4, 1xCPU_E=4
  Fused_full10: 1xCPU_P=15, 1xCPU_P=15, 1xCPU_P=15, 1xCPU_P=15
  Fused_full11: 1xCPU_P=4, 1xCPU_P=4, 1xCPU_P=4, 1xCPU_P=4, 1xCPU_E=11, 1xCPU_E=11, 1xCPU_E=11, 1xCPU_E=11
  Fused_full12: 1xCPU_P=8, 1xCPU_P=8, 1xCPU_P=8, 1xCPU_P=8, 1xCPU_E=7, 1xCPU_E=7, 1xCPU_E=7, 1xCPU_E=7
  Fused_full13: 1xCPU_P=5, 1xCPU_P=5, 1xCPU_P=5, 1xCPU_P=5, 1xCPU_E=10, 1xCPU_E=10, 1xCPU_E=10, 1xCPU_E=10
  Fused_full14: 1xCPU_P=11, 1xCPU_P=11, 1xCPU_P=11, 1xCPU_P=11, 1xCPU_E=4, 1xCPU_E=4, 1xCPU_E=4, 1xCPU_E=4
  Fused_full15: 1xCPU_P=11, 1xCPU_P=11, 1xCPU_P=11, 1xCPU_P=11, 1xCPU_E=4, 1xCPU_E=4, 1xCPU_E=4, 1xCPU_E=4
  Fused_full16: 1xCPU_P=5, 1xCPU_P=5, 1xCPU_P=5, 1xCPU_P=5, 1xCPU_E=10, 1xCPU_E=10, 1xCPU_E=10, 1xCPU_E=10
  Fused_full17: 1xCPU_P=8, 1xCPU_P=8, 1xCPU_P=8, 1xCPU_P=8, 1xCPU_E=7, 1xCPU_E=7, 1xCPU_E=7, 1xCPU_E=7
  Fused_full18: 1xCPU_P=8, 1xCPU_P=8, 1xCPU_P=8, 1xCPU_P=8, 1xCPU_E=7, 1xCPU_E=7, 1xCPU_E=7, 1xCPU_E=7
  Fused_full19: 1xCPU_P=9, 1xCPU_P=9, 1xCPU_P=9, 1xCPU_P=9, 1xCPU_E=6, 1xCPU_E=6, 1xCPU_E=6, 1xCPU_E=6
  Fused_full20: 1xCPU_P=7, 1xCPU_P=7, 1xCPU_P=7, 1xCPU_P=7, 1xCPU_E=8, 1xCPU_E=8, 1xCPU_E=8, 1xCPU_E=8
  Fused_full21: 1xCPU_P=11, 1xCPU_P=11, 1xCPU_P=11, 1xCPU_P=11, 1xCPU_E=4, 1xCPU_E=4, 1xCPU_E=4, 1xCPU_E=4
  Fused_full22: 1xCPU_P=10, 1xCPU_P=10, 1xCPU_P=10, 1xCPU_P=10, 1xCPU_E=5, 1xCPU_E=5, 1xCPU_E=5, 1xCPU_E=5
  Fused_full23: 1xCPU_P=9, 1xCPU_P=9, 1xCPU_P=9, 1xCPU_P=9, 1xCPU_E=6, 1xCPU_E=6, 1xCPU_E=6, 1xCPU_E=6
  Fused_full24: 1xCPU_P=10, 1xCPU_P=10, 1xCPU_P=10, 1xCPU_P=10, 1xCPU_E=5, 1xCPU_E=5, 1xCPU_E=5, 1xCPU_E=5
  Fused_full25: 1xCPU_P=12, 1xCPU_P=12, 1xCPU_P=12, 1xCPU_P=12, 1xCPU_E=3, 1xCPU_E=3, 1xCPU_E=3, 1xCPU_E=3
  Fused_full26: 1xCPU_P=9, 1xCPU_P=9, 1xCPU_P=9, 1xCPU_P=9, 1xCPU_E=6, 1xCPU_E=6, 1xCPU_E=6, 1xCPU_E=6
  Fused_full27: 1xCPU_P=9, 1xCPU_P=9, 1xCPU_P=9, 1xCPU_P=9, 1xCPU_E=6, 1xCPU_E=6, 1xCPU_E=6, 1xCPU_E=6
  Fused_full28: 1xCPU_P=7, 1xCPU_P=7, 1xCPU_P=7, 1xCPU_P=7, 1xCPU_E=8, 1xCPU_E=8, 1xCPU_E=8, 1xCPU_E=8
  Fused_full29: 1xCPU_P=10, 1xCPU_P=10, 1xCPU_P=10, 1xCPU_P=10, 1xCPU_E=5, 1xCPU_E=5, 1xCPU_E=5, 1xCPU_E=5
  Fused_full30: 1xCPU_P=5, 1xCPU_P=5, 1xCPU_P=5, 1xCPU_P=5, 1xCPU_E=10, 1xCPU_E=10, 1xCPU_E=10, 1xCPU_E=10
  Fused_full31: 1xCPU_P=6, 1xCPU_P=6, 1xCPU_P=6, 1xCPU_P=6, 1xCPU_E=9, 1xCPU_E=9, 1xCPU_E=9, 1xCPU_E=9
  Fused_full32: 1xCPU_P=5, 1xCPU_P=5, 1xCPU_P=5, 1xCPU_P=5, 1xCPU_E=10, 1xCPU_E=10, 1xCPU_E=10, 1xCPU_E=10
  Fused_full33: 1xCPU_P=4, 1xCPU_P=4, 1xCPU_P=4, 1xCPU_P=4, 1xCPU_E=11, 1xCPU_E=11, 1xCPU_E=11, 1xCPU_E=11
  Fused_full34: 1xCPU_P=11, 1xCPU_P=11, 1xCPU_P=11, 1xCPU_P=11, 1xCPU_E=4, 1xCPU_E=4, 1xCPU_E=4, 1xCPU_E=4
  Fused_full35: 1xCPU_P=9, 1xCPU_P=9, 1xCPU_P=9, 1xCPU_P=9, 1xCPU_E=6, 1xCPU_E=6, 1xCPU_E=6, 1xCPU_E=6
  Fused_full36: 1xCPU_P=6, 1xCPU_P=6, 1xCPU_P=6, 1xCPU_P=6, 1xCPU_E=9, 1xCPU_E=9, 1xCPU_E=9, 1xCPU_E=9
  Fused_full37: 1xCPU_P=8, 1xCPU_P=8, 1xCPU_P=8, 1xCPU_P=8, 1xCPU_E=7, 1xCPU_E=7, 1xCPU_E=7, 1xCPU_E=7
  Fused_full38: 1xCPU_P=5, 1xCPU_P=5, 1xCPU_P=5, 1xCPU_P=5, 1xCPU_E=10, 1xCPU_E=10, 1xCPU_E=10, 1xCPU_E=10
  Fused_full39: 1xCPU_P=10, 1xCPU_P=10, 1xCPU_P=10, 1xCPU_P=10, 1xCPU_E=5, 1xCPU_E=5, 1xCPU_E=5, 1xCPU_E=5
  Fused_full40: 1xCPU_P=12, 1xCPU_P=12, 1xCPU_P=12, 1xCPU_P=12, 1xCPU_E=3, 1xCPU_E=3, 1xCPU_E=3, 1xCPU_E=3
  Fused_full41: 1xCPU_P=10, 1xCPU_P=10, 1xCPU_P=10, 1xCPU_P=10, 1xCPU_E=5, 1xCPU_E=5, 1xCPU_E=5, 1xCPU_E=5
  Fused_full42: 1xCPU_P=13, 1xCPU_P=13, 1xCPU_P=13, 1xCPU_P=13, 1xCPU_E=2, 1xCPU_E=2, 1xCPU_E=2, 1xCPU_E=2
  Fused_full43: 1xCPU_P=11, 1xCPU_P=11, 1xCPU_P=11, 1xCPU_P=11, 1xCPU_E=4, 1xCPU_E=4, 1xCPU_E=4, 1xCPU_E=4
  Fused_full44: 1xCPU_P=11, 1xCPU_P=11, 1xCPU_P=11, 1xCPU_P=11, 1xCPU_E=4, 1xCPU_E=4, 1xCPU_E=4, 1xCPU_E=4
  Mlp_control1: 1xCPU_P=1, 1xCPU_P=1, 1xCPU_P=1, 1xCPU_P=1, 1xCPU_E=6, 1xCPU_E=6, 1xCPU_E=6, 1xCPU_E=6
  Mlp_control2: 1xCPU_E=7, 1xCPU_E=7, 1xCPU_E=7, 1xCPU_E=7
  Mlp_control3: 1xCPU_P=3, 1xCPU_P=3, 1xCPU_P=3, 1xCPU_P=3, 1xCPU_E=4, 1xCPU_E=4, 1xCPU_E=4, 1xCPU_E=4
  Mlp_control4: 1xCPU_E=7, 1xCPU_E=7, 1xCPU_E=7, 1xCPU_E=7
  Mlp_control5: 1xCPU_P=7, 1xCPU_P=7, 1xCPU_P=7, 1xCPU_P=7
  Mlp_control6: 1xCPU_E=7, 1xCPU_E=7, 1xCPU_E=7, 1xCPU_E=7
  Mlp_control7: 1xCPU_E=7, 1xCPU_E=7, 1xCPU_E=7, 1xCPU_E=7
  Mlp_control8: 1xCPU_E=7, 1xCPU_E=7, 1xCPU_E=7, 1xCPU_E=7
  Mlp_control9: 1xCPU_E=7, 1xCPU_E=7, 1xCPU_E=7, 1xCPU_E=7
  Mlp_control10: 1xCPU_P=1, 1xCPU_P=1, 1xCPU_P=1, 1xCPU_P=1, 1xCPU_E=6, 1xCPU_E=6, 1xCPU_E=6, 1xCPU_E=6
  Mlp_control11: 1xCPU_E=7, 1xCPU_E=7, 1xCPU_E=7, 1xCPU_E=7
  Mlp_control12: 1xCPU_P=6, 1xCPU_P=6, 1xCPU_P=6, 1xCPU_P=6, 1xCPU_E=1, 1xCPU_E=1, 1xCPU_E=1, 1xCPU_E=1
  Mlp_control13: 1xCPU_P=4, 1xCPU_P=4, 1xCPU_P=4, 1xCPU_P=4, 1xCPU_E=3, 1xCPU_E=3, 1xCPU_E=3, 1xCPU_E=3
  Mlp_control14: 1xCPU_E=7, 1xCPU_E=7, 1xCPU_E=7, 1xCPU_E=7
  Mlp_control15: 1xCPU_P=4, 1xCPU_P=4, 1xCPU_P=4, 1xCPU_P=4, 1xCPU_E=3, 1xCPU_E=3, 1xCPU_E=3, 1xCPU_E=3
  Mlp_control16: 1xCPU_P=7, 1xCPU_P=7, 1xCPU_P=7, 1xCPU_P=7
  Mlp_control17: 1xCPU_E=7, 1xCPU_E=7, 1xCPU_E=7, 1xCPU_E=7
  Mlp_control18: 1xCPU_E=7, 1xCPU_E=7, 1xCPU_E=7, 1xCPU_E=7
  Mlp_control19: 1xCPU_E=7, 1xCPU_E=7, 1xCPU_E=7, 1xCPU_E=7
  Mlp_control20: 1xCPU_P=1, 1xCPU_P=1, 1xCPU_P=1, 1xCPU_P=1, 1xCPU_E=6, 1xCPU_E=6, 1xCPU_E=6, 1xCPU_E=6
  Mlp_control21: 1xCPU_P=7, 1xCPU_P=7, 1xCPU_P=7, 1xCPU_P=7
  Mlp_control22: 1xCPU_P=5, 1xCPU_P=5, 1xCPU_P=5, 1xCPU_P=5, 1xCPU_E=2, 1xCPU_E=2, 1xCPU_E=2, 1xCPU_E=2
  Mlp_control23: 1xCPU_P=6, 1xCPU_P=6, 1xCPU_P=6, 1xCPU_P=6, 1xCPU_E=1, 1xCPU_E=1, 1xCPU_E=1, 1xCPU_E=1
  Mlp_control24: 1xCPU_E=7, 1xCPU_E=7, 1xCPU_E=7, 1xCPU_E=7
  Mlp_control25: 1xCPU_P=7, 1xCPU_P=7, 1xCPU_P=7, 1xCPU_P=7
  Mlp_control26: 1xCPU_E=7, 1xCPU_E=7, 1xCPU_E=7, 1xCPU_E=7
  Mlp_control27: 1xCPU_P=7, 1xCPU_P=7, 1xCPU_P=7, 1xCPU_P=7
  Mlp_control28: 1xCPU_E=7, 1xCPU_E=7, 1xCPU_E=7, 1xCPU_E=7
  Mlp_control29: 1xCPU_P=7, 1xCPU_P=7, 1xCPU_P=7, 1xCPU_P=7
  Mlp_control30: 1xCPU_P=7, 1xCPU_P=7, 1xCPU_P=7, 1xCPU_P=7
  Mlp_control31: 1xCPU_P=7, 1xCPU_P=7, 1xCPU_P=7, 1xCPU_P=7
  Mlp_control32: 1xCPU_P=7, 1xCPU_P=7, 1xCPU_P=7, 1xCPU_P=7
  Mlp_control33: 1xCPU_P=4, 1xCPU_P=4, 1xCPU_P=4, 1xCPU_P=4, 1xCPU_E=3, 1xCPU_E=3, 1xCPU_E=3, 1xCPU_E=3
  Mlp_control34: 1xCPU_E=7, 1xCPU_E=7, 1xCPU_E=7, 1xCPU_E=7
  Mlp_control35: 1xCPU_P=2, 1xCPU_P=2, 1xCPU_P=2, 1xCPU_P=2, 1xCPU_E=5, 1xCPU_E=5, 1xCPU_E=5, 1xCPU_E=5
  Mlp_control36: 1xCPU_E=7, 1xCPU_E=7, 1xCPU_E=7, 1xCPU_E=7
  Mlp_control37: 1xCPU_E=7, 1xCPU_E=7, 1xCPU_E=7, 1xCPU_E=7
  Mlp_control38: 1xCPU_P=7, 1xCPU_P=7, 1xCPU_P=7, 1xCPU_P=7
  Mlp_control39: 1xCPU_P=2, 1xCPU_P=2, 1xCPU_P=2, 1xCPU_P=2, 1xCPU_E=5, 1xCPU_E=5, 1xCPU_E=5, 1xCPU_E=5
  Mlp_control40: 1xCPU_E=7, 1xCPU_E=7, 1xCPU_E=7, 1xCPU_E=7
  Mlp_control41: 1xCPU_E=7, 1xCPU_E=7, 1xCPU_E=7, 1xCPU_E=7
  Mlp_control42: 1xCPU_P=5, 1xCPU_P=5, 1xCPU_P=5, 1xCPU_P=5, 1xCPU_E=2, 1xCPU_E=2, 1xCPU_E=2, 1xCPU_E=2
  Mlp_control43: 1xCPU_P=3, 1xCPU_P=3, 1xCPU_P=3, 1xCPU_P=3, 1xCPU_E=4, 1xCPU_E=4, 1xCPU_E=4, 1xCPU_E=4
  Mlp_control44: 1xCPU_E=7, 1xCPU_E=7, 1xCPU_E=7, 1xCPU_E=7
  Mlp_control45: 1xCPU_P=3, 1xCPU_P=3, 1xCPU_P=3, 1xCPU_P=3, 1xCPU_E=4, 1xCPU_E=4, 1xCPU_E=4, 1xCPU_E=4
  Mlp_control46: 1xCPU_P=3, 1xCPU_P=3, 1xCPU_P=3, 1xCPU_P=3, 1xCPU_E=4, 1xCPU_E=4, 1xCPU_E=4, 1xCPU_E=4
  Mlp_control47: 1xCPU_E=7, 1xCPU_E=7, 1xCPU_E=7, 1xCPU_E=7
  Mlp_control48: 1xCPU_E=7, 1xCPU_E=7, 1xCPU_E=7, 1xCPU_E=7
  Mlp_control49: 1xCPU_E=7, 1xCPU_E=7, 1xCPU_E=7, 1xCPU_E=7
  Ffn_block1: 1xCPU_P=1, 1xCPU_P=1, 1xCPU_P=1, 1xCPU_P=1, 2xCPU_P=1, 2xCPU_P=1, 1xCPU_E=3, 1xCPU_E=3, 1xCPU_E=3, 1xCPU_E=3
  Ffn_block2: 1xCPU_E=5, 1xCPU_E=5, 1xCPU_E=5, 1xCPU_E=5
  Ffn_block3: 1xCPU_P=2, 1xCPU_P=2, 1xCPU_P=2, 1xCPU_P=2, 1xCPU_E=2, 1xCPU_E=2, 1xCPU_E=2, 1xCPU_E=2, 2xCPU_E=1, 2xCPU_E=1
  Ffn_block4: 1xCPU_E=5, 1xCPU_E=5, 1xCPU_E=5, 1xCPU_E=5
  Dronet1: 1xCPU_P=15, 1xCPU_P=15, 1xCPU_P=15, 1xCPU_P=15, 2xCPU_P=3, 2xCPU_P=3, 1xCPU_E=3, 1xCPU_E=3, 1xCPU_E=3, 1xCPU_E=3
  Dronet2: 1xCPU_P=9, 1xCPU_P=9, 1xCPU_P=9, 1xCPU_P=9, 4xCPU_P=2, 1xCPU_E=8, 1xCPU_E=8, 1xCPU_E=8, 1xCPU_E=8, 2xCPU_E=2, 2xCPU_E=2
  Dronet3: 1xCPU_P=13, 1xCPU_P=13, 1xCPU_P=13, 1xCPU_P=13, 2xCPU_P=1, 2xCPU_P=1, 1xCPU_E=7, 1xCPU_E=7, 1xCPU_E=7, 1xCPU_E=7
  Dronet4: 1xCPU_P=11, 1xCPU_P=11, 1xCPU_P=11, 1xCPU_P=11, 2xCPU_P=1, 2xCPU_P=1, 1xCPU_E=8, 1xCPU_E=8, 1xCPU_E=8, 1xCPU_E=8, 2xCPU_E=1, 2xCPU_E=1
  Dronet5: 1xCPU_P=13, 1xCPU_P=13, 1xCPU_P=13, 1xCPU_P=13, 2xCPU_P=1, 2xCPU_P=1, 1xCPU_E=7, 1xCPU_E=7, 1xCPU_E=7, 1xCPU_E=7
  Dronet6: 1xCPU_P=18, 1xCPU_P=18, 1xCPU_P=18, 1xCPU_P=18, 2xCPU_P=1, 2xCPU_P=1, 1xCPU_E=2, 1xCPU_E=2, 1xCPU_E=2, 1xCPU_E=2
  Dronet7: 1xCPU_P=14, 1xCPU_P=14, 1xCPU_P=14, 1xCPU_P=14, 2xCPU_P=3, 2xCPU_P=3, 4xCPU_P=1, 1xCPU_E=3, 1xCPU_E=3, 1xCPU_E=3, 1xCPU_E=3
  Dronet8: 1xCPU_P=9, 1xCPU_P=9, 1xCPU_P=9, 1xCPU_P=9, 1xCPU_E=12, 1xCPU_E=12, 1xCPU_E=12, 1xCPU_E=12
  Dronet9: 1xCPU_P=20, 1xCPU_P=20, 1xCPU_P=20, 1xCPU_P=20, 1xCPU_E=1, 1xCPU_E=1, 1xCPU_E=1, 1xCPU_E=1
  Dronet10: 1xCPU_P=17, 1xCPU_P=17, 1xCPU_P=17, 1xCPU_P=17, 2xCPU_P=3, 2xCPU_P=3, 1xCPU_E=1, 1xCPU_E=1, 1xCPU_E=1, 1xCPU_E=1
  Dronet11: 1xCPU_P=13, 1xCPU_P=13, 1xCPU_P=13, 1xCPU_P=13, 1xCPU_E=7, 1xCPU_E=7, 1xCPU_E=7, 1xCPU_E=7, 2xCPU_E=1, 2xCPU_E=1
  Dronet12: 1xCPU_P=5, 1xCPU_P=5, 1xCPU_P=5, 1xCPU_P=5, 2xCPU_P=1, 2xCPU_P=1, 1xCPU_E=14, 1xCPU_E=14, 1xCPU_E=14, 1xCPU_E=14, 2xCPU_E=1, 2xCPU_E=1
  Dronet13: 1xCPU_P=8, 1xCPU_P=8, 1xCPU_P=8, 1xCPU_P=8, 2xCPU_P=1, 2xCPU_P=1, 4xCPU_P=1, 1xCPU_E=10, 1xCPU_E=10, 1xCPU_E=10, 1xCPU_E=10, 2xCPU_E=1, 2xCPU_E=1
  Dronet14: 1xCPU_P=14, 1xCPU_P=14, 1xCPU_P=14, 1xCPU_P=14, 4xCPU_P=1, 1xCPU_E=5, 1xCPU_E=5, 1xCPU_E=5, 1xCPU_E=5, 2xCPU_E=1, 2xCPU_E=1
Job 'yolov8_nano_64x960' (job_id=0, color_index=0) -> color RGB=[0.99607843 0.73490196 0.28      ]
DEBUG TRANSFER: alpha_shape=(5775, 14), num_actual_machines=8, len(machines)=8, alpha_cols=14, is_using_combos=True, prev_machine=4, machine=4, transfer_times_shape=(8, 8), machine_combinations=True
DEBUG IMMEDIATE: op=62, job_id=0, lookup=0, op_color_index=0, base_colors[0]=(np.float64(0.996078431372549), np.float64(0.7349019607843138), np.float64(0.28))
DEBUG AFTER MODULO: op=62, original=0, after_modulo=0, len(base_colors)=160
DEBUG BEFORE LEGEND: op=62, op_color_index=0, original=0, job_index=0, legend_key=kind_yolov8_nano_64x, in_legend=True
DEBUG IMMEDIATE: op=63, job_id=0, lookup=0, op_color_index=0, base_colors[0]=(np.float64(0.996078431372549), np.float64(0.7349019607843138), np.float64(0.28))
DEBUG AFTER MODULO: op=63, original=0, after_modulo=0, len(base_colors)=160
DEBUG BEFORE LEGEND: op=63, op_color_index=0, original=0, job_index=0, legend_key=kind_yolov8_nano_64x, in_legend=True
DEBUG IMMEDIATE: op=64, job_id=0, lookup=0, op_color_index=0, base_colors[0]=(np.float64(0.996078431372549), np.float64(0.7349019607843138), np.float64(0.28))
DEBUG AFTER MODULO: op=64, original=0, after_modulo=0, len(base_colors)=160
DEBUG BEFORE LEGEND: op=64, op_color_index=0, original=0, job_index=0, legend_key=kind_yolov8_nano_64x, in_legend=True
Job 'fused_full0' (job_id=1, color_index=1) -> color RGB=[0.71372549 0.71372549 0.84705882]
Job 'mlp_control0' (job_id=2, color_index=2) -> color RGB=[0.98745098 0.54117647 0.41568627]
Job 'ffn_block0' (job_id=3, color_index=3) -> color RGB=[0.59607843 0.8345098  0.57882353]
Job 'dronet0' (job_id=4, color_index=4) -> color RGB=[0.57960784 0.77019608 0.87372549]
Saving plot to plots/wh_chain90_rich_solve_500_cpsat_profiled.png...

Plot saved to plots/wh_chain90_rich_solve_500_cpsat_profiled.png

Outputting scheduled JSON...
  pdb_hash = sha256:47cbf98b0bd031d1... over 11 CSV(s)

Scheduled JSON saved to: schedules/scheduled_wh_chain90_rich_solve_500_cpsat_profiled.json
Metrics written to: schedules/scheduled_wh_chain90_rich_solve_500_cpsat_profiled_metrics.json
  makespan_us=531.81  op_deadline_miss=0 (dispatches, NOT instances)  cross_dev=3790  solver_s=9007.520
Scheduler report written to: schedules/scheduled_wh_chain90_rich_solve_500_cpsat_profiled_report.json
