--board-calibration: loaded /scratch/agustin/xpurt-dev-sync/results/codesign_feedback/k1_board_calibration_yolo100.json (aggregate x1.261)
============================================================
Loading network hierarchy from JSON...
============================================================

Loading networks from: /scratch/agustin/xpurt-dev-sync/data/toplevel/wh_chain45_shard_solve_h200.json
  shard_only_networks: ['yolov8_nano_64x96'] (every other network held at one core)

Found 3 networks:
  - yolov8_nano_64x96 (id: 0, identifier: yolov8_nano_64x96)
  - fused_full (id: 1, identifier: fused_full)
  - mlp_control (id: 2, identifier: mlp_control)

Found 2 network-level dependencies:
  - yolov8_nano_64x96 → fused_full
  - fused_full → mlp_control

Resolved runtime configuration:
  Machine core counts: {'CPU_P': 4, 'CPU_E': 4}
  Profile HW mapping: CPU_P->rvv_x60, CPU_E->rvv_x60
  Profile target/topology: target=spacemit_x60, topo_tag=topo_0_1_2_3
  p_core_speedup: 1.0
  random_seed: 42
  solver_verbosity: 0
  time_limit: 600
  use_profiled: True
  prune_periodic: True
  restrict_makespan_to_nonperiodic: False
  cvxpy_solver (milp only): MOSEK
  machine_combination_mode: shard
  enforce_same_processor_combinations: True

Using profiled runtimes where available...
  (warning) 8 dispatch(es) were costed 0.0 because a profile that EXISTS has no row for them. Either they are ops the codegen drops (the yolo chunk2_c1 case) or the CSV is short and unmeasured work is being scheduled as instantaneous.
  - yolov8_nano_64x96/dispatch_3(id=3) costed 0.0 (first seen on rvv_x60/topo_0): no row in an otherwise-present profile; op not knowable from the profile
  - yolov8_nano_64x96/dispatch_11(id=11) costed 0.0 (first seen on rvv_x60/topo_0): no row in an otherwise-present profile; op not knowable from the profile
  - yolov8_nano_64x96/dispatch_22(id=22) costed 0.0 (first seen on rvv_x60/topo_0): no row in an otherwise-present profile; op not knowable from the profile
  - yolov8_nano_64x96/dispatch_33(id=33) costed 0.0 (first seen on rvv_x60/topo_0): no row in an otherwise-present profile; op not knowable from the profile
  - yolov8_nano_64x96/dispatch_48(id=48) costed 0.0 (first seen on rvv_x60/topo_0): no row in an otherwise-present profile; op not knowable from the profile
  - yolov8_nano_64x96/dispatch_56(id=56) costed 0.0 (first seen on rvv_x60/topo_0): no row in an otherwise-present profile; op not knowable from the profile
  - yolov8_nano_64x96/dispatch_64(id=64) costed 0.0 (first seen on rvv_x60/topo_0): no row in an otherwise-present profile; op not knowable from the profile
  - yolov8_nano_64x96/dispatch_72(id=72) costed 0.0 (first seen on rvv_x60/topo_0): no row in an otherwise-present profile; op not knowable from the profile
  (warning) set XPURT_STRICT_ZERO_COST=1 to make this fatal
  Workload declares horizon 200 ms and 3 explicit periodic instance counts; those counts are used as given. Networks without one are still sized by the refinement loop below.

--- greedy_periodic iteration 1 ---
  stateful: chained 8 instance edge(s) for ['fused_full']
  Total operations: 1157
  Job names: ['yolov8_nano_64x960', 'fused_full0', 'mlp_control0', 'yolov8_nano_64x961', 'yolov8_nano_64x962', 'yolov8_nano_64x963', 'yolov8_nano_64x964', 'yolov8_nano_64x965', 'yolov8_nano_64x966', 'yolov8_nano_64x967', 'yolov8_nano_64x968', 'fused_full1', 'fused_full2', 'fused_full3', 'fused_full4', 'fused_full5', 'fused_full6', 'fused_full7', 'fused_full8', 'mlp_control1', 'mlp_control2', 'mlp_control3', 'mlp_control4', 'mlp_control5', 'mlp_control6', 'mlp_control7', 'mlp_control8', 'mlp_control9', 'mlp_control10', 'mlp_control11', 'mlp_control12', 'mlp_control13', 'mlp_control14', 'mlp_control15', 'mlp_control16', 'mlp_control17', 'mlp_control18', 'mlp_control19']
[contract] shard restricted to ['yolov8_nano_64x96']: 347 op(s) of other networks held at one core
[contract] pinned 69 packed-weight dispatch(es) to one measured-best width across their instances
  Makespan: 212.96 ms
  Periodic 'yolov8_nano_64x96': the schedule runs to 213 ms, which would take 10 instances, but the workload asks for 9 — keeping 9
  Periodic 'yolov8_nano_64x96': period=22ms current=9 needed=9
  Periodic 'fused_full': the schedule runs to 213 ms, which would take 10 instances, but the workload asks for 9 — keeping 9
  Periodic 'fused_full': period=22ms current=9 needed=9
  Periodic 'mlp_control': the schedule runs to 213 ms, which would take 22 instances, but the workload asks for 20 — keeping 20
  Periodic 'mlp_control': period=10ms current=20 needed=20
  All periodic counts cover makespan — converged.

Final greedy makespan: 212.96 ms (after 1 iteration)
  greedy_periodic: makespan=212.96 ms (all ops 212.96 ms), periodic window misses=0, converged

Scheduling completed!
Makespan (all operations): 212.96 ms

Combination assignments:
  1xCPU_P: 518 operations
  1xCPU_P: 518 operations
  1xCPU_P: 518 operations
  1xCPU_P: 518 operations
  2xCPU_P: 104 operations
  2xCPU_P: 104 operations
  4xCPU_P: 342 operations
  1xCPU_E: 81 operations
  1xCPU_E: 81 operations
  1xCPU_E: 81 operations
  1xCPU_E: 81 operations
  2xCPU_E: 4 operations
  2xCPU_E: 4 operations
  4xCPU_E: 108 operations

Per-network combination assignments:
  Yolov8_nano_64x960: 1xCPU_P=33, 1xCPU_P=33, 1xCPU_P=33, 1xCPU_P=33, 2xCPU_P=11, 2xCPU_P=11, 4xCPU_P=40, 1xCPU_E=3, 1xCPU_E=3, 1xCPU_E=3, 1xCPU_E=3, 2xCPU_E=1, 2xCPU_E=1, 4xCPU_E=10
  Fused_full0: 1xCPU_P=10, 1xCPU_P=10, 1xCPU_P=10, 1xCPU_P=10, 1xCPU_E=5, 1xCPU_E=5, 1xCPU_E=5, 1xCPU_E=5
  Mlp_control0: 1xCPU_P=7, 1xCPU_P=7, 1xCPU_P=7, 1xCPU_P=7
  Yolov8_nano_64x961: 1xCPU_P=31, 1xCPU_P=31, 1xCPU_P=31, 1xCPU_P=31, 2xCPU_P=12, 2xCPU_P=12, 4xCPU_P=39, 1xCPU_E=5, 1xCPU_E=5, 1xCPU_E=5, 1xCPU_E=5, 4xCPU_E=11
  Yolov8_nano_64x962: 1xCPU_P=29, 1xCPU_P=29, 1xCPU_P=29, 1xCPU_P=29, 2xCPU_P=11, 2xCPU_P=11, 4xCPU_P=40, 1xCPU_E=7, 1xCPU_E=7, 1xCPU_E=7, 1xCPU_E=7, 2xCPU_E=1, 2xCPU_E=1, 4xCPU_E=10
  Yolov8_nano_64x963: 1xCPU_P=29, 1xCPU_P=29, 1xCPU_P=29, 1xCPU_P=29, 2xCPU_P=11, 2xCPU_P=11, 4xCPU_P=37, 1xCPU_E=7, 1xCPU_E=7, 1xCPU_E=7, 1xCPU_E=7, 2xCPU_E=1, 2xCPU_E=1, 4xCPU_E=13
  Yolov8_nano_64x964: 1xCPU_P=31, 1xCPU_P=31, 1xCPU_P=31, 1xCPU_P=31, 2xCPU_P=12, 2xCPU_P=12, 4xCPU_P=34, 1xCPU_E=5, 1xCPU_E=5, 1xCPU_E=5, 1xCPU_E=5, 4xCPU_E=16
  Yolov8_nano_64x965: 1xCPU_P=30, 1xCPU_P=30, 1xCPU_P=30, 1xCPU_P=30, 2xCPU_P=12, 2xCPU_P=12, 4xCPU_P=39, 1xCPU_E=6, 1xCPU_E=6, 1xCPU_E=6, 1xCPU_E=6, 4xCPU_E=11
  Yolov8_nano_64x966: 1xCPU_P=29, 1xCPU_P=29, 1xCPU_P=29, 1xCPU_P=29, 2xCPU_P=12, 2xCPU_P=12, 4xCPU_P=40, 1xCPU_E=7, 1xCPU_E=7, 1xCPU_E=7, 1xCPU_E=7, 4xCPU_E=10
  Yolov8_nano_64x967: 1xCPU_P=29, 1xCPU_P=29, 1xCPU_P=29, 1xCPU_P=29, 2xCPU_P=12, 2xCPU_P=12, 4xCPU_P=34, 1xCPU_E=7, 1xCPU_E=7, 1xCPU_E=7, 1xCPU_E=7, 4xCPU_E=16
  Yolov8_nano_64x968: 1xCPU_P=31, 1xCPU_P=31, 1xCPU_P=31, 1xCPU_P=31, 2xCPU_P=11, 2xCPU_P=11, 4xCPU_P=39, 1xCPU_E=5, 1xCPU_E=5, 1xCPU_E=5, 1xCPU_E=5, 2xCPU_E=1, 2xCPU_E=1, 4xCPU_E=11
  Fused_full1: 1xCPU_P=12, 1xCPU_P=12, 1xCPU_P=12, 1xCPU_P=12, 1xCPU_E=3, 1xCPU_E=3, 1xCPU_E=3, 1xCPU_E=3
  Fused_full2: 1xCPU_P=12, 1xCPU_P=12, 1xCPU_P=12, 1xCPU_P=12, 1xCPU_E=3, 1xCPU_E=3, 1xCPU_E=3, 1xCPU_E=3
  Fused_full3: 1xCPU_P=11, 1xCPU_P=11, 1xCPU_P=11, 1xCPU_P=11, 1xCPU_E=4, 1xCPU_E=4, 1xCPU_E=4, 1xCPU_E=4
  Fused_full4: 1xCPU_P=11, 1xCPU_P=11, 1xCPU_P=11, 1xCPU_P=11, 1xCPU_E=4, 1xCPU_E=4, 1xCPU_E=4, 1xCPU_E=4
  Fused_full5: 1xCPU_P=10, 1xCPU_P=10, 1xCPU_P=10, 1xCPU_P=10, 1xCPU_E=5, 1xCPU_E=5, 1xCPU_E=5, 1xCPU_E=5
  Fused_full6: 1xCPU_P=12, 1xCPU_P=12, 1xCPU_P=12, 1xCPU_P=12, 1xCPU_E=3, 1xCPU_E=3, 1xCPU_E=3, 1xCPU_E=3
  Fused_full7: 1xCPU_P=13, 1xCPU_P=13, 1xCPU_P=13, 1xCPU_P=13, 1xCPU_E=2, 1xCPU_E=2, 1xCPU_E=2, 1xCPU_E=2
  Fused_full8: 1xCPU_P=15, 1xCPU_P=15, 1xCPU_P=15, 1xCPU_P=15
  Mlp_control1: 1xCPU_P=7, 1xCPU_P=7, 1xCPU_P=7, 1xCPU_P=7
  Mlp_control2: 1xCPU_P=7, 1xCPU_P=7, 1xCPU_P=7, 1xCPU_P=7
  Mlp_control3: 1xCPU_P=7, 1xCPU_P=7, 1xCPU_P=7, 1xCPU_P=7
  Mlp_control4: 1xCPU_P=7, 1xCPU_P=7, 1xCPU_P=7, 1xCPU_P=7
  Mlp_control5: 1xCPU_P=7, 1xCPU_P=7, 1xCPU_P=7, 1xCPU_P=7
  Mlp_control6: 1xCPU_P=7, 1xCPU_P=7, 1xCPU_P=7, 1xCPU_P=7
  Mlp_control7: 1xCPU_P=7, 1xCPU_P=7, 1xCPU_P=7, 1xCPU_P=7
  Mlp_control8: 1xCPU_P=7, 1xCPU_P=7, 1xCPU_P=7, 1xCPU_P=7
  Mlp_control9: 1xCPU_P=7, 1xCPU_P=7, 1xCPU_P=7, 1xCPU_P=7
  Mlp_control10: 1xCPU_P=7, 1xCPU_P=7, 1xCPU_P=7, 1xCPU_P=7
  Mlp_control11: 1xCPU_P=7, 1xCPU_P=7, 1xCPU_P=7, 1xCPU_P=7
  Mlp_control12: 1xCPU_P=7, 1xCPU_P=7, 1xCPU_P=7, 1xCPU_P=7
  Mlp_control13: 1xCPU_P=7, 1xCPU_P=7, 1xCPU_P=7, 1xCPU_P=7
  Mlp_control14: 1xCPU_P=7, 1xCPU_P=7, 1xCPU_P=7, 1xCPU_P=7
  Mlp_control15: 1xCPU_P=7, 1xCPU_P=7, 1xCPU_P=7, 1xCPU_P=7
  Mlp_control16: 1xCPU_P=7, 1xCPU_P=7, 1xCPU_P=7, 1xCPU_P=7
  Mlp_control17: 1xCPU_P=7, 1xCPU_P=7, 1xCPU_P=7, 1xCPU_P=7
  Mlp_control18: 1xCPU_P=7, 1xCPU_P=7, 1xCPU_P=7, 1xCPU_P=7
  Mlp_control19: 1xCPU_P=7, 1xCPU_P=7, 1xCPU_P=7, 1xCPU_P=7
Job 'yolov8_nano_64x960' (job_id=0, color_index=0) -> color RGB=[0.98745098 0.54117647 0.41568627]
DEBUG TRANSFER: alpha_shape=(1157, 14), num_actual_machines=8, len(machines)=8, alpha_cols=14, is_using_combos=True, prev_machine=13, machine=6, transfer_times_shape=(8, 8), machine_combinations=True
DEBUG IMMEDIATE: op=62, job_id=0, lookup=0, op_color_index=0, base_colors[0]=(np.float64(0.9874509803921568), np.float64(0.5411764705882353), np.float64(0.41568627450980394))
DEBUG AFTER MODULO: op=62, original=0, after_modulo=0, len(base_colors)=38
DEBUG BEFORE LEGEND: op=62, op_color_index=0, original=0, job_index=0, legend_key=kind_yolov8_nano_64x, in_legend=True
DEBUG IMMEDIATE: op=63, job_id=0, lookup=0, op_color_index=0, base_colors[0]=(np.float64(0.9874509803921568), np.float64(0.5411764705882353), np.float64(0.41568627450980394))
DEBUG AFTER MODULO: op=63, original=0, after_modulo=0, len(base_colors)=38
DEBUG BEFORE LEGEND: op=63, op_color_index=0, original=0, job_index=0, legend_key=kind_yolov8_nano_64x, in_legend=True
DEBUG IMMEDIATE: op=64, job_id=0, lookup=0, op_color_index=0, base_colors[0]=(np.float64(0.9874509803921568), np.float64(0.5411764705882353), np.float64(0.41568627450980394))
DEBUG AFTER MODULO: op=64, original=0, after_modulo=0, len(base_colors)=38
DEBUG BEFORE LEGEND: op=64, op_color_index=0, original=0, job_index=0, legend_key=kind_yolov8_nano_64x, in_legend=True
Job 'fused_full0' (job_id=1, color_index=1) -> color RGB=[0.59607843 0.8345098  0.57882353]
Job 'mlp_control0' (job_id=2, color_index=2) -> color RGB=[0.71372549 0.71372549 0.84705882]
Saving plot to plots/wh_chain45_shard_solve_h200_greedy_periodic_profiled.png...

Plot saved to plots/wh_chain45_shard_solve_h200_greedy_periodic_profiled.png

Outputting scheduled JSON...
  pdb_hash = sha256:c2ae508c8ba0a1cb... over 5 CSV(s)

Scheduled JSON saved to: schedules/scheduled_wh_chain45_shard_solve_h200_greedy_periodic_profiled.json
Metrics written to: schedules/scheduled_wh_chain45_shard_solve_h200_greedy_periodic_profiled_metrics.json
  makespan_us=212.96  op_deadline_miss=0 (dispatches, NOT instances)  cross_dev=369  solver_s=0.389
Scheduler report written to: schedules/scheduled_wh_chain45_shard_solve_h200_greedy_periodic_profiled_report.json
