--board-calibration: loaded /scratch/agustin/xpurt-dev-sync/results/codesign_feedback/hil_feedback/cal_a120e_r2.json (aggregate x1.097)
============================================================
Loading network hierarchy from JSON...
============================================================

Loading networks from: /scratch/agustin/xpurt-dev-sync/data/toplevel/wh_chain120_solve_h200.json

Found 3 networks:
  - yolov8_nano_64x96 (id: 0, identifier: yolov8_nano_64x96)
  - fused_full (id: 1, identifier: fused_full)
  - mlp_control (id: 2, identifier: mlp_control)

Found 2 network-level dependencies:
  - yolov8_nano_64x96 → fused_full
  - fused_full → mlp_control

Resolved runtime configuration:
  Machine core counts: {'CPU_P': 4, 'CPU_E': 4}
  Profile HW mapping: CPU_P->rvv_x60, CPU_E->rvv_x60
  Profile target/topology: target=spacemit_x60, topo_tag=topo_0_1_2_3
  p_core_speedup: 1.0
  random_seed: 42
  solver_verbosity: 0
  time_limit: 600
  use_profiled: True
  prune_periodic: True
  restrict_makespan_to_nonperiodic: False
  cvxpy_solver (milp only): MOSEK
  machine_combination_mode: shard
  enforce_same_processor_combinations: True

Using profiled runtimes where available...
  (warning) 8 dispatch(es) were costed 0.0 because a profile that EXISTS has no row for them. Either they are ops the codegen drops (the yolo chunk2_c1 case) or the CSV is short and unmeasured work is being scheduled as instantaneous.
  - yolov8_nano_64x96/dispatch_3(id=3) costed 0.0 (first seen on rvv_x60/topo_0): no row in an otherwise-present profile; op not knowable from the profile
  - yolov8_nano_64x96/dispatch_11(id=11) costed 0.0 (first seen on rvv_x60/topo_0): no row in an otherwise-present profile; op not knowable from the profile
  - yolov8_nano_64x96/dispatch_22(id=22) costed 0.0 (first seen on rvv_x60/topo_0): no row in an otherwise-present profile; op not knowable from the profile
  - yolov8_nano_64x96/dispatch_33(id=33) costed 0.0 (first seen on rvv_x60/topo_0): no row in an otherwise-present profile; op not knowable from the profile
  - yolov8_nano_64x96/dispatch_48(id=48) costed 0.0 (first seen on rvv_x60/topo_0): no row in an otherwise-present profile; op not knowable from the profile
  - yolov8_nano_64x96/dispatch_56(id=56) costed 0.0 (first seen on rvv_x60/topo_0): no row in an otherwise-present profile; op not knowable from the profile
  - yolov8_nano_64x96/dispatch_64(id=64) costed 0.0 (first seen on rvv_x60/topo_0): no row in an otherwise-present profile; op not knowable from the profile
  - yolov8_nano_64x96/dispatch_72(id=72) costed 0.0 (first seen on rvv_x60/topo_0): no row in an otherwise-present profile; op not knowable from the profile
  (warning) set XPURT_STRICT_ZERO_COST=1 to make this fatal
  Workload declares horizon 200 ms and 3 explicit periodic instance counts; those counts are used as given. Networks without one are still sized by the refinement loop below.

--- cpsat iteration 1 ---
  stateful: chained 23 instance edge(s) for ['fused_full']
  Total operations: 2852
  Job names: ['yolov8_nano_64x960', 'fused_full0', 'mlp_control0', 'yolov8_nano_64x961', 'yolov8_nano_64x962', 'yolov8_nano_64x963', 'yolov8_nano_64x964', 'yolov8_nano_64x965', 'yolov8_nano_64x966', 'yolov8_nano_64x967', 'yolov8_nano_64x968', 'yolov8_nano_64x969', 'yolov8_nano_64x9610', 'yolov8_nano_64x9611', 'yolov8_nano_64x9612', 'yolov8_nano_64x9613', 'yolov8_nano_64x9614', 'yolov8_nano_64x9615', 'yolov8_nano_64x9616', 'yolov8_nano_64x9617', 'yolov8_nano_64x9618', 'yolov8_nano_64x9619', 'yolov8_nano_64x9620', 'yolov8_nano_64x9621', 'yolov8_nano_64x9622', 'yolov8_nano_64x9623', 'fused_full1', 'fused_full2', 'fused_full3', 'fused_full4', 'fused_full5', 'fused_full6', 'fused_full7', 'fused_full8', 'fused_full9', 'fused_full10', 'fused_full11', 'fused_full12', 'fused_full13', 'fused_full14', 'fused_full15', 'fused_full16', 'fused_full17', 'fused_full18', 'fused_full19', 'fused_full20', 'fused_full21', 'fused_full22', 'fused_full23', 'mlp_control1', 'mlp_control2', 'mlp_control3', 'mlp_control4', 'mlp_control5', 'mlp_control6', 'mlp_control7', 'mlp_control8', 'mlp_control9', 'mlp_control10', 'mlp_control11', 'mlp_control12', 'mlp_control13', 'mlp_control14', 'mlp_control15', 'mlp_control16', 'mlp_control17', 'mlp_control18', 'mlp_control19']

Starting CP-SAT solver v9.15.6755
Parameters: random_seed: 0 max_time_in_seconds: 3000 log_search_progress: true num_search_workers: 8

Initial optimization model '': (model_fingerprint: 0xec99242f4c16bb07)
#Variables: 48'485 (#ints: 1 in objective) (42'588 primary variables)
  - 39'928 Booleans in [0,1]
  - 2'504 different domains in [0,50000001501465] with a largest complexity of 1.
#kExactlyOne: 2'852 (#literals: 39'928)
#kInterval: 39'928 (#enforced: 39'928)
#kLinMax: 1 (#expressions: 2'852)
#kLinear1: 42'973 (#enforced: 39'928)
#kLinear2: 714'001 (#enforced: 707'560 #multi: 707'560)
#kLinear3: 2'852
#kLinearN: 2'668 (#terms: 103'748)
#kNoOverlap: 8 (#intervals: 68'448, #optional: 68'448, #variable_sizes: 68'448)

Starting presolve at 0.27s
  4.79e-02s  0.00e+00d  [DetectDominanceRelations] 
  2.16e+00s  0.00e+00d  [PresolveToFixPoint] #num_loops=4 #num_dual_strengthening=1 
  6.77e-02s  0.00e+00d  [ExtractEncodingFromLinear] #potential_supersets=2'852 #potential_subsets=2'660 #exo_encodings=2'660 #multiple_terms=5'424 #literals=34'240 
  2.44e-02s  0.00e+00d  [DetectDuplicateColumns] 
  3.17e-02s  0.00e+00d  [DetectDuplicateConstraints] 
[Symmetry] Graph for symmetry has 332'159 nodes and 780'018 arcs.
[Symmetry] Symmetry computation done. time: 0.577823 dtime: 0.249241
[Symmetry] #generators: 4, average support size: 16112
[Symmetry] 7556 orbits on 36928 variables with sizes: 8,8,8,8,8,8,8,8,8,8,...
[Symmetry] Num fixable by binary propagation in orbit: 7 / 8
[Symmetry] Num fixable by intersecting at_most_one with orbits: 11 largest_orbit: 8
[Symmetry] Found orbitope of size 2852 x 2
[SAT presolve] num removable Booleans: 0 / 45'468
[SAT presolve] num trivial clauses: 0
[SAT presolve] [0s] clauses:33'301 literals:89'055 vars:32'749 one_side_vars:0 simple_definition:32'197 singleton_clauses:0
[SAT presolve] [0.00668552s] clauses:33'301 literals:89'055 vars:32'749 one_side_vars:0 simple_definition:32'197 singleton_clauses:0
[SAT presolve] [0.0085653s] clauses:33'301 literals:89'055 vars:32'749 one_side_vars:0 simple_definition:32'197 singleton_clauses:0
  1.10e-01s  0.00e+00d  [DetectDuplicateConstraintsWithDifferentEnforcements] #without_enforcements=103'783 
  2.48e+02s  9.73e-01d  [Probe] #probed=90'442 #new_bounds=5'512 #equiv=1 #new_binary_clauses=1'104 
  4.14e-02s  1.16e-02d  [MaxClique] Merged 28'546 constraints with 62'108 literals into 6'093 constraints with 39'655 literals
  5.53e-02s  0.00e+00d  [DetectDominanceRelations] 
  4.42e-01s  0.00e+00d  [PresolveToFixPoint] #num_loops=3 #num_dual_strengthening=1 
  6.49e-02s  0.00e+00d  [ProcessAtMostOneAndLinear] 
  3.85e-02s  0.00e+00d  [DetectDuplicateConstraints] #duplicates=668 
  5.31e-02s  0.00e+00d  [DetectDuplicateConstraintsWithDifferentEnforcements] #without_enforcements=34'064 
  1.79e-02s  2.45e-04d  [DetectDominatedLinearConstraints] #relevant_constraints=6'192 
  1.32e-02s  0.00e+00d  [DetectDifferentVariables] 
  4.30e-02s  6.20e-04d  [ProcessSetPPC] #relevant_constraints=14'374 #num_inclusions=6'093 
  2.32e-02s  0.00e+00d  [TransformClausesToExactlyOne] #num_amos=27'876 
  2.21e-02s  0.00e+00d  [DetectEncodedComplexDomains] 
  1.16e-02s  0.00e+00d  [FindAlmostIdenticalLinearConstraints] 
  3.65e-01s  1.00e+00d *[FindBigAtMostOneAndLinearOverlap] 
  1.02e-01s  1.00e+00d *[FindBigVerticalLinearOverlap] 
  3.13e-02s  6.98e-04d  [FindBigHorizontalLinearOverlap] #blocks=4 #saved_nz=17'265 #linears=8 
  1.21e-02s  0.00e+00d  [MergeClauses] 
  5.06e-02s  0.00e+00d  [DetectDominanceRelations] 
  2.47e-01s  0.00e+00d  [PresolveToFixPoint] #num_loops=2 #num_dual_strengthening=1 
  5.31e-02s  0.00e+00d  [DetectDominanceRelations] 
  2.41e-01s  0.00e+00d  [PresolveToFixPoint] #num_loops=1 #num_dual_strengthening=1 
  1.25e-02s  0.00e+00d  [DetectDuplicateColumns] 
  3.06e-02s  0.00e+00d  [DetectDuplicateConstraints] 
[Symmetry] Graph for symmetry has 249'499 nodes and 521'360 arcs.
[Symmetry] Symmetry computation done. time: 0.241756 dtime: 0.120779
[Symmetry] #generators: 3, average support size: 9170.67
[Symmetry] 8054 orbits on 21810 variables with sizes: 4,4,4,4,4,4,4,4,4,4,...
[Symmetry] Num fixable by binary propagation in orbit: 3 / 4
[Symmetry] Num fixable by intersecting at_most_one with orbits: 5 largest_orbit: 4
[Symmetry] Found orbitope of size 2851 x 2
[SAT presolve] num removable Booleans: 0 / 41'788
[SAT presolve] num trivial clauses: 0
[SAT presolve] [0s] clauses:27'871 literals:55'742 vars:32'743 one_side_vars:32192 simple_definition:0 singleton_clauses:0
[SAT presolve] [0.00625381s] clauses:27'871 literals:55'742 vars:32'743 one_side_vars:32192 simple_definition:0 singleton_clauses:0
[SAT presolve] [0.00803021s] clauses:27'871 literals:55'742 vars:32'743 one_side_vars:32192 simple_definition:0 singleton_clauses:0
  5.94e-02s  0.00e+00d  [DetectDuplicateConstraintsWithDifferentEnforcements] #without_enforcements=34'064 
  2.59e+02s  6.29e-01d  [Probe] #probed=83'568 
  4.63e-02s  1.36e-02d  [MaxClique] Merged 27'871 constraints with 55'742 literals into 5'423 constraints with 33'294 literals
  6.16e-02s  0.00e+00d  [DetectDominanceRelations] 
  3.36e-01s  0.00e+00d  [PresolveToFixPoint] #num_loops=1 #num_dual_strengthening=1 
  7.55e-02s  0.00e+00d  [ProcessAtMostOneAndLinear] 
  4.37e-02s  0.00e+00d  [DetectDuplicateConstraints] 
  5.70e-02s  0.00e+00d  [DetectDuplicateConstraintsWithDifferentEnforcements] #without_enforcements=34'059 
  2.38e-02s  1.75e-04d  [DetectDominatedLinearConstraints] #relevant_constraints=6'196 
  1.70e-02s  0.00e+00d  [DetectDifferentVariables] 
  5.17e-02s  5.37e-04d  [ProcessSetPPC] #relevant_constraints=13'709 #num_inclusions=5'423 
  1.94e-02s  0.00e+00d  [TransformClausesToExactlyOne] 
  2.74e-02s  0.00e+00d  [DetectEncodedComplexDomains] 
  1.68e-02s  0.00e+00d  [FindAlmostIdenticalLinearConstraints] 
  3.80e-01s  1.00e+00d *[FindBigAtMostOneAndLinearOverlap] 
  9.19e-02s  6.58e-01d  [FindBigVerticalLinearOverlap] 
  1.75e-02s  1.19e-03d  [FindBigHorizontalLinearOverlap] #blocks=2 #saved_nz=4'314 #linears=12 
  1.67e-02s  0.00e+00d  [MergeClauses] 
  4.73e-02s  0.00e+00d  [DetectDominanceRelations] 
  2.80e-01s  0.00e+00d  [PresolveToFixPoint] #num_loops=2 #num_dual_strengthening=1 
  6.26e-02s  0.00e+00d  [DetectDominanceRelations] 
  2.90e-01s  0.00e+00d  [PresolveToFixPoint] #num_loops=1 #num_dual_strengthening=1 
  1.56e-02s  0.00e+00d  [DetectDuplicateColumns] 
  3.76e-02s  0.00e+00d  [DetectDuplicateConstraints] 
[Symmetry] Graph for symmetry has 188'865 nodes and 400'620 arcs.
[Symmetry] Symmetry computation done. time: 0.112341 dtime: 0.0653565
[Symmetry] #generators: 1, average support size: 5700
[Symmetry] 2850 orbits on 5700 variables with sizes: 2,2,2,2,2,2,2,2,2,2,...
[Symmetry] Num fixable by intersecting at_most_one with orbits: 1 largest_orbit: 2
  4.37e-02s  0.00e+00d  [DetectDuplicateConstraintsWithDifferentEnforcements] #without_enforcements=34'059 
  1.96e+02s  6.33e-01d  [Probe] #probed=83'566 
  6.43e-03s  0.00e+00d  [MaxClique] 
  4.60e-02s  0.00e+00d  [DetectDominanceRelations] 
  1.83e-01s  0.00e+00d  [PresolveToFixPoint] #num_loops=1 #num_dual_strengthening=1 
  3.69e-02s  0.00e+00d  [ProcessAtMostOneAndLinear] 
  2.36e-02s  0.00e+00d  [DetectDuplicateConstraints] 
  3.21e-02s  0.00e+00d  [DetectDuplicateConstraintsWithDifferentEnforcements] #without_enforcements=34'058 
  1.58e-02s  1.57e-04d  [DetectDominatedLinearConstraints] #relevant_constraints=6'198 
  1.00e-02s  0.00e+00d  [DetectDifferentVariables] 
  1.57e-02s  3.22e-04d  [ProcessSetPPC] #relevant_constraints=8'288 
  1.13e-02s  0.00e+00d  [TransformClausesToExactlyOne] 
  1.62e-02s  0.00e+00d  [DetectEncodedComplexDomains] 
  1.12e-02s  0.00e+00d  [FindAlmostIdenticalLinearConstraints] 
  2.91e-01s  8.58e-01d  [FindBigAtMostOneAndLinearOverlap] 
  3.99e-02s  4.25e-01d  [FindBigVerticalLinearOverlap] 
  1.03e-02s  2.40e-03d  [FindBigHorizontalLinearOverlap] #linears=14 
  1.09e-02s  0.00e+00d  [MergeClauses] 
  5.23e-02s  0.00e+00d  [DetectDominanceRelations] 
  2.68e-01s  0.00e+00d  [PresolveToFixPoint] #num_loops=1 #num_dual_strengthening=1 
  2.21e-01s  0.00e+00d  [MergeNoOverlap] 
  1.09e-02s  0.00e+00d  [MergeNoOverlap2D] 
  7.12e-02s  0.00e+00d  [ExpandObjective] #entries=701'945 #tight_variables=74'194 #tight_constraints=10'272 

Presolve summary:
  - 2513 affine relations were detected.
  - rule 'TODO dual: only one blocking constraint?' was applied 28 times.
  - rule 'TODO duplicate: skipped identical encoding constraints' was applied 4'320 times.
  - rule 'TODO interval: same interval with different enforcement?' was applied 207'379 times.
  - rule 'affine: new relation' was applied 2'513 times.
  - rule 'at_most_one: transformed into max clique' was applied 2 times.
  - rule 'deductions: 64412 stored' was applied 1 time.
  - rule 'duplicate: removed constraint' was applied 668 times.
  - rule 'duplicate: removed enforced constraint' was applied 34'229 times.
  - rule 'encoding: candidate linear is all boolean now' was applied 668 times.
  - rule 'encoding: extracted from linear' was applied 2'660 times.
  - rule 'encoding: reduced target domain' was applied 2'660 times.
  - rule 'enforcement: false literal' was applied 93'399 times.
  - rule 'exactly_one: removed literals' was applied 506 times.
  - rule 'intervals: removed unused interval' was applied 3'017 times.
  - rule 'lin_max: removed exprs' was applied 3 times.
  - rule 'lin_max: target domain reduced' was applied 1 time.
  - rule 'linear matrix: common horizontal rectangle' was applied 6 times.
  - rule 'linear1: transformed to implication' was applied 20'160 times.
  - rule 'linear1: x in domain' was applied 3'045 times.
  - rule 'linear2: already known enforced relation' was applied 626'848 times.
  - rule 'linear: always true' was applied 4'601 times.
  - rule 'linear: divide by GCD' was applied 14'376 times.
  - rule 'linear: empty' was applied 11'729 times.
  - rule 'linear: enforcement literal in expression' was applied 2 times.
  - rule 'linear: extracted at most one (max)' was applied 644 times.
  - rule 'linear: extracted at most one (min)' was applied 24 times.
  - rule 'linear: fixed or dup variables' was applied 19'939 times.
  - rule 'linear: positive equal one' was applied 668 times.
  - rule 'linear: reduced variable domains' was applied 6'501 times.
  - rule 'linear: remapped using affine relations' was applied 158'340 times.
  - rule 'linear: simplified rhs' was applied 10'104 times.
  - rule 'new_bool: integer encoding' was applied 4'872 times.
  - rule 'no_overlap: removed absent intervals' was applied 20 times.
  - rule 'presolve: 3877 unused variables removed.' was applied 1 time.
  - rule 'presolve: iteration' was applied 3 times.
  - rule 'setppc: bool_or in at_most_one' was applied 11'514 times.
  - rule 'setppc: exactly_one included in linear' was applied 1 time.
  - rule 'setppc: reduced linear coefficients' was applied 1 time.
  - rule 'setppc: removed dominated constraints' was applied 1 time.
  - rule 'symmetry: fixed to false in general orbit' was applied 17 times.
  - rule 'variables with 2 values: new affine relation' was applied 552 times.
  - rule 'variables with 2 values: register other encoding' was applied 552 times.
  - rule 'variables: add encoding constraint' was applied 4'320 times.
  - rule 'variables: canonicalize affine domain' was applied 1'100 times.
  - rule 'variables: detect fully reified value encoding' was applied 648 times.
  - rule 'variables: detect half reified value encoding' was applied 48'056 times.

Presolved optimization model '': (model_fingerprint: 0x1df88d95bb06ce27)
#Variables: 48'073 (#ints: 1 in objective) (39'792 primary variables)
  - 41'782 Booleans in [0,1]
  - 2'835 different domains in [-269444,269444] with a largest complexity of 3.
#kExactlyOne: 8'274 (#literals: 70'201)
#kInterval: 36'911 (#enforced: 36'911)
#kLinMax: 1 (#expressions: 170)
#kLinear1: 8'640 (#enforced: 8'640)
#kLinear2: 4'192
#kLinear3: 1'992
#kLinearN: 14 (#terms: 34'244)
#kNoOverlap: 8 (#intervals: 60'424, #optional: 60'424, #variable_sizes: 47'780)
[Symmetry] Graph for symmetry has 182'472 nodes and 400'610 arcs.
[Symmetry] Symmetry computation done. time: 0.0692732 dtime: 0.0606662

Preloading model.
#Bound 714.32s best:inf   next:[240531,269444] initial_domain
#Model 714.39s var:48073/48073 constraints:60032/60032

Starting search at 714.41s with 8 workers.
6 full problem subsolvers: [default_lp, fixed, max_lp, no_lp, quick_restart, reduced_costs]
2 first solution subsolvers: [fj, fs_random_no_lp]
13 interleaved subsolvers: [feasibility_pump, graph_arc_lns, graph_cst_lns, graph_dec_lns, graph_var_lns, ls, rins/rens, rnd_cst_lns, rnd_var_lns, scheduling_intervals_lns, scheduling_precedences_lns, scheduling_resource_windows_lns, scheduling_time_window_lns]
3 helper subsolvers: [neighborhood_helper, synchronization_agent, update_gap_integral]

#1     1407.31s best:242066 next:[240531,242065] fixed
#2     1417.31s best:242065 next:[240531,242064] graph_arc_lns (d=5.00e-01 s=3500 t=0.10 p=0.00 stall=0 h=base)
#3     1749.75s best:242064 next:[240531,242063] rnd_cst_lns (d=3.67e-01 s=4106 t=0.10 p=0.49 stall=0 h=base) [hint]
#4     1979.29s best:242062 next:[240531,242061] scheduling_resource_windows_lns (d=1.00e+00 s=4329 t=0.10 p=1.00 stall=0 h=base)
#5     1992.27s best:242061 next:[240531,242060] ls_restart_decay_perturb(batch:2 lin{mvs:145 evals:42'908} gen{mvs:1 evals:8'558} #w_updates:98 #perturb:0)
#6     2031.32s best:242060 next:[240531,242059] ls_restart_decay_perturb(batch:2 lin{mvs:165 evals:41'129} #w_updates:96 #perturb:0)
#7     2150.47s best:242059 next:[240531,242058] scheduling_intervals_lns (d=3.52e-02 s=4956 t=0.10 p=0.44 stall=0 h=base) [hint]
#8     2310.90s best:242058 next:[240531,242057] rnd_cst_lns (d=4.23e-01 s=5361 t=0.10 p=0.50 stall=0 h=base)
#9     2311.00s best:242057 next:[240531,242056] ls_restart(batch:1 lin{mvs:60 evals:61'813} #w_updates:61 #perturb:0)
#10    2325.46s best:242056 next:[240531,242055] ls_restart_decay_perturb(batch:1 lin{mvs:54 evals:39'898} #w_updates:50 #perturb:0)
#11    2325.55s best:242055 next:[240531,242054] ls_restart_decay(batch:1 lin{mvs:70 evals:44'644} #w_updates:58 #perturb:0)
#12    2464.64s best:241265 next:[240531,241264] fixed
#13    2660.37s best:241264 next:[240531,241263] ls_restart_decay_perturb(batch:1 lin{mvs:140 evals:19'138} #w_updates:77 #perturb:0)

Task timing                                  n [     min,      max]      avg      dev     time         n [     min,      max]      avg      dev    dtime
                       'default_lp':         1 [  38.10m,   38.10m]   38.10m   0.00ns   38.10m         2 [670.47ms,   44.42s]   22.55s   21.88s   45.09s
                 'feasibility_pump':      2714 [555.80us,   29.76s]  65.42ms    1.23s    2.96m        16 [ 15.21ms,    1.11s] 597.21ms 341.15ms    9.56s
                            'fixed':         1 [  38.09m,   38.09m]   38.09m   0.00ns   38.09m         2 [726.83ms,    4.41m]    2.21m    2.20m    4.42m
                               'fj':      1736 [  7.08ms, 738.55ms]  94.10ms 102.46ms    2.72m      1736 [101.63ms, 447.54ms] 117.85ms  25.78ms    3.41m
                  'fs_random_no_lp':         1 [  11.55m,   11.55m]   11.55m   0.00ns   11.55m         2 [638.76ms, 757.69ms] 698.23ms  59.46ms    1.40s
                    'graph_arc_lns':        32 [ 66.34ms,   24.08s]    9.29s    8.00s    4.95m        23 [  3.48ms, 100.30ms]  80.08ms  37.18ms    1.84s
                    'graph_cst_lns':       739 [  6.55ms,    2.35s] 367.96ms 501.20ms    4.53m       302 [183.79us, 117.41ms]  63.27ms  47.35ms   19.11s
                    'graph_dec_lns':        10 [128.19ms,    1.77m]   28.23s   33.38s    4.71m         7 [  1.77ms, 100.07ms]  49.50ms  35.67ms 346.47ms
                    'graph_var_lns':       124 [  7.63ms,   39.77s]    2.19s    4.28s    4.52m        92 [376.56us, 105.42ms]  70.61ms  42.53ms    6.50s
                               'ls':      2067 [  5.27ms, 733.27ms] 131.34ms 128.35ms    4.52m      2067 [179.16us,    2.06m]   25.68s   41.13s   14.74h
                           'max_lp':         1 [  38.09m,   38.09m]   38.09m   0.00ns   38.09m         2 [   1.28s,   14.92s]    8.10s    6.82s   16.21s
                            'no_lp':         1 [  38.09m,   38.09m]   38.09m   0.00ns   38.09m         2 [638.76ms,   10.47s]    5.55s    4.92s   11.11s
                    'quick_restart':         1 [  38.10m,   38.10m]   38.10m   0.00ns   38.10m         2 [665.87ms,    2.98m]    1.50m    1.49m    3.00m
                    'reduced_costs':         1 [  38.09m,   38.09m]   38.09m   0.00ns   38.09m         2 [723.75ms,    2.29s]    1.51s 782.01ms    3.01s
                        'rins/rens':      1737 [  5.40ms,    4.60m] 247.28ms    6.96s    7.16m         9 [274.29us, 100.02ms]  13.50ms  30.85ms 121.54ms
                      'rnd_cst_lns':       453 [  5.27ms,    4.96s] 602.04ms 746.46ms    4.55m       211 [256.39us, 115.78ms]  68.17ms  45.10ms   14.38s
                      'rnd_var_lns':         9 [335.59ms,    1.16m]   35.07s   28.68s    5.26m         8 [  1.71ms, 100.06ms]  51.25ms  38.62ms 410.03ms
         'scheduling_intervals_lns':       128 [180.25ms,   10.85s]    2.12s    1.71s    4.53m        81 [102.08us, 103.34ms]  83.94ms  33.42ms    6.80s
       'scheduling_precedences_lns':         5 [  21.03s,    1.91m]    1.02m   32.49s    5.11m         5 [100.01ms, 100.28ms] 100.11ms 107.84us 500.57ms
  'scheduling_resource_windows_lns':       211 [168.01ms,    4.44s]    1.29s 897.91ms    4.54m        83 [  7.52ms,  81.77ms]  19.68ms  11.21ms    1.63s
       'scheduling_time_window_lns':       216 [175.86ms,    3.27s]    1.27s 843.76ms    4.57m        87 [  7.52ms, 100.45ms]  20.72ms  15.15ms    1.80s

Search stats           Bools  Conflicts  Branches  Restarts  BacktrackToRoot  Backtrack  BoolPropag  IntegerPropag
       'default_lp':  41'782        948   846'639         4          444'197    482'866   3'798'667     30'551'216
            'fixed':  47'557          0   493'271         0          276'476    300'781   2'210'777     20'771'531
  'fs_random_no_lp':  41'782         52   186'549         1          159'874    169'356   1'172'281      9'408'820
           'max_lp':  41'782         51    87'231         1           83'565     83'616     619'938      5'067'473
            'no_lp':  41'782     11'780   537'487         2          270'585    301'211   3'133'020     33'496'387
    'quick_restart':  44'635         20   627'206         2          357'501    385'837   2'687'708     24'399'227
    'reduced_costs':  41'783         50    87'763         1           83'565     83'615     617'962      4'968'026

SAT formula           Fixed  Equiv   Total  VarLeft  BinaryClauses  PermanentClauses  TemporaryClauses
       'default_lp':      0      0  41'782   41'782         15'458             6'194               475
            'fixed':    108      0  47'557   47'449         55'460             7'556                 0
  'fs_random_no_lp':      0      0  41'782   41'782         15'458             5'305                50
           'max_lp':      0      0  41'782   41'782         15'458             5'402                48
            'no_lp':      0      0  41'782   41'782         15'458             6'897             6'058
    'quick_restart':     93      0  44'635   44'542         18'030             6'320                20
    'reduced_costs':      0      0  41'783   41'783         15'458             5'402                49

SAT stats             ClassicMinim  LitRemoved  LitRemovedBinary  LitLearned  LitForgotten  Subsumed
       'default_lp':            46         374             4'801   3'614'784             0       464
            'fixed':             0           0                 0           0             0         0
  'fs_random_no_lp':            12          42                 8       7'934             0         0
           'max_lp':            22          34               593      16'639             0         3
            'no_lp':         9'481      87'833           140'138   1'082'979       421'449     1'243
    'quick_restart':             0           0             1'494      32'991             0         0
    'reduced_costs':            50       2'466             2'239      49'876             0         1

Vivification          Clauses  Decisions  LitTrue  Subsumed  LitRemoved  DecisionReused  Conflicts
       'default_lp':   64'102    404'983        0     6'953      49'662               4          0
            'fixed':   38'989    219'752        0     6'117      49'390               0          0
  'fs_random_no_lp':    2'177     12'455        0        89       1'246               0          0
           'max_lp':        0          0        0         0           0               0          0
            'no_lp':   38'755    237'552        0     6'243      44'749               0          0
    'quick_restart':   46'038    279'293        0     6'916      49'262               4          0
    'reduced_costs':        0          0        0         0           0               0          0

Clause deletion       at_true  l_and_not(l)  to_binary  sub_conflict  sub_extra  sub_decisions  sub_eager  sub_vivify  sub_probing  sub_inpro  blocked  eliminated  forgotten  promoted  conflicts
       'default_lp':        0             0          0           410          8              0         54       6'953            0        897        0           0          0     1'470        948
            'fixed':        0             0          0             0          0              0          0       6'117            0        366        0           0          0         0          0
  'fs_random_no_lp':        0             0          0             0          2              0          0          89            0      4'320        0           0          0       103         52
           'max_lp':        0             0          0             0          0              0          3           0            0      4'321        0           0          0        98         51
            'no_lp':        0             0          0         1'177         18              0         66       6'243            0        906        0           0      4'449    29'959     11'780
    'quick_restart':        0             0          0             0          0              0          0       6'916            0        808        0           0          0        20         20
    'reduced_costs':        0             0          0             1          0              0          0           0            0      4'321        0           0          0        54         50

Lp stats            Component  Iterations  AddedCuts  OPTIMAL  DUAL_F.  DUAL_U.
     'default_lp':         21      80'568     14'992    3'945       43      766
          'fixed':         21     517'259     16'262    6'234      896        0
         'max_lp':          1      12'164        155      263      843        3
  'quick_restart':         21     335'716     24'965    4'887      548       10
  'reduced_costs':          1      14'378      3'562      107    1'067       50

Lp dimension               Final dimension of first component
     'default_lp':   10407 rows, 40924 columns, 88518 entries
          'fixed':   12290 rows, 45245 columns, 90336 entries
         'max_lp':  13818 rows, 48073 columns, 113247 entries
  'quick_restart':    8045 rows, 40924 columns, 81673 entries
  'reduced_costs':    6221 rows, 48073 columns, 31155 entries

Lp debug            CutPropag  CutEqPropag  Adjust  Overflow     Bad  BadScaling
     'default_lp':          0            0     766         0  14'160           0
          'fixed':          0            0       0         0     253           0
         'max_lp':          0            0       3         0   1'560           0
  'quick_restart':          0            0      10         0   6'587           0
  'reduced_costs':          0            0      50         0     903           0

Lp pool             Constraints  Updates  Simplif  Merged  Shortened  Split  Strengthened      Cuts/Call
     'default_lp':       24'240        0       59     209          0      0             0  14'992/19'632
          'fixed':       29'309        1       42   1'611          0      0             0  16'262/20'603
         'max_lp':       21'836        0        0   1'609          0      0             2        155/203
  'quick_restart':       24'253      197       31     169          0      0             0  24'965/30'947
  'reduced_costs':       25'243        1        0   1'609          0      0             0    3'562/5'592

Lp Cut                               fixed  max_lp  reduced_costs  default_lp  quick_restart
                            CG_FF:       -       3             10          11             16
                             CG_K:       8       3              -           -              1
                            CG_KL:       -       2              -           -              -
                             CG_R:       6       1              2          11              7
                            CG_RB:      11       1             10           7             16
                           CG_RBP:       9       -              -           -              -
                           Clique:       -       -              2           -              -
                               IB:  16'208      50          3'397      14'143         24'714
                         MIR_1_FF:       -       -             10          70             18
                          MIR_1_K:       1       1              2           -              -
                         MIR_1_KL:       -       -              2           -              -
                          MIR_1_R:       -       -              1           -              -
                         MIR_1_RB:       -       5              4          12             20
                        MIR_1_RBP:       -       -              -           -              1
                        MIR_1_RLT:       -       1              1           -              -
                         MIR_2_FF:       2       -             10         139              9
                          MIR_2_K:       3       -              4           -              -
                          MIR_2_R:       2       -              6           -              -
                         MIR_2_RB:       -       7              3          11              9
                         MIR_3_FF:       1       8              8           7              7
                          MIR_3_K:       1       7              3           -              6
                          MIR_3_R:       1       7              4           4              7
                         MIR_3_RB:       -       3              7           9             15
                         MIR_4_FF:       1       7              6           -              9
                          MIR_4_K:       1       9              4           -              6
                          MIR_4_R:       1       8              4           2              7
                         MIR_4_RB:       -       6              4          11             14
                        MIR_4_RBP:       -       1              -           -              -
                         MIR_5_FF:       1       2              3           3              4
                          MIR_5_K:       1       2              1           -              1
                          MIR_5_R:       1       2              2           -              1
                         MIR_5_RB:       -       2              7          12             10
                        MIR_5_RBP:       -       -              1           -              -
                         MIR_6_FF:       -       2              -           1              1
                          MIR_6_K:       -       2              1           -              -
                          MIR_6_R:       -       2              1           -              -
                         MIR_6_RB:       -       2              1          14              7
  NoOverlapEnergy_lifted_optional:       -       5             10           -              -
                     ZERO_HALF_FF:       1       1              9          85              2
                      ZERO_HALF_K:       -       1              1          15              4
                     ZERO_HALF_KL:       -       -              3           -              -
                      ZERO_HALF_R:       1       1              7         275             30
                     ZERO_HALF_RB:       1       1              9         148             21
                    ZERO_HALF_RBP:       -       -              2           2              2

LNS stats                             Improv/Calls  Closed  Difficulty  TimeLimit
                    'graph_arc_lns':         27/32     50%    6.63e-01       0.10
                    'graph_cst_lns':       246/358     49%    2.78e-01       0.10
                    'graph_dec_lns':          5/10     90%    9.73e-01       0.10
                    'graph_var_lns':        87/116     51%    6.29e-01       0.10
                        'rins/rens':         13/13     92%    9.89e-01       0.10
                      'rnd_cst_lns':       194/260     50%    4.28e-01       0.10
                      'rnd_var_lns':           3/9     78%    9.43e-01       0.10
         'scheduling_intervals_lns':       119/128     52%    1.39e-01       0.10
       'scheduling_precedences_lns':           5/5      0%    6.07e-02       0.10
  'scheduling_resource_windows_lns':       126/208    100%    1.00e+00       0.10
       'scheduling_time_window_lns':       127/214     99%    1.00e+00       0.10

LS stats                                    Batches  Restarts/Perturbs  LinMoves  GenMoves  CompoundMoves  Bactracks  WeightUpdates  ScoreComputed
                             'fj_restart':      102                 33    32'724         0              0          0             23     10'403'355
                    'fj_restart_compound':       83                 32         0     1'305          1'288          0              0         19'864
                'fj_restart_compound_obj':       83                 25         0     1'252          1'233          0              0         19'878
            'fj_restart_compound_perturb':       51                 25         0       232            220          0              0          9'405
        'fj_restart_compound_perturb_obj':      200                 35         0       864            850          0              0         37'462
                       'fj_restart_decay':       80                 28    24'095         0              0          0             11      7'188'072
              'fj_restart_decay_compound':       76                 32         0     1'245          1'225          0              0         19'306
          'fj_restart_decay_compound_obj':       77                 34         0     1'267          1'210          0              0         19'313
      'fj_restart_decay_compound_perturb':      173                 23         0       721            709          0              0         32'876
  'fj_restart_decay_compound_perturb_obj':      129                 31         0       600            588          0              0         24'633
                   'fj_restart_decay_obj':       97                 29    31'435         0              0          0             16     10'300'819
               'fj_restart_decay_perturb':       79                 32    22'897         0              0          0              3      2'271'809
           'fj_restart_decay_perturb_obj':      158                 42    46'346         0              0          0             14     11'003'247
                         'fj_restart_obj':      134                 33    38'152         0              0          0             28     14'724'027
                     'fj_restart_perturb':       78                 31    21'114         0              0          0              8      4'430'231
                 'fj_restart_perturb_obj':      136                 26    37'163         0              0          0             24     13'191'004
                             'ls_restart':      270                108    33'049        77              0          0         14'111     23'023'458
                    'ls_restart_compound':      264                111         0       420             61        157             23      2'060'673
            'ls_restart_compound_perturb':      249                117         0       400             54        151             22      2'656'959
                       'ls_restart_decay':      265                109    40'212        91              0          0         10'048     14'172'301
              'ls_restart_decay_compound':      230                111         0       349             67        119             11      2'920'031
      'ls_restart_decay_compound_perturb':      290                 88         0       419             76        126             22      2'673'869
               'ls_restart_decay_perturb':      201                102    23'709        86              0          0         10'187     11'300'638
                     'ls_restart_perturb':      298                127    34'881        92              0          0         16'519     27'892'098

Solutions (13)                        Num     Rank
                            'fixed':    4   [0,12]
                    'graph_arc_lns':    2    [1,2]
                       'ls_restart':    2    [8,9]
                 'ls_restart_decay':    2  [10,11]
         'ls_restart_decay_perturb':    8   [4,13]
                      'rnd_cst_lns':    4    [2,8]
         'scheduling_intervals_lns':    2    [6,7]
  'scheduling_resource_windows_lns':    2    [3,4]

Objective bounds     Num
  'initial_domain':    1

Solution repositories    Added  Queried  Synchro
    'alternative_path':     25      964       25
      'best_solutions':    417    1'836      245
   'fj solution hints':    483        0      483
        'lp solutions':     77    1'737       77
                'pump':      0        0

Improving bounds shared      Num  Sym
            'default_lp':  2'034    0
                 'fixed':  2'034    0
                'max_lp':  1'017    0
         'quick_restart':  1'017    0

Clauses shared        #Exported  #Imported  #BinaryRead  #BinaryTotal
       'default_lp':          1          9            0             0
            'fixed':          0          5            0             0
  'fs_random_no_lp':          0          0            0             0
           'max_lp':          0         10            0             0
            'no_lp':          9          0            0             0
    'quick_restart':          0         10            0             0
    'reduced_costs':          0         10            0             0

LRAT_status: NA
CpSolverResponse summary:
status: FEASIBLE
objective: 241264
best_bound: 240531
integers: 41756
booleans: 41782
conflicts: 52
branches: 186549
propagations: 1172281
integer_propagations: 9408820
restarts: 1
lp_iterations: 0
walltime: 3000.36
usertime: 3000.36
deterministic_time: 53870.8
gap_integral: 383724
solution_fingerprint: 0x3d7b22f474c75359

cpsat status=FEASIBLE wall=3000.4s
  cpsat: status=FEASIBLE objective=241.26 ms bound=240.53 ms wall=3000.4s
  Makespan: 241.26 ms
  Periodic 'yolov8_nano_64x96': the schedule runs to 241 ms, which would take 29 instances, but the workload asks for 24 — keeping 24
  Periodic 'yolov8_nano_64x96': period=8ms current=24 needed=24
  Periodic 'fused_full': the schedule runs to 241 ms, which would take 29 instances, but the workload asks for 24 — keeping 24
  Periodic 'fused_full': period=8ms current=24 needed=24
  Periodic 'mlp_control': the schedule runs to 241 ms, which would take 25 instances, but the workload asks for 20 — keeping 20
  Periodic 'mlp_control': period=10ms current=20 needed=20
  All periodic counts cover makespan — converged.

Final greedy makespan: 241.26 ms (after 1 iteration)
  cpsat: makespan=241.26 ms (all ops 241.26 ms), periodic window misses=0, converged

Scheduling completed!
Makespan (all operations): 241.26 ms

Combination assignments:
  1xCPU_P: 1388 operations
  1xCPU_P: 1388 operations
  1xCPU_P: 1388 operations
  1xCPU_P: 1388 operations
  2xCPU_P: 47 operations
  2xCPU_P: 47 operations
  4xCPU_P: 4 operations
  1xCPU_E: 1362 operations
  1xCPU_E: 1362 operations
  1xCPU_E: 1362 operations
  1xCPU_E: 1362 operations
  2xCPU_E: 47 operations
  2xCPU_E: 47 operations
  4xCPU_E: 4 operations

Per-network combination assignments:
  Yolov8_nano_64x960: 1xCPU_P=49, 1xCPU_P=49, 1xCPU_P=49, 1xCPU_P=49, 2xCPU_P=9, 2xCPU_P=9, 4xCPU_P=2, 1xCPU_E=31, 1xCPU_E=31, 1xCPU_E=31, 1xCPU_E=31, 2xCPU_E=6, 2xCPU_E=6, 4xCPU_E=1
  Fused_full0: 1xCPU_P=15, 1xCPU_P=15, 1xCPU_P=15, 1xCPU_P=15
  Mlp_control0: 1xCPU_E=7, 1xCPU_E=7, 1xCPU_E=7, 1xCPU_E=7
  Yolov8_nano_64x961: 1xCPU_P=47, 1xCPU_P=47, 1xCPU_P=47, 1xCPU_P=47, 2xCPU_P=10, 2xCPU_P=10, 1xCPU_E=35, 1xCPU_E=35, 1xCPU_E=35, 1xCPU_E=35, 2xCPU_E=6, 2xCPU_E=6
  Yolov8_nano_64x962: 1xCPU_P=24, 1xCPU_P=24, 1xCPU_P=24, 1xCPU_P=24, 2xCPU_P=2, 2xCPU_P=2, 1xCPU_E=64, 1xCPU_E=64, 1xCPU_E=64, 1xCPU_E=64, 2xCPU_E=6, 2xCPU_E=6, 4xCPU_E=2
  Yolov8_nano_64x963: 1xCPU_P=31, 1xCPU_P=31, 1xCPU_P=31, 1xCPU_P=31, 2xCPU_P=6, 2xCPU_P=6, 1xCPU_E=60, 1xCPU_E=60, 1xCPU_E=60, 1xCPU_E=60, 2xCPU_E=1, 2xCPU_E=1
  Yolov8_nano_64x964: 1xCPU_P=58, 1xCPU_P=58, 1xCPU_P=58, 1xCPU_P=58, 1xCPU_E=40, 1xCPU_E=40, 1xCPU_E=40, 1xCPU_E=40
  Yolov8_nano_64x965: 1xCPU_P=67, 1xCPU_P=67, 1xCPU_P=67, 1xCPU_P=67, 2xCPU_P=1, 2xCPU_P=1, 1xCPU_E=30, 1xCPU_E=30, 1xCPU_E=30, 1xCPU_E=30
  Yolov8_nano_64x966: 1xCPU_P=24, 1xCPU_P=24, 1xCPU_P=24, 1xCPU_P=24, 1xCPU_E=69, 1xCPU_E=69, 1xCPU_E=69, 1xCPU_E=69, 2xCPU_E=5, 2xCPU_E=5
  Yolov8_nano_64x967: 1xCPU_P=26, 1xCPU_P=26, 1xCPU_P=26, 1xCPU_P=26, 1xCPU_E=72, 1xCPU_E=72, 1xCPU_E=72, 1xCPU_E=72
  Yolov8_nano_64x968: 1xCPU_P=67, 1xCPU_P=67, 1xCPU_P=67, 1xCPU_P=67, 1xCPU_E=30, 1xCPU_E=30, 1xCPU_E=30, 1xCPU_E=30, 2xCPU_E=1, 2xCPU_E=1
  Yolov8_nano_64x969: 1xCPU_P=57, 1xCPU_P=57, 1xCPU_P=57, 1xCPU_P=57, 1xCPU_E=41, 1xCPU_E=41, 1xCPU_E=41, 1xCPU_E=41
  Yolov8_nano_64x9610: 1xCPU_P=24, 1xCPU_P=24, 1xCPU_P=24, 1xCPU_P=24, 1xCPU_E=72, 1xCPU_E=72, 1xCPU_E=72, 1xCPU_E=72, 2xCPU_E=2, 2xCPU_E=2
  Yolov8_nano_64x9611: 1xCPU_P=90, 1xCPU_P=90, 1xCPU_P=90, 1xCPU_P=90, 1xCPU_E=8, 1xCPU_E=8, 1xCPU_E=8, 1xCPU_E=8
  Yolov8_nano_64x9612: 1xCPU_P=24, 1xCPU_P=24, 1xCPU_P=24, 1xCPU_P=24, 1xCPU_E=74, 1xCPU_E=74, 1xCPU_E=74, 1xCPU_E=74
  Yolov8_nano_64x9613: 1xCPU_P=79, 1xCPU_P=79, 1xCPU_P=79, 1xCPU_P=79, 1xCPU_E=19, 1xCPU_E=19, 1xCPU_E=19, 1xCPU_E=19
  Yolov8_nano_64x9614: 1xCPU_P=88, 1xCPU_P=88, 1xCPU_P=88, 1xCPU_P=88, 1xCPU_E=10, 1xCPU_E=10, 1xCPU_E=10, 1xCPU_E=10
  Yolov8_nano_64x9615: 1xCPU_P=64, 1xCPU_P=64, 1xCPU_P=64, 1xCPU_P=64, 1xCPU_E=34, 1xCPU_E=34, 1xCPU_E=34, 1xCPU_E=34
  Yolov8_nano_64x9616: 1xCPU_P=43, 1xCPU_P=43, 1xCPU_P=43, 1xCPU_P=43, 1xCPU_E=55, 1xCPU_E=55, 1xCPU_E=55, 1xCPU_E=55
  Yolov8_nano_64x9617: 1xCPU_P=17, 1xCPU_P=17, 1xCPU_P=17, 1xCPU_P=17, 1xCPU_E=80, 1xCPU_E=80, 1xCPU_E=80, 1xCPU_E=80, 2xCPU_E=1, 2xCPU_E=1
  Yolov8_nano_64x9618: 1xCPU_P=55, 1xCPU_P=55, 1xCPU_P=55, 1xCPU_P=55, 1xCPU_E=43, 1xCPU_E=43, 1xCPU_E=43, 1xCPU_E=43
  Yolov8_nano_64x9619: 1xCPU_P=75, 1xCPU_P=75, 1xCPU_P=75, 1xCPU_P=75, 1xCPU_E=21, 1xCPU_E=21, 1xCPU_E=21, 1xCPU_E=21, 2xCPU_E=2, 2xCPU_E=2
  Yolov8_nano_64x9620: 1xCPU_P=42, 1xCPU_P=42, 1xCPU_P=42, 1xCPU_P=42, 2xCPU_P=1, 2xCPU_P=1, 1xCPU_E=54, 1xCPU_E=54, 1xCPU_E=54, 1xCPU_E=54, 2xCPU_E=1, 2xCPU_E=1
  Yolov8_nano_64x9621: 1xCPU_P=18, 1xCPU_P=18, 1xCPU_P=18, 1xCPU_P=18, 2xCPU_P=6, 2xCPU_P=6, 1xCPU_E=72, 1xCPU_E=72, 1xCPU_E=72, 1xCPU_E=72, 2xCPU_E=2, 2xCPU_E=2
  Yolov8_nano_64x9622: 1xCPU_P=70, 1xCPU_P=70, 1xCPU_P=70, 1xCPU_P=70, 2xCPU_P=7, 2xCPU_P=7, 1xCPU_E=19, 1xCPU_E=19, 1xCPU_E=19, 1xCPU_E=19, 2xCPU_E=2, 2xCPU_E=2
  Yolov8_nano_64x9623: 1xCPU_P=14, 1xCPU_P=14, 1xCPU_P=14, 1xCPU_P=14, 2xCPU_P=5, 2xCPU_P=5, 4xCPU_P=2, 1xCPU_E=64, 1xCPU_E=64, 1xCPU_E=64, 1xCPU_E=64, 2xCPU_E=12, 2xCPU_E=12, 4xCPU_E=1
  Fused_full1: 1xCPU_P=2, 1xCPU_P=2, 1xCPU_P=2, 1xCPU_P=2, 1xCPU_E=13, 1xCPU_E=13, 1xCPU_E=13, 1xCPU_E=13
  Fused_full2: 1xCPU_P=4, 1xCPU_P=4, 1xCPU_P=4, 1xCPU_P=4, 1xCPU_E=11, 1xCPU_E=11, 1xCPU_E=11, 1xCPU_E=11
  Fused_full3: 1xCPU_P=14, 1xCPU_P=14, 1xCPU_P=14, 1xCPU_P=14, 1xCPU_E=1, 1xCPU_E=1, 1xCPU_E=1, 1xCPU_E=1
  Fused_full4: 1xCPU_P=8, 1xCPU_P=8, 1xCPU_P=8, 1xCPU_P=8, 1xCPU_E=7, 1xCPU_E=7, 1xCPU_E=7, 1xCPU_E=7
  Fused_full5: 1xCPU_P=15, 1xCPU_P=15, 1xCPU_P=15, 1xCPU_P=15
  Fused_full6: 1xCPU_P=7, 1xCPU_P=7, 1xCPU_P=7, 1xCPU_P=7, 1xCPU_E=8, 1xCPU_E=8, 1xCPU_E=8, 1xCPU_E=8
  Fused_full7: 1xCPU_P=2, 1xCPU_P=2, 1xCPU_P=2, 1xCPU_P=2, 1xCPU_E=13, 1xCPU_E=13, 1xCPU_E=13, 1xCPU_E=13
  Fused_full8: 1xCPU_P=11, 1xCPU_P=11, 1xCPU_P=11, 1xCPU_P=11, 1xCPU_E=4, 1xCPU_E=4, 1xCPU_E=4, 1xCPU_E=4
  Fused_full9: 1xCPU_E=15, 1xCPU_E=15, 1xCPU_E=15, 1xCPU_E=15
  Fused_full10: 1xCPU_P=11, 1xCPU_P=11, 1xCPU_P=11, 1xCPU_P=11, 1xCPU_E=4, 1xCPU_E=4, 1xCPU_E=4, 1xCPU_E=4
  Fused_full11: 1xCPU_P=10, 1xCPU_P=10, 1xCPU_P=10, 1xCPU_P=10, 1xCPU_E=5, 1xCPU_E=5, 1xCPU_E=5, 1xCPU_E=5
  Fused_full12: 1xCPU_P=3, 1xCPU_P=3, 1xCPU_P=3, 1xCPU_P=3, 1xCPU_E=12, 1xCPU_E=12, 1xCPU_E=12, 1xCPU_E=12
  Fused_full13: 1xCPU_P=6, 1xCPU_P=6, 1xCPU_P=6, 1xCPU_P=6, 1xCPU_E=9, 1xCPU_E=9, 1xCPU_E=9, 1xCPU_E=9
  Fused_full14: 1xCPU_P=15, 1xCPU_P=15, 1xCPU_P=15, 1xCPU_P=15
  Fused_full15: 1xCPU_E=15, 1xCPU_E=15, 1xCPU_E=15, 1xCPU_E=15
  Fused_full16: 1xCPU_P=10, 1xCPU_P=10, 1xCPU_P=10, 1xCPU_P=10, 1xCPU_E=5, 1xCPU_E=5, 1xCPU_E=5, 1xCPU_E=5
  Fused_full17: 1xCPU_P=6, 1xCPU_P=6, 1xCPU_P=6, 1xCPU_P=6, 1xCPU_E=9, 1xCPU_E=9, 1xCPU_E=9, 1xCPU_E=9
  Fused_full18: 1xCPU_P=14, 1xCPU_P=14, 1xCPU_P=14, 1xCPU_P=14, 1xCPU_E=1, 1xCPU_E=1, 1xCPU_E=1, 1xCPU_E=1
  Fused_full19: 1xCPU_P=9, 1xCPU_P=9, 1xCPU_P=9, 1xCPU_P=9, 1xCPU_E=6, 1xCPU_E=6, 1xCPU_E=6, 1xCPU_E=6
  Fused_full20: 1xCPU_P=8, 1xCPU_P=8, 1xCPU_P=8, 1xCPU_P=8, 1xCPU_E=7, 1xCPU_E=7, 1xCPU_E=7, 1xCPU_E=7
  Fused_full21: 1xCPU_P=9, 1xCPU_P=9, 1xCPU_P=9, 1xCPU_P=9, 1xCPU_E=6, 1xCPU_E=6, 1xCPU_E=6, 1xCPU_E=6
  Fused_full22: 1xCPU_P=9, 1xCPU_P=9, 1xCPU_P=9, 1xCPU_P=9, 1xCPU_E=6, 1xCPU_E=6, 1xCPU_E=6, 1xCPU_E=6
  Fused_full23: 1xCPU_P=9, 1xCPU_P=9, 1xCPU_P=9, 1xCPU_P=9, 1xCPU_E=6, 1xCPU_E=6, 1xCPU_E=6, 1xCPU_E=6
  Mlp_control1: 1xCPU_P=4, 1xCPU_P=4, 1xCPU_P=4, 1xCPU_P=4, 1xCPU_E=3, 1xCPU_E=3, 1xCPU_E=3, 1xCPU_E=3
  Mlp_control2: 1xCPU_P=1, 1xCPU_P=1, 1xCPU_P=1, 1xCPU_P=1, 1xCPU_E=6, 1xCPU_E=6, 1xCPU_E=6, 1xCPU_E=6
  Mlp_control3: 1xCPU_P=5, 1xCPU_P=5, 1xCPU_P=5, 1xCPU_P=5, 1xCPU_E=2, 1xCPU_E=2, 1xCPU_E=2, 1xCPU_E=2
  Mlp_control4: 1xCPU_P=7, 1xCPU_P=7, 1xCPU_P=7, 1xCPU_P=7
  Mlp_control5: 1xCPU_E=7, 1xCPU_E=7, 1xCPU_E=7, 1xCPU_E=7
  Mlp_control6: 1xCPU_E=7, 1xCPU_E=7, 1xCPU_E=7, 1xCPU_E=7
  Mlp_control7: 1xCPU_P=7, 1xCPU_P=7, 1xCPU_P=7, 1xCPU_P=7
  Mlp_control8: 1xCPU_E=7, 1xCPU_E=7, 1xCPU_E=7, 1xCPU_E=7
  Mlp_control9: 1xCPU_E=7, 1xCPU_E=7, 1xCPU_E=7, 1xCPU_E=7
  Mlp_control10: 1xCPU_E=7, 1xCPU_E=7, 1xCPU_E=7, 1xCPU_E=7
  Mlp_control11: 1xCPU_E=7, 1xCPU_E=7, 1xCPU_E=7, 1xCPU_E=7
  Mlp_control12: 1xCPU_E=7, 1xCPU_E=7, 1xCPU_E=7, 1xCPU_E=7
  Mlp_control13: 1xCPU_E=7, 1xCPU_E=7, 1xCPU_E=7, 1xCPU_E=7
  Mlp_control14: 1xCPU_E=7, 1xCPU_E=7, 1xCPU_E=7, 1xCPU_E=7
  Mlp_control15: 1xCPU_E=7, 1xCPU_E=7, 1xCPU_E=7, 1xCPU_E=7
  Mlp_control16: 1xCPU_E=7, 1xCPU_E=7, 1xCPU_E=7, 1xCPU_E=7
  Mlp_control17: 1xCPU_P=7, 1xCPU_P=7, 1xCPU_P=7, 1xCPU_P=7
  Mlp_control18: 1xCPU_E=7, 1xCPU_E=7, 1xCPU_E=7, 1xCPU_E=7
  Mlp_control19: 1xCPU_P=7, 1xCPU_P=7, 1xCPU_P=7, 1xCPU_P=7
Job 'yolov8_nano_64x960' (job_id=0, color_index=0) -> color RGB=[0.98745098 0.54117647 0.41568627]
DEBUG TRANSFER: alpha_shape=(2852, 14), num_actual_machines=8, len(machines)=8, alpha_cols=14, is_using_combos=True, prev_machine=6, machine=5, transfer_times_shape=(8, 8), machine_combinations=True
DEBUG IMMEDIATE: op=62, job_id=0, lookup=0, op_color_index=0, base_colors[0]=(np.float64(0.9874509803921568), np.float64(0.5411764705882353), np.float64(0.41568627450980394))
DEBUG AFTER MODULO: op=62, original=0, after_modulo=0, len(base_colors)=68
DEBUG BEFORE LEGEND: op=62, op_color_index=0, original=0, job_index=0, legend_key=kind_yolov8_nano_64x, in_legend=True
DEBUG IMMEDIATE: op=63, job_id=0, lookup=0, op_color_index=0, base_colors[0]=(np.float64(0.9874509803921568), np.float64(0.5411764705882353), np.float64(0.41568627450980394))
DEBUG AFTER MODULO: op=63, original=0, after_modulo=0, len(base_colors)=68
DEBUG BEFORE LEGEND: op=63, op_color_index=0, original=0, job_index=0, legend_key=kind_yolov8_nano_64x, in_legend=True
DEBUG IMMEDIATE: op=64, job_id=0, lookup=0, op_color_index=0, base_colors[0]=(np.float64(0.9874509803921568), np.float64(0.5411764705882353), np.float64(0.41568627450980394))
DEBUG AFTER MODULO: op=64, original=0, after_modulo=0, len(base_colors)=68
DEBUG BEFORE LEGEND: op=64, op_color_index=0, original=0, job_index=0, legend_key=kind_yolov8_nano_64x, in_legend=True
Job 'fused_full0' (job_id=1, color_index=1) -> color RGB=[0.59607843 0.8345098  0.57882353]
Job 'mlp_control0' (job_id=2, color_index=2) -> color RGB=[0.71372549 0.71372549 0.84705882]
Saving plot to plots/wh_chain120_solve_h200_cpsat_profiled.png...

Plot saved to plots/wh_chain120_solve_h200_cpsat_profiled.png

Outputting scheduled JSON...
  pdb_hash = sha256:a7f1f6372d908d9a... over 5 CSV(s)

Scheduled JSON saved to: schedules/scheduled_wh_chain120_solve_h200_cpsat_profiled.json
Metrics written to: schedules/scheduled_wh_chain120_solve_h200_cpsat_profiled_metrics.json
  makespan_us=241.26  op_deadline_miss=0 (dispatches, NOT instances)  cross_dev=983  solver_s=3005.503
Scheduler report written to: schedules/scheduled_wh_chain120_solve_h200_cpsat_profiled_report.json
