--board-calibration: loaded /scratch/agustin/xpurt-dev-sync/results/codesign_feedback/k1_board_calibration_yolo100.json (aggregate x1.261)
============================================================
Loading network hierarchy from JSON...
============================================================

Loading networks from: /scratch/agustin/xpurt-dev-sync/data/toplevel/wh_chain45_solve_h200.json

Found 3 networks:
  - yolov8_nano_64x96 (id: 0, identifier: yolov8_nano_64x96)
  - fused_full (id: 1, identifier: fused_full)
  - mlp_control (id: 2, identifier: mlp_control)

Found 2 network-level dependencies:
  - yolov8_nano_64x96 → fused_full
  - fused_full → mlp_control

Resolved runtime configuration:
  Machine core counts: {'CPU_P': 4, 'CPU_E': 4}
  Profile HW mapping: CPU_P->rvv_x60, CPU_E->rvv_x60
  Profile target/topology: target=spacemit_x60, topo_tag=topo_0_1_2_3
  p_core_speedup: 1.0
  random_seed: 42
  solver_verbosity: 0
  time_limit: 600
  use_profiled: True
  prune_periodic: True
  restrict_makespan_to_nonperiodic: False
  cvxpy_solver (milp only): MOSEK
  machine_combination_mode: shard
  enforce_same_processor_combinations: True

Using profiled runtimes where available...
  (warning) 8 dispatch(es) were costed 0.0 because a profile that EXISTS has no row for them. Either they are ops the codegen drops (the yolo chunk2_c1 case) or the CSV is short and unmeasured work is being scheduled as instantaneous.
  - yolov8_nano_64x96/dispatch_3(id=3) costed 0.0 (first seen on rvv_x60/topo_0): no row in an otherwise-present profile; op not knowable from the profile
  - yolov8_nano_64x96/dispatch_11(id=11) costed 0.0 (first seen on rvv_x60/topo_0): no row in an otherwise-present profile; op not knowable from the profile
  - yolov8_nano_64x96/dispatch_22(id=22) costed 0.0 (first seen on rvv_x60/topo_0): no row in an otherwise-present profile; op not knowable from the profile
  - yolov8_nano_64x96/dispatch_33(id=33) costed 0.0 (first seen on rvv_x60/topo_0): no row in an otherwise-present profile; op not knowable from the profile
  - yolov8_nano_64x96/dispatch_48(id=48) costed 0.0 (first seen on rvv_x60/topo_0): no row in an otherwise-present profile; op not knowable from the profile
  - yolov8_nano_64x96/dispatch_56(id=56) costed 0.0 (first seen on rvv_x60/topo_0): no row in an otherwise-present profile; op not knowable from the profile
  - yolov8_nano_64x96/dispatch_64(id=64) costed 0.0 (first seen on rvv_x60/topo_0): no row in an otherwise-present profile; op not knowable from the profile
  - yolov8_nano_64x96/dispatch_72(id=72) costed 0.0 (first seen on rvv_x60/topo_0): no row in an otherwise-present profile; op not knowable from the profile
  (warning) set XPURT_STRICT_ZERO_COST=1 to make this fatal
  Workload declares horizon 200 ms and 3 explicit periodic instance counts; those counts are used as given. Networks without one are still sized by the refinement loop below.

--- cpsat iteration 1 ---
  stateful: chained 8 instance edge(s) for ['fused_full']
  Total operations: 1157
  Job names: ['yolov8_nano_64x960', 'fused_full0', 'mlp_control0', 'yolov8_nano_64x961', 'yolov8_nano_64x962', 'yolov8_nano_64x963', 'yolov8_nano_64x964', 'yolov8_nano_64x965', 'yolov8_nano_64x966', 'yolov8_nano_64x967', 'yolov8_nano_64x968', 'fused_full1', 'fused_full2', 'fused_full3', 'fused_full4', 'fused_full5', 'fused_full6', 'fused_full7', 'fused_full8', 'mlp_control1', 'mlp_control2', 'mlp_control3', 'mlp_control4', 'mlp_control5', 'mlp_control6', 'mlp_control7', 'mlp_control8', 'mlp_control9', 'mlp_control10', 'mlp_control11', 'mlp_control12', 'mlp_control13', 'mlp_control14', 'mlp_control15', 'mlp_control16', 'mlp_control17', 'mlp_control18', 'mlp_control19']

Starting CP-SAT solver v9.15.6755
Parameters: random_seed: 0 max_time_in_seconds: 900 log_search_progress: true num_search_workers: 6

Initial optimization model '': (model_fingerprint: 0xd335042b4bcb8c3c)
#Variables: 19'670 (#ints: 1 in objective) (17'283 primary variables)
  - 16'198 Booleans in [0,1]
  - 1'027 different domains in [0,27500000509527] with a largest complexity of 1.
#kExactlyOne: 1'157 (#literals: 16'198)
#kInterval: 16'198 (#enforced: 16'198)
#kLinMax: 1 (#expressions: 1'157)
#kLinear1: 17'428 (#enforced: 16'198)
#kLinear2: 283'831 (#enforced: 281'260 #multi: 281'260)
#kLinear3: 1'157
#kLinearN: 1'093 (#terms: 42'323)
#kNoOverlap: 8 (#intervals: 27'768, #optional: 27'768, #variable_sizes: 27'768)

Starting presolve at 0.09s
  1.61e-02s  0.00e+00d  [DetectDominanceRelations] 
  7.44e-01s  0.00e+00d  [PresolveToFixPoint] #num_loops=4 #num_dual_strengthening=1 
  2.02e-02s  0.00e+00d  [ExtractEncodingFromLinear] #potential_supersets=1'157 #potential_subsets=1'085 #exo_encodings=1'085 #multiple_terms=1'908 #literals=13'540 
  4.22e-03s  0.00e+00d  [DetectDuplicateColumns] 
  7.94e-03s  0.00e+00d  [DetectDuplicateConstraints] 
[Symmetry] Graph for symmetry has 129'188 nodes and 302'148 arcs.
[Symmetry] Symmetry computation done. time: 0.126263 dtime: 0.0963327
[Symmetry] #generators: 4, average support size: 6392
[Symmetry] 2921 orbits on 14548 variables with sizes: 8,8,8,8,8,8,8,8,8,8,...
[Symmetry] Num fixable by binary propagation in orbit: 7 / 8
[Symmetry] Num fixable by intersecting at_most_one with orbits: 11 largest_orbit: 8
[Symmetry] Found orbitope of size 1157 x 2
[SAT presolve] num removable Booleans: 0 / 18'255
[SAT presolve] num trivial clauses: 0
[SAT presolve] [0s] clauses:11'851 literals:31'737 vars:11'626 one_side_vars:0 simple_definition:11'401 singleton_clauses:0
[SAT presolve] [0.00119556s] clauses:11'851 literals:31'737 vars:11'626 one_side_vars:0 simple_definition:11'401 singleton_clauses:0
[SAT presolve] [0.0018258s] clauses:11'851 literals:31'737 vars:11'626 one_side_vars:0 simple_definition:11'401 singleton_clauses:0
  3.06e-02s  0.00e+00d  [DetectDuplicateConstraintsWithDifferentEnforcements] #without_enforcements=41'296 
  1.84e+01s  3.62e-01d  [Probe] #probed=34'834 #new_bounds=2'242 #equiv=1 #new_binary_clauses=450 
  9.55e-03s  4.23e-03d  [MaxClique] Merged 10'318 constraints with 23'474 literals into 2'283 constraints with 15'439 literals
  1.45e-02s  0.00e+00d  [DetectDominanceRelations] 
  1.11e-01s  0.00e+00d  [PresolveToFixPoint] #num_loops=3 #num_dual_strengthening=1 
  1.63e-02s  0.00e+00d  [ProcessAtMostOneAndLinear] 
  9.15e-03s  0.00e+00d  [DetectDuplicateConstraints] #duplicates=374 
  1.21e-02s  0.00e+00d  [DetectDuplicateConstraintsWithDifferentEnforcements] #without_enforcements=13'379 
  5.43e-03s  9.46e-05d  [DetectDominatedLinearConstraints] #relevant_constraints=2'367 
  3.49e-03s  0.00e+00d  [DetectDifferentVariables] 
  9.25e-03s  2.39e-04d  [ProcessSetPPC] #relevant_constraints=5'353 #num_inclusions=2'283 
  5.86e-03s  0.00e+00d  [TransformClausesToExactlyOne] #num_amos=9'942 
  4.46e-03s  0.00e+00d  [DetectEncodedComplexDomains] 
  3.68e-03s  0.00e+00d  [FindAlmostIdenticalLinearConstraints] 
  1.71e-01s  5.90e-01d  [FindBigAtMostOneAndLinearOverlap] 
  2.26e-02s  2.93e-01d  [FindBigVerticalLinearOverlap] 
  7.57e-03s  2.70e-04d  [FindBigHorizontalLinearOverlap] #blocks=4 #saved_nz=6'465 #linears=8 
  3.25e-03s  0.00e+00d  [MergeClauses] 
  1.34e-02s  0.00e+00d  [DetectDominanceRelations] 
  6.47e-02s  0.00e+00d  [PresolveToFixPoint] #num_loops=2 #num_dual_strengthening=1 
  1.31e-02s  0.00e+00d  [DetectDominanceRelations] 
  5.44e-02s  0.00e+00d  [PresolveToFixPoint] #num_loops=1 #num_dual_strengthening=1 
  3.27e-03s  0.00e+00d  [DetectDuplicateColumns] 
  7.53e-03s  0.00e+00d  [DetectDuplicateConstraints] 
[Symmetry] Graph for symmetry has 94'425 nodes and 194'718 arcs.
[Symmetry] Symmetry computation done. time: 0.0339533 dtime: 0.0450677
[Symmetry] #generators: 3, average support size: 3670.67
[Symmetry] 3194 orbits on 8700 variables with sizes: 4,4,4,4,4,4,4,4,4,4,...
[Symmetry] Num fixable by binary propagation in orbit: 3 / 4
[Symmetry] Num fixable by intersecting at_most_one with orbits: 5 largest_orbit: 4
[Symmetry] Found orbitope of size 1156 x 2
[SAT presolve] num removable Booleans: 0 / 16'219
[SAT presolve] num trivial clauses: 0
[SAT presolve] [0s] clauses:9'937 literals:19'874 vars:11'620 one_side_vars:11396 simple_definition:0 singleton_clauses:0
[SAT presolve] [0.000990336s] clauses:9'937 literals:19'874 vars:11'620 one_side_vars:11396 simple_definition:0 singleton_clauses:0
[SAT presolve] [0.00149337s] clauses:9'937 literals:19'874 vars:11'620 one_side_vars:11396 simple_definition:0 singleton_clauses:0
  1.17e-02s  0.00e+00d  [DetectDuplicateConstraintsWithDifferentEnforcements] #without_enforcements=13'379 
  1.53e+01s  2.21e-01d  [Probe] #probed=32'430 
  8.64e-03s  4.85e-03d  [MaxClique] Merged 9'937 constraints with 19'874 literals into 1'907 constraints with 11'844 literals
  1.30e-02s  0.00e+00d  [DetectDominanceRelations] 
  5.76e-02s  0.00e+00d  [PresolveToFixPoint] #num_loops=1 #num_dual_strengthening=1 
  1.55e-02s  0.00e+00d  [ProcessAtMostOneAndLinear] 
  8.27e-03s  0.00e+00d  [DetectDuplicateConstraints] 
  1.19e-02s  0.00e+00d  [DetectDuplicateConstraintsWithDifferentEnforcements] #without_enforcements=13'374 
  5.35e-03s  6.81e-05d  [DetectDominatedLinearConstraints] #relevant_constraints=2'371 
  3.63e-03s  0.00e+00d  [DetectDifferentVariables] 
  8.86e-03s  2.00e-04d  [ProcessSetPPC] #relevant_constraints=4'982 #num_inclusions=1'907 
  5.16e-03s  0.00e+00d  [TransformClausesToExactlyOne] 
  5.90e-03s  0.00e+00d  [DetectEncodedComplexDomains] 
  3.90e-03s  0.00e+00d  [FindAlmostIdenticalLinearConstraints] 
  6.38e-02s  2.04e-01d  [FindBigAtMostOneAndLinearOverlap] 
  1.07e-02s  1.00e-01d  [FindBigVerticalLinearOverlap] 
  4.55e-03s  4.83e-04d  [FindBigHorizontalLinearOverlap] #blocks=2 #saved_nz=1'614 #linears=12 
  3.02e-03s  0.00e+00d  [MergeClauses] 
  1.31e-02s  0.00e+00d  [DetectDominanceRelations] 
  5.58e-02s  0.00e+00d  [PresolveToFixPoint] #num_loops=2 #num_dual_strengthening=1 
  1.54e-02s  0.00e+00d  [DetectDominanceRelations] 
  5.64e-02s  0.00e+00d  [PresolveToFixPoint] #num_loops=1 #num_dual_strengthening=1 
  3.38e-03s  0.00e+00d  [DetectDuplicateColumns] 
  7.08e-03s  0.00e+00d  [DetectDuplicateConstraints] 
[Symmetry] Graph for symmetry has 72'848 nodes and 151'603 arcs.
[Symmetry] Symmetry computation done. time: 0.0125844 dtime: 0.0248407
[Symmetry] #generators: 1, average support size: 2310
[Symmetry] 1155 orbits on 2310 variables with sizes: 2,2,2,2,2,2,2,2,2,2,...
[Symmetry] Num fixable by intersecting at_most_one with orbits: 1 largest_orbit: 2
  1.15e-02s  0.00e+00d  [DetectDuplicateConstraintsWithDifferentEnforcements] #without_enforcements=13'374 
  1.54e+01s  2.24e-01d  [Probe] #probed=32'428 
  2.28e-03s  0.00e+00d  [MaxClique] 
  1.39e-02s  0.00e+00d  [DetectDominanceRelations] 
  5.68e-02s  0.00e+00d  [PresolveToFixPoint] #num_loops=1 #num_dual_strengthening=1 
  1.24e-02s  0.00e+00d  [ProcessAtMostOneAndLinear] 
  7.53e-03s  0.00e+00d  [DetectDuplicateConstraints] 
  1.17e-02s  0.00e+00d  [DetectDuplicateConstraintsWithDifferentEnforcements] #without_enforcements=13'373 
  5.42e-03s  6.11e-05d  [DetectDominatedLinearConstraints] #relevant_constraints=2'373 
  3.52e-03s  0.00e+00d  [DetectDifferentVariables] 
  6.19e-03s  1.23e-04d  [ProcessSetPPC] #relevant_constraints=3'077 
  4.67e-03s  0.00e+00d  [TransformClausesToExactlyOne] 
  4.87e-03s  0.00e+00d  [DetectEncodedComplexDomains] 
  3.39e-03s  0.00e+00d  [FindAlmostIdenticalLinearConstraints] 
  4.74e-02s  1.38e-01d  [FindBigAtMostOneAndLinearOverlap] 
  9.22e-03s  6.74e-02d  [FindBigVerticalLinearOverlap] 
  4.31e-03s  9.48e-04d  [FindBigHorizontalLinearOverlap] #linears=14 
  3.15e-03s  0.00e+00d  [MergeClauses] 
  1.57e-02s  0.00e+00d  [DetectDominanceRelations] 
  5.82e-02s  0.00e+00d  [PresolveToFixPoint] #num_loops=1 #num_dual_strengthening=1 
  5.64e-02s  0.00e+00d  [MergeNoOverlap] 
  3.74e-03s  0.00e+00d  [MergeNoOverlap2D] 
  1.49e-02s  0.00e+00d  [ExpandObjective] #entries=264'833 #tight_variables=27'802 #tight_constraints=3'780 

Presolve summary:
  - 1226 affine relations were detected.
  - rule 'TODO dual: only one blocking constraint?' was applied 28 times.
  - rule 'TODO duplicate: skipped identical encoding constraints' was applied 1'458 times.
  - rule 'TODO interval: same interval with different enforcement?' was applied 81'919 times.
  - rule 'affine: new relation' was applied 1'226 times.
  - rule 'at_most_one: transformed into max clique' was applied 2 times.
  - rule 'deductions: 26630 stored' was applied 1 time.
  - rule 'deductions: reduced variable domain' was applied 1 time.
  - rule 'duplicate: removed constraint' was applied 374 times.
  - rule 'duplicate: removed enforced constraint' was applied 13'529 times.
  - rule 'encoding: candidate linear is all boolean now' was applied 374 times.
  - rule 'encoding: extracted from linear' was applied 1'085 times.
  - rule 'encoding: reduced target domain' was applied 1'085 times.
  - rule 'enforcement: false literal' was applied 47'409 times.
  - rule 'exactly_one: removed literals' was applied 281 times.
  - rule 'intervals: removed unused interval' was applied 1'667 times.
  - rule 'lin_max: removed exprs' was applied 3 times.
  - rule 'lin_max: target domain reduced' was applied 1 time.
  - rule 'linear matrix: common horizontal rectangle' was applied 6 times.
  - rule 'linear1: transformed to implication' was applied 6'804 times.
  - rule 'linear1: x in domain' was applied 1'230 times.
  - rule 'linear2: already known enforced relation' was applied 239'788 times.
  - rule 'linear: always true' was applied 3'275 times.
  - rule 'linear: divide by GCD' was applied 6'972 times.
  - rule 'linear: empty' was applied 5'603 times.
  - rule 'linear: enforcement literal in expression' was applied 2 times.
  - rule 'linear: extracted at most one (max)' was applied 374 times.
  - rule 'linear: fixed or dup variables' was applied 10'234 times.
  - rule 'linear: positive equal one' was applied 374 times.
  - rule 'linear: reduced variable domains' was applied 2'714 times.
  - rule 'linear: remapped using affine relations' was applied 65'522 times.
  - rule 'linear: simplified rhs' was applied 3'447 times.
  - rule 'new_bool: integer encoding' was applied 1'683 times.
  - rule 'no_overlap: removed absent intervals' was applied 20 times.
  - rule 'presolve: 2113 unused variables removed.' was applied 1 time.
  - rule 'presolve: iteration' was applied 3 times.
  - rule 'setppc: bool_or in at_most_one' was applied 4'188 times.
  - rule 'setppc: exactly_one included in linear' was applied 1 time.
  - rule 'setppc: reduced linear coefficients' was applied 1 time.
  - rule 'setppc: removed dominated constraints' was applied 1 time.
  - rule 'symmetry: fixed to false in general orbit' was applied 17 times.
  - rule 'variables with 2 values: new affine relation' was applied 225 times.
  - rule 'variables with 2 values: register other encoding' was applied 225 times.
  - rule 'variables: add encoding constraint' was applied 1'458 times.
  - rule 'variables: canonicalize affine domain' was applied 554 times.
  - rule 'variables: detect fully reified value encoding' was applied 270 times.
  - rule 'variables: detect half reified value encoding' was applied 20'576 times.

Presolved optimization model '': (model_fingerprint: 0xd32a2e0b963b0bb9)
#Variables: 18'574 (#ints: 1 in objective) (15'504 primary variables)
  - 16'213 Booleans in [0,1]
  - 1'150 different domains in [-255555,255555] with a largest complexity of 3.
#kExactlyOne: 3'063 (#literals: 26'371)
#kInterval: 14'531 (#enforced: 14'531)
#kLinMax: 1 (#expressions: 97)
#kLinear1: 2'916 (#enforced: 2'916)
#kLinear2: 1'648
#kLinear3: 711
#kLinearN: 14 (#terms: 13'544)
#kNoOverlap: 8 (#intervals: 23'344, #optional: 23'344, #variable_sizes: 17'036)
[Symmetry] Graph for symmetry has 69'506 nodes and 151'593 arcs.
[Symmetry] Symmetry computation done. time: 0.0104355 dtime: 0.0229378

Preloading model.
#Bound  51.99s best:inf   next:[222861,255555] initial_domain
#Model  52.01s var:18574/18574 constraints:22892/22892

Starting search at 52.01s with 6 workers.
4 full problem subsolvers: [default_lp, fixed, max_lp, no_lp]
2 first solution subsolvers: [fj, fs_random_no_lp]
13 interleaved subsolvers: [feasibility_pump, graph_arc_lns, graph_cst_lns, graph_dec_lns, graph_var_lns, ls, rins/rens, rnd_cst_lns, rnd_var_lns, scheduling_intervals_lns, scheduling_precedences_lns, scheduling_resource_windows_lns, scheduling_time_window_lns]
3 helper subsolvers: [neighborhood_helper, synchronization_agent, update_gap_integral]

#1      95.47s best:223548 next:[222861,223547] fixed
#2      96.56s best:223547 next:[222861,223546] graph_arc_lns (d=5.00e-01 s=281 t=0.10 p=0.00 stall=0 h=base)
#3      98.07s best:223518 next:[222861,223517] scheduling_time_window_lns (d=5.00e-01 s=285 t=0.10 p=0.00 stall=0 h=base)
#4     111.77s best:223497 next:[222861,223496] graph_arc_lns (d=7.07e-01 s=293 t=0.10 p=1.00 stall=0 h=base)
#5     115.09s best:223496 next:[222861,223495] ls_restart_perturb(batch:1 lin{mvs:12 evals:6'193} #w_updates:7 #perturb:0)
#6     116.33s best:223495 next:[222861,223494] ls_restart_decay_perturb(batch:1 lin{mvs:10 evals:5'958} #w_updates:4 #perturb:0)
#7     120.99s best:223494 next:[222861,223493] graph_var_lns (d=5.38e-01 s=361 t=0.10 p=0.50 stall=0 h=base)
#8     140.31s best:223461 next:[222861,223460] fixed
#9     140.61s best:223460 next:[222861,223459] ls_restart_decay_perturb(batch:1 lin{mvs:219 evals:7'653} #w_updates:140 #perturb:0)
#10    141.86s best:223459 next:[222861,223458] ls_restart_decay(batch:1 lin{mvs:120 evals:17'500} #w_updates:80 #perturb:0)
#11    149.83s best:223450 next:[222861,223449] graph_arc_lns (d=5.38e-01 s=521 t=0.10 p=0.50 stall=0 h=base)
#12    150.18s best:223449 next:[222861,223448] ls_restart_perturb(batch:1 lin{mvs:86 evals:22'161} #w_updates:93 #perturb:0)
#13    151.74s best:223448 next:[222861,223447] ls_restart(batch:1 lin{mvs:88 evals:21'344} #w_updates:93 #perturb:0)
#14    152.41s best:223447 next:[222861,223446] scheduling_time_window_lns (d=1.00e+00 s=530 t=0.10 p=1.00 stall=4 h=base)
#15    154.93s best:223446 next:[222861,223445] ls_restart_decay_perturb(batch:1 lin{mvs:227 evals:18'421} #w_updates:150 #perturb:0)
#16    168.30s best:223438 next:[222861,223437] graph_arc_lns (d=7.87e-01 s=582 t=0.10 p=0.75 stall=1 h=base)
#17    169.02s best:223415 next:[222861,223414] graph_var_lns (d=3.64e-01 s=610 t=0.10 p=0.43 stall=0 h=base)
#18    175.82s best:223414 next:[222861,223413] ls_restart_decay_perturb(batch:1 lin{mvs:110 evals:21'417} #w_updates:64 #perturb:0)
#19    183.08s best:223413 next:[222861,223412] ls_restart_decay(batch:1 lin{mvs:193 evals:7'066} #w_updates:136 #perturb:0)
#20    192.02s best:223410 next:[222861,223409] graph_dec_lns (d=9.39e-01 s=607 t=0.10 p=1.00 stall=5 h=base)
#21    204.56s best:223409 next:[222861,223408] ls_restart_decay_perturb(batch:3 lin{mvs:338 evals:11'864} gen{mvs:2 evals:5'468} #w_updates:185 #perturb:0)
#22    208.56s best:223407 next:[222861,223406] graph_var_lns (d=5.62e-01 s=851 t=0.10 p=0.50 stall=2 h=base)
#23    231.72s best:223315 next:[222861,223314] scheduling_intervals_lns (d=1.24e-01 s=973 t=0.10 p=0.00 stall=1 h=base)
#24    234.36s best:223314 next:[222861,223313] ls_restart_decay(batch:1 lin{mvs:210 evals:18'232} #w_updates:143 #perturb:0)
#25    240.52s best:223268 next:[222861,223267] scheduling_intervals_lns (d=1.79e-01 s=1023 t=0.10 p=0.25 stall=0 h=base)
#26    256.64s best:223267 next:[222861,223266] scheduling_intervals_lns (d=1.83e-01 s=1113 t=0.10 p=0.33 stall=0 h=base) [hint]
#27    257.98s best:223200 next:[222861,223199] scheduling_resource_windows_lns (d=1.00e+00 s=1115 t=0.10 p=1.00 stall=0 h=base)
#28    264.91s best:223194 next:[222861,223193] scheduling_intervals_lns (d=1.35e-01 s=1151 t=0.10 p=0.29 stall=0 h=base)
#29    279.46s best:223076 next:[222861,223075] scheduling_intervals_lns (d=1.80e-01 s=1195 t=0.10 p=0.38 stall=0 h=base)
#30    281.13s best:223073 next:[222861,223072] graph_var_lns (d=5.65e-01 s=1197 t=0.10 p=0.50 stall=1 h=base)
#31    290.14s best:223015 next:[222861,223014] scheduling_intervals_lns (d=2.37e-01 s=1248 t=0.10 p=0.44 stall=0 h=base)
#32    311.59s best:222993 next:[222861,222992] scheduling_intervals_lns (d=3.09e-01 s=1315 t=0.10 p=0.50 stall=0 h=base)
#33    334.74s best:222991 next:[222861,222990] graph_arc_lns (d=7.22e-01 s=1365 t=0.10 p=0.56 stall=2 h=base)
#34    334.76s best:222990 next:[222861,222989] ls_restart(batch:1 lin{mvs:12 evals:6'087} #w_updates:7 #perturb:0)
#35    334.77s best:222989 next:[222861,222988] ls_restart_perturb(batch:1 lin{mvs:12 evals:6'376} #w_updates:7 #perturb:0)
#36    342.32s best:222988 next:[222861,222987] ls_restart_decay_perturb(batch:1 lin{mvs:340 evals:7'528} #w_updates:179 #perturb:0)
#37    342.37s best:222987 next:[222861,222986] ls_restart_perturb(batch:1 lin{mvs:62 evals:24'652} #w_updates:70 #perturb:0)
#38    342.42s best:222986 next:[222861,222985] ls_restart_decay(batch:1 lin{mvs:66 evals:20'572} #w_updates:56 #perturb:0)
#39    346.84s best:222979 next:[222861,222978] scheduling_time_window_lns (d=1.00e+00 s=1445 t=0.10 p=1.00 stall=12 h=stalling)
#40    366.50s best:222975 next:[222861,222974] rnd_var_lns (d=9.72e-01 s=1384 t=0.10 p=0.90 stall=5 h=base)
#41    399.65s best:222956 next:[222861,222955] scheduling_intervals_lns (d=2.46e-01 s=1678 t=0.10 p=0.46 stall=0 h=base)
#Model 410.02s var:18562/18574 constraints:22853/22892
#42    417.73s best:222948 next:[222861,222947] scheduling_intervals_lns (d=3.09e-01 s=1922 t=0.10 p=0.50 stall=0 h=base)
#43    438.26s best:222947 next:[222861,222946] graph_arc_lns (d=9.28e-01 s=2118 t=0.10 p=0.71 stall=0 h=base) [hint]
#44    439.86s best:222944 next:[222861,222943] scheduling_resource_windows_lns (d=1.00e+00 s=2147 t=0.10 p=1.00 stall=0 h=base)
#Model 442.04s var:18557/18574 constraints:22846/22892
#45    457.32s best:222940 next:[222861,222939] scheduling_intervals_lns (d=3.85e-01 s=2262 t=0.10 p=0.53 stall=0 h=base)
#46    477.14s best:222939 next:[222861,222938] fixed
#47    483.63s best:222938 next:[222861,222937] rnd_cst_lns (d=6.23e-01 s=2553 t=0.10 p=0.52 stall=0 h=base)
#Model 485.54s var:18552/18574 constraints:22839/22892
#48    512.54s best:222937 next:[222861,222936] ls_restart_decay_perturb(batch:2 lin{mvs:182 evals:6'662} gen{mvs:1 evals:4'058} #w_updates:93 #perturb:0)
#49    579.45s best:222935 next:[222861,222934] scheduling_intervals_lns (d=4.91e-01 s=3254 t=0.10 p=0.54 stall=0 h=base)
#Model 585.80s var:18549/18574 constraints:22834/22892
#50    599.48s best:222934 next:[222861,222933] ls_restart(batch:2 lin{mvs:54 evals:6'365} gen{mvs:1 evals:4'506} #w_updates:47 #perturb:0)
#51    601.07s best:222933 next:[222861,222932] scheduling_time_window_lns (d=1.00e+00 s=3404 t=0.10 p=1.00 stall=0 h=base)
#Model 615.75s var:18540/18574 constraints:22823/22892
#Model 615.97s var:18529/18574 constraints:22810/22892
#52    627.08s best:222932 next:[222861,222931] graph_var_lns (d=5.44e-01 s=3621 t=0.10 p=0.49 stall=0 h=base)
#53    639.15s best:222913 next:[222861,222912] scheduling_intervals_lns (d=4.90e-01 s=3658 t=0.10 p=0.54 stall=0 h=base)
#Model 651.82s var:18512/18574 constraints:22787/22892
#54    668.23s best:222912 next:[222861,222911] fixed
#55    681.52s best:222911 next:[222861,222910] rnd_var_lns (d=9.77e-01 s=4108 t=0.10 p=0.85 stall=2 h=base) [hint]
#56    682.79s best:222910 next:[222861,222909] scheduling_resource_windows_lns (d=1.00e+00 s=4112 t=0.10 p=1.00 stall=0 h=base)
#57    701.83s best:222909 next:[222861,222908] fixed
#58    705.97s best:222908 next:[222861,222907] graph_arc_lns (d=8.40e-01 s=4130 t=0.10 p=0.57 stall=2 h=base)
#59    720.22s best:222884 next:[222861,222883] scheduling_intervals_lns (d=2.94e-01 s=4228 t=0.10 p=0.48 stall=0 h=base)
#60    786.36s best:222878 next:[222861,222877] scheduling_intervals_lns (d=1.16e-01 s=4577 t=0.10 p=0.41 stall=0 h=base)
#Model 794.26s var:18352/18574 constraints:22581/22892
#61    807.52s best:222877 next:[222861,222876] graph_arc_lns (d=8.06e-01 s=4684 t=0.10 p=0.54 stall=0 h=base) [hint]
#62    810.55s best:222874 next:[222861,222873] scheduling_time_window_lns (d=1.00e+00 s=4686 t=0.10 p=1.00 stall=0 h=base)
#Model 816.72s var:18336/18574 constraints:22561/22892
#Model 816.95s var:18305/18574 constraints:22520/22892
#63    833.91s best:222873 next:[222861,222872] rnd_var_lns (d=9.86e-01 s=4726 t=0.10 p=0.87 stall=0 h=base) [hint]
#64    833.96s best:222872 next:[222861,222871] ls_restart_perturb(batch:1 lin{mvs:174 evals:41'952} #w_updates:136 #perturb:0)
#65    834.35s best:222871 next:[222861,222870] ls_restart_perturb(batch:1 lin{mvs:165 evals:48'712} #w_updates:183 #perturb:0)
#66    836.79s best:222865 next:[222861,222864] scheduling_resource_windows_lns (d=1.00e+00 s=4732 t=0.10 p=1.00 stall=12 h=base)
#Model 839.10s var:18291/18574 constraints:22502/22892
#Model 839.22s var:18045/18574 constraints:22196/22892
#67    848.19s best:222864 next:[222861,222863] rnd_cst_lns (d=7.02e-01 s=6275 t=0.10 p=0.52 stall=0 h=base) [hint]
#68    849.11s best:222863 next:[222861,222862] scheduling_intervals_lns (d=2.06e-01 s=6402 t=0.10 p=0.47 stall=0 h=base)
#Model 853.61s var:17979/18574 constraints:22120/22892
#Model 853.73s var:17950/18574 constraints:22083/22892
#69    855.19s best:222862 next:[222861,222861] graph_cst_lns (d=5.36e-01 s=6429 t=0.10 p=0.51 stall=0 h=base) [hint]
#Model 867.77s var:17595/18574 constraints:21477/22892
#70    882.24s best:222861 next:[]         fixed
#Done  882.24s fixed

Task timing                                  n [     min,      max]      avg      dev     time         n [     min,      max]      avg      dev    dtime
                       'default_lp':         1 [  13.84m,   13.84m]   13.84m   0.00ns   13.84m         2 [285.04ms,   49.42s]   24.85s   24.57s   49.71s
                 'feasibility_pump':      1281 [210.33us,   13.00s]  91.35ms 937.76ms    1.95m        15 [ 33.27ms,    3.47s]    2.56s    1.25s   38.33s
                            'fixed':         1 [  13.84m,   13.84m]   13.84m   0.00ns   13.84m         2 [235.38ms,   18.14s]    9.19s    8.95s   18.38s
                               'fj':       265 [  1.96ms, 146.48ms]  37.77ms  39.59ms   10.01s       265 [100.65ms, 158.69ms] 107.20ms   8.60ms   28.41s
                  'fs_random_no_lp':         1 [  43.46s,   43.46s]   43.46s   0.00ns   43.46s         2 [226.48ms, 849.52ms] 538.00ms 311.52ms    1.08s
                    'graph_arc_lns':        26 [ 20.95ms,   16.84s]    4.98s    4.64s    2.16m        19 [  1.89ms, 100.35ms]  71.38ms  40.68ms    1.36s
                    'graph_cst_lns':      1091 [  1.92ms,    1.98s] 117.40ms 256.73ms    2.13m       306 [ 29.01us, 101.48ms]  69.15ms  45.13ms   21.16s
                    'graph_dec_lns':        15 [ 12.26ms,   28.12s]    9.97s    9.57s    2.49m        13 [540.08us, 100.04ms]  26.94ms  33.09ms 350.17ms
                    'graph_var_lns':       473 [  1.98ms,    4.70s] 270.76ms 701.22ms    2.13m        89 [118.94us, 100.40ms]  64.69ms  42.37ms    5.76s
                               'ls':      1281 [  2.96ms, 220.83ms]  57.62ms  48.96ms    1.23m      1280 [ 72.10us,   14.38s]    2.06s    3.60s   43.94m
                           'max_lp':         1 [  13.84m,   13.84m]   13.84m   0.00ns   13.84m         2 [439.76ms,    4.13s]    2.28s    1.84s    4.57s
                            'no_lp':         1 [  13.84m,   13.84m]   13.84m   0.00ns   13.84m         2 [226.48ms,    1.82m]   54.65s   54.42s    1.82m
                        'rins/rens':      1281 [  1.73ms,    2.57s]  85.77ms 184.31ms    1.83m       375 [445.33us, 102.37ms]  78.38ms  31.78ms   29.39s
                      'rnd_cst_lns':       695 [  1.72ms,    4.06s] 184.29ms 481.06ms    2.13m       165 [ 74.62us, 101.13ms]  63.40ms  46.38ms   10.46s
                      'rnd_var_lns':       650 [  5.39ms,   35.67s] 197.04ms    1.76s    2.13m        15 [550.48us, 100.05ms]  19.47ms  31.75ms 292.07ms
         'scheduling_intervals_lns':       593 [  6.09ms,   19.15s] 215.97ms    1.11s    2.13m        44 [139.13us, 100.57ms]  76.45ms  31.41ms    3.36s
       'scheduling_precedences_lns':        26 [   1.09s,   12.21s]    5.01s    2.23s    2.17m        26 [551.18us, 100.25ms]  92.46ms  26.53ms    2.40s
  'scheduling_resource_windows_lns':      1010 [  6.39ms,    3.62s] 126.80ms 306.46ms    2.13m       113 [  1.08ms,   8.41ms]   3.28ms   1.85ms 370.16ms
       'scheduling_time_window_lns':      1281 [  6.31ms,    4.42s]  99.96ms 266.13ms    2.13m       114 [  1.17ms,  22.12ms]   3.35ms   3.13ms 382.05ms

Search stats           Bools  Conflicts   Branches  Restarts  BacktrackToRoot  Backtrack  BoolPropag  IntegerPropag
       'default_lp':  18'296      2'291    687'404         8          307'919    356'834   3'299'433     26'874'335
            'fixed':  38'094          1    709'322         0          321'130    433'059   4'807'152     30'384'150
  'fs_random_no_lp':  16'213         52     94'727         1           65'475     68'739     468'530      3'870'478
           'max_lp':  16'310        145    123'863         2           70'461     73'724     533'661      5'074'168
            'no_lp':  16'720        876  1'006'454        11          409'363    447'281   3'614'234     31'606'204

SAT formula           Fixed  Equiv   Total  VarLeft  BinaryClauses  PermanentClauses  TemporaryClauses
       'default_lp':    499     25  18'296   17'772         12'442             2'309             2'088
            'fixed':  1'448      6  38'094   36'640        109'912             2'673                 0
  'fs_random_no_lp':      0      0  16'213   16'213          5'258             2'592                50
           'max_lp':    155      7  16'310   16'148          5'470             2'850                49
            'no_lp':     43      3  16'720   16'674          6'630             2'301               587

SAT stats             ClassicMinim  LitRemoved  LitRemovedBinary  LitLearned  LitForgotten  Subsumed
       'default_lp':         1'504       3'180             8'837     201'695             0        30
            'fixed':             0           0                 0           5             0         0
  'fs_random_no_lp':             7          11                36      10'586             0         1
           'max_lp':             3           7             1'142       9'466             0         1
            'no_lp':           532       1'103            24'064     343'337             0        21

Vivification          Clauses  Decisions  LitTrue  Subsumed  LitRemoved  DecisionReused  Conflicts
       'default_lp':   42'209    270'199        0     2'386      17'587              31          0
            'fixed':   46'491    266'714        0     2'193      17'734               0          0
  'fs_random_no_lp':    3'835     25'606        0       947       7'523               0          0
           'max_lp':    8'627     50'958        0     2'082      17'197               0          0
            'no_lp':   56'005    366'901        0     2'401      17'504               0          0

Clause deletion       at_true  l_and_not(l)  to_binary  sub_conflict  sub_extra  sub_decisions  sub_eager  sub_vivify  sub_probing  sub_inpro  blocked  eliminated  forgotten  promoted  conflicts
       'default_lp':      129            46         43            19          1              0         11       2'386            0        269        0           0          0     3'648      2'291
            'fixed':        0            14          3             0          0              0          0       2'193            0        134        0           0          0         0          1
  'fs_random_no_lp':        0             0          0             1          1              0          0         947            0        734        0           0          0       131         52
           'max_lp':        2            13          4             0          0              0          1       2'082            0         64        0           0          0        64        145
            'no_lp':        0             5          5             3          1              0         18       2'401            1        564        0           0          0     1'263        876

Lp stats         Component  Iterations  AddedCuts  OPTIMAL  DUAL_F.  DUAL_U.
  'default_lp':         21      17'616     13'090   18'012        3        0
       'fixed':         21      40'280      7'514   26'714       47        0
      'max_lp':          1       4'725        357      403      128        0

Lp dimension          Final dimension of first component
  'default_lp':  2947 rows, 15967 columns, 21931 entries
       'fixed':  4135 rows, 17426 columns, 23352 entries
      'max_lp':  5094 rows, 18671 columns, 35267 entries

Lp debug         CutPropag  CutEqPropag  Adjust  Overflow    Bad  BadScaling
  'default_lp':          0            0       0         0  5'873           0
       'fixed':          0            0       0         0    954           0
      'max_lp':          0            0       0         0    441           0

Lp pool          Constraints  Updates  Simplif  Merged  Shortened  Split  Strengthened      Cuts/Call
  'default_lp':       14'432        1    4'396     126      2'866      0             9  13'090/19'302
       'fixed':       14'643      116   20'783     770      4'178      0             0    7'514/9'088
      'max_lp':        8'313        1      455     599        215      3           384        357/405

Lp Cut                              fixed  default_lp  max_lp
                            CG_FF:      2          43      12
                             CG_K:      -           -      11
                            CG_KL:      -           -       3
                             CG_R:     12          27      21
                            CG_RB:     12          60       7
                           CG_RBP:      6           3       2
                               IB:  7'470      12'792     250
                         MIR_1_FF:      -          18       2
                          MIR_1_K:      -           2       -
                         MIR_1_KL:      -           -       2
                          MIR_1_R:      -           -       2
                         MIR_1_RB:      1           6       -
                         MIR_2_FF:      1          26       2
                         MIR_2_KL:      -           -       2
                          MIR_2_R:      -           -       2
                         MIR_2_RB:      1           2       -
                         MIR_3_FF:      -          13       3
                          MIR_3_K:      -           -       1
                         MIR_3_KL:      -           -       2
                          MIR_3_R:      -           2       3
                         MIR_3_RB:      -           7       -
                         MIR_4_FF:      -           4       -
                         MIR_4_RB:      -           4       -
                         MIR_5_FF:      -           7       2
                         MIR_5_KL:      -           -       2
                          MIR_5_R:      -           -       2
                         MIR_5_RB:      5           3       -
                         MIR_6_FF:      -           8       1
                          MIR_6_K:      -           -       1
                          MIR_6_R:      -           1       1
                         MIR_6_RB:      1           1       1
  NoOverlapEnergy_lifted_optional:      -           -      20
                     ZERO_HALF_FF:      -          11       -
                      ZERO_HALF_K:      -           1       -
                      ZERO_HALF_R:      3          28       -
                     ZERO_HALF_RB:      -          21       -

LNS stats                             Improv/Calls  Closed  Difficulty  TimeLimit
                    'graph_arc_lns':         20/26     54%    8.07e-01       0.10
                    'graph_cst_lns':       299/404     51%    5.58e-01       0.10
                    'graph_dec_lns':          4/14     86%    9.85e-01       0.10
                    'graph_var_lns':        64/104     55%    8.42e-01       0.10
                        'rins/rens':       285/437     50%    1.10e-01       0.10
                      'rnd_cst_lns':       137/200     52%    6.58e-01       0.10
                      'rnd_var_lns':          6/16     88%    9.88e-01       0.10
         'scheduling_intervals_lns':         41/49     51%    3.52e-01       0.10
       'scheduling_precedences_lns':         25/26      0%    5.11e-04       0.10
  'scheduling_resource_windows_lns':       442/548    100%    1.00e+00       0.10
       'scheduling_time_window_lns':       431/539    100%    1.00e+00       0.10

LS stats                                    Batches  Restarts/Perturbs  LinMoves  GenMoves  CompoundMoves  Bactracks  WeightUpdates  ScoreComputed
                             'fj_restart':       20                  4    10'551         0              0          0             23      4'970'349
                    'fj_restart_compound':       23                  4         0       405            404          0              0         10'141
                'fj_restart_compound_obj':       15                  7         0       417            374          0              0          7'891
            'fj_restart_compound_perturb':       22                  8         0       254            254          0              0          9'088
        'fj_restart_compound_perturb_obj':       28                  7         0       253            249          0              0         11'377
                       'fj_restart_decay':       10                  7     6'055         0              0          0              6      1'209'846
              'fj_restart_decay_compound':       22                  8         0       623            621          0              0         11'526
          'fj_restart_decay_compound_obj':       22                  9         0       562            558          0              0         11'001
      'fj_restart_decay_compound_perturb':        7                  3         0        70             70          0              0          2'635
  'fj_restart_decay_compound_perturb_obj':        9                  7         0        86             78          0              0          3'674
                   'fj_restart_decay_obj':       13                  8     7'591         0              0          0              8      1'719'008
               'fj_restart_decay_perturb':       18                  9    11'283         0              0          0             11      1'629'518
           'fj_restart_decay_perturb_obj':       22                  9    14'144         0              0          0             15      2'935'195
                         'fj_restart_obj':       12                  8     6'771         0              0          0              7      1'390'416
                     'fj_restart_perturb':       14                  5     8'936         0              0          0             15      2'076'279
                 'fj_restart_perturb_obj':        8                  5     4'662         0              0          0              5        670'843
                             'ls_restart':      158                120    71'821         6              0          0         67'957      3'829'184
                    'ls_restart_compound':      157                115         0       248             40         79              2        963'673
            'ls_restart_compound_perturb':      166                127         0       277             46         99              4        927'617
                       'ls_restart_decay':      164                112    56'530        72              0          0         17'737      7'800'171
              'ls_restart_decay_compound':      171                124         0       277             34         84              1        829'768
      'ls_restart_decay_compound_perturb':      160                118         0       248             34         76              0        960'831
               'ls_restart_decay_perturb':      158                123    52'777        62              0          0         20'873      6'538'627
                     'ls_restart_perturb':      147                128    63'368         4              0          0         58'184      3'987'667

Solutions (70)                        Num     Rank
                            'fixed':   12   [0,70]
                    'graph_arc_lns':   16   [1,61]
                    'graph_cst_lns':    2  [68,69]
                    'graph_dec_lns':    2  [19,20]
                    'graph_var_lns':   10   [6,52]
                       'ls_restart':    6  [12,50]
                 'ls_restart_decay':    8   [9,38]
         'ls_restart_decay_perturb':   14   [5,48]
               'ls_restart_perturb':   12   [4,65]
                      'rnd_cst_lns':    4  [46,67]
                      'rnd_var_lns':    6  [39,63]
         'scheduling_intervals_lns':   30  [22,68]
  'scheduling_resource_windows_lns':    8  [26,66]
       'scheduling_time_window_lns':   10   [2,62]

Objective bounds     Num
  'initial_domain':    1

Solution repositories    Added  Queried  Synchro
    'alternative_path':     52    3'100       52
      'best_solutions':    859    5'986      585
   'fj solution hints':    100        0      100
        'lp solutions':     78    1'281       75
                'pump':      0        0

Improving bounds shared       Num  Sym
            'default_lp':   1'173    0
                 'fixed':  11'778    0
                'max_lp':     391    0
                 'no_lp':   3'542    0

Clauses shared        #Exported  #Imported  #BinaryRead  #BinaryTotal
       'default_lp':        859          3        1'620         1'620
            'fixed':        311          9        1'620         1'620
  'fs_random_no_lp':          0          0            0         1'620
           'max_lp':          0          8          652         1'620
            'no_lp':        459          3          652         1'620

LRAT_status: NA
CpSolverResponse summary:
status: OPTIMAL
objective: 222861
best_bound: 222861
integers: 16539
booleans: 16213
conflicts: 52
branches: 94727
propagations: 468530
integer_propagations: 3870478
restarts: 1
lp_iterations: 0
walltime: 882.348
usertime: 882.348
deterministic_time: 2963.89
gap_integral: 12368.4
solution_fingerprint: 0xc64ec74d10ac68fa

cpsat status=OPTIMAL wall=882.4s
  cpsat: status=OPTIMAL objective=222.86 ms bound=222.86 ms wall=882.4s
  Makespan: 222.86 ms
  Periodic 'yolov8_nano_64x96': the schedule runs to 223 ms, which would take 11 instances, but the workload asks for 9 — keeping 9
  Periodic 'yolov8_nano_64x96': period=22ms current=9 needed=9
  Periodic 'fused_full': the schedule runs to 223 ms, which would take 11 instances, but the workload asks for 9 — keeping 9
  Periodic 'fused_full': period=22ms current=9 needed=9
  Periodic 'mlp_control': the schedule runs to 223 ms, which would take 23 instances, but the workload asks for 20 — keeping 20
  Periodic 'mlp_control': period=10ms current=20 needed=20
  All periodic counts cover makespan — converged.

Final greedy makespan: 222.86 ms (after 1 iteration)
  cpsat: makespan=222.86 ms (all ops 222.86 ms), periodic window misses=0, converged

Scheduling completed!
Makespan (all operations): 222.86 ms

Combination assignments:
  1xCPU_P: 441 operations
  1xCPU_P: 441 operations
  1xCPU_P: 441 operations
  1xCPU_P: 441 operations
  2xCPU_P: 109 operations
  2xCPU_P: 109 operations
  4xCPU_P: 36 operations
  1xCPU_E: 401 operations
  1xCPU_E: 401 operations
  1xCPU_E: 401 operations
  1xCPU_E: 401 operations
  2xCPU_E: 131 operations
  2xCPU_E: 131 operations
  4xCPU_E: 39 operations

Per-network combination assignments:
  Yolov8_nano_64x960: 1xCPU_P=37, 1xCPU_P=37, 1xCPU_P=37, 1xCPU_P=37, 2xCPU_P=13, 2xCPU_P=13, 4xCPU_P=3, 1xCPU_E=29, 1xCPU_E=29, 1xCPU_E=29, 1xCPU_E=29, 2xCPU_E=14, 2xCPU_E=14, 4xCPU_E=2
  Fused_full0: 1xCPU_P=6, 1xCPU_P=6, 1xCPU_P=6, 1xCPU_P=6, 1xCPU_E=9, 1xCPU_E=9, 1xCPU_E=9, 1xCPU_E=9
  Mlp_control0: 1xCPU_P=5, 1xCPU_P=5, 1xCPU_P=5, 1xCPU_P=5, 1xCPU_E=2, 1xCPU_E=2, 1xCPU_E=2, 1xCPU_E=2
  Yolov8_nano_64x961: 1xCPU_P=25, 1xCPU_P=25, 1xCPU_P=25, 1xCPU_P=25, 2xCPU_P=15, 2xCPU_P=15, 4xCPU_P=2, 1xCPU_E=40, 1xCPU_E=40, 1xCPU_E=40, 1xCPU_E=40, 2xCPU_E=15, 2xCPU_E=15, 4xCPU_E=1
  Yolov8_nano_64x962: 1xCPU_P=37, 1xCPU_P=37, 1xCPU_P=37, 1xCPU_P=37, 2xCPU_P=12, 2xCPU_P=12, 4xCPU_P=3, 1xCPU_E=26, 1xCPU_E=26, 1xCPU_E=26, 1xCPU_E=26, 2xCPU_E=16, 2xCPU_E=16, 4xCPU_E=4
  Yolov8_nano_64x963: 1xCPU_P=27, 1xCPU_P=27, 1xCPU_P=27, 1xCPU_P=27, 2xCPU_P=9, 2xCPU_P=9, 4xCPU_P=6, 1xCPU_E=35, 1xCPU_E=35, 1xCPU_E=35, 1xCPU_E=35, 2xCPU_E=18, 2xCPU_E=18, 4xCPU_E=3
  Yolov8_nano_64x964: 1xCPU_P=29, 1xCPU_P=29, 1xCPU_P=29, 1xCPU_P=29, 2xCPU_P=13, 2xCPU_P=13, 4xCPU_P=3, 1xCPU_E=39, 1xCPU_E=39, 1xCPU_E=39, 1xCPU_E=39, 2xCPU_E=13, 2xCPU_E=13, 4xCPU_E=1
  Yolov8_nano_64x965: 1xCPU_P=38, 1xCPU_P=38, 1xCPU_P=38, 1xCPU_P=38, 2xCPU_P=9, 2xCPU_P=9, 4xCPU_P=5, 1xCPU_E=26, 1xCPU_E=26, 1xCPU_E=26, 1xCPU_E=26, 2xCPU_E=19, 2xCPU_E=19, 4xCPU_E=1
  Yolov8_nano_64x966: 1xCPU_P=31, 1xCPU_P=31, 1xCPU_P=31, 1xCPU_P=31, 2xCPU_P=12, 2xCPU_P=12, 4xCPU_P=2, 1xCPU_E=43, 1xCPU_E=43, 1xCPU_E=43, 1xCPU_E=43, 2xCPU_E=8, 2xCPU_E=8, 4xCPU_E=2
  Yolov8_nano_64x967: 1xCPU_P=47, 1xCPU_P=47, 1xCPU_P=47, 1xCPU_P=47, 2xCPU_P=17, 2xCPU_P=17, 4xCPU_P=6, 1xCPU_E=21, 1xCPU_E=21, 1xCPU_E=21, 1xCPU_E=21, 2xCPU_E=5, 2xCPU_E=5, 4xCPU_E=2
  Yolov8_nano_64x968: 1xCPU_P=19, 1xCPU_P=19, 1xCPU_P=19, 1xCPU_P=19, 2xCPU_P=9, 2xCPU_P=9, 4xCPU_P=6, 1xCPU_E=18, 1xCPU_E=18, 1xCPU_E=18, 1xCPU_E=18, 2xCPU_E=23, 2xCPU_E=23, 4xCPU_E=23
  Fused_full1: 1xCPU_P=7, 1xCPU_P=7, 1xCPU_P=7, 1xCPU_P=7, 1xCPU_E=8, 1xCPU_E=8, 1xCPU_E=8, 1xCPU_E=8
  Fused_full2: 1xCPU_P=8, 1xCPU_P=8, 1xCPU_P=8, 1xCPU_P=8, 1xCPU_E=7, 1xCPU_E=7, 1xCPU_E=7, 1xCPU_E=7
  Fused_full3: 1xCPU_P=9, 1xCPU_P=9, 1xCPU_P=9, 1xCPU_P=9, 1xCPU_E=6, 1xCPU_E=6, 1xCPU_E=6, 1xCPU_E=6
  Fused_full4: 1xCPU_P=6, 1xCPU_P=6, 1xCPU_P=6, 1xCPU_P=6, 1xCPU_E=9, 1xCPU_E=9, 1xCPU_E=9, 1xCPU_E=9
  Fused_full5: 1xCPU_P=5, 1xCPU_P=5, 1xCPU_P=5, 1xCPU_P=5, 1xCPU_E=10, 1xCPU_E=10, 1xCPU_E=10, 1xCPU_E=10
  Fused_full6: 1xCPU_P=7, 1xCPU_P=7, 1xCPU_P=7, 1xCPU_P=7, 1xCPU_E=8, 1xCPU_E=8, 1xCPU_E=8, 1xCPU_E=8
  Fused_full7: 1xCPU_P=8, 1xCPU_P=8, 1xCPU_P=8, 1xCPU_P=8, 1xCPU_E=7, 1xCPU_E=7, 1xCPU_E=7, 1xCPU_E=7
  Fused_full8: 1xCPU_P=11, 1xCPU_P=11, 1xCPU_P=11, 1xCPU_P=11, 1xCPU_E=4, 1xCPU_E=4, 1xCPU_E=4, 1xCPU_E=4
  Mlp_control1: 1xCPU_P=4, 1xCPU_P=4, 1xCPU_P=4, 1xCPU_P=4, 1xCPU_E=3, 1xCPU_E=3, 1xCPU_E=3, 1xCPU_E=3
  Mlp_control2: 1xCPU_P=7, 1xCPU_P=7, 1xCPU_P=7, 1xCPU_P=7
  Mlp_control3: 1xCPU_P=6, 1xCPU_P=6, 1xCPU_P=6, 1xCPU_P=6, 1xCPU_E=1, 1xCPU_E=1, 1xCPU_E=1, 1xCPU_E=1
  Mlp_control4: 1xCPU_P=4, 1xCPU_P=4, 1xCPU_P=4, 1xCPU_P=4, 1xCPU_E=3, 1xCPU_E=3, 1xCPU_E=3, 1xCPU_E=3
  Mlp_control5: 1xCPU_P=7, 1xCPU_P=7, 1xCPU_P=7, 1xCPU_P=7
  Mlp_control6: 1xCPU_E=7, 1xCPU_E=7, 1xCPU_E=7, 1xCPU_E=7
  Mlp_control7: 1xCPU_P=4, 1xCPU_P=4, 1xCPU_P=4, 1xCPU_P=4, 1xCPU_E=3, 1xCPU_E=3, 1xCPU_E=3, 1xCPU_E=3
  Mlp_control8: 1xCPU_P=1, 1xCPU_P=1, 1xCPU_P=1, 1xCPU_P=1, 1xCPU_E=6, 1xCPU_E=6, 1xCPU_E=6, 1xCPU_E=6
  Mlp_control9: 1xCPU_P=6, 1xCPU_P=6, 1xCPU_P=6, 1xCPU_P=6, 1xCPU_E=1, 1xCPU_E=1, 1xCPU_E=1, 1xCPU_E=1
  Mlp_control10: 1xCPU_P=4, 1xCPU_P=4, 1xCPU_P=4, 1xCPU_P=4, 1xCPU_E=3, 1xCPU_E=3, 1xCPU_E=3, 1xCPU_E=3
  Mlp_control11: 1xCPU_P=2, 1xCPU_P=2, 1xCPU_P=2, 1xCPU_P=2, 1xCPU_E=5, 1xCPU_E=5, 1xCPU_E=5, 1xCPU_E=5
  Mlp_control12: 1xCPU_P=5, 1xCPU_P=5, 1xCPU_P=5, 1xCPU_P=5, 1xCPU_E=2, 1xCPU_E=2, 1xCPU_E=2, 1xCPU_E=2
  Mlp_control13: 1xCPU_P=1, 1xCPU_P=1, 1xCPU_P=1, 1xCPU_P=1, 1xCPU_E=6, 1xCPU_E=6, 1xCPU_E=6, 1xCPU_E=6
  Mlp_control14: 1xCPU_P=6, 1xCPU_P=6, 1xCPU_P=6, 1xCPU_P=6, 1xCPU_E=1, 1xCPU_E=1, 1xCPU_E=1, 1xCPU_E=1
  Mlp_control15: 1xCPU_E=7, 1xCPU_E=7, 1xCPU_E=7, 1xCPU_E=7
  Mlp_control16: 1xCPU_P=1, 1xCPU_P=1, 1xCPU_P=1, 1xCPU_P=1, 1xCPU_E=6, 1xCPU_E=6, 1xCPU_E=6, 1xCPU_E=6
  Mlp_control17: 1xCPU_P=7, 1xCPU_P=7, 1xCPU_P=7, 1xCPU_P=7
  Mlp_control18: 1xCPU_P=7, 1xCPU_P=7, 1xCPU_P=7, 1xCPU_P=7
  Mlp_control19: 1xCPU_P=7, 1xCPU_P=7, 1xCPU_P=7, 1xCPU_P=7
Job 'yolov8_nano_64x960' (job_id=0, color_index=0) -> color RGB=[0.98745098 0.54117647 0.41568627]
DEBUG TRANSFER: alpha_shape=(1157, 14), num_actual_machines=8, len(machines)=8, alpha_cols=14, is_using_combos=True, prev_machine=0, machine=7, transfer_times_shape=(8, 8), machine_combinations=True
DEBUG IMMEDIATE: op=62, job_id=0, lookup=0, op_color_index=0, base_colors[0]=(np.float64(0.9874509803921568), np.float64(0.5411764705882353), np.float64(0.41568627450980394))
DEBUG AFTER MODULO: op=62, original=0, after_modulo=0, len(base_colors)=38
DEBUG BEFORE LEGEND: op=62, op_color_index=0, original=0, job_index=0, legend_key=kind_yolov8_nano_64x, in_legend=True
DEBUG IMMEDIATE: op=63, job_id=0, lookup=0, op_color_index=0, base_colors[0]=(np.float64(0.9874509803921568), np.float64(0.5411764705882353), np.float64(0.41568627450980394))
DEBUG AFTER MODULO: op=63, original=0, after_modulo=0, len(base_colors)=38
DEBUG BEFORE LEGEND: op=63, op_color_index=0, original=0, job_index=0, legend_key=kind_yolov8_nano_64x, in_legend=True
DEBUG IMMEDIATE: op=64, job_id=0, lookup=0, op_color_index=0, base_colors[0]=(np.float64(0.9874509803921568), np.float64(0.5411764705882353), np.float64(0.41568627450980394))
DEBUG AFTER MODULO: op=64, original=0, after_modulo=0, len(base_colors)=38
DEBUG BEFORE LEGEND: op=64, op_color_index=0, original=0, job_index=0, legend_key=kind_yolov8_nano_64x, in_legend=True
Job 'fused_full0' (job_id=1, color_index=1) -> color RGB=[0.59607843 0.8345098  0.57882353]
Job 'mlp_control0' (job_id=2, color_index=2) -> color RGB=[0.71372549 0.71372549 0.84705882]
Saving plot to plots/wh_chain45_solve_h200_cpsat_profiled.png...

Plot saved to plots/wh_chain45_solve_h200_cpsat_profiled.png

Outputting scheduled JSON...
  pdb_hash = sha256:a7f1f6372d908d9a... over 5 CSV(s)

Scheduled JSON saved to: schedules/scheduled_wh_chain45_solve_h200_cpsat_profiled.json
Metrics written to: schedules/scheduled_wh_chain45_solve_h200_cpsat_profiled_metrics.json
  makespan_us=222.86  op_deadline_miss=0 (dispatches, NOT instances)  cross_dev=972  solver_s=884.129
Scheduler report written to: schedules/scheduled_wh_chain45_solve_h200_cpsat_profiled_report.json
