--board-calibration: loaded /scratch/agustin/xpurt-dev-sync/results/codesign_feedback/hil_feedback/cal_a90e_r2.json (aggregate x1.001)
============================================================
Loading network hierarchy from JSON...
============================================================

Loading networks from: /scratch/agustin/xpurt-dev-sync/data/toplevel/wh_chain90_solve_h200.json

Found 3 networks:
  - yolov8_nano_64x96 (id: 0, identifier: yolov8_nano_64x96)
  - fused_full (id: 1, identifier: fused_full)
  - mlp_control (id: 2, identifier: mlp_control)

Found 2 network-level dependencies:
  - yolov8_nano_64x96 → fused_full
  - fused_full → mlp_control

Resolved runtime configuration:
  Machine core counts: {'CPU_P': 4, 'CPU_E': 4}
  Profile HW mapping: CPU_P->rvv_x60, CPU_E->rvv_x60
  Profile target/topology: target=spacemit_x60, topo_tag=topo_0_1_2_3
  p_core_speedup: 1.0
  random_seed: 42
  solver_verbosity: 0
  time_limit: 600
  use_profiled: True
  prune_periodic: True
  restrict_makespan_to_nonperiodic: False
  cvxpy_solver (milp only): MOSEK
  machine_combination_mode: shard
  enforce_same_processor_combinations: True

Using profiled runtimes where available...
  (warning) 8 dispatch(es) were costed 0.0 because a profile that EXISTS has no row for them. Either they are ops the codegen drops (the yolo chunk2_c1 case) or the CSV is short and unmeasured work is being scheduled as instantaneous.
  - yolov8_nano_64x96/dispatch_3(id=3) costed 0.0 (first seen on rvv_x60/topo_0): no row in an otherwise-present profile; op not knowable from the profile
  - yolov8_nano_64x96/dispatch_11(id=11) costed 0.0 (first seen on rvv_x60/topo_0): no row in an otherwise-present profile; op not knowable from the profile
  - yolov8_nano_64x96/dispatch_22(id=22) costed 0.0 (first seen on rvv_x60/topo_0): no row in an otherwise-present profile; op not knowable from the profile
  - yolov8_nano_64x96/dispatch_33(id=33) costed 0.0 (first seen on rvv_x60/topo_0): no row in an otherwise-present profile; op not knowable from the profile
  - yolov8_nano_64x96/dispatch_48(id=48) costed 0.0 (first seen on rvv_x60/topo_0): no row in an otherwise-present profile; op not knowable from the profile
  - yolov8_nano_64x96/dispatch_56(id=56) costed 0.0 (first seen on rvv_x60/topo_0): no row in an otherwise-present profile; op not knowable from the profile
  - yolov8_nano_64x96/dispatch_64(id=64) costed 0.0 (first seen on rvv_x60/topo_0): no row in an otherwise-present profile; op not knowable from the profile
  - yolov8_nano_64x96/dispatch_72(id=72) costed 0.0 (first seen on rvv_x60/topo_0): no row in an otherwise-present profile; op not knowable from the profile
  (warning) set XPURT_STRICT_ZERO_COST=1 to make this fatal
  Workload declares horizon 200 ms and 3 explicit periodic instance counts; those counts are used as given. Networks without one are still sized by the refinement loop below.

--- cpsat iteration 1 ---
  stateful: chained 17 instance edge(s) for ['fused_full']
  Total operations: 2174
  Job names: ['yolov8_nano_64x960', 'fused_full0', 'mlp_control0', 'yolov8_nano_64x961', 'yolov8_nano_64x962', 'yolov8_nano_64x963', 'yolov8_nano_64x964', 'yolov8_nano_64x965', 'yolov8_nano_64x966', 'yolov8_nano_64x967', 'yolov8_nano_64x968', 'yolov8_nano_64x969', 'yolov8_nano_64x9610', 'yolov8_nano_64x9611', 'yolov8_nano_64x9612', 'yolov8_nano_64x9613', 'yolov8_nano_64x9614', 'yolov8_nano_64x9615', 'yolov8_nano_64x9616', 'yolov8_nano_64x9617', 'fused_full1', 'fused_full2', 'fused_full3', 'fused_full4', 'fused_full5', 'fused_full6', 'fused_full7', 'fused_full8', 'fused_full9', 'fused_full10', 'fused_full11', 'fused_full12', 'fused_full13', 'fused_full14', 'fused_full15', 'fused_full16', 'fused_full17', 'mlp_control1', 'mlp_control2', 'mlp_control3', 'mlp_control4', 'mlp_control5', 'mlp_control6', 'mlp_control7', 'mlp_control8', 'mlp_control9', 'mlp_control10', 'mlp_control11', 'mlp_control12', 'mlp_control13', 'mlp_control14', 'mlp_control15', 'mlp_control16', 'mlp_control17', 'mlp_control18', 'mlp_control19']

Starting CP-SAT solver v9.15.6755
Parameters: random_seed: 0 max_time_in_seconds: 9000 log_search_progress: true num_search_workers: 8

Initial optimization model '': (model_fingerprint: 0x67db4f6891ca369d)
#Variables: 36'959 (#ints: 1 in objective) (32'466 primary variables)
  - 30'436 Booleans in [0,1]
  - 1'918 different domains in [0,41000001019521] with a largest complexity of 1.
#kExactlyOne: 2'174 (#literals: 30'436)
#kInterval: 30'436 (#enforced: 30'436)
#kLinMax: 1 (#expressions: 2'174)
#kLinear1: 32'755 (#enforced: 30'436)
#kLinear2: 541'933 (#enforced: 537'040 #multi: 537'040)
#kLinear3: 2'174
#kLinearN: 2'038 (#terms: 79'178)
#kNoOverlap: 8 (#intervals: 52'176, #optional: 52'176, #variable_sizes: 52'176)

Starting presolve at 0.18s
  3.41e-02s  0.00e+00d  [DetectDominanceRelations] 
  1.50e+00s  0.00e+00d  [PresolveToFixPoint] #num_loops=4 #num_dual_strengthening=1 
  4.73e-02s  0.00e+00d  [ExtractEncodingFromLinear] #potential_supersets=2'174 #potential_subsets=2'030 #exo_encodings=2'030 #multiple_terms=3'888 #literals=25'960 
  1.66e-02s  0.00e+00d  [DetectDuplicateColumns] 
  2.09e-02s  0.00e+00d  [DetectDuplicateConstraints] 
[Symmetry] Graph for symmetry has 249'088 nodes and 585'292 arcs.
[Symmetry] Symmetry computation done. time: 0.372834 dtime: 0.186595
[Symmetry] #generators: 4, average support size: 12224
[Symmetry] 5702 orbits on 27976 variables with sizes: 8,8,8,8,8,8,8,8,8,8,...
[Symmetry] Num fixable by binary propagation in orbit: 7 / 8
[Symmetry] Num fixable by intersecting at_most_one with orbits: 11 largest_orbit: 8
[Symmetry] Found orbitope of size 2174 x 2
[SAT presolve] num removable Booleans: 0 / 34'554
[SAT presolve] num trivial clauses: 0
[SAT presolve] [0s] clauses:23'785 literals:63'579 vars:23'407 one_side_vars:0 simple_definition:23'029 singleton_clauses:0
[SAT presolve] [0.00356257s] clauses:23'785 literals:63'579 vars:23'407 one_side_vars:0 simple_definition:23'029 singleton_clauses:0
[SAT presolve] [0.00481241s] clauses:23'785 literals:63'579 vars:23'407 one_side_vars:0 simple_definition:23'029 singleton_clauses:0
  7.32e-02s  0.00e+00d  [DetectDuplicateConstraintsWithDifferentEnforcements] #without_enforcements=78'817 
  8.79e+01s  6.94e-01d  [Probe] #probed=67'882 #new_bounds=4'204 #equiv=3 #new_binary_clauses=756 
  3.21e-02s  8.41e-03d  [MaxClique] Merged 20'508 constraints with 45'852 literals into 4'499 constraints with 29'843 literals
  4.34e-02s  0.00e+00d  [DetectDominanceRelations] 
  2.95e-01s  0.00e+00d  [PresolveToFixPoint] #num_loops=3 #num_dual_strengthening=1 
  4.41e-02s  0.00e+00d  [ProcessAtMostOneAndLinear] 
  2.60e-02s  0.00e+00d  [DetectDuplicateConstraints] #duplicates=611 
  3.91e-02s  0.00e+00d  [DetectDuplicateConstraintsWithDifferentEnforcements] #without_enforcements=25'791 
  1.28e-02s  1.85e-04d  [DetectDominatedLinearConstraints] #relevant_constraints=4'624 
  1.18e-02s  0.00e+00d  [DetectDifferentVariables] 
  2.68e-02s  4.63e-04d  [ProcessSetPPC] #relevant_constraints=10'560 #num_inclusions=4'494 
  1.35e-02s  0.00e+00d  [TransformClausesToExactlyOne] #num_amos=19'894 
  1.25e-02s  0.00e+00d  [DetectEncodedComplexDomains] 
  8.90e-03s  0.00e+00d  [FindAlmostIdenticalLinearConstraints] 
  3.19e-01s  1.00e+00d *[FindBigAtMostOneAndLinearOverlap] 
  6.90e-02s  1.00e+00d *[FindBigVerticalLinearOverlap] 
  1.85e-02s  5.27e-04d  [FindBigHorizontalLinearOverlap] #blocks=4 #saved_nz=12'945 #linears=8 
  9.70e-03s  0.00e+00d  [MergeClauses] 
  3.43e-02s  0.00e+00d  [DetectDominanceRelations] 
  1.47e-01s  0.00e+00d  [PresolveToFixPoint] #num_loops=2 #num_dual_strengthening=1 
  3.69e-02s  0.00e+00d  [DetectDominanceRelations] 
  1.47e-01s  0.00e+00d  [PresolveToFixPoint] #num_loops=1 #num_dual_strengthening=1 
  7.94e-03s  0.00e+00d  [DetectDuplicateColumns] 
  1.99e-02s  0.00e+00d  [DetectDuplicateConstraints] 
[Symmetry] Graph for symmetry has 184'438 nodes and 383'480 arcs.
[Symmetry] Symmetry computation done. time: 0.153922 dtime: 0.0905032
[Symmetry] #generators: 3, average support size: 6970.67
[Symmetry] 6110 orbits on 16566 variables with sizes: 4,4,4,4,4,4,4,4,4,4,...
[Symmetry] Num fixable by binary propagation in orbit: 3 / 4
[Symmetry] Num fixable by intersecting at_most_one with orbits: 5 largest_orbit: 4
[Symmetry] Found orbitope of size 2173 x 2
[SAT presolve] num removable Booleans: 0 / 31'472
[SAT presolve] num trivial clauses: 0
[SAT presolve] [0s] clauses:19'889 literals:39'778 vars:23'396 one_side_vars:23018 simple_definition:0 singleton_clauses:0
[SAT presolve] [0.00246175s] clauses:19'889 literals:39'778 vars:23'396 one_side_vars:23018 simple_definition:0 singleton_clauses:0
[SAT presolve] [0.0035534s] clauses:19'889 literals:39'778 vars:23'396 one_side_vars:23018 simple_definition:0 singleton_clauses:0
  2.67e-02s  0.00e+00d  [DetectDuplicateConstraintsWithDifferentEnforcements] #without_enforcements=25'791 
  9.98e+01s  4.44e-01d  [Probe] #probed=62'940 
  2.48e-02s  9.72e-03d  [MaxClique] Merged 19'889 constraints with 39'778 literals into 3'885 constraints with 23'774 literals
  3.04e-02s  0.00e+00d  [DetectDominanceRelations] 
  1.48e-01s  0.00e+00d  [PresolveToFixPoint] #num_loops=1 #num_dual_strengthening=1 
  3.17e-02s  0.00e+00d  [ProcessAtMostOneAndLinear] 
  1.94e-02s  0.00e+00d  [DetectDuplicateConstraints] 
  2.44e-02s  0.00e+00d  [DetectDuplicateConstraintsWithDifferentEnforcements] #without_enforcements=25'786 
  1.33e-02s  1.28e-04d  [DetectDominatedLinearConstraints] #relevant_constraints=4'628 
  1.08e-02s  0.00e+00d  [DetectDifferentVariables] 
  2.70e-02s  3.93e-04d  [ProcessSetPPC] #relevant_constraints=9'956 #num_inclusions=3'885 
  9.71e-03s  0.00e+00d  [TransformClausesToExactlyOne] 
  1.29e-02s  0.00e+00d  [DetectEncodedComplexDomains] 
  8.19e-03s  0.00e+00d  [FindAlmostIdenticalLinearConstraints] 
  2.46e-01s  7.59e-01d  [FindBigAtMostOneAndLinearOverlap] 
  3.49e-02s  3.76e-01d  [FindBigVerticalLinearOverlap] 
  1.17e-02s  9.09e-04d  [FindBigHorizontalLinearOverlap] #blocks=2 #saved_nz=3'234 #linears=12 
  6.67e-03s  0.00e+00d  [MergeClauses] 
  2.79e-02s  0.00e+00d  [DetectDominanceRelations] 
  1.43e-01s  0.00e+00d  [PresolveToFixPoint] #num_loops=2 #num_dual_strengthening=1 
  3.33e-02s  0.00e+00d  [DetectDominanceRelations] 
  1.34e-01s  0.00e+00d  [PresolveToFixPoint] #num_loops=1 #num_dual_strengthening=1 
  8.53e-03s  0.00e+00d  [DetectDuplicateColumns] 
  1.93e-02s  0.00e+00d  [DetectDuplicateConstraints] 
[Symmetry] Graph for symmetry has 141'134 nodes and 297'114 arcs.
[Symmetry] Symmetry computation done. time: 0.0495603 dtime: 0.0500559
[Symmetry] #generators: 1, average support size: 4344
[Symmetry] 2172 orbits on 4344 variables with sizes: 2,2,2,2,2,2,2,2,2,2,...
[Symmetry] Num fixable by intersecting at_most_one with orbits: 1 largest_orbit: 2
  2.95e-02s  0.00e+00d  [DetectDuplicateConstraintsWithDifferentEnforcements] #without_enforcements=25'786 
  8.63e+01s  4.46e-01d  [Probe] #probed=62'938 
  5.82e-03s  0.00e+00d  [MaxClique] 
  2.74e-02s  0.00e+00d  [DetectDominanceRelations] 
  1.32e-01s  0.00e+00d  [PresolveToFixPoint] #num_loops=1 #num_dual_strengthening=1 
  3.56e-02s  0.00e+00d  [ProcessAtMostOneAndLinear] 
  1.96e-02s  0.00e+00d  [DetectDuplicateConstraints] 
  2.83e-02s  0.00e+00d  [DetectDuplicateConstraintsWithDifferentEnforcements] #without_enforcements=25'785 
  1.36e-02s  1.17e-04d  [DetectDominatedLinearConstraints] #relevant_constraints=4'630 
  8.31e-03s  0.00e+00d  [DetectDifferentVariables] 
  1.64e-02s  2.39e-04d  [ProcessSetPPC] #relevant_constraints=6'073 
  1.02e-02s  0.00e+00d  [TransformClausesToExactlyOne] 
  1.27e-02s  0.00e+00d  [DetectEncodedComplexDomains] 
  8.20e-03s  0.00e+00d  [FindAlmostIdenticalLinearConstraints] 
  1.77e-01s  4.96e-01d  [FindBigAtMostOneAndLinearOverlap] 
  3.17e-02s  2.45e-01d  [FindBigVerticalLinearOverlap] 
  8.16e-03s  1.82e-03d  [FindBigHorizontalLinearOverlap] #linears=14 
  7.25e-03s  0.00e+00d  [MergeClauses] 
  2.88e-02s  0.00e+00d  [DetectDominanceRelations] 
  1.30e-01s  0.00e+00d  [PresolveToFixPoint] #num_loops=1 #num_dual_strengthening=1 
  1.19e-01s  0.00e+00d  [MergeNoOverlap] 
  8.65e-03s  0.00e+00d  [MergeNoOverlap2D] 
  4.46e-02s  0.00e+00d  [ExpandObjective] #entries=519'561 #tight_variables=54'585 #tight_constraints=7'487 

Presolve summary:
  - 2119 affine relations were detected.
  - rule 'TODO dual: only one blocking constraint?' was applied 28 times.
  - rule 'TODO duplicate: skipped identical encoding constraints' was applied 3'135 times.
  - rule 'TODO interval: same interval with different enforcement?' was applied 157'200 times.
  - rule 'affine: new relation' was applied 2'119 times.
  - rule 'at_most_one: transformed into max clique' was applied 2 times.
  - rule 'deductions: 49949 stored' was applied 1 time.
  - rule 'duplicate: removed constraint' was applied 611 times.
  - rule 'duplicate: removed enforced constraint' was applied 25'949 times.
  - rule 'encoding: candidate linear is all boolean now' was applied 608 times.
  - rule 'encoding: extracted from linear' was applied 2'030 times.
  - rule 'encoding: reduced target domain' was applied 2'030 times.
  - rule 'enforcement: false literal' was applied 75'003 times.
  - rule 'exactly_one: removed literals' was applied 416 times.
  - rule 'intervals: removed unused interval' was applied 2'477 times.
  - rule 'lin_max: removed exprs' was applied 3 times.
  - rule 'lin_max: target domain reduced' was applied 1 time.
  - rule 'linear matrix: common horizontal rectangle' was applied 6 times.
  - rule 'linear1: transformed to implication' was applied 14'602 times.
  - rule 'linear1: x in domain' was applied 2'319 times.
  - rule 'linear2: already known enforced relation' was applied 472'024 times.
  - rule 'linear: always true' was applied 4'051 times.
  - rule 'linear: divide by GCD' was applied 12'528 times.
  - rule 'linear: empty' was applied 10'084 times.
  - rule 'linear: extracted at most one (max)' was applied 572 times.
  - rule 'linear: extracted at most one (min)' was applied 36 times.
  - rule 'linear: fixed or dup variables' was applied 17'783 times.
  - rule 'linear: positive equal one' was applied 608 times.
  - rule 'linear: reduced variable domains' was applied 4'875 times.
  - rule 'linear: remapped using affine relations' was applied 125'177 times.
  - rule 'linear: simplified rhs' was applied 6'642 times.
  - rule 'new_bool: integer encoding' was applied 3'510 times.
  - rule 'no_overlap: removed absent intervals' was applied 20 times.
  - rule 'presolve: 3229 unused variables removed.' was applied 1 time.
  - rule 'presolve: iteration' was applied 3 times.
  - rule 'setppc: bool_or in at_most_one' was applied 8'378 times.
  - rule 'setppc: exactly_one included in linear' was applied 1 time.
  - rule 'setppc: reduced linear coefficients' was applied 1 time.
  - rule 'symmetry: fixed to false in general orbit' was applied 17 times.
  - rule 'variables with 2 values: new affine relation' was applied 378 times.
  - rule 'variables with 2 values: register other encoding' was applied 378 times.
  - rule 'variables: add encoding constraint' was applied 3'132 times.
  - rule 'variables: canonicalize affine domain' was applied 986 times.
  - rule 'variables: detect fully reified value encoding' was applied 594 times.
  - rule 'variables: detect half reified value encoding' was applied 38'396 times.
  - rule 'variables: detected fully encoded domain' was applied 3 times.

Presolved optimization model '': (model_fingerprint: 0x2f1af2f55c668c3)
#Variables: 36'113 (#ints: 1 in objective) (30'047 primary variables)
  - 31'466 Booleans in [0,1]
  - 2'144 different domains in [-266666,266666] with a largest complexity of 3.
#kExactlyOne: 6'059 (#literals: 51'732)
#kInterval: 27'959 (#enforced: 27'959)
#kLinMax: 1 (#expressions: 183)
#kLinear1: 6'264 (#enforced: 6'264)
#kLinear2: 3'194
#kLinear3: 1'422
#kLinearN: 14 (#terms: 25'965)
#kNoOverlap: 8 (#intervals: 45'592, #optional: 45'592, #variable_sizes: 34'104)
[Symmetry] Graph for symmetry has 135'783 nodes and 297'104 arcs.
[Symmetry] Symmetry computation done. time: 0.0311942 dtime: 0.0454866

Preloading model.
#Bound 280.88s best:inf   next:[232640,266666] initial_domain
#Model 280.91s var:36113/36113 constraints:44921/44921

Starting search at 280.92s with 8 workers.
6 full problem subsolvers: [default_lp, fixed, max_lp, no_lp, quick_restart, reduced_costs]
2 first solution subsolvers: [fj, fs_random_no_lp]
13 interleaved subsolvers: [feasibility_pump, graph_arc_lns, graph_cst_lns, graph_dec_lns, graph_var_lns, ls, rins/rens, rnd_cst_lns, rnd_var_lns, scheduling_intervals_lns, scheduling_precedences_lns, scheduling_resource_windows_lns, scheduling_time_window_lns]
3 helper subsolvers: [neighborhood_helper, synchronization_agent, update_gap_integral]

#1     559.93s best:233224 next:[232640,233223] fixed
#2     562.03s best:233223 next:[232640,233222] graph_arc_lns (d=5.00e-01 s=1194 t=0.10 p=0.00 stall=0 h=base)
#3     575.56s best:233210 next:[232640,233209] scheduling_time_window_lns (d=5.00e-01 s=1198 t=0.10 p=0.00 stall=0 h=base)
#4     589.26s best:233209 next:[232640,233208] graph_dec_lns (d=7.07e-01 s=1208 t=0.10 p=1.00 stall=1 h=base)
#5     589.33s best:233208 next:[232640,233207] ls_restart_decay_perturb(batch:1 lin{mvs:19 evals:45'490} #w_updates:11 #perturb:0)
#6     598.52s best:233207 next:[232640,233206] ls_restart_decay_perturb(batch:1 lin{mvs:18 evals:42'660} #w_updates:11 #perturb:0)
#7     598.57s best:233206 next:[232640,233205] ls_restart(batch:1 lin{mvs:19 evals:46'856} #w_updates:15 #perturb:0)
#8     599.98s best:233205 next:[232640,233204] ls_restart_decay(batch:1 lin{mvs:18 evals:44'705} #w_updates:11 #perturb:0)
#9     600.25s best:233204 next:[232640,233203] ls_restart_decay(batch:1 lin{mvs:19 evals:47'084} #w_updates:11 #perturb:0)
#10    600.47s best:233203 next:[232640,233202] ls_restart_decay_perturb(batch:1 lin{mvs:18 evals:43'537} #w_updates:11 #perturb:0)
#11    600.56s best:233202 next:[232640,233201] ls_restart_perturb(batch:1 lin{mvs:19 evals:46'736} #w_updates:15 #perturb:0)
#12    601.88s best:233201 next:[232640,233200] ls_restart(batch:1 lin{mvs:18 evals:44'696} #w_updates:14 #perturb:0)
#13    601.96s best:233200 next:[232640,233199] ls_restart_decay_perturb(batch:1 lin{mvs:72 evals:28'930} #w_updates:59 #perturb:0)
#14    605.80s best:233199 next:[232640,233198] ls_restart_decay_perturb(batch:1 lin{mvs:120 evals:34'086} #w_updates:65 #perturb:0)
#15    682.74s best:233153 next:[232640,233152] scheduling_intervals_lns (d=1.86e-01 s=1435 t=0.10 p=0.00 stall=0 h=base)
#16    686.12s best:233152 next:[232640,233151] ls_restart_decay(batch:1 lin{mvs:143 evals:31'497} #w_updates:91 #perturb:0)
#ls    753.50s infeasible solution. Aborting.
#17    834.65s best:233151 next:[232640,233150] scheduling_intervals_lns (d=1.02e-01 s=1762 t=0.10 p=0.30 stall=0 h=base) [hint]
#18    836.94s best:233149 next:[232640,233148] scheduling_time_window_lns (d=1.00e+00 s=1763 t=0.10 p=1.00 stall=0 h=base)
#19    846.64s best:233146 next:[232640,233145] scheduling_intervals_lns (d=7.90e-02 s=1771 t=0.10 p=0.27 stall=0 h=base)
#20    891.16s best:233145 next:[232640,233144] scheduling_intervals_lns (d=7.96e-02 s=1793 t=0.10 p=0.31 stall=1 h=base)
#21    936.07s best:233144 next:[232640,233143] scheduling_intervals_lns (d=1.01e-01 s=1862 t=0.10 p=0.38 stall=0 h=base) [hint]
#22    938.86s best:233137 next:[232640,233136] scheduling_time_window_lns (d=1.00e+00 s=1882 t=0.10 p=1.00 stall=0 h=base)
#23    966.93s best:233135 next:[232640,233134] scheduling_intervals_lns (d=1.23e-01 s=1928 t=0.10 p=0.43 stall=3 h=base)
#24    967.91s best:233091 next:[232640,233090] scheduling_intervals_lns (d=1.23e-01 s=1927 t=0.10 p=0.43 stall=3 h=base)
#25    992.24s best:233090 next:[232640,233089] scheduling_intervals_lns (d=1.03e-01 s=1969 t=0.10 p=0.42 stall=0 h=base)
#26    1027.51s best:233089 next:[232640,233088] graph_arc_lns (d=7.74e-01 s=1973 t=0.10 p=0.62 stall=0 h=base)
#27    1068.16s best:233088 next:[232640,233087] scheduling_intervals_lns (d=1.04e-01 s=2029 t=0.10 p=0.43 stall=1 h=base) [hint]
#28    1098.41s best:233059 next:[232640,233058] scheduling_intervals_lns (d=8.84e-02 s=2067 t=0.10 p=0.42 stall=0 h=base)
#29    1142.35s best:233048 next:[232640,233047] scheduling_intervals_lns (d=1.04e-01 s=2104 t=0.10 p=0.44 stall=0 h=base)
#30    1171.39s best:233047 next:[232640,233046] scheduling_intervals_lns (d=1.04e-01 s=2131 t=0.10 p=0.44 stall=0 h=base)
#31    1189.22s best:233046 next:[232640,233045] scheduling_intervals_lns (d=1.40e-01 s=2152 t=0.10 p=0.47 stall=1 h=base)
#32    1205.63s best:233045 next:[232640,233044] graph_var_lns (d=5.09e-01 s=2166 t=0.10 p=0.47 stall=0 h=base)
#33    1212.47s best:233043 next:[232640,233042] graph_arc_lns (d=7.02e-01 s=2157 t=0.10 p=0.56 stall=0 h=base)
#34    1218.09s best:233035 next:[232640,233034] scheduling_intervals_lns (d=1.63e-01 s=2170 t=0.10 p=0.49 stall=0 h=base)
#35    1265.90s best:233016 next:[232640,233015] scheduling_intervals_lns (d=8.00e-02 s=2324 t=0.10 p=0.43 stall=3 h=base)
#36    1268.68s best:232998 next:[232640,232997] scheduling_resource_windows_lns (d=1.00e+00 s=2327 t=0.10 p=1.00 stall=0 h=base)
#37    1278.15s best:232995 next:[232640,232994] scheduling_intervals_lns (d=6.97e-02 s=2376 t=0.10 p=0.42 stall=0 h=base)
#38    1284.97s best:232994 next:[232640,232993] graph_var_lns (d=5.17e-01 s=2384 t=0.10 p=0.48 stall=0 h=base)
#39    1346.91s best:232993 next:[232640,232992] scheduling_intervals_lns (d=1.19e-01 s=2430 t=0.10 p=0.47 stall=3 h=base)
#40    1508.53s best:232992 next:[232640,232991] rnd_var_lns (d=9.58e-01 s=2602 t=0.10 p=0.82 stall=0 h=base) [hint]
#41    1514.05s best:232990 next:[232640,232989] scheduling_time_window_lns (d=1.00e+00 s=2607 t=0.10 p=1.00 stall=0 h=base)
#42    1697.41s best:232989 next:[232640,232988] rnd_cst_lns (d=3.92e-01 s=2889 t=0.10 p=0.50 stall=0 h=base)
#43    1699.44s best:232972 next:[232640,232971] scheduling_resource_windows_lns (d=1.00e+00 s=2892 t=0.10 p=1.00 stall=0 h=base)
#44    1995.86s best:232971 next:[232640,232970] graph_dec_lns (d=9.64e-01 s=3369 t=0.10 p=0.82 stall=0 h=base) [hint]
#45    1997.88s best:232962 next:[232640,232961] scheduling_resource_windows_lns (d=1.00e+00 s=3370 t=0.10 p=1.00 stall=0 h=base)
#46    2034.71s best:232961 next:[232640,232960] graph_var_lns (d=5.27e-01 s=3424 t=0.10 p=0.49 stall=0 h=base)
#47    2037.63s best:232960 next:[232640,232959] scheduling_resource_windows_lns (d=1.00e+00 s=3437 t=0.10 p=1.00 stall=0 h=base)
#48    2203.38s best:232959 next:[232640,232958] graph_var_lns (d=7.40e-01 s=3566 t=0.10 p=0.51 stall=0 h=base)
#49    2351.59s best:232958 next:[232640,232957] rnd_var_lns (d=9.74e-01 s=3771 t=0.10 p=0.80 stall=0 h=base) [hint]
#50    2353.21s best:232951 next:[232640,232950] scheduling_time_window_lns (d=1.00e+00 s=3796 t=0.10 p=1.00 stall=0 h=base)
#51    2804.17s best:232950 next:[232640,232949] quick_restart
#52    2943.55s best:232949 next:[232640,232948] rnd_var_lns (d=9.74e-01 s=4601 t=0.10 p=0.76 stall=0 h=base) [hint]
#53    2947.94s best:232934 next:[232640,232933] scheduling_resource_windows_lns (d=1.00e+00 s=4603 t=0.10 p=1.00 stall=0 h=base)
#54    3087.97s best:232933 next:[232640,232932] graph_dec_lns (d=9.65e-01 s=4701 t=0.10 p=0.73 stall=0 h=base) [hint]
#55    3089.25s best:232919 next:[232640,232918] scheduling_time_window_lns (d=1.00e+00 s=4702 t=0.10 p=1.00 stall=0 h=base)
#56    3126.37s best:232918 next:[232640,232917] scheduling_intervals_lns (d=1.98e-01 s=4756 t=0.10 p=0.51 stall=0 h=base) [hint]
#57    3183.81s best:232917 next:[232640,232916] scheduling_intervals_lns (d=1.98e-01 s=4781 t=0.10 p=0.51 stall=0 h=base)
#58    3327.16s best:232916 next:[232640,232915] scheduling_intervals_lns (d=2.12e-01 s=4991 t=0.10 p=0.51 stall=0 h=base) [hint]
#59    3472.10s best:232915 next:[232640,232914] scheduling_intervals_lns (d=1.98e-01 s=5099 t=0.10 p=0.50 stall=0 h=base) [hint]
#60    3676.65s best:232914 next:[232640,232913] scheduling_intervals_lns (d=1.97e-01 s=5363 t=0.10 p=0.50 stall=0 h=base) [hint]
#61    3725.29s best:232906 next:[232640,232905] scheduling_intervals_lns (d=1.85e-01 s=5390 t=0.10 p=0.50 stall=0 h=base)
#62    3960.39s best:232903 next:[232640,232902] scheduling_intervals_lns (d=2.66e-01 s=5957 t=0.10 p=0.51 stall=0 h=base)
#63    4012.97s best:232902 next:[232640,232901] graph_dec_lns (d=9.81e-01 s=6043 t=0.10 p=0.78 stall=2 h=base) [hint]
#64    4013.96s best:232900 next:[232640,232899] scheduling_time_window_lns (d=1.00e+00 s=6044 t=0.10 p=1.00 stall=0 h=base)
#65    4038.60s best:232894 next:[232640,232893] scheduling_intervals_lns (d=3.00e-01 s=6055 t=0.10 p=0.52 stall=0 h=base)
#66    4041.85s best:232884 next:[232640,232883] scheduling_time_window_lns (d=1.00e+00 s=6058 t=0.10 p=1.00 stall=2 h=base)
#67    4164.75s best:232882 next:[232640,232881] scheduling_intervals_lns (d=2.10e-01 s=6305 t=0.10 p=0.51 stall=0 h=base)
#68    4211.72s best:232881 next:[232640,232880] scheduling_intervals_lns (d=1.39e-01 s=6479 t=0.10 p=0.49 stall=0 h=base) [hint]
#69    4271.12s best:232880 next:[232640,232879] scheduling_intervals_lns (d=1.57e-01 s=6577 t=0.10 p=0.50 stall=0 h=base) [hint]
#70    4290.99s best:232870 next:[232640,232869] scheduling_intervals_lns (d=1.66e-01 s=6600 t=0.10 p=0.50 stall=1 h=base)
#71    4343.75s best:232869 next:[232640,232868] scheduling_intervals_lns (d=2.62e-01 s=6794 t=0.10 p=0.51 stall=0 h=base) [hint]
#72    4790.97s best:232868 next:[232640,232867] graph_dec_lns (d=9.87e-01 s=7748 t=0.10 p=0.80 stall=0 h=base) [hint]
#73    4792.41s best:232832 next:[232640,232831] scheduling_resource_windows_lns (d=1.00e+00 s=7767 t=0.10 p=1.00 stall=0 h=base)
#74    4864.80s best:232831 next:[232640,232830] rnd_var_lns (d=9.74e-01 s=7796 t=0.10 p=0.74 stall=0 h=base) [hint]
#75    5326.62s best:232830 next:[232640,232829] graph_dec_lns (d=9.87e-01 s=8700 t=0.10 p=0.77 stall=0 h=base) [hint]
#76    5771.32s best:232829 next:[232640,232828] graph_arc_lns (d=7.56e-01 s=9191 t=0.10 p=0.51 stall=0 h=base) [hint]
#77    6035.72s best:232828 next:[232640,232827] scheduling_intervals_lns (d=4.54e-01 s=9419 t=0.10 p=0.52 stall=0 h=base) [hint]
#78    6275.75s best:232827 next:[232640,232826] rnd_cst_lns (d=6.23e-01 s=9789 t=0.10 p=0.50 stall=0 h=base) [hint]
#79    6278.10s best:232822 next:[232640,232821] scheduling_resource_windows_lns (d=1.00e+00 s=9790 t=0.10 p=1.00 stall=0 h=base)
#80    6741.27s best:232821 next:[232640,232820] graph_dec_lns (d=9.91e-01 s=10418 t=0.10 p=0.77 stall=2 h=base) [hint]
#81    6743.04s best:232812 next:[232640,232811] scheduling_resource_windows_lns (d=1.00e+00 s=10419 t=0.10 p=1.00 stall=0 h=base)
#82    6758.71s best:232811 next:[232640,232810] graph_cst_lns (d=5.83e-01 s=10445 t=0.10 p=0.51 stall=0 h=base)
#83    7067.02s best:232810 next:[232640,232809] rnd_var_lns (d=9.69e-01 s=11107 t=0.10 p=0.67 stall=0 h=base) [hint]
#84    7681.20s best:232809 next:[232640,232808] fixed
#85    8217.89s best:232808 next:[232640,232807] fixed
#86    8271.73s best:232806 next:[232640,232805] scheduling_resource_windows_lns (d=1.00e+00 s=13495 t=0.10 p=1.00 stall=0 h=base)
#87    8627.69s best:232805 next:[232640,232804] graph_dec_lns (d=9.91e-01 s=14134 t=0.10 p=0.73 stall=0 h=base) [hint]
#88    8630.31s best:232786 next:[232640,232785] scheduling_resource_windows_lns (d=1.00e+00 s=14197 t=0.10 p=1.00 stall=0 h=base)

Task timing                                  n [     min,      max]      avg      dev     time         n [     min,      max]      avg      dev    dtime
                       'default_lp':         1 [   2.42h,    2.42h]    2.42h   0.00ns    2.42h         2 [492.73ms,    5.58m]    2.79m    2.78m    5.58m
                 'feasibility_pump':        41 [ 45.44ms,   48.37s]   33.66s   15.62s   23.00m        40 [ 18.99ms,    8.93s]    7.21s    2.86s    4.81m
                            'fixed':         1 [   2.42h,    2.42h]    2.42h   0.00ns    2.42h         2 [478.17ms,    6.99m]    3.50m    3.49m    7.00m
                               'fj':       587 [  4.51ms, 367.58ms]  89.75ms  84.57ms   52.68s       587 [101.17ms, 201.37ms] 111.40ms  16.53ms    1.09m
                  'fs_random_no_lp':         1 [   4.65m,    4.65m]    4.65m   0.00ns    4.65m         2 [450.51ms,    4.01s]    2.23s    1.78s    4.46s
                    'graph_arc_lns':       120 [ 44.66ms,   35.57s]   11.82s   10.57s   23.64m        85 [851.21us, 100.31ms]  81.69ms  31.37ms    6.94s
                    'graph_cst_lns':      2505 [  4.73ms,    5.89s] 553.62ms 736.46ms   23.11m      1180 [ 30.40us, 104.25ms]  77.51ms  41.42ms    1.52m
                    'graph_dec_lns':        32 [138.52ms,    2.51m]   45.14s   32.27s   24.07m        29 [  1.39ms, 100.16ms]  57.26ms  35.21ms    1.66s
                    'graph_var_lns':       293 [ 39.46ms,   53.24s]    4.74s    9.59s   23.17m       172 [  1.09ms, 102.70ms]  79.77ms  39.27ms   13.72s
                               'ls':       307 [ 14.25ms, 345.14ms]  91.50ms  64.51ms   28.09s       307 [ 13.38ms,   55.47s]    4.05s   10.28s   20.75m
                           'max_lp':         1 [   2.42h,    2.42h]    2.42h   0.00ns    2.42h         2 [   1.29s,    1.03m]   31.43s   30.14s    1.05m
                            'no_lp':         1 [   2.42h,    2.42h]    2.42h   0.00ns    2.42h         2 [450.51ms,    1.43m]   43.15s   42.69s    1.44m
                    'quick_restart':         1 [   2.42h,    2.42h]    2.42h   0.00ns    2.42h         2 [481.60ms,    2.62m]    1.32m    1.31m    2.63m
                    'reduced_costs':         1 [   2.42h,    2.42h]    2.42h   0.00ns    2.42h         2 [513.76ms,   18.14s]    9.33s    8.82s   18.66s
                        'rins/rens':      1494 [  3.72ms,    2.21m] 924.24ms    4.78s   23.01m       548 [193.47us, 105.48ms]  67.47ms  46.47ms   36.97s
                      'rnd_cst_lns':      1638 [  3.69ms,    5.00s] 842.91ms 837.23ms   23.01m       983 [ 97.88us, 104.24ms]  76.35ms  41.15ms    1.25m
                      'rnd_var_lns':        31 [ 72.39ms,    4.43m]   56.74s    1.09m   29.32m        24 [  1.41ms, 100.18ms]  56.90ms  35.95ms    1.37s
         'scheduling_intervals_lns':       489 [167.67ms,   18.15s]    2.82s    2.29s   23.00m       439 [413.11us, 100.90ms]  62.07ms  45.95ms   27.25s
       'scheduling_precedences_lns':        84 [   7.52s,   53.87s]   16.64s    6.02s   23.29m        84 [100.00ms, 100.35ms] 100.12ms  86.17us    8.41s
  'scheduling_resource_windows_lns':      3501 [138.93ms,   11.97s] 394.05ms 728.47ms   22.99m       236 [  3.95ms,  40.44ms]  10.01ms   5.59ms    2.36s
       'scheduling_time_window_lns':      3521 [136.75ms,   12.72s] 391.81ms 704.89ms   22.99m       244 [  3.95ms,  63.93ms]   9.92ms   6.42ms    2.42s

Search stats           Bools  Conflicts   Branches  Restarts  BacktrackToRoot  Backtrack  BoolPropag  IntegerPropag
       'default_lp':  31'466     34'818  1'705'406        10          726'345    829'350   9'146'328    126'698'310
            'fixed':  67'379        553  3'254'510         0        1'439'034  2'205'785  23'894'877    150'902'506
  'fs_random_no_lp':  31'466         51    162'375         1          122'587    129'438     882'039      6'978'833
           'max_lp':  31'466      2'344    387'481         3          203'123    219'121   1'729'626     16'959'356
            'no_lp':  31'466     31'266  3'546'589        88        1'769'096  1'977'780  16'952'857    135'588'696
    'quick_restart':  41'923        332  4'714'479        31        2'380'858  2'826'320  19'655'119    175'095'648
    'reduced_costs':  31'467        266    644'797         5          335'081    362'725   2'542'048     22'075'188

SAT formula           Fixed  Equiv   Total  VarLeft  BinaryClauses  PermanentClauses  TemporaryClauses
       'default_lp':      0      0  31'466   31'466         11'278             4'608            12'660
            'fixed':    526      0  67'379   66'853        202'460             5'416                 2
  'fs_random_no_lp':      0      0  31'466   31'466         11'156             3'862                49
           'max_lp':      0      0  31'466   31'466         11'304             4'867             2'124
            'no_lp':      0      0  31'466   31'466         11'304             4'586             8'981
    'quick_restart':     78      0  41'923   41'845         66'132             4'807               245
    'reduced_costs':      0      0  31'467   31'467         11'422             4'771               218

SAT stats             ClassicMinim  LitRemoved  LitRemovedBinary  LitLearned  LitForgotten  Subsumed
       'default_lp':        14'752      96'560           170'333   3'253'545     2'165'795     1'820
            'fixed':           549         549                 2       8'047             0         2
  'fs_random_no_lp':            17          93                10      15'154             0         1
           'max_lp':           909       4'206            10'012     170'951             0       158
            'no_lp':        26'288     392'224           370'845   2'526'439     1'186'812     3'299
    'quick_restart':           130       3'189             8'605     159'683             0        16
    'reduced_costs':            97       1'913            30'170     249'406             0        42

Vivification          Clauses  Decisions  LitTrue  Subsumed  LitRemoved  DecisionReused  Conflicts
       'default_lp':  102'365    663'832        0     5'191      37'203              33          0
            'fixed':  212'461  1'175'622        0     4'747      37'573              24          0
  'fs_random_no_lp':    3'523     29'422        0       322       3'748               0          0
           'max_lp':   27'981    172'949        0     4'929      35'093               6          0
            'no_lp':  247'314  1'632'867        0     5'223      37'073              38          0
    'quick_restart':  334'156  2'100'495        1     5'115      37'471             207          2
    'reduced_costs':   47'800    302'903        0     4'999      35'892              33          0

Clause deletion       at_true  l_and_not(l)  to_binary  sub_conflict  sub_extra  sub_decisions  sub_eager  sub_vivify  sub_probing  sub_inpro  blocked  eliminated  forgotten  promoted  conflicts
       'default_lp':        0             0          0         1'550         91              0        270       5'191            0        658        0           0     20'123    81'203     34'818
            'fixed':      549             0          0             0          0              0          2       4'747            0        251        0           0          0       551        553
  'fs_random_no_lp':        0             0          0             0          1              0          1         322            0      3'024        0           0          0       127         51
           'max_lp':        0             0          0           137          2              0         21       4'929            0        670        0           0          0     5'234      2'344
            'no_lp':        0             0          0         3'090         41              6        209       5'223            0        642        0           0     18'820    81'593     31'266
    'quick_restart':       32             0          0            12          1              1          4       5'115            0        523        0           0          0       560        332
    'reduced_costs':        0             0          0            23          0              0         19       4'999            0        656        0           0          0       325        266

Lp stats            Component  Iterations  AddedCuts  OPTIMAL  DUAL_F.  DUAL_U.
     'default_lp':         21     383'676     54'676   99'150       24       77
          'fixed':         21     628'804     34'094   45'826      774        0
         'max_lp':          1      28'732      1'505    4'961    1'322        0
  'quick_restart':         21     190'547    107'601   48'481       13       29
  'reduced_costs':          1      41'241      5'488      182    3'110      243

Lp dimension               Final dimension of first component
     'default_lp':    7456 rows, 30828 columns, 64994 entries
          'fixed':    9624 rows, 33957 columns, 60264 entries
         'max_lp':  10100 rows, 36113 columns, 110124 entries
  'quick_restart':    7398 rows, 30828 columns, 67598 entries
  'reduced_costs':   9557 rows, 36113 columns, 119379 entries

Lp debug            CutPropag  CutEqPropag  Adjust  Overflow      Bad  BadScaling
     'default_lp':          0            8      77         0   77'937           0
          'fixed':          0            0       0         0   12'262           0
         'max_lp':          0            0       0         0    2'885           0
  'quick_restart':          0           37      29         0  401'730           0
  'reduced_costs':          0            0     243         0    5'035           0

Lp pool             Constraints  Updates  Simplif  Merged  Shortened  Split  Strengthened        Cuts/Call
     'default_lp':       20'014      186      170     401          0     13            24   54'676/138'107
          'fixed':       23'482      167      820   1'566          0      0             4    34'094/52'603
         'max_lp':       17'416        0       49   1'231          0      0           646      1'505/1'651
  'quick_restart':       20'018    1'196      675     322          0    198           110  107'601/141'174
  'reduced_costs':       21'395        5       72   1'235          0      2            25      5'488/8'112

Lp Cut                              reduced_costs  default_lp   fixed  quick_restart  max_lp
                            CG_FF:             20         137     198            435      26
                             CG_K:              6           9     125             26      23
                            CG_KL:              8           -       -              -       -
                             CG_R:             13          99     174            288      24
                            CG_RB:              6          99     194            391      12
                           CG_RBP:              8           5      51             19       7
                           Clique:              4           -       -              -       -
                               IB:          5'074      51'368  32'097         90'821   1'137
                         MIR_1_FF:             21         568      13          2'468      12
                          MIR_1_K:             22           1       5             26      12
                         MIR_1_KL:              7           -       -              -      12
                          MIR_1_R:             20          55       -            132      13
                         MIR_1_RB:              -         144      32            952       1
                        MIR_1_RBP:              -           4       3             20       -
                        MIR_1_RLT:             23           -       -              -       7
                         MIR_2_FF:             35         427      32          2'003       8
                          MIR_2_K:              4           8      30             63       8
                         MIR_2_KL:              4           -       8              -       8
                          MIR_2_R:             12          40      26            128      11
                         MIR_2_RB:              1          59      72            727       5
                        MIR_2_RBP:              -           4       8             12       1
                         MIR_3_FF:              4          66      49            472       8
                          MIR_3_K:              -           5      43             39       8
                         MIR_3_KL:              -           1      16              -       2
                          MIR_3_R:             16          39      44             98      12
                         MIR_3_RB:              2          26      79            481       -
                        MIR_3_RBP:              2           1       8             11       -
                         MIR_4_FF:              3          21      50            202      10
                          MIR_4_K:              -          10      33             17       9
                         MIR_4_KL:              -           2      17              -       2
                          MIR_4_R:              6          33      58             27      16
                         MIR_4_RB:              1          18      56            430       3
                        MIR_4_RBP:              1           -       7              8       -
                         MIR_5_FF:              2          18      55            176       4
                          MIR_5_K:              2           2      47             31       2
                         MIR_5_KL:              2           -      11              -       1
                          MIR_5_R:              5           1      49             31       4
                         MIR_5_RB:              -          15      57            359       2
                        MIR_5_RBP:              -           -       7             13       -
                         MIR_6_FF:              1          14      51            163       -
                          MIR_6_K:              -           2      33             43       2
                         MIR_6_KL:              1           -       5              -       -
                          MIR_6_R:              2           2      58             37       -
                         MIR_6_RB:              -          16      42            373       2
                        MIR_6_RBP:              -           -       3             13       1
  NoOverlapEnergy_lifted_optional:             85           -       -              -      80
                     ZERO_HALF_FF:             20         230       -          1'024       -
                      ZERO_HALF_K:              -          38       9            297       -
                     ZERO_HALF_KL:              8           -       -              -       -
                      ZERO_HALF_R:             27         709     112          2'936       6
                     ZERO_HALF_RB:              3         350      19          1'652       4
                    ZERO_HALF_RBP:              7          30       8            157       -

LNS stats                             Improv/Calls  Closed  Difficulty  TimeLimit
                    'graph_arc_lns':        95/120     52%    8.02e-01       0.10
                    'graph_cst_lns':     1609/1818     51%    7.53e-01       0.10
                    'graph_dec_lns':         24/32     72%    9.91e-01       0.10
                    'graph_var_lns':       258/293     55%    9.43e-01       0.10
                        'rins/rens':       686/686     48%    2.40e-01       0.10
                      'rnd_cst_lns':     1267/1456     50%    6.23e-01       0.10
                      'rnd_var_lns':         23/30     63%    9.70e-01       0.10
         'scheduling_intervals_lns':       456/489     52%    4.80e-01       0.10
       'scheduling_precedences_lns':         83/84      0%    2.86e-07       0.10
  'scheduling_resource_windows_lns':     3278/3501    100%    1.00e+00       0.10
       'scheduling_time_window_lns':     3287/3521    100%    1.00e+00       0.10

LS stats                                    Batches  Restarts/Perturbs  LinMoves  GenMoves  CompoundMoves  Bactracks  WeightUpdates  ScoreComputed
                             'fj_restart':       34                 13    13'492         0              0          0             11      3'404'415
                    'fj_restart_compound':       26                 13         0       574            568          0              0          8'638
                'fj_restart_compound_obj':       20                 14         0       501            485          0              0          7'033
            'fj_restart_compound_perturb':       34                  9         0       179            178          0              0          7'791
        'fj_restart_compound_perturb_obj':       66                 17         0       396            377          0              0         15'562
                       'fj_restart_decay':       78                 16    28'381         0              0          0             20     10'702'188
              'fj_restart_decay_compound':       18                 10         0       376            368          0              0          5'875
          'fj_restart_decay_compound_obj':       17                 10         0       405            405          0              0          5'894
      'fj_restart_decay_compound_perturb':       27                 11         0       158            157          0              0          6'110
  'fj_restart_decay_compound_perturb_obj':       46                 18         0       261            258          0              0         10'428
                   'fj_restart_decay_obj':       48                 10    15'931         0              0          0             10      5'937'975
               'fj_restart_decay_perturb':       26                 11    10'106         0              0          0              2      1'485'512
           'fj_restart_decay_perturb_obj':       20                 11     6'406         0              0          0              2        953'640
                         'fj_restart_obj':       79                 16    27'647         0              0          0             29     12'198'970
                     'fj_restart_perturb':       22                 10     7'023         0              0          0              3      1'383'528
                 'fj_restart_perturb_obj':       26                 12     9'854         0              0          0              3      1'496'195
                             'ls_restart':       44                 22     9'936         0              0          0          9'155        991'937
                    'ls_restart_compound':       42                 23         0        80              1         34              5        190'663
            'ls_restart_compound_perturb':       31                 22         0        57              2         22              1        125'101
                       'ls_restart_decay':       37                 21     7'907         9              0          0          2'673      2'514'368
              'ls_restart_decay_compound':       48                 29         0        84              3         34              1        243'763
      'ls_restart_decay_compound_perturb':       31                 18         0        58              2         24              3        162'586
               'ls_restart_decay_perturb':       48                 26     8'229        18              0          0          3'141      2'561'230
                     'ls_restart_perturb':       26                 18     6'014         0              0          0          5'499        799'041

Solutions (88)                        Num     Rank
                            'fixed':    6   [0,85]
                    'graph_arc_lns':    8   [1,76]
                    'graph_cst_lns':    2  [81,82]
                    'graph_dec_lns':   16   [3,87]
                    'graph_var_lns':    8  [31,48]
                       'ls_restart':    4   [6,12]
                 'ls_restart_decay':    6   [7,16]
         'ls_restart_decay_perturb':   10   [4,14]
               'ls_restart_perturb':    2  [10,11]
                    'quick_restart':    2  [50,51]
                      'rnd_cst_lns':    4  [41,78]
                      'rnd_var_lns':   10  [39,83]
         'scheduling_intervals_lns':   62  [14,77]
  'scheduling_resource_windows_lns':   20  [35,88]
       'scheduling_time_window_lns':   16   [2,66]

Objective bounds     Num
  'initial_domain':    1

Solution repositories    Added  Queried  Synchro
    'alternative_path':     65    5'074       65
      'best_solutions':  1'257    8'870      781
   'fj solution hints':    193        0      193
        'lp solutions':    529    1'494      501
                'pump':      0        0

Improving bounds shared       Num  Sym
            'default_lp':   2'370    0
                 'fixed':   7'110    0
                 'no_lp':  14'220    0
         'quick_restart':  10'270    0
         'reduced_costs':     790    0

Clauses shared        #Exported  #Imported  #BinaryRead  #BinaryTotal
       'default_lp':         82        101           64            76
            'fixed':          3        185           64            76
  'fs_random_no_lp':          0          0            0            76
           'max_lp':          8        180           76            76
            'no_lp':        148        100           76            76
    'quick_restart':         11        176           76            76
    'reduced_costs':         12        188           76            76

LRAT_status: NA
CpSolverResponse summary:
status: FEASIBLE
objective: 232786
best_bound: 232640
integers: 31568
booleans: 31466
conflicts: 51
branches: 162375
propagations: 882039
integer_propagations: 6978833
restarts: 1
lp_iterations: 0
walltime: 9000.24
usertime: 9000.24
deterministic_time: 2956.69
gap_integral: 17070.3
solution_fingerprint: 0x53b4fce31fd65a2f

cpsat status=FEASIBLE wall=9000.3s
  cpsat: status=FEASIBLE objective=232.79 ms bound=232.64 ms wall=9000.3s
  Makespan: 232.79 ms
  Periodic 'yolov8_nano_64x96': the schedule runs to 233 ms, which would take 21 instances, but the workload asks for 18 — keeping 18
  Periodic 'yolov8_nano_64x96': period=11ms current=18 needed=18
  Periodic 'fused_full': the schedule runs to 233 ms, which would take 21 instances, but the workload asks for 18 — keeping 18
  Periodic 'fused_full': period=11ms current=18 needed=18
  Periodic 'mlp_control': the schedule runs to 233 ms, which would take 24 instances, but the workload asks for 20 — keeping 20
  Periodic 'mlp_control': period=10ms current=20 needed=20
  All periodic counts cover makespan — converged.

Final greedy makespan: 232.79 ms (after 1 iteration)
  cpsat: makespan=232.79 ms (all ops 232.79 ms), periodic window misses=0, converged

Scheduling completed!
Makespan (all operations): 232.79 ms

Combination assignments:
  1xCPU_P: 896 operations
  1xCPU_P: 896 operations
  1xCPU_P: 896 operations
  1xCPU_P: 896 operations
  2xCPU_P: 126 operations
  2xCPU_P: 126 operations
  4xCPU_P: 7 operations
  1xCPU_E: 984 operations
  1xCPU_E: 984 operations
  1xCPU_E: 984 operations
  1xCPU_E: 984 operations
  2xCPU_E: 136 operations
  2xCPU_E: 136 operations
  4xCPU_E: 25 operations

Per-network combination assignments:
  Yolov8_nano_64x960: 1xCPU_P=26, 1xCPU_P=26, 1xCPU_P=26, 1xCPU_P=26, 2xCPU_P=7, 2xCPU_P=7, 4xCPU_P=2, 1xCPU_E=49, 1xCPU_E=49, 1xCPU_E=49, 1xCPU_E=49, 2xCPU_E=12, 2xCPU_E=12, 4xCPU_E=2
  Fused_full0: 1xCPU_P=7, 1xCPU_P=7, 1xCPU_P=7, 1xCPU_P=7, 1xCPU_E=8, 1xCPU_E=8, 1xCPU_E=8, 1xCPU_E=8
  Mlp_control0: 1xCPU_P=4, 1xCPU_P=4, 1xCPU_P=4, 1xCPU_P=4, 1xCPU_E=3, 1xCPU_E=3, 1xCPU_E=3, 1xCPU_E=3
  Yolov8_nano_64x961: 1xCPU_P=50, 1xCPU_P=50, 1xCPU_P=50, 1xCPU_P=50, 2xCPU_P=8, 2xCPU_P=8, 4xCPU_P=1, 1xCPU_E=33, 1xCPU_E=33, 1xCPU_E=33, 1xCPU_E=33, 2xCPU_E=6, 2xCPU_E=6
  Yolov8_nano_64x962: 1xCPU_P=41, 1xCPU_P=41, 1xCPU_P=41, 1xCPU_P=41, 2xCPU_P=8, 2xCPU_P=8, 1xCPU_E=40, 1xCPU_E=40, 1xCPU_E=40, 1xCPU_E=40, 2xCPU_E=9, 2xCPU_E=9
  Yolov8_nano_64x963: 1xCPU_P=42, 1xCPU_P=42, 1xCPU_P=42, 1xCPU_P=42, 2xCPU_P=9, 2xCPU_P=9, 1xCPU_E=44, 1xCPU_E=44, 1xCPU_E=44, 1xCPU_E=44, 2xCPU_E=3, 2xCPU_E=3
  Yolov8_nano_64x964: 1xCPU_P=31, 1xCPU_P=31, 1xCPU_P=31, 1xCPU_P=31, 2xCPU_P=8, 2xCPU_P=8, 1xCPU_E=53, 1xCPU_E=53, 1xCPU_E=53, 1xCPU_E=53, 2xCPU_E=6, 2xCPU_E=6
  Yolov8_nano_64x965: 1xCPU_P=27, 1xCPU_P=27, 1xCPU_P=27, 1xCPU_P=27, 2xCPU_P=6, 2xCPU_P=6, 4xCPU_P=1, 1xCPU_E=56, 1xCPU_E=56, 1xCPU_E=56, 1xCPU_E=56, 2xCPU_E=8, 2xCPU_E=8
  Yolov8_nano_64x966: 1xCPU_P=48, 1xCPU_P=48, 1xCPU_P=48, 1xCPU_P=48, 2xCPU_P=9, 2xCPU_P=9, 1xCPU_E=32, 1xCPU_E=32, 1xCPU_E=32, 1xCPU_E=32, 2xCPU_E=9, 2xCPU_E=9
  Yolov8_nano_64x967: 1xCPU_P=36, 1xCPU_P=36, 1xCPU_P=36, 1xCPU_P=36, 2xCPU_P=8, 2xCPU_P=8, 1xCPU_E=47, 1xCPU_E=47, 1xCPU_E=47, 1xCPU_E=47, 2xCPU_E=6, 2xCPU_E=6, 4xCPU_E=1
  Yolov8_nano_64x968: 1xCPU_P=40, 1xCPU_P=40, 1xCPU_P=40, 1xCPU_P=40, 2xCPU_P=8, 2xCPU_P=8, 1xCPU_E=43, 1xCPU_E=43, 1xCPU_E=43, 1xCPU_E=43, 2xCPU_E=7, 2xCPU_E=7
  Yolov8_nano_64x969: 1xCPU_P=49, 1xCPU_P=49, 1xCPU_P=49, 1xCPU_P=49, 2xCPU_P=7, 2xCPU_P=7, 1xCPU_E=34, 1xCPU_E=34, 1xCPU_E=34, 1xCPU_E=34, 2xCPU_E=8, 2xCPU_E=8
  Yolov8_nano_64x9610: 1xCPU_P=39, 1xCPU_P=39, 1xCPU_P=39, 1xCPU_P=39, 2xCPU_P=4, 2xCPU_P=4, 1xCPU_E=48, 1xCPU_E=48, 1xCPU_E=48, 1xCPU_E=48, 2xCPU_E=7, 2xCPU_E=7
  Yolov8_nano_64x9611: 1xCPU_P=28, 1xCPU_P=28, 1xCPU_P=28, 1xCPU_P=28, 2xCPU_P=3, 2xCPU_P=3, 1xCPU_E=53, 1xCPU_E=53, 1xCPU_E=53, 1xCPU_E=53, 2xCPU_E=14, 2xCPU_E=14
  Yolov8_nano_64x9612: 1xCPU_P=38, 1xCPU_P=38, 1xCPU_P=38, 1xCPU_P=38, 2xCPU_P=4, 2xCPU_P=4, 1xCPU_E=54, 1xCPU_E=54, 1xCPU_E=54, 1xCPU_E=54, 2xCPU_E=2, 2xCPU_E=2
  Yolov8_nano_64x9613: 1xCPU_P=38, 1xCPU_P=38, 1xCPU_P=38, 1xCPU_P=38, 2xCPU_P=7, 2xCPU_P=7, 1xCPU_E=48, 1xCPU_E=48, 1xCPU_E=48, 1xCPU_E=48, 2xCPU_E=4, 2xCPU_E=4, 4xCPU_E=1
  Yolov8_nano_64x9614: 1xCPU_P=42, 1xCPU_P=42, 1xCPU_P=42, 1xCPU_P=42, 2xCPU_P=10, 2xCPU_P=10, 1xCPU_E=43, 1xCPU_E=43, 1xCPU_E=43, 1xCPU_E=43, 2xCPU_E=3, 2xCPU_E=3
  Yolov8_nano_64x9615: 1xCPU_P=51, 1xCPU_P=51, 1xCPU_P=51, 1xCPU_P=51, 2xCPU_P=4, 2xCPU_P=4, 1xCPU_E=35, 1xCPU_E=35, 1xCPU_E=35, 1xCPU_E=35, 2xCPU_E=8, 2xCPU_E=8
  Yolov8_nano_64x9616: 1xCPU_P=59, 1xCPU_P=59, 1xCPU_P=59, 1xCPU_P=59, 2xCPU_P=6, 2xCPU_P=6, 1xCPU_E=27, 1xCPU_E=27, 1xCPU_E=27, 1xCPU_E=27, 2xCPU_E=5, 2xCPU_E=5, 4xCPU_E=1
  Yolov8_nano_64x9617: 1xCPU_P=21, 1xCPU_P=21, 1xCPU_P=21, 1xCPU_P=21, 2xCPU_P=10, 2xCPU_P=10, 4xCPU_P=3, 1xCPU_E=25, 1xCPU_E=25, 1xCPU_E=25, 1xCPU_E=25, 2xCPU_E=19, 2xCPU_E=19, 4xCPU_E=20
  Fused_full1: 1xCPU_P=7, 1xCPU_P=7, 1xCPU_P=7, 1xCPU_P=7, 1xCPU_E=8, 1xCPU_E=8, 1xCPU_E=8, 1xCPU_E=8
  Fused_full2: 1xCPU_P=7, 1xCPU_P=7, 1xCPU_P=7, 1xCPU_P=7, 1xCPU_E=8, 1xCPU_E=8, 1xCPU_E=8, 1xCPU_E=8
  Fused_full3: 1xCPU_P=4, 1xCPU_P=4, 1xCPU_P=4, 1xCPU_P=4, 1xCPU_E=11, 1xCPU_E=11, 1xCPU_E=11, 1xCPU_E=11
  Fused_full4: 1xCPU_P=6, 1xCPU_P=6, 1xCPU_P=6, 1xCPU_P=6, 1xCPU_E=9, 1xCPU_E=9, 1xCPU_E=9, 1xCPU_E=9
  Fused_full5: 1xCPU_P=7, 1xCPU_P=7, 1xCPU_P=7, 1xCPU_P=7, 1xCPU_E=8, 1xCPU_E=8, 1xCPU_E=8, 1xCPU_E=8
  Fused_full6: 1xCPU_P=7, 1xCPU_P=7, 1xCPU_P=7, 1xCPU_P=7, 1xCPU_E=8, 1xCPU_E=8, 1xCPU_E=8, 1xCPU_E=8
  Fused_full7: 1xCPU_P=8, 1xCPU_P=8, 1xCPU_P=8, 1xCPU_P=8, 1xCPU_E=7, 1xCPU_E=7, 1xCPU_E=7, 1xCPU_E=7
  Fused_full8: 1xCPU_P=4, 1xCPU_P=4, 1xCPU_P=4, 1xCPU_P=4, 1xCPU_E=11, 1xCPU_E=11, 1xCPU_E=11, 1xCPU_E=11
  Fused_full9: 1xCPU_P=10, 1xCPU_P=10, 1xCPU_P=10, 1xCPU_P=10, 1xCPU_E=5, 1xCPU_E=5, 1xCPU_E=5, 1xCPU_E=5
  Fused_full10: 1xCPU_P=4, 1xCPU_P=4, 1xCPU_P=4, 1xCPU_P=4, 1xCPU_E=11, 1xCPU_E=11, 1xCPU_E=11, 1xCPU_E=11
  Fused_full11: 1xCPU_P=3, 1xCPU_P=3, 1xCPU_P=3, 1xCPU_P=3, 1xCPU_E=12, 1xCPU_E=12, 1xCPU_E=12, 1xCPU_E=12
  Fused_full12: 1xCPU_P=9, 1xCPU_P=9, 1xCPU_P=9, 1xCPU_P=9, 1xCPU_E=6, 1xCPU_E=6, 1xCPU_E=6, 1xCPU_E=6
  Fused_full13: 1xCPU_P=10, 1xCPU_P=10, 1xCPU_P=10, 1xCPU_P=10, 1xCPU_E=5, 1xCPU_E=5, 1xCPU_E=5, 1xCPU_E=5
  Fused_full14: 1xCPU_P=7, 1xCPU_P=7, 1xCPU_P=7, 1xCPU_P=7, 1xCPU_E=8, 1xCPU_E=8, 1xCPU_E=8, 1xCPU_E=8
  Fused_full15: 1xCPU_P=9, 1xCPU_P=9, 1xCPU_P=9, 1xCPU_P=9, 1xCPU_E=6, 1xCPU_E=6, 1xCPU_E=6, 1xCPU_E=6
  Fused_full16: 1xCPU_P=7, 1xCPU_P=7, 1xCPU_P=7, 1xCPU_P=7, 1xCPU_E=8, 1xCPU_E=8, 1xCPU_E=8, 1xCPU_E=8
  Fused_full17: 1xCPU_P=10, 1xCPU_P=10, 1xCPU_P=10, 1xCPU_P=10, 1xCPU_E=5, 1xCPU_E=5, 1xCPU_E=5, 1xCPU_E=5
  Mlp_control1: 1xCPU_P=7, 1xCPU_P=7, 1xCPU_P=7, 1xCPU_P=7
  Mlp_control2: 1xCPU_P=6, 1xCPU_P=6, 1xCPU_P=6, 1xCPU_P=6, 1xCPU_E=1, 1xCPU_E=1, 1xCPU_E=1, 1xCPU_E=1
  Mlp_control3: 1xCPU_P=6, 1xCPU_P=6, 1xCPU_P=6, 1xCPU_P=6, 1xCPU_E=1, 1xCPU_E=1, 1xCPU_E=1, 1xCPU_E=1
  Mlp_control4: 1xCPU_P=7, 1xCPU_P=7, 1xCPU_P=7, 1xCPU_P=7
  Mlp_control5: 1xCPU_P=5, 1xCPU_P=5, 1xCPU_P=5, 1xCPU_P=5, 1xCPU_E=2, 1xCPU_E=2, 1xCPU_E=2, 1xCPU_E=2
  Mlp_control6: 1xCPU_P=3, 1xCPU_P=3, 1xCPU_P=3, 1xCPU_P=3, 1xCPU_E=4, 1xCPU_E=4, 1xCPU_E=4, 1xCPU_E=4
  Mlp_control7: 1xCPU_E=7, 1xCPU_E=7, 1xCPU_E=7, 1xCPU_E=7
  Mlp_control8: 1xCPU_P=5, 1xCPU_P=5, 1xCPU_P=5, 1xCPU_P=5, 1xCPU_E=2, 1xCPU_E=2, 1xCPU_E=2, 1xCPU_E=2
  Mlp_control9: 1xCPU_P=2, 1xCPU_P=2, 1xCPU_P=2, 1xCPU_P=2, 1xCPU_E=5, 1xCPU_E=5, 1xCPU_E=5, 1xCPU_E=5
  Mlp_control10: 1xCPU_P=7, 1xCPU_P=7, 1xCPU_P=7, 1xCPU_P=7
  Mlp_control11: 1xCPU_P=4, 1xCPU_P=4, 1xCPU_P=4, 1xCPU_P=4, 1xCPU_E=3, 1xCPU_E=3, 1xCPU_E=3, 1xCPU_E=3
  Mlp_control12: 1xCPU_P=5, 1xCPU_P=5, 1xCPU_P=5, 1xCPU_P=5, 1xCPU_E=2, 1xCPU_E=2, 1xCPU_E=2, 1xCPU_E=2
  Mlp_control13: 1xCPU_E=7, 1xCPU_E=7, 1xCPU_E=7, 1xCPU_E=7
  Mlp_control14: 1xCPU_E=7, 1xCPU_E=7, 1xCPU_E=7, 1xCPU_E=7
  Mlp_control15: 1xCPU_E=7, 1xCPU_E=7, 1xCPU_E=7, 1xCPU_E=7
  Mlp_control16: 1xCPU_E=7, 1xCPU_E=7, 1xCPU_E=7, 1xCPU_E=7
  Mlp_control17: 1xCPU_E=7, 1xCPU_E=7, 1xCPU_E=7, 1xCPU_E=7
  Mlp_control18: 1xCPU_P=3, 1xCPU_P=3, 1xCPU_P=3, 1xCPU_P=3, 1xCPU_E=4, 1xCPU_E=4, 1xCPU_E=4, 1xCPU_E=4
  Mlp_control19: 1xCPU_E=7, 1xCPU_E=7, 1xCPU_E=7, 1xCPU_E=7
Job 'yolov8_nano_64x960' (job_id=0, color_index=0) -> color RGB=[0.98745098 0.54117647 0.41568627]
DEBUG TRANSFER: alpha_shape=(2174, 14), num_actual_machines=8, len(machines)=8, alpha_cols=14, is_using_combos=True, prev_machine=4, machine=2, transfer_times_shape=(8, 8), machine_combinations=True
DEBUG IMMEDIATE: op=62, job_id=0, lookup=0, op_color_index=0, base_colors[0]=(np.float64(0.9874509803921568), np.float64(0.5411764705882353), np.float64(0.41568627450980394))
DEBUG AFTER MODULO: op=62, original=0, after_modulo=0, len(base_colors)=56
DEBUG BEFORE LEGEND: op=62, op_color_index=0, original=0, job_index=0, legend_key=kind_yolov8_nano_64x, in_legend=True
DEBUG IMMEDIATE: op=63, job_id=0, lookup=0, op_color_index=0, base_colors[0]=(np.float64(0.9874509803921568), np.float64(0.5411764705882353), np.float64(0.41568627450980394))
DEBUG AFTER MODULO: op=63, original=0, after_modulo=0, len(base_colors)=56
DEBUG BEFORE LEGEND: op=63, op_color_index=0, original=0, job_index=0, legend_key=kind_yolov8_nano_64x, in_legend=True
DEBUG IMMEDIATE: op=64, job_id=0, lookup=0, op_color_index=0, base_colors[0]=(np.float64(0.9874509803921568), np.float64(0.5411764705882353), np.float64(0.41568627450980394))
DEBUG AFTER MODULO: op=64, original=0, after_modulo=0, len(base_colors)=56
DEBUG BEFORE LEGEND: op=64, op_color_index=0, original=0, job_index=0, legend_key=kind_yolov8_nano_64x, in_legend=True
Job 'fused_full0' (job_id=1, color_index=1) -> color RGB=[0.59607843 0.8345098  0.57882353]
Job 'mlp_control0' (job_id=2, color_index=2) -> color RGB=[0.71372549 0.71372549 0.84705882]
Saving plot to plots/wh_chain90_solve_h200_cpsat_profiled.png...

Plot saved to plots/wh_chain90_solve_h200_cpsat_profiled.png

Outputting scheduled JSON...
  pdb_hash = sha256:a7f1f6372d908d9a... over 5 CSV(s)

Scheduled JSON saved to: schedules/scheduled_wh_chain90_solve_h200_cpsat_profiled.json
Metrics written to: schedules/scheduled_wh_chain90_solve_h200_cpsat_profiled_metrics.json
  makespan_us=232.79  op_deadline_miss=0 (dispatches, NOT instances)  cross_dev=1600  solver_s=9004.334
Scheduler report written to: schedules/scheduled_wh_chain90_solve_h200_cpsat_profiled_report.json
, 2xCPU_E=11, 2xCPU_E=11, 4xCPU_E=2
  Yolov8_nano_64x965: 1xCPU_P=47, 1xCPU_P=47, 1xCPU_P=47, 1xCPU_P=47, 2xCPU_P=8, 2xCPU_P=8, 4xCPU_P=1, 1xCPU_E=39, 1xCPU_E=39, 1xCPU_E=39, 1xCPU_E=39, 2xCPU_E=3, 2xCPU_E=3
  Yolov8_nano_64x966: 1xCPU_P=36, 1xCPU_P=36, 1xCPU_P=36, 1xCPU_P=36, 2xCPU_P=3, 2xCPU_P=3, 1xCPU_E=52, 1xCPU_E=52, 1xCPU_E=52, 1xCPU_E=52, 2xCPU_E=7, 2xCPU_E=7
  Yolov8_nano_64x967: 1xCPU_P=51, 1xCPU_P=51, 1xCPU_P=51, 1xCPU_P=51, 2xCPU_P=3, 2xCPU_P=3, 1xCPU_E=37, 1xCPU_E=37, 1xCPU_E=37, 1xCPU_E=37, 2xCPU_E=7, 2xCPU_E=7
  Yolov8_nano_64x968: 1xCPU_P=48, 1xCPU_P=48, 1xCPU_P=48, 1xCPU_P=48, 2xCPU_P=6, 2xCPU_P=6, 1xCPU_E=42, 1xCPU_E=42, 1xCPU_E=42, 1xCPU_E=42, 2xCPU_E=2, 2xCPU_E=2
  Yolov8_nano_64x969: 1xCPU_P=25, 1xCPU_P=25, 1xCPU_P=25, 1xCPU_P=25, 2xCPU_P=4, 2xCPU_P=4, 1xCPU_E=61, 1xCPU_E=61, 1xCPU_E=61, 1xCPU_E=61, 2xCPU_E=7, 2xCPU_E=7, 4xCPU_E=1
  Yolov8_nano_64x9610: 1xCPU_P=42, 1xCPU_P=42, 1xCPU_P=42, 1xCPU_P=42, 2xCPU_P=8, 2xCPU_P=8, 4xCPU_P=1, 1xCPU_E=46, 1xCPU_E=46, 1xCPU_E=46, 1xCPU_E=46, 2xCPU_E=1, 2xCPU_E=1
  Yolov8_nano_64x9611: 1xCPU_P=41, 1xCPU_P=41, 1xCPU_P=41, 1xCPU_P=41, 2xCPU_P=4, 2xCPU_P=4, 1xCPU_E=49, 1xCPU_E=49, 1xCPU_E=49, 1xCPU_E=49, 2xCPU_E=4, 2xCPU_E=4
  Yolov8_nano_64x9612: 1xCPU_P=35, 1xCPU_P=35, 1xCPU_P=35, 1xCPU_P=35, 2xCPU_P=9, 2xCPU_P=9, 1xCPU_E=46, 1xCPU_E=46, 1xCPU_E=46, 1xCPU_E=46, 2xCPU_E=8, 2xCPU_E=8
  Yolov8_nano_64x9613: 1xCPU_P=58, 1xCPU_P=58, 1xCPU_P=58, 1xCPU_P=58, 2xCPU_P=6, 2xCPU_P=6, 1xCPU_E=33, 1xCPU_E=33, 1xCPU_E=33, 1xCPU_E=33, 2xCPU_E=1, 2xCPU_E=1
  Yolov8_nano_64x9614: 1xCPU_P=51, 1xCPU_P=51, 1xCPU_P=51, 1xCPU_P=51, 2xCPU_P=8, 2xCPU_P=8, 1xCPU_E=38, 1xCPU_E=38, 1xCPU_E=38, 1xCPU_E=38, 2xCPU_E=1, 2xCPU_E=1
  Yolov8_nano_64x9615: 1xCPU_P=33, 1xCPU_P=33, 1xCPU_P=33, 1xCPU_P=33, 2xCPU_P=3, 2xCPU_P=3, 1xCPU_E=54, 1xCPU_E=54, 1xCPU_E=54, 1xCPU_E=54, 2xCPU_E=8, 2xCPU_E=8
  Yolov8_nano_64x9616: 1xCPU_P=24, 1xCPU_P=24, 1xCPU_P=24, 1xCPU_P=24, 2xCPU_P=10, 2xCPU_P=10, 1xCPU_E=47, 1xCPU_E=47, 1xCPU_E=47, 1xCPU_E=47, 2xCPU_E=16, 2xCPU_E=16, 4xCPU_E=1
  Yolov8_nano_64x9617: 1xCPU_P=25, 1xCPU_P=25, 1xCPU_P=25, 1xCPU_P=25, 2xCPU_P=21, 2xCPU_P=21, 4xCPU_P=15, 1xCPU_E=25, 1xCPU_E=25, 1xCPU_E=25, 1xCPU_E=25, 2xCPU_E=12, 2xCPU_E=12
  Fused_full1: 1xCPU_P=11, 1xCPU_P=11, 1xCPU_P=11, 1xCPU_P=11, 1xCPU_E=4, 1xCPU_E=4, 1xCPU_E=4, 1xCPU_E=4
  Fused_full2: 1xCPU_P=10, 1xCPU_P=10, 1xCPU_P=10, 1xCPU_P=10, 1xCPU_E=5, 1xCPU_E=5, 1xCPU_E=5, 1xCPU_E=5
  Fused_full3: 1xCPU_P=9, 1xCPU_P=9, 1xCPU_P=9, 1xCPU_P=9, 1xCPU_E=6, 1xCPU_E=6, 1xCPU_E=6, 1xCPU_E=6
  Fused_full4: 1xCPU_P=10, 1xCPU_P=10, 1xCPU_P=10, 1xCPU_P=10, 1xCPU_E=5, 1xCPU_E=5, 1xCPU_E=5, 1xCPU_E=5
  Fused_full5: 1xCPU_P=14, 1xCPU_P=14, 1xCPU_P=14, 1xCPU_P=14, 1xCPU_E=1, 1xCPU_E=1, 1xCPU_E=1, 1xCPU_E=1
  Fused_full6: 1xCPU_P=9, 1xCPU_P=9, 1xCPU_P=9, 1xCPU_P=9, 1xCPU_E=6, 1xCPU_E=6, 1xCPU_E=6, 1xCPU_E=6
  Fused_full7: 1xCPU_P=5, 1xCPU_P=5, 1xCPU_P=5, 1xCPU_P=5, 1xCPU_E=10, 1xCPU_E=10, 1xCPU_E=10, 1xCPU_E=10
  Fused_full8: 1xCPU_P=11, 1xCPU_P=11, 1xCPU_P=11, 1xCPU_P=11, 1xCPU_E=4, 1xCPU_E=4, 1xCPU_E=4, 1xCPU_E=4
  Fused_full9: 1xCPU_P=11, 1xCPU_P=11, 1xCPU_P=11, 1xCPU_P=11, 1xCPU_E=4, 1xCPU_E=4, 1xCPU_E=4, 1xCPU_E=4
  Fused_full10: 1xCPU_P=15, 1xCPU_P=15, 1xCPU_P=15, 1xCPU_P=15
  Fused_full11: 1xCPU_P=7, 1xCPU_P=7, 1xCPU_P=7, 1xCPU_P=7, 1xCPU_E=8, 1xCPU_E=8, 1xCPU_E=8, 1xCPU_E=8
  Fused_full12: 1xCPU_P=13, 1xCPU_P=13, 1xCPU_P=13, 1xCPU_P=13, 1xCPU_E=2, 1xCPU_E=2, 1xCPU_E=2, 1xCPU_E=2
  Fused_full13: 1xCPU_P=12, 1xCPU_P=12, 1xCPU_P=12, 1xCPU_P=12, 1xCPU_E=3, 1xCPU_E=3, 1xCPU_E=3, 1xCPU_E=3
  Fused_full14: 1xCPU_P=9, 1xCPU_P=9, 1xCPU_P=9, 1xCPU_P=9, 1xCPU_E=6, 1xCPU_E=6, 1xCPU_E=6, 1xCPU_E=6
  Fused_full15: 1xCPU_P=8, 1xCPU_P=8, 1xCPU_P=8, 1xCPU_P=8, 1xCPU_E=7, 1xCPU_E=7, 1xCPU_E=7, 1xCPU_E=7
  Fused_full16: 1xCPU_P=6, 1xCPU_P=6, 1xCPU_P=6, 1xCPU_P=6, 1xCPU_E=9, 1xCPU_E=9, 1xCPU_E=9, 1xCPU_E=9
  Fused_full17: 1xCPU_P=8, 1xCPU_P=8, 1xCPU_P=8, 1xCPU_P=8, 1xCPU_E=7, 1xCPU_E=7, 1xCPU_E=7, 1xCPU_E=7
  Mlp_control1: 1xCPU_P=2, 1xCPU_P=2, 1xCPU_P=2, 1xCPU_P=2, 1xCPU_E=5, 1xCPU_E=5, 1xCPU_E=5, 1xCPU_E=5
  Mlp_control2: 1xCPU_P=6, 1xCPU_P=6, 1xCPU_P=6, 1xCPU_P=6, 1xCPU_E=1, 1xCPU_E=1, 1xCPU_E=1, 1xCPU_E=1
  Mlp_control3: 1xCPU_P=4, 1xCPU_P=4, 1xCPU_P=4, 1xCPU_P=4, 1xCPU_E=3, 1xCPU_E=3, 1xCPU_E=3, 1xCPU_E=3
  Mlp_control4: 1xCPU_P=6, 1xCPU_P=6, 1xCPU_P=6, 1xCPU_P=6, 1xCPU_E=1, 1xCPU_E=1, 1xCPU_E=1, 1xCPU_E=1
  Mlp_control5: 1xCPU_P=6, 1xCPU_P=6, 1xCPU_P=6, 1xCPU_P=6, 1xCPU_E=1, 1xCPU_E=1, 1xCPU_E=1, 1xCPU_E=1
  Mlp_control6: 1xCPU_E=7, 1xCPU_E=7, 1xCPU_E=7, 1xCPU_E=7
  Mlp_control7: 1xCPU_P=2, 1xCPU_P=2, 1xCPU_P=2, 1xCPU_P=2, 1xCPU_E=5, 1xCPU_E=5, 1xCPU_E=5, 1xCPU_E=5
  Mlp_control8: 1xCPU_P=3, 1xCPU_P=3, 1xCPU_P=3, 1xCPU_P=3, 1xCPU_E=4, 1xCPU_E=4, 1xCPU_E=4, 1xCPU_E=4
  Mlp_control9: 1xCPU_P=7, 1xCPU_P=7, 1xCPU_P=7, 1xCPU_P=7
  Mlp_control10: 1xCPU_P=5, 1xCPU_P=5, 1xCPU_P=5, 1xCPU_P=5, 1xCPU_E=2, 1xCPU_E=2, 1xCPU_E=2, 1xCPU_E=2
  Mlp_control11: 1xCPU_P=1, 1xCPU_P=1, 1xCPU_P=1, 1xCPU_P=1, 1xCPU_E=6, 1xCPU_E=6, 1xCPU_E=6, 1xCPU_E=6
  Mlp_control12: 1xCPU_P=4, 1xCPU_P=4, 1xCPU_P=4, 1xCPU_P=4, 1xCPU_E=3, 1xCPU_E=3, 1xCPU_E=3, 1xCPU_E=3
  Mlp_control13: 1xCPU_P=4, 1xCPU_P=4, 1xCPU_P=4, 1xCPU_P=4, 1xCPU_E=3, 1xCPU_E=3, 1xCPU_E=3, 1xCPU_E=3
  Mlp_control14: 1xCPU_P=2, 1xCPU_P=2, 1xCPU_P=2, 1xCPU_P=2, 1xCPU_E=5, 1xCPU_E=5, 1xCPU_E=5, 1xCPU_E=5
  Mlp_control15: 1xCPU_P=7, 1xCPU_P=7, 1xCPU_P=7, 1xCPU_P=7
  Mlp_control16: 1xCPU_P=7, 1xCPU_P=7, 1xCPU_P=7, 1xCPU_P=7
  Mlp_control17: 1xCPU_E=7, 1xCPU_E=7, 1xCPU_E=7, 1xCPU_E=7
  Mlp_control18: 1xCPU_P=1, 1xCPU_P=1, 1xCPU_P=1, 1xCPU_P=1, 1xCPU_E=6, 1xCPU_E=6, 1xCPU_E=6, 1xCPU_E=6
  Mlp_control19: 1xCPU_E=7, 1xCPU_E=7, 1xCPU_E=7, 1xCPU_E=7
Job 'yolov8_nano_64x960' (job_id=0, color_index=0) -> color RGB=[0.98745098 0.54117647 0.41568627]
DEBUG TRANSFER: alpha_shape=(2174, 14), num_actual_machines=8, len(machines)=8, alpha_cols=14, is_using_combos=True, prev_machine=0, machine=7, transfer_times_shape=(8, 8), machine_combinations=True
DEBUG IMMEDIATE: op=62, job_id=0, lookup=0, op_color_index=0, base_colors[0]=(np.float64(0.9874509803921568), np.float64(0.5411764705882353), np.float64(0.41568627450980394))
DEBUG AFTER MODULO: op=62, original=0, after_modulo=0, len(base_colors)=56
DEBUG BEFORE LEGEND: op=62, op_color_index=0, original=0, job_index=0, legend_key=kind_yolov8_nano_64x, in_legend=True
DEBUG IMMEDIATE: op=63, job_id=0, lookup=0, op_color_index=0, base_colors[0]=(np.float64(0.9874509803921568), np.float64(0.5411764705882353), np.float64(0.41568627450980394))
DEBUG AFTER MODULO: op=63, original=0, after_modulo=0, len(base_colors)=56
DEBUG BEFORE LEGEND: op=63, op_color_index=0, original=0, job_index=0, legend_key=kind_yolov8_nano_64x, in_legend=True
DEBUG IMMEDIATE: op=64, job_id=0, lookup=0, op_color_index=0, base_colors[0]=(np.float64(0.9874509803921568), np.float64(0.5411764705882353), np.float64(0.41568627450980394))
DEBUG AFTER MODULO: op=64, original=0, after_modulo=0, len(base_colors)=56
DEBUG BEFORE LEGEND: op=64, op_color_index=0, original=0, job_index=0, legend_key=kind_yolov8_nano_64x, in_legend=True
Job 'fused_full0' (job_id=1, color_index=1) -> color RGB=[0.59607843 0.8345098  0.57882353]
Job 'mlp_control0' (job_id=2, color_index=2) -> color RGB=[0.71372549 0.71372549 0.84705882]
Saving plot to plots/wh_chain90_solve_h200_cpsat_profiled.png...

Plot saved to plots/wh_chain90_solve_h200_cpsat_profiled.png

Outputting scheduled JSON...
  pdb_hash = sha256:a7f1f6372d908d9a... over 5 CSV(s)

Scheduled JSON saved to: schedules/scheduled_wh_chain90_solve_h200_cpsat_profiled.json
Metrics written to: schedules/scheduled_wh_chain90_solve_h200_cpsat_profiled_metrics.json
  makespan_us=233.61  op_deadline_miss=0 (dispatches, NOT instances)  cross_dev=1600  solver_s=9003.860
Scheduler report written to: schedules/scheduled_wh_chain90_solve_h200_cpsat_profiled_report.json
