--board-calibration: loaded /scratch/agustin/xpurt-dev-sync/results/codesign_feedback/k1_board_calibration_yolo110.json (aggregate x1.261)
============================================================
Loading network hierarchy from JSON...
============================================================

Loading networks from: /scratch/agustin/xpurt-dev-sync/data/toplevel/wh_chain90_solve_h200.json

Found 3 networks:
  - yolov8_nano_64x96 (id: 0, identifier: yolov8_nano_64x96)
  - fused_full (id: 1, identifier: fused_full)
  - mlp_control (id: 2, identifier: mlp_control)

Found 2 network-level dependencies:
  - yolov8_nano_64x96 → fused_full
  - fused_full → mlp_control

Resolved runtime configuration:
  Machine core counts: {'CPU_P': 4, 'CPU_E': 4}
  Profile HW mapping: CPU_P->rvv_x60, CPU_E->rvv_x60
  Profile target/topology: target=spacemit_x60, topo_tag=topo_0_1_2_3
  p_core_speedup: 1.0
  random_seed: 42
  solver_verbosity: 0
  time_limit: 600
  use_profiled: True
  prune_periodic: True
  restrict_makespan_to_nonperiodic: False
  cvxpy_solver (milp only): MOSEK
  machine_combination_mode: shard
  enforce_same_processor_combinations: True

Using profiled runtimes where available...
  (warning) 8 dispatch(es) were costed 0.0 because a profile that EXISTS has no row for them. Either they are ops the codegen drops (the yolo chunk2_c1 case) or the CSV is short and unmeasured work is being scheduled as instantaneous.
  - yolov8_nano_64x96/dispatch_3(id=3) costed 0.0 (first seen on rvv_x60/topo_0): no row in an otherwise-present profile; op not knowable from the profile
  - yolov8_nano_64x96/dispatch_11(id=11) costed 0.0 (first seen on rvv_x60/topo_0): no row in an otherwise-present profile; op not knowable from the profile
  - yolov8_nano_64x96/dispatch_22(id=22) costed 0.0 (first seen on rvv_x60/topo_0): no row in an otherwise-present profile; op not knowable from the profile
  - yolov8_nano_64x96/dispatch_33(id=33) costed 0.0 (first seen on rvv_x60/topo_0): no row in an otherwise-present profile; op not knowable from the profile
  - yolov8_nano_64x96/dispatch_48(id=48) costed 0.0 (first seen on rvv_x60/topo_0): no row in an otherwise-present profile; op not knowable from the profile
  - yolov8_nano_64x96/dispatch_56(id=56) costed 0.0 (first seen on rvv_x60/topo_0): no row in an otherwise-present profile; op not knowable from the profile
  - yolov8_nano_64x96/dispatch_64(id=64) costed 0.0 (first seen on rvv_x60/topo_0): no row in an otherwise-present profile; op not knowable from the profile
  - yolov8_nano_64x96/dispatch_72(id=72) costed 0.0 (first seen on rvv_x60/topo_0): no row in an otherwise-present profile; op not knowable from the profile
  (warning) set XPURT_STRICT_ZERO_COST=1 to make this fatal
  Workload declares horizon 200 ms and 3 explicit periodic instance counts; those counts are used as given. Networks without one are still sized by the refinement loop below.

--- cpsat iteration 1 ---
  stateful: chained 17 instance edge(s) for ['fused_full']
  Total operations: 2174
  Job names: ['yolov8_nano_64x960', 'fused_full0', 'mlp_control0', 'yolov8_nano_64x961', 'yolov8_nano_64x962', 'yolov8_nano_64x963', 'yolov8_nano_64x964', 'yolov8_nano_64x965', 'yolov8_nano_64x966', 'yolov8_nano_64x967', 'yolov8_nano_64x968', 'yolov8_nano_64x969', 'yolov8_nano_64x9610', 'yolov8_nano_64x9611', 'yolov8_nano_64x9612', 'yolov8_nano_64x9613', 'yolov8_nano_64x9614', 'yolov8_nano_64x9615', 'yolov8_nano_64x9616', 'yolov8_nano_64x9617', 'fused_full1', 'fused_full2', 'fused_full3', 'fused_full4', 'fused_full5', 'fused_full6', 'fused_full7', 'fused_full8', 'fused_full9', 'fused_full10', 'fused_full11', 'fused_full12', 'fused_full13', 'fused_full14', 'fused_full15', 'fused_full16', 'fused_full17', 'mlp_control1', 'mlp_control2', 'mlp_control3', 'mlp_control4', 'mlp_control5', 'mlp_control6', 'mlp_control7', 'mlp_control8', 'mlp_control9', 'mlp_control10', 'mlp_control11', 'mlp_control12', 'mlp_control13', 'mlp_control14', 'mlp_control15', 'mlp_control16', 'mlp_control17', 'mlp_control18', 'mlp_control19']

Starting CP-SAT solver v9.15.6755
Parameters: random_seed: 0 max_time_in_seconds: 900 log_search_progress: true num_search_workers: 8

Initial optimization model '': (model_fingerprint: 0x78bf554655630e76)
#Variables: 36'959 (#ints: 1 in objective) (32'466 primary variables)
  - 30'436 Booleans in [0,1]
  - 1'920 different domains in [0,41000001120933] with a largest complexity of 1.
#kExactlyOne: 2'174 (#literals: 30'436)
#kInterval: 30'436 (#enforced: 30'436)
#kLinMax: 1 (#expressions: 2'174)
#kLinear1: 32'755 (#enforced: 30'436)
#kLinear2: 541'933 (#enforced: 537'040 #multi: 537'040)
#kLinear3: 2'174
#kLinearN: 2'038 (#terms: 79'178)
#kNoOverlap: 8 (#intervals: 52'176, #optional: 52'176, #variable_sizes: 52'176)

Starting presolve at 0.16s
  3.05e-02s  0.00e+00d  [DetectDominanceRelations] 
  1.31e+00s  0.00e+00d  [PresolveToFixPoint] #num_loops=4 #num_dual_strengthening=1 
  3.87e-02s  0.00e+00d  [ExtractEncodingFromLinear] #potential_supersets=2'174 #potential_subsets=2'030 #exo_encodings=2'030 #multiple_terms=4'068 #literals=25'960 
  1.17e-02s  0.00e+00d  [DetectDuplicateColumns] 
  1.45e-02s  0.00e+00d  [DetectDuplicateConstraints] 
[Symmetry] Graph for symmetry has 251'985 nodes and 590'636 arcs.
[Symmetry] Symmetry computation done. time: 0.181904 dtime: 0.188788
[Symmetry] #generators: 4, average support size: 12224
[Symmetry] 5702 orbits on 27976 variables with sizes: 8,8,8,8,8,8,8,8,8,8,...
[Symmetry] Num fixable by binary propagation in orbit: 7 / 8
[Symmetry] Num fixable by intersecting at_most_one with orbits: 11 largest_orbit: 8
[Symmetry] Found orbitope of size 2174 x 2
[SAT presolve] num removable Booleans: 0 / 34'554
[SAT presolve] num trivial clauses: 0
[SAT presolve] [0s] clauses:25'225 literals:67'539 vars:24'757 one_side_vars:0 simple_definition:24'289 singleton_clauses:0
[SAT presolve] [0.00137434s] clauses:25'225 literals:67'539 vars:24'757 one_side_vars:0 simple_definition:24'289 singleton_clauses:0
[SAT presolve] [0.00261688s] clauses:25'225 literals:67'539 vars:24'757 one_side_vars:0 simple_definition:24'289 singleton_clauses:0
  5.07e-02s  0.00e+00d  [DetectDuplicateConstraintsWithDifferentEnforcements] #without_enforcements=78'727 
  6.65e+01s  7.65e-01d  [Probe] #probed=68'242 #new_bounds=4'204 #equiv=1 #new_binary_clauses=936 
  1.56e-02s  8.77e-03d  [MaxClique] Merged 21'676 constraints with 47'108 literals into 4'587 constraints with 30'019 literals
  2.36e-02s  0.00e+00d  [DetectDominanceRelations] 
  1.76e-01s  0.00e+00d  [PresolveToFixPoint] #num_loops=3 #num_dual_strengthening=1 
  2.54e-02s  0.00e+00d  [ProcessAtMostOneAndLinear] 
  1.64e-02s  0.00e+00d  [DetectDuplicateConstraints] #duplicates=518 
  2.02e-02s  0.00e+00d  [DetectDuplicateConstraintsWithDifferentEnforcements] #without_enforcements=25'790 
  8.96e-03s  1.86e-04d  [DetectDominatedLinearConstraints] #relevant_constraints=4'714 
  5.36e-03s  0.00e+00d  [DetectDifferentVariables] 
  2.19e-02s  4.70e-04d  [ProcessSetPPC] #relevant_constraints=10'834 #num_inclusions=4'587 
  9.51e-03s  0.00e+00d  [TransformClausesToExactlyOne] #num_amos=21'156 
  8.01e-03s  0.00e+00d  [DetectEncodedComplexDomains] 
  5.27e-03s  0.00e+00d  [FindAlmostIdenticalLinearConstraints] 
  2.86e-01s  1.00e+00d *[FindBigAtMostOneAndLinearOverlap] 
  5.97e-02s  1.00e+00d *[FindBigVerticalLinearOverlap] 
  1.37e-02s  5.27e-04d  [FindBigHorizontalLinearOverlap] #blocks=4 #saved_nz=12'945 #linears=8 
  4.33e-03s  0.00e+00d  [MergeClauses] 
  2.64e-02s  0.00e+00d  [DetectDominanceRelations] 
  1.15e-01s  0.00e+00d  [PresolveToFixPoint] #num_loops=2 #num_dual_strengthening=1 
  2.17e-02s  0.00e+00d  [DetectDominanceRelations] 
  9.83e-02s  0.00e+00d  [PresolveToFixPoint] #num_loops=1 #num_dual_strengthening=1 
  5.21e-03s  0.00e+00d  [DetectDuplicateColumns] 
  1.44e-02s  0.00e+00d  [DetectDuplicateConstraints] 
[Symmetry] Graph for symmetry has 189'110 nodes and 394'546 arcs.
[Symmetry] Symmetry computation done. time: 0.0792331 dtime: 0.0913524
[Symmetry] #generators: 3, average support size: 6970.67
[Symmetry] 6110 orbits on 16566 variables with sizes: 4,4,4,4,4,4,4,4,4,4,...
[Symmetry] Num fixable by binary propagation in orbit: 3 / 4
[Symmetry] Num fixable by intersecting at_most_one with orbits: 5 largest_orbit: 4
[Symmetry] Found orbitope of size 2173 x 2
[SAT presolve] num removable Booleans: 0 / 31'564
[SAT presolve] num trivial clauses: 0
[SAT presolve] [0s] clauses:21'151 literals:42'302 vars:24'751 one_side_vars:24284 simple_definition:0 singleton_clauses:0
[SAT presolve] [0.00141689s] clauses:21'151 literals:42'302 vars:24'751 one_side_vars:24284 simple_definition:0 singleton_clauses:0
[SAT presolve] [0.00236773s] clauses:21'151 literals:42'302 vars:24'751 one_side_vars:24284 simple_definition:0 singleton_clauses:0
  2.14e-02s  0.00e+00d  [DetectDuplicateConstraintsWithDifferentEnforcements] #without_enforcements=25'790 
  5.71e+01s  4.87e-01d  [Probe] #probed=63'120 
  1.64e-02s  1.03e-02d  [MaxClique] Merged 21'151 constraints with 42'302 literals into 4'067 constraints with 25'218 literals
  2.24e-02s  0.00e+00d  [DetectDominanceRelations] 
  1.02e-01s  0.00e+00d  [PresolveToFixPoint] #num_loops=1 #num_dual_strengthening=1 
  2.37e-02s  0.00e+00d  [ProcessAtMostOneAndLinear] 
  1.74e-02s  0.00e+00d  [DetectDuplicateConstraints] 
  2.11e-02s  0.00e+00d  [DetectDuplicateConstraintsWithDifferentEnforcements] #without_enforcements=25'785 
  9.48e-03s  1.33e-04d  [DetectDominatedLinearConstraints] #relevant_constraints=4'718 
  5.71e-03s  0.00e+00d  [DetectDifferentVariables] 
  1.73e-02s  4.07e-04d  [ProcessSetPPC] #relevant_constraints=10'319 #num_inclusions=4'067 
  6.83e-03s  0.00e+00d  [TransformClausesToExactlyOne] 
  8.71e-03s  0.00e+00d  [DetectEncodedComplexDomains] 
  5.79e-03s  0.00e+00d  [FindAlmostIdenticalLinearConstraints] 
  2.34e-01s  7.59e-01d  [FindBigAtMostOneAndLinearOverlap] 
  2.85e-02s  3.76e-01d  [FindBigVerticalLinearOverlap] 
  7.49e-03s  9.09e-04d  [FindBigHorizontalLinearOverlap] #blocks=2 #saved_nz=3'234 #linears=12 
  4.75e-03s  0.00e+00d  [MergeClauses] 
  2.18e-02s  0.00e+00d  [DetectDominanceRelations] 
  1.00e-01s  0.00e+00d  [PresolveToFixPoint] #num_loops=2 #num_dual_strengthening=1 
  2.25e-02s  0.00e+00d  [DetectDominanceRelations] 
  1.04e-01s  0.00e+00d  [PresolveToFixPoint] #num_loops=1 #num_dual_strengthening=1 
  5.74e-03s  0.00e+00d  [DetectDuplicateColumns] 
  1.33e-02s  0.00e+00d  [DetectDuplicateConstraints] 
[Symmetry] Graph for symmetry has 143'188 nodes and 303'038 arcs.
[Symmetry] Symmetry computation done. time: 0.0247766 dtime: 0.0496352
[Symmetry] #generators: 1, average support size: 4344
[Symmetry] 2172 orbits on 4344 variables with sizes: 2,2,2,2,2,2,2,2,2,2,...
[Symmetry] Num fixable by intersecting at_most_one with orbits: 1 largest_orbit: 2
  2.11e-02s  0.00e+00d  [DetectDuplicateConstraintsWithDifferentEnforcements] #without_enforcements=25'785 
  5.80e+01s  4.85e-01d  [Probe] #probed=63'118 
  3.60e-03s  0.00e+00d  [MaxClique] 
  2.31e-02s  0.00e+00d  [DetectDominanceRelations] 
  1.05e-01s  0.00e+00d  [PresolveToFixPoint] #num_loops=1 #num_dual_strengthening=1 
  2.33e-02s  0.00e+00d  [ProcessAtMostOneAndLinear] 
  1.53e-02s  0.00e+00d  [DetectDuplicateConstraints] 
  2.18e-02s  0.00e+00d  [DetectDuplicateConstraintsWithDifferentEnforcements] #without_enforcements=25'784 
  9.48e-03s  1.19e-04d  [DetectDominatedLinearConstraints] #relevant_constraints=4'720 
  5.65e-03s  0.00e+00d  [DetectDifferentVariables] 
  1.03e-02s  2.45e-04d  [ProcessSetPPC] #relevant_constraints=6'254 
  6.95e-03s  0.00e+00d  [TransformClausesToExactlyOne] 
  8.91e-03s  0.00e+00d  [DetectEncodedComplexDomains] 
  5.79e-03s  0.00e+00d  [FindAlmostIdenticalLinearConstraints] 
  1.56e-01s  4.96e-01d  [FindBigAtMostOneAndLinearOverlap] 
  2.38e-02s  2.45e-01d  [FindBigVerticalLinearOverlap] 
  6.19e-03s  1.82e-03d  [FindBigHorizontalLinearOverlap] #linears=14 
  5.21e-03s  0.00e+00d  [MergeClauses] 
  2.32e-02s  0.00e+00d  [DetectDominanceRelations] 
  1.02e-01s  0.00e+00d  [PresolveToFixPoint] #num_loops=1 #num_dual_strengthening=1 
  1.00e-01s  0.00e+00d  [MergeNoOverlap] 
  6.13e-03s  0.00e+00d  [MergeNoOverlap2D] 
  2.46e-02s  0.00e+00d  [ExpandObjective] #entries=532'133 #tight_variables=56'206 #tight_constraints=7'758 

Presolve summary:
  - 2063 affine relations were detected.
  - rule 'TODO dual: only one blocking constraint?' was applied 28 times.
  - rule 'TODO duplicate: skipped identical encoding constraints' was applied 3'132 times.
  - rule 'TODO interval: same interval with different enforcement?' was applied 157'195 times.
  - rule 'affine: new relation' was applied 2'063 times.
  - rule 'at_most_one: transformed into max clique' was applied 2 times.
  - rule 'deductions: 50660 stored' was applied 1 time.
  - rule 'deductions: reduced variable domain' was applied 1 time.
  - rule 'duplicate: removed constraint' was applied 518 times.
  - rule 'duplicate: removed enforced constraint' was applied 25'949 times.
  - rule 'encoding: candidate linear is all boolean now' was applied 518 times.
  - rule 'encoding: extracted from linear' was applied 2'030 times.
  - rule 'encoding: reduced target domain' was applied 2'030 times.
  - rule 'enforcement: false literal' was applied 75'003 times.
  - rule 'exactly_one: removed literals' was applied 416 times.
  - rule 'intervals: removed unused interval' was applied 2'477 times.
  - rule 'lin_max: removed exprs' was applied 3 times.
  - rule 'lin_max: target domain reduced' was applied 1 time.
  - rule 'linear matrix: common horizontal rectangle' was applied 6 times.
  - rule 'linear1: transformed to implication' was applied 14'616 times.
  - rule 'linear1: x in domain' was applied 2'319 times.
  - rule 'linear2: already known enforced relation' was applied 472'024 times.
  - rule 'linear: always true' was applied 4'051 times.
  - rule 'linear: divide by GCD' was applied 12'732 times.
  - rule 'linear: empty' was applied 8'825 times.
  - rule 'linear: enforcement literal in expression' was applied 2 times.
  - rule 'linear: extracted at most one (max)' was applied 518 times.
  - rule 'linear: fixed or dup variables' was applied 15'085 times.
  - rule 'linear: positive equal one' was applied 518 times.
  - rule 'linear: reduced variable domains' was applied 4'966 times.
  - rule 'linear: remapped using affine relations' was applied 124'512 times.
  - rule 'linear: simplified rhs' was applied 7'074 times.
  - rule 'new_bool: integer encoding' was applied 3'600 times.
  - rule 'no_overlap: removed absent intervals' was applied 20 times.
  - rule 'presolve: 3139 unused variables removed.' was applied 1 time.
  - rule 'presolve: iteration' was applied 3 times.
  - rule 'setppc: bool_or in at_most_one' was applied 8'652 times.
  - rule 'setppc: exactly_one included in linear' was applied 1 time.
  - rule 'setppc: reduced linear coefficients' was applied 1 time.
  - rule 'setppc: removed dominated constraints' was applied 1 time.
  - rule 'symmetry: fixed to false in general orbit' was applied 17 times.
  - rule 'variables with 2 values: new affine relation' was applied 468 times.
  - rule 'variables with 2 values: register other encoding' was applied 468 times.
  - rule 'variables: add encoding constraint' was applied 3'132 times.
  - rule 'variables: canonicalize affine domain' was applied 932 times.
  - rule 'variables: detect fully reified value encoding' was applied 432 times.
  - rule 'variables: detect half reified value encoding' was applied 37'856 times.

Presolved optimization model '': (model_fingerprint: 0xaeb45e290c2ec55f)
#Variables: 36'295 (#ints: 1 in objective) (30'048 primary variables)
  - 31'558 Booleans in [0,1]
  - 2'180 different domains in [-266666,266666] with a largest complexity of 3.
#kExactlyOne: 6'240 (#literals: 53'173)
#kInterval: 27'959 (#enforced: 27'959)
#kLinMax: 1 (#expressions: 131)
#kLinear1: 6'264 (#enforced: 6'264)
#kLinear2: 3'194
#kLinear3: 1'512
#kLinearN: 14 (#terms: 25'964)
#kNoOverlap: 8 (#intervals: 45'592, #optional: 45'592, #variable_sizes: 36'260)
[Symmetry] Graph for symmetry has 137'983 nodes and 303'028 arcs.
[Symmetry] Symmetry computation done. time: 0.020164 dtime: 0.046042

Preloading model.
#Bound 186.78s best:inf   next:[238014,266666] initial_domain
#Model 186.81s var:36295/36295 constraints:45192/45192

Starting search at 186.81s with 8 workers.
6 full problem subsolvers: [default_lp, fixed, max_lp, no_lp, quick_restart, reduced_costs]
2 first solution subsolvers: [fj, fs_random_no_lp]
13 interleaved subsolvers: [feasibility_pump, graph_arc_lns, graph_cst_lns, graph_dec_lns, graph_var_lns, ls, rins/rens, rnd_cst_lns, rnd_var_lns, scheduling_intervals_lns, scheduling_precedences_lns, scheduling_resource_windows_lns, scheduling_time_window_lns]
3 helper subsolvers: [neighborhood_helper, synchronization_agent, update_gap_integral]

#1     352.28s best:238887 next:[238014,238886] fixed
#2     371.24s best:238885 next:[238014,238884] graph_arc_lns (d=7.07e-01 s=1136 t=0.10 p=1.00 stall=0 h=base) [hint]
#3     373.44s best:238884 next:[238014,238883] scheduling_time_window_lns (d=7.07e-01 s=1138 t=0.10 p=1.00 stall=0 h=base)
#4     400.91s best:238883 next:[238014,238882] graph_var_lns (d=5.38e-01 s=1173 t=0.10 p=0.50 stall=0 h=base)
#5     447.17s best:238816 next:[238014,238815] scheduling_intervals_lns (d=1.24e-01 s=1305 t=0.10 p=0.00 stall=0 h=base)
#6     448.17s best:238815 next:[238014,238814] ls_restart_decay(batch:1 lin{mvs:59 evals:28'193} #w_updates:41 #perturb:0)
#ls    453.33s infeasible solution. Aborting.
#7     462.02s best:238814 next:[238014,238813] scheduling_intervals_lns (d=9.23e-02 s=1484 t=0.10 p=0.17 stall=0 h=base) [hint]
#8     466.44s best:238784 next:[238014,238783] scheduling_intervals_lns (d=6.82e-02 s=1506 t=0.10 p=0.14 stall=0 h=base)
#9     473.16s best:238779 next:[238014,238778] scheduling_intervals_lns (d=5.12e-02 s=1523 t=0.10 p=0.12 stall=0 h=base)
#10    499.65s best:238773 next:[238014,238772] scheduling_intervals_lns (d=6.73e-02 s=1569 t=0.10 p=0.22 stall=0 h=base)
#11    524.93s best:238771 next:[238014,238770] scheduling_intervals_lns (d=6.80e-02 s=1599 t=0.10 p=0.27 stall=0 h=base)
#12    541.60s best:238667 next:[238014,238666] fixed
#13    548.51s best:238659 next:[238014,238658] scheduling_intervals_lns (d=8.75e-02 s=1667 t=0.10 p=0.36 stall=0 h=base)
#14    560.00s best:238656 next:[238014,238655] graph_var_lns (d=5.48e-01 s=1684 t=0.10 p=0.50 stall=6 h=base)
#15    573.56s best:238639 next:[238014,238638] scheduling_intervals_lns (d=5.79e-02 s=1722 t=0.10 p=0.33 stall=3 h=base)
#16    579.25s best:238638 next:[238014,238637] scheduling_intervals_lns (d=4.73e-02 s=1738 t=0.10 p=0.32 stall=0 h=base)
#17    591.14s best:238637 next:[238014,238636] scheduling_intervals_lns (d=4.75e-02 s=1761 t=0.10 p=0.33 stall=1 h=base)
#18    611.15s best:238636 next:[238014,238635] scheduling_intervals_lns (d=4.74e-02 s=1786 t=0.10 p=0.35 stall=1 h=base)
#19    625.39s best:238628 next:[238014,238627] scheduling_intervals_lns (d=6.80e-02 s=1812 t=0.10 p=0.40 stall=1 h=base)
#20    628.18s best:238627 next:[238014,238626] scheduling_time_window_lns (d=1.00e+00 s=1824 t=0.10 p=1.00 stall=12 h=base)
#21    643.14s best:238624 next:[238014,238623] scheduling_intervals_lns (d=5.80e-02 s=1856 t=0.10 p=0.40 stall=3 h=base)
#22    643.63s best:238619 next:[238014,238618] scheduling_intervals_lns (d=5.80e-02 s=1857 t=0.10 p=0.40 stall=3 h=base)
#23    658.43s best:238615 next:[238014,238614] scheduling_resource_windows_lns (d=1.00e+00 s=1877 t=0.10 p=1.00 stall=15 h=stalling)
#24    667.98s best:238614 next:[238014,238613] scheduling_intervals_lns (d=9.28e-02 s=1949 t=0.10 p=0.46 stall=0 h=base) [hint]
#25    668.96s best:238607 next:[238014,238606] scheduling_time_window_lns (d=1.00e+00 s=1951 t=0.10 p=1.00 stall=0 h=base)
#26    700.19s best:238606 next:[238014,238605] graph_arc_lns (d=5.86e-01 s=2001 t=0.10 p=0.50 stall=1 h=base)
#27    719.74s best:238575 next:[238014,238574] scheduling_intervals_lns (d=5.21e-02 s=2043 t=0.10 p=0.42 stall=5 h=base)
#28    729.16s best:238574 next:[238014,238573] rnd_cst_lns (d=4.00e-01 s=2090 t=0.10 p=0.50 stall=0 h=base)
#29    732.84s best:238568 next:[238014,238567] scheduling_intervals_lns (d=5.22e-02 s=2099 t=0.10 p=0.42 stall=0 h=base)
#30    736.34s best:238564 next:[238014,238563] scheduling_intervals_lns (d=5.98e-02 s=2108 t=0.10 p=0.43 stall=0 h=base)
#31    744.48s best:238562 next:[238014,238561] graph_var_lns (d=4.94e-01 s=2125 t=0.10 p=0.49 stall=1 h=base)
#32    748.70s best:238522 next:[238014,238521] scheduling_intervals_lns (d=7.82e-02 s=2129 t=0.10 p=0.46 stall=0 h=base)
#33    751.32s best:238488 next:[238014,238487] scheduling_time_window_lns (d=1.00e+00 s=2136 t=0.10 p=1.00 stall=5 h=base)
#34    769.02s best:238487 next:[238014,238486] scheduling_intervals_lns (d=6.86e-02 s=2889 t=0.10 p=0.45 stall=2 h=base)
#35    769.11s best:238478 next:[238014,238477] scheduling_intervals_lns (d=6.86e-02 s=2888 t=0.10 p=0.45 stall=2 h=base)
#36    771.21s best:238448 next:[238014,238447] scheduling_resource_windows_lns (d=1.00e+00 s=2910 t=0.10 p=1.00 stall=10 h=base)
#37    779.89s best:238446 next:[238014,238445] scheduling_intervals_lns (d=5.31e-02 s=2951 t=0.10 p=0.43 stall=0 h=base)
#38    779.97s best:238432 next:[238014,238431] scheduling_intervals_lns (d=5.31e-02 s=2952 t=0.10 p=0.43 stall=0 h=base)
#39    787.26s best:238406 next:[238014,238405] scheduling_intervals_lns (d=6.83e-02 s=3006 t=0.10 p=0.45 stall=0 h=base)
#40    801.39s best:238402 next:[238014,238401] scheduling_time_window_lns (d=1.00e+00 s=3030 t=0.10 p=1.00 stall=10 h=base)
#41    818.74s best:238394 next:[238014,238393] scheduling_intervals_lns (d=6.05e-02 s=3084 t=0.10 p=0.45 stall=1 h=base)
#42    824.96s best:238389 next:[238014,238388] scheduling_intervals_lns (d=6.83e-02 s=3110 t=0.10 p=0.46 stall=0 h=base)
#43    833.05s best:238380 next:[238014,238379] scheduling_intervals_lns (d=7.70e-02 s=3180 t=0.10 p=0.47 stall=0 h=base)
#44    834.34s best:238378 next:[238014,238377] scheduling_resource_windows_lns (d=1.00e+00 s=3195 t=0.10 p=1.00 stall=0 h=base)
#45    840.96s best:238377 next:[238014,238376] scheduling_intervals_lns (d=7.71e-02 s=3229 t=0.10 p=0.47 stall=0 h=base)
#46    869.10s best:238375 next:[238014,238374] scheduling_intervals_lns (d=8.70e-02 s=3335 t=0.10 p=0.48 stall=0 h=base)
#47    884.63s best:238363 next:[238014,238362] scheduling_intervals_lns (d=1.09e-01 s=3385 t=0.10 p=0.49 stall=1 h=base)
#48    885.62s best:238349 next:[238014,238348] scheduling_time_window_lns (d=1.00e+00 s=3388 t=0.10 p=1.00 stall=10 h=base)

Task timing                                  n [     min,      max]      avg      dev     time         n [     min,      max]      avg      dev    dtime
                       'default_lp':         1 [  11.89m,   11.89m]   11.89m   0.00ns   11.89m         2 [515.99ms,   41.80s]   21.16s   20.64s   42.31s
                 'feasibility_pump':       977 [393.53us,   17.21s]  72.70ms    1.07s    1.18m        11 [ 18.92ms,    4.85s]    1.77s    1.94s   19.42s
                            'fixed':         1 [  11.89m,   11.89m]   11.89m   0.00ns   11.89m         2 [555.20ms,   43.86s]   22.21s   21.65s   44.42s
                               'fj':       566 [  2.25ms, 126.69ms]  35.21ms  34.34ms   19.93s       566 [101.24ms, 181.15ms] 113.06ms  16.42ms    1.07m
                  'fs_random_no_lp':         1 [   2.76m,    2.76m]    2.76m   0.00ns    2.76m         2 [489.64ms,    2.61s]    1.55s    1.06s    3.10s
                    'graph_arc_lns':        20 [ 53.58ms,   11.39s]    4.95s    4.16s    1.65m        16 [  2.45ms, 100.05ms]  61.24ms  42.63ms 979.79ms
                    'graph_cst_lns':       595 [  3.65ms, 697.62ms] 164.45ms 172.44ms    1.63m       347 [ 94.07us, 105.12ms]  55.88ms  48.87ms   19.39s
                    'graph_dec_lns':         6 [ 60.18ms,    1.23m]   22.95s   27.67s    2.30m         5 [  4.24ms, 100.00ms]  35.49ms  35.93ms 177.47ms
                    'graph_var_lns':        74 [ 34.83ms,    6.14s]    1.33s    1.31s    1.63m        72 [592.21us, 101.12ms]  62.73ms  43.73ms    4.52s
                               'ls':       104 [ 16.77ms, 217.53ms]  68.19ms  50.25ms    7.09s       104 [ 27.56ms,   57.90s]   13.82s   20.49s   23.96m
                           'max_lp':         1 [  11.89m,   11.89m]   11.89m   0.00ns   11.89m         2 [   1.04s,   11.07s]    6.06s    5.02s   12.12s
                            'no_lp':         1 [  11.89m,   11.89m]   11.89m   0.00ns   11.89m         2 [489.64ms,   41.61s]   21.05s   20.56s   42.10s
                    'quick_restart':         1 [  11.89m,   11.89m]   11.89m   0.00ns   11.89m         2 [513.46ms,   52.63s]   26.57s   26.06s   53.15s
                    'reduced_costs':         1 [  11.88m,   11.88m]   11.88m   0.00ns   11.88m         2 [553.05ms,    6.64s]    3.60s    3.04s    7.19s
                        'rins/rens':       540 [  3.12ms,    1.19m] 237.20ms    3.75s    2.13m         6 [254.25us, 100.57ms]  20.52ms  36.44ms 123.13ms
                      'rnd_cst_lns':       249 [  3.19ms,    1.69s] 394.45ms 307.41ms    1.64m       201 [149.20us, 105.82ms]  58.49ms  46.34ms   11.76s
                      'rnd_var_lns':         8 [209.59ms,   28.41s]   13.52s   10.46s    1.80m         8 [  1.32ms, 100.01ms]  28.33ms  30.37ms 226.64ms
         'scheduling_intervals_lns':        71 [818.11ms,    4.78s]    1.39s 492.65ms    1.64m        71 [  1.19ms, 100.77ms]  78.24ms  29.19ms    5.55s
       'scheduling_precedences_lns':        12 [   5.25s,   15.03s]    8.15s    3.19s    1.63m        12 [100.01ms, 100.45ms] 100.14ms 117.82us    1.20s
  'scheduling_resource_windows_lns':        94 [129.16ms,    5.90s]    1.08s    1.10s    1.70m        76 [  6.32ms,  37.11ms]   9.44ms   4.72ms 717.73ms
       'scheduling_time_window_lns':       103 [123.88ms,    6.09s] 948.80ms 928.47ms    1.63m        79 [  7.04ms,  30.18ms]   9.68ms   4.11ms 764.38ms

Search stats           Bools  Conflicts  Branches  Restarts  BacktrackToRoot  Backtrack  BoolPropag  IntegerPropag
       'default_lp':  31'558        543   411'367         2          203'919    218'286   1'739'479     16'013'631
            'fixed':  39'059          0   515'891         0          278'823    312'361   2'263'625     22'190'301
  'fs_random_no_lp':  31'558         50   227'428         1          134'225    141'187     995'795      9'109'227
           'max_lp':  31'558         52    67'324         1           63'117     63'169     467'302      4'144'021
            'no_lp':  31'558      7'646   429'646         2          204'159    225'653   2'210'102     17'435'200
    'quick_restart':  31'558         41   625'287         4          330'533    358'278   2'491'572     22'973'111
    'reduced_costs':  31'559        117   247'998         2          137'008    144'037   1'046'374      9'733'466

SAT formula           Fixed  Equiv   Total  VarLeft  BinaryClauses  PermanentClauses  TemporaryClauses
       'default_lp':      0      0  31'558   31'558         11'338             5'013               487
            'fixed':    107      0  39'059   38'952         45'420             5'524                 0
  'fs_random_no_lp':      0      0  31'558   31'558         11'306             5'165                50
           'max_lp':      0      0  31'558   31'558         11'414             4'155                51
            'no_lp':      0      0  31'558   31'558         11'414             5'145             7'092
    'quick_restart':      0      0  31'558   31'558         11'414             4'796                39
    'reduced_costs':      0      0  31'559   31'559         11'550             5'661               113

SAT stats             ClassicMinim  LitRemoved  LitRemovedBinary  LitLearned  LitForgotten  Subsumed
       'default_lp':            70         122             6'477      89'487             0        53
            'fixed':             0           0                 0           0             0         0
  'fs_random_no_lp':            12          42                 8       9'143             0         0
           'max_lp':            39          81               625      22'122             0         1
            'no_lp':         6'729     114'937            91'276     656'690             0       534
    'quick_restart':            10          15             2'985      15'245             0         2
    'reduced_costs':           112       3'227            16'567      85'819             0         3

Vivification          Clauses  Decisions  LitTrue  Subsumed  LitRemoved  DecisionReused  Conflicts
       'default_lp':   28'393    174'874        0     4'773      34'648               0          0
            'fixed':   40'242    226'889        0     4'623      37'640               0          0
  'fs_random_no_lp':   14'904     95'489        0     3'417      26'676               0          0
           'max_lp':        0          0        0         0           0               0          0
            'no_lp':   28'661    176'046        0     4'613      33'860               0          0
    'quick_restart':   42'653    266'775        0     5'036      36'995               0          0
    'reduced_costs':   17'686    105'928        0     4'097      30'440               0          0

Clause deletion       at_true  l_and_not(l)  to_binary  sub_conflict  sub_extra  sub_decisions  sub_eager  sub_vivify  sub_probing  sub_inpro  blocked  eliminated  forgotten  promoted  conflicts
       'default_lp':        0             0          0             2          0              0         51       4'773            0        633        0           0          0       737        543
            'fixed':        0             0          0             0          0              0          0       4'623            0        271        0           0          0         0          0
  'fs_random_no_lp':        0             0          0             0          0              0          0       3'417            0        917        0           0          0       115         50
           'max_lp':        0             0          0             0          0              0          1           0            0      3'137        0           0          0       102         52
            'no_lp':        0             0          0           500          4              0         34       4'613            0        674        0           0          0    22'516      7'646
    'quick_restart':        0             0          0             0          0              0          2       5'036            0        590        0           0          0        65         41
    'reduced_costs':        0             0          0             3          0              0          0       4'097            0        668        0           0          0       140        117

Lp stats            Component  Iterations  AddedCuts  OPTIMAL  DUAL_F.  DUAL_U.
     'default_lp':         21      45'605     18'442    4'789       14        0
          'fixed':         21      72'634     19'480    9'262        4        0
         'max_lp':          1       9'936        115      837      636        0
  'quick_restart':         21      69'727     31'184    9'130        8        0
  'reduced_costs':          1      27'045      3'125      147    2'021       87

Lp dimension              Final dimension of first component
     'default_lp':   6970 rows, 31006 columns, 64001 entries
          'fixed':   9638 rows, 34139 columns, 60971 entries
         'max_lp':  10291 rows, 36295 columns, 75703 entries
  'quick_restart':   6514 rows, 31006 columns, 52697 entries
  'reduced_costs':   8096 rows, 36295 columns, 56153 entries

Lp debug            CutPropag  CutEqPropag  Adjust  Overflow     Bad  BadScaling
     'default_lp':          0            0       0         0   4'968           0
          'fixed':          0            0       0         0   2'250           0
         'max_lp':          0            0       0         0     864           0
  'quick_restart':          0            0       0         0  23'592           0
  'reduced_costs':          0            0      87         0   1'259           0

Lp pool             Constraints  Updates  Simplif  Merged  Shortened  Split  Strengthened      Cuts/Call
     'default_lp':       20'252        0       30     144          0      0             0  18'442/21'716
          'fixed':       24'411        2       95   1'244          0      0             4  19'480/24'075
         'max_lp':       16'304        0        0   1'174          0      0             0        115/141
  'quick_restart':       19'958        4       48     180          0      1             0  31'184/38'655
  'reduced_costs':       19'314        0        0   1'174          0      0             0    3'125/5'620

Lp Cut                              default_lp  reduced_costs   fixed  max_lp  quick_restart
                            CG_FF:          12              4       5       -             46
                             CG_K:           2              1       8       -              1
                            CG_KL:           -              2       -       -              -
                             CG_R:           9              3       2      11             28
                            CG_RB:           4              1      22       8             36
                           CG_RBP:           1              6      14       3              -
                           Clique:           -              1       -       -              -
                               IB:      18'289          3'018  19'356      50         30'378
                         MIR_1_FF:           2              -       4       -             81
                          MIR_1_K:           -             20       2       -              1
                          MIR_1_R:           -              -       -       -              1
                         MIR_1_RB:           -              1       1       -             28
                        MIR_1_RLT:           -              2       -       -              -
                         MIR_2_FF:          11             16       8       2             85
                          MIR_2_K:           -              -       5       2              1
                         MIR_2_KL:           -              -       1       -              -
                          MIR_2_R:           -              -       5       2              -
                         MIR_2_RB:           -              1       4       -             35
                         MIR_3_FF:           6              1       4       4             20
                          MIR_3_K:           4              1       4       4              -
                         MIR_3_KL:           -              -       2       -              -
                          MIR_3_R:           6              3       4       4              8
                         MIR_3_RB:           -              -       2       -             30
                         MIR_4_FF:           7              1       2       2              7
                          MIR_4_K:           5              -       2       2              -
                          MIR_4_R:          14              -       2       2              1
                         MIR_4_RB:           -              -       3       -             26
                         MIR_5_FF:           -              -       3       3              2
                          MIR_5_K:           -              -       2       3              -
                         MIR_5_KL:           -              -       1       -              -
                          MIR_5_R:           1              1       3       3              1
                         MIR_5_RB:           1              -       1       -             29
                         MIR_6_FF:           -              3       -       -              7
                          MIR_6_K:           -              1       -       -              -
                          MIR_6_R:           -              1       -       -              -
                         MIR_6_RB:           -              1       1       -             14
  NoOverlapEnergy_lifted_optional:           -             10       -      10              -
                     ZERO_HALF_FF:           2              9       2       -             57
                      ZERO_HALF_K:           -              -       -       -             15
                     ZERO_HALF_KL:           -              7       -       -              -
                      ZERO_HALF_R:          42              7       3       -            155
                     ZERO_HALF_RB:          24              -       1       -             83
                    ZERO_HALF_RBP:           -              3       1       -              8

LNS stats                             Improv/Calls  Closed  Difficulty  TimeLimit
                    'graph_arc_lns':         10/18     50%    6.17e-01       0.10
                    'graph_cst_lns':       213/366     50%    2.88e-01       0.10
                    'graph_dec_lns':           3/6     83%    9.13e-01       0.10
                    'graph_var_lns':         37/74     50%    5.62e-01       0.10
                        'rins/rens':         12/12     92%    9.86e-01       0.10
                      'rnd_cst_lns':       120/210     50%    4.95e-01       0.10
                      'rnd_var_lns':           1/8     88%    9.57e-01       0.10
         'scheduling_intervals_lns':         46/71     48%    8.72e-02       0.10
       'scheduling_precedences_lns':         12/12      0%    8.66e-03       0.10
  'scheduling_resource_windows_lns':         23/94    100%    1.00e+00       0.10
       'scheduling_time_window_lns':        32/103    100%    1.00e+00       0.10

LS stats                                    Batches  Restarts/Perturbs  LinMoves  GenMoves  CompoundMoves  Bactracks  WeightUpdates  ScoreComputed
                             'fj_restart':       23                 12     8'372         0              0          0              4      1'128'836
                    'fj_restart_compound':       27                 15         0       602            595          0              0          8'726
                'fj_restart_compound_obj':       31                  8         0       435            432          0              0          8'441
            'fj_restart_compound_perturb':       19                 13         0       113            105          0              0          4'267
        'fj_restart_compound_perturb_obj':       38                 18         0       188            184          0              0          8'116
                       'fj_restart_decay':       30                 12    10'797         0              0          0              5      3'172'634
              'fj_restart_decay_compound':       51                 12         0       685            682          0              0         13'938
          'fj_restart_decay_compound_obj':       48                 11         0       680            674          0              0         13'210
      'fj_restart_decay_compound_perturb':       33                 12         0       210            206          0              0          7'733
  'fj_restart_decay_compound_perturb_obj':       58                 13         0       329            327          0              0         13'466
                   'fj_restart_decay_obj':       58                 11    21'216         0              0          0             13      8'308'022
               'fj_restart_decay_perturb':       19                 12     5'984         0              0          0              0        222'483
           'fj_restart_decay_perturb_obj':       22                 10     8'247         0              0          0              0        720'580
                         'fj_restart_obj':       47                 17    18'390         0              0          0             14      4'637'693
                     'fj_restart_perturb':       35                 12    13'824         0              0          0              8      3'122'560
                 'fj_restart_perturb_obj':       27                  7     9'708         0              0          0              6      2'679'408
                             'ls_restart':       11                  6     1'699         3              0          0          1'665        633'096
                    'ls_restart_compound':       15                  8         0        28              0         13              2        117'736
            'ls_restart_compound_perturb':        9                  8         0        18              0          9              0         32'555
                       'ls_restart_decay':       18                 13     2'089        11              0          0          1'281      1'397'450
              'ls_restart_decay_compound':        9                  9         0        17              0          8              0         84'556
      'ls_restart_decay_compound_perturb':       11                 10         0        22              0         11              0         39'607
               'ls_restart_decay_perturb':       21                 14     3'335        12              0          0          1'775      1'356'906
                     'ls_restart_perturb':       10                  8     2'132         1              0          0          2'102        386'214

Solutions (48)                        Num     Rank
                            'fixed':    4   [0,12]
                    'graph_arc_lns':    4   [1,26]
                    'graph_var_lns':    6   [3,31]
                 'ls_restart_decay':    2    [5,6]
                      'rnd_cst_lns':    2  [27,28]
         'scheduling_intervals_lns':   60   [4,47]
  'scheduling_resource_windows_lns':    6  [22,44]
       'scheduling_time_window_lns':   12   [2,48]

Objective bounds     Num
  'initial_domain':    1

Solution repositories    Added  Queried  Synchro
    'alternative_path':      2       38        2
      'best_solutions':    609    1'270      365
   'fj solution hints':    187        0      187
        'lp solutions':    200      540      174
                'pump':      0        0

Improving bounds shared      Num  Sym
            'default_lp':    810    0
                 'fixed':  2'430    0
                 'no_lp':    810    0
         'quick_restart':  2'430    0
         'reduced_costs':    810    0

Clauses shared        #Exported  #Imported  #BinaryRead  #BinaryTotal
       'default_lp':         18          0           16            54
            'fixed':          0          2           54            54
  'fs_random_no_lp':          0          0            0            54
           'max_lp':          0         13           54            54
            'no_lp':         15          0           54            54
    'quick_restart':         38          7           54            54
    'reduced_costs':          0         13           54            54

LRAT_status: NA
CpSolverResponse summary:
status: FEASIBLE
objective: 238349
best_bound: 238014
integers: 31746
booleans: 31558
conflicts: 50
branches: 227428
propagations: 995795
integer_propagations: 9109227
restarts: 1
lp_iterations: 0
walltime: 900.107
usertime: 900.107
deterministic_time: 1776.25
gap_integral: 12066.8
solution_fingerprint: 0x3654548c405816c5

cpsat status=FEASIBLE wall=900.1s
  cpsat: status=FEASIBLE objective=238.35 ms bound=238.01 ms wall=900.1s
  Makespan: 238.35 ms
  Periodic 'yolov8_nano_64x96': the schedule runs to 238 ms, which would take 22 instances, but the workload asks for 18 — keeping 18
  Periodic 'yolov8_nano_64x96': period=11ms current=18 needed=18
  Periodic 'fused_full': the schedule runs to 238 ms, which would take 22 instances, but the workload asks for 18 — keeping 18
  Periodic 'fused_full': period=11ms current=18 needed=18
  Periodic 'mlp_control': the schedule runs to 238 ms, which would take 24 instances, but the workload asks for 20 — keeping 20
  Periodic 'mlp_control': period=10ms current=20 needed=20
  All periodic counts cover makespan — converged.

Final greedy makespan: 238.35 ms (after 1 iteration)
  cpsat: makespan=238.35 ms (all ops 238.35 ms), periodic window misses=0, converged

Scheduling completed!
Makespan (all operations): 238.35 ms

Combination assignments:
  1xCPU_P: 991 operations
  1xCPU_P: 991 operations
  1xCPU_P: 991 operations
  1xCPU_P: 991 operations
  2xCPU_P: 115 operations
  2xCPU_P: 115 operations
  4xCPU_P: 25 operations
  1xCPU_E: 934 operations
  1xCPU_E: 934 operations
  1xCPU_E: 934 operations
  1xCPU_E: 934 operations
  2xCPU_E: 103 operations
  2xCPU_E: 103 operations
  4xCPU_E: 6 operations

Per-network combination assignments:
  Yolov8_nano_64x960: 1xCPU_P=32, 1xCPU_P=32, 1xCPU_P=32, 1xCPU_P=32, 2xCPU_P=8, 2xCPU_P=8, 4xCPU_P=10, 1xCPU_E=34, 1xCPU_E=34, 1xCPU_E=34, 1xCPU_E=34, 2xCPU_E=13, 2xCPU_E=13, 4xCPU_E=1
  Fused_full0: 1xCPU_P=9, 1xCPU_P=9, 1xCPU_P=9, 1xCPU_P=9, 1xCPU_E=6, 1xCPU_E=6, 1xCPU_E=6, 1xCPU_E=6
  Mlp_control0: 1xCPU_P=5, 1xCPU_P=5, 1xCPU_P=5, 1xCPU_P=5, 1xCPU_E=2, 1xCPU_E=2, 1xCPU_E=2, 1xCPU_E=2
  Yolov8_nano_64x961: 1xCPU_P=41, 1xCPU_P=41, 1xCPU_P=41, 1xCPU_P=41, 2xCPU_P=6, 2xCPU_P=6, 4xCPU_P=1, 1xCPU_E=47, 1xCPU_E=47, 1xCPU_E=47, 1xCPU_E=47, 2xCPU_E=3, 2xCPU_E=3
  Yolov8_nano_64x962: 1xCPU_P=43, 1xCPU_P=43, 1xCPU_P=43, 1xCPU_P=43, 2xCPU_P=4, 2xCPU_P=4, 1xCPU_E=40, 1xCPU_E=40, 1xCPU_E=40, 1xCPU_E=40, 2xCPU_E=11, 2xCPU_E=11
  Yolov8_nano_64x963: 1xCPU_P=55, 1xCPU_P=55, 1xCPU_P=55, 1xCPU_P=55, 2xCPU_P=6, 2xCPU_P=6, 1xCPU_E=32, 1xCPU_E=32, 1xCPU_E=32, 1xCPU_E=32, 2xCPU_E=5, 2xCPU_E=5
  Yolov8_nano_64x964: 1xCPU_P=56, 1xCPU_P=56, 1xCPU_P=56, 1xCPU_P=56, 2xCPU_P=4, 2xCPU_P=4, 1xCPU_E=36, 1xCPU_E=36, 1xCPU_E=36, 1xCPU_E=36, 2xCPU_E=2, 2xCPU_E=2
  Yolov8_nano_64x965: 1xCPU_P=46, 1xCPU_P=46, 1xCPU_P=46, 1xCPU_P=46, 2xCPU_P=3, 2xCPU_P=3, 1xCPU_E=44, 1xCPU_E=44, 1xCPU_E=44, 1xCPU_E=44, 2xCPU_E=5, 2xCPU_E=5
  Yolov8_nano_64x966: 1xCPU_P=43, 1xCPU_P=43, 1xCPU_P=43, 1xCPU_P=43, 2xCPU_P=5, 2xCPU_P=5, 1xCPU_E=46, 1xCPU_E=46, 1xCPU_E=46, 1xCPU_E=46, 2xCPU_E=4, 2xCPU_E=4
  Yolov8_nano_64x967: 1xCPU_P=57, 1xCPU_P=57, 1xCPU_P=57, 1xCPU_P=57, 2xCPU_P=5, 2xCPU_P=5, 1xCPU_E=34, 1xCPU_E=34, 1xCPU_E=34, 1xCPU_E=34, 2xCPU_E=2, 2xCPU_E=2
  Yolov8_nano_64x968: 1xCPU_P=48, 1xCPU_P=48, 1xCPU_P=48, 1xCPU_P=48, 2xCPU_P=6, 2xCPU_P=6, 4xCPU_P=1, 1xCPU_E=39, 1xCPU_E=39, 1xCPU_E=39, 1xCPU_E=39, 2xCPU_E=4, 2xCPU_E=4
  Yolov8_nano_64x969: 1xCPU_P=54, 1xCPU_P=54, 1xCPU_P=54, 1xCPU_P=54, 2xCPU_P=19, 2xCPU_P=19, 1xCPU_E=24, 1xCPU_E=24, 1xCPU_E=24, 1xCPU_E=24, 2xCPU_E=1, 2xCPU_E=1
  Yolov8_nano_64x9610: 1xCPU_P=47, 1xCPU_P=47, 1xCPU_P=47, 1xCPU_P=47, 2xCPU_P=1, 2xCPU_P=1, 1xCPU_E=48, 1xCPU_E=48, 1xCPU_E=48, 1xCPU_E=48, 2xCPU_E=2, 2xCPU_E=2
  Yolov8_nano_64x9611: 1xCPU_P=41, 1xCPU_P=41, 1xCPU_P=41, 1xCPU_P=41, 2xCPU_P=1, 2xCPU_P=1, 1xCPU_E=53, 1xCPU_E=53, 1xCPU_E=53, 1xCPU_E=53, 2xCPU_E=3, 2xCPU_E=3
  Yolov8_nano_64x9612: 1xCPU_P=45, 1xCPU_P=45, 1xCPU_P=45, 1xCPU_P=45, 2xCPU_P=6, 2xCPU_P=6, 1xCPU_E=37, 1xCPU_E=37, 1xCPU_E=37, 1xCPU_E=37, 2xCPU_E=10, 2xCPU_E=10
  Yolov8_nano_64x9613: 1xCPU_P=44, 1xCPU_P=44, 1xCPU_P=44, 1xCPU_P=44, 2xCPU_P=3, 2xCPU_P=3, 1xCPU_E=47, 1xCPU_E=47, 1xCPU_E=47, 1xCPU_E=47, 2xCPU_E=4, 2xCPU_E=4
  Yolov8_nano_64x9614: 1xCPU_P=40, 1xCPU_P=40, 1xCPU_P=40, 1xCPU_P=40, 2xCPU_P=5, 2xCPU_P=5, 1xCPU_E=47, 1xCPU_E=47, 1xCPU_E=47, 1xCPU_E=47, 2xCPU_E=6, 2xCPU_E=6
  Yolov8_nano_64x9615: 1xCPU_P=40, 1xCPU_P=40, 1xCPU_P=40, 1xCPU_P=40, 2xCPU_P=13, 2xCPU_P=13, 4xCPU_P=1, 1xCPU_E=40, 1xCPU_E=40, 1xCPU_E=40, 1xCPU_E=40, 2xCPU_E=4, 2xCPU_E=4
  Yolov8_nano_64x9616: 1xCPU_P=29, 1xCPU_P=29, 1xCPU_P=29, 1xCPU_P=29, 2xCPU_P=8, 2xCPU_P=8, 4xCPU_P=4, 1xCPU_E=46, 1xCPU_E=46, 1xCPU_E=46, 1xCPU_E=46, 2xCPU_E=11, 2xCPU_E=11
  Yolov8_nano_64x9617: 1xCPU_P=30, 1xCPU_P=30, 1xCPU_P=30, 1xCPU_P=30, 2xCPU_P=12, 2xCPU_P=12, 4xCPU_P=8, 1xCPU_E=30, 1xCPU_E=30, 1xCPU_E=30, 1xCPU_E=30, 2xCPU_E=13, 2xCPU_E=13, 4xCPU_E=5
  Fused_full1: 1xCPU_P=1, 1xCPU_P=1, 1xCPU_P=1, 1xCPU_P=1, 1xCPU_E=14, 1xCPU_E=14, 1xCPU_E=14, 1xCPU_E=14
  Fused_full2: 1xCPU_P=10, 1xCPU_P=10, 1xCPU_P=10, 1xCPU_P=10, 1xCPU_E=5, 1xCPU_E=5, 1xCPU_E=5, 1xCPU_E=5
  Fused_full3: 1xCPU_P=7, 1xCPU_P=7, 1xCPU_P=7, 1xCPU_P=7, 1xCPU_E=8, 1xCPU_E=8, 1xCPU_E=8, 1xCPU_E=8
  Fused_full4: 1xCPU_P=3, 1xCPU_P=3, 1xCPU_P=3, 1xCPU_P=3, 1xCPU_E=12, 1xCPU_E=12, 1xCPU_E=12, 1xCPU_E=12
  Fused_full5: 1xCPU_P=8, 1xCPU_P=8, 1xCPU_P=8, 1xCPU_P=8, 1xCPU_E=7, 1xCPU_E=7, 1xCPU_E=7, 1xCPU_E=7
  Fused_full6: 1xCPU_P=5, 1xCPU_P=5, 1xCPU_P=5, 1xCPU_P=5, 1xCPU_E=10, 1xCPU_E=10, 1xCPU_E=10, 1xCPU_E=10
  Fused_full7: 1xCPU_P=10, 1xCPU_P=10, 1xCPU_P=10, 1xCPU_P=10, 1xCPU_E=5, 1xCPU_E=5, 1xCPU_E=5, 1xCPU_E=5
  Fused_full8: 1xCPU_P=8, 1xCPU_P=8, 1xCPU_P=8, 1xCPU_P=8, 1xCPU_E=7, 1xCPU_E=7, 1xCPU_E=7, 1xCPU_E=7
  Fused_full9: 1xCPU_P=4, 1xCPU_P=4, 1xCPU_P=4, 1xCPU_P=4, 1xCPU_E=11, 1xCPU_E=11, 1xCPU_E=11, 1xCPU_E=11
  Fused_full10: 1xCPU_P=5, 1xCPU_P=5, 1xCPU_P=5, 1xCPU_P=5, 1xCPU_E=10, 1xCPU_E=10, 1xCPU_E=10, 1xCPU_E=10
  Fused_full11: 1xCPU_P=8, 1xCPU_P=8, 1xCPU_P=8, 1xCPU_P=8, 1xCPU_E=7, 1xCPU_E=7, 1xCPU_E=7, 1xCPU_E=7
  Fused_full12: 1xCPU_P=8, 1xCPU_P=8, 1xCPU_P=8, 1xCPU_P=8, 1xCPU_E=7, 1xCPU_E=7, 1xCPU_E=7, 1xCPU_E=7
  Fused_full13: 1xCPU_P=13, 1xCPU_P=13, 1xCPU_P=13, 1xCPU_P=13, 1xCPU_E=2, 1xCPU_E=2, 1xCPU_E=2, 1xCPU_E=2
  Fused_full14: 1xCPU_P=10, 1xCPU_P=10, 1xCPU_P=10, 1xCPU_P=10, 1xCPU_E=5, 1xCPU_E=5, 1xCPU_E=5, 1xCPU_E=5
  Fused_full15: 1xCPU_P=8, 1xCPU_P=8, 1xCPU_P=8, 1xCPU_P=8, 1xCPU_E=7, 1xCPU_E=7, 1xCPU_E=7, 1xCPU_E=7
  Fused_full16: 1xCPU_P=10, 1xCPU_P=10, 1xCPU_P=10, 1xCPU_P=10, 1xCPU_E=5, 1xCPU_E=5, 1xCPU_E=5, 1xCPU_E=5
  Fused_full17: 1xCPU_P=10, 1xCPU_P=10, 1xCPU_P=10, 1xCPU_P=10, 1xCPU_E=5, 1xCPU_E=5, 1xCPU_E=5, 1xCPU_E=5
  Mlp_control1: 1xCPU_P=2, 1xCPU_P=2, 1xCPU_P=2, 1xCPU_P=2, 1xCPU_E=5, 1xCPU_E=5, 1xCPU_E=5, 1xCPU_E=5
  Mlp_control2: 1xCPU_E=7, 1xCPU_E=7, 1xCPU_E=7, 1xCPU_E=7
  Mlp_control3: 1xCPU_E=7, 1xCPU_E=7, 1xCPU_E=7, 1xCPU_E=7
  Mlp_control4: 1xCPU_E=7, 1xCPU_E=7, 1xCPU_E=7, 1xCPU_E=7
  Mlp_control5: 1xCPU_P=4, 1xCPU_P=4, 1xCPU_P=4, 1xCPU_P=4, 1xCPU_E=3, 1xCPU_E=3, 1xCPU_E=3, 1xCPU_E=3
  Mlp_control6: 1xCPU_P=7, 1xCPU_P=7, 1xCPU_P=7, 1xCPU_P=7
  Mlp_control7: 1xCPU_P=7, 1xCPU_P=7, 1xCPU_P=7, 1xCPU_P=7
  Mlp_control8: 1xCPU_P=7, 1xCPU_P=7, 1xCPU_P=7, 1xCPU_P=7
  Mlp_control9: 1xCPU_P=2, 1xCPU_P=2, 1xCPU_P=2, 1xCPU_P=2, 1xCPU_E=5, 1xCPU_E=5, 1xCPU_E=5, 1xCPU_E=5
  Mlp_control10: 1xCPU_P=1, 1xCPU_P=1, 1xCPU_P=1, 1xCPU_P=1, 1xCPU_E=6, 1xCPU_E=6, 1xCPU_E=6, 1xCPU_E=6
  Mlp_control11: 1xCPU_P=7, 1xCPU_P=7, 1xCPU_P=7, 1xCPU_P=7
  Mlp_control12: 1xCPU_P=4, 1xCPU_P=4, 1xCPU_P=4, 1xCPU_P=4, 1xCPU_E=3, 1xCPU_E=3, 1xCPU_E=3, 1xCPU_E=3
  Mlp_control13: 1xCPU_E=7, 1xCPU_E=7, 1xCPU_E=7, 1xCPU_E=7
  Mlp_control14: 1xCPU_E=7, 1xCPU_E=7, 1xCPU_E=7, 1xCPU_E=7
  Mlp_control15: 1xCPU_E=7, 1xCPU_E=7, 1xCPU_E=7, 1xCPU_E=7
  Mlp_control16: 1xCPU_P=7, 1xCPU_P=7, 1xCPU_P=7, 1xCPU_P=7
  Mlp_control17: 1xCPU_P=7, 1xCPU_P=7, 1xCPU_P=7, 1xCPU_P=7
  Mlp_control18: 1xCPU_E=7, 1xCPU_E=7, 1xCPU_E=7, 1xCPU_E=7
  Mlp_control19: 1xCPU_P=3, 1xCPU_P=3, 1xCPU_P=3, 1xCPU_P=3, 1xCPU_E=4, 1xCPU_E=4, 1xCPU_E=4, 1xCPU_E=4
Job 'yolov8_nano_64x960' (job_id=0, color_index=0) -> color RGB=[0.98745098 0.54117647 0.41568627]
DEBUG TRANSFER: alpha_shape=(2174, 14), num_actual_machines=8, len(machines)=8, alpha_cols=14, is_using_combos=True, prev_machine=0, machine=6, transfer_times_shape=(8, 8), machine_combinations=True
DEBUG IMMEDIATE: op=62, job_id=0, lookup=0, op_color_index=0, base_colors[0]=(np.float64(0.9874509803921568), np.float64(0.5411764705882353), np.float64(0.41568627450980394))
DEBUG AFTER MODULO: op=62, original=0, after_modulo=0, len(base_colors)=56
DEBUG BEFORE LEGEND: op=62, op_color_index=0, original=0, job_index=0, legend_key=kind_yolov8_nano_64x, in_legend=True
DEBUG IMMEDIATE: op=63, job_id=0, lookup=0, op_color_index=0, base_colors[0]=(np.float64(0.9874509803921568), np.float64(0.5411764705882353), np.float64(0.41568627450980394))
DEBUG AFTER MODULO: op=63, original=0, after_modulo=0, len(base_colors)=56
DEBUG BEFORE LEGEND: op=63, op_color_index=0, original=0, job_index=0, legend_key=kind_yolov8_nano_64x, in_legend=True
DEBUG IMMEDIATE: op=64, job_id=0, lookup=0, op_color_index=0, base_colors[0]=(np.float64(0.9874509803921568), np.float64(0.5411764705882353), np.float64(0.41568627450980394))
DEBUG AFTER MODULO: op=64, original=0, after_modulo=0, len(base_colors)=56
DEBUG BEFORE LEGEND: op=64, op_color_index=0, original=0, job_index=0, legend_key=kind_yolov8_nano_64x, in_legend=True
Job 'fused_full0' (job_id=1, color_index=1) -> color RGB=[0.59607843 0.8345098  0.57882353]
Job 'mlp_control0' (job_id=2, color_index=2) -> color RGB=[0.71372549 0.71372549 0.84705882]
Saving plot to plots/wh_chain90_solve_h200_cpsat_profiled.png...

Plot saved to plots/wh_chain90_solve_h200_cpsat_profiled.png

Outputting scheduled JSON...
  pdb_hash = sha256:a7f1f6372d908d9a... over 5 CSV(s)

Scheduled JSON saved to: schedules/scheduled_wh_chain90_solve_h200_cpsat_profiled.json
Metrics written to: schedules/scheduled_wh_chain90_solve_h200_cpsat_profiled_metrics.json
  makespan_us=238.35  op_deadline_miss=0 (dispatches, NOT instances)  cross_dev=1422  solver_s=902.811
Scheduler report written to: schedules/scheduled_wh_chain90_solve_h200_cpsat_profiled_report.json
