--board-calibration: loaded /scratch/agustin/xpurt-dev-sync/results/codesign_feedback/k1_board_calibration_yolo110.json (aggregate x1.261)
============================================================
Loading network hierarchy from JSON...
============================================================

Loading networks from: /scratch/agustin/xpurt-dev-sync/data/toplevel/wh_chain45_w15p.json

Found 3 networks:
  - yolov8_nano_64x96 (id: 0, identifier: yolov8_nano_64x96)
  - fused_full (id: 1, identifier: fused_full)
  - mlp_control (id: 2, identifier: mlp_control)

Found 2 network-level dependencies:
  - yolov8_nano_64x96 → fused_full
  - fused_full → mlp_control

Resolved runtime configuration:
  Machine core counts: {'CPU_P': 4, 'CPU_E': 4}
  Profile HW mapping: CPU_P->rvv_x60, CPU_E->rvv_x60
  Profile target/topology: target=spacemit_x60, topo_tag=topo_0_1_2_3
  p_core_speedup: 1.0
  random_seed: 42
  solver_verbosity: 0
  time_limit: 600
  use_profiled: True
  prune_periodic: True
  restrict_makespan_to_nonperiodic: False
  cvxpy_solver (milp only): MOSEK
  machine_combination_mode: shard
  enforce_same_processor_combinations: True

Using profiled runtimes where available...
  (warning) 8 dispatch(es) were costed 0.0 because a profile that EXISTS has no row for them. Either they are ops the codegen drops (the yolo chunk2_c1 case) or the CSV is short and unmeasured work is being scheduled as instantaneous.
  - yolov8_nano_64x96/dispatch_3(id=3) costed 0.0 (first seen on rvv_x60/topo_0): no row in an otherwise-present profile; op not knowable from the profile
  - yolov8_nano_64x96/dispatch_11(id=11) costed 0.0 (first seen on rvv_x60/topo_0): no row in an otherwise-present profile; op not knowable from the profile
  - yolov8_nano_64x96/dispatch_22(id=22) costed 0.0 (first seen on rvv_x60/topo_0): no row in an otherwise-present profile; op not knowable from the profile
  - yolov8_nano_64x96/dispatch_33(id=33) costed 0.0 (first seen on rvv_x60/topo_0): no row in an otherwise-present profile; op not knowable from the profile
  - yolov8_nano_64x96/dispatch_48(id=48) costed 0.0 (first seen on rvv_x60/topo_0): no row in an otherwise-present profile; op not knowable from the profile
  - yolov8_nano_64x96/dispatch_56(id=56) costed 0.0 (first seen on rvv_x60/topo_0): no row in an otherwise-present profile; op not knowable from the profile
  - yolov8_nano_64x96/dispatch_64(id=64) costed 0.0 (first seen on rvv_x60/topo_0): no row in an otherwise-present profile; op not knowable from the profile
  - yolov8_nano_64x96/dispatch_72(id=72) costed 0.0 (first seen on rvv_x60/topo_0): no row in an otherwise-present profile; op not knowable from the profile
  (warning) set XPURT_STRICT_ZERO_COST=1 to make this fatal
  Workload declares horizon 1000 ms and 3 explicit periodic instance counts; those counts are used as given. Networks without one are still sized by the refinement loop below.

--- cpsat iteration 1 ---
  stateful: chained 44 instance edge(s) for ['fused_full']
  Total operations: 5785
  Job names: ['yolov8_nano_64x960', 'fused_full0', 'mlp_control0', 'yolov8_nano_64x961', 'yolov8_nano_64x962', 'yolov8_nano_64x963', 'yolov8_nano_64x964', 'yolov8_nano_64x965', 'yolov8_nano_64x966', 'yolov8_nano_64x967', 'yolov8_nano_64x968', 'yolov8_nano_64x969', 'yolov8_nano_64x9610', 'yolov8_nano_64x9611', 'yolov8_nano_64x9612', 'yolov8_nano_64x9613', 'yolov8_nano_64x9614', 'yolov8_nano_64x9615', 'yolov8_nano_64x9616', 'yolov8_nano_64x9617', 'yolov8_nano_64x9618', 'yolov8_nano_64x9619', 'yolov8_nano_64x9620', 'yolov8_nano_64x9621', 'yolov8_nano_64x9622', 'yolov8_nano_64x9623', 'yolov8_nano_64x9624', 'yolov8_nano_64x9625', 'yolov8_nano_64x9626', 'yolov8_nano_64x9627', 'yolov8_nano_64x9628', 'yolov8_nano_64x9629', 'yolov8_nano_64x9630', 'yolov8_nano_64x9631', 'yolov8_nano_64x9632', 'yolov8_nano_64x9633', 'yolov8_nano_64x9634', 'yolov8_nano_64x9635', 'yolov8_nano_64x9636', 'yolov8_nano_64x9637', 'yolov8_nano_64x9638', 'yolov8_nano_64x9639', 'yolov8_nano_64x9640', 'yolov8_nano_64x9641', 'yolov8_nano_64x9642', 'yolov8_nano_64x9643', 'yolov8_nano_64x9644', 'fused_full1', 'fused_full2', 'fused_full3', 'fused_full4', 'fused_full5', 'fused_full6', 'fused_full7', 'fused_full8', 'fused_full9', 'fused_full10', 'fused_full11', 'fused_full12', 'fused_full13', 'fused_full14', 'fused_full15', 'fused_full16', 'fused_full17', 'fused_full18', 'fused_full19', 'fused_full20', 'fused_full21', 'fused_full22', 'fused_full23', 'fused_full24', 'fused_full25', 'fused_full26', 'fused_full27', 'fused_full28', 'fused_full29', 'fused_full30', 'fused_full31', 'fused_full32', 'fused_full33', 'fused_full34', 'fused_full35', 'fused_full36', 'fused_full37', 'fused_full38', 'fused_full39', 'fused_full40', 'fused_full41', 'fused_full42', 'fused_full43', 'fused_full44', 'mlp_control1', 'mlp_control2', 'mlp_control3', 'mlp_control4', 'mlp_control5', 'mlp_control6', 'mlp_control7', 'mlp_control8', 'mlp_control9', 'mlp_control10', 'mlp_control11', 'mlp_control12', 'mlp_control13', 'mlp_control14', 'mlp_control15', 'mlp_control16', 'mlp_control17', 'mlp_control18', 'mlp_control19', 'mlp_control20', 'mlp_control21', 'mlp_control22', 'mlp_control23', 'mlp_control24', 'mlp_control25', 'mlp_control26', 'mlp_control27', 'mlp_control28', 'mlp_control29', 'mlp_control30', 'mlp_control31', 'mlp_control32', 'mlp_control33', 'mlp_control34', 'mlp_control35', 'mlp_control36', 'mlp_control37', 'mlp_control38', 'mlp_control39', 'mlp_control40', 'mlp_control41', 'mlp_control42', 'mlp_control43', 'mlp_control44', 'mlp_control45', 'mlp_control46', 'mlp_control47', 'mlp_control48', 'mlp_control49', 'mlp_control50', 'mlp_control51', 'mlp_control52', 'mlp_control53', 'mlp_control54', 'mlp_control55', 'mlp_control56', 'mlp_control57', 'mlp_control58', 'mlp_control59', 'mlp_control60', 'mlp_control61', 'mlp_control62', 'mlp_control63', 'mlp_control64', 'mlp_control65', 'mlp_control66', 'mlp_control67', 'mlp_control68', 'mlp_control69', 'mlp_control70', 'mlp_control71', 'mlp_control72', 'mlp_control73', 'mlp_control74', 'mlp_control75', 'mlp_control76', 'mlp_control77', 'mlp_control78', 'mlp_control79', 'mlp_control80', 'mlp_control81', 'mlp_control82', 'mlp_control83', 'mlp_control84', 'mlp_control85', 'mlp_control86', 'mlp_control87', 'mlp_control88', 'mlp_control89', 'mlp_control90', 'mlp_control91', 'mlp_control92', 'mlp_control93', 'mlp_control94', 'mlp_control95', 'mlp_control96', 'mlp_control97', 'mlp_control98', 'mlp_control99']

Starting CP-SAT solver v9.15.6755
Parameters: random_seed: 0 max_time_in_seconds: 900 log_search_progress: true num_search_workers: 8

Initial optimization model '': (model_fingerprint: 0xe28fed1376563693)
#Variables: 98'346 (#ints: 1 in objective) (86'415 primary variables)
  - 80'990 Booleans in [0,1]
  - 5'105 different domains in [0,137500003002311] with a largest complexity of 1.
#kExactlyOne: 5'785 (#literals: 80'990)
#kInterval: 80'990 (#enforced: 80'990)
#kLinMax: 1 (#expressions: 5'785)
#kLinear1: 87'136 (#enforced: 80'990)
#kLinear2: 1'427'039 (#enforced: 1'414'140 #multi: 1'414'140)
#kLinear3: 5'785
#kLinearN: 5'433 (#terms: 211'583)
#kNoOverlap: 8 (#intervals: 138'840, #optional: 138'840, #variable_sizes: 138'840)

Starting presolve at 0.40s
  7.45e-02s  0.00e+00d  [DetectDominanceRelations] 
  3.44e+00s  0.00e+00d  [PresolveToFixPoint] #num_loops=4 #num_dual_strengthening=1 
  1.06e-01s  0.00e+00d  [ExtractEncodingFromLinear] #potential_supersets=5'785 #potential_subsets=5'425 #exo_encodings=5'425 #multiple_terms=10'845 #literals=67'700 
  3.84e-02s  0.00e+00d  [DetectDuplicateColumns] 
  4.74e-02s  0.00e+00d  [DetectDuplicateConstraints] 
[Symmetry] Graph for symmetry has 662'055 nodes and 1'536'287 arcs.
[Symmetry] Symmetry computation done. time: 0.658752 dtime: 0.494936
[Symmetry] #generators: 4, average support size: 31960
[Symmetry] 14605 orbits on 72740 variables with sizes: 8,8,8,8,8,8,8,8,8,8,...
[Symmetry] Num fixable by binary propagation in orbit: 7 / 8
[Symmetry] Num fixable by intersecting at_most_one with orbits: 11 largest_orbit: 8
[Symmetry] Found orbitope of size 5785 x 2
[SAT presolve] num removable Booleans: 0 / 92'625
[SAT presolve] num trivial clauses: 0
[SAT presolve] [0s] clauses:65'014 literals:173'352 vars:64'249 one_side_vars:0 simple_definition:63'484 singleton_clauses:0
[SAT presolve] [0.00708594s] clauses:65'014 literals:173'352 vars:64'249 one_side_vars:0 simple_definition:63'484 singleton_clauses:0
[SAT presolve] [0.0107963s] clauses:65'014 literals:173'352 vars:64'249 one_side_vars:0 simple_definition:63'484 singleton_clauses:0
  1.31e-01s  0.00e+00d  [DetectDuplicateConstraintsWithDifferentEnforcements] #without_enforcements=207'519 
  1.41e+02s  1.03e+00d *[Probe] #probed=57'908 #new_bounds=11'210 #equiv=3 
  4.61e-02s  2.38e-02d  [MaxClique] Merged 55'727 constraints with 121'864 literals into 12'403 constraints with 78'540 literals
  6.69e-02s  0.00e+00d  [DetectDominanceRelations] 
  5.27e-01s  0.00e+00d  [PresolveToFixPoint] #num_loops=3 #num_dual_strengthening=1 
  8.30e-02s  0.00e+00d  [ProcessAtMostOneAndLinear] 
  4.66e-02s  0.00e+00d  [DetectDuplicateConstraints] #duplicates=1'558 
  5.50e-02s  0.00e+00d  [DetectDuplicateConstraintsWithDifferentEnforcements] #without_enforcements=66'944 
  2.33e-02s  4.66e-04d  [DetectDominatedLinearConstraints] #relevant_constraints=11'143 
  1.43e-02s  0.00e+00d  [DetectDifferentVariables] 
  4.57e-02s  1.21e-03d  [ProcessSetPPC] #relevant_constraints=29'032 #num_inclusions=12'398 
  2.24e-02s  0.00e+00d  [TransformClausesToExactlyOne] #num_amos=54'166 
  2.43e-02s  0.00e+00d  [DetectEncodedComplexDomains] 
  1.49e-02s  0.00e+00d  [FindAlmostIdenticalLinearConstraints] 
  2.74e-01s  1.00e+00d *[FindBigAtMostOneAndLinearOverlap] 
  5.19e-02s  1.00e+00d *[FindBigVerticalLinearOverlap] 
  3.30e-02s  1.35e-03d  [FindBigHorizontalLinearOverlap] #blocks=4 #saved_nz=32'385 #linears=8 
  1.12e-02s  0.00e+00d  [MergeClauses] 
  6.32e-02s  0.00e+00d  [DetectDominanceRelations] 
  3.01e-01s  0.00e+00d  [PresolveToFixPoint] #num_loops=2 #num_dual_strengthening=1 
  6.10e-02s  0.00e+00d  [DetectDominanceRelations] 
  2.83e-01s  0.00e+00d  [PresolveToFixPoint] #num_loops=1 #num_dual_strengthening=1 
  1.42e-02s  0.00e+00d  [DetectDuplicateColumns] 
  3.88e-02s  0.00e+00d  [DetectDuplicateConstraints] 
[Symmetry] Graph for symmetry has 496'031 nodes and 1'021'604 arcs.
[Symmetry] Symmetry computation done. time: 0.26834 dtime: 0.246511
[Symmetry] #generators: 3, average support size: 18364
[Symmetry] 15978 orbits on 43524 variables with sizes: 4,4,4,4,4,4,4,4,4,4,...
[Symmetry] Num fixable by binary propagation in orbit: 3 / 4
[Symmetry] Num fixable by intersecting at_most_one with orbits: 5 largest_orbit: 4
[Symmetry] Found orbitope of size 5784 x 2
[SAT presolve] num removable Booleans: 0 / 82'806
[SAT presolve] num trivial clauses: 0
[SAT presolve] [0s] clauses:54'161 literals:108'322 vars:64'238 one_side_vars:63473 simple_definition:0 singleton_clauses:0
[SAT presolve] [0.00457787s] clauses:54'161 literals:108'322 vars:64'238 one_side_vars:63473 simple_definition:0 singleton_clauses:0
[SAT presolve] [0.00724239s] clauses:54'161 literals:108'322 vars:64'238 one_side_vars:63473 simple_definition:0 singleton_clauses:0
  5.89e-02s  0.00e+00d  [DetectDuplicateConstraintsWithDifferentEnforcements] #without_enforcements=66'944 
  1.98e+02s  1.00e+00d *[Probe] #probed=81'158 
  5.02e-02s  2.68e-02d  [MaxClique] Merged 54'161 constraints with 108'322 literals into 10'842 constraints with 65'003 literals
  6.41e-02s  0.00e+00d  [DetectDominanceRelations] 
  3.25e-01s  0.00e+00d  [PresolveToFixPoint] #num_loops=1 #num_dual_strengthening=1 
  7.89e-02s  0.00e+00d  [ProcessAtMostOneAndLinear] 
  4.57e-02s  0.00e+00d  [DetectDuplicateConstraints] 
  5.60e-02s  0.00e+00d  [DetectDuplicateConstraintsWithDifferentEnforcements] #without_enforcements=66'939 
  2.48e-02s  3.23e-04d  [DetectDominatedLinearConstraints] #relevant_constraints=11'147 
  1.52e-02s  0.00e+00d  [DetectDifferentVariables] 
  4.69e-02s  1.05e-03d  [ProcessSetPPC] #relevant_constraints=27'481 #num_inclusions=10'842 
  1.85e-02s  0.00e+00d  [TransformClausesToExactlyOne] 
  3.41e-02s  0.00e+00d  [DetectEncodedComplexDomains] 
  1.60e-02s  0.00e+00d  [FindAlmostIdenticalLinearConstraints] 
  3.01e-01s  1.00e+00d *[FindBigAtMostOneAndLinearOverlap] 
  6.31e-02s  1.00e+00d *[FindBigVerticalLinearOverlap] 
  2.36e-02s  2.41e-03d  [FindBigHorizontalLinearOverlap] #blocks=2 #saved_nz=8'094 #linears=12 
  1.32e-02s  0.00e+00d  [MergeClauses] 
  6.28e-02s  0.00e+00d  [DetectDominanceRelations] 
  3.21e-01s  0.00e+00d  [PresolveToFixPoint] #num_loops=2 #num_dual_strengthening=1 
  6.68e-02s  0.00e+00d  [DetectDominanceRelations] 
  3.19e-01s  0.00e+00d  [PresolveToFixPoint] #num_loops=1 #num_dual_strengthening=1 
  1.74e-02s  0.00e+00d  [DetectDuplicateColumns] 
  3.79e-02s  0.00e+00d  [DetectDuplicateConstraints] 
[Symmetry] Graph for symmetry has 377'613 nodes and 786'720 arcs.
[Symmetry] Symmetry computation done. time: 0.139695 dtime: 0.133798
[Symmetry] #generators: 1, average support size: 11566
[Symmetry] 5783 orbits on 11566 variables with sizes: 2,2,2,2,2,2,2,2,2,2,...
[Symmetry] Num fixable by intersecting at_most_one with orbits: 1 largest_orbit: 2
  5.54e-02s  0.00e+00d  [DetectDuplicateConstraintsWithDifferentEnforcements] #without_enforcements=66'939 
  2.07e+02s  1.00e+00d *[Probe] #probed=83'774 
  8.64e-03s  0.00e+00d  [MaxClique] 
  5.63e-02s  0.00e+00d  [DetectDominanceRelations] 
  2.67e-01s  0.00e+00d  [PresolveToFixPoint] #num_loops=1 #num_dual_strengthening=1 
  6.08e-02s  0.00e+00d  [ProcessAtMostOneAndLinear] 
  4.22e-02s  0.00e+00d  [DetectDuplicateConstraints] 
  5.25e-02s  0.00e+00d  [DetectDuplicateConstraintsWithDifferentEnforcements] #without_enforcements=66'938 
  2.33e-02s  2.95e-04d  [DetectDominatedLinearConstraints] #relevant_constraints=11'149 
  1.46e-02s  0.00e+00d  [DetectDifferentVariables] 
  2.67e-02s  6.31e-04d  [ProcessSetPPC] #relevant_constraints=16'641 
  1.76e-02s  0.00e+00d  [TransformClausesToExactlyOne] 
  2.78e-02s  0.00e+00d  [DetectEncodedComplexDomains] 
  1.63e-02s  0.00e+00d  [FindAlmostIdenticalLinearConstraints] 
  2.79e-01s  1.00e+00d *[FindBigAtMostOneAndLinearOverlap] 
  6.08e-02s  1.00e+00d *[FindBigVerticalLinearOverlap] 
  1.77e-02s  4.74e-03d  [FindBigHorizontalLinearOverlap] #linears=14 
  1.46e-02s  0.00e+00d  [MergeClauses] 
  6.06e-02s  0.00e+00d  [DetectDominanceRelations] 
  2.69e-01s  0.00e+00d  [PresolveToFixPoint] #num_loops=1 #num_dual_strengthening=1 
  2.74e-01s  0.00e+00d  [MergeNoOverlap] 
  1.51e-02s  0.00e+00d  [MergeNoOverlap2D] 
  8.00e-02s  0.00e+00d  [ExpandObjective] #entries=1'322'563 #tight_variables=145'474 #tight_constraints=20'503 

Presolve summary:
  - 5543 affine relations were detected.
  - rule 'TODO dual: only one blocking constraint?' was applied 28 times.
  - rule 'TODO duplicate: skipped identical encoding constraints' was applied 9'318 times.
  - rule 'TODO interval: same interval with different enforcement?' was applied 409'908 times.
  - rule 'affine: new relation' was applied 5'543 times.
  - rule 'at_most_one: transformed into max clique' was applied 2 times.
  - rule 'deductions: 130597 stored' was applied 1 time.
  - rule 'duplicate: removed constraint' was applied 1'558 times.
  - rule 'duplicate: removed enforced constraint' was applied 67'689 times.
  - rule 'encoding: candidate linear is all boolean now' was applied 1'555 times.
  - rule 'encoding: extracted from linear' was applied 5'425 times.
  - rule 'encoding: reduced target domain' was applied 5'425 times.
  - rule 'enforcement: false literal' was applied 237'945 times.
  - rule 'exactly_one: removed literals' was applied 1'381 times.
  - rule 'intervals: removed unused interval' was applied 8'267 times.
  - rule 'lin_max: removed exprs' was applied 2 times.
  - rule 'lin_max: target domain reduced' was applied 1 time.
  - rule 'linear matrix: common horizontal rectangle' was applied 6 times.
  - rule 'linear1: transformed to implication' was applied 43'456 times.
  - rule 'linear1: x in domain' was applied 6'146 times.
  - rule 'linear2: already known enforced relation' was applied 1'199'452 times.
  - rule 'linear: always true' was applied 23'666 times.
  - rule 'linear: divide by GCD' was applied 36'810 times.
  - rule 'linear: empty' was applied 23'600 times.
  - rule 'linear: extracted at most one (max)' was applied 1'555 times.
  - rule 'linear: fixed or dup variables' was applied 41'626 times.
  - rule 'linear: positive equal one' was applied 1'555 times.
  - rule 'linear: reduced variable domains' was applied 12'304 times.
  - rule 'linear: remapped using affine relations' was applied 307'603 times.
  - rule 'linear: simplified rhs' was applied 26'505 times.
  - rule 'new_bool: integer encoding' was applied 10'080 times.
  - rule 'no_overlap: removed absent intervals' was applied 20 times.
  - rule 'presolve: 10182 unused variables removed.' was applied 1 time.
  - rule 'presolve: iteration' was applied 3 times.
  - rule 'setppc: bool_or in at_most_one' was applied 23'239 times.
  - rule 'setppc: exactly_one included in linear' was applied 1 time.
  - rule 'setppc: reduced linear coefficients' was applied 1 time.
  - rule 'symmetry: fixed to false in general orbit' was applied 17 times.
  - rule 'variables with 2 values: new affine relation' was applied 765 times.
  - rule 'variables with 2 values: register other encoding' was applied 765 times.
  - rule 'variables: add encoding constraint' was applied 9'315 times.
  - rule 'variables: canonicalize affine domain' was applied 2'860 times.
  - rule 'variables: detect fully reified value encoding' was applied 2'430 times.
  - rule 'variables: detect half reified value encoding' was applied 101'260 times.
  - rule 'variables: detected fully encoded domain' was applied 3 times.

Presolved optimization model '': (model_fingerprint: 0xa32bb86472ad7270)
#Variables: 95'567 (#ints: 1 in objective) (78'933 primary variables)
  - 82'800 Booleans in [0,1]
  - 5'677 different domains in [-1055555,1055555] with a largest complexity of 3.
#kExactlyOne: 16'627 (#literals: 137'725)
#kInterval: 72'723 (#enforced: 72'723)
#kLinMax: 1 (#expressions: 111)
#kLinear1: 18'630 (#enforced: 18'630)
#kLinear2: 7'265
#kLinear3: 3'870
#kLinearN: 14 (#terms: 67'705)
#kNoOverlap: 8 (#intervals: 116'816, #optional: 116'816, #variable_sizes: 92'856)
[Symmetry] Graph for symmetry has 361'885 nodes and 786'710 arcs.
[Symmetry] Symmetry computation done. time: 0.0570145 dtime: 0.121517

Preloading model.
#Bound 560.12s best:inf   next:[1002888,1055555] initial_domain
#Model 560.19s var:95567/95567 constraints:119138/119138

Starting search at 560.20s with 8 workers.
6 full problem subsolvers: [default_lp, fixed, max_lp, no_lp, quick_restart, reduced_costs]
2 first solution subsolvers: [fj, fs_random_no_lp]
13 interleaved subsolvers: [feasibility_pump, graph_arc_lns, graph_cst_lns, graph_dec_lns, graph_var_lns, ls, rins/rens, rnd_cst_lns, rnd_var_lns, scheduling_intervals_lns, scheduling_precedences_lns, scheduling_resource_windows_lns, scheduling_time_window_lns]
3 helper subsolvers: [neighborhood_helper, synchronization_agent, update_gap_integral]

#Bound 867.86s best:inf   next:[1002889,1055555] reduced_costs

Task timing                                  n [     min,      max]      avg      dev     time         n [     min,      max]      avg      dev    dtime
                       'default_lp':         1 [   5.66m,    5.66m]    5.66m   0.00ns    5.66m         2 [   1.02s,    6.37s]    3.69s    2.68s    7.39s
                 'feasibility_pump':        21 [ 28.30ms,    3.50m]   10.42s   44.64s    3.65m        20 [ 19.02ms,    1.43m]    4.87s   18.57s    1.62m
                            'fixed':         1 [   5.66m,    5.66m]    5.66m   0.00ns    5.66m         2 [   1.02s,   15.31s]    8.17s    7.15s   16.33s
                               'fj':      1285 [  6.47ms, 172.09ms]  44.13ms  27.17ms   56.71s      1285 [103.00ms, 401.39ms] 121.97ms  34.24ms    2.61m
                  'fs_random_no_lp':         1 [   5.66m,    5.66m]    5.66m   0.00ns    5.66m         2 [116.49ms,    1.01s] 565.58ms 449.09ms    1.13s
                    'graph_arc_lns':         0 [  0.00ns,   0.00ns]   0.00ns   0.00ns   0.00ns         0 [  0.00ns,   0.00ns]   0.00ns   0.00ns   0.00ns
                    'graph_cst_lns':         0 [  0.00ns,   0.00ns]   0.00ns   0.00ns   0.00ns         0 [  0.00ns,   0.00ns]   0.00ns   0.00ns   0.00ns
                    'graph_dec_lns':         0 [  0.00ns,   0.00ns]   0.00ns   0.00ns   0.00ns         0 [  0.00ns,   0.00ns]   0.00ns   0.00ns   0.00ns
                    'graph_var_lns':         0 [  0.00ns,   0.00ns]   0.00ns   0.00ns   0.00ns         0 [  0.00ns,   0.00ns]   0.00ns   0.00ns   0.00ns
                               'ls':         0 [  0.00ns,   0.00ns]   0.00ns   0.00ns   0.00ns         0 [  0.00ns,   0.00ns]   0.00ns   0.00ns   0.00ns
                           'max_lp':         1 [   5.66m,    5.66m]    5.66m   0.00ns    5.66m         2 [   3.27s,    9.89s]    6.58s    3.31s   13.16s
                            'no_lp':         1 [   5.66m,    5.66m]    5.66m   0.00ns    5.66m         2 [130.84ms,    1.01s] 572.75ms 441.91ms    1.15s
                    'quick_restart':         1 [   5.66m,    5.66m]    5.66m   0.00ns    5.66m         2 [   1.02s,   22.28s]   11.65s   10.63s   23.30s
                    'reduced_costs':         1 [   5.66m,    5.66m]    5.66m   0.00ns    5.66m         2 [   1.02s,    3.12s]    2.07s    1.05s    4.13s
                        'rins/rens':      1286 [  8.99ms,    6.19s]  50.27ms 235.04ms    1.08m         9 [235.60us,   2.42ms]   1.22ms 737.34us  11.00ms
                      'rnd_cst_lns':         0 [  0.00ns,   0.00ns]   0.00ns   0.00ns   0.00ns         0 [  0.00ns,   0.00ns]   0.00ns   0.00ns   0.00ns
                      'rnd_var_lns':         0 [  0.00ns,   0.00ns]   0.00ns   0.00ns   0.00ns         0 [  0.00ns,   0.00ns]   0.00ns   0.00ns   0.00ns
         'scheduling_intervals_lns':         0 [  0.00ns,   0.00ns]   0.00ns   0.00ns   0.00ns         0 [  0.00ns,   0.00ns]   0.00ns   0.00ns   0.00ns
       'scheduling_precedences_lns':         0 [  0.00ns,   0.00ns]   0.00ns   0.00ns   0.00ns         0 [  0.00ns,   0.00ns]   0.00ns   0.00ns   0.00ns
  'scheduling_resource_windows_lns':         0 [  0.00ns,   0.00ns]   0.00ns   0.00ns   0.00ns         0 [  0.00ns,   0.00ns]   0.00ns   0.00ns   0.00ns
       'scheduling_time_window_lns':         0 [  0.00ns,   0.00ns]   0.00ns   0.00ns   0.00ns         0 [  0.00ns,   0.00ns]   0.00ns   0.00ns   0.00ns

Search stats           Bools  Conflicts  Branches  Restarts  BacktrackToRoot  Backtrack  BoolPropag  IntegerPropag
       'default_lp':  82'800          0   102'217         0           83'882     83'882     697'317      7'864'593
            'fixed':  82'932         68    84'782         0           83'882     83'950     648'018      7'877'849
  'fs_random_no_lp':  82'800         50   104'747         1           87'275     87'839     707'623      8'321'021
           'max_lp':  82'800          0    92'212         0           83'882     83'882     682'775      7'935'924
            'no_lp':  82'800         54   105'893         1           88'578     89'329     719'612      8'414'570
    'quick_restart':  82'800         10    84'709         1           84'384     84'475     646'579      7'787'960
    'reduced_costs':  82'801          3    96'270         0           84'081     84'083     685'299      8'067'020

SAT formula           Fixed  Equiv   Total  VarLeft  BinaryClauses  PermanentClauses  TemporaryClauses
       'default_lp':      0      0  82'800   82'800         31'046            25'984                 0
            'fixed':      0      0  82'932   82'932         31'096            25'984                32
  'fs_random_no_lp':      0      0  82'800   82'800         31'046            13'478                50
           'max_lp':      0      0  82'800   82'800         31'046            25'984                 0
            'no_lp':      0      0  82'800   82'800         31'046            13'478                51
    'quick_restart':      0      0  82'800   82'800         31'046            13'478                 3
    'reduced_costs':      1      0  82'801   82'800         31'048            25'999                 0

SAT stats             ClassicMinim  LitRemoved  LitRemovedBinary  LitLearned  LitForgotten  Subsumed
       'default_lp':             0           0                 0           0             0         0
            'fixed':            59         636                49       3'267             0        36
  'fs_random_no_lp':             6          27                82      11'051             0         0
           'max_lp':             0           0                 0           0             0         0
            'no_lp':             6          18                28      12'763             0         1
    'quick_restart':             9          58                 4         394             0         7
    'reduced_costs':             2           6                 0          10             0         1

Vivification          Clauses  Decisions  LitTrue  Subsumed  LitRemoved  DecisionReused  Conflicts
       'default_lp':        0          0        0         0           0               0          0
            'fixed':        0          0        0         0           0               0          0
  'fs_random_no_lp':        0          0        0         0           0               0          0
           'max_lp':        0          0        0         0           0               0          0
            'no_lp':        0          0        0         0           0               0          0
    'quick_restart':        0          0        0         0           0               0          0
    'reduced_costs':        0          0        0         0           0               0          0

Clause deletion       at_true  l_and_not(l)  to_binary  sub_conflict  sub_extra  sub_decisions  sub_eager  sub_vivify  sub_probing  sub_inpro  blocked  eliminated  forgotten  promoted  conflicts
       'default_lp':        0             0          0             0          0              0          0           0            0          0        0           0          0         0          0
            'fixed':        0             0          0            28          0              0          8           0            0          0        0           0          0       133         68
  'fs_random_no_lp':        0             0          0             0          0              0          0           0            0      6'253        0           0          0        96         50
           'max_lp':        0             0          0             0          0              0          0           0            0          0        0           0          0         0          0
            'no_lp':        0             0          0             1          2              0          0           0            0      6'253        0           0          0       116         54
    'quick_restart':        0             0          0             4          0              0          3           0            0      6'253        0           0          0        15         10
    'reduced_costs':        0             0          0             0          0              0          1           0            0          0        0           0          0         1          3

Lp stats            Component  Iterations  AddedCuts  OPTIMAL  DUAL_F.  DUAL_U.
     'default_lp':        101       6'487        629      895        1        0
          'fixed':        101      64'831     10'139    1'080       73        0
         'max_lp':          1      12'148          0        1    1'008        0
  'quick_restart':        101      59'740        660      642      109        0
  'reduced_costs':          1      21'713      5'736      179    1'913        0

Lp dimension               Final dimension of first component
     'default_lp':    5655 rows, 80515 columns, 82474 entries
          'fixed':   14729 rows, 89827 columns, 75925 entries
         'max_lp':  42289 rows, 95567 columns, 403490 entries
  'quick_restart':    2100 rows, 80515 columns, 56599 entries
  'reduced_costs':    9669 rows, 95567 columns, 68500 entries

Lp debug            CutPropag  CutEqPropag  Adjust  Overflow  Bad  BadScaling
     'default_lp':          0            0       0         0    0           0
          'fixed':          0            0       0         0    0           0
         'max_lp':          0            0       0         0    0           0
  'quick_restart':          0            0       0         0    0           0
  'reduced_costs':          0            0       0         0    0           0

Lp pool             Constraints  Updates  Simplif  Merged  Shortened  Split  Strengthened      Cuts/Call
     'default_lp':       28'057        0        0     110          0      0             0        629/850
          'fixed':       48'983        0        0   3'214          0      0             0  10'139/14'806
         'max_lp':       42'289        0        0   3'214          0      0             0            0/0
  'quick_restart':       28'088        0        0     110          0      0             0      660/1'100
  'reduced_costs':       48'030        0        0   3'214          0      0             0    5'736/8'262

Lp Cut      fixed  reduced_costs  default_lp  quick_restart
  Clique:       -              5           -              -
      IB:  10'139          5'731         629            660

LNS stats                             Improv/Calls  Closed  Difficulty  TimeLimit
                    'graph_arc_lns':           0/0      0%    5.00e-01       0.10
                    'graph_cst_lns':           0/0      0%    5.00e-01       0.10
                    'graph_dec_lns':           0/0      0%    5.00e-01       0.10
                    'graph_var_lns':           0/0      0%    5.00e-01       0.10
                        'rins/rens':         13/13     92%    9.89e-01       0.10
                      'rnd_cst_lns':           0/0      0%    5.00e-01       0.10
                      'rnd_var_lns':           0/0      0%    5.00e-01       0.10
         'scheduling_intervals_lns':           0/0      0%    5.00e-01       0.10
       'scheduling_precedences_lns':           0/0      0%    5.00e-01       0.10
  'scheduling_resource_windows_lns':           0/0      0%    5.00e-01       0.10
       'scheduling_time_window_lns':           0/0      0%    5.00e-01       0.10

LS stats                                    Batches  Restarts/Perturbs  LinMoves  GenMoves  CompoundMoves  Bactracks  WeightUpdates  ScoreComputed
                             'fj_restart':      152                 32    20'187         0              0          0              4      4'108'201
                    'fj_restart_compound':       45                 27         0       650            635          0              0          7'677
                'fj_restart_compound_obj':       69                 19         0       793            776          0              0         10'853
            'fj_restart_compound_perturb':      153                 29         0       479            468          0              0         16'688
        'fj_restart_compound_perturb_obj':       52                 18         0       168            165          0              0          5'839
                       'fj_restart_decay':      133                 25    17'831         0              0          0              2      3'152'416
              'fj_restart_decay_compound':       61                 15         0       756            747          0              0          9'772
          'fj_restart_decay_compound_obj':       82                 24         0     1'016            997          0              0         13'336
      'fj_restart_decay_compound_perturb':       62                 27         0       189            178          0              0          6'416
  'fj_restart_decay_compound_perturb_obj':       58                 30         0       164            152          0              0          6'253
                   'fj_restart_decay_obj':       57                 22     6'723         0              0          0              0        148'215
               'fj_restart_decay_perturb':       70                 30     8'221         0              0          0              0        197'592
           'fj_restart_decay_perturb_obj':       98                 20    11'700         0              0          0              0        267'426
                         'fj_restart_obj':       72                 22     8'636         0              0          0              0        191'665
                     'fj_restart_perturb':       61                 19     7'280         0              0          0              0        162'510
                 'fj_restart_perturb_obj':       60                 20     7'028         0              0          0              0        172'249

Objective bounds     Num
  'initial_domain':    1
   'reduced_costs':    1

Solution repositories    Added  Queried  Synchro
    'alternative_path':      0        0        0
      'best_solutions':      0        0        0
   'fj solution hints':    371        0      371
        'lp solutions':    204    1'286      185
                'pump':      0        0

Improving bounds shared    Num  Sym
                 'no_lp':    1    0

Clauses shared        #Exported  #Imported  #BinaryRead  #BinaryTotal
       'default_lp':          0          0            0             0
            'fixed':          0          0            0             0
  'fs_random_no_lp':          0          0            0             0
           'max_lp':          0          0            0             0
            'no_lp':          0          0            0             0
    'quick_restart':          0          0            0             0
    'reduced_costs':          0          0            0             0

LRAT_status: NA
CpSolverResponse summary:
status: UNKNOWN
objective: 1055555
best_bound: 1002889
integers: 96543
booleans: 82932
conflicts: 68
branches: 84782
propagations: 648018
integer_propagations: 7877849
restarts: 0
lp_iterations: 64831
walltime: 900.335
usertime: 900.335
deterministic_time: 329.868
gap_integral: 3487.34

cpsat status=UNKNOWN wall=900.4s
Traceback (most recent call last):
  File "/scratch/agustin/xpurt-dev-sync/scripts/run_xpurt_schedule.py", line 1657, in <module>
    schedule_iree_networks(
    ~~~~~~~~~~~~~~~~~~~~~~^
        networks_json_path=args.networks_json,
        ^^^^^^^^^^^^^^^^^^^^^^^^^^^^^^^^^^^^^^
    ...<20 lines>...
        no_milp_native_warm_start=args.no_milp_native_warm_start,
        ^^^^^^^^^^^^^^^^^^^^^^^^^^^^^^^^^^^^^^^^^^^^^^^^^^^^^^^^^
    )
    ^
  File "/scratch/agustin/xpurt-dev-sync/scripts/run_xpurt_schedule.py", line 852, in schedule_iree_networks
    t, alpha = _greedy_fn(combined_workload)
               ~~~~~~~~~~^^^^^^^^^^^^^^^^^^^
  File "/scratch/agustin/xpurt-dev-sync/xpu-rt/cpsat_scheduler.py", line 261, in cpsat_schedule
    raise RuntimeError(f"cpsat returned {sol['status']} with no solution")
RuntimeError: cpsat returned UNKNOWN with no solution
