2026-01-08T02:57:13.044258
Running tools/iree-benchmark-module --module=/home/dima/sched_vmfb/fastdepth/module_main_graph$async_dispatch_14_system_elf_riscv_64_benchmark.vmfb --device=local-task --function=main_graph$async_dispatch_14_system_elf_riscv_64_main_graph$async_dispatch_14_slow_memcpy --input=1xi32=1 --task_topology_cpu_ids=0 --benchmark_repetitions=10
2026-01-08T02:57:13+08:00
Running tools/iree-benchmark-module
Run on (8 X 1600 MHz CPU s)
CPU Caches:
  L1 Instruction 32 KiB (x8)
  L1 Data 32 KiB (x8)
  L2 Unified 512 KiB (x2)
Load Average: 3.48, 4.02, 3.32
-------------------------------------------------------------------------------------------------------------------------------------------------------------------------------------
Benchmark                                                                                                                           Time             CPU   Iterations UserCounters...
-------------------------------------------------------------------------------------------------------------------------------------------------------------------------------------
BM_main_graph$async_dispatch_14_system_elf_riscv_64_main_graph$async_dispatch_14_slow_memcpy/process_time/real_time              1.62 ms         1.63 ms          430 items_per_second=615.488/s
BM_main_graph$async_dispatch_14_system_elf_riscv_64_main_graph$async_dispatch_14_slow_memcpy/process_time/real_time              1.61 ms         1.62 ms          430 items_per_second=619.72/s
BM_main_graph$async_dispatch_14_system_elf_riscv_64_main_graph$async_dispatch_14_slow_memcpy/process_time/real_time              1.62 ms         1.63 ms          430 items_per_second=615.545/s
BM_main_graph$async_dispatch_14_system_elf_riscv_64_main_graph$async_dispatch_14_slow_memcpy/process_time/real_time              1.62 ms         1.63 ms          430 items_per_second=615.715/s
BM_main_graph$async_dispatch_14_system_elf_riscv_64_main_graph$async_dispatch_14_slow_memcpy/process_time/real_time              1.61 ms         1.61 ms          430 items_per_second=621.511/s
BM_main_graph$async_dispatch_14_system_elf_riscv_64_main_graph$async_dispatch_14_slow_memcpy/process_time/real_time              1.62 ms         1.62 ms          430 items_per_second=617.083/s
BM_main_graph$async_dispatch_14_system_elf_riscv_64_main_graph$async_dispatch_14_slow_memcpy/process_time/real_time              1.63 ms         1.64 ms          430 items_per_second=611.8/s
BM_main_graph$async_dispatch_14_system_elf_riscv_64_main_graph$async_dispatch_14_slow_memcpy/process_time/real_time              1.61 ms         1.61 ms          430 items_per_second=622.296/s
BM_main_graph$async_dispatch_14_system_elf_riscv_64_main_graph$async_dispatch_14_slow_memcpy/process_time/real_time              1.62 ms         1.62 ms          430 items_per_second=617.084/s
BM_main_graph$async_dispatch_14_system_elf_riscv_64_main_graph$async_dispatch_14_slow_memcpy/process_time/real_time              1.63 ms         1.63 ms          430 items_per_second=615.274/s
BM_main_graph$async_dispatch_14_system_elf_riscv_64_main_graph$async_dispatch_14_slow_memcpy/process_time/real_time_mean         1.62 ms         1.62 ms           10 items_per_second=617.152/s
BM_main_graph$async_dispatch_14_system_elf_riscv_64_main_graph$async_dispatch_14_slow_memcpy/process_time/real_time_median       1.62 ms         1.63 ms           10 items_per_second=616.399/s
BM_main_graph$async_dispatch_14_system_elf_riscv_64_main_graph$async_dispatch_14_slow_memcpy/process_time/real_time_stddev      0.008 ms        0.010 ms           10 items_per_second=3.1913/s
BM_main_graph$async_dispatch_14_system_elf_riscv_64_main_graph$async_dispatch_14_slow_memcpy/process_time/real_time_cv           0.52 %          0.59 %            10 items_per_second=0.52%
