2026-01-08T03:00:49.023319
Running tools/iree-benchmark-module --module=/home/dima/sched_vmfb/fastdepth/module_main_graph$async_dispatch_4_system_elf_riscv_64_benchmark.vmfb --device=local-task --function=main_graph$async_dispatch_4_system_elf_riscv_64_main_graph$async_dispatch_4_slow_memcpy --input=1xi32=1 --task_topology_cpu_ids=0 --benchmark_repetitions=10
2026-01-08T03:00:49+08:00
Running tools/iree-benchmark-module
Run on (8 X 1600 MHz CPU s)
CPU Caches:
  L1 Instruction 32 KiB (x8)
  L1 Data 32 KiB (x8)
  L2 Unified 512 KiB (x2)
Load Average: 3.04, 3.52, 3.26
-----------------------------------------------------------------------------------------------------------------------------------------------------------------------------------
Benchmark                                                                                                                         Time             CPU   Iterations UserCounters...
-----------------------------------------------------------------------------------------------------------------------------------------------------------------------------------
BM_main_graph$async_dispatch_4_system_elf_riscv_64_main_graph$async_dispatch_4_slow_memcpy/process_time/real_time              4.06 ms         4.06 ms          167 items_per_second=246.464/s
BM_main_graph$async_dispatch_4_system_elf_riscv_64_main_graph$async_dispatch_4_slow_memcpy/process_time/real_time              4.03 ms         4.02 ms          167 items_per_second=248.045/s
BM_main_graph$async_dispatch_4_system_elf_riscv_64_main_graph$async_dispatch_4_slow_memcpy/process_time/real_time              4.03 ms         4.03 ms          167 items_per_second=247.989/s
BM_main_graph$async_dispatch_4_system_elf_riscv_64_main_graph$async_dispatch_4_slow_memcpy/process_time/real_time              4.05 ms         4.07 ms          167 items_per_second=246.638/s
BM_main_graph$async_dispatch_4_system_elf_riscv_64_main_graph$async_dispatch_4_slow_memcpy/process_time/real_time              4.04 ms         4.06 ms          167 items_per_second=247.222/s
BM_main_graph$async_dispatch_4_system_elf_riscv_64_main_graph$async_dispatch_4_slow_memcpy/process_time/real_time              4.01 ms         4.03 ms          167 items_per_second=249.302/s
BM_main_graph$async_dispatch_4_system_elf_riscv_64_main_graph$async_dispatch_4_slow_memcpy/process_time/real_time              4.00 ms         4.01 ms          167 items_per_second=250.127/s
BM_main_graph$async_dispatch_4_system_elf_riscv_64_main_graph$async_dispatch_4_slow_memcpy/process_time/real_time              4.02 ms         4.03 ms          167 items_per_second=248.73/s
BM_main_graph$async_dispatch_4_system_elf_riscv_64_main_graph$async_dispatch_4_slow_memcpy/process_time/real_time              4.04 ms         4.05 ms          167 items_per_second=247.564/s
BM_main_graph$async_dispatch_4_system_elf_riscv_64_main_graph$async_dispatch_4_slow_memcpy/process_time/real_time              4.01 ms         4.03 ms          167 items_per_second=249.136/s
BM_main_graph$async_dispatch_4_system_elf_riscv_64_main_graph$async_dispatch_4_slow_memcpy/process_time/real_time_mean         4.03 ms         4.04 ms           10 items_per_second=248.122/s
BM_main_graph$async_dispatch_4_system_elf_riscv_64_main_graph$async_dispatch_4_slow_memcpy/process_time/real_time_median       4.03 ms         4.03 ms           10 items_per_second=248.017/s
BM_main_graph$async_dispatch_4_system_elf_riscv_64_main_graph$async_dispatch_4_slow_memcpy/process_time/real_time_stddev      0.019 ms        0.021 ms           10 items_per_second=1.19767/s
BM_main_graph$async_dispatch_4_system_elf_riscv_64_main_graph$async_dispatch_4_slow_memcpy/process_time/real_time_cv           0.48 %          0.52 %            10 items_per_second=0.48%
