2026-01-08T02:57:34.764763
Running tools/iree-benchmark-module --module=/home/dima/sched_vmfb/fastdepth/module_main_graph$async_dispatch_17_system_elf_riscv_64_benchmark.vmfb --device=local-task --function=main_graph$async_dispatch_17_system_elf_riscv_64_main_graph$async_dispatch_17_conv_14x14x512x3x3_f32 --input=1xi32=1 --task_topology_cpu_ids=0 --benchmark_repetitions=10
2026-01-08T02:57:34+08:00
Running tools/iree-benchmark-module
Run on (8 X 1600 MHz CPU s)
CPU Caches:
  L1 Instruction 32 KiB (x8)
  L1 Data 32 KiB (x8)
  L2 Unified 512 KiB (x2)
Load Average: 3.35, 3.96, 3.31
------------------------------------------------------------------------------------------------------------------------------------------------------------------------------------------------
Benchmark                                                                                                                                      Time             CPU   Iterations UserCounters...
------------------------------------------------------------------------------------------------------------------------------------------------------------------------------------------------
BM_main_graph$async_dispatch_17_system_elf_riscv_64_main_graph$async_dispatch_17_conv_14x14x512x3x3_f32/process_time/real_time              7.46 ms         7.47 ms           95 items_per_second=134.1/s
BM_main_graph$async_dispatch_17_system_elf_riscv_64_main_graph$async_dispatch_17_conv_14x14x512x3x3_f32/process_time/real_time              7.42 ms         7.43 ms           95 items_per_second=134.759/s
BM_main_graph$async_dispatch_17_system_elf_riscv_64_main_graph$async_dispatch_17_conv_14x14x512x3x3_f32/process_time/real_time              7.41 ms         7.42 ms           95 items_per_second=134.873/s
BM_main_graph$async_dispatch_17_system_elf_riscv_64_main_graph$async_dispatch_17_conv_14x14x512x3x3_f32/process_time/real_time              7.44 ms         7.45 ms           95 items_per_second=134.448/s
BM_main_graph$async_dispatch_17_system_elf_riscv_64_main_graph$async_dispatch_17_conv_14x14x512x3x3_f32/process_time/real_time              7.42 ms         7.43 ms           95 items_per_second=134.837/s
BM_main_graph$async_dispatch_17_system_elf_riscv_64_main_graph$async_dispatch_17_conv_14x14x512x3x3_f32/process_time/real_time              7.41 ms         7.42 ms           95 items_per_second=134.969/s
BM_main_graph$async_dispatch_17_system_elf_riscv_64_main_graph$async_dispatch_17_conv_14x14x512x3x3_f32/process_time/real_time              7.42 ms         7.43 ms           95 items_per_second=134.706/s
BM_main_graph$async_dispatch_17_system_elf_riscv_64_main_graph$async_dispatch_17_conv_14x14x512x3x3_f32/process_time/real_time              7.44 ms         7.44 ms           95 items_per_second=134.48/s
BM_main_graph$async_dispatch_17_system_elf_riscv_64_main_graph$async_dispatch_17_conv_14x14x512x3x3_f32/process_time/real_time              7.40 ms         7.41 ms           95 items_per_second=135.1/s
BM_main_graph$async_dispatch_17_system_elf_riscv_64_main_graph$async_dispatch_17_conv_14x14x512x3x3_f32/process_time/real_time              7.45 ms         7.45 ms           95 items_per_second=134.155/s
BM_main_graph$async_dispatch_17_system_elf_riscv_64_main_graph$async_dispatch_17_conv_14x14x512x3x3_f32/process_time/real_time_mean         7.43 ms         7.43 ms           10 items_per_second=134.643/s
BM_main_graph$async_dispatch_17_system_elf_riscv_64_main_graph$async_dispatch_17_conv_14x14x512x3x3_f32/process_time/real_time_median       7.42 ms         7.43 ms           10 items_per_second=134.733/s
BM_main_graph$async_dispatch_17_system_elf_riscv_64_main_graph$async_dispatch_17_conv_14x14x512x3x3_f32/process_time/real_time_stddev      0.019 ms        0.017 ms           10 items_per_second=0.336825/s
BM_main_graph$async_dispatch_17_system_elf_riscv_64_main_graph$async_dispatch_17_conv_14x14x512x3x3_f32/process_time/real_time_cv           0.25 %          0.23 %            10 items_per_second=0.25%
