2026-01-08T02:59:59.047978
Running tools/iree-benchmark-module --module=/home/dima/sched_vmfb/fastdepth/module_main_graph$async_dispatch_40_system_elf_riscv_64_benchmark.vmfb --device=local-task --function=main_graph$async_dispatch_40_system_elf_riscv_64_main_graph$async_dispatch_40_conv_56x56x128x5x5_f32 --input=1xi32=1 --task_topology_cpu_ids=0 --benchmark_repetitions=10
2026-01-08T02:59:59+08:00
Running tools/iree-benchmark-module
Run on (8 X 1600 MHz CPU s)
CPU Caches:
  L1 Instruction 32 KiB (x8)
  L1 Data 32 KiB (x8)
  L2 Unified 512 KiB (x2)
Load Average: 3.10, 3.62, 3.27
------------------------------------------------------------------------------------------------------------------------------------------------------------------------------------------------
Benchmark                                                                                                                                      Time             CPU   Iterations UserCounters...
------------------------------------------------------------------------------------------------------------------------------------------------------------------------------------------------
BM_main_graph$async_dispatch_40_system_elf_riscv_64_main_graph$async_dispatch_40_conv_56x56x128x5x5_f32/process_time/real_time              53.2 ms         53.2 ms           12 items_per_second=18.7839/s
BM_main_graph$async_dispatch_40_system_elf_riscv_64_main_graph$async_dispatch_40_conv_56x56x128x5x5_f32/process_time/real_time              53.3 ms         53.3 ms           12 items_per_second=18.764/s
BM_main_graph$async_dispatch_40_system_elf_riscv_64_main_graph$async_dispatch_40_conv_56x56x128x5x5_f32/process_time/real_time              53.5 ms         53.5 ms           12 items_per_second=18.6967/s
BM_main_graph$async_dispatch_40_system_elf_riscv_64_main_graph$async_dispatch_40_conv_56x56x128x5x5_f32/process_time/real_time              53.3 ms         53.3 ms           12 items_per_second=18.7751/s
BM_main_graph$async_dispatch_40_system_elf_riscv_64_main_graph$async_dispatch_40_conv_56x56x128x5x5_f32/process_time/real_time              53.3 ms         53.3 ms           12 items_per_second=18.7664/s
BM_main_graph$async_dispatch_40_system_elf_riscv_64_main_graph$async_dispatch_40_conv_56x56x128x5x5_f32/process_time/real_time              53.5 ms         53.5 ms           12 items_per_second=18.7088/s
BM_main_graph$async_dispatch_40_system_elf_riscv_64_main_graph$async_dispatch_40_conv_56x56x128x5x5_f32/process_time/real_time              53.3 ms         53.3 ms           12 items_per_second=18.7682/s
BM_main_graph$async_dispatch_40_system_elf_riscv_64_main_graph$async_dispatch_40_conv_56x56x128x5x5_f32/process_time/real_time              53.3 ms         53.3 ms           12 items_per_second=18.774/s
BM_main_graph$async_dispatch_40_system_elf_riscv_64_main_graph$async_dispatch_40_conv_56x56x128x5x5_f32/process_time/real_time              53.6 ms         53.6 ms           12 items_per_second=18.6461/s
BM_main_graph$async_dispatch_40_system_elf_riscv_64_main_graph$async_dispatch_40_conv_56x56x128x5x5_f32/process_time/real_time              53.7 ms         53.4 ms           12 items_per_second=18.6318/s
BM_main_graph$async_dispatch_40_system_elf_riscv_64_main_graph$async_dispatch_40_conv_56x56x128x5x5_f32/process_time/real_time_mean         53.4 ms         53.4 ms           10 items_per_second=18.7315/s
BM_main_graph$async_dispatch_40_system_elf_riscv_64_main_graph$async_dispatch_40_conv_56x56x128x5x5_f32/process_time/real_time_median       53.3 ms         53.3 ms           10 items_per_second=18.7652/s
BM_main_graph$async_dispatch_40_system_elf_riscv_64_main_graph$async_dispatch_40_conv_56x56x128x5x5_f32/process_time/real_time_stddev      0.162 ms        0.124 ms           10 items_per_second=0.0568177/s
BM_main_graph$async_dispatch_40_system_elf_riscv_64_main_graph$async_dispatch_40_conv_56x56x128x5x5_f32/process_time/real_time_cv           0.30 %          0.23 %            10 items_per_second=0.30%
