2026-01-10T04:57:37.039020
Running tools/iree-benchmark-module --module=/home/dima/sched_vmfb/mlp_rvv/module_main_graph$async_dispatch_1_system_elf_riscv_64_benchmark.vmfb --device=local-task --function=main_graph$async_dispatch_1_system_elf_riscv_64_main_graph$async_dispatch_1_matvec_like_32x32_f32 --input=1xi32=1 --task_topology_cpu_ids=0 --benchmark_repetitions=10
2026-01-10T04:57:37+08:00
Running tools/iree-benchmark-module
Run on (8 X 1600 MHz CPU s)
CPU Caches:
  L1 Instruction 32 KiB (x8)
  L1 Data 32 KiB (x8)
  L2 Unified 512 KiB (x2)
Load Average: 2.54, 2.18, 2.05
---------------------------------------------------------------------------------------------------------------------------------------------------------------------------------------------
Benchmark                                                                                                                                   Time             CPU   Iterations UserCounters...
---------------------------------------------------------------------------------------------------------------------------------------------------------------------------------------------
BM_main_graph$async_dispatch_1_system_elf_riscv_64_main_graph$async_dispatch_1_matvec_like_32x32_f32/process_time/real_time             0.067 ms        0.073 ms        10337 items_per_second=14.8563k/s
BM_main_graph$async_dispatch_1_system_elf_riscv_64_main_graph$async_dispatch_1_matvec_like_32x32_f32/process_time/real_time             0.068 ms        0.073 ms        10337 items_per_second=14.7859k/s
BM_main_graph$async_dispatch_1_system_elf_riscv_64_main_graph$async_dispatch_1_matvec_like_32x32_f32/process_time/real_time             0.067 ms        0.073 ms        10337 items_per_second=14.8566k/s
BM_main_graph$async_dispatch_1_system_elf_riscv_64_main_graph$async_dispatch_1_matvec_like_32x32_f32/process_time/real_time             0.067 ms        0.073 ms        10337 items_per_second=14.8255k/s
BM_main_graph$async_dispatch_1_system_elf_riscv_64_main_graph$async_dispatch_1_matvec_like_32x32_f32/process_time/real_time             0.068 ms        0.073 ms        10337 items_per_second=14.788k/s
BM_main_graph$async_dispatch_1_system_elf_riscv_64_main_graph$async_dispatch_1_matvec_like_32x32_f32/process_time/real_time             0.067 ms        0.073 ms        10337 items_per_second=14.8245k/s
BM_main_graph$async_dispatch_1_system_elf_riscv_64_main_graph$async_dispatch_1_matvec_like_32x32_f32/process_time/real_time             0.067 ms        0.073 ms        10337 items_per_second=14.8294k/s
BM_main_graph$async_dispatch_1_system_elf_riscv_64_main_graph$async_dispatch_1_matvec_like_32x32_f32/process_time/real_time             0.067 ms        0.073 ms        10337 items_per_second=14.8904k/s
BM_main_graph$async_dispatch_1_system_elf_riscv_64_main_graph$async_dispatch_1_matvec_like_32x32_f32/process_time/real_time             0.068 ms        0.073 ms        10337 items_per_second=14.7487k/s
BM_main_graph$async_dispatch_1_system_elf_riscv_64_main_graph$async_dispatch_1_matvec_like_32x32_f32/process_time/real_time             0.068 ms        0.073 ms        10337 items_per_second=14.8023k/s
BM_main_graph$async_dispatch_1_system_elf_riscv_64_main_graph$async_dispatch_1_matvec_like_32x32_f32/process_time/real_time_mean        0.067 ms        0.073 ms           10 items_per_second=14.8207k/s
BM_main_graph$async_dispatch_1_system_elf_riscv_64_main_graph$async_dispatch_1_matvec_like_32x32_f32/process_time/real_time_median      0.067 ms        0.073 ms           10 items_per_second=14.825k/s
BM_main_graph$async_dispatch_1_system_elf_riscv_64_main_graph$async_dispatch_1_matvec_like_32x32_f32/process_time/real_time_stddev      0.000 ms        0.000 ms           10 items_per_second=41.27/s
BM_main_graph$async_dispatch_1_system_elf_riscv_64_main_graph$async_dispatch_1_matvec_like_32x32_f32/process_time/real_time_cv           0.28 %          0.30 %            10 items_per_second=0.28%
