2026-01-10T04:57:14.805584
Running tools/iree-benchmark-module --module=/home/dima/sched_vmfb/mlp_rvv/module__encoding_3_embedded_elf_riscv_64_benchmark.vmfb --device=local-task --function=_encoding_3_embedded_elf_riscv_64__encoding_3_encode_2x32xf32_to_2x32xf32 --input=1xi32=1 --task_topology_cpu_ids=0 --benchmark_repetitions=10
2026-01-10T04:57:14+08:00
Running tools/iree-benchmark-module
Run on (8 X 1600 MHz CPU s)
CPU Caches:
  L1 Instruction 32 KiB (x8)
  L1 Data 32 KiB (x8)
  L2 Unified 512 KiB (x2)
Load Average: 2.35, 2.12, 2.03
---------------------------------------------------------------------------------------------------------------------------------------------------------------------
Benchmark                                                                                                           Time             CPU   Iterations UserCounters...
---------------------------------------------------------------------------------------------------------------------------------------------------------------------
BM__encoding_3_embedded_elf_riscv_64__encoding_3_encode_2x32xf32_to_2x32xf32/process_time/real_time             0.064 ms        0.069 ms        11035 items_per_second=15.714k/s
BM__encoding_3_embedded_elf_riscv_64__encoding_3_encode_2x32xf32_to_2x32xf32/process_time/real_time             0.064 ms        0.069 ms        11035 items_per_second=15.6675k/s
BM__encoding_3_embedded_elf_riscv_64__encoding_3_encode_2x32xf32_to_2x32xf32/process_time/real_time             0.064 ms        0.069 ms        11035 items_per_second=15.6646k/s
BM__encoding_3_embedded_elf_riscv_64__encoding_3_encode_2x32xf32_to_2x32xf32/process_time/real_time             0.064 ms        0.069 ms        11035 items_per_second=15.6981k/s
BM__encoding_3_embedded_elf_riscv_64__encoding_3_encode_2x32xf32_to_2x32xf32/process_time/real_time             0.064 ms        0.069 ms        11035 items_per_second=15.6597k/s
BM__encoding_3_embedded_elf_riscv_64__encoding_3_encode_2x32xf32_to_2x32xf32/process_time/real_time             0.065 ms        0.070 ms        11035 items_per_second=15.4919k/s
BM__encoding_3_embedded_elf_riscv_64__encoding_3_encode_2x32xf32_to_2x32xf32/process_time/real_time             0.064 ms        0.069 ms        11035 items_per_second=15.6446k/s
BM__encoding_3_embedded_elf_riscv_64__encoding_3_encode_2x32xf32_to_2x32xf32/process_time/real_time             0.064 ms        0.069 ms        11035 items_per_second=15.6289k/s
BM__encoding_3_embedded_elf_riscv_64__encoding_3_encode_2x32xf32_to_2x32xf32/process_time/real_time             0.063 ms        0.068 ms        11035 items_per_second=15.9281k/s
BM__encoding_3_embedded_elf_riscv_64__encoding_3_encode_2x32xf32_to_2x32xf32/process_time/real_time             0.064 ms        0.069 ms        11035 items_per_second=15.7053k/s
BM__encoding_3_embedded_elf_riscv_64__encoding_3_encode_2x32xf32_to_2x32xf32/process_time/real_time_mean        0.064 ms        0.069 ms           10 items_per_second=15.6803k/s
BM__encoding_3_embedded_elf_riscv_64__encoding_3_encode_2x32xf32_to_2x32xf32/process_time/real_time_median      0.064 ms        0.069 ms           10 items_per_second=15.666k/s
BM__encoding_3_embedded_elf_riscv_64__encoding_3_encode_2x32xf32_to_2x32xf32/process_time/real_time_stddev      0.000 ms        0.000 ms           10 items_per_second=107.362/s
BM__encoding_3_embedded_elf_riscv_64__encoding_3_encode_2x32xf32_to_2x32xf32/process_time/real_time_cv           0.68 %          0.47 %            10 items_per_second=0.68%
