2026-01-10T04:56:52.705314
Running tools/iree-benchmark-module --module=/home/dima/sched_vmfb/mlp_rvv/module__encoding_0_embedded_elf_riscv_64_benchmark.vmfb --device=local-task --function=_encoding_0_embedded_elf_riscv_64__encoding_0_encode_32x10xf32_to_32x10xf32 --input=1xi32=1 --task_topology_cpu_ids=0 --benchmark_repetitions=10
2026-01-10T04:56:52+08:00
Running tools/iree-benchmark-module
Run on (8 X 1600 MHz CPU s)
CPU Caches:
  L1 Instruction 32 KiB (x8)
  L1 Data 32 KiB (x8)
  L2 Unified 512 KiB (x2)
Load Average: 2.02, 2.05, 2.01
-----------------------------------------------------------------------------------------------------------------------------------------------------------------------
Benchmark                                                                                                             Time             CPU   Iterations UserCounters...
-----------------------------------------------------------------------------------------------------------------------------------------------------------------------
BM__encoding_0_embedded_elf_riscv_64__encoding_0_encode_32x10xf32_to_32x10xf32/process_time/real_time             0.071 ms        0.077 ms         9814 items_per_second=14.1018k/s
BM__encoding_0_embedded_elf_riscv_64__encoding_0_encode_32x10xf32_to_32x10xf32/process_time/real_time             0.072 ms        0.077 ms         9814 items_per_second=13.9801k/s
BM__encoding_0_embedded_elf_riscv_64__encoding_0_encode_32x10xf32_to_32x10xf32/process_time/real_time             0.071 ms        0.077 ms         9814 items_per_second=13.9895k/s
BM__encoding_0_embedded_elf_riscv_64__encoding_0_encode_32x10xf32_to_32x10xf32/process_time/real_time             0.071 ms        0.077 ms         9814 items_per_second=14.0094k/s
BM__encoding_0_embedded_elf_riscv_64__encoding_0_encode_32x10xf32_to_32x10xf32/process_time/real_time             0.071 ms        0.077 ms         9814 items_per_second=14.1413k/s
BM__encoding_0_embedded_elf_riscv_64__encoding_0_encode_32x10xf32_to_32x10xf32/process_time/real_time             0.071 ms        0.077 ms         9814 items_per_second=14.0643k/s
BM__encoding_0_embedded_elf_riscv_64__encoding_0_encode_32x10xf32_to_32x10xf32/process_time/real_time             0.071 ms        0.077 ms         9814 items_per_second=14.1208k/s
BM__encoding_0_embedded_elf_riscv_64__encoding_0_encode_32x10xf32_to_32x10xf32/process_time/real_time             0.071 ms        0.077 ms         9814 items_per_second=14.1156k/s
BM__encoding_0_embedded_elf_riscv_64__encoding_0_encode_32x10xf32_to_32x10xf32/process_time/real_time             0.071 ms        0.077 ms         9814 items_per_second=14.1067k/s
BM__encoding_0_embedded_elf_riscv_64__encoding_0_encode_32x10xf32_to_32x10xf32/process_time/real_time             0.071 ms        0.077 ms         9814 items_per_second=14.1406k/s
BM__encoding_0_embedded_elf_riscv_64__encoding_0_encode_32x10xf32_to_32x10xf32/process_time/real_time_mean        0.071 ms        0.077 ms           10 items_per_second=14.077k/s
BM__encoding_0_embedded_elf_riscv_64__encoding_0_encode_32x10xf32_to_32x10xf32/process_time/real_time_median      0.071 ms        0.077 ms           10 items_per_second=14.1042k/s
BM__encoding_0_embedded_elf_riscv_64__encoding_0_encode_32x10xf32_to_32x10xf32/process_time/real_time_stddev      0.000 ms        0.000 ms           10 items_per_second=62.243/s
BM__encoding_0_embedded_elf_riscv_64__encoding_0_encode_32x10xf32_to_32x10xf32/process_time/real_time_cv           0.44 %          0.38 %            10 items_per_second=0.44%
