2026-01-09T09:32:07.642180
Running tools/iree-benchmark-module --module=/home/dima/sched_vmfb/dronet_ukernel/dispatch_0.vmfb --device=local-task --function=main_graph$async_dispatch_0_system_elf_riscv_64_main_graph$async_dispatch_0_slow_memcpy --input=1xi32=1 --task_topology_cpu_ids=0 --benchmark_repetitions=10
2026-01-09T09:32:07+08:00
Running tools/iree-benchmark-module
Run on (8 X 1600 MHz CPU s)
CPU Caches:
  L1 Instruction 32 KiB (x8)
  L1 Data 32 KiB (x8)
  L2 Unified 512 KiB (x2)
Load Average: 2.33, 2.14, 2.35
-----------------------------------------------------------------------------------------------------------------------------------------------------------------------------------
Benchmark                                                                                                                         Time             CPU   Iterations UserCounters...
-----------------------------------------------------------------------------------------------------------------------------------------------------------------------------------
BM_main_graph$async_dispatch_0_system_elf_riscv_64_main_graph$async_dispatch_0_slow_memcpy/process_time/real_time             0.183 ms        0.189 ms         3983 items_per_second=5.45182k/s
BM_main_graph$async_dispatch_0_system_elf_riscv_64_main_graph$async_dispatch_0_slow_memcpy/process_time/real_time             0.185 ms        0.192 ms         3983 items_per_second=5.40475k/s
BM_main_graph$async_dispatch_0_system_elf_riscv_64_main_graph$async_dispatch_0_slow_memcpy/process_time/real_time             0.185 ms        0.192 ms         3983 items_per_second=5.40484k/s
BM_main_graph$async_dispatch_0_system_elf_riscv_64_main_graph$async_dispatch_0_slow_memcpy/process_time/real_time             0.183 ms        0.190 ms         3983 items_per_second=5.47005k/s
BM_main_graph$async_dispatch_0_system_elf_riscv_64_main_graph$async_dispatch_0_slow_memcpy/process_time/real_time             0.186 ms        0.193 ms         3983 items_per_second=5.37571k/s
BM_main_graph$async_dispatch_0_system_elf_riscv_64_main_graph$async_dispatch_0_slow_memcpy/process_time/real_time             0.185 ms        0.192 ms         3983 items_per_second=5.40539k/s
BM_main_graph$async_dispatch_0_system_elf_riscv_64_main_graph$async_dispatch_0_slow_memcpy/process_time/real_time             0.186 ms        0.192 ms         3983 items_per_second=5.38988k/s
BM_main_graph$async_dispatch_0_system_elf_riscv_64_main_graph$async_dispatch_0_slow_memcpy/process_time/real_time             0.186 ms        0.194 ms         3983 items_per_second=5.3661k/s
BM_main_graph$async_dispatch_0_system_elf_riscv_64_main_graph$async_dispatch_0_slow_memcpy/process_time/real_time             0.188 ms        0.195 ms         3983 items_per_second=5.31263k/s
BM_main_graph$async_dispatch_0_system_elf_riscv_64_main_graph$async_dispatch_0_slow_memcpy/process_time/real_time             0.185 ms        0.192 ms         3983 items_per_second=5.41693k/s
BM_main_graph$async_dispatch_0_system_elf_riscv_64_main_graph$async_dispatch_0_slow_memcpy/process_time/real_time_mean        0.185 ms        0.192 ms           10 items_per_second=5.39981k/s
BM_main_graph$async_dispatch_0_system_elf_riscv_64_main_graph$async_dispatch_0_slow_memcpy/process_time/real_time_median      0.185 ms        0.192 ms           10 items_per_second=5.4048k/s
BM_main_graph$async_dispatch_0_system_elf_riscv_64_main_graph$async_dispatch_0_slow_memcpy/process_time/real_time_stddev      0.002 ms        0.002 ms           10 items_per_second=44.0058/s
BM_main_graph$async_dispatch_0_system_elf_riscv_64_main_graph$async_dispatch_0_slow_memcpy/process_time/real_time_cv           0.82 %          0.90 %            10 items_per_second=0.81%
