2026-01-09T13:25:52.285981
Running tools/iree-benchmark-module --module=/home/dima/sched_vmfb/dronet_ukernel/module_main_graph$async_dispatch_3_embedded_elf_riscv_64_benchmark.vmfb --device=local-task --function=main_graph$async_dispatch_3_embedded_elf_riscv_64_main_graph$async_dispatch_3_conv_32x14x14x32x3x3_f32 --input=1xi32=1 --task_topology_cpu_ids=0 --benchmark_repetitions=10
2026-01-09T13:25:52+08:00
Running tools/iree-benchmark-module
Run on (8 X 1600 MHz CPU s)
CPU Caches:
  L1 Instruction 32 KiB (x8)
  L1 Data 32 KiB (x8)
  L2 Unified 512 KiB (x2)
Load Average: 2.73, 2.34, 2.24
--------------------------------------------------------------------------------------------------------------------------------------------------------------------------------------------------
Benchmark                                                                                                                                        Time             CPU   Iterations UserCounters...
--------------------------------------------------------------------------------------------------------------------------------------------------------------------------------------------------
BM_main_graph$async_dispatch_3_embedded_elf_riscv_64_main_graph$async_dispatch_3_conv_32x14x14x32x3x3_f32/process_time/real_time              10.9 ms         10.9 ms           64 items_per_second=91.4957/s
BM_main_graph$async_dispatch_3_embedded_elf_riscv_64_main_graph$async_dispatch_3_conv_32x14x14x32x3x3_f32/process_time/real_time              11.0 ms         11.0 ms           64 items_per_second=91.3053/s
BM_main_graph$async_dispatch_3_embedded_elf_riscv_64_main_graph$async_dispatch_3_conv_32x14x14x32x3x3_f32/process_time/real_time              10.9 ms         10.9 ms           64 items_per_second=91.6722/s
BM_main_graph$async_dispatch_3_embedded_elf_riscv_64_main_graph$async_dispatch_3_conv_32x14x14x32x3x3_f32/process_time/real_time              10.9 ms         10.9 ms           64 items_per_second=91.4874/s
BM_main_graph$async_dispatch_3_embedded_elf_riscv_64_main_graph$async_dispatch_3_conv_32x14x14x32x3x3_f32/process_time/real_time              11.0 ms         11.0 ms           64 items_per_second=91.1696/s
BM_main_graph$async_dispatch_3_embedded_elf_riscv_64_main_graph$async_dispatch_3_conv_32x14x14x32x3x3_f32/process_time/real_time              10.9 ms         10.9 ms           64 items_per_second=91.5529/s
BM_main_graph$async_dispatch_3_embedded_elf_riscv_64_main_graph$async_dispatch_3_conv_32x14x14x32x3x3_f32/process_time/real_time              10.9 ms         10.9 ms           64 items_per_second=91.5465/s
BM_main_graph$async_dispatch_3_embedded_elf_riscv_64_main_graph$async_dispatch_3_conv_32x14x14x32x3x3_f32/process_time/real_time              11.0 ms         11.0 ms           64 items_per_second=91.237/s
BM_main_graph$async_dispatch_3_embedded_elf_riscv_64_main_graph$async_dispatch_3_conv_32x14x14x32x3x3_f32/process_time/real_time              10.9 ms         10.9 ms           64 items_per_second=91.5706/s
BM_main_graph$async_dispatch_3_embedded_elf_riscv_64_main_graph$async_dispatch_3_conv_32x14x14x32x3x3_f32/process_time/real_time              10.9 ms         11.0 ms           64 items_per_second=91.3529/s
BM_main_graph$async_dispatch_3_embedded_elf_riscv_64_main_graph$async_dispatch_3_conv_32x14x14x32x3x3_f32/process_time/real_time_mean         10.9 ms         10.9 ms           10 items_per_second=91.439/s
BM_main_graph$async_dispatch_3_embedded_elf_riscv_64_main_graph$async_dispatch_3_conv_32x14x14x32x3x3_f32/process_time/real_time_median       10.9 ms         10.9 ms           10 items_per_second=91.4915/s
BM_main_graph$async_dispatch_3_embedded_elf_riscv_64_main_graph$async_dispatch_3_conv_32x14x14x32x3x3_f32/process_time/real_time_stddev      0.020 ms        0.019 ms           10 items_per_second=0.163449/s
BM_main_graph$async_dispatch_3_embedded_elf_riscv_64_main_graph$async_dispatch_3_conv_32x14x14x32x3x3_f32/process_time/real_time_cv           0.18 %          0.17 %            10 items_per_second=0.18%
