2026-01-08T12:46:13.372866
Running tools/iree-benchmark-module --module=/home/dima/sched_vmfb/glpdepth/module_main_graph$async_dispatch_212_embedded_elf_riscv_64_benchmark.vmfb --device=local-task --function=main_graph$async_dispatch_212_embedded_elf_riscv_64_main_graph$async_dispatch_212_conv_64x224x224x64x3x3_f32 --input=1xi32=1 --task_topology_cpu_ids=0,1,2 --benchmark_repetitions=10
2026-01-08T12:46:13+08:00
Running tools/iree-benchmark-module
Run on (8 X 1600 MHz CPU s)
CPU Caches:
  L1 Instruction 32 KiB (x8)
  L1 Data 32 KiB (x8)
  L2 Unified 512 KiB (x2)
Load Average: 4.88, 4.48, 3.96
--------------------------------------------------------------------------------------------------------------------------------------------------------------------------------------------------------
Benchmark                                                                                                                                              Time             CPU   Iterations UserCounters...
--------------------------------------------------------------------------------------------------------------------------------------------------------------------------------------------------------
BM_main_graph$async_dispatch_212_embedded_elf_riscv_64_main_graph$async_dispatch_212_conv_64x224x224x64x3x3_f32/process_time/real_time              4238 ms        12290 ms            1 items_per_second=0.235933/s
BM_main_graph$async_dispatch_212_embedded_elf_riscv_64_main_graph$async_dispatch_212_conv_64x224x224x64x3x3_f32/process_time/real_time              4244 ms        12280 ms            1 items_per_second=0.235652/s
BM_main_graph$async_dispatch_212_embedded_elf_riscv_64_main_graph$async_dispatch_212_conv_64x224x224x64x3x3_f32/process_time/real_time              4253 ms        12288 ms            1 items_per_second=0.235146/s
BM_main_graph$async_dispatch_212_embedded_elf_riscv_64_main_graph$async_dispatch_212_conv_64x224x224x64x3x3_f32/process_time/real_time              4241 ms        12277 ms            1 items_per_second=0.235766/s
BM_main_graph$async_dispatch_212_embedded_elf_riscv_64_main_graph$async_dispatch_212_conv_64x224x224x64x3x3_f32/process_time/real_time              4247 ms        12282 ms            1 items_per_second=0.235449/s
BM_main_graph$async_dispatch_212_embedded_elf_riscv_64_main_graph$async_dispatch_212_conv_64x224x224x64x3x3_f32/process_time/real_time              4233 ms        12262 ms            1 items_per_second=0.236252/s
BM_main_graph$async_dispatch_212_embedded_elf_riscv_64_main_graph$async_dispatch_212_conv_64x224x224x64x3x3_f32/process_time/real_time              4238 ms        12273 ms            1 items_per_second=0.235961/s
BM_main_graph$async_dispatch_212_embedded_elf_riscv_64_main_graph$async_dispatch_212_conv_64x224x224x64x3x3_f32/process_time/real_time              4238 ms        12274 ms            1 items_per_second=0.23596/s
BM_main_graph$async_dispatch_212_embedded_elf_riscv_64_main_graph$async_dispatch_212_conv_64x224x224x64x3x3_f32/process_time/real_time              4230 ms        12265 ms            1 items_per_second=0.23643/s
BM_main_graph$async_dispatch_212_embedded_elf_riscv_64_main_graph$async_dispatch_212_conv_64x224x224x64x3x3_f32/process_time/real_time              4227 ms        12262 ms            1 items_per_second=0.236587/s
BM_main_graph$async_dispatch_212_embedded_elf_riscv_64_main_graph$async_dispatch_212_conv_64x224x224x64x3x3_f32/process_time/real_time_mean         4239 ms        12275 ms           10 items_per_second=0.235913/s
BM_main_graph$async_dispatch_212_embedded_elf_riscv_64_main_graph$async_dispatch_212_conv_64x224x224x64x3x3_f32/process_time/real_time_median       4238 ms        12275 ms           10 items_per_second=0.235946/s
BM_main_graph$async_dispatch_212_embedded_elf_riscv_64_main_graph$async_dispatch_212_conv_64x224x224x64x3x3_f32/process_time/real_time_stddev       7.89 ms         10.1 ms           10 items_per_second=438.939u/s
BM_main_graph$async_dispatch_212_embedded_elf_riscv_64_main_graph$async_dispatch_212_conv_64x224x224x64x3x3_f32/process_time/real_time_cv           0.19 %          0.08 %            10 items_per_second=0.19%
