2026-01-08T12:48:15.462047
Running tools/iree-benchmark-module --module=/home/dima/sched_vmfb/glpdepth/module_main_graph$async_dispatch_53_embedded_elf_riscv_64_benchmark.vmfb --device=local-task --function=main_graph$async_dispatch_53_embedded_elf_riscv_64_main_graph$async_dispatch_53_reduction_784x64_f32 --input=1xi32=1 --task_topology_cpu_ids=0,1,2 --benchmark_repetitions=10
2026-01-08T12:48:15+08:00
Running tools/iree-benchmark-module
Run on (8 X 1600 MHz CPU s)
CPU Caches:
  L1 Instruction 32 KiB (x8)
  L1 Data 32 KiB (x8)
  L2 Unified 512 KiB (x2)
Load Average: 4.80, 4.62, 4.08
------------------------------------------------------------------------------------------------------------------------------------------------------------------------------------------------
Benchmark                                                                                                                                      Time             CPU   Iterations UserCounters...
------------------------------------------------------------------------------------------------------------------------------------------------------------------------------------------------
BM_main_graph$async_dispatch_53_embedded_elf_riscv_64_main_graph$async_dispatch_53_reduction_784x64_f32/process_time/real_time              3.07 ms         6.96 ms          233 items_per_second=325.211/s
BM_main_graph$async_dispatch_53_embedded_elf_riscv_64_main_graph$async_dispatch_53_reduction_784x64_f32/process_time/real_time              3.04 ms         6.94 ms          233 items_per_second=328.52/s
BM_main_graph$async_dispatch_53_embedded_elf_riscv_64_main_graph$async_dispatch_53_reduction_784x64_f32/process_time/real_time              3.04 ms         6.93 ms          233 items_per_second=328.595/s
BM_main_graph$async_dispatch_53_embedded_elf_riscv_64_main_graph$async_dispatch_53_reduction_784x64_f32/process_time/real_time              3.01 ms         6.93 ms          233 items_per_second=331.732/s
BM_main_graph$async_dispatch_53_embedded_elf_riscv_64_main_graph$async_dispatch_53_reduction_784x64_f32/process_time/real_time              3.00 ms         6.88 ms          233 items_per_second=333.471/s
BM_main_graph$async_dispatch_53_embedded_elf_riscv_64_main_graph$async_dispatch_53_reduction_784x64_f32/process_time/real_time              3.02 ms         6.88 ms          233 items_per_second=331.435/s
BM_main_graph$async_dispatch_53_embedded_elf_riscv_64_main_graph$async_dispatch_53_reduction_784x64_f32/process_time/real_time              2.98 ms         6.86 ms          233 items_per_second=335.015/s
BM_main_graph$async_dispatch_53_embedded_elf_riscv_64_main_graph$async_dispatch_53_reduction_784x64_f32/process_time/real_time              3.01 ms         6.88 ms          233 items_per_second=331.962/s
BM_main_graph$async_dispatch_53_embedded_elf_riscv_64_main_graph$async_dispatch_53_reduction_784x64_f32/process_time/real_time              3.01 ms         6.88 ms          233 items_per_second=332.212/s
BM_main_graph$async_dispatch_53_embedded_elf_riscv_64_main_graph$async_dispatch_53_reduction_784x64_f32/process_time/real_time              2.98 ms         6.86 ms          233 items_per_second=335.115/s
BM_main_graph$async_dispatch_53_embedded_elf_riscv_64_main_graph$async_dispatch_53_reduction_784x64_f32/process_time/real_time_mean         3.02 ms         6.90 ms           10 items_per_second=331.327/s
BM_main_graph$async_dispatch_53_embedded_elf_riscv_64_main_graph$async_dispatch_53_reduction_784x64_f32/process_time/real_time_median       3.01 ms         6.88 ms           10 items_per_second=331.847/s
BM_main_graph$async_dispatch_53_embedded_elf_riscv_64_main_graph$async_dispatch_53_reduction_784x64_f32/process_time/real_time_stddev      0.028 ms        0.036 ms           10 items_per_second=3.1031/s
BM_main_graph$async_dispatch_53_embedded_elf_riscv_64_main_graph$async_dispatch_53_reduction_784x64_f32/process_time/real_time_cv           0.94 %          0.52 %            10 items_per_second=0.94%
