2026-01-08T12:38:17.331943
Running tools/iree-benchmark-module --module=/home/dima/sched_vmfb/glpdepth/module_main_graph$async_dispatch_111_embedded_elf_riscv_64_benchmark.vmfb --device=local-task --function=main_graph$async_dispatch_111_embedded_elf_riscv_64_main_graph$async_dispatch_111_batch_mmt4d_5x5x7x49x7x32x1_f32 --input=1xi32=1 --task_topology_cpu_ids=0,1,2 --benchmark_repetitions=10
2026-01-08T12:38:17+08:00
Running tools/iree-benchmark-module
Run on (8 X 1600 MHz CPU s)
CPU Caches:
  L1 Instruction 32 KiB (x8)
  L1 Data 32 KiB (x8)
  L2 Unified 512 KiB (x2)
Load Average: 4.38, 4.05, 3.58
-------------------------------------------------------------------------------------------------------------------------------------------------------------------------------------------------------------
Benchmark                                                                                                                                                   Time             CPU   Iterations UserCounters...
-------------------------------------------------------------------------------------------------------------------------------------------------------------------------------------------------------------
BM_main_graph$async_dispatch_111_embedded_elf_riscv_64_main_graph$async_dispatch_111_batch_mmt4d_5x5x7x49x7x32x1_f32/process_time/real_time             0.436 ms         1.09 ms         1606 items_per_second=2.29325k/s
BM_main_graph$async_dispatch_111_embedded_elf_riscv_64_main_graph$async_dispatch_111_batch_mmt4d_5x5x7x49x7x32x1_f32/process_time/real_time             0.433 ms         1.09 ms         1606 items_per_second=2.31098k/s
BM_main_graph$async_dispatch_111_embedded_elf_riscv_64_main_graph$async_dispatch_111_batch_mmt4d_5x5x7x49x7x32x1_f32/process_time/real_time             0.435 ms         1.09 ms         1606 items_per_second=2.30146k/s
BM_main_graph$async_dispatch_111_embedded_elf_riscv_64_main_graph$async_dispatch_111_batch_mmt4d_5x5x7x49x7x32x1_f32/process_time/real_time             0.434 ms         1.09 ms         1606 items_per_second=2.30674k/s
BM_main_graph$async_dispatch_111_embedded_elf_riscv_64_main_graph$async_dispatch_111_batch_mmt4d_5x5x7x49x7x32x1_f32/process_time/real_time             0.433 ms         1.09 ms         1606 items_per_second=2.30767k/s
BM_main_graph$async_dispatch_111_embedded_elf_riscv_64_main_graph$async_dispatch_111_batch_mmt4d_5x5x7x49x7x32x1_f32/process_time/real_time             0.435 ms         1.09 ms         1606 items_per_second=2.3012k/s
BM_main_graph$async_dispatch_111_embedded_elf_riscv_64_main_graph$async_dispatch_111_batch_mmt4d_5x5x7x49x7x32x1_f32/process_time/real_time             0.434 ms         1.09 ms         1606 items_per_second=2.30564k/s
BM_main_graph$async_dispatch_111_embedded_elf_riscv_64_main_graph$async_dispatch_111_batch_mmt4d_5x5x7x49x7x32x1_f32/process_time/real_time             0.433 ms         1.09 ms         1606 items_per_second=2.30792k/s
BM_main_graph$async_dispatch_111_embedded_elf_riscv_64_main_graph$async_dispatch_111_batch_mmt4d_5x5x7x49x7x32x1_f32/process_time/real_time             0.435 ms         1.09 ms         1606 items_per_second=2.29998k/s
BM_main_graph$async_dispatch_111_embedded_elf_riscv_64_main_graph$async_dispatch_111_batch_mmt4d_5x5x7x49x7x32x1_f32/process_time/real_time             0.433 ms         1.09 ms         1606 items_per_second=2.30729k/s
BM_main_graph$async_dispatch_111_embedded_elf_riscv_64_main_graph$async_dispatch_111_batch_mmt4d_5x5x7x49x7x32x1_f32/process_time/real_time_mean        0.434 ms         1.09 ms           10 items_per_second=2.30421k/s
BM_main_graph$async_dispatch_111_embedded_elf_riscv_64_main_graph$async_dispatch_111_batch_mmt4d_5x5x7x49x7x32x1_f32/process_time/real_time_median      0.434 ms         1.09 ms           10 items_per_second=2.30619k/s
BM_main_graph$async_dispatch_111_embedded_elf_riscv_64_main_graph$async_dispatch_111_batch_mmt4d_5x5x7x49x7x32x1_f32/process_time/real_time_stddev      0.001 ms        0.001 ms           10 items_per_second=5.20847/s
BM_main_graph$async_dispatch_111_embedded_elf_riscv_64_main_graph$async_dispatch_111_batch_mmt4d_5x5x7x49x7x32x1_f32/process_time/real_time_cv           0.23 %          0.09 %            10 items_per_second=0.23%
