2026-01-08T12:50:10.872359
Running tools/iree-benchmark-module --module=/home/dima/sched_vmfb/glpdepth/module_main_graph$async_dispatch_69_embedded_elf_riscv_64_benchmark.vmfb --device=local-task --function=main_graph$async_dispatch_69_embedded_elf_riscv_64_main_graph$async_dispatch_69_reduction_784x64_f32 --input=1xi32=1 --task_topology_cpu_ids=0,1,2 --benchmark_repetitions=10
2026-01-08T12:50:10+08:00
Running tools/iree-benchmark-module
Run on (8 X 1600 MHz CPU s)
CPU Caches:
  L1 Instruction 32 KiB (x8)
  L1 Data 32 KiB (x8)
  L2 Unified 512 KiB (x2)
Load Average: 4.62, 4.60, 4.14
------------------------------------------------------------------------------------------------------------------------------------------------------------------------------------------------
Benchmark                                                                                                                                      Time             CPU   Iterations UserCounters...
------------------------------------------------------------------------------------------------------------------------------------------------------------------------------------------------
BM_main_graph$async_dispatch_69_embedded_elf_riscv_64_main_graph$async_dispatch_69_reduction_784x64_f32/process_time/real_time             0.449 ms        0.976 ms         1567 items_per_second=2.2266k/s
BM_main_graph$async_dispatch_69_embedded_elf_riscv_64_main_graph$async_dispatch_69_reduction_784x64_f32/process_time/real_time             0.453 ms        0.987 ms         1567 items_per_second=2.20833k/s
BM_main_graph$async_dispatch_69_embedded_elf_riscv_64_main_graph$async_dispatch_69_reduction_784x64_f32/process_time/real_time             0.463 ms         1.01 ms         1567 items_per_second=2.16174k/s
BM_main_graph$async_dispatch_69_embedded_elf_riscv_64_main_graph$async_dispatch_69_reduction_784x64_f32/process_time/real_time             0.494 ms         1.01 ms         1567 items_per_second=2.02284k/s
BM_main_graph$async_dispatch_69_embedded_elf_riscv_64_main_graph$async_dispatch_69_reduction_784x64_f32/process_time/real_time             0.464 ms        0.997 ms         1567 items_per_second=2.15621k/s
BM_main_graph$async_dispatch_69_embedded_elf_riscv_64_main_graph$async_dispatch_69_reduction_784x64_f32/process_time/real_time             0.457 ms        0.993 ms         1567 items_per_second=2.1885k/s
BM_main_graph$async_dispatch_69_embedded_elf_riscv_64_main_graph$async_dispatch_69_reduction_784x64_f32/process_time/real_time             0.457 ms        0.991 ms         1567 items_per_second=2.1859k/s
BM_main_graph$async_dispatch_69_embedded_elf_riscv_64_main_graph$async_dispatch_69_reduction_784x64_f32/process_time/real_time             0.458 ms        0.989 ms         1567 items_per_second=2.18535k/s
BM_main_graph$async_dispatch_69_embedded_elf_riscv_64_main_graph$async_dispatch_69_reduction_784x64_f32/process_time/real_time             0.457 ms        0.989 ms         1567 items_per_second=2.18708k/s
BM_main_graph$async_dispatch_69_embedded_elf_riscv_64_main_graph$async_dispatch_69_reduction_784x64_f32/process_time/real_time             0.456 ms        0.990 ms         1567 items_per_second=2.19161k/s
BM_main_graph$async_dispatch_69_embedded_elf_riscv_64_main_graph$async_dispatch_69_reduction_784x64_f32/process_time/real_time_mean        0.461 ms        0.994 ms           10 items_per_second=2.17141k/s
BM_main_graph$async_dispatch_69_embedded_elf_riscv_64_main_graph$async_dispatch_69_reduction_784x64_f32/process_time/real_time_median      0.457 ms        0.990 ms           10 items_per_second=2.18649k/s
BM_main_graph$async_dispatch_69_embedded_elf_riscv_64_main_graph$async_dispatch_69_reduction_784x64_f32/process_time/real_time_stddev      0.013 ms        0.011 ms           10 items_per_second=55.9346/s
BM_main_graph$async_dispatch_69_embedded_elf_riscv_64_main_graph$async_dispatch_69_reduction_784x64_f32/process_time/real_time_cv           2.71 %          1.15 %            10 items_per_second=2.58%
