2026-01-08T12:41:05.859365
Running tools/iree-benchmark-module --module=/home/dima/sched_vmfb/glpdepth/module_main_graph$async_dispatch_153_embedded_elf_riscv_64_benchmark.vmfb --device=local-task --function=main_graph$async_dispatch_153_embedded_elf_riscv_64_main_graph$async_dispatch_153_softmax_8x49x49xf32_dispatch_tensor_store --input=1xi32=1 --task_topology_cpu_ids=0,1,2 --benchmark_repetitions=10
2026-01-08T12:41:05+08:00
Running tools/iree-benchmark-module
Run on (8 X 1600 MHz CPU s)
CPU Caches:
  L1 Instruction 32 KiB (x8)
  L1 Data 32 KiB (x8)
  L2 Unified 512 KiB (x2)
Load Average: 4.17, 4.15, 3.70
-----------------------------------------------------------------------------------------------------------------------------------------------------------------------------------------------------------------------
Benchmark                                                                                                                                                             Time             CPU   Iterations UserCounters...
-----------------------------------------------------------------------------------------------------------------------------------------------------------------------------------------------------------------------
BM_main_graph$async_dispatch_153_embedded_elf_riscv_64_main_graph$async_dispatch_153_softmax_8x49x49xf32_dispatch_tensor_store/process_time/real_time             0.366 ms        0.771 ms         1907 items_per_second=2.73452k/s
BM_main_graph$async_dispatch_153_embedded_elf_riscv_64_main_graph$async_dispatch_153_softmax_8x49x49xf32_dispatch_tensor_store/process_time/real_time             0.367 ms        0.773 ms         1907 items_per_second=2.72258k/s
BM_main_graph$async_dispatch_153_embedded_elf_riscv_64_main_graph$async_dispatch_153_softmax_8x49x49xf32_dispatch_tensor_store/process_time/real_time             0.367 ms        0.771 ms         1907 items_per_second=2.72561k/s
BM_main_graph$async_dispatch_153_embedded_elf_riscv_64_main_graph$async_dispatch_153_softmax_8x49x49xf32_dispatch_tensor_store/process_time/real_time             0.367 ms        0.771 ms         1907 items_per_second=2.72765k/s
BM_main_graph$async_dispatch_153_embedded_elf_riscv_64_main_graph$async_dispatch_153_softmax_8x49x49xf32_dispatch_tensor_store/process_time/real_time             0.370 ms        0.773 ms         1907 items_per_second=2.70048k/s
BM_main_graph$async_dispatch_153_embedded_elf_riscv_64_main_graph$async_dispatch_153_softmax_8x49x49xf32_dispatch_tensor_store/process_time/real_time             0.367 ms        0.771 ms         1907 items_per_second=2.72227k/s
BM_main_graph$async_dispatch_153_embedded_elf_riscv_64_main_graph$async_dispatch_153_softmax_8x49x49xf32_dispatch_tensor_store/process_time/real_time             0.368 ms        0.772 ms         1907 items_per_second=2.7189k/s
BM_main_graph$async_dispatch_153_embedded_elf_riscv_64_main_graph$async_dispatch_153_softmax_8x49x49xf32_dispatch_tensor_store/process_time/real_time             0.367 ms        0.773 ms         1907 items_per_second=2.72485k/s
BM_main_graph$async_dispatch_153_embedded_elf_riscv_64_main_graph$async_dispatch_153_softmax_8x49x49xf32_dispatch_tensor_store/process_time/real_time             0.367 ms        0.771 ms         1907 items_per_second=2.72646k/s
BM_main_graph$async_dispatch_153_embedded_elf_riscv_64_main_graph$async_dispatch_153_softmax_8x49x49xf32_dispatch_tensor_store/process_time/real_time             0.367 ms        0.771 ms         1907 items_per_second=2.72727k/s
BM_main_graph$async_dispatch_153_embedded_elf_riscv_64_main_graph$async_dispatch_153_softmax_8x49x49xf32_dispatch_tensor_store/process_time/real_time_mean        0.367 ms        0.772 ms           10 items_per_second=2.72306k/s
BM_main_graph$async_dispatch_153_embedded_elf_riscv_64_main_graph$async_dispatch_153_softmax_8x49x49xf32_dispatch_tensor_store/process_time/real_time_median      0.367 ms        0.771 ms           10 items_per_second=2.72523k/s
BM_main_graph$async_dispatch_153_embedded_elf_riscv_64_main_graph$async_dispatch_153_softmax_8x49x49xf32_dispatch_tensor_store/process_time/real_time_stddev      0.001 ms        0.001 ms           10 items_per_second=8.93934/s
BM_main_graph$async_dispatch_153_embedded_elf_riscv_64_main_graph$async_dispatch_153_softmax_8x49x49xf32_dispatch_tensor_store/process_time/real_time_cv           0.33 %          0.08 %            10 items_per_second=0.33%
