2026-01-08T12:40:14.481837
Running tools/iree-benchmark-module --module=/home/dima/sched_vmfb/glpdepth/module_main_graph$async_dispatch_147_embedded_elf_riscv_64_benchmark.vmfb --device=local-task --function=main_graph$async_dispatch_147_embedded_elf_riscv_64_main_graph$async_dispatch_147_reduction_49x256_f32 --input=1xi32=1 --task_topology_cpu_ids=0,1,2 --benchmark_repetitions=10
2026-01-08T12:40:14+08:00
Running tools/iree-benchmark-module
Run on (8 X 1600 MHz CPU s)
CPU Caches:
  L1 Instruction 32 KiB (x8)
  L1 Data 32 KiB (x8)
  L2 Unified 512 KiB (x2)
Load Average: 4.42, 4.17, 3.68
--------------------------------------------------------------------------------------------------------------------------------------------------------------------------------------------------
Benchmark                                                                                                                                        Time             CPU   Iterations UserCounters...
--------------------------------------------------------------------------------------------------------------------------------------------------------------------------------------------------
BM_main_graph$async_dispatch_147_embedded_elf_riscv_64_main_graph$async_dispatch_147_reduction_49x256_f32/process_time/real_time             0.724 ms         1.92 ms          978 items_per_second=1.38104k/s
BM_main_graph$async_dispatch_147_embedded_elf_riscv_64_main_graph$async_dispatch_147_reduction_49x256_f32/process_time/real_time             0.718 ms         1.92 ms          978 items_per_second=1.39221k/s
BM_main_graph$async_dispatch_147_embedded_elf_riscv_64_main_graph$async_dispatch_147_reduction_49x256_f32/process_time/real_time             0.716 ms         1.92 ms          978 items_per_second=1.39755k/s
BM_main_graph$async_dispatch_147_embedded_elf_riscv_64_main_graph$async_dispatch_147_reduction_49x256_f32/process_time/real_time             0.724 ms         1.92 ms          978 items_per_second=1.38048k/s
BM_main_graph$async_dispatch_147_embedded_elf_riscv_64_main_graph$async_dispatch_147_reduction_49x256_f32/process_time/real_time             0.718 ms         1.92 ms          978 items_per_second=1.39323k/s
BM_main_graph$async_dispatch_147_embedded_elf_riscv_64_main_graph$async_dispatch_147_reduction_49x256_f32/process_time/real_time             0.716 ms         1.92 ms          978 items_per_second=1.39649k/s
BM_main_graph$async_dispatch_147_embedded_elf_riscv_64_main_graph$async_dispatch_147_reduction_49x256_f32/process_time/real_time             0.715 ms         1.92 ms          978 items_per_second=1.39867k/s
BM_main_graph$async_dispatch_147_embedded_elf_riscv_64_main_graph$async_dispatch_147_reduction_49x256_f32/process_time/real_time             0.711 ms         1.92 ms          978 items_per_second=1.40649k/s
BM_main_graph$async_dispatch_147_embedded_elf_riscv_64_main_graph$async_dispatch_147_reduction_49x256_f32/process_time/real_time             0.713 ms         1.92 ms          978 items_per_second=1.40214k/s
BM_main_graph$async_dispatch_147_embedded_elf_riscv_64_main_graph$async_dispatch_147_reduction_49x256_f32/process_time/real_time             0.711 ms         1.92 ms          978 items_per_second=1.40594k/s
BM_main_graph$async_dispatch_147_embedded_elf_riscv_64_main_graph$async_dispatch_147_reduction_49x256_f32/process_time/real_time_mean        0.717 ms         1.92 ms           10 items_per_second=1.39542k/s
BM_main_graph$async_dispatch_147_embedded_elf_riscv_64_main_graph$async_dispatch_147_reduction_49x256_f32/process_time/real_time_median      0.716 ms         1.92 ms           10 items_per_second=1.39702k/s
BM_main_graph$async_dispatch_147_embedded_elf_riscv_64_main_graph$async_dispatch_147_reduction_49x256_f32/process_time/real_time_stddev      0.005 ms        0.002 ms           10 items_per_second=9.06526/s
BM_main_graph$async_dispatch_147_embedded_elf_riscv_64_main_graph$async_dispatch_147_reduction_49x256_f32/process_time/real_time_cv           0.65 %          0.09 %            10 items_per_second=0.65%
