2026-01-08T12:38:53.682163
Running tools/iree-benchmark-module --module=/home/dima/sched_vmfb/glpdepth/module_main_graph$async_dispatch_116_embedded_elf_riscv_64_benchmark.vmfb --device=local-task --function=main_graph$async_dispatch_116_embedded_elf_riscv_64_main_graph$async_dispatch_116_reduction_196x160_f32 --input=1xi32=1 --task_topology_cpu_ids=0,1,2 --benchmark_repetitions=10
2026-01-08T12:38:53+08:00
Running tools/iree-benchmark-module
Run on (8 X 1600 MHz CPU s)
CPU Caches:
  L1 Instruction 32 KiB (x8)
  L1 Data 32 KiB (x8)
  L2 Unified 512 KiB (x2)
Load Average: 4.20, 4.03, 3.59
---------------------------------------------------------------------------------------------------------------------------------------------------------------------------------------------------
Benchmark                                                                                                                                         Time             CPU   Iterations UserCounters...
---------------------------------------------------------------------------------------------------------------------------------------------------------------------------------------------------
BM_main_graph$async_dispatch_116_embedded_elf_riscv_64_main_graph$async_dispatch_116_reduction_196x160_f32/process_time/real_time             0.414 ms         1.02 ms         1688 items_per_second=2.41333k/s
BM_main_graph$async_dispatch_116_embedded_elf_riscv_64_main_graph$async_dispatch_116_reduction_196x160_f32/process_time/real_time             0.416 ms         1.02 ms         1688 items_per_second=2.40485k/s
BM_main_graph$async_dispatch_116_embedded_elf_riscv_64_main_graph$async_dispatch_116_reduction_196x160_f32/process_time/real_time             0.414 ms         1.02 ms         1688 items_per_second=2.4144k/s
BM_main_graph$async_dispatch_116_embedded_elf_riscv_64_main_graph$async_dispatch_116_reduction_196x160_f32/process_time/real_time             0.414 ms         1.02 ms         1688 items_per_second=2.41603k/s
BM_main_graph$async_dispatch_116_embedded_elf_riscv_64_main_graph$async_dispatch_116_reduction_196x160_f32/process_time/real_time             0.413 ms         1.01 ms         1688 items_per_second=2.42302k/s
BM_main_graph$async_dispatch_116_embedded_elf_riscv_64_main_graph$async_dispatch_116_reduction_196x160_f32/process_time/real_time             0.417 ms         1.02 ms         1688 items_per_second=2.3993k/s
BM_main_graph$async_dispatch_116_embedded_elf_riscv_64_main_graph$async_dispatch_116_reduction_196x160_f32/process_time/real_time             0.416 ms         1.02 ms         1688 items_per_second=2.40235k/s
BM_main_graph$async_dispatch_116_embedded_elf_riscv_64_main_graph$async_dispatch_116_reduction_196x160_f32/process_time/real_time             0.452 ms         1.06 ms         1688 items_per_second=2.21207k/s
BM_main_graph$async_dispatch_116_embedded_elf_riscv_64_main_graph$async_dispatch_116_reduction_196x160_f32/process_time/real_time             0.423 ms         1.05 ms         1688 items_per_second=2.36433k/s
BM_main_graph$async_dispatch_116_embedded_elf_riscv_64_main_graph$async_dispatch_116_reduction_196x160_f32/process_time/real_time             0.422 ms         1.05 ms         1688 items_per_second=2.36719k/s
BM_main_graph$async_dispatch_116_embedded_elf_riscv_64_main_graph$async_dispatch_116_reduction_196x160_f32/process_time/real_time_mean        0.420 ms         1.03 ms           10 items_per_second=2.38169k/s
BM_main_graph$async_dispatch_116_embedded_elf_riscv_64_main_graph$async_dispatch_116_reduction_196x160_f32/process_time/real_time_median      0.416 ms         1.02 ms           10 items_per_second=2.4036k/s
BM_main_graph$async_dispatch_116_embedded_elf_riscv_64_main_graph$async_dispatch_116_reduction_196x160_f32/process_time/real_time_stddev      0.012 ms        0.017 ms           10 items_per_second=62.8177/s
BM_main_graph$async_dispatch_116_embedded_elf_riscv_64_main_graph$async_dispatch_116_reduction_196x160_f32/process_time/real_time_cv           2.79 %          1.67 %            10 items_per_second=2.64%
