2026-01-08T12:47:23.940597
Running tools/iree-benchmark-module --module=/home/dima/sched_vmfb/glpdepth/module_main_graph$async_dispatch_24_embedded_elf_riscv_64_benchmark.vmfb --device=local-task --function=main_graph$async_dispatch_24_embedded_elf_riscv_64_main_graph$async_dispatch_24_mmt4d_5x98x128x7x32x1_f32 --input=1xi32=1 --task_topology_cpu_ids=0,1,2 --benchmark_repetitions=10
2026-01-08T12:47:23+08:00
Running tools/iree-benchmark-module
Run on (8 X 1600 MHz CPU s)
CPU Caches:
  L1 Instruction 32 KiB (x8)
  L1 Data 32 KiB (x8)
  L2 Unified 512 KiB (x2)
Load Average: 4.98, 4.60, 4.04
-----------------------------------------------------------------------------------------------------------------------------------------------------------------------------------------------------
Benchmark                                                                                                                                           Time             CPU   Iterations UserCounters...
-----------------------------------------------------------------------------------------------------------------------------------------------------------------------------------------------------
BM_main_graph$async_dispatch_24_embedded_elf_riscv_64_main_graph$async_dispatch_24_mmt4d_5x98x128x7x32x1_f32/process_time/real_time              2.63 ms         7.44 ms          266 items_per_second=379.854/s
BM_main_graph$async_dispatch_24_embedded_elf_riscv_64_main_graph$async_dispatch_24_mmt4d_5x98x128x7x32x1_f32/process_time/real_time              2.67 ms         7.45 ms          266 items_per_second=373.902/s
BM_main_graph$async_dispatch_24_embedded_elf_riscv_64_main_graph$async_dispatch_24_mmt4d_5x98x128x7x32x1_f32/process_time/real_time              2.66 ms         7.44 ms          266 items_per_second=376.636/s
BM_main_graph$async_dispatch_24_embedded_elf_riscv_64_main_graph$async_dispatch_24_mmt4d_5x98x128x7x32x1_f32/process_time/real_time              2.65 ms         7.44 ms          266 items_per_second=377.177/s
BM_main_graph$async_dispatch_24_embedded_elf_riscv_64_main_graph$async_dispatch_24_mmt4d_5x98x128x7x32x1_f32/process_time/real_time              2.68 ms         7.45 ms          266 items_per_second=373.535/s
BM_main_graph$async_dispatch_24_embedded_elf_riscv_64_main_graph$async_dispatch_24_mmt4d_5x98x128x7x32x1_f32/process_time/real_time              2.66 ms         7.44 ms          266 items_per_second=375.588/s
BM_main_graph$async_dispatch_24_embedded_elf_riscv_64_main_graph$async_dispatch_24_mmt4d_5x98x128x7x32x1_f32/process_time/real_time              2.68 ms         7.45 ms          266 items_per_second=372.893/s
BM_main_graph$async_dispatch_24_embedded_elf_riscv_64_main_graph$async_dispatch_24_mmt4d_5x98x128x7x32x1_f32/process_time/real_time              2.65 ms         7.45 ms          266 items_per_second=377.303/s
BM_main_graph$async_dispatch_24_embedded_elf_riscv_64_main_graph$async_dispatch_24_mmt4d_5x98x128x7x32x1_f32/process_time/real_time              2.65 ms         7.44 ms          266 items_per_second=377.019/s
BM_main_graph$async_dispatch_24_embedded_elf_riscv_64_main_graph$async_dispatch_24_mmt4d_5x98x128x7x32x1_f32/process_time/real_time              2.65 ms         7.45 ms          266 items_per_second=377.095/s
BM_main_graph$async_dispatch_24_embedded_elf_riscv_64_main_graph$async_dispatch_24_mmt4d_5x98x128x7x32x1_f32/process_time/real_time_mean         2.66 ms         7.45 ms           10 items_per_second=376.1/s
BM_main_graph$async_dispatch_24_embedded_elf_riscv_64_main_graph$async_dispatch_24_mmt4d_5x98x128x7x32x1_f32/process_time/real_time_median       2.65 ms         7.45 ms           10 items_per_second=376.828/s
BM_main_graph$async_dispatch_24_embedded_elf_riscv_64_main_graph$async_dispatch_24_mmt4d_5x98x128x7x32x1_f32/process_time/real_time_stddev      0.015 ms        0.005 ms           10 items_per_second=2.12849/s
BM_main_graph$async_dispatch_24_embedded_elf_riscv_64_main_graph$async_dispatch_24_mmt4d_5x98x128x7x32x1_f32/process_time/real_time_cv           0.57 %          0.07 %            10 items_per_second=0.57%
