2026-01-08T12:39:38.664527
Running tools/iree-benchmark-module --module=/home/dima/sched_vmfb/glpdepth/module_main_graph$async_dispatch_12_embedded_elf_riscv_64_benchmark.vmfb --device=local-task --function=main_graph$async_dispatch_12_embedded_elf_riscv_64_main_graph$async_dispatch_12_softmax_3136x49xf32_dispatch_tensor_store --input=1xi32=1 --task_topology_cpu_ids=0,1,2 --benchmark_repetitions=10
2026-01-08T12:39:38+08:00
Running tools/iree-benchmark-module
Run on (8 X 1600 MHz CPU s)
CPU Caches:
  L1 Instruction 32 KiB (x8)
  L1 Data 32 KiB (x8)
  L2 Unified 512 KiB (x2)
Load Average: 4.50, 4.14, 3.65
---------------------------------------------------------------------------------------------------------------------------------------------------------------------------------------------------------------------
Benchmark                                                                                                                                                           Time             CPU   Iterations UserCounters...
---------------------------------------------------------------------------------------------------------------------------------------------------------------------------------------------------------------------
BM_main_graph$async_dispatch_12_embedded_elf_riscv_64_main_graph$async_dispatch_12_softmax_3136x49xf32_dispatch_tensor_store/process_time/real_time              2.26 ms         6.31 ms          309 items_per_second=441.86/s
BM_main_graph$async_dispatch_12_embedded_elf_riscv_64_main_graph$async_dispatch_12_softmax_3136x49xf32_dispatch_tensor_store/process_time/real_time              2.27 ms         6.32 ms          309 items_per_second=441.366/s
BM_main_graph$async_dispatch_12_embedded_elf_riscv_64_main_graph$async_dispatch_12_softmax_3136x49xf32_dispatch_tensor_store/process_time/real_time              2.34 ms         6.43 ms          309 items_per_second=428.076/s
BM_main_graph$async_dispatch_12_embedded_elf_riscv_64_main_graph$async_dispatch_12_softmax_3136x49xf32_dispatch_tensor_store/process_time/real_time              2.30 ms         6.39 ms          309 items_per_second=435.051/s
BM_main_graph$async_dispatch_12_embedded_elf_riscv_64_main_graph$async_dispatch_12_softmax_3136x49xf32_dispatch_tensor_store/process_time/real_time              2.30 ms         6.39 ms          309 items_per_second=434.937/s
BM_main_graph$async_dispatch_12_embedded_elf_riscv_64_main_graph$async_dispatch_12_softmax_3136x49xf32_dispatch_tensor_store/process_time/real_time              2.30 ms         6.38 ms          309 items_per_second=434.046/s
BM_main_graph$async_dispatch_12_embedded_elf_riscv_64_main_graph$async_dispatch_12_softmax_3136x49xf32_dispatch_tensor_store/process_time/real_time              2.29 ms         6.36 ms          309 items_per_second=436.909/s
BM_main_graph$async_dispatch_12_embedded_elf_riscv_64_main_graph$async_dispatch_12_softmax_3136x49xf32_dispatch_tensor_store/process_time/real_time              2.29 ms         6.36 ms          309 items_per_second=436.681/s
BM_main_graph$async_dispatch_12_embedded_elf_riscv_64_main_graph$async_dispatch_12_softmax_3136x49xf32_dispatch_tensor_store/process_time/real_time              2.29 ms         6.36 ms          309 items_per_second=436.499/s
BM_main_graph$async_dispatch_12_embedded_elf_riscv_64_main_graph$async_dispatch_12_softmax_3136x49xf32_dispatch_tensor_store/process_time/real_time              2.29 ms         6.37 ms          309 items_per_second=437.305/s
BM_main_graph$async_dispatch_12_embedded_elf_riscv_64_main_graph$async_dispatch_12_softmax_3136x49xf32_dispatch_tensor_store/process_time/real_time_mean         2.29 ms         6.37 ms           10 items_per_second=436.273/s
BM_main_graph$async_dispatch_12_embedded_elf_riscv_64_main_graph$async_dispatch_12_softmax_3136x49xf32_dispatch_tensor_store/process_time/real_time_median       2.29 ms         6.36 ms           10 items_per_second=436.59/s
BM_main_graph$async_dispatch_12_embedded_elf_riscv_64_main_graph$async_dispatch_12_softmax_3136x49xf32_dispatch_tensor_store/process_time/real_time_stddev      0.020 ms        0.033 ms           10 items_per_second=3.86259/s
BM_main_graph$async_dispatch_12_embedded_elf_riscv_64_main_graph$async_dispatch_12_softmax_3136x49xf32_dispatch_tensor_store/process_time/real_time_cv           0.89 %          0.52 %            10 items_per_second=0.89%
