2026-01-08T12:46:05.989622
Running tools/iree-benchmark-module --module=/home/dima/sched_vmfb/glpdepth/module_main_graph$async_dispatch_211_embedded_elf_riscv_64_benchmark.vmfb --device=local-task --function=main_graph$async_dispatch_211_embedded_elf_riscv_64_main_graph$async_dispatch_211_elementwise_broadcast_64x224x224_f32 --input=1xi32=1 --task_topology_cpu_ids=0,1,2 --benchmark_repetitions=10
2026-01-08T12:46:06+08:00
Running tools/iree-benchmark-module
Run on (8 X 1600 MHz CPU s)
CPU Caches:
  L1 Instruction 32 KiB (x8)
  L1 Data 32 KiB (x8)
  L2 Unified 512 KiB (x2)
Load Average: 4.86, 4.46, 3.95
------------------------------------------------------------------------------------------------------------------------------------------------------------------------------------------------------------------
Benchmark                                                                                                                                                        Time             CPU   Iterations UserCounters...
------------------------------------------------------------------------------------------------------------------------------------------------------------------------------------------------------------------
BM_main_graph$async_dispatch_211_embedded_elf_riscv_64_main_graph$async_dispatch_211_elementwise_broadcast_64x224x224_f32/process_time/real_time              30.5 ms         81.0 ms           23 items_per_second=32.8264/s
BM_main_graph$async_dispatch_211_embedded_elf_riscv_64_main_graph$async_dispatch_211_elementwise_broadcast_64x224x224_f32/process_time/real_time              30.5 ms         81.0 ms           23 items_per_second=32.8336/s
BM_main_graph$async_dispatch_211_embedded_elf_riscv_64_main_graph$async_dispatch_211_elementwise_broadcast_64x224x224_f32/process_time/real_time              30.5 ms         81.1 ms           23 items_per_second=32.8386/s
BM_main_graph$async_dispatch_211_embedded_elf_riscv_64_main_graph$async_dispatch_211_elementwise_broadcast_64x224x224_f32/process_time/real_time              30.5 ms         81.0 ms           23 items_per_second=32.824/s
BM_main_graph$async_dispatch_211_embedded_elf_riscv_64_main_graph$async_dispatch_211_elementwise_broadcast_64x224x224_f32/process_time/real_time              30.5 ms         81.0 ms           23 items_per_second=32.8272/s
BM_main_graph$async_dispatch_211_embedded_elf_riscv_64_main_graph$async_dispatch_211_elementwise_broadcast_64x224x224_f32/process_time/real_time              30.5 ms         81.2 ms           23 items_per_second=32.8178/s
BM_main_graph$async_dispatch_211_embedded_elf_riscv_64_main_graph$async_dispatch_211_elementwise_broadcast_64x224x224_f32/process_time/real_time              30.5 ms         81.0 ms           23 items_per_second=32.8191/s
BM_main_graph$async_dispatch_211_embedded_elf_riscv_64_main_graph$async_dispatch_211_elementwise_broadcast_64x224x224_f32/process_time/real_time              30.5 ms         81.0 ms           23 items_per_second=32.8112/s
BM_main_graph$async_dispatch_211_embedded_elf_riscv_64_main_graph$async_dispatch_211_elementwise_broadcast_64x224x224_f32/process_time/real_time              30.5 ms         81.2 ms           23 items_per_second=32.8166/s
BM_main_graph$async_dispatch_211_embedded_elf_riscv_64_main_graph$async_dispatch_211_elementwise_broadcast_64x224x224_f32/process_time/real_time              30.4 ms         81.0 ms           23 items_per_second=32.8555/s
BM_main_graph$async_dispatch_211_embedded_elf_riscv_64_main_graph$async_dispatch_211_elementwise_broadcast_64x224x224_f32/process_time/real_time_mean         30.5 ms         81.1 ms           10 items_per_second=32.827/s
BM_main_graph$async_dispatch_211_embedded_elf_riscv_64_main_graph$async_dispatch_211_elementwise_broadcast_64x224x224_f32/process_time/real_time_median       30.5 ms         81.0 ms           10 items_per_second=32.8252/s
BM_main_graph$async_dispatch_211_embedded_elf_riscv_64_main_graph$async_dispatch_211_elementwise_broadcast_64x224x224_f32/process_time/real_time_stddev      0.012 ms        0.083 ms           10 items_per_second=0.012931/s
BM_main_graph$async_dispatch_211_embedded_elf_riscv_64_main_graph$async_dispatch_211_elementwise_broadcast_64x224x224_f32/process_time/real_time_cv           0.04 %          0.10 %            10 items_per_second=0.04%
