2026-01-08T12:39:01.324544
Running tools/iree-benchmark-module --module=/home/dima/sched_vmfb/glpdepth/module_main_graph$async_dispatch_117_embedded_elf_riscv_64_benchmark.vmfb --device=local-task --function=main_graph$async_dispatch_117_embedded_elf_riscv_64_main_graph$async_dispatch_117_matmul_like_640x14x14x160_f32 --input=1xi32=1 --task_topology_cpu_ids=0,1,2 --benchmark_repetitions=10
2026-01-08T12:39:01+08:00
Running tools/iree-benchmark-module
Run on (8 X 1600 MHz CPU s)
CPU Caches:
  L1 Instruction 32 KiB (x8)
  L1 Data 32 KiB (x8)
  L2 Unified 512 KiB (x2)
Load Average: 4.26, 4.05, 3.60
-----------------------------------------------------------------------------------------------------------------------------------------------------------------------------------------------------------
Benchmark                                                                                                                                                 Time             CPU   Iterations UserCounters...
-----------------------------------------------------------------------------------------------------------------------------------------------------------------------------------------------------------
BM_main_graph$async_dispatch_117_embedded_elf_riscv_64_main_graph$async_dispatch_117_matmul_like_640x14x14x160_f32/process_time/real_time               267 ms          698 ms            3 items_per_second=3.74223/s
BM_main_graph$async_dispatch_117_embedded_elf_riscv_64_main_graph$async_dispatch_117_matmul_like_640x14x14x160_f32/process_time/real_time               269 ms          699 ms            3 items_per_second=3.71415/s
BM_main_graph$async_dispatch_117_embedded_elf_riscv_64_main_graph$async_dispatch_117_matmul_like_640x14x14x160_f32/process_time/real_time               270 ms          700 ms            3 items_per_second=3.69964/s
BM_main_graph$async_dispatch_117_embedded_elf_riscv_64_main_graph$async_dispatch_117_matmul_like_640x14x14x160_f32/process_time/real_time               272 ms          704 ms            3 items_per_second=3.67353/s
BM_main_graph$async_dispatch_117_embedded_elf_riscv_64_main_graph$async_dispatch_117_matmul_like_640x14x14x160_f32/process_time/real_time               271 ms          701 ms            3 items_per_second=3.68768/s
BM_main_graph$async_dispatch_117_embedded_elf_riscv_64_main_graph$async_dispatch_117_matmul_like_640x14x14x160_f32/process_time/real_time               272 ms          702 ms            3 items_per_second=3.67649/s
BM_main_graph$async_dispatch_117_embedded_elf_riscv_64_main_graph$async_dispatch_117_matmul_like_640x14x14x160_f32/process_time/real_time               269 ms          699 ms            3 items_per_second=3.71777/s
BM_main_graph$async_dispatch_117_embedded_elf_riscv_64_main_graph$async_dispatch_117_matmul_like_640x14x14x160_f32/process_time/real_time               269 ms          699 ms            3 items_per_second=3.71188/s
BM_main_graph$async_dispatch_117_embedded_elf_riscv_64_main_graph$async_dispatch_117_matmul_like_640x14x14x160_f32/process_time/real_time               272 ms          703 ms            3 items_per_second=3.67336/s
BM_main_graph$async_dispatch_117_embedded_elf_riscv_64_main_graph$async_dispatch_117_matmul_like_640x14x14x160_f32/process_time/real_time               270 ms          700 ms            3 items_per_second=3.70043/s
BM_main_graph$async_dispatch_117_embedded_elf_riscv_64_main_graph$async_dispatch_117_matmul_like_640x14x14x160_f32/process_time/real_time_mean          270 ms          701 ms           10 items_per_second=3.69971/s
BM_main_graph$async_dispatch_117_embedded_elf_riscv_64_main_graph$async_dispatch_117_matmul_like_640x14x14x160_f32/process_time/real_time_median        270 ms          700 ms           10 items_per_second=3.70003/s
BM_main_graph$async_dispatch_117_embedded_elf_riscv_64_main_graph$async_dispatch_117_matmul_like_640x14x14x160_f32/process_time/real_time_stddev       1.64 ms         1.97 ms           10 items_per_second=0.0224972/s
BM_main_graph$async_dispatch_117_embedded_elf_riscv_64_main_graph$async_dispatch_117_matmul_like_640x14x14x160_f32/process_time/real_time_cv           0.61 %          0.28 %            10 items_per_second=0.61%
