2026-01-08T12:48:00.353053
Running tools/iree-benchmark-module --module=/home/dima/sched_vmfb/glpdepth/module_main_graph$async_dispatch_51_embedded_elf_riscv_64_benchmark.vmfb --device=local-task --function=main_graph$async_dispatch_51_embedded_elf_riscv_64_main_graph$async_dispatch_51_slow_memcpy --input=1xi32=1 --task_topology_cpu_ids=0,1,2 --benchmark_repetitions=10
2026-01-08T12:48:00+08:00
Running tools/iree-benchmark-module
Run on (8 X 1600 MHz CPU s)
CPU Caches:
  L1 Instruction 32 KiB (x8)
  L1 Data 32 KiB (x8)
  L2 Unified 512 KiB (x2)
Load Average: 4.92, 4.63, 4.07
---------------------------------------------------------------------------------------------------------------------------------------------------------------------------------------
Benchmark                                                                                                                             Time             CPU   Iterations UserCounters...
---------------------------------------------------------------------------------------------------------------------------------------------------------------------------------------
BM_main_graph$async_dispatch_51_embedded_elf_riscv_64_main_graph$async_dispatch_51_slow_memcpy/process_time/real_time             0.393 ms        0.981 ms         1806 items_per_second=2.5434k/s
BM_main_graph$async_dispatch_51_embedded_elf_riscv_64_main_graph$async_dispatch_51_slow_memcpy/process_time/real_time             0.383 ms        0.957 ms         1806 items_per_second=2.61138k/s
BM_main_graph$async_dispatch_51_embedded_elf_riscv_64_main_graph$async_dispatch_51_slow_memcpy/process_time/real_time             0.388 ms        0.966 ms         1806 items_per_second=2.57662k/s
BM_main_graph$async_dispatch_51_embedded_elf_riscv_64_main_graph$async_dispatch_51_slow_memcpy/process_time/real_time             0.384 ms        0.955 ms         1806 items_per_second=2.60369k/s
BM_main_graph$async_dispatch_51_embedded_elf_riscv_64_main_graph$async_dispatch_51_slow_memcpy/process_time/real_time             0.385 ms        0.957 ms         1806 items_per_second=2.59966k/s
BM_main_graph$async_dispatch_51_embedded_elf_riscv_64_main_graph$async_dispatch_51_slow_memcpy/process_time/real_time             0.387 ms        0.966 ms         1806 items_per_second=2.5829k/s
BM_main_graph$async_dispatch_51_embedded_elf_riscv_64_main_graph$async_dispatch_51_slow_memcpy/process_time/real_time             0.379 ms        0.944 ms         1806 items_per_second=2.63938k/s
BM_main_graph$async_dispatch_51_embedded_elf_riscv_64_main_graph$async_dispatch_51_slow_memcpy/process_time/real_time             0.380 ms        0.948 ms         1806 items_per_second=2.62983k/s
BM_main_graph$async_dispatch_51_embedded_elf_riscv_64_main_graph$async_dispatch_51_slow_memcpy/process_time/real_time             0.382 ms        0.957 ms         1806 items_per_second=2.61773k/s
BM_main_graph$async_dispatch_51_embedded_elf_riscv_64_main_graph$async_dispatch_51_slow_memcpy/process_time/real_time             0.380 ms        0.947 ms         1806 items_per_second=2.63452k/s
BM_main_graph$async_dispatch_51_embedded_elf_riscv_64_main_graph$async_dispatch_51_slow_memcpy/process_time/real_time_mean        0.384 ms        0.958 ms           10 items_per_second=2.60391k/s
BM_main_graph$async_dispatch_51_embedded_elf_riscv_64_main_graph$async_dispatch_51_slow_memcpy/process_time/real_time_median      0.384 ms        0.957 ms           10 items_per_second=2.60753k/s
BM_main_graph$async_dispatch_51_embedded_elf_riscv_64_main_graph$async_dispatch_51_slow_memcpy/process_time/real_time_stddev      0.004 ms        0.011 ms           10 items_per_second=29.7769/s
BM_main_graph$async_dispatch_51_embedded_elf_riscv_64_main_graph$async_dispatch_51_slow_memcpy/process_time/real_time_cv           1.15 %          1.15 %            10 items_per_second=1.14%
