2026-01-08T12:41:20.770249
Running tools/iree-benchmark-module --module=/home/dima/sched_vmfb/glpdepth/module_main_graph$async_dispatch_155_embedded_elf_riscv_64_benchmark.vmfb --device=local-task --function=main_graph$async_dispatch_155_embedded_elf_riscv_64_main_graph$async_dispatch_155_elementwise_broadcast_8x49x32_f32_pack --input=1xi32=1 --task_topology_cpu_ids=0,1,2 --benchmark_repetitions=10
2026-01-08T12:41:20+08:00
Running tools/iree-benchmark-module
Run on (8 X 1600 MHz CPU s)
CPU Caches:
  L1 Instruction 32 KiB (x8)
  L1 Data 32 KiB (x8)
  L2 Unified 512 KiB (x2)
Load Average: 4.22, 4.16, 3.71
--------------------------------------------------------------------------------------------------------------------------------------------------------------------------------------------------------------------
Benchmark                                                                                                                                                          Time             CPU   Iterations UserCounters...
--------------------------------------------------------------------------------------------------------------------------------------------------------------------------------------------------------------------
BM_main_graph$async_dispatch_155_embedded_elf_riscv_64_main_graph$async_dispatch_155_elementwise_broadcast_8x49x32_f32_pack/process_time/real_time             0.135 ms        0.196 ms         5168 items_per_second=7.40036k/s
BM_main_graph$async_dispatch_155_embedded_elf_riscv_64_main_graph$async_dispatch_155_elementwise_broadcast_8x49x32_f32_pack/process_time/real_time             0.135 ms        0.197 ms         5168 items_per_second=7.39073k/s
BM_main_graph$async_dispatch_155_embedded_elf_riscv_64_main_graph$async_dispatch_155_elementwise_broadcast_8x49x32_f32_pack/process_time/real_time             0.134 ms        0.195 ms         5168 items_per_second=7.44538k/s
BM_main_graph$async_dispatch_155_embedded_elf_riscv_64_main_graph$async_dispatch_155_elementwise_broadcast_8x49x32_f32_pack/process_time/real_time             0.135 ms        0.197 ms         5168 items_per_second=7.38637k/s
BM_main_graph$async_dispatch_155_embedded_elf_riscv_64_main_graph$async_dispatch_155_elementwise_broadcast_8x49x32_f32_pack/process_time/real_time             0.134 ms        0.196 ms         5168 items_per_second=7.46739k/s
BM_main_graph$async_dispatch_155_embedded_elf_riscv_64_main_graph$async_dispatch_155_elementwise_broadcast_8x49x32_f32_pack/process_time/real_time             0.135 ms        0.197 ms         5168 items_per_second=7.41431k/s
BM_main_graph$async_dispatch_155_embedded_elf_riscv_64_main_graph$async_dispatch_155_elementwise_broadcast_8x49x32_f32_pack/process_time/real_time             0.135 ms        0.196 ms         5168 items_per_second=7.42248k/s
BM_main_graph$async_dispatch_155_embedded_elf_riscv_64_main_graph$async_dispatch_155_elementwise_broadcast_8x49x32_f32_pack/process_time/real_time             0.134 ms        0.195 ms         5168 items_per_second=7.4554k/s
BM_main_graph$async_dispatch_155_embedded_elf_riscv_64_main_graph$async_dispatch_155_elementwise_broadcast_8x49x32_f32_pack/process_time/real_time             0.134 ms        0.195 ms         5168 items_per_second=7.45502k/s
BM_main_graph$async_dispatch_155_embedded_elf_riscv_64_main_graph$async_dispatch_155_elementwise_broadcast_8x49x32_f32_pack/process_time/real_time             0.135 ms        0.196 ms         5168 items_per_second=7.38558k/s
BM_main_graph$async_dispatch_155_embedded_elf_riscv_64_main_graph$async_dispatch_155_elementwise_broadcast_8x49x32_f32_pack/process_time/real_time_mean        0.135 ms        0.196 ms           10 items_per_second=7.4223k/s
BM_main_graph$async_dispatch_155_embedded_elf_riscv_64_main_graph$async_dispatch_155_elementwise_broadcast_8x49x32_f32_pack/process_time/real_time_median      0.135 ms        0.196 ms           10 items_per_second=7.4184k/s
BM_main_graph$async_dispatch_155_embedded_elf_riscv_64_main_graph$async_dispatch_155_elementwise_broadcast_8x49x32_f32_pack/process_time/real_time_stddev      0.001 ms        0.001 ms           10 items_per_second=31.4696/s
BM_main_graph$async_dispatch_155_embedded_elf_riscv_64_main_graph$async_dispatch_155_elementwise_broadcast_8x49x32_f32_pack/process_time/real_time_cv           0.42 %          0.45 %            10 items_per_second=0.42%
