2026-01-08T12:41:35.483929
Running tools/iree-benchmark-module --module=/home/dima/sched_vmfb/glpdepth/module_main_graph$async_dispatch_157_embedded_elf_riscv_64_benchmark.vmfb --device=local-task --function=main_graph$async_dispatch_157_embedded_elf_riscv_64_main_graph$async_dispatch_157_unpack_f32 --input=1xi32=1 --task_topology_cpu_ids=0,1,2 --benchmark_repetitions=10
2026-01-08T12:41:35+08:00
Running tools/iree-benchmark-module
Run on (8 X 1600 MHz CPU s)
CPU Caches:
  L1 Instruction 32 KiB (x8)
  L1 Data 32 KiB (x8)
  L2 Unified 512 KiB (x2)
Load Average: 4.02, 4.12, 3.70
----------------------------------------------------------------------------------------------------------------------------------------------------------------------------------------
Benchmark                                                                                                                              Time             CPU   Iterations UserCounters...
----------------------------------------------------------------------------------------------------------------------------------------------------------------------------------------
BM_main_graph$async_dispatch_157_embedded_elf_riscv_64_main_graph$async_dispatch_157_unpack_f32/process_time/real_time             0.361 ms        0.640 ms         1921 items_per_second=2.76933k/s
BM_main_graph$async_dispatch_157_embedded_elf_riscv_64_main_graph$async_dispatch_157_unpack_f32/process_time/real_time             0.362 ms        0.641 ms         1921 items_per_second=2.76526k/s
BM_main_graph$async_dispatch_157_embedded_elf_riscv_64_main_graph$async_dispatch_157_unpack_f32/process_time/real_time             0.363 ms        0.643 ms         1921 items_per_second=2.75191k/s
BM_main_graph$async_dispatch_157_embedded_elf_riscv_64_main_graph$async_dispatch_157_unpack_f32/process_time/real_time             0.359 ms        0.637 ms         1921 items_per_second=2.78369k/s
BM_main_graph$async_dispatch_157_embedded_elf_riscv_64_main_graph$async_dispatch_157_unpack_f32/process_time/real_time             0.360 ms        0.638 ms         1921 items_per_second=2.77491k/s
BM_main_graph$async_dispatch_157_embedded_elf_riscv_64_main_graph$async_dispatch_157_unpack_f32/process_time/real_time             0.362 ms        0.641 ms         1921 items_per_second=2.76108k/s
BM_main_graph$async_dispatch_157_embedded_elf_riscv_64_main_graph$async_dispatch_157_unpack_f32/process_time/real_time             0.360 ms        0.639 ms         1921 items_per_second=2.77436k/s
BM_main_graph$async_dispatch_157_embedded_elf_riscv_64_main_graph$async_dispatch_157_unpack_f32/process_time/real_time             0.361 ms        0.640 ms         1921 items_per_second=2.77109k/s
BM_main_graph$async_dispatch_157_embedded_elf_riscv_64_main_graph$async_dispatch_157_unpack_f32/process_time/real_time             0.362 ms        0.642 ms         1921 items_per_second=2.76002k/s
BM_main_graph$async_dispatch_157_embedded_elf_riscv_64_main_graph$async_dispatch_157_unpack_f32/process_time/real_time             0.361 ms        0.640 ms         1921 items_per_second=2.77269k/s
BM_main_graph$async_dispatch_157_embedded_elf_riscv_64_main_graph$async_dispatch_157_unpack_f32/process_time/real_time_mean        0.361 ms        0.640 ms           10 items_per_second=2.76843k/s
BM_main_graph$async_dispatch_157_embedded_elf_riscv_64_main_graph$async_dispatch_157_unpack_f32/process_time/real_time_median      0.361 ms        0.640 ms           10 items_per_second=2.77021k/s
BM_main_graph$async_dispatch_157_embedded_elf_riscv_64_main_graph$async_dispatch_157_unpack_f32/process_time/real_time_stddev      0.001 ms        0.002 ms           10 items_per_second=9.08908/s
BM_main_graph$async_dispatch_157_embedded_elf_riscv_64_main_graph$async_dispatch_157_unpack_f32/process_time/real_time_cv           0.33 %          0.28 %            10 items_per_second=0.33%
