2026-01-08T12:37:25.769122
Running tools/iree-benchmark-module --module=/home/dima/sched_vmfb/glpdepth/module_main_graph$async_dispatch_105_embedded_elf_riscv_64_benchmark.vmfb --device=local-task --function=main_graph$async_dispatch_105_embedded_elf_riscv_64_main_graph$async_dispatch_105_elementwise_broadcast_5x32x49_f32_pack --input=1xi32=1 --task_topology_cpu_ids=0,1,2 --benchmark_repetitions=10
2026-01-08T12:37:25+08:00
Running tools/iree-benchmark-module
Run on (8 X 1600 MHz CPU s)
CPU Caches:
  L1 Instruction 32 KiB (x8)
  L1 Data 32 KiB (x8)
  L2 Unified 512 KiB (x2)
Load Average: 4.30, 3.98, 3.53
--------------------------------------------------------------------------------------------------------------------------------------------------------------------------------------------------------------------
Benchmark                                                                                                                                                          Time             CPU   Iterations UserCounters...
--------------------------------------------------------------------------------------------------------------------------------------------------------------------------------------------------------------------
BM_main_graph$async_dispatch_105_embedded_elf_riscv_64_main_graph$async_dispatch_105_elementwise_broadcast_5x32x49_f32_pack/process_time/real_time             0.228 ms        0.234 ms         3052 items_per_second=4.37968k/s
BM_main_graph$async_dispatch_105_embedded_elf_riscv_64_main_graph$async_dispatch_105_elementwise_broadcast_5x32x49_f32_pack/process_time/real_time             0.231 ms        0.237 ms         3052 items_per_second=4.33401k/s
BM_main_graph$async_dispatch_105_embedded_elf_riscv_64_main_graph$async_dispatch_105_elementwise_broadcast_5x32x49_f32_pack/process_time/real_time             0.230 ms        0.236 ms         3052 items_per_second=4.35626k/s
BM_main_graph$async_dispatch_105_embedded_elf_riscv_64_main_graph$async_dispatch_105_elementwise_broadcast_5x32x49_f32_pack/process_time/real_time             0.229 ms        0.235 ms         3052 items_per_second=4.36859k/s
BM_main_graph$async_dispatch_105_embedded_elf_riscv_64_main_graph$async_dispatch_105_elementwise_broadcast_5x32x49_f32_pack/process_time/real_time             0.230 ms        0.236 ms         3052 items_per_second=4.35319k/s
BM_main_graph$async_dispatch_105_embedded_elf_riscv_64_main_graph$async_dispatch_105_elementwise_broadcast_5x32x49_f32_pack/process_time/real_time             0.233 ms        0.239 ms         3052 items_per_second=4.29349k/s
BM_main_graph$async_dispatch_105_embedded_elf_riscv_64_main_graph$async_dispatch_105_elementwise_broadcast_5x32x49_f32_pack/process_time/real_time             0.230 ms        0.236 ms         3052 items_per_second=4.35402k/s
BM_main_graph$async_dispatch_105_embedded_elf_riscv_64_main_graph$async_dispatch_105_elementwise_broadcast_5x32x49_f32_pack/process_time/real_time             0.230 ms        0.236 ms         3052 items_per_second=4.35435k/s
BM_main_graph$async_dispatch_105_embedded_elf_riscv_64_main_graph$async_dispatch_105_elementwise_broadcast_5x32x49_f32_pack/process_time/real_time             0.230 ms        0.235 ms         3052 items_per_second=4.35575k/s
BM_main_graph$async_dispatch_105_embedded_elf_riscv_64_main_graph$async_dispatch_105_elementwise_broadcast_5x32x49_f32_pack/process_time/real_time             0.233 ms        0.239 ms         3052 items_per_second=4.2848k/s
BM_main_graph$async_dispatch_105_embedded_elf_riscv_64_main_graph$async_dispatch_105_elementwise_broadcast_5x32x49_f32_pack/process_time/real_time_mean        0.230 ms        0.236 ms           10 items_per_second=4.34341k/s
BM_main_graph$async_dispatch_105_embedded_elf_riscv_64_main_graph$async_dispatch_105_elementwise_broadcast_5x32x49_f32_pack/process_time/real_time_median      0.230 ms        0.236 ms           10 items_per_second=4.35418k/s
BM_main_graph$async_dispatch_105_embedded_elf_riscv_64_main_graph$async_dispatch_105_elementwise_broadcast_5x32x49_f32_pack/process_time/real_time_stddev      0.002 ms        0.002 ms           10 items_per_second=30.9294/s
BM_main_graph$async_dispatch_105_embedded_elf_riscv_64_main_graph$async_dispatch_105_elementwise_broadcast_5x32x49_f32_pack/process_time/real_time_cv           0.72 %          0.68 %            10 items_per_second=0.71%
