2026-01-08T12:49:20.585070
Running tools/iree-benchmark-module --module=/home/dima/sched_vmfb/glpdepth/module_main_graph$async_dispatch_62_embedded_elf_riscv_64_benchmark.vmfb --device=local-task --function=main_graph$async_dispatch_62_embedded_elf_riscv_64_main_graph$async_dispatch_62_pack_f32 --input=1xi32=1 --task_topology_cpu_ids=0,1,2 --benchmark_repetitions=10
2026-01-08T12:49:20+08:00
Running tools/iree-benchmark-module
Run on (8 X 1600 MHz CPU s)
CPU Caches:
  L1 Instruction 32 KiB (x8)
  L1 Data 32 KiB (x8)
  L2 Unified 512 KiB (x2)
Load Average: 4.78, 4.64, 4.12
------------------------------------------------------------------------------------------------------------------------------------------------------------------------------------
Benchmark                                                                                                                          Time             CPU   Iterations UserCounters...
------------------------------------------------------------------------------------------------------------------------------------------------------------------------------------
BM_main_graph$async_dispatch_62_embedded_elf_riscv_64_main_graph$async_dispatch_62_pack_f32/process_time/real_time             0.749 ms         2.06 ms          937 items_per_second=1.3353k/s
BM_main_graph$async_dispatch_62_embedded_elf_riscv_64_main_graph$async_dispatch_62_pack_f32/process_time/real_time             0.747 ms         2.06 ms          937 items_per_second=1.33853k/s
BM_main_graph$async_dispatch_62_embedded_elf_riscv_64_main_graph$async_dispatch_62_pack_f32/process_time/real_time             0.750 ms         2.06 ms          937 items_per_second=1.33374k/s
BM_main_graph$async_dispatch_62_embedded_elf_riscv_64_main_graph$async_dispatch_62_pack_f32/process_time/real_time             0.747 ms         2.06 ms          937 items_per_second=1.33808k/s
BM_main_graph$async_dispatch_62_embedded_elf_riscv_64_main_graph$async_dispatch_62_pack_f32/process_time/real_time             0.747 ms         2.06 ms          937 items_per_second=1.33783k/s
BM_main_graph$async_dispatch_62_embedded_elf_riscv_64_main_graph$async_dispatch_62_pack_f32/process_time/real_time             0.754 ms         2.06 ms          937 items_per_second=1.32615k/s
BM_main_graph$async_dispatch_62_embedded_elf_riscv_64_main_graph$async_dispatch_62_pack_f32/process_time/real_time             0.746 ms         2.06 ms          937 items_per_second=1.3398k/s
BM_main_graph$async_dispatch_62_embedded_elf_riscv_64_main_graph$async_dispatch_62_pack_f32/process_time/real_time             0.739 ms         2.06 ms          937 items_per_second=1.35265k/s
BM_main_graph$async_dispatch_62_embedded_elf_riscv_64_main_graph$async_dispatch_62_pack_f32/process_time/real_time             0.741 ms         2.06 ms          937 items_per_second=1.34945k/s
BM_main_graph$async_dispatch_62_embedded_elf_riscv_64_main_graph$async_dispatch_62_pack_f32/process_time/real_time             0.738 ms         2.06 ms          937 items_per_second=1.35562k/s
BM_main_graph$async_dispatch_62_embedded_elf_riscv_64_main_graph$async_dispatch_62_pack_f32/process_time/real_time_mean        0.746 ms         2.06 ms           10 items_per_second=1.34072k/s
BM_main_graph$async_dispatch_62_embedded_elf_riscv_64_main_graph$async_dispatch_62_pack_f32/process_time/real_time_median      0.747 ms         2.06 ms           10 items_per_second=1.33831k/s
BM_main_graph$async_dispatch_62_embedded_elf_riscv_64_main_graph$async_dispatch_62_pack_f32/process_time/real_time_stddev      0.005 ms        0.002 ms           10 items_per_second=9.13956/s
BM_main_graph$async_dispatch_62_embedded_elf_riscv_64_main_graph$async_dispatch_62_pack_f32/process_time/real_time_cv           0.68 %          0.10 %            10 items_per_second=0.68%
