2026-01-08T12:50:18.686622
Running tools/iree-benchmark-module --module=/home/dima/sched_vmfb/glpdepth/module_main_graph$async_dispatch_6_embedded_elf_riscv_64_benchmark.vmfb --device=local-task --function=main_graph$async_dispatch_6_embedded_elf_riscv_64_main_graph$async_dispatch_6_conv_32x7x7x32x8x8_f32 --input=1xi32=1 --task_topology_cpu_ids=0,1,2 --benchmark_repetitions=10
2026-01-08T12:50:18+08:00
Running tools/iree-benchmark-module
Run on (8 X 1600 MHz CPU s)
CPU Caches:
  L1 Instruction 32 KiB (x8)
  L1 Data 32 KiB (x8)
  L2 Unified 512 KiB (x2)
Load Average: 4.75, 4.63, 4.15
------------------------------------------------------------------------------------------------------------------------------------------------------------------------------------------------
Benchmark                                                                                                                                      Time             CPU   Iterations UserCounters...
------------------------------------------------------------------------------------------------------------------------------------------------------------------------------------------------
BM_main_graph$async_dispatch_6_embedded_elf_riscv_64_main_graph$async_dispatch_6_conv_32x7x7x32x8x8_f32/process_time/real_time              12.8 ms         30.1 ms           55 items_per_second=78.1456/s
BM_main_graph$async_dispatch_6_embedded_elf_riscv_64_main_graph$async_dispatch_6_conv_32x7x7x32x8x8_f32/process_time/real_time              12.8 ms         30.1 ms           55 items_per_second=78.1436/s
BM_main_graph$async_dispatch_6_embedded_elf_riscv_64_main_graph$async_dispatch_6_conv_32x7x7x32x8x8_f32/process_time/real_time              12.8 ms         30.1 ms           55 items_per_second=78.0208/s
BM_main_graph$async_dispatch_6_embedded_elf_riscv_64_main_graph$async_dispatch_6_conv_32x7x7x32x8x8_f32/process_time/real_time              12.8 ms         30.0 ms           55 items_per_second=78.1746/s
BM_main_graph$async_dispatch_6_embedded_elf_riscv_64_main_graph$async_dispatch_6_conv_32x7x7x32x8x8_f32/process_time/real_time              12.8 ms         30.0 ms           55 items_per_second=78.1043/s
BM_main_graph$async_dispatch_6_embedded_elf_riscv_64_main_graph$async_dispatch_6_conv_32x7x7x32x8x8_f32/process_time/real_time              12.8 ms         30.1 ms           55 items_per_second=78.218/s
BM_main_graph$async_dispatch_6_embedded_elf_riscv_64_main_graph$async_dispatch_6_conv_32x7x7x32x8x8_f32/process_time/real_time              12.8 ms         30.0 ms           55 items_per_second=78.2502/s
BM_main_graph$async_dispatch_6_embedded_elf_riscv_64_main_graph$async_dispatch_6_conv_32x7x7x32x8x8_f32/process_time/real_time              12.8 ms         30.1 ms           55 items_per_second=78.1024/s
BM_main_graph$async_dispatch_6_embedded_elf_riscv_64_main_graph$async_dispatch_6_conv_32x7x7x32x8x8_f32/process_time/real_time              12.8 ms         30.1 ms           55 items_per_second=78.1091/s
BM_main_graph$async_dispatch_6_embedded_elf_riscv_64_main_graph$async_dispatch_6_conv_32x7x7x32x8x8_f32/process_time/real_time              12.8 ms         30.0 ms           55 items_per_second=78.119/s
BM_main_graph$async_dispatch_6_embedded_elf_riscv_64_main_graph$async_dispatch_6_conv_32x7x7x32x8x8_f32/process_time/real_time_mean         12.8 ms         30.1 ms           10 items_per_second=78.1388/s
BM_main_graph$async_dispatch_6_embedded_elf_riscv_64_main_graph$async_dispatch_6_conv_32x7x7x32x8x8_f32/process_time/real_time_median       12.8 ms         30.1 ms           10 items_per_second=78.1313/s
BM_main_graph$async_dispatch_6_embedded_elf_riscv_64_main_graph$async_dispatch_6_conv_32x7x7x32x8x8_f32/process_time/real_time_stddev      0.011 ms        0.031 ms           10 items_per_second=0.0647628/s
BM_main_graph$async_dispatch_6_embedded_elf_riscv_64_main_graph$async_dispatch_6_conv_32x7x7x32x8x8_f32/process_time/real_time_cv           0.08 %          0.10 %            10 items_per_second=0.08%
