2026-01-08T12:39:31.158528
Running tools/iree-benchmark-module --module=/home/dima/sched_vmfb/glpdepth/module_main_graph$async_dispatch_120_embedded_elf_riscv_64_benchmark.vmfb --device=local-task --function=main_graph$async_dispatch_120_embedded_elf_riscv_64_main_graph$async_dispatch_120_mmt4d_23x7x640x7x32x1_f32 --input=1xi32=1 --task_topology_cpu_ids=0,1,2 --benchmark_repetitions=10
2026-01-08T12:39:31+08:00
Running tools/iree-benchmark-module
Run on (8 X 1600 MHz CPU s)
CPU Caches:
  L1 Instruction 32 KiB (x8)
  L1 Data 32 KiB (x8)
  L2 Unified 512 KiB (x2)
Load Average: 4.41, 4.11, 3.63
-------------------------------------------------------------------------------------------------------------------------------------------------------------------------------------------------------
Benchmark                                                                                                                                             Time             CPU   Iterations UserCounters...
-------------------------------------------------------------------------------------------------------------------------------------------------------------------------------------------------------
BM_main_graph$async_dispatch_120_embedded_elf_riscv_64_main_graph$async_dispatch_120_mmt4d_23x7x640x7x32x1_f32/process_time/real_time              4.26 ms         12.1 ms          164 items_per_second=234.63/s
BM_main_graph$async_dispatch_120_embedded_elf_riscv_64_main_graph$async_dispatch_120_mmt4d_23x7x640x7x32x1_f32/process_time/real_time              4.27 ms         12.1 ms          164 items_per_second=234.139/s
BM_main_graph$async_dispatch_120_embedded_elf_riscv_64_main_graph$async_dispatch_120_mmt4d_23x7x640x7x32x1_f32/process_time/real_time              4.26 ms         12.1 ms          164 items_per_second=234.593/s
BM_main_graph$async_dispatch_120_embedded_elf_riscv_64_main_graph$async_dispatch_120_mmt4d_23x7x640x7x32x1_f32/process_time/real_time              4.26 ms         12.1 ms          164 items_per_second=234.547/s
BM_main_graph$async_dispatch_120_embedded_elf_riscv_64_main_graph$async_dispatch_120_mmt4d_23x7x640x7x32x1_f32/process_time/real_time              4.28 ms         12.1 ms          164 items_per_second=233.723/s
BM_main_graph$async_dispatch_120_embedded_elf_riscv_64_main_graph$async_dispatch_120_mmt4d_23x7x640x7x32x1_f32/process_time/real_time              4.26 ms         12.1 ms          164 items_per_second=234.716/s
BM_main_graph$async_dispatch_120_embedded_elf_riscv_64_main_graph$async_dispatch_120_mmt4d_23x7x640x7x32x1_f32/process_time/real_time              4.30 ms         12.1 ms          164 items_per_second=232.379/s
BM_main_graph$async_dispatch_120_embedded_elf_riscv_64_main_graph$async_dispatch_120_mmt4d_23x7x640x7x32x1_f32/process_time/real_time              4.26 ms         12.1 ms          164 items_per_second=234.515/s
BM_main_graph$async_dispatch_120_embedded_elf_riscv_64_main_graph$async_dispatch_120_mmt4d_23x7x640x7x32x1_f32/process_time/real_time              4.27 ms         12.1 ms          164 items_per_second=234.452/s
BM_main_graph$async_dispatch_120_embedded_elf_riscv_64_main_graph$async_dispatch_120_mmt4d_23x7x640x7x32x1_f32/process_time/real_time              4.27 ms         12.1 ms          164 items_per_second=234.047/s
BM_main_graph$async_dispatch_120_embedded_elf_riscv_64_main_graph$async_dispatch_120_mmt4d_23x7x640x7x32x1_f32/process_time/real_time_mean         4.27 ms         12.1 ms           10 items_per_second=234.174/s
BM_main_graph$async_dispatch_120_embedded_elf_riscv_64_main_graph$async_dispatch_120_mmt4d_23x7x640x7x32x1_f32/process_time/real_time_median       4.26 ms         12.1 ms           10 items_per_second=234.483/s
BM_main_graph$async_dispatch_120_embedded_elf_riscv_64_main_graph$async_dispatch_120_mmt4d_23x7x640x7x32x1_f32/process_time/real_time_stddev      0.013 ms        0.010 ms           10 items_per_second=0.703392/s
BM_main_graph$async_dispatch_120_embedded_elf_riscv_64_main_graph$async_dispatch_120_mmt4d_23x7x640x7x32x1_f32/process_time/real_time_cv           0.30 %          0.09 %            10 items_per_second=0.30%
