2026-01-08T12:39:16.863407
Running tools/iree-benchmark-module --module=/home/dima/sched_vmfb/glpdepth/module_main_graph$async_dispatch_119_embedded_elf_riscv_64_benchmark.vmfb --device=local-task --function=main_graph$async_dispatch_119_embedded_elf_riscv_64_main_graph$async_dispatch_119_pack_f32 --input=1xi32=1 --task_topology_cpu_ids=0,1,2 --benchmark_repetitions=10
2026-01-08T12:39:16+08:00
Running tools/iree-benchmark-module
Run on (8 X 1600 MHz CPU s)
CPU Caches:
  L1 Instruction 32 KiB (x8)
  L1 Data 32 KiB (x8)
  L2 Unified 512 KiB (x2)
Load Average: 4.43, 4.10, 3.62
--------------------------------------------------------------------------------------------------------------------------------------------------------------------------------------
Benchmark                                                                                                                            Time             CPU   Iterations UserCounters...
--------------------------------------------------------------------------------------------------------------------------------------------------------------------------------------
BM_main_graph$async_dispatch_119_embedded_elf_riscv_64_main_graph$async_dispatch_119_pack_f32/process_time/real_time              2.13 ms         5.31 ms          327 items_per_second=470.201/s
BM_main_graph$async_dispatch_119_embedded_elf_riscv_64_main_graph$async_dispatch_119_pack_f32/process_time/real_time              2.16 ms         5.32 ms          327 items_per_second=462.796/s
BM_main_graph$async_dispatch_119_embedded_elf_riscv_64_main_graph$async_dispatch_119_pack_f32/process_time/real_time              2.13 ms         5.31 ms          327 items_per_second=470/s
BM_main_graph$async_dispatch_119_embedded_elf_riscv_64_main_graph$async_dispatch_119_pack_f32/process_time/real_time              2.13 ms         5.31 ms          327 items_per_second=470.531/s
BM_main_graph$async_dispatch_119_embedded_elf_riscv_64_main_graph$async_dispatch_119_pack_f32/process_time/real_time              2.15 ms         5.33 ms          327 items_per_second=465.972/s
BM_main_graph$async_dispatch_119_embedded_elf_riscv_64_main_graph$async_dispatch_119_pack_f32/process_time/real_time              2.13 ms         5.32 ms          327 items_per_second=469.304/s
BM_main_graph$async_dispatch_119_embedded_elf_riscv_64_main_graph$async_dispatch_119_pack_f32/process_time/real_time              2.13 ms         5.31 ms          327 items_per_second=470.058/s
BM_main_graph$async_dispatch_119_embedded_elf_riscv_64_main_graph$async_dispatch_119_pack_f32/process_time/real_time              2.15 ms         5.33 ms          327 items_per_second=465.722/s
BM_main_graph$async_dispatch_119_embedded_elf_riscv_64_main_graph$async_dispatch_119_pack_f32/process_time/real_time              2.13 ms         5.31 ms          327 items_per_second=469.815/s
BM_main_graph$async_dispatch_119_embedded_elf_riscv_64_main_graph$async_dispatch_119_pack_f32/process_time/real_time              2.12 ms         5.31 ms          327 items_per_second=471.189/s
BM_main_graph$async_dispatch_119_embedded_elf_riscv_64_main_graph$async_dispatch_119_pack_f32/process_time/real_time_mean         2.13 ms         5.32 ms           10 items_per_second=468.559/s
BM_main_graph$async_dispatch_119_embedded_elf_riscv_64_main_graph$async_dispatch_119_pack_f32/process_time/real_time_median       2.13 ms         5.31 ms           10 items_per_second=469.907/s
BM_main_graph$async_dispatch_119_embedded_elf_riscv_64_main_graph$async_dispatch_119_pack_f32/process_time/real_time_stddev      0.013 ms        0.006 ms           10 items_per_second=2.74694/s
BM_main_graph$async_dispatch_119_embedded_elf_riscv_64_main_graph$async_dispatch_119_pack_f32/process_time/real_time_cv           0.59 %          0.11 %            10 items_per_second=0.59%
