2026-01-08T12:42:26.717111
Running tools/iree-benchmark-module --module=/home/dima/sched_vmfb/glpdepth/module_main_graph$async_dispatch_163_embedded_elf_riscv_64_benchmark.vmfb --device=local-task --function=main_graph$async_dispatch_163_embedded_elf_riscv_64_main_graph$async_dispatch_163_conv_7x7x1024x3x3_f32 --input=1xi32=1 --task_topology_cpu_ids=0,1,2 --benchmark_repetitions=10
2026-01-08T12:42:26+08:00
Running tools/iree-benchmark-module
Run on (8 X 1600 MHz CPU s)
CPU Caches:
  L1 Instruction 32 KiB (x8)
  L1 Data 32 KiB (x8)
  L2 Unified 512 KiB (x2)
Load Average: 4.08, 4.12, 3.73
---------------------------------------------------------------------------------------------------------------------------------------------------------------------------------------------------
Benchmark                                                                                                                                         Time             CPU   Iterations UserCounters...
---------------------------------------------------------------------------------------------------------------------------------------------------------------------------------------------------
BM_main_graph$async_dispatch_163_embedded_elf_riscv_64_main_graph$async_dispatch_163_conv_7x7x1024x3x3_f32/process_time/real_time              3.17 ms         6.30 ms          221 items_per_second=315.406/s
BM_main_graph$async_dispatch_163_embedded_elf_riscv_64_main_graph$async_dispatch_163_conv_7x7x1024x3x3_f32/process_time/real_time              3.17 ms         6.29 ms          221 items_per_second=315.292/s
BM_main_graph$async_dispatch_163_embedded_elf_riscv_64_main_graph$async_dispatch_163_conv_7x7x1024x3x3_f32/process_time/real_time              3.18 ms         6.31 ms          221 items_per_second=314.58/s
BM_main_graph$async_dispatch_163_embedded_elf_riscv_64_main_graph$async_dispatch_163_conv_7x7x1024x3x3_f32/process_time/real_time              3.17 ms         6.30 ms          221 items_per_second=315.088/s
BM_main_graph$async_dispatch_163_embedded_elf_riscv_64_main_graph$async_dispatch_163_conv_7x7x1024x3x3_f32/process_time/real_time              3.18 ms         6.30 ms          221 items_per_second=314.74/s
BM_main_graph$async_dispatch_163_embedded_elf_riscv_64_main_graph$async_dispatch_163_conv_7x7x1024x3x3_f32/process_time/real_time              3.18 ms         6.30 ms          221 items_per_second=314.732/s
BM_main_graph$async_dispatch_163_embedded_elf_riscv_64_main_graph$async_dispatch_163_conv_7x7x1024x3x3_f32/process_time/real_time              3.18 ms         6.31 ms          221 items_per_second=314.484/s
BM_main_graph$async_dispatch_163_embedded_elf_riscv_64_main_graph$async_dispatch_163_conv_7x7x1024x3x3_f32/process_time/real_time              3.19 ms         6.34 ms          221 items_per_second=313.684/s
BM_main_graph$async_dispatch_163_embedded_elf_riscv_64_main_graph$async_dispatch_163_conv_7x7x1024x3x3_f32/process_time/real_time              3.19 ms         6.35 ms          221 items_per_second=313.021/s
BM_main_graph$async_dispatch_163_embedded_elf_riscv_64_main_graph$async_dispatch_163_conv_7x7x1024x3x3_f32/process_time/real_time              3.19 ms         6.35 ms          221 items_per_second=313.215/s
BM_main_graph$async_dispatch_163_embedded_elf_riscv_64_main_graph$async_dispatch_163_conv_7x7x1024x3x3_f32/process_time/real_time_mean         3.18 ms         6.31 ms           10 items_per_second=314.424/s
BM_main_graph$async_dispatch_163_embedded_elf_riscv_64_main_graph$async_dispatch_163_conv_7x7x1024x3x3_f32/process_time/real_time_median       3.18 ms         6.30 ms           10 items_per_second=314.656/s
BM_main_graph$async_dispatch_163_embedded_elf_riscv_64_main_graph$async_dispatch_163_conv_7x7x1024x3x3_f32/process_time/real_time_stddev      0.009 ms        0.022 ms           10 items_per_second=0.840676/s
BM_main_graph$async_dispatch_163_embedded_elf_riscv_64_main_graph$async_dispatch_163_conv_7x7x1024x3x3_f32/process_time/real_time_cv           0.27 %          0.34 %            10 items_per_second=0.27%
