2026-01-09T12:27:04.523412
Running tools/iree-benchmark-module --module=/home/dima/sched_vmfb/fastdepth_rvv/module_main_graph$async_dispatch_7_system_elf_riscv_64_benchmark.vmfb --device=local-task --function=main_graph$async_dispatch_7_system_elf_riscv_64_main_graph$async_dispatch_7_conv_56x56x128x3x3_f32 --input=1xi32=1 --task_topology_cpu_ids=0,1 --benchmark_repetitions=10
2026-01-09T12:27:04+08:00
Running tools/iree-benchmark-module
Run on (8 X 1600 MHz CPU s)
CPU Caches:
  L1 Instruction 32 KiB (x8)
  L1 Data 32 KiB (x8)
  L2 Unified 512 KiB (x2)
Load Average: 3.92, 3.44, 2.93
----------------------------------------------------------------------------------------------------------------------------------------------------------------------------------------------
Benchmark                                                                                                                                    Time             CPU   Iterations UserCounters...
----------------------------------------------------------------------------------------------------------------------------------------------------------------------------------------------
BM_main_graph$async_dispatch_7_system_elf_riscv_64_main_graph$async_dispatch_7_conv_56x56x128x3x3_f32/process_time/real_time              16.0 ms         31.5 ms           44 items_per_second=62.5418/s
BM_main_graph$async_dispatch_7_system_elf_riscv_64_main_graph$async_dispatch_7_conv_56x56x128x3x3_f32/process_time/real_time              15.9 ms         31.4 ms           44 items_per_second=62.7917/s
BM_main_graph$async_dispatch_7_system_elf_riscv_64_main_graph$async_dispatch_7_conv_56x56x128x3x3_f32/process_time/real_time              16.0 ms         31.4 ms           44 items_per_second=62.6394/s
BM_main_graph$async_dispatch_7_system_elf_riscv_64_main_graph$async_dispatch_7_conv_56x56x128x3x3_f32/process_time/real_time              16.0 ms         31.5 ms           44 items_per_second=62.547/s
BM_main_graph$async_dispatch_7_system_elf_riscv_64_main_graph$async_dispatch_7_conv_56x56x128x3x3_f32/process_time/real_time              15.9 ms         31.5 ms           44 items_per_second=62.7085/s
BM_main_graph$async_dispatch_7_system_elf_riscv_64_main_graph$async_dispatch_7_conv_56x56x128x3x3_f32/process_time/real_time              15.9 ms         31.5 ms           44 items_per_second=62.7133/s
BM_main_graph$async_dispatch_7_system_elf_riscv_64_main_graph$async_dispatch_7_conv_56x56x128x3x3_f32/process_time/real_time              16.0 ms         31.5 ms           44 items_per_second=62.3903/s
BM_main_graph$async_dispatch_7_system_elf_riscv_64_main_graph$async_dispatch_7_conv_56x56x128x3x3_f32/process_time/real_time              16.0 ms         31.5 ms           44 items_per_second=62.6638/s
BM_main_graph$async_dispatch_7_system_elf_riscv_64_main_graph$async_dispatch_7_conv_56x56x128x3x3_f32/process_time/real_time              16.0 ms         31.5 ms           44 items_per_second=62.6657/s
BM_main_graph$async_dispatch_7_system_elf_riscv_64_main_graph$async_dispatch_7_conv_56x56x128x3x3_f32/process_time/real_time              16.0 ms         31.5 ms           44 items_per_second=62.508/s
BM_main_graph$async_dispatch_7_system_elf_riscv_64_main_graph$async_dispatch_7_conv_56x56x128x3x3_f32/process_time/real_time_mean         16.0 ms         31.5 ms           10 items_per_second=62.6169/s
BM_main_graph$async_dispatch_7_system_elf_riscv_64_main_graph$async_dispatch_7_conv_56x56x128x3x3_f32/process_time/real_time_median       16.0 ms         31.5 ms           10 items_per_second=62.6516/s
BM_main_graph$async_dispatch_7_system_elf_riscv_64_main_graph$async_dispatch_7_conv_56x56x128x3x3_f32/process_time/real_time_stddev      0.030 ms        0.032 ms           10 items_per_second=0.118816/s
BM_main_graph$async_dispatch_7_system_elf_riscv_64_main_graph$async_dispatch_7_conv_56x56x128x3x3_f32/process_time/real_time_cv           0.19 %          0.10 %            10 items_per_second=0.19%
