2026-01-09T12:23:26.085613
Running tools/iree-benchmark-module --module=/home/dima/sched_vmfb/fastdepth_rvv/module_main_graph$async_dispatch_14_system_elf_riscv_64_benchmark.vmfb --device=local-task --function=main_graph$async_dispatch_14_system_elf_riscv_64_main_graph$async_dispatch_14_slow_memcpy --input=1xi32=1 --task_topology_cpu_ids=0,1 --benchmark_repetitions=10
2026-01-09T12:23:26+08:00
Running tools/iree-benchmark-module
Run on (8 X 1600 MHz CPU s)
CPU Caches:
  L1 Instruction 32 KiB (x8)
  L1 Data 32 KiB (x8)
  L2 Unified 512 KiB (x2)
Load Average: 3.41, 2.89, 2.65
-------------------------------------------------------------------------------------------------------------------------------------------------------------------------------------
Benchmark                                                                                                                           Time             CPU   Iterations UserCounters...
-------------------------------------------------------------------------------------------------------------------------------------------------------------------------------------
BM_main_graph$async_dispatch_14_system_elf_riscv_64_main_graph$async_dispatch_14_slow_memcpy/process_time/real_time             0.944 ms         1.74 ms          737 items_per_second=1.05936k/s
BM_main_graph$async_dispatch_14_system_elf_riscv_64_main_graph$async_dispatch_14_slow_memcpy/process_time/real_time             0.944 ms         1.74 ms          737 items_per_second=1.05887k/s
BM_main_graph$async_dispatch_14_system_elf_riscv_64_main_graph$async_dispatch_14_slow_memcpy/process_time/real_time             0.945 ms         1.74 ms          737 items_per_second=1.05843k/s
BM_main_graph$async_dispatch_14_system_elf_riscv_64_main_graph$async_dispatch_14_slow_memcpy/process_time/real_time             0.941 ms         1.74 ms          737 items_per_second=1.06292k/s
BM_main_graph$async_dispatch_14_system_elf_riscv_64_main_graph$async_dispatch_14_slow_memcpy/process_time/real_time             0.943 ms         1.74 ms          737 items_per_second=1.06097k/s
BM_main_graph$async_dispatch_14_system_elf_riscv_64_main_graph$async_dispatch_14_slow_memcpy/process_time/real_time             0.942 ms         1.74 ms          737 items_per_second=1.06199k/s
BM_main_graph$async_dispatch_14_system_elf_riscv_64_main_graph$async_dispatch_14_slow_memcpy/process_time/real_time             0.942 ms         1.74 ms          737 items_per_second=1.06168k/s
BM_main_graph$async_dispatch_14_system_elf_riscv_64_main_graph$async_dispatch_14_slow_memcpy/process_time/real_time             0.945 ms         1.74 ms          737 items_per_second=1.05785k/s
BM_main_graph$async_dispatch_14_system_elf_riscv_64_main_graph$async_dispatch_14_slow_memcpy/process_time/real_time             0.943 ms         1.74 ms          737 items_per_second=1.06001k/s
BM_main_graph$async_dispatch_14_system_elf_riscv_64_main_graph$async_dispatch_14_slow_memcpy/process_time/real_time             0.942 ms         1.74 ms          737 items_per_second=1.0611k/s
BM_main_graph$async_dispatch_14_system_elf_riscv_64_main_graph$async_dispatch_14_slow_memcpy/process_time/real_time_mean        0.943 ms         1.74 ms           10 items_per_second=1.06032k/s
BM_main_graph$async_dispatch_14_system_elf_riscv_64_main_graph$async_dispatch_14_slow_memcpy/process_time/real_time_median      0.943 ms         1.74 ms           10 items_per_second=1.06049k/s
BM_main_graph$async_dispatch_14_system_elf_riscv_64_main_graph$async_dispatch_14_slow_memcpy/process_time/real_time_stddev      0.001 ms        0.002 ms           10 items_per_second=1.6739/s
BM_main_graph$async_dispatch_14_system_elf_riscv_64_main_graph$async_dispatch_14_slow_memcpy/process_time/real_time_cv           0.16 %          0.10 %            10 items_per_second=0.16%
