2026-01-09T12:26:50.618517
Running tools/iree-benchmark-module --module=/home/dima/sched_vmfb/fastdepth_rvv/module_main_graph$async_dispatch_5_system_elf_riscv_64_benchmark.vmfb --device=local-task --function=main_graph$async_dispatch_5_system_elf_riscv_64_main_graph$async_dispatch_5_conv_56x56x64x3x3_f32 --input=1xi32=1 --task_topology_cpu_ids=0,1 --benchmark_repetitions=10
2026-01-09T12:26:50+08:00
Running tools/iree-benchmark-module
Run on (8 X 1600 MHz CPU s)
CPU Caches:
  L1 Instruction 32 KiB (x8)
  L1 Data 32 KiB (x8)
  L2 Unified 512 KiB (x2)
Load Average: 3.89, 3.41, 2.91
---------------------------------------------------------------------------------------------------------------------------------------------------------------------------------------------
Benchmark                                                                                                                                   Time             CPU   Iterations UserCounters...
---------------------------------------------------------------------------------------------------------------------------------------------------------------------------------------------
BM_main_graph$async_dispatch_5_system_elf_riscv_64_main_graph$async_dispatch_5_conv_56x56x64x3x3_f32/process_time/real_time              7.75 ms         15.2 ms           90 items_per_second=129.086/s
BM_main_graph$async_dispatch_5_system_elf_riscv_64_main_graph$async_dispatch_5_conv_56x56x64x3x3_f32/process_time/real_time              7.72 ms         15.2 ms           90 items_per_second=129.571/s
BM_main_graph$async_dispatch_5_system_elf_riscv_64_main_graph$async_dispatch_5_conv_56x56x64x3x3_f32/process_time/real_time              7.72 ms         15.2 ms           90 items_per_second=129.455/s
BM_main_graph$async_dispatch_5_system_elf_riscv_64_main_graph$async_dispatch_5_conv_56x56x64x3x3_f32/process_time/real_time              7.74 ms         15.2 ms           90 items_per_second=129.12/s
BM_main_graph$async_dispatch_5_system_elf_riscv_64_main_graph$async_dispatch_5_conv_56x56x64x3x3_f32/process_time/real_time              7.72 ms         15.2 ms           90 items_per_second=129.599/s
BM_main_graph$async_dispatch_5_system_elf_riscv_64_main_graph$async_dispatch_5_conv_56x56x64x3x3_f32/process_time/real_time              7.72 ms         15.2 ms           90 items_per_second=129.53/s
BM_main_graph$async_dispatch_5_system_elf_riscv_64_main_graph$async_dispatch_5_conv_56x56x64x3x3_f32/process_time/real_time              7.75 ms         15.2 ms           90 items_per_second=129.002/s
BM_main_graph$async_dispatch_5_system_elf_riscv_64_main_graph$async_dispatch_5_conv_56x56x64x3x3_f32/process_time/real_time              7.72 ms         15.2 ms           90 items_per_second=129.539/s
BM_main_graph$async_dispatch_5_system_elf_riscv_64_main_graph$async_dispatch_5_conv_56x56x64x3x3_f32/process_time/real_time              7.72 ms         15.2 ms           90 items_per_second=129.502/s
BM_main_graph$async_dispatch_5_system_elf_riscv_64_main_graph$async_dispatch_5_conv_56x56x64x3x3_f32/process_time/real_time              7.74 ms         15.2 ms           90 items_per_second=129.127/s
BM_main_graph$async_dispatch_5_system_elf_riscv_64_main_graph$async_dispatch_5_conv_56x56x64x3x3_f32/process_time/real_time_mean         7.73 ms         15.2 ms           10 items_per_second=129.353/s
BM_main_graph$async_dispatch_5_system_elf_riscv_64_main_graph$async_dispatch_5_conv_56x56x64x3x3_f32/process_time/real_time_median       7.72 ms         15.2 ms           10 items_per_second=129.479/s
BM_main_graph$async_dispatch_5_system_elf_riscv_64_main_graph$async_dispatch_5_conv_56x56x64x3x3_f32/process_time/real_time_stddev      0.014 ms        0.015 ms           10 items_per_second=0.237281/s
BM_main_graph$async_dispatch_5_system_elf_riscv_64_main_graph$async_dispatch_5_conv_56x56x64x3x3_f32/process_time/real_time_cv           0.18 %          0.10 %            10 items_per_second=0.18%
