2026-01-09T09:57:11.314283
Running tools/iree-benchmark-module --module=/home/dima/sched_vmfb/dronet_scalar/module_main_graph$async_dispatch_7_embedded_elf_riscv_64_benchmark.vmfb --device=local-task --function=main_graph$async_dispatch_7_embedded_elf_riscv_64_main_graph$async_dispatch_7_matmul_like_64x14x14x32_f32 --input=1xi32=1 --task_topology_cpu_ids=0,1,2,3 --benchmark_repetitions=10
2026-01-09T09:57:11+08:00
Running tools/iree-benchmark-module
Run on (8 X 1600 MHz CPU s)
CPU Caches:
  L1 Instruction 32 KiB (x8)
  L1 Data 32 KiB (x8)
  L2 Unified 512 KiB (x2)
Load Average: 5.07, 4.01, 3.37
-----------------------------------------------------------------------------------------------------------------------------------------------------------------------------------------------------
Benchmark                                                                                                                                           Time             CPU   Iterations UserCounters...
-----------------------------------------------------------------------------------------------------------------------------------------------------------------------------------------------------
BM_main_graph$async_dispatch_7_embedded_elf_riscv_64_main_graph$async_dispatch_7_matmul_like_64x14x14x32_f32/process_time/real_time              1.17 ms         4.29 ms          595 items_per_second=852.683/s
BM_main_graph$async_dispatch_7_embedded_elf_riscv_64_main_graph$async_dispatch_7_matmul_like_64x14x14x32_f32/process_time/real_time              1.17 ms         4.28 ms          595 items_per_second=855.078/s
BM_main_graph$async_dispatch_7_embedded_elf_riscv_64_main_graph$async_dispatch_7_matmul_like_64x14x14x32_f32/process_time/real_time              1.17 ms         4.28 ms          595 items_per_second=855.118/s
BM_main_graph$async_dispatch_7_embedded_elf_riscv_64_main_graph$async_dispatch_7_matmul_like_64x14x14x32_f32/process_time/real_time              1.17 ms         4.29 ms          595 items_per_second=852.57/s
BM_main_graph$async_dispatch_7_embedded_elf_riscv_64_main_graph$async_dispatch_7_matmul_like_64x14x14x32_f32/process_time/real_time              1.17 ms         4.28 ms          595 items_per_second=855.932/s
BM_main_graph$async_dispatch_7_embedded_elf_riscv_64_main_graph$async_dispatch_7_matmul_like_64x14x14x32_f32/process_time/real_time              1.16 ms         4.28 ms          595 items_per_second=860.911/s
BM_main_graph$async_dispatch_7_embedded_elf_riscv_64_main_graph$async_dispatch_7_matmul_like_64x14x14x32_f32/process_time/real_time              1.17 ms         4.29 ms          595 items_per_second=853.703/s
BM_main_graph$async_dispatch_7_embedded_elf_riscv_64_main_graph$async_dispatch_7_matmul_like_64x14x14x32_f32/process_time/real_time              1.17 ms         4.28 ms          595 items_per_second=851.525/s
BM_main_graph$async_dispatch_7_embedded_elf_riscv_64_main_graph$async_dispatch_7_matmul_like_64x14x14x32_f32/process_time/real_time              1.17 ms         4.28 ms          595 items_per_second=853.685/s
BM_main_graph$async_dispatch_7_embedded_elf_riscv_64_main_graph$async_dispatch_7_matmul_like_64x14x14x32_f32/process_time/real_time              1.17 ms         4.29 ms          595 items_per_second=852.344/s
BM_main_graph$async_dispatch_7_embedded_elf_riscv_64_main_graph$async_dispatch_7_matmul_like_64x14x14x32_f32/process_time/real_time_mean         1.17 ms         4.28 ms           10 items_per_second=854.355/s
BM_main_graph$async_dispatch_7_embedded_elf_riscv_64_main_graph$async_dispatch_7_matmul_like_64x14x14x32_f32/process_time/real_time_median       1.17 ms         4.28 ms           10 items_per_second=853.694/s
BM_main_graph$async_dispatch_7_embedded_elf_riscv_64_main_graph$async_dispatch_7_matmul_like_64x14x14x32_f32/process_time/real_time_stddev      0.004 ms        0.004 ms           10 items_per_second=2.69739/s
BM_main_graph$async_dispatch_7_embedded_elf_riscv_64_main_graph$async_dispatch_7_matmul_like_64x14x14x32_f32/process_time/real_time_cv           0.31 %          0.09 %            10 items_per_second=0.32%
