2026-01-09T09:55:52.205796
Running tools/iree-benchmark-module --module=/home/dima/sched_vmfb/dronet_scalar/module_main_graph$async_dispatch_10_embedded_elf_riscv_64_benchmark.vmfb --device=local-task --function=main_graph$async_dispatch_10_embedded_elf_riscv_64_main_graph$async_dispatch_10_matmul_like_128x7x7x64_f32 --input=1xi32=1 --task_topology_cpu_ids=0,1,2,3 --benchmark_repetitions=10
2026-01-09T09:55:52+08:00
Running tools/iree-benchmark-module
Run on (8 X 1600 MHz CPU s)
CPU Caches:
  L1 Instruction 32 KiB (x8)
  L1 Data 32 KiB (x8)
  L2 Unified 512 KiB (x2)
Load Average: 4.59, 3.66, 3.21
------------------------------------------------------------------------------------------------------------------------------------------------------------------------------------------------------
Benchmark                                                                                                                                            Time             CPU   Iterations UserCounters...
------------------------------------------------------------------------------------------------------------------------------------------------------------------------------------------------------
BM_main_graph$async_dispatch_10_embedded_elf_riscv_64_main_graph$async_dispatch_10_matmul_like_128x7x7x64_f32/process_time/real_time              1.53 ms         5.81 ms          456 items_per_second=652.169/s
BM_main_graph$async_dispatch_10_embedded_elf_riscv_64_main_graph$async_dispatch_10_matmul_like_128x7x7x64_f32/process_time/real_time              1.55 ms         5.82 ms          456 items_per_second=643.39/s
BM_main_graph$async_dispatch_10_embedded_elf_riscv_64_main_graph$async_dispatch_10_matmul_like_128x7x7x64_f32/process_time/real_time              1.53 ms         5.81 ms          456 items_per_second=652.618/s
BM_main_graph$async_dispatch_10_embedded_elf_riscv_64_main_graph$async_dispatch_10_matmul_like_128x7x7x64_f32/process_time/real_time              1.53 ms         5.80 ms          456 items_per_second=654.832/s
BM_main_graph$async_dispatch_10_embedded_elf_riscv_64_main_graph$async_dispatch_10_matmul_like_128x7x7x64_f32/process_time/real_time              1.55 ms         5.81 ms          456 items_per_second=645.12/s
BM_main_graph$async_dispatch_10_embedded_elf_riscv_64_main_graph$async_dispatch_10_matmul_like_128x7x7x64_f32/process_time/real_time              1.53 ms         5.80 ms          456 items_per_second=655.362/s
BM_main_graph$async_dispatch_10_embedded_elf_riscv_64_main_graph$async_dispatch_10_matmul_like_128x7x7x64_f32/process_time/real_time              1.53 ms         5.80 ms          456 items_per_second=655.648/s
BM_main_graph$async_dispatch_10_embedded_elf_riscv_64_main_graph$async_dispatch_10_matmul_like_128x7x7x64_f32/process_time/real_time              1.55 ms         5.81 ms          456 items_per_second=645.341/s
BM_main_graph$async_dispatch_10_embedded_elf_riscv_64_main_graph$async_dispatch_10_matmul_like_128x7x7x64_f32/process_time/real_time              1.53 ms         5.80 ms          456 items_per_second=654.82/s
BM_main_graph$async_dispatch_10_embedded_elf_riscv_64_main_graph$async_dispatch_10_matmul_like_128x7x7x64_f32/process_time/real_time              1.55 ms         5.81 ms          456 items_per_second=646.587/s
BM_main_graph$async_dispatch_10_embedded_elf_riscv_64_main_graph$async_dispatch_10_matmul_like_128x7x7x64_f32/process_time/real_time_mean         1.54 ms         5.81 ms           10 items_per_second=650.589/s
BM_main_graph$async_dispatch_10_embedded_elf_riscv_64_main_graph$async_dispatch_10_matmul_like_128x7x7x64_f32/process_time/real_time_median       1.53 ms         5.81 ms           10 items_per_second=652.394/s
BM_main_graph$async_dispatch_10_embedded_elf_riscv_64_main_graph$async_dispatch_10_matmul_like_128x7x7x64_f32/process_time/real_time_stddev      0.012 ms        0.004 ms           10 items_per_second=4.90111/s
BM_main_graph$async_dispatch_10_embedded_elf_riscv_64_main_graph$async_dispatch_10_matmul_like_128x7x7x64_f32/process_time/real_time_cv           0.76 %          0.08 %            10 items_per_second=0.75%
