2026-01-09T09:56:57.160060
Running tools/iree-benchmark-module --module=/home/dima/sched_vmfb/dronet_scalar/module_main_graph$async_dispatch_5_embedded_elf_riscv_64_benchmark.vmfb --device=local-task --function=main_graph$async_dispatch_5_embedded_elf_riscv_64_main_graph$async_dispatch_5_conv_32x28x28x32x3x3_f32 --input=1xi32=1 --task_topology_cpu_ids=0,1,2,3 --benchmark_repetitions=10
2026-01-09T09:56:57+08:00
Running tools/iree-benchmark-module
Run on (8 X 1600 MHz CPU s)
CPU Caches:
  L1 Instruction 32 KiB (x8)
  L1 Data 32 KiB (x8)
  L2 Unified 512 KiB (x2)
Load Average: 4.80, 3.90, 3.33
--------------------------------------------------------------------------------------------------------------------------------------------------------------------------------------------------
Benchmark                                                                                                                                        Time             CPU   Iterations UserCounters...
--------------------------------------------------------------------------------------------------------------------------------------------------------------------------------------------------
BM_main_graph$async_dispatch_5_embedded_elf_riscv_64_main_graph$async_dispatch_5_conv_32x28x28x32x3x3_f32/process_time/real_time              12.4 ms         48.7 ms           56 items_per_second=80.5896/s
BM_main_graph$async_dispatch_5_embedded_elf_riscv_64_main_graph$async_dispatch_5_conv_32x28x28x32x3x3_f32/process_time/real_time              12.3 ms         48.6 ms           56 items_per_second=81.2334/s
BM_main_graph$async_dispatch_5_embedded_elf_riscv_64_main_graph$async_dispatch_5_conv_32x28x28x32x3x3_f32/process_time/real_time              12.3 ms         48.6 ms           56 items_per_second=81.0181/s
BM_main_graph$async_dispatch_5_embedded_elf_riscv_64_main_graph$async_dispatch_5_conv_32x28x28x32x3x3_f32/process_time/real_time              12.4 ms         48.7 ms           56 items_per_second=80.6322/s
BM_main_graph$async_dispatch_5_embedded_elf_riscv_64_main_graph$async_dispatch_5_conv_32x28x28x32x3x3_f32/process_time/real_time              12.3 ms         48.6 ms           56 items_per_second=81.13/s
BM_main_graph$async_dispatch_5_embedded_elf_riscv_64_main_graph$async_dispatch_5_conv_32x28x28x32x3x3_f32/process_time/real_time              12.4 ms         48.7 ms           56 items_per_second=80.8199/s
BM_main_graph$async_dispatch_5_embedded_elf_riscv_64_main_graph$async_dispatch_5_conv_32x28x28x32x3x3_f32/process_time/real_time              12.4 ms         48.7 ms           56 items_per_second=80.7263/s
BM_main_graph$async_dispatch_5_embedded_elf_riscv_64_main_graph$async_dispatch_5_conv_32x28x28x32x3x3_f32/process_time/real_time              12.3 ms         48.6 ms           56 items_per_second=81.0653/s
BM_main_graph$async_dispatch_5_embedded_elf_riscv_64_main_graph$async_dispatch_5_conv_32x28x28x32x3x3_f32/process_time/real_time              12.3 ms         48.7 ms           56 items_per_second=81.0765/s
BM_main_graph$async_dispatch_5_embedded_elf_riscv_64_main_graph$async_dispatch_5_conv_32x28x28x32x3x3_f32/process_time/real_time              12.4 ms         48.7 ms           56 items_per_second=80.7173/s
BM_main_graph$async_dispatch_5_embedded_elf_riscv_64_main_graph$async_dispatch_5_conv_32x28x28x32x3x3_f32/process_time/real_time_mean         12.4 ms         48.7 ms           10 items_per_second=80.9008/s
BM_main_graph$async_dispatch_5_embedded_elf_riscv_64_main_graph$async_dispatch_5_conv_32x28x28x32x3x3_f32/process_time/real_time_median       12.4 ms         48.7 ms           10 items_per_second=80.919/s
BM_main_graph$async_dispatch_5_embedded_elf_riscv_64_main_graph$async_dispatch_5_conv_32x28x28x32x3x3_f32/process_time/real_time_stddev      0.035 ms        0.035 ms           10 items_per_second=0.229615/s
BM_main_graph$async_dispatch_5_embedded_elf_riscv_64_main_graph$async_dispatch_5_conv_32x28x28x32x3x3_f32/process_time/real_time_cv           0.28 %          0.07 %            10 items_per_second=0.28%
