2026-01-09T09:56:21.284162
Running tools/iree-benchmark-module --module=/home/dima/sched_vmfb/dronet_scalar/module_main_graph$async_dispatch_14_embedded_elf_riscv_64_benchmark.vmfb --device=local-task --function=main_graph$async_dispatch_14_embedded_elf_riscv_64_main_graph$async_dispatch_14_matvec_like_6272_f32 --input=1xi32=1 --task_topology_cpu_ids=0,1,2,3 --benchmark_repetitions=10
2026-01-09T09:56:21+08:00
Running tools/iree-benchmark-module
Run on (8 X 1600 MHz CPU s)
CPU Caches:
  L1 Instruction 32 KiB (x8)
  L1 Data 32 KiB (x8)
  L2 Unified 512 KiB (x2)
Load Average: 4.62, 3.77, 3.27
------------------------------------------------------------------------------------------------------------------------------------------------------------------------------------------------
Benchmark                                                                                                                                      Time             CPU   Iterations UserCounters...
------------------------------------------------------------------------------------------------------------------------------------------------------------------------------------------------
BM_main_graph$async_dispatch_14_embedded_elf_riscv_64_main_graph$async_dispatch_14_matvec_like_6272_f32/process_time/real_time             0.118 ms        0.124 ms         5935 items_per_second=8.44238k/s
BM_main_graph$async_dispatch_14_embedded_elf_riscv_64_main_graph$async_dispatch_14_matvec_like_6272_f32/process_time/real_time             0.119 ms        0.125 ms         5935 items_per_second=8.39648k/s
BM_main_graph$async_dispatch_14_embedded_elf_riscv_64_main_graph$async_dispatch_14_matvec_like_6272_f32/process_time/real_time             0.119 ms        0.125 ms         5935 items_per_second=8.4261k/s
BM_main_graph$async_dispatch_14_embedded_elf_riscv_64_main_graph$async_dispatch_14_matvec_like_6272_f32/process_time/real_time             0.113 ms        0.118 ms         5935 items_per_second=8.81635k/s
BM_main_graph$async_dispatch_14_embedded_elf_riscv_64_main_graph$async_dispatch_14_matvec_like_6272_f32/process_time/real_time             0.110 ms        0.115 ms         5935 items_per_second=9.10856k/s
BM_main_graph$async_dispatch_14_embedded_elf_riscv_64_main_graph$async_dispatch_14_matvec_like_6272_f32/process_time/real_time             0.110 ms        0.115 ms         5935 items_per_second=9.08854k/s
BM_main_graph$async_dispatch_14_embedded_elf_riscv_64_main_graph$async_dispatch_14_matvec_like_6272_f32/process_time/real_time             0.109 ms        0.114 ms         5935 items_per_second=9.15641k/s
BM_main_graph$async_dispatch_14_embedded_elf_riscv_64_main_graph$async_dispatch_14_matvec_like_6272_f32/process_time/real_time             0.109 ms        0.114 ms         5935 items_per_second=9.19029k/s
BM_main_graph$async_dispatch_14_embedded_elf_riscv_64_main_graph$async_dispatch_14_matvec_like_6272_f32/process_time/real_time             0.110 ms        0.114 ms         5935 items_per_second=9.11106k/s
BM_main_graph$async_dispatch_14_embedded_elf_riscv_64_main_graph$async_dispatch_14_matvec_like_6272_f32/process_time/real_time             0.108 ms        0.114 ms         5935 items_per_second=9.22534k/s
BM_main_graph$async_dispatch_14_embedded_elf_riscv_64_main_graph$async_dispatch_14_matvec_like_6272_f32/process_time/real_time_mean        0.113 ms        0.118 ms           10 items_per_second=8.89615k/s
BM_main_graph$async_dispatch_14_embedded_elf_riscv_64_main_graph$async_dispatch_14_matvec_like_6272_f32/process_time/real_time_median      0.110 ms        0.115 ms           10 items_per_second=9.09855k/s
BM_main_graph$async_dispatch_14_embedded_elf_riscv_64_main_graph$async_dispatch_14_matvec_like_6272_f32/process_time/real_time_stddev      0.004 ms        0.005 ms           10 items_per_second=345.419/s
BM_main_graph$async_dispatch_14_embedded_elf_riscv_64_main_graph$async_dispatch_14_matvec_like_6272_f32/process_time/real_time_cv           3.97 %          4.19 %            10 items_per_second=3.88%
