2026-01-09T09:55:59.425872
Running tools/iree-benchmark-module --module=/home/dima/sched_vmfb/dronet_scalar/module_main_graph$async_dispatch_11_embedded_elf_riscv_64_benchmark.vmfb --device=local-task --function=main_graph$async_dispatch_11_embedded_elf_riscv_64_main_graph$async_dispatch_11_conv_128x7x7x128x3x3_f32 --input=1xi32=1 --task_topology_cpu_ids=0,1,2,3 --benchmark_repetitions=10
2026-01-09T09:55:59+08:00
Running tools/iree-benchmark-module
Run on (8 X 1600 MHz CPU s)
CPU Caches:
  L1 Instruction 32 KiB (x8)
  L1 Data 32 KiB (x8)
  L2 Unified 512 KiB (x2)
Load Average: 4.80, 3.73, 3.24
----------------------------------------------------------------------------------------------------------------------------------------------------------------------------------------------------
Benchmark                                                                                                                                          Time             CPU   Iterations UserCounters...
----------------------------------------------------------------------------------------------------------------------------------------------------------------------------------------------------
BM_main_graph$async_dispatch_11_embedded_elf_riscv_64_main_graph$async_dispatch_11_conv_128x7x7x128x3x3_f32/process_time/real_time              11.9 ms         41.2 ms           58 items_per_second=83.9267/s
BM_main_graph$async_dispatch_11_embedded_elf_riscv_64_main_graph$async_dispatch_11_conv_128x7x7x128x3x3_f32/process_time/real_time              11.9 ms         41.2 ms           58 items_per_second=83.7707/s
BM_main_graph$async_dispatch_11_embedded_elf_riscv_64_main_graph$async_dispatch_11_conv_128x7x7x128x3x3_f32/process_time/real_time              11.9 ms         41.2 ms           58 items_per_second=83.7656/s
BM_main_graph$async_dispatch_11_embedded_elf_riscv_64_main_graph$async_dispatch_11_conv_128x7x7x128x3x3_f32/process_time/real_time              12.0 ms         41.2 ms           58 items_per_second=83.4789/s
BM_main_graph$async_dispatch_11_embedded_elf_riscv_64_main_graph$async_dispatch_11_conv_128x7x7x128x3x3_f32/process_time/real_time              11.9 ms         41.2 ms           58 items_per_second=83.7199/s
BM_main_graph$async_dispatch_11_embedded_elf_riscv_64_main_graph$async_dispatch_11_conv_128x7x7x128x3x3_f32/process_time/real_time              12.0 ms         41.2 ms           58 items_per_second=83.1631/s
BM_main_graph$async_dispatch_11_embedded_elf_riscv_64_main_graph$async_dispatch_11_conv_128x7x7x128x3x3_f32/process_time/real_time              12.0 ms         41.2 ms           58 items_per_second=83.5946/s
BM_main_graph$async_dispatch_11_embedded_elf_riscv_64_main_graph$async_dispatch_11_conv_128x7x7x128x3x3_f32/process_time/real_time              11.9 ms         41.1 ms           58 items_per_second=83.7982/s
BM_main_graph$async_dispatch_11_embedded_elf_riscv_64_main_graph$async_dispatch_11_conv_128x7x7x128x3x3_f32/process_time/real_time              12.1 ms         41.2 ms           58 items_per_second=82.9623/s
BM_main_graph$async_dispatch_11_embedded_elf_riscv_64_main_graph$async_dispatch_11_conv_128x7x7x128x3x3_f32/process_time/real_time              11.9 ms         41.2 ms           58 items_per_second=83.8378/s
BM_main_graph$async_dispatch_11_embedded_elf_riscv_64_main_graph$async_dispatch_11_conv_128x7x7x128x3x3_f32/process_time/real_time_mean         12.0 ms         41.2 ms           10 items_per_second=83.6018/s
BM_main_graph$async_dispatch_11_embedded_elf_riscv_64_main_graph$async_dispatch_11_conv_128x7x7x128x3x3_f32/process_time/real_time_median       11.9 ms         41.2 ms           10 items_per_second=83.7428/s
BM_main_graph$async_dispatch_11_embedded_elf_riscv_64_main_graph$async_dispatch_11_conv_128x7x7x128x3x3_f32/process_time/real_time_stddev      0.045 ms        0.030 ms           10 items_per_second=0.313709/s
BM_main_graph$async_dispatch_11_embedded_elf_riscv_64_main_graph$async_dispatch_11_conv_128x7x7x128x3x3_f32/process_time/real_time_cv           0.38 %          0.07 %            10 items_per_second=0.38%
