[main] lane 4 (hta|yolov8n_b) shares core 7 with lane 0 (hta|fused_split): dropping its SCHED_FIFO 0 and 200 us spin to avoid two real-time spinners on one core
[main] lane 5 (dsp|yolov8n_b) shares core 6 with lane 2 (dsp|vint): dropping its SCHED_FIFO 0 and 200 us spin to avoid two real-time spinners on one core
[main] lane 6 (hta|yolov8n_c) shares core 7 with lane 0 (hta|fused_split): dropping its SCHED_FIFO 0 and 200 us spin to avoid two real-time spinners on one core
[main] lane 7 (dsp|mlp_control) shares core 6 with lane 2 (dsp|vint): dropping its SCHED_FIFO 0 and 200 us spin to avoid two real-time spinners on one core
[main] lane 8 (hta|yolov8n_a) shares core 7 with lane 0 (hta|fused_split): dropping its SCHED_FIFO 0 and 200 us spin to avoid two real-time spinners on one core
[main] lane 9 (dsp|yolov8n_c) shares core 6 with lane 2 (dsp|vint): dropping its SCHED_FIFO 0 and 200 us spin to avoid two real-time spinners on one core
[main] lane 10 (cpu|vint) shares core 5 with lane 1 (cpu|fused_split): dropping its SCHED_FIFO 40 and 2000 us spin to avoid two real-time spinners on one core
[main] lane 11 (hta|yolov8n_d) shares core 7 with lane 0 (hta|fused_split): dropping its SCHED_FIFO 0 and 200 us spin to avoid two real-time spinners on one core
[main] lane 12 (dsp|fused_split) shares core 6 with lane 2 (dsp|vint): dropping its SCHED_FIFO 0 and 97 us spin to avoid two real-time spinners on one core
[main] lane 13 (dsp|yolov8n_d) shares core 6 with lane 2 (dsp|vint): dropping its SCHED_FIFO 0 and 200 us spin to avoid two real-time spinners on one core
[main] lane 14 (dsp|yolov8n_a) shares core 6 with lane 2 (dsp|vint): dropping its SCHED_FIFO 0 and 200 us spin to avoid two real-time spinners on one core
Context handle already exists!
[bringup] HTA  /root/qnn_runtime_ctx/ctx_fused_vision_conv__Hta.bin → 1 graph(s): fused_vision_conv
[bringup] CPU  /root/qnn_runtime_ctx/ctx_fused_depth_conv__Cpu.bin → 1 graph(s): fused_depth_conv
/prj/qct/webtech_scratch20/mlg_user_admin/qaisw_source_repo/rel/qairt-2.45.0/release/SNPE_SRC/avante-tools/prebuilt/dsp/hexagon-sdk-4.1.0/ipc/fastrpc/rpcmem/src/rpcmem_android.c:38:dummy call to rpcmem_init, rpcmem APIs will be used from libxdsprpc
[bringup] DSP  /root/qnn_runtime_ctx/ctx_vint_encoders__Dsp.bin → 1 graph(s): vint_encoders
[bringup] CPU  /root/qnn_runtime_ctx/ctx_mlp_control_fp32__Cpu.bin → 1 graph(s): mlp_control_fp32
Context handle already exists!
[bringup] HTA  /root/qnn_runtime_ctx/ctx_yolov8n_backbone__Hta.bin → 1 graph(s): yolov8n_HTA_split_seg100
[bringup] CPU  /root/qnn_runtime_ctx/ctx_fused_tail_from_conv_fp32__Cpu.bin → 1 graph(s): fused_tail_from_conv
[bringup] DSP  /root/qnn_runtime_ctx/ctx_yolov8n_head__Dsp.bin → 1 graph(s): yolov8n_HTA_split_seg101
[bringup] DSP  /root/qnn_runtime_ctx/ctx_mlp_control__Dsp.bin → 1 graph(s): mlp_control
[bringup] CPU  /root/qnn_runtime_ctx/ctx_vint_decoder_fp32__Cpu.bin → 1 graph(s): vint_decoder
[bringup] DSP  /root/qnn_runtime_ctx/ctx_fused_depth_conv__Dsp.bin → 1 graph(s): fused_depth_conv
[bringup] DSP  /root/qnn_runtime_ctx/ctx_fused_tail_from_conv__Dsp.bin → 1 graph(s): fused_tail_from_conv
[bringup] DSP  /root/qnn_runtime_ctx/ctx_fused_vision_conv__Dsp.bin → 1 graph(s): fused_vision_conv
Context handle already exists!
[bringup] HTA  /root/qnn_runtime_ctx/ctx_fused_depth_conv__Hta.bin → 1 graph(s): fused_depth_conv
[main] 13 context(s), 40 entries, 15 lane(s):
  lane 0  hta|fused_split core 7  spin 200 us  fifo 0
  lane 1  cpu|fused_split core 5  spin 3 us  fifo 40
  lane 2  dsp|vint       core 6  spin 200 us  fifo 0
  lane 3  cpu|mlp_control core 4  spin 1016 us  fifo 40
  lane 4  hta|yolov8n_b  core 7  spin 0 us  fifo 0
  lane 5  dsp|yolov8n_b  core 6  spin 0 us  fifo 0
  lane 6  hta|yolov8n_c  core 7  spin 0 us  fifo 0
  lane 7  dsp|mlp_control core 6  spin 0 us  fifo 0
  lane 8  hta|yolov8n_a  core 7  spin 0 us  fifo 0
  lane 9  dsp|yolov8n_c  core 6  spin 0 us  fifo 0
  lane 10  cpu|vint       core 5  spin 0 us  fifo 0
  lane 11  hta|yolov8n_d  core 7  spin 0 us  fifo 0
  lane 12  dsp|fused_split core 6  spin 0 us  fifo 0
  lane 13  dsp|yolov8n_d  core 6  spin 0 us  fifo 0
  lane 14  dsp|yolov8n_a  core 6  spin 0 us  fifo 0
[main] iteration 1/2 wall=117.114 ms
[run] e=1   fused_split   #0  fused_depth_conv       lane=cpu|fused_split CPU predicted=  0.014 actual=  0.078 ms (start=   0.049, late=+0.049)
[run] e=3   mlp_control   #0  mlp_control_full       lane=cpu|mlp_control CPU predicted=  0.107 actual=  0.215 ms (start=   0.049, late=+0.035)
[run] e=0   fused_split   #0  fused_vision_conv      lane=hta|fused_split HTA predicted=  0.931 actual=  2.087 ms (start=   0.042, late=+0.042)
[run] e=5   mlp_control   #1  mlp_control_full       lane=cpu|mlp_control CPU predicted=  0.107 actual=  0.105 ms (start=   7.036, late=+0.036)
[run] e=6   fused_split   #0  fused_tail             lane=cpu|fused_split CPU predicted=  0.354 actual=  3.667 ms (start=  10.665, late=+0.019)
[run] e=7   mlp_control   #2  mlp_control_full       lane=cpu|mlp_control CPU predicted=  0.107 actual=  0.067 ms (start=  14.535, late=+0.535)
[run] e=4   yolov8n_b     #0  yolov8n_backbone       lane=hta|yolov8n_b HTA predicted= 13.909 actual= 13.466 ms (start=   2.249, late=+1.318)
[run] e=2   vint          #0  vint_encoders          lane=dsp|vint   DSP predicted= 14.213 actual= 16.460 ms (start=   0.043, late=+0.043)
[run] e=10  fused_split   #1  fused_depth_conv       lane=cpu|fused_split CPU predicted=  0.014 actual=  0.202 ms (start=  16.406, late=+0.649)
[run] e=8   fused_split   #1  fused_vision_conv      lane=hta|fused_split HTA predicted=  0.931 actual=  1.066 ms (start=  16.245, late=+1.405)
[run] e=11  fused_split   #1  fused_tail             lane=cpu|fused_split CPU predicted=  0.354 actual=  2.579 ms (start=  18.628, late=+2.857)
[run] e=13  mlp_control   #3  mlp_control_full       lane=cpu|mlp_control CPU predicted=  0.107 actual=  0.149 ms (start=  21.548, late=+0.548)
[run] e=16  fused_split   #2  fused_depth_conv       lane=cpu|fused_split CPU predicted=  0.014 actual=  0.065 ms (start=  30.627, late=+0.030)
[run] e=12  yolov8n_c     #0  yolov8n_backbone       lane=hta|yolov8n_c HTA predicted= 13.909 actual= 13.377 ms (start=  17.458, late=+1.687)
[run] e=14  fused_split   #2  fused_vision_conv      lane=hta|fused_split HTA predicted=  0.931 actual=  1.155 ms (start=  31.369, late=+1.689)
[run] e=18  fused_split   #2  fused_tail             lane=cpu|fused_split CPU predicted=  0.354 actual=  2.114 ms (start=  32.825, late=+2.214)
[run] e=9   yolov8n_b     #0  yolov8n_head           lane=dsp|yolov8n_b DSP predicted= 15.377 actual= 18.485 ms (start=  17.082, late=+2.242)
[run] e=20  mlp_control   #5  mlp_control_full       lane=cpu|mlp_control CPU predicted=  0.107 actual=  0.072 ms (start=  35.752, late=+0.752)
[run] e=15  mlp_control   #4  mlp_control_full       lane=dsp|mlp_control DSP predicted=  0.589 actual=  4.904 ms (start=  35.824, late=+5.607)
[run] e=17  yolov8n_a     #0  yolov8n_backbone       lane=hta|yolov8n_a HTA predicted= 13.909 actual= 13.763 ms (start=  32.608, late=+1.997)
[run] e=22  fused_split   #3  fused_vision_conv      lane=hta|fused_split HTA predicted=  0.931 actual=  1.242 ms (start=  47.074, late=+2.554)
[run] e=23  yolov8n_d     #0  yolov8n_backbone       lane=hta|yolov8n_d HTA predicted= 13.909 actual= 12.406 ms (start=  48.659, late=+3.208)
[run] e=19  yolov8n_c     #0  yolov8n_head           lane=dsp|yolov8n_c DSP predicted= 15.377 actual= 19.995 ms (start=  41.207, late=+10.401)
[run] e=21  vint          #0  vint_decoder           lane=cpu|vint   CPU predicted= 37.826 actual= 26.033 ms (start=  35.951, late=+0.844)
[run] e=24  mlp_control   #6  mlp_control_full       lane=dsp|mlp_control DSP predicted=  0.589 actual=  0.768 ms (start=  61.959, late=+15.776)
[run] e=25  fused_split   #3  fused_depth_conv       lane=dsp|fused_split DSP predicted=  0.392 actual=  0.515 ms (start=  62.838, late=+16.066)
[run] e=26  fused_split   #3  fused_tail             lane=dsp|fused_split DSP predicted=  4.303 actual=  3.081 ms (start=  63.449, late=+16.285)
[run] e=27  mlp_control   #7  mlp_control_full       lane=dsp|mlp_control DSP predicted=  0.589 actual=  0.556 ms (start=  66.624, late=+15.157)
[run] e=28  fused_split   #4  fused_vision_conv      lane=dsp|fused_split DSP predicted=  0.459 actual=  0.472 ms (start=  67.273, late=+11.273)
[run] e=29  fused_split   #4  fused_depth_conv       lane=dsp|fused_split DSP predicted=  0.392 actual=  0.359 ms (start=  67.834, late=+11.375)
[run] e=30  mlp_control   #8  mlp_control_full       lane=dsp|mlp_control DSP predicted=  0.589 actual=  0.395 ms (start=  68.286, late=+10.178)
[run] e=34  fused_split   #5  fused_vision_conv      lane=hta|fused_split HTA predicted=  0.931 actual=  0.736 ms (start=  70.006, late=+0.006)
[run] e=35  fused_split   #5  fused_depth_conv       lane=hta|fused_split HTA predicted=  1.568 actual=  0.907 ms (start=  70.935, late=+0.004)
[run] e=31  fused_split   #4  fused_tail             lane=dsp|fused_split DSP predicted=  4.303 actual=  3.566 ms (start=  68.769, late=+10.072)
[run] e=36  mlp_control   #10 mlp_control_full       lane=cpu|mlp_control CPU predicted=  0.107 actual=  0.072 ms (start=  72.972, late=+0.039)
[run] e=32  mlp_control   #9  mlp_control_full       lane=dsp|mlp_control DSP predicted=  0.589 actual=  0.681 ms (start=  72.655, late=+9.655)
[run] e=37  mlp_control   #11 mlp_control_full       lane=cpu|mlp_control CPU predicted=  0.107 actual=  0.054 ms (start=  77.010, late=+0.010)
[run] e=39  fused_split   #5  fused_tail             lane=cpu|fused_split CPU predicted=  0.354 actual=  0.723 ms (start=  80.666, late=+0.020)
[run] e=33  yolov8n_d     #0  yolov8n_head           lane=dsp|yolov8n_d DSP predicted= 15.377 actual= 16.921 ms (start=  73.454, late=+9.865)
[run] e=38  yolov8n_a     #0  yolov8n_head           lane=dsp|yolov8n_a DSP predicted= 15.377 actual= 16.316 ms (start=  90.891, late=+11.925)
[main] iteration 2/2 wall=107.208 ms

[summary] 40/40 entries executed, wall=107.208 ms (predicted makespan 94.343 ms, ratio 1.14x), tensor handoffs=3

=== MODELBLASTER_XPURT_TRACE_BEGIN ===
entry_id,network,instance,dispatch_id,op,name,core_kind,hart,predicted_start_ms,predicted_duration_ms,worker_kind_idx,actual_start_cycles,actual_end_cycles,time_unit,backend,ctx,graph,dep_wait_ms,gate_ms,n_ir_ops,hin_ms,hout_ms,hin_bytes,hout_bytes,hin_hits,hin_tensors,hout_tensors
0,fused_split,0,0,qnn_graph,fused_vision_conv,hta,7,0.000000,0.931000,0,42,2129,us,HTA,ctx_fused_vision_conv__Hta.bin,fused_vision_conv,0.005729,0.035519,4,0.000677,0.001146,0,1536,0,1,1
1,fused_split,0,1,qnn_graph,fused_depth_conv,cpu,5,0.000000,0.014000,1,49,127,us,CPU,ctx_fused_depth_conv__Cpu.bin,fused_depth_conv,0.000729,0.040571,2,0.000782,0.001562,0,1024,0,1,1
2,vint,0,0,qnn_graph,vint_encoders,dsp,6,0.000000,14.213000,2,42,16503,us,DSP,ctx_vint_encoders__Dsp.bin,vint_encoders,0.000833,0.035311,539,0.000781,0.004739,0,3584,0,2,2
3,mlp_control,0,0,qnn_graph,mlp_control_full,cpu,4,0.014000,0.107000,3,48,263,us,CPU,ctx_mlp_control_fp32__Cpu.bin,mlp_control_fp32,0.010468,0.039738,7,0.000625,0.001042,0,16,0,1,1
4,yolov8n_b,0,0,qnn_graph,yolov8n_backbone,hta,7,0.931000,13.909000,4,2249,15715,us,HTA,ctx_yolov8n_backbone__Hta.bin,yolov8n_HTA_split_seg100,2.227028,2.244423,103,0.000573,0.330974,0,716800,0,1,3
5,mlp_control,1,0,qnn_graph,mlp_control_full,cpu,4,7.000000,0.107000,3,7035,7140,us,CPU,ctx_mlp_control_fp32__Cpu.bin,mlp_control_fp32,0.371961,7.000288,7,0.002447,0.001406,0,16,0,1,1
6,fused_split,0,2,qnn_graph,fused_tail,cpu,5,10.646000,0.354000,1,10664,14331,us,CPU,ctx_fused_tail_from_conv_fp32__Cpu.bin,fused_tail_from_conv,7.558542,10.650945,10,0.002448,0.002083,0,8,0,3,1
7,mlp_control,2,0,qnn_graph,mlp_control_full,cpu,4,14.000000,0.107000,3,14535,14602,us,CPU,ctx_mlp_control_fp32__Cpu.bin,mlp_control_fp32,14.514509,14.525029,7,0.000937,0.001041,0,16,0,1,1
8,fused_split,1,0,qnn_graph,fused_vision_conv,hta,7,14.840000,0.931000,0,16244,17310,us,HTA,ctx_fused_vision_conv__Hta.bin,fused_vision_conv,2.224476,14.840482,4,0.000729,0.001406,0,1536,0,1,1
9,yolov8n_b,0,1,qnn_graph,yolov8n_head,dsp,6,14.840000,15.377000,5,17081,35566,us,DSP,ctx_yolov8n_head__Dsp.bin,yolov8n_HTA_split_seg101,17.060896,17.072979,146,0.002187,0.085256,0,705600,0,3,1
10,fused_split,1,1,qnn_graph,fused_depth_conv,cpu,5,15.757000,0.014000,1,16405,16608,us,CPU,ctx_fused_depth_conv__Cpu.bin,fused_depth_conv,14.734446,15.762521,2,0.633771,0.001406,0,1024,0,1,1
11,fused_split,1,2,qnn_graph,fused_tail,cpu,5,15.771000,0.354000,1,18628,21207,us,CPU,ctx_fused_tail_from_conv_fp32__Cpu.bin,fused_tail_from_conv,17.517801,18.615352,10,0.003177,0.003073,0,8,0,3,1
12,yolov8n_c,0,0,qnn_graph,yolov8n_backbone,hta,7,15.771000,13.909000,6,17458,30835,us,HTA,ctx_yolov8n_backbone__Hta.bin,yolov8n_HTA_split_seg100,17.415723,17.453638,103,0.000521,0.340400,0,716800,0,1,3
13,mlp_control,3,0,qnn_graph,mlp_control_full,cpu,4,21.000000,0.107000,3,21547,21696,us,CPU,ctx_mlp_control_fp32__Cpu.bin,mlp_control_fp32,21.522035,21.535576,7,0.001406,0.001563,0,16,0,1,1
14,fused_split,2,0,qnn_graph,fused_vision_conv,hta,7,29.680000,0.931000,0,31368,32523,us,HTA,ctx_fused_vision_conv__Hta.bin,fused_vision_conv,17.417389,29.680340,4,0.000625,0.001145,0,1536,0,1,1
15,mlp_control,4,0,qnn_graph,mlp_control_full,dsp,6,30.217000,0.589000,7,35824,40728,us,DSP,ctx_mlp_control__Dsp.bin,mlp_control,17.033397,30.823722,7,0.001146,0.003854,0,4,0,1,1
16,fused_split,2,1,qnn_graph,fused_depth_conv,cpu,5,30.597000,0.014000,1,30626,30691,us,CPU,ctx_fused_depth_conv__Cpu.bin,fused_depth_conv,21.856290,30.611961,2,0.000781,0.002291,0,1024,0,1,1
17,yolov8n_a,0,0,qnn_graph,yolov8n_backbone,hta,7,30.611000,13.909000,8,32607,46370,us,HTA,ctx_yolov8n_backbone__Hta.bin,yolov8n_HTA_split_seg100,31.513012,31.516970,103,0.000833,0.372951,0,716800,0,1,3
18,fused_split,2,2,qnn_graph,fused_tail,cpu,5,30.611000,0.354000,1,32825,34939,us,CPU,ctx_fused_tail_from_conv_fp32__Cpu.bin,fused_tail_from_conv,32.804251,32.814043,10,0.002395,0.001562,0,8,0,3,1
19,yolov8n_c,0,1,qnn_graph,yolov8n_head,dsp,6,30.806000,15.377000,9,41207,61202,us,DSP,ctx_yolov8n_head__Dsp.bin,yolov8n_HTA_split_seg101,35.798586,35.908268,146,0.006563,0.384461,0,705600,0,3,1
20,mlp_control,5,0,qnn_graph,mlp_control_full,cpu,4,35.000000,0.107000,3,35751,35823,us,CPU,ctx_mlp_control_fp32__Cpu.bin,mlp_control_fp32,35.537713,35.739266,7,0.001302,0.000886,0,16,0,1,1
21,vint,0,1,qnn_graph,vint_decoder,cpu,5,35.107000,37.826000,10,35951,61983,us,CPU,ctx_vint_decoder_fp32__Cpu.bin,vint_decoder,35.937434,35.943735,66,0.001563,0.002708,0,4,0,2,1
22,fused_split,3,0,qnn_graph,fused_vision_conv,hta,7,44.520000,0.931000,0,47074,48316,us,HTA,ctx_fused_vision_conv__Hta.bin,fused_vision_conv,32.633791,47.061793,4,0.000833,0.004947,0,1536,0,1,1
23,yolov8n_d,0,0,qnn_graph,yolov8n_backbone,hta,7,45.451000,13.909000,11,48659,61065,us,HTA,ctx_yolov8n_backbone__Hta.bin,yolov8n_HTA_split_seg100,48.609323,48.649008,103,0.000989,0.417896,0,716800,0,1,3
24,mlp_control,6,0,qnn_graph,mlp_control_full,dsp,6,46.183000,0.589000,7,61959,62727,us,DSP,ctx_mlp_control__Dsp.bin,mlp_control,61.949512,61.953158,7,0.002031,0.001406,0,4,0,1,1
25,fused_split,3,1,qnn_graph,fused_depth_conv,dsp,6,46.772000,0.392000,12,62838,63353,us,DSP,ctx_fused_depth_conv__Dsp.bin,fused_depth_conv,61.924826,62.026592,2,0.001562,0.001354,0,1024,0,1,1
26,fused_split,3,2,qnn_graph,fused_tail,dsp,6,47.164000,4.303000,12,63448,66530,us,DSP,ctx_fused_tail_from_conv__Dsp.bin,fused_tail_from_conv,63.439545,63.442930,10,0.002083,0.000833,1024,2,1,3,1
27,mlp_control,7,0,qnn_graph,mlp_control_full,dsp,6,51.467000,0.589000,7,66624,67180,us,DSP,ctx_mlp_control__Dsp.bin,mlp_control,66.617881,66.620902,7,0.000677,0.000990,0,4,0,1,1
28,fused_split,4,0,qnn_graph,fused_vision_conv,dsp,6,56.000000,0.459000,12,67273,67745,us,DSP,ctx_fused_vision_conv__Dsp.bin,fused_vision_conv,67.265662,67.268683,4,0.000833,0.001927,0,1536,0,1,1
29,fused_split,4,1,qnn_graph,fused_depth_conv,dsp,6,56.459000,0.392000,12,67834,68193,us,DSP,ctx_fused_depth_conv__Dsp.bin,fused_depth_conv,67.827094,67.830479,2,0.000625,0.000989,0,1024,0,1,1
30,mlp_control,8,0,qnn_graph,mlp_control_full,dsp,6,58.108000,0.589000,7,68286,68680,us,DSP,ctx_mlp_control__Dsp.bin,mlp_control,68.279988,68.283061,7,0.000521,0.000781,0,4,0,1,1
31,fused_split,4,2,qnn_graph,fused_tail,dsp,6,58.697000,4.303000,12,68768,72335,us,DSP,ctx_fused_tail_from_conv__Dsp.bin,fused_tail_from_conv,68.761267,68.764184,10,0.001875,0.001511,2560,2,2,3,1
32,mlp_control,9,0,qnn_graph,mlp_control_full,dsp,6,63.000000,0.589000,7,72654,73336,us,DSP,ctx_mlp_control__Dsp.bin,mlp_control,72.646288,72.650507,7,0.000937,0.001042,0,4,0,1,1
33,yolov8n_d,0,1,qnn_graph,yolov8n_head,dsp,6,63.589000,15.377000,13,73454,90374,us,DSP,ctx_yolov8n_head__Dsp.bin,yolov8n_HTA_split_seg101,72.618738,72.700452,146,0.002187,0.357222,0,705600,0,3,1
34,fused_split,5,0,qnn_graph,fused_vision_conv,hta,7,70.000000,0.931000,0,70006,70742,us,HTA,ctx_fused_vision_conv__Hta.bin,fused_vision_conv,61.864412,70.000322,4,0.000781,0.000781,0,1536,0,1,1
35,fused_split,5,1,qnn_graph,fused_depth_conv,hta,7,70.931000,1.568000,0,70934,71841,us,HTA,ctx_fused_depth_conv__Hta.bin,fused_depth_conv,70.824397,70.931319,2,0.000625,0.003073,0,1024,0,1,1
36,mlp_control,10,0,qnn_graph,mlp_control_full,cpu,4,72.933000,0.107000,3,72972,73044,us,CPU,ctx_mlp_control_fp32__Cpu.bin,mlp_control_fp32,35.943527,72.933618,7,0.001250,0.000625,0,16,0,1,1
37,mlp_control,11,0,qnn_graph,mlp_control_full,cpu,4,77.000000,0.107000,3,77009,77063,us,CPU,ctx_mlp_control_fp32__Cpu.bin,mlp_control_fp32,73.135119,77.000193,7,0.000937,0.000729,0,16,0,1,1
38,yolov8n_a,0,1,qnn_graph,yolov8n_head,dsp,6,78.966000,15.377000,14,90891,107207,us,DSP,ctx_yolov8n_head__Dsp.bin,yolov8n_HTA_split_seg101,73.482081,79.210295,146,0.002760,0.348473,0,705600,0,3,1
39,fused_split,5,2,qnn_graph,fused_tail,cpu,5,80.646000,0.354000,1,80666,81389,us,CPU,ctx_fused_tail_from_conv_fp32__Cpu.bin,fused_tail_from_conv,77.359759,80.652777,10,0.002709,0.001667,0,8,0,3,1
=== MODELBLASTER_XPURT_TRACE_END ===
