2026-01-09T08:26:02.108401
Running tools/iree-benchmark-module --module=/home/dima/sched_vmfb/glpdepth_scalar/module_main_graph$async_dispatch_150_embedded_elf_riscv_64_benchmark.vmfb --device=local-task --function=main_graph$async_dispatch_150_embedded_elf_riscv_64_main_graph$async_dispatch_150_elementwise_broadcast_802816_f32 --input=1xi32=1 --task_topology_cpu_ids=0,1 --benchmark_repetitions=10
2026-01-09T08:26:02+08:00
Running tools/iree-benchmark-module
Run on (8 X 1600 MHz CPU s)
CPU Caches:
  L1 Instruction 32 KiB (x8)
  L1 Data 32 KiB (x8)
  L2 Unified 512 KiB (x2)
Load Average: 4.00, 3.62, 3.05
--------------------------------------------------------------------------------------------------------------------------------------------------------------------------------------------------------------
Benchmark                                                                                                                                                    Time             CPU   Iterations UserCounters...
--------------------------------------------------------------------------------------------------------------------------------------------------------------------------------------------------------------
BM_main_graph$async_dispatch_150_embedded_elf_riscv_64_main_graph$async_dispatch_150_elementwise_broadcast_802816_f32/process_time/real_time              28.2 ms         55.0 ms           25 items_per_second=35.455/s
BM_main_graph$async_dispatch_150_embedded_elf_riscv_64_main_graph$async_dispatch_150_elementwise_broadcast_802816_f32/process_time/real_time              28.2 ms         55.1 ms           25 items_per_second=35.4233/s
BM_main_graph$async_dispatch_150_embedded_elf_riscv_64_main_graph$async_dispatch_150_elementwise_broadcast_802816_f32/process_time/real_time              28.2 ms         55.0 ms           25 items_per_second=35.504/s
BM_main_graph$async_dispatch_150_embedded_elf_riscv_64_main_graph$async_dispatch_150_elementwise_broadcast_802816_f32/process_time/real_time              28.2 ms         55.0 ms           25 items_per_second=35.5147/s
BM_main_graph$async_dispatch_150_embedded_elf_riscv_64_main_graph$async_dispatch_150_elementwise_broadcast_802816_f32/process_time/real_time              28.2 ms         55.1 ms           25 items_per_second=35.4345/s
BM_main_graph$async_dispatch_150_embedded_elf_riscv_64_main_graph$async_dispatch_150_elementwise_broadcast_802816_f32/process_time/real_time              28.2 ms         55.0 ms           25 items_per_second=35.4648/s
BM_main_graph$async_dispatch_150_embedded_elf_riscv_64_main_graph$async_dispatch_150_elementwise_broadcast_802816_f32/process_time/real_time              28.2 ms         55.0 ms           25 items_per_second=35.4804/s
BM_main_graph$async_dispatch_150_embedded_elf_riscv_64_main_graph$async_dispatch_150_elementwise_broadcast_802816_f32/process_time/real_time              28.8 ms         55.2 ms           25 items_per_second=34.7808/s
BM_main_graph$async_dispatch_150_embedded_elf_riscv_64_main_graph$async_dispatch_150_elementwise_broadcast_802816_f32/process_time/real_time              28.2 ms         55.1 ms           25 items_per_second=35.4201/s
BM_main_graph$async_dispatch_150_embedded_elf_riscv_64_main_graph$async_dispatch_150_elementwise_broadcast_802816_f32/process_time/real_time              28.2 ms         55.0 ms           25 items_per_second=35.4325/s
BM_main_graph$async_dispatch_150_embedded_elf_riscv_64_main_graph$async_dispatch_150_elementwise_broadcast_802816_f32/process_time/real_time_mean         28.3 ms         55.1 ms           10 items_per_second=35.391/s
BM_main_graph$async_dispatch_150_embedded_elf_riscv_64_main_graph$async_dispatch_150_elementwise_broadcast_802816_f32/process_time/real_time_median       28.2 ms         55.0 ms           10 items_per_second=35.4447/s
BM_main_graph$async_dispatch_150_embedded_elf_riscv_64_main_graph$async_dispatch_150_elementwise_broadcast_802816_f32/process_time/real_time_stddev      0.176 ms        0.082 ms           10 items_per_second=0.216898/s
BM_main_graph$async_dispatch_150_embedded_elf_riscv_64_main_graph$async_dispatch_150_elementwise_broadcast_802816_f32/process_time/real_time_cv           0.62 %          0.15 %            10 items_per_second=0.61%
