2026-01-09T08:24:49.629323
Running tools/iree-benchmark-module --module=/home/dima/sched_vmfb/glpdepth_scalar/module_main_graph$async_dispatch_141_embedded_elf_riscv_64_benchmark.vmfb --device=local-task --function=main_graph$async_dispatch_141_embedded_elf_riscv_64_main_graph$async_dispatch_141_conv_2x28x28x32x3x3_f32 --input=1xi32=1 --task_topology_cpu_ids=0,1 --benchmark_repetitions=10
2026-01-09T08:24:49+08:00
Running tools/iree-benchmark-module
Run on (8 X 1600 MHz CPU s)
CPU Caches:
  L1 Instruction 32 KiB (x8)
  L1 Data 32 KiB (x8)
  L2 Unified 512 KiB (x2)
Load Average: 3.97, 3.52, 2.97
-----------------------------------------------------------------------------------------------------------------------------------------------------------------------------------------------------
Benchmark                                                                                                                                           Time             CPU   Iterations UserCounters...
-----------------------------------------------------------------------------------------------------------------------------------------------------------------------------------------------------
BM_main_graph$async_dispatch_141_embedded_elf_riscv_64_main_graph$async_dispatch_141_conv_2x28x28x32x3x3_f32/process_time/real_time              1.61 ms         3.13 ms          433 items_per_second=622.482/s
BM_main_graph$async_dispatch_141_embedded_elf_riscv_64_main_graph$async_dispatch_141_conv_2x28x28x32x3x3_f32/process_time/real_time              1.61 ms         3.14 ms          433 items_per_second=619.474/s
BM_main_graph$async_dispatch_141_embedded_elf_riscv_64_main_graph$async_dispatch_141_conv_2x28x28x32x3x3_f32/process_time/real_time              1.61 ms         3.13 ms          433 items_per_second=621.782/s
BM_main_graph$async_dispatch_141_embedded_elf_riscv_64_main_graph$async_dispatch_141_conv_2x28x28x32x3x3_f32/process_time/real_time              1.61 ms         3.13 ms          433 items_per_second=621.518/s
BM_main_graph$async_dispatch_141_embedded_elf_riscv_64_main_graph$async_dispatch_141_conv_2x28x28x32x3x3_f32/process_time/real_time              1.62 ms         3.14 ms          433 items_per_second=615.967/s
BM_main_graph$async_dispatch_141_embedded_elf_riscv_64_main_graph$async_dispatch_141_conv_2x28x28x32x3x3_f32/process_time/real_time              1.61 ms         3.13 ms          433 items_per_second=621.636/s
BM_main_graph$async_dispatch_141_embedded_elf_riscv_64_main_graph$async_dispatch_141_conv_2x28x28x32x3x3_f32/process_time/real_time              1.61 ms         3.13 ms          433 items_per_second=621.754/s
BM_main_graph$async_dispatch_141_embedded_elf_riscv_64_main_graph$async_dispatch_141_conv_2x28x28x32x3x3_f32/process_time/real_time              1.62 ms         3.14 ms          433 items_per_second=616.381/s
BM_main_graph$async_dispatch_141_embedded_elf_riscv_64_main_graph$async_dispatch_141_conv_2x28x28x32x3x3_f32/process_time/real_time              1.61 ms         3.13 ms          433 items_per_second=621.927/s
BM_main_graph$async_dispatch_141_embedded_elf_riscv_64_main_graph$async_dispatch_141_conv_2x28x28x32x3x3_f32/process_time/real_time              1.61 ms         3.13 ms          433 items_per_second=622.038/s
BM_main_graph$async_dispatch_141_embedded_elf_riscv_64_main_graph$async_dispatch_141_conv_2x28x28x32x3x3_f32/process_time/real_time_mean         1.61 ms         3.13 ms           10 items_per_second=620.496/s
BM_main_graph$async_dispatch_141_embedded_elf_riscv_64_main_graph$async_dispatch_141_conv_2x28x28x32x3x3_f32/process_time/real_time_median       1.61 ms         3.13 ms           10 items_per_second=621.695/s
BM_main_graph$async_dispatch_141_embedded_elf_riscv_64_main_graph$async_dispatch_141_conv_2x28x28x32x3x3_f32/process_time/real_time_stddev      0.006 ms        0.004 ms           10 items_per_second=2.41359/s
BM_main_graph$async_dispatch_141_embedded_elf_riscv_64_main_graph$async_dispatch_141_conv_2x28x28x32x3x3_f32/process_time/real_time_cv           0.39 %          0.12 %            10 items_per_second=0.39%
