2026-01-09T08:21:48.690619
Running tools/iree-benchmark-module --module=/home/dima/sched_vmfb/glpdepth_scalar/module_main_graph$async_dispatch_107_embedded_elf_riscv_64_benchmark.vmfb --device=local-task --function=main_graph$async_dispatch_107_embedded_elf_riscv_64_main_graph$async_dispatch_107_softmax_8x49x49xf32_dispatch_tensor_store --input=1xi32=1 --task_topology_cpu_ids=0,1 --benchmark_repetitions=10
2026-01-09T08:21:48+08:00
Running tools/iree-benchmark-module
Run on (8 X 1600 MHz CPU s)
CPU Caches:
  L1 Instruction 32 KiB (x8)
  L1 Data 32 KiB (x8)
  L2 Unified 512 KiB (x2)
Load Average: 3.46, 3.16, 2.75
-----------------------------------------------------------------------------------------------------------------------------------------------------------------------------------------------------------------------
Benchmark                                                                                                                                                             Time             CPU   Iterations UserCounters...
-----------------------------------------------------------------------------------------------------------------------------------------------------------------------------------------------------------------------
BM_main_graph$async_dispatch_107_embedded_elf_riscv_64_main_graph$async_dispatch_107_softmax_8x49x49xf32_dispatch_tensor_store/process_time/real_time             0.462 ms        0.766 ms         1508 items_per_second=2.1657k/s
BM_main_graph$async_dispatch_107_embedded_elf_riscv_64_main_graph$async_dispatch_107_softmax_8x49x49xf32_dispatch_tensor_store/process_time/real_time             0.462 ms        0.766 ms         1508 items_per_second=2.1633k/s
BM_main_graph$async_dispatch_107_embedded_elf_riscv_64_main_graph$async_dispatch_107_softmax_8x49x49xf32_dispatch_tensor_store/process_time/real_time             0.499 ms        0.773 ms         1508 items_per_second=2.00343k/s
BM_main_graph$async_dispatch_107_embedded_elf_riscv_64_main_graph$async_dispatch_107_softmax_8x49x49xf32_dispatch_tensor_store/process_time/real_time             0.452 ms        0.755 ms         1508 items_per_second=2.21303k/s
BM_main_graph$async_dispatch_107_embedded_elf_riscv_64_main_graph$async_dispatch_107_softmax_8x49x49xf32_dispatch_tensor_store/process_time/real_time             0.449 ms        0.750 ms         1508 items_per_second=2.22649k/s
BM_main_graph$async_dispatch_107_embedded_elf_riscv_64_main_graph$async_dispatch_107_softmax_8x49x49xf32_dispatch_tensor_store/process_time/real_time             0.453 ms        0.750 ms         1508 items_per_second=2.20804k/s
BM_main_graph$async_dispatch_107_embedded_elf_riscv_64_main_graph$async_dispatch_107_softmax_8x49x49xf32_dispatch_tensor_store/process_time/real_time             0.449 ms        0.751 ms         1508 items_per_second=2.22589k/s
BM_main_graph$async_dispatch_107_embedded_elf_riscv_64_main_graph$async_dispatch_107_softmax_8x49x49xf32_dispatch_tensor_store/process_time/real_time             0.448 ms        0.749 ms         1508 items_per_second=2.22984k/s
BM_main_graph$async_dispatch_107_embedded_elf_riscv_64_main_graph$async_dispatch_107_softmax_8x49x49xf32_dispatch_tensor_store/process_time/real_time             0.451 ms        0.750 ms         1508 items_per_second=2.21684k/s
BM_main_graph$async_dispatch_107_embedded_elf_riscv_64_main_graph$async_dispatch_107_softmax_8x49x49xf32_dispatch_tensor_store/process_time/real_time             0.450 ms        0.752 ms         1508 items_per_second=2.22441k/s
BM_main_graph$async_dispatch_107_embedded_elf_riscv_64_main_graph$async_dispatch_107_softmax_8x49x49xf32_dispatch_tensor_store/process_time/real_time_mean        0.458 ms        0.756 ms           10 items_per_second=2.1877k/s
BM_main_graph$async_dispatch_107_embedded_elf_riscv_64_main_graph$async_dispatch_107_softmax_8x49x49xf32_dispatch_tensor_store/process_time/real_time_median      0.451 ms        0.751 ms           10 items_per_second=2.21494k/s
BM_main_graph$async_dispatch_107_embedded_elf_riscv_64_main_graph$async_dispatch_107_softmax_8x49x49xf32_dispatch_tensor_store/process_time/real_time_stddev      0.015 ms        0.009 ms           10 items_per_second=69.1436/s
BM_main_graph$async_dispatch_107_embedded_elf_riscv_64_main_graph$async_dispatch_107_softmax_8x49x49xf32_dispatch_tensor_store/process_time/real_time_cv           3.38 %          1.16 %            10 items_per_second=3.16%
