2026-01-09T08:22:46.789523
Running tools/iree-benchmark-module --module=/home/dima/sched_vmfb/glpdepth_scalar/module_main_graph$async_dispatch_11_embedded_elf_riscv_64_benchmark.vmfb --device=local-task --function=main_graph$async_dispatch_11_embedded_elf_riscv_64_main_graph$async_dispatch_11_matmul_like_3136x32x49_f32 --input=1xi32=1 --task_topology_cpu_ids=0,1 --benchmark_repetitions=10
2026-01-09T08:22:46+08:00
Running tools/iree-benchmark-module
Run on (8 X 1600 MHz CPU s)
CPU Caches:
  L1 Instruction 32 KiB (x8)
  L1 Data 32 KiB (x8)
  L2 Unified 512 KiB (x2)
Load Average: 3.74, 3.30, 2.83
------------------------------------------------------------------------------------------------------------------------------------------------------------------------------------------------------
Benchmark                                                                                                                                            Time             CPU   Iterations UserCounters...
------------------------------------------------------------------------------------------------------------------------------------------------------------------------------------------------------
BM_main_graph$async_dispatch_11_embedded_elf_riscv_64_main_graph$async_dispatch_11_matmul_like_3136x32x49_f32/process_time/real_time              1.94 ms         3.74 ms          359 items_per_second=514.758/s
BM_main_graph$async_dispatch_11_embedded_elf_riscv_64_main_graph$async_dispatch_11_matmul_like_3136x32x49_f32/process_time/real_time              1.95 ms         3.75 ms          359 items_per_second=511.924/s
BM_main_graph$async_dispatch_11_embedded_elf_riscv_64_main_graph$async_dispatch_11_matmul_like_3136x32x49_f32/process_time/real_time              1.94 ms         3.74 ms          359 items_per_second=516.311/s
BM_main_graph$async_dispatch_11_embedded_elf_riscv_64_main_graph$async_dispatch_11_matmul_like_3136x32x49_f32/process_time/real_time              1.94 ms         3.74 ms          359 items_per_second=516.452/s
BM_main_graph$async_dispatch_11_embedded_elf_riscv_64_main_graph$async_dispatch_11_matmul_like_3136x32x49_f32/process_time/real_time              1.95 ms         3.75 ms          359 items_per_second=513.839/s
BM_main_graph$async_dispatch_11_embedded_elf_riscv_64_main_graph$async_dispatch_11_matmul_like_3136x32x49_f32/process_time/real_time              1.94 ms         3.74 ms          359 items_per_second=516.332/s
BM_main_graph$async_dispatch_11_embedded_elf_riscv_64_main_graph$async_dispatch_11_matmul_like_3136x32x49_f32/process_time/real_time              1.94 ms         3.74 ms          359 items_per_second=515.982/s
BM_main_graph$async_dispatch_11_embedded_elf_riscv_64_main_graph$async_dispatch_11_matmul_like_3136x32x49_f32/process_time/real_time              1.94 ms         3.75 ms          359 items_per_second=514.639/s
BM_main_graph$async_dispatch_11_embedded_elf_riscv_64_main_graph$async_dispatch_11_matmul_like_3136x32x49_f32/process_time/real_time              1.96 ms         3.75 ms          359 items_per_second=511.211/s
BM_main_graph$async_dispatch_11_embedded_elf_riscv_64_main_graph$async_dispatch_11_matmul_like_3136x32x49_f32/process_time/real_time              1.94 ms         3.74 ms          359 items_per_second=515.969/s
BM_main_graph$async_dispatch_11_embedded_elf_riscv_64_main_graph$async_dispatch_11_matmul_like_3136x32x49_f32/process_time/real_time_mean         1.94 ms         3.75 ms           10 items_per_second=514.741/s
BM_main_graph$async_dispatch_11_embedded_elf_riscv_64_main_graph$async_dispatch_11_matmul_like_3136x32x49_f32/process_time/real_time_median       1.94 ms         3.74 ms           10 items_per_second=515.363/s
BM_main_graph$async_dispatch_11_embedded_elf_riscv_64_main_graph$async_dispatch_11_matmul_like_3136x32x49_f32/process_time/real_time_stddev      0.007 ms        0.005 ms           10 items_per_second=1.8913/s
BM_main_graph$async_dispatch_11_embedded_elf_riscv_64_main_graph$async_dispatch_11_matmul_like_3136x32x49_f32/process_time/real_time_cv           0.37 %          0.12 %            10 items_per_second=0.37%
