2026-01-09T08:31:05.408181
Running tools/iree-benchmark-module --module=/home/dima/sched_vmfb/glpdepth_scalar/module_main_graph$async_dispatch_6_embedded_elf_riscv_64_benchmark.vmfb --device=local-task --function=main_graph$async_dispatch_6_embedded_elf_riscv_64_main_graph$async_dispatch_6_matmul_like_2x49x32x32_f32 --input=1xi32=1 --task_topology_cpu_ids=0,1 --benchmark_repetitions=10
2026-01-09T08:31:05+08:00
Running tools/iree-benchmark-module
Run on (8 X 1600 MHz CPU s)
CPU Caches:
  L1 Instruction 32 KiB (x8)
  L1 Data 32 KiB (x8)
  L2 Unified 512 KiB (x2)
Load Average: 3.98, 3.89, 3.34
----------------------------------------------------------------------------------------------------------------------------------------------------------------------------------------------------
Benchmark                                                                                                                                          Time             CPU   Iterations UserCounters...
----------------------------------------------------------------------------------------------------------------------------------------------------------------------------------------------------
BM_main_graph$async_dispatch_6_embedded_elf_riscv_64_main_graph$async_dispatch_6_matmul_like_2x49x32x32_f32/process_time/real_time             0.106 ms        0.146 ms         6567 items_per_second=9.42291k/s
BM_main_graph$async_dispatch_6_embedded_elf_riscv_64_main_graph$async_dispatch_6_matmul_like_2x49x32x32_f32/process_time/real_time             0.106 ms        0.146 ms         6567 items_per_second=9.42676k/s
BM_main_graph$async_dispatch_6_embedded_elf_riscv_64_main_graph$async_dispatch_6_matmul_like_2x49x32x32_f32/process_time/real_time             0.106 ms        0.146 ms         6567 items_per_second=9.41464k/s
BM_main_graph$async_dispatch_6_embedded_elf_riscv_64_main_graph$async_dispatch_6_matmul_like_2x49x32x32_f32/process_time/real_time             0.107 ms        0.147 ms         6567 items_per_second=9.37611k/s
BM_main_graph$async_dispatch_6_embedded_elf_riscv_64_main_graph$async_dispatch_6_matmul_like_2x49x32x32_f32/process_time/real_time             0.106 ms        0.146 ms         6567 items_per_second=9.41501k/s
BM_main_graph$async_dispatch_6_embedded_elf_riscv_64_main_graph$async_dispatch_6_matmul_like_2x49x32x32_f32/process_time/real_time             0.107 ms        0.147 ms         6567 items_per_second=9.33172k/s
BM_main_graph$async_dispatch_6_embedded_elf_riscv_64_main_graph$async_dispatch_6_matmul_like_2x49x32x32_f32/process_time/real_time             0.106 ms        0.147 ms         6567 items_per_second=9.39187k/s
BM_main_graph$async_dispatch_6_embedded_elf_riscv_64_main_graph$async_dispatch_6_matmul_like_2x49x32x32_f32/process_time/real_time             0.107 ms        0.147 ms         6567 items_per_second=9.37816k/s
BM_main_graph$async_dispatch_6_embedded_elf_riscv_64_main_graph$async_dispatch_6_matmul_like_2x49x32x32_f32/process_time/real_time             0.106 ms        0.146 ms         6567 items_per_second=9.41168k/s
BM_main_graph$async_dispatch_6_embedded_elf_riscv_64_main_graph$async_dispatch_6_matmul_like_2x49x32x32_f32/process_time/real_time             0.106 ms        0.147 ms         6567 items_per_second=9.4063k/s
BM_main_graph$async_dispatch_6_embedded_elf_riscv_64_main_graph$async_dispatch_6_matmul_like_2x49x32x32_f32/process_time/real_time_mean        0.106 ms        0.146 ms           10 items_per_second=9.39752k/s
BM_main_graph$async_dispatch_6_embedded_elf_riscv_64_main_graph$async_dispatch_6_matmul_like_2x49x32x32_f32/process_time/real_time_median      0.106 ms        0.147 ms           10 items_per_second=9.40899k/s
BM_main_graph$async_dispatch_6_embedded_elf_riscv_64_main_graph$async_dispatch_6_matmul_like_2x49x32x32_f32/process_time/real_time_stddev      0.000 ms        0.000 ms           10 items_per_second=29.0051/s
BM_main_graph$async_dispatch_6_embedded_elf_riscv_64_main_graph$async_dispatch_6_matmul_like_2x49x32x32_f32/process_time/real_time_cv           0.31 %          0.19 %            10 items_per_second=0.31%
