2026-01-09T08:22:32.256819
Running tools/iree-benchmark-module --module=/home/dima/sched_vmfb/glpdepth_scalar/module_main_graph$async_dispatch_112_embedded_elf_riscv_64_benchmark.vmfb --device=local-task --function=main_graph$async_dispatch_112_embedded_elf_riscv_64_main_graph$async_dispatch_112_conv_7x7x1024x3x3_f32 --input=1xi32=1 --task_topology_cpu_ids=0,1 --benchmark_repetitions=10
2026-01-09T08:22:32+08:00
Running tools/iree-benchmark-module
Run on (8 X 1600 MHz CPU s)
CPU Caches:
  L1 Instruction 32 KiB (x8)
  L1 Data 32 KiB (x8)
  L2 Unified 512 KiB (x2)
Load Average: 3.66, 3.26, 2.81
---------------------------------------------------------------------------------------------------------------------------------------------------------------------------------------------------
Benchmark                                                                                                                                         Time             CPU   Iterations UserCounters...
---------------------------------------------------------------------------------------------------------------------------------------------------------------------------------------------------
BM_main_graph$async_dispatch_112_embedded_elf_riscv_64_main_graph$async_dispatch_112_conv_7x7x1024x3x3_f32/process_time/real_time              3.24 ms         6.37 ms          215 items_per_second=308.387/s
BM_main_graph$async_dispatch_112_embedded_elf_riscv_64_main_graph$async_dispatch_112_conv_7x7x1024x3x3_f32/process_time/real_time              3.24 ms         6.37 ms          215 items_per_second=308.242/s
BM_main_graph$async_dispatch_112_embedded_elf_riscv_64_main_graph$async_dispatch_112_conv_7x7x1024x3x3_f32/process_time/real_time              3.25 ms         6.38 ms          215 items_per_second=307.539/s
BM_main_graph$async_dispatch_112_embedded_elf_riscv_64_main_graph$async_dispatch_112_conv_7x7x1024x3x3_f32/process_time/real_time              3.25 ms         6.36 ms          215 items_per_second=307.514/s
BM_main_graph$async_dispatch_112_embedded_elf_riscv_64_main_graph$async_dispatch_112_conv_7x7x1024x3x3_f32/process_time/real_time              3.25 ms         6.38 ms          215 items_per_second=307.313/s
BM_main_graph$async_dispatch_112_embedded_elf_riscv_64_main_graph$async_dispatch_112_conv_7x7x1024x3x3_f32/process_time/real_time              3.24 ms         6.36 ms          215 items_per_second=308.495/s
BM_main_graph$async_dispatch_112_embedded_elf_riscv_64_main_graph$async_dispatch_112_conv_7x7x1024x3x3_f32/process_time/real_time              3.25 ms         6.37 ms          215 items_per_second=308.078/s
BM_main_graph$async_dispatch_112_embedded_elf_riscv_64_main_graph$async_dispatch_112_conv_7x7x1024x3x3_f32/process_time/real_time              3.26 ms         6.38 ms          215 items_per_second=306.876/s
BM_main_graph$async_dispatch_112_embedded_elf_riscv_64_main_graph$async_dispatch_112_conv_7x7x1024x3x3_f32/process_time/real_time              3.23 ms         6.35 ms          215 items_per_second=309.127/s
BM_main_graph$async_dispatch_112_embedded_elf_riscv_64_main_graph$async_dispatch_112_conv_7x7x1024x3x3_f32/process_time/real_time              3.24 ms         6.36 ms          215 items_per_second=308.721/s
BM_main_graph$async_dispatch_112_embedded_elf_riscv_64_main_graph$async_dispatch_112_conv_7x7x1024x3x3_f32/process_time/real_time_mean         3.25 ms         6.37 ms           10 items_per_second=308.029/s
BM_main_graph$async_dispatch_112_embedded_elf_riscv_64_main_graph$async_dispatch_112_conv_7x7x1024x3x3_f32/process_time/real_time_median       3.25 ms         6.37 ms           10 items_per_second=308.16/s
BM_main_graph$async_dispatch_112_embedded_elf_riscv_64_main_graph$async_dispatch_112_conv_7x7x1024x3x3_f32/process_time/real_time_stddev      0.007 ms        0.009 ms           10 items_per_second=0.70128/s
BM_main_graph$async_dispatch_112_embedded_elf_riscv_64_main_graph$async_dispatch_112_conv_7x7x1024x3x3_f32/process_time/real_time_cv           0.23 %          0.14 %            10 items_per_second=0.23%
