2026-01-09T08:28:25.712756
Running tools/iree-benchmark-module --module=/home/dima/sched_vmfb/glpdepth_scalar/module_main_graph$async_dispatch_36_embedded_elf_riscv_64_benchmark.vmfb --device=local-task --function=main_graph$async_dispatch_36_embedded_elf_riscv_64_main_graph$async_dispatch_36_matmul_like_2x784x32x64_f32 --input=1xi32=1 --task_topology_cpu_ids=0,1 --benchmark_repetitions=10
2026-01-09T08:28:25+08:00
Running tools/iree-benchmark-module
Run on (8 X 1600 MHz CPU s)
CPU Caches:
  L1 Instruction 32 KiB (x8)
  L1 Data 32 KiB (x8)
  L2 Unified 512 KiB (x2)
Load Average: 4.10, 3.82, 3.21
-------------------------------------------------------------------------------------------------------------------------------------------------------------------------------------------------------
Benchmark                                                                                                                                             Time             CPU   Iterations UserCounters...
-------------------------------------------------------------------------------------------------------------------------------------------------------------------------------------------------------
BM_main_graph$async_dispatch_36_embedded_elf_riscv_64_main_graph$async_dispatch_36_matmul_like_2x784x32x64_f32/process_time/real_time              1.56 ms         3.04 ms          446 items_per_second=639.73/s
BM_main_graph$async_dispatch_36_embedded_elf_riscv_64_main_graph$async_dispatch_36_matmul_like_2x784x32x64_f32/process_time/real_time              1.57 ms         3.04 ms          446 items_per_second=638.893/s
BM_main_graph$async_dispatch_36_embedded_elf_riscv_64_main_graph$async_dispatch_36_matmul_like_2x784x32x64_f32/process_time/real_time              1.56 ms         3.04 ms          446 items_per_second=639.247/s
BM_main_graph$async_dispatch_36_embedded_elf_riscv_64_main_graph$async_dispatch_36_matmul_like_2x784x32x64_f32/process_time/real_time              1.56 ms         3.04 ms          446 items_per_second=639.731/s
BM_main_graph$async_dispatch_36_embedded_elf_riscv_64_main_graph$async_dispatch_36_matmul_like_2x784x32x64_f32/process_time/real_time              1.57 ms         3.04 ms          446 items_per_second=638.605/s
BM_main_graph$async_dispatch_36_embedded_elf_riscv_64_main_graph$async_dispatch_36_matmul_like_2x784x32x64_f32/process_time/real_time              1.57 ms         3.04 ms          446 items_per_second=638.771/s
BM_main_graph$async_dispatch_36_embedded_elf_riscv_64_main_graph$async_dispatch_36_matmul_like_2x784x32x64_f32/process_time/real_time              1.56 ms         3.04 ms          446 items_per_second=640.574/s
BM_main_graph$async_dispatch_36_embedded_elf_riscv_64_main_graph$async_dispatch_36_matmul_like_2x784x32x64_f32/process_time/real_time              1.57 ms         3.04 ms          446 items_per_second=638.498/s
BM_main_graph$async_dispatch_36_embedded_elf_riscv_64_main_graph$async_dispatch_36_matmul_like_2x784x32x64_f32/process_time/real_time              1.56 ms         3.04 ms          446 items_per_second=640.034/s
BM_main_graph$async_dispatch_36_embedded_elf_riscv_64_main_graph$async_dispatch_36_matmul_like_2x784x32x64_f32/process_time/real_time              1.57 ms         3.05 ms          446 items_per_second=635.649/s
BM_main_graph$async_dispatch_36_embedded_elf_riscv_64_main_graph$async_dispatch_36_matmul_like_2x784x32x64_f32/process_time/real_time_mean         1.57 ms         3.04 ms           10 items_per_second=638.973/s
BM_main_graph$async_dispatch_36_embedded_elf_riscv_64_main_graph$async_dispatch_36_matmul_like_2x784x32x64_f32/process_time/real_time_median       1.56 ms         3.04 ms           10 items_per_second=639.07/s
BM_main_graph$async_dispatch_36_embedded_elf_riscv_64_main_graph$async_dispatch_36_matmul_like_2x784x32x64_f32/process_time/real_time_stddev      0.003 ms        0.005 ms           10 items_per_second=1.3486/s
BM_main_graph$async_dispatch_36_embedded_elf_riscv_64_main_graph$async_dispatch_36_matmul_like_2x784x32x64_f32/process_time/real_time_cv           0.21 %          0.18 %            10 items_per_second=0.21%
