2026-01-09T08:25:04.129956
Running tools/iree-benchmark-module --module=/home/dima/sched_vmfb/glpdepth_scalar/module_main_graph$async_dispatch_143_embedded_elf_riscv_64_benchmark.vmfb --device=local-task --function=main_graph$async_dispatch_143_embedded_elf_riscv_64_main_graph$async_dispatch_143_elementwise_broadcast_200704_f32 --input=1xi32=1 --task_topology_cpu_ids=0,1 --benchmark_repetitions=10
2026-01-09T08:25:04+08:00
Running tools/iree-benchmark-module
Run on (8 X 1600 MHz CPU s)
CPU Caches:
  L1 Instruction 32 KiB (x8)
  L1 Data 32 KiB (x8)
  L2 Unified 512 KiB (x2)
Load Average: 3.91, 3.53, 2.98
--------------------------------------------------------------------------------------------------------------------------------------------------------------------------------------------------------------
Benchmark                                                                                                                                                    Time             CPU   Iterations UserCounters...
--------------------------------------------------------------------------------------------------------------------------------------------------------------------------------------------------------------
BM_main_graph$async_dispatch_143_embedded_elf_riscv_64_main_graph$async_dispatch_143_elementwise_broadcast_200704_f32/process_time/real_time              7.07 ms         13.7 ms           99 items_per_second=141.518/s
BM_main_graph$async_dispatch_143_embedded_elf_riscv_64_main_graph$async_dispatch_143_elementwise_broadcast_200704_f32/process_time/real_time              7.08 ms         13.7 ms           99 items_per_second=141.163/s
BM_main_graph$async_dispatch_143_embedded_elf_riscv_64_main_graph$async_dispatch_143_elementwise_broadcast_200704_f32/process_time/real_time              7.06 ms         13.7 ms           99 items_per_second=141.717/s
BM_main_graph$async_dispatch_143_embedded_elf_riscv_64_main_graph$async_dispatch_143_elementwise_broadcast_200704_f32/process_time/real_time              7.05 ms         13.7 ms           99 items_per_second=141.914/s
BM_main_graph$async_dispatch_143_embedded_elf_riscv_64_main_graph$async_dispatch_143_elementwise_broadcast_200704_f32/process_time/real_time              7.07 ms         13.7 ms           99 items_per_second=141.483/s
BM_main_graph$async_dispatch_143_embedded_elf_riscv_64_main_graph$async_dispatch_143_elementwise_broadcast_200704_f32/process_time/real_time              7.05 ms         13.7 ms           99 items_per_second=141.827/s
BM_main_graph$async_dispatch_143_embedded_elf_riscv_64_main_graph$async_dispatch_143_elementwise_broadcast_200704_f32/process_time/real_time              7.04 ms         13.7 ms           99 items_per_second=141.978/s
BM_main_graph$async_dispatch_143_embedded_elf_riscv_64_main_graph$async_dispatch_143_elementwise_broadcast_200704_f32/process_time/real_time              7.08 ms         13.7 ms           99 items_per_second=141.33/s
BM_main_graph$async_dispatch_143_embedded_elf_riscv_64_main_graph$async_dispatch_143_elementwise_broadcast_200704_f32/process_time/real_time              7.04 ms         13.7 ms           99 items_per_second=142.021/s
BM_main_graph$async_dispatch_143_embedded_elf_riscv_64_main_graph$async_dispatch_143_elementwise_broadcast_200704_f32/process_time/real_time              7.05 ms         13.7 ms           99 items_per_second=141.781/s
BM_main_graph$async_dispatch_143_embedded_elf_riscv_64_main_graph$async_dispatch_143_elementwise_broadcast_200704_f32/process_time/real_time_mean         7.06 ms         13.7 ms           10 items_per_second=141.673/s
BM_main_graph$async_dispatch_143_embedded_elf_riscv_64_main_graph$async_dispatch_143_elementwise_broadcast_200704_f32/process_time/real_time_median       7.05 ms         13.7 ms           10 items_per_second=141.749/s
BM_main_graph$async_dispatch_143_embedded_elf_riscv_64_main_graph$async_dispatch_143_elementwise_broadcast_200704_f32/process_time/real_time_stddev      0.014 ms        0.016 ms           10 items_per_second=0.288381/s
BM_main_graph$async_dispatch_143_embedded_elf_riscv_64_main_graph$async_dispatch_143_elementwise_broadcast_200704_f32/process_time/real_time_cv           0.20 %          0.12 %            10 items_per_second=0.20%
