2026-01-09T08:32:32.902197
Running tools/iree-benchmark-module --module=/home/dima/sched_vmfb/glpdepth_scalar/module_main_graph$async_dispatch_80_embedded_elf_riscv_64_benchmark.vmfb --device=local-task --function=main_graph$async_dispatch_80_embedded_elf_riscv_64_main_graph$async_dispatch_80_matmul_like_640x14x14x160_f32 --input=1xi32=1 --task_topology_cpu_ids=0,1 --benchmark_repetitions=10
2026-01-09T08:32:32+08:00
Running tools/iree-benchmark-module
Run on (8 X 1600 MHz CPU s)
CPU Caches:
  L1 Instruction 32 KiB (x8)
  L1 Data 32 KiB (x8)
  L2 Unified 512 KiB (x2)
Load Average: 3.80, 3.86, 3.38
---------------------------------------------------------------------------------------------------------------------------------------------------------------------------------------------------------
Benchmark                                                                                                                                               Time             CPU   Iterations UserCounters...
---------------------------------------------------------------------------------------------------------------------------------------------------------------------------------------------------------
BM_main_graph$async_dispatch_80_embedded_elf_riscv_64_main_graph$async_dispatch_80_matmul_like_640x14x14x160_f32/process_time/real_time               370 ms          738 ms            2 items_per_second=2.70027/s
BM_main_graph$async_dispatch_80_embedded_elf_riscv_64_main_graph$async_dispatch_80_matmul_like_640x14x14x160_f32/process_time/real_time               369 ms          735 ms            2 items_per_second=2.71106/s
BM_main_graph$async_dispatch_80_embedded_elf_riscv_64_main_graph$async_dispatch_80_matmul_like_640x14x14x160_f32/process_time/real_time               370 ms          738 ms            2 items_per_second=2.69923/s
BM_main_graph$async_dispatch_80_embedded_elf_riscv_64_main_graph$async_dispatch_80_matmul_like_640x14x14x160_f32/process_time/real_time               369 ms          736 ms            2 items_per_second=2.70796/s
BM_main_graph$async_dispatch_80_embedded_elf_riscv_64_main_graph$async_dispatch_80_matmul_like_640x14x14x160_f32/process_time/real_time               371 ms          739 ms            2 items_per_second=2.69584/s
BM_main_graph$async_dispatch_80_embedded_elf_riscv_64_main_graph$async_dispatch_80_matmul_like_640x14x14x160_f32/process_time/real_time               371 ms          739 ms            2 items_per_second=2.695/s
BM_main_graph$async_dispatch_80_embedded_elf_riscv_64_main_graph$async_dispatch_80_matmul_like_640x14x14x160_f32/process_time/real_time               369 ms          735 ms            2 items_per_second=2.71138/s
BM_main_graph$async_dispatch_80_embedded_elf_riscv_64_main_graph$async_dispatch_80_matmul_like_640x14x14x160_f32/process_time/real_time               371 ms          738 ms            2 items_per_second=2.69609/s
BM_main_graph$async_dispatch_80_embedded_elf_riscv_64_main_graph$async_dispatch_80_matmul_like_640x14x14x160_f32/process_time/real_time               371 ms          740 ms            2 items_per_second=2.6924/s
BM_main_graph$async_dispatch_80_embedded_elf_riscv_64_main_graph$async_dispatch_80_matmul_like_640x14x14x160_f32/process_time/real_time               370 ms          737 ms            2 items_per_second=2.70609/s
BM_main_graph$async_dispatch_80_embedded_elf_riscv_64_main_graph$async_dispatch_80_matmul_like_640x14x14x160_f32/process_time/real_time_mean          370 ms          738 ms           10 items_per_second=2.70153/s
BM_main_graph$async_dispatch_80_embedded_elf_riscv_64_main_graph$async_dispatch_80_matmul_like_640x14x14x160_f32/process_time/real_time_median        370 ms          738 ms           10 items_per_second=2.69975/s
BM_main_graph$async_dispatch_80_embedded_elf_riscv_64_main_graph$async_dispatch_80_matmul_like_640x14x14x160_f32/process_time/real_time_stddev      0.963 ms         1.67 ms           10 items_per_second=7.03068m/s
BM_main_graph$async_dispatch_80_embedded_elf_riscv_64_main_graph$async_dispatch_80_matmul_like_640x14x14x160_f32/process_time/real_time_cv           0.26 %          0.23 %            10 items_per_second=0.26%
