2026-01-09T08:26:09.517422
Running tools/iree-benchmark-module --module=/home/dima/sched_vmfb/glpdepth_scalar/module_main_graph$async_dispatch_151_embedded_elf_riscv_64_benchmark.vmfb --device=local-task --function=main_graph$async_dispatch_151_embedded_elf_riscv_64_main_graph$async_dispatch_151_elementwise_broadcast_64x224x224_f32 --input=1xi32=1 --task_topology_cpu_ids=0,1 --benchmark_repetitions=10
2026-01-09T08:26:09+08:00
Running tools/iree-benchmark-module
Run on (8 X 1600 MHz CPU s)
CPU Caches:
  L1 Instruction 32 KiB (x8)
  L1 Data 32 KiB (x8)
  L2 Unified 512 KiB (x2)
Load Average: 4.00, 3.62, 3.05
------------------------------------------------------------------------------------------------------------------------------------------------------------------------------------------------------------------
Benchmark                                                                                                                                                        Time             CPU   Iterations UserCounters...
------------------------------------------------------------------------------------------------------------------------------------------------------------------------------------------------------------------
BM_main_graph$async_dispatch_151_embedded_elf_riscv_64_main_graph$async_dispatch_151_elementwise_broadcast_64x224x224_f32/process_time/real_time              78.9 ms          156 ms            8 items_per_second=12.6683/s
BM_main_graph$async_dispatch_151_embedded_elf_riscv_64_main_graph$async_dispatch_151_elementwise_broadcast_64x224x224_f32/process_time/real_time              78.5 ms          156 ms            8 items_per_second=12.7348/s
BM_main_graph$async_dispatch_151_embedded_elf_riscv_64_main_graph$async_dispatch_151_elementwise_broadcast_64x224x224_f32/process_time/real_time              78.6 ms          156 ms            8 items_per_second=12.7224/s
BM_main_graph$async_dispatch_151_embedded_elf_riscv_64_main_graph$async_dispatch_151_elementwise_broadcast_64x224x224_f32/process_time/real_time              79.0 ms          156 ms            8 items_per_second=12.6504/s
BM_main_graph$async_dispatch_151_embedded_elf_riscv_64_main_graph$async_dispatch_151_elementwise_broadcast_64x224x224_f32/process_time/real_time              78.6 ms          156 ms            8 items_per_second=12.7187/s
BM_main_graph$async_dispatch_151_embedded_elf_riscv_64_main_graph$async_dispatch_151_elementwise_broadcast_64x224x224_f32/process_time/real_time              78.7 ms          156 ms            8 items_per_second=12.7007/s
BM_main_graph$async_dispatch_151_embedded_elf_riscv_64_main_graph$async_dispatch_151_elementwise_broadcast_64x224x224_f32/process_time/real_time              78.9 ms          156 ms            8 items_per_second=12.6707/s
BM_main_graph$async_dispatch_151_embedded_elf_riscv_64_main_graph$async_dispatch_151_elementwise_broadcast_64x224x224_f32/process_time/real_time              78.5 ms          156 ms            8 items_per_second=12.7325/s
BM_main_graph$async_dispatch_151_embedded_elf_riscv_64_main_graph$async_dispatch_151_elementwise_broadcast_64x224x224_f32/process_time/real_time              78.5 ms          156 ms            8 items_per_second=12.7327/s
BM_main_graph$async_dispatch_151_embedded_elf_riscv_64_main_graph$async_dispatch_151_elementwise_broadcast_64x224x224_f32/process_time/real_time              78.9 ms          156 ms            8 items_per_second=12.6702/s
BM_main_graph$async_dispatch_151_embedded_elf_riscv_64_main_graph$async_dispatch_151_elementwise_broadcast_64x224x224_f32/process_time/real_time_mean         78.7 ms          156 ms           10 items_per_second=12.7001/s
BM_main_graph$async_dispatch_151_embedded_elf_riscv_64_main_graph$async_dispatch_151_elementwise_broadcast_64x224x224_f32/process_time/real_time_median       78.7 ms          156 ms           10 items_per_second=12.7097/s
BM_main_graph$async_dispatch_151_embedded_elf_riscv_64_main_graph$async_dispatch_151_elementwise_broadcast_64x224x224_f32/process_time/real_time_stddev      0.201 ms        0.202 ms           10 items_per_second=0.0323204/s
BM_main_graph$async_dispatch_151_embedded_elf_riscv_64_main_graph$async_dispatch_151_elementwise_broadcast_64x224x224_f32/process_time/real_time_cv           0.25 %          0.13 %            10 items_per_second=0.25%
