2026-01-09T08:25:33.882335
Running tools/iree-benchmark-module --module=/home/dima/sched_vmfb/glpdepth_scalar/module_main_graph$async_dispatch_147_embedded_elf_riscv_64_benchmark.vmfb --device=local-task --function=main_graph$async_dispatch_147_embedded_elf_riscv_64_main_graph$async_dispatch_147_conv_32x56x56x64x3x3_f32 --input=1xi32=1 --task_topology_cpu_ids=0,1 --benchmark_repetitions=10
2026-01-09T08:25:33+08:00
Running tools/iree-benchmark-module
Run on (8 X 1600 MHz CPU s)
CPU Caches:
  L1 Instruction 32 KiB (x8)
  L1 Data 32 KiB (x8)
  L2 Unified 512 KiB (x2)
Load Average: 3.88, 3.56, 3.01
------------------------------------------------------------------------------------------------------------------------------------------------------------------------------------------------------
Benchmark                                                                                                                                            Time             CPU   Iterations UserCounters...
------------------------------------------------------------------------------------------------------------------------------------------------------------------------------------------------------
BM_main_graph$async_dispatch_147_embedded_elf_riscv_64_main_graph$async_dispatch_147_conv_32x56x56x64x3x3_f32/process_time/real_time               209 ms          416 ms            3 items_per_second=4.79212/s
BM_main_graph$async_dispatch_147_embedded_elf_riscv_64_main_graph$async_dispatch_147_conv_32x56x56x64x3x3_f32/process_time/real_time               210 ms          416 ms            3 items_per_second=4.75958/s
BM_main_graph$async_dispatch_147_embedded_elf_riscv_64_main_graph$async_dispatch_147_conv_32x56x56x64x3x3_f32/process_time/real_time               210 ms          417 ms            3 items_per_second=4.76117/s
BM_main_graph$async_dispatch_147_embedded_elf_riscv_64_main_graph$async_dispatch_147_conv_32x56x56x64x3x3_f32/process_time/real_time               209 ms          416 ms            3 items_per_second=4.77994/s
BM_main_graph$async_dispatch_147_embedded_elf_riscv_64_main_graph$async_dispatch_147_conv_32x56x56x64x3x3_f32/process_time/real_time               209 ms          416 ms            3 items_per_second=4.78625/s
BM_main_graph$async_dispatch_147_embedded_elf_riscv_64_main_graph$async_dispatch_147_conv_32x56x56x64x3x3_f32/process_time/real_time               210 ms          417 ms            3 items_per_second=4.76719/s
BM_main_graph$async_dispatch_147_embedded_elf_riscv_64_main_graph$async_dispatch_147_conv_32x56x56x64x3x3_f32/process_time/real_time               209 ms          416 ms            3 items_per_second=4.78855/s
BM_main_graph$async_dispatch_147_embedded_elf_riscv_64_main_graph$async_dispatch_147_conv_32x56x56x64x3x3_f32/process_time/real_time               209 ms          416 ms            3 items_per_second=4.78201/s
BM_main_graph$async_dispatch_147_embedded_elf_riscv_64_main_graph$async_dispatch_147_conv_32x56x56x64x3x3_f32/process_time/real_time               210 ms          417 ms            3 items_per_second=4.76247/s
BM_main_graph$async_dispatch_147_embedded_elf_riscv_64_main_graph$async_dispatch_147_conv_32x56x56x64x3x3_f32/process_time/real_time               209 ms          417 ms            3 items_per_second=4.77816/s
BM_main_graph$async_dispatch_147_embedded_elf_riscv_64_main_graph$async_dispatch_147_conv_32x56x56x64x3x3_f32/process_time/real_time_mean          209 ms          417 ms           10 items_per_second=4.77574/s
BM_main_graph$async_dispatch_147_embedded_elf_riscv_64_main_graph$async_dispatch_147_conv_32x56x56x64x3x3_f32/process_time/real_time_median        209 ms          416 ms           10 items_per_second=4.77905/s
BM_main_graph$async_dispatch_147_embedded_elf_riscv_64_main_graph$async_dispatch_147_conv_32x56x56x64x3x3_f32/process_time/real_time_stddev      0.533 ms        0.546 ms           10 items_per_second=0.0121486/s
BM_main_graph$async_dispatch_147_embedded_elf_riscv_64_main_graph$async_dispatch_147_conv_32x56x56x64x3x3_f32/process_time/real_time_cv           0.25 %          0.13 %            10 items_per_second=0.25%
