2026-01-09T08:23:30.014573
Running tools/iree-benchmark-module --module=/home/dima/sched_vmfb/glpdepth_scalar/module_main_graph$async_dispatch_131_embedded_elf_riscv_64_benchmark.vmfb --device=local-task --function=main_graph$async_dispatch_131_embedded_elf_riscv_64_main_graph$async_dispatch_131_slow_memcpy --input=1xi32=1 --task_topology_cpu_ids=0,1 --benchmark_repetitions=10
2026-01-09T08:23:30+08:00
Running tools/iree-benchmark-module
Run on (8 X 1600 MHz CPU s)
CPU Caches:
  L1 Instruction 32 KiB (x8)
  L1 Data 32 KiB (x8)
  L2 Unified 512 KiB (x2)
Load Average: 3.79, 3.38, 2.88
-----------------------------------------------------------------------------------------------------------------------------------------------------------------------------------------
Benchmark                                                                                                                               Time             CPU   Iterations UserCounters...
-----------------------------------------------------------------------------------------------------------------------------------------------------------------------------------------
BM_main_graph$async_dispatch_131_embedded_elf_riscv_64_main_graph$async_dispatch_131_slow_memcpy/process_time/real_time             0.125 ms        0.189 ms         5611 items_per_second=7.99489k/s
BM_main_graph$async_dispatch_131_embedded_elf_riscv_64_main_graph$async_dispatch_131_slow_memcpy/process_time/real_time             0.124 ms        0.188 ms         5611 items_per_second=8.03411k/s
BM_main_graph$async_dispatch_131_embedded_elf_riscv_64_main_graph$async_dispatch_131_slow_memcpy/process_time/real_time             0.125 ms        0.188 ms         5611 items_per_second=8.02375k/s
BM_main_graph$async_dispatch_131_embedded_elf_riscv_64_main_graph$async_dispatch_131_slow_memcpy/process_time/real_time             0.125 ms        0.189 ms         5611 items_per_second=7.98882k/s
BM_main_graph$async_dispatch_131_embedded_elf_riscv_64_main_graph$async_dispatch_131_slow_memcpy/process_time/real_time             0.124 ms        0.188 ms         5611 items_per_second=8.0341k/s
BM_main_graph$async_dispatch_131_embedded_elf_riscv_64_main_graph$async_dispatch_131_slow_memcpy/process_time/real_time             0.124 ms        0.188 ms         5611 items_per_second=8.04375k/s
BM_main_graph$async_dispatch_131_embedded_elf_riscv_64_main_graph$async_dispatch_131_slow_memcpy/process_time/real_time             0.125 ms        0.189 ms         5611 items_per_second=7.97111k/s
BM_main_graph$async_dispatch_131_embedded_elf_riscv_64_main_graph$async_dispatch_131_slow_memcpy/process_time/real_time             0.124 ms        0.188 ms         5611 items_per_second=8.05296k/s
BM_main_graph$async_dispatch_131_embedded_elf_riscv_64_main_graph$async_dispatch_131_slow_memcpy/process_time/real_time             0.125 ms        0.189 ms         5611 items_per_second=8.00627k/s
BM_main_graph$async_dispatch_131_embedded_elf_riscv_64_main_graph$async_dispatch_131_slow_memcpy/process_time/real_time             0.125 ms        0.188 ms         5611 items_per_second=8.01919k/s
BM_main_graph$async_dispatch_131_embedded_elf_riscv_64_main_graph$async_dispatch_131_slow_memcpy/process_time/real_time_mean        0.125 ms        0.188 ms           10 items_per_second=8.0169k/s
BM_main_graph$async_dispatch_131_embedded_elf_riscv_64_main_graph$async_dispatch_131_slow_memcpy/process_time/real_time_median      0.125 ms        0.188 ms           10 items_per_second=8.02147k/s
BM_main_graph$async_dispatch_131_embedded_elf_riscv_64_main_graph$async_dispatch_131_slow_memcpy/process_time/real_time_stddev      0.000 ms        0.000 ms           10 items_per_second=26.1355/s
BM_main_graph$async_dispatch_131_embedded_elf_riscv_64_main_graph$async_dispatch_131_slow_memcpy/process_time/real_time_cv           0.33 %          0.21 %            10 items_per_second=0.33%
