2026-01-09T08:21:26.573076
Running tools/iree-benchmark-module --module=/home/dima/sched_vmfb/glpdepth_scalar/module_main_graph$async_dispatch_104_embedded_elf_riscv_64_benchmark.vmfb --device=local-task --function=main_graph$async_dispatch_104_embedded_elf_riscv_64_main_graph$async_dispatch_104_elementwise_broadcast_12544_f32 --input=1xi32=1 --task_topology_cpu_ids=0,1 --benchmark_repetitions=10
2026-01-09T08:21:26+08:00
Running tools/iree-benchmark-module
Run on (8 X 1600 MHz CPU s)
CPU Caches:
  L1 Instruction 32 KiB (x8)
  L1 Data 32 KiB (x8)
  L2 Unified 512 KiB (x2)
Load Average: 3.53, 3.15, 2.74
-------------------------------------------------------------------------------------------------------------------------------------------------------------------------------------------------------------
Benchmark                                                                                                                                                   Time             CPU   Iterations UserCounters...
-------------------------------------------------------------------------------------------------------------------------------------------------------------------------------------------------------------
BM_main_graph$async_dispatch_104_embedded_elf_riscv_64_main_graph$async_dispatch_104_elementwise_broadcast_12544_f32/process_time/real_time             0.159 ms        0.216 ms         4375 items_per_second=6.30743k/s
BM_main_graph$async_dispatch_104_embedded_elf_riscv_64_main_graph$async_dispatch_104_elementwise_broadcast_12544_f32/process_time/real_time             0.160 ms        0.217 ms         4375 items_per_second=6.26958k/s
BM_main_graph$async_dispatch_104_embedded_elf_riscv_64_main_graph$async_dispatch_104_elementwise_broadcast_12544_f32/process_time/real_time             0.159 ms        0.217 ms         4375 items_per_second=6.29736k/s
BM_main_graph$async_dispatch_104_embedded_elf_riscv_64_main_graph$async_dispatch_104_elementwise_broadcast_12544_f32/process_time/real_time             0.159 ms        0.217 ms         4375 items_per_second=6.27433k/s
BM_main_graph$async_dispatch_104_embedded_elf_riscv_64_main_graph$async_dispatch_104_elementwise_broadcast_12544_f32/process_time/real_time             0.160 ms        0.217 ms         4375 items_per_second=6.26754k/s
BM_main_graph$async_dispatch_104_embedded_elf_riscv_64_main_graph$async_dispatch_104_elementwise_broadcast_12544_f32/process_time/real_time             0.160 ms        0.217 ms         4375 items_per_second=6.2662k/s
BM_main_graph$async_dispatch_104_embedded_elf_riscv_64_main_graph$async_dispatch_104_elementwise_broadcast_12544_f32/process_time/real_time             0.160 ms        0.217 ms         4375 items_per_second=6.26593k/s
BM_main_graph$async_dispatch_104_embedded_elf_riscv_64_main_graph$async_dispatch_104_elementwise_broadcast_12544_f32/process_time/real_time             0.160 ms        0.217 ms         4375 items_per_second=6.24875k/s
BM_main_graph$async_dispatch_104_embedded_elf_riscv_64_main_graph$async_dispatch_104_elementwise_broadcast_12544_f32/process_time/real_time             0.160 ms        0.217 ms         4375 items_per_second=6.24347k/s
BM_main_graph$async_dispatch_104_embedded_elf_riscv_64_main_graph$async_dispatch_104_elementwise_broadcast_12544_f32/process_time/real_time             0.160 ms        0.218 ms         4375 items_per_second=6.24453k/s
BM_main_graph$async_dispatch_104_embedded_elf_riscv_64_main_graph$async_dispatch_104_elementwise_broadcast_12544_f32/process_time/real_time_mean        0.160 ms        0.217 ms           10 items_per_second=6.26851k/s
BM_main_graph$async_dispatch_104_embedded_elf_riscv_64_main_graph$async_dispatch_104_elementwise_broadcast_12544_f32/process_time/real_time_median      0.160 ms        0.217 ms           10 items_per_second=6.26687k/s
BM_main_graph$async_dispatch_104_embedded_elf_riscv_64_main_graph$async_dispatch_104_elementwise_broadcast_12544_f32/process_time/real_time_stddev      0.001 ms        0.000 ms           10 items_per_second=21.0484/s
BM_main_graph$async_dispatch_104_embedded_elf_riscv_64_main_graph$async_dispatch_104_elementwise_broadcast_12544_f32/process_time/real_time_cv           0.34 %          0.18 %            10 items_per_second=0.34%
