2026-01-09T08:28:54.667215
Running tools/iree-benchmark-module --module=/home/dima/sched_vmfb/glpdepth_scalar/module_main_graph$async_dispatch_3_embedded_elf_riscv_64_benchmark.vmfb --device=local-task --function=main_graph$async_dispatch_3_embedded_elf_riscv_64_main_graph$async_dispatch_3_matmul_like_3136x32x32_f32 --input=1xi32=1 --task_topology_cpu_ids=0,1 --benchmark_repetitions=10
2026-01-09T08:28:54+08:00
Running tools/iree-benchmark-module
Run on (8 X 1600 MHz CPU s)
CPU Caches:
  L1 Instruction 32 KiB (x8)
  L1 Data 32 KiB (x8)
  L2 Unified 512 KiB (x2)
Load Average: 4.00, 3.82, 3.23
----------------------------------------------------------------------------------------------------------------------------------------------------------------------------------------------------
Benchmark                                                                                                                                          Time             CPU   Iterations UserCounters...
----------------------------------------------------------------------------------------------------------------------------------------------------------------------------------------------------
BM_main_graph$async_dispatch_3_embedded_elf_riscv_64_main_graph$async_dispatch_3_matmul_like_3136x32x32_f32/process_time/real_time              1.21 ms         2.31 ms          578 items_per_second=823.881/s
BM_main_graph$async_dispatch_3_embedded_elf_riscv_64_main_graph$async_dispatch_3_matmul_like_3136x32x32_f32/process_time/real_time              1.21 ms         2.31 ms          578 items_per_second=826.078/s
BM_main_graph$async_dispatch_3_embedded_elf_riscv_64_main_graph$async_dispatch_3_matmul_like_3136x32x32_f32/process_time/real_time              1.21 ms         2.31 ms          578 items_per_second=826.551/s
BM_main_graph$async_dispatch_3_embedded_elf_riscv_64_main_graph$async_dispatch_3_matmul_like_3136x32x32_f32/process_time/real_time              1.21 ms         2.31 ms          578 items_per_second=824.104/s
BM_main_graph$async_dispatch_3_embedded_elf_riscv_64_main_graph$async_dispatch_3_matmul_like_3136x32x32_f32/process_time/real_time              1.21 ms         2.31 ms          578 items_per_second=825.924/s
BM_main_graph$async_dispatch_3_embedded_elf_riscv_64_main_graph$async_dispatch_3_matmul_like_3136x32x32_f32/process_time/real_time              1.21 ms         2.30 ms          578 items_per_second=828.61/s
BM_main_graph$async_dispatch_3_embedded_elf_riscv_64_main_graph$async_dispatch_3_matmul_like_3136x32x32_f32/process_time/real_time              1.21 ms         2.31 ms          578 items_per_second=824.901/s
BM_main_graph$async_dispatch_3_embedded_elf_riscv_64_main_graph$async_dispatch_3_matmul_like_3136x32x32_f32/process_time/real_time              1.21 ms         2.30 ms          578 items_per_second=828.37/s
BM_main_graph$async_dispatch_3_embedded_elf_riscv_64_main_graph$async_dispatch_3_matmul_like_3136x32x32_f32/process_time/real_time              1.21 ms         2.31 ms          578 items_per_second=826.904/s
BM_main_graph$async_dispatch_3_embedded_elf_riscv_64_main_graph$async_dispatch_3_matmul_like_3136x32x32_f32/process_time/real_time              1.21 ms         2.31 ms          578 items_per_second=823.706/s
BM_main_graph$async_dispatch_3_embedded_elf_riscv_64_main_graph$async_dispatch_3_matmul_like_3136x32x32_f32/process_time/real_time_mean         1.21 ms         2.31 ms           10 items_per_second=825.903/s
BM_main_graph$async_dispatch_3_embedded_elf_riscv_64_main_graph$async_dispatch_3_matmul_like_3136x32x32_f32/process_time/real_time_median       1.21 ms         2.31 ms           10 items_per_second=826.001/s
BM_main_graph$async_dispatch_3_embedded_elf_riscv_64_main_graph$async_dispatch_3_matmul_like_3136x32x32_f32/process_time/real_time_stddev      0.003 ms        0.003 ms           10 items_per_second=1.76453/s
BM_main_graph$async_dispatch_3_embedded_elf_riscv_64_main_graph$async_dispatch_3_matmul_like_3136x32x32_f32/process_time/real_time_cv           0.21 %          0.13 %            10 items_per_second=0.21%
