2026-01-10T04:59:19.362196
Running tools/iree-benchmark-module --module=/home/dima/sched_vmfb/mlp_rvv/module__encoding_4_embedded_elf_riscv_64_benchmark.vmfb --device=local-task --function=_encoding_4_embedded_elf_riscv_64__encoding_4_encode_2xf32_to_2xf32 --input=1xi32=1 --task_topology_cpu_ids=0,1,2 --benchmark_repetitions=10
2026-01-10T04:59:19+08:00
Running tools/iree-benchmark-module
Run on (8 X 1600 MHz CPU s)
CPU Caches:
  L1 Instruction 32 KiB (x8)
  L1 Data 32 KiB (x8)
  L2 Unified 512 KiB (x2)
Load Average: 3.19, 2.53, 2.20
---------------------------------------------------------------------------------------------------------------------------------------------------------------
Benchmark                                                                                                     Time             CPU   Iterations UserCounters...
---------------------------------------------------------------------------------------------------------------------------------------------------------------
BM__encoding_4_embedded_elf_riscv_64__encoding_4_encode_2xf32_to_2xf32/process_time/real_time             0.063 ms        0.068 ms        11133 items_per_second=15.9887k/s
BM__encoding_4_embedded_elf_riscv_64__encoding_4_encode_2xf32_to_2xf32/process_time/real_time             0.062 ms        0.068 ms        11133 items_per_second=16.0405k/s
BM__encoding_4_embedded_elf_riscv_64__encoding_4_encode_2xf32_to_2xf32/process_time/real_time             0.062 ms        0.068 ms        11133 items_per_second=16.1041k/s
BM__encoding_4_embedded_elf_riscv_64__encoding_4_encode_2xf32_to_2xf32/process_time/real_time             0.064 ms        0.068 ms        11133 items_per_second=15.7014k/s
BM__encoding_4_embedded_elf_riscv_64__encoding_4_encode_2xf32_to_2xf32/process_time/real_time             0.062 ms        0.068 ms        11133 items_per_second=16.0508k/s
BM__encoding_4_embedded_elf_riscv_64__encoding_4_encode_2xf32_to_2xf32/process_time/real_time             0.063 ms        0.069 ms        11133 items_per_second=15.9336k/s
BM__encoding_4_embedded_elf_riscv_64__encoding_4_encode_2xf32_to_2xf32/process_time/real_time             0.063 ms        0.068 ms        11133 items_per_second=15.9894k/s
BM__encoding_4_embedded_elf_riscv_64__encoding_4_encode_2xf32_to_2xf32/process_time/real_time             0.062 ms        0.068 ms        11133 items_per_second=16.0267k/s
BM__encoding_4_embedded_elf_riscv_64__encoding_4_encode_2xf32_to_2xf32/process_time/real_time             0.063 ms        0.068 ms        11133 items_per_second=15.9273k/s
BM__encoding_4_embedded_elf_riscv_64__encoding_4_encode_2xf32_to_2xf32/process_time/real_time             0.064 ms        0.069 ms        11133 items_per_second=15.6269k/s
BM__encoding_4_embedded_elf_riscv_64__encoding_4_encode_2xf32_to_2xf32/process_time/real_time_mean        0.063 ms        0.068 ms           10 items_per_second=15.9389k/s
BM__encoding_4_embedded_elf_riscv_64__encoding_4_encode_2xf32_to_2xf32/process_time/real_time_median      0.063 ms        0.068 ms           10 items_per_second=15.9891k/s
BM__encoding_4_embedded_elf_riscv_64__encoding_4_encode_2xf32_to_2xf32/process_time/real_time_stddev      0.001 ms        0.000 ms           10 items_per_second=155.202/s
BM__encoding_4_embedded_elf_riscv_64__encoding_4_encode_2xf32_to_2xf32/process_time/real_time_cv           0.98 %          0.38 %            10 items_per_second=0.97%
