2026-01-10T04:58:57.717759
Running tools/iree-benchmark-module --module=/home/dima/sched_vmfb/mlp_rvv/module__encoding_1_embedded_elf_riscv_64_benchmark.vmfb --device=local-task --function=_encoding_1_embedded_elf_riscv_64__encoding_1_encode_32xf32_to_32xf32 --input=1xi32=1 --task_topology_cpu_ids=0,1,2 --benchmark_repetitions=10
2026-01-10T04:58:57+08:00
Running tools/iree-benchmark-module
Run on (8 X 1600 MHz CPU s)
CPU Caches:
  L1 Instruction 32 KiB (x8)
  L1 Data 32 KiB (x8)
  L2 Unified 512 KiB (x2)
Load Average: 3.11, 2.45, 2.16
-----------------------------------------------------------------------------------------------------------------------------------------------------------------
Benchmark                                                                                                       Time             CPU   Iterations UserCounters...
-----------------------------------------------------------------------------------------------------------------------------------------------------------------
BM__encoding_1_embedded_elf_riscv_64__encoding_1_encode_32xf32_to_32xf32/process_time/real_time             0.070 ms        0.086 ms         9293 items_per_second=14.3228k/s
BM__encoding_1_embedded_elf_riscv_64__encoding_1_encode_32xf32_to_32xf32/process_time/real_time             0.068 ms        0.085 ms         9293 items_per_second=14.7449k/s
BM__encoding_1_embedded_elf_riscv_64__encoding_1_encode_32xf32_to_32xf32/process_time/real_time             0.068 ms        0.085 ms         9293 items_per_second=14.7881k/s
BM__encoding_1_embedded_elf_riscv_64__encoding_1_encode_32xf32_to_32xf32/process_time/real_time             0.069 ms        0.085 ms         9293 items_per_second=14.5682k/s
BM__encoding_1_embedded_elf_riscv_64__encoding_1_encode_32xf32_to_32xf32/process_time/real_time             0.068 ms        0.086 ms         9293 items_per_second=14.6236k/s
BM__encoding_1_embedded_elf_riscv_64__encoding_1_encode_32xf32_to_32xf32/process_time/real_time             0.068 ms        0.086 ms         9293 items_per_second=14.719k/s
BM__encoding_1_embedded_elf_riscv_64__encoding_1_encode_32xf32_to_32xf32/process_time/real_time             0.068 ms        0.085 ms         9293 items_per_second=14.6273k/s
BM__encoding_1_embedded_elf_riscv_64__encoding_1_encode_32xf32_to_32xf32/process_time/real_time             0.068 ms        0.085 ms         9293 items_per_second=14.7911k/s
BM__encoding_1_embedded_elf_riscv_64__encoding_1_encode_32xf32_to_32xf32/process_time/real_time             0.068 ms        0.085 ms         9293 items_per_second=14.7269k/s
BM__encoding_1_embedded_elf_riscv_64__encoding_1_encode_32xf32_to_32xf32/process_time/real_time             0.069 ms        0.086 ms         9293 items_per_second=14.5096k/s
BM__encoding_1_embedded_elf_riscv_64__encoding_1_encode_32xf32_to_32xf32/process_time/real_time_mean        0.068 ms        0.086 ms           10 items_per_second=14.6421k/s
BM__encoding_1_embedded_elf_riscv_64__encoding_1_encode_32xf32_to_32xf32/process_time/real_time_median      0.068 ms        0.085 ms           10 items_per_second=14.6732k/s
BM__encoding_1_embedded_elf_riscv_64__encoding_1_encode_32xf32_to_32xf32/process_time/real_time_stddev      0.001 ms        0.000 ms           10 items_per_second=146.329/s
BM__encoding_1_embedded_elf_riscv_64__encoding_1_encode_32xf32_to_32xf32/process_time/real_time_cv           1.01 %          0.51 %            10 items_per_second=1.00%
