2026-01-09T09:35:58.869292
Running tools/iree-benchmark-module --module=/home/dima/sched_vmfb/dronet_ukernel/dispatch_0.vmfb --device=local-task --function=main_graph$async_dispatch_0_system_elf_riscv_64_main_graph$async_dispatch_0_slow_memcpy --input=1xi32=1 --task_topology_cpu_ids=0,1,2 --benchmark_repetitions=10
2026-01-09T09:35:58+08:00
Running tools/iree-benchmark-module
Run on (8 X 1600 MHz CPU s)
CPU Caches:
  L1 Instruction 32 KiB (x8)
  L1 Data 32 KiB (x8)
  L2 Unified 512 KiB (x2)
Load Average: 3.69, 2.91, 2.62
-----------------------------------------------------------------------------------------------------------------------------------------------------------------------------------
Benchmark                                                                                                                         Time             CPU   Iterations UserCounters...
-----------------------------------------------------------------------------------------------------------------------------------------------------------------------------------
BM_main_graph$async_dispatch_0_system_elf_riscv_64_main_graph$async_dispatch_0_slow_memcpy/process_time/real_time             0.152 ms        0.311 ms         4585 items_per_second=6.57165k/s
BM_main_graph$async_dispatch_0_system_elf_riscv_64_main_graph$async_dispatch_0_slow_memcpy/process_time/real_time             0.151 ms        0.311 ms         4585 items_per_second=6.60571k/s
BM_main_graph$async_dispatch_0_system_elf_riscv_64_main_graph$async_dispatch_0_slow_memcpy/process_time/real_time             0.151 ms        0.310 ms         4585 items_per_second=6.60923k/s
BM_main_graph$async_dispatch_0_system_elf_riscv_64_main_graph$async_dispatch_0_slow_memcpy/process_time/real_time             0.151 ms        0.310 ms         4585 items_per_second=6.63149k/s
BM_main_graph$async_dispatch_0_system_elf_riscv_64_main_graph$async_dispatch_0_slow_memcpy/process_time/real_time             0.151 ms        0.309 ms         4585 items_per_second=6.64061k/s
BM_main_graph$async_dispatch_0_system_elf_riscv_64_main_graph$async_dispatch_0_slow_memcpy/process_time/real_time             0.155 ms        0.310 ms         4585 items_per_second=6.47123k/s
BM_main_graph$async_dispatch_0_system_elf_riscv_64_main_graph$async_dispatch_0_slow_memcpy/process_time/real_time             0.150 ms        0.303 ms         4585 items_per_second=6.65243k/s
BM_main_graph$async_dispatch_0_system_elf_riscv_64_main_graph$async_dispatch_0_slow_memcpy/process_time/real_time             0.149 ms        0.302 ms         4585 items_per_second=6.68905k/s
BM_main_graph$async_dispatch_0_system_elf_riscv_64_main_graph$async_dispatch_0_slow_memcpy/process_time/real_time             0.150 ms        0.303 ms         4585 items_per_second=6.67262k/s
BM_main_graph$async_dispatch_0_system_elf_riscv_64_main_graph$async_dispatch_0_slow_memcpy/process_time/real_time             0.149 ms        0.301 ms         4585 items_per_second=6.69883k/s
BM_main_graph$async_dispatch_0_system_elf_riscv_64_main_graph$async_dispatch_0_slow_memcpy/process_time/real_time_mean        0.151 ms        0.307 ms           10 items_per_second=6.62428k/s
BM_main_graph$async_dispatch_0_system_elf_riscv_64_main_graph$async_dispatch_0_slow_memcpy/process_time/real_time_median      0.151 ms        0.310 ms           10 items_per_second=6.63605k/s
BM_main_graph$async_dispatch_0_system_elf_riscv_64_main_graph$async_dispatch_0_slow_memcpy/process_time/real_time_stddev      0.002 ms        0.004 ms           10 items_per_second=66.6378/s
BM_main_graph$async_dispatch_0_system_elf_riscv_64_main_graph$async_dispatch_0_slow_memcpy/process_time/real_time_cv           1.02 %          1.34 %            10 items_per_second=1.01%
