2026-01-09T13:29:15.560060
Running tools/iree-benchmark-module --module=/home/dima/sched_vmfb/dronet_ukernel/module_main_graph$async_dispatch_1_embedded_elf_riscv_64_benchmark.vmfb --device=local-task --function=main_graph$async_dispatch_1_embedded_elf_riscv_64_main_graph$async_dispatch_1_conv_32x56x56x3x3x3_f32 --input=1xi32=1 --task_topology_cpu_ids=0,1,2 --benchmark_repetitions=10
2026-01-09T13:29:15+08:00
Running tools/iree-benchmark-module
Run on (8 X 1600 MHz CPU s)
CPU Caches:
  L1 Instruction 32 KiB (x8)
  L1 Data 32 KiB (x8)
  L2 Unified 512 KiB (x2)
Load Average: 3.65, 3.00, 2.52
-------------------------------------------------------------------------------------------------------------------------------------------------------------------------------------------------
Benchmark                                                                                                                                       Time             CPU   Iterations UserCounters...
-------------------------------------------------------------------------------------------------------------------------------------------------------------------------------------------------
BM_main_graph$async_dispatch_1_embedded_elf_riscv_64_main_graph$async_dispatch_1_conv_32x56x56x3x3x3_f32/process_time/real_time              6.11 ms         16.1 ms          114 items_per_second=163.573/s
BM_main_graph$async_dispatch_1_embedded_elf_riscv_64_main_graph$async_dispatch_1_conv_32x56x56x3x3x3_f32/process_time/real_time              6.16 ms         16.2 ms          114 items_per_second=162.29/s
BM_main_graph$async_dispatch_1_embedded_elf_riscv_64_main_graph$async_dispatch_1_conv_32x56x56x3x3x3_f32/process_time/real_time              6.13 ms         16.1 ms          114 items_per_second=163.24/s
BM_main_graph$async_dispatch_1_embedded_elf_riscv_64_main_graph$async_dispatch_1_conv_32x56x56x3x3x3_f32/process_time/real_time              6.12 ms         16.1 ms          114 items_per_second=163.268/s
BM_main_graph$async_dispatch_1_embedded_elf_riscv_64_main_graph$async_dispatch_1_conv_32x56x56x3x3x3_f32/process_time/real_time              6.17 ms         16.1 ms          114 items_per_second=162.075/s
BM_main_graph$async_dispatch_1_embedded_elf_riscv_64_main_graph$async_dispatch_1_conv_32x56x56x3x3x3_f32/process_time/real_time              6.11 ms         16.1 ms          114 items_per_second=163.538/s
BM_main_graph$async_dispatch_1_embedded_elf_riscv_64_main_graph$async_dispatch_1_conv_32x56x56x3x3x3_f32/process_time/real_time              6.10 ms         16.1 ms          114 items_per_second=163.839/s
BM_main_graph$async_dispatch_1_embedded_elf_riscv_64_main_graph$async_dispatch_1_conv_32x56x56x3x3x3_f32/process_time/real_time              6.12 ms         16.1 ms          114 items_per_second=163.502/s
BM_main_graph$async_dispatch_1_embedded_elf_riscv_64_main_graph$async_dispatch_1_conv_32x56x56x3x3x3_f32/process_time/real_time              6.10 ms         16.1 ms          114 items_per_second=163.97/s
BM_main_graph$async_dispatch_1_embedded_elf_riscv_64_main_graph$async_dispatch_1_conv_32x56x56x3x3x3_f32/process_time/real_time              6.10 ms         16.1 ms          114 items_per_second=163.867/s
BM_main_graph$async_dispatch_1_embedded_elf_riscv_64_main_graph$async_dispatch_1_conv_32x56x56x3x3x3_f32/process_time/real_time_mean         6.12 ms         16.1 ms           10 items_per_second=163.316/s
BM_main_graph$async_dispatch_1_embedded_elf_riscv_64_main_graph$async_dispatch_1_conv_32x56x56x3x3x3_f32/process_time/real_time_median       6.12 ms         16.1 ms           10 items_per_second=163.52/s
BM_main_graph$async_dispatch_1_embedded_elf_riscv_64_main_graph$async_dispatch_1_conv_32x56x56x3x3x3_f32/process_time/real_time_stddev      0.024 ms        0.019 ms           10 items_per_second=0.645995/s
BM_main_graph$async_dispatch_1_embedded_elf_riscv_64_main_graph$async_dispatch_1_conv_32x56x56x3x3x3_f32/process_time/real_time_cv           0.40 %          0.12 %            10 items_per_second=0.40%
