2026-01-09T13:29:44.677398
Running tools/iree-benchmark-module --module=/home/dima/sched_vmfb/dronet_ukernel/module_main_graph$async_dispatch_5_embedded_elf_riscv_64_benchmark.vmfb --device=local-task --function=main_graph$async_dispatch_5_embedded_elf_riscv_64_main_graph$async_dispatch_5_conv_32x14x14x32x3x3_f32 --input=1xi32=1 --task_topology_cpu_ids=0,1,2 --benchmark_repetitions=10
2026-01-09T13:29:44+08:00
Running tools/iree-benchmark-module
Run on (8 X 1600 MHz CPU s)
CPU Caches:
  L1 Instruction 32 KiB (x8)
  L1 Data 32 KiB (x8)
  L2 Unified 512 KiB (x2)
Load Average: 4.09, 3.17, 2.60
--------------------------------------------------------------------------------------------------------------------------------------------------------------------------------------------------
Benchmark                                                                                                                                        Time             CPU   Iterations UserCounters...
--------------------------------------------------------------------------------------------------------------------------------------------------------------------------------------------------
BM_main_graph$async_dispatch_5_embedded_elf_riscv_64_main_graph$async_dispatch_5_conv_32x14x14x32x3x3_f32/process_time/real_time              4.54 ms         12.1 ms          152 items_per_second=220.385/s
BM_main_graph$async_dispatch_5_embedded_elf_riscv_64_main_graph$async_dispatch_5_conv_32x14x14x32x3x3_f32/process_time/real_time              4.54 ms         12.1 ms          152 items_per_second=220.293/s
BM_main_graph$async_dispatch_5_embedded_elf_riscv_64_main_graph$async_dispatch_5_conv_32x14x14x32x3x3_f32/process_time/real_time              4.54 ms         12.1 ms          152 items_per_second=220.31/s
BM_main_graph$async_dispatch_5_embedded_elf_riscv_64_main_graph$async_dispatch_5_conv_32x14x14x32x3x3_f32/process_time/real_time              4.55 ms         12.1 ms          152 items_per_second=219.897/s
BM_main_graph$async_dispatch_5_embedded_elf_riscv_64_main_graph$async_dispatch_5_conv_32x14x14x32x3x3_f32/process_time/real_time              4.53 ms         12.0 ms          152 items_per_second=220.652/s
BM_main_graph$async_dispatch_5_embedded_elf_riscv_64_main_graph$async_dispatch_5_conv_32x14x14x32x3x3_f32/process_time/real_time              4.54 ms         12.1 ms          152 items_per_second=220.488/s
BM_main_graph$async_dispatch_5_embedded_elf_riscv_64_main_graph$async_dispatch_5_conv_32x14x14x32x3x3_f32/process_time/real_time              4.54 ms         12.0 ms          152 items_per_second=220.505/s
BM_main_graph$async_dispatch_5_embedded_elf_riscv_64_main_graph$async_dispatch_5_conv_32x14x14x32x3x3_f32/process_time/real_time              4.53 ms         12.1 ms          152 items_per_second=220.539/s
BM_main_graph$async_dispatch_5_embedded_elf_riscv_64_main_graph$async_dispatch_5_conv_32x14x14x32x3x3_f32/process_time/real_time              4.54 ms         12.1 ms          152 items_per_second=220.367/s
BM_main_graph$async_dispatch_5_embedded_elf_riscv_64_main_graph$async_dispatch_5_conv_32x14x14x32x3x3_f32/process_time/real_time              4.53 ms         12.0 ms          152 items_per_second=220.726/s
BM_main_graph$async_dispatch_5_embedded_elf_riscv_64_main_graph$async_dispatch_5_conv_32x14x14x32x3x3_f32/process_time/real_time_mean         4.54 ms         12.1 ms           10 items_per_second=220.416/s
BM_main_graph$async_dispatch_5_embedded_elf_riscv_64_main_graph$async_dispatch_5_conv_32x14x14x32x3x3_f32/process_time/real_time_median       4.54 ms         12.1 ms           10 items_per_second=220.436/s
BM_main_graph$async_dispatch_5_embedded_elf_riscv_64_main_graph$async_dispatch_5_conv_32x14x14x32x3x3_f32/process_time/real_time_stddev      0.005 ms        0.013 ms           10 items_per_second=0.230667/s
BM_main_graph$async_dispatch_5_embedded_elf_riscv_64_main_graph$async_dispatch_5_conv_32x14x14x32x3x3_f32/process_time/real_time_cv           0.10 %          0.11 %            10 items_per_second=0.10%
