2026-01-09T13:29:00.842977
Running tools/iree-benchmark-module --module=/home/dima/sched_vmfb/dronet_ukernel/module_main_graph$async_dispatch_13_embedded_elf_riscv_64_benchmark.vmfb --device=local-task --function=main_graph$async_dispatch_13_embedded_elf_riscv_64_main_graph$async_dispatch_13_slow_memcpy --input=1xi32=1 --task_topology_cpu_ids=0,1,2 --benchmark_repetitions=10
2026-01-09T13:29:00+08:00
Running tools/iree-benchmark-module
Run on (8 X 1600 MHz CPU s)
CPU Caches:
  L1 Instruction 32 KiB (x8)
  L1 Data 32 KiB (x8)
  L2 Unified 512 KiB (x2)
Load Average: 3.83, 3.00, 2.51
---------------------------------------------------------------------------------------------------------------------------------------------------------------------------------------
Benchmark                                                                                                                             Time             CPU   Iterations UserCounters...
---------------------------------------------------------------------------------------------------------------------------------------------------------------------------------------
BM_main_graph$async_dispatch_13_embedded_elf_riscv_64_main_graph$async_dispatch_13_slow_memcpy/process_time/real_time             0.054 ms        0.060 ms        12589 items_per_second=18.567k/s
BM_main_graph$async_dispatch_13_embedded_elf_riscv_64_main_graph$async_dispatch_13_slow_memcpy/process_time/real_time             0.055 ms        0.060 ms        12589 items_per_second=18.3031k/s
BM_main_graph$async_dispatch_13_embedded_elf_riscv_64_main_graph$async_dispatch_13_slow_memcpy/process_time/real_time             0.056 ms        0.060 ms        12589 items_per_second=18.018k/s
BM_main_graph$async_dispatch_13_embedded_elf_riscv_64_main_graph$async_dispatch_13_slow_memcpy/process_time/real_time             0.055 ms        0.060 ms        12589 items_per_second=18.2775k/s
BM_main_graph$async_dispatch_13_embedded_elf_riscv_64_main_graph$async_dispatch_13_slow_memcpy/process_time/real_time             0.054 ms        0.060 ms        12589 items_per_second=18.6421k/s
BM_main_graph$async_dispatch_13_embedded_elf_riscv_64_main_graph$async_dispatch_13_slow_memcpy/process_time/real_time             0.054 ms        0.060 ms        12589 items_per_second=18.6226k/s
BM_main_graph$async_dispatch_13_embedded_elf_riscv_64_main_graph$async_dispatch_13_slow_memcpy/process_time/real_time             0.054 ms        0.060 ms        12589 items_per_second=18.3699k/s
BM_main_graph$async_dispatch_13_embedded_elf_riscv_64_main_graph$async_dispatch_13_slow_memcpy/process_time/real_time             0.054 ms        0.060 ms        12589 items_per_second=18.4918k/s
BM_main_graph$async_dispatch_13_embedded_elf_riscv_64_main_graph$async_dispatch_13_slow_memcpy/process_time/real_time             0.054 ms        0.060 ms        12589 items_per_second=18.5824k/s
BM_main_graph$async_dispatch_13_embedded_elf_riscv_64_main_graph$async_dispatch_13_slow_memcpy/process_time/real_time             0.054 ms        0.060 ms        12589 items_per_second=18.4198k/s
BM_main_graph$async_dispatch_13_embedded_elf_riscv_64_main_graph$async_dispatch_13_slow_memcpy/process_time/real_time_mean        0.054 ms        0.060 ms           10 items_per_second=18.4294k/s
BM_main_graph$async_dispatch_13_embedded_elf_riscv_64_main_graph$async_dispatch_13_slow_memcpy/process_time/real_time_median      0.054 ms        0.060 ms           10 items_per_second=18.4558k/s
BM_main_graph$async_dispatch_13_embedded_elf_riscv_64_main_graph$async_dispatch_13_slow_memcpy/process_time/real_time_stddev      0.001 ms        0.000 ms           10 items_per_second=194.586/s
BM_main_graph$async_dispatch_13_embedded_elf_riscv_64_main_graph$async_dispatch_13_slow_memcpy/process_time/real_time_cv           1.06 %          0.36 %            10 items_per_second=1.06%
