2026-01-09T12:30:44.594133
Running tools/iree-benchmark-module --module=/home/dima/sched_vmfb/fastdepth_rvv/module_main_graph$async_dispatch_41_system_elf_riscv_64_benchmark.vmfb --device=local-task --function=main_graph$async_dispatch_41_system_elf_riscv_64_main_graph$async_dispatch_41_matmul_like_64x3136x128_f32 --input=1xi32=1 --task_topology_cpu_ids=0,1,2 --benchmark_repetitions=10
2026-01-09T12:30:44+08:00
Running tools/iree-benchmark-module
Run on (8 X 1600 MHz CPU s)
CPU Caches:
  L1 Instruction 32 KiB (x8)
  L1 Data 32 KiB (x8)
  L2 Unified 512 KiB (x2)
Load Average: 4.73, 4.09, 3.30
-----------------------------------------------------------------------------------------------------------------------------------------------------------------------------------------------------
Benchmark                                                                                                                                           Time             CPU   Iterations UserCounters...
-----------------------------------------------------------------------------------------------------------------------------------------------------------------------------------------------------
BM_main_graph$async_dispatch_41_system_elf_riscv_64_main_graph$async_dispatch_41_matmul_like_64x3136x128_f32/process_time/real_time               181 ms          524 ms            4 items_per_second=5.51756/s
BM_main_graph$async_dispatch_41_system_elf_riscv_64_main_graph$async_dispatch_41_matmul_like_64x3136x128_f32/process_time/real_time               181 ms          523 ms            4 items_per_second=5.52007/s
BM_main_graph$async_dispatch_41_system_elf_riscv_64_main_graph$async_dispatch_41_matmul_like_64x3136x128_f32/process_time/real_time               181 ms          523 ms            4 items_per_second=5.52026/s
BM_main_graph$async_dispatch_41_system_elf_riscv_64_main_graph$async_dispatch_41_matmul_like_64x3136x128_f32/process_time/real_time               181 ms          523 ms            4 items_per_second=5.51992/s
BM_main_graph$async_dispatch_41_system_elf_riscv_64_main_graph$async_dispatch_41_matmul_like_64x3136x128_f32/process_time/real_time               181 ms          523 ms            4 items_per_second=5.51968/s
BM_main_graph$async_dispatch_41_system_elf_riscv_64_main_graph$async_dispatch_41_matmul_like_64x3136x128_f32/process_time/real_time               181 ms          523 ms            4 items_per_second=5.51871/s
BM_main_graph$async_dispatch_41_system_elf_riscv_64_main_graph$async_dispatch_41_matmul_like_64x3136x128_f32/process_time/real_time               181 ms          523 ms            4 items_per_second=5.52101/s
BM_main_graph$async_dispatch_41_system_elf_riscv_64_main_graph$async_dispatch_41_matmul_like_64x3136x128_f32/process_time/real_time               181 ms          523 ms            4 items_per_second=5.52059/s
BM_main_graph$async_dispatch_41_system_elf_riscv_64_main_graph$async_dispatch_41_matmul_like_64x3136x128_f32/process_time/real_time               181 ms          523 ms            4 items_per_second=5.52024/s
BM_main_graph$async_dispatch_41_system_elf_riscv_64_main_graph$async_dispatch_41_matmul_like_64x3136x128_f32/process_time/real_time               181 ms          523 ms            4 items_per_second=5.52074/s
BM_main_graph$async_dispatch_41_system_elf_riscv_64_main_graph$async_dispatch_41_matmul_like_64x3136x128_f32/process_time/real_time_mean          181 ms          523 ms           10 items_per_second=5.51988/s
BM_main_graph$async_dispatch_41_system_elf_riscv_64_main_graph$async_dispatch_41_matmul_like_64x3136x128_f32/process_time/real_time_median        181 ms          523 ms           10 items_per_second=5.52016/s
BM_main_graph$async_dispatch_41_system_elf_riscv_64_main_graph$async_dispatch_41_matmul_like_64x3136x128_f32/process_time/real_time_stddev      0.034 ms        0.326 ms           10 items_per_second=1.03497m/s
BM_main_graph$async_dispatch_41_system_elf_riscv_64_main_graph$async_dispatch_41_matmul_like_64x3136x128_f32/process_time/real_time_cv           0.02 %          0.06 %            10 items_per_second=0.02%
