2026-01-09T12:29:10.407088
Running tools/iree-benchmark-module --module=/home/dima/sched_vmfb/fastdepth_rvv/module_main_graph$async_dispatch_2_system_elf_riscv_64_benchmark.vmfb --device=local-task --function=main_graph$async_dispatch_2_system_elf_riscv_64_main_graph$async_dispatch_2_conv_112x112x32x3x3_f32 --input=1xi32=1 --task_topology_cpu_ids=0,1,2 --benchmark_repetitions=10
2026-01-09T12:29:10+08:00
Running tools/iree-benchmark-module
Run on (8 X 1600 MHz CPU s)
CPU Caches:
  L1 Instruction 32 KiB (x8)
  L1 Data 32 KiB (x8)
  L2 Unified 512 KiB (x2)
Load Average: 4.37, 3.79, 3.12
-----------------------------------------------------------------------------------------------------------------------------------------------------------------------------------------------
Benchmark                                                                                                                                     Time             CPU   Iterations UserCounters...
-----------------------------------------------------------------------------------------------------------------------------------------------------------------------------------------------
BM_main_graph$async_dispatch_2_system_elf_riscv_64_main_graph$async_dispatch_2_conv_112x112x32x3x3_f32/process_time/real_time              10.4 ms         27.7 ms           67 items_per_second=96.1508/s
BM_main_graph$async_dispatch_2_system_elf_riscv_64_main_graph$async_dispatch_2_conv_112x112x32x3x3_f32/process_time/real_time              10.4 ms         27.7 ms           67 items_per_second=96.1797/s
BM_main_graph$async_dispatch_2_system_elf_riscv_64_main_graph$async_dispatch_2_conv_112x112x32x3x3_f32/process_time/real_time              10.4 ms         27.7 ms           67 items_per_second=96.0323/s
BM_main_graph$async_dispatch_2_system_elf_riscv_64_main_graph$async_dispatch_2_conv_112x112x32x3x3_f32/process_time/real_time              10.4 ms         27.7 ms           67 items_per_second=96.2213/s
BM_main_graph$async_dispatch_2_system_elf_riscv_64_main_graph$async_dispatch_2_conv_112x112x32x3x3_f32/process_time/real_time              10.4 ms         27.7 ms           67 items_per_second=96.1052/s
BM_main_graph$async_dispatch_2_system_elf_riscv_64_main_graph$async_dispatch_2_conv_112x112x32x3x3_f32/process_time/real_time              10.4 ms         27.7 ms           67 items_per_second=96.135/s
BM_main_graph$async_dispatch_2_system_elf_riscv_64_main_graph$async_dispatch_2_conv_112x112x32x3x3_f32/process_time/real_time              10.5 ms         27.8 ms           67 items_per_second=95.3262/s
BM_main_graph$async_dispatch_2_system_elf_riscv_64_main_graph$async_dispatch_2_conv_112x112x32x3x3_f32/process_time/real_time              10.5 ms         27.8 ms           67 items_per_second=95.0409/s
BM_main_graph$async_dispatch_2_system_elf_riscv_64_main_graph$async_dispatch_2_conv_112x112x32x3x3_f32/process_time/real_time              10.5 ms         27.9 ms           67 items_per_second=94.9062/s
BM_main_graph$async_dispatch_2_system_elf_riscv_64_main_graph$async_dispatch_2_conv_112x112x32x3x3_f32/process_time/real_time              10.5 ms         27.9 ms           67 items_per_second=94.9914/s
BM_main_graph$async_dispatch_2_system_elf_riscv_64_main_graph$async_dispatch_2_conv_112x112x32x3x3_f32/process_time/real_time_mean         10.4 ms         27.8 ms           10 items_per_second=95.7089/s
BM_main_graph$async_dispatch_2_system_elf_riscv_64_main_graph$async_dispatch_2_conv_112x112x32x3x3_f32/process_time/real_time_median       10.4 ms         27.7 ms           10 items_per_second=96.0688/s
BM_main_graph$async_dispatch_2_system_elf_riscv_64_main_graph$async_dispatch_2_conv_112x112x32x3x3_f32/process_time/real_time_stddev      0.062 ms        0.077 ms           10 items_per_second=0.565151/s
BM_main_graph$async_dispatch_2_system_elf_riscv_64_main_graph$async_dispatch_2_conv_112x112x32x3x3_f32/process_time/real_time_cv           0.59 %          0.28 %            10 items_per_second=0.59%
