2026-01-09T12:29:17.559228
Running tools/iree-benchmark-module --module=/home/dima/sched_vmfb/fastdepth_rvv/module_main_graph$async_dispatch_30_system_elf_riscv_64_benchmark.vmfb --device=local-task --function=main_graph$async_dispatch_30_system_elf_riscv_64_main_graph$async_dispatch_30_matmul_like_1024x7x7x1024_f32 --input=1xi32=1 --task_topology_cpu_ids=0,1,2 --benchmark_repetitions=10
2026-01-09T12:29:17+08:00
Running tools/iree-benchmark-module
Run on (8 X 1600 MHz CPU s)
CPU Caches:
  L1 Instruction 32 KiB (x8)
  L1 Data 32 KiB (x8)
  L2 Unified 512 KiB (x2)
Load Average: 4.47, 3.83, 3.14
-------------------------------------------------------------------------------------------------------------------------------------------------------------------------------------------------------
Benchmark                                                                                                                                             Time             CPU   Iterations UserCounters...
-------------------------------------------------------------------------------------------------------------------------------------------------------------------------------------------------------
BM_main_graph$async_dispatch_30_system_elf_riscv_64_main_graph$async_dispatch_30_matmul_like_1024x7x7x1024_f32/process_time/real_time              54.0 ms          146 ms           13 items_per_second=18.5123/s
BM_main_graph$async_dispatch_30_system_elf_riscv_64_main_graph$async_dispatch_30_matmul_like_1024x7x7x1024_f32/process_time/real_time              53.7 ms          145 ms           13 items_per_second=18.6108/s
BM_main_graph$async_dispatch_30_system_elf_riscv_64_main_graph$async_dispatch_30_matmul_like_1024x7x7x1024_f32/process_time/real_time              53.9 ms          146 ms           13 items_per_second=18.5647/s
BM_main_graph$async_dispatch_30_system_elf_riscv_64_main_graph$async_dispatch_30_matmul_like_1024x7x7x1024_f32/process_time/real_time              53.9 ms          146 ms           13 items_per_second=18.5477/s
BM_main_graph$async_dispatch_30_system_elf_riscv_64_main_graph$async_dispatch_30_matmul_like_1024x7x7x1024_f32/process_time/real_time              53.8 ms          145 ms           13 items_per_second=18.5997/s
BM_main_graph$async_dispatch_30_system_elf_riscv_64_main_graph$async_dispatch_30_matmul_like_1024x7x7x1024_f32/process_time/real_time              53.8 ms          145 ms           13 items_per_second=18.6012/s
BM_main_graph$async_dispatch_30_system_elf_riscv_64_main_graph$async_dispatch_30_matmul_like_1024x7x7x1024_f32/process_time/real_time              54.0 ms          146 ms           13 items_per_second=18.5308/s
BM_main_graph$async_dispatch_30_system_elf_riscv_64_main_graph$async_dispatch_30_matmul_like_1024x7x7x1024_f32/process_time/real_time              53.8 ms          145 ms           13 items_per_second=18.6017/s
BM_main_graph$async_dispatch_30_system_elf_riscv_64_main_graph$async_dispatch_30_matmul_like_1024x7x7x1024_f32/process_time/real_time              53.8 ms          145 ms           13 items_per_second=18.5757/s
BM_main_graph$async_dispatch_30_system_elf_riscv_64_main_graph$async_dispatch_30_matmul_like_1024x7x7x1024_f32/process_time/real_time              53.8 ms          146 ms           13 items_per_second=18.5993/s
BM_main_graph$async_dispatch_30_system_elf_riscv_64_main_graph$async_dispatch_30_matmul_like_1024x7x7x1024_f32/process_time/real_time_mean         53.8 ms          146 ms           10 items_per_second=18.5744/s
BM_main_graph$async_dispatch_30_system_elf_riscv_64_main_graph$async_dispatch_30_matmul_like_1024x7x7x1024_f32/process_time/real_time_median       53.8 ms          146 ms           10 items_per_second=18.5875/s
BM_main_graph$async_dispatch_30_system_elf_riscv_64_main_graph$async_dispatch_30_matmul_like_1024x7x7x1024_f32/process_time/real_time_stddev      0.100 ms        0.228 ms           10 items_per_second=0.0343258/s
BM_main_graph$async_dispatch_30_system_elf_riscv_64_main_graph$async_dispatch_30_matmul_like_1024x7x7x1024_f32/process_time/real_time_cv           0.19 %          0.16 %            10 items_per_second=0.18%
