2026-01-09T12:30:29.800959
Running tools/iree-benchmark-module --module=/home/dima/sched_vmfb/fastdepth_rvv/module_main_graph$async_dispatch_3_system_elf_riscv_64_benchmark.vmfb --device=local-task --function=main_graph$async_dispatch_3_system_elf_riscv_64_main_graph$async_dispatch_3_matmul_like_64x12544x32_f32 --input=1xi32=1 --task_topology_cpu_ids=0,1,2 --benchmark_repetitions=10
2026-01-09T12:30:29+08:00
Running tools/iree-benchmark-module
Run on (8 X 1600 MHz CPU s)
CPU Caches:
  L1 Instruction 32 KiB (x8)
  L1 Data 32 KiB (x8)
  L2 Unified 512 KiB (x2)
Load Average: 4.65, 4.04, 3.27
---------------------------------------------------------------------------------------------------------------------------------------------------------------------------------------------------
Benchmark                                                                                                                                         Time             CPU   Iterations UserCounters...
---------------------------------------------------------------------------------------------------------------------------------------------------------------------------------------------------
BM_main_graph$async_dispatch_3_system_elf_riscv_64_main_graph$async_dispatch_3_matmul_like_64x12544x32_f32/process_time/real_time               183 ms          527 ms            4 items_per_second=5.47676/s
BM_main_graph$async_dispatch_3_system_elf_riscv_64_main_graph$async_dispatch_3_matmul_like_64x12544x32_f32/process_time/real_time               183 ms          528 ms            4 items_per_second=5.47743/s
BM_main_graph$async_dispatch_3_system_elf_riscv_64_main_graph$async_dispatch_3_matmul_like_64x12544x32_f32/process_time/real_time               183 ms          527 ms            4 items_per_second=5.47713/s
BM_main_graph$async_dispatch_3_system_elf_riscv_64_main_graph$async_dispatch_3_matmul_like_64x12544x32_f32/process_time/real_time               183 ms          527 ms            4 items_per_second=5.47523/s
BM_main_graph$async_dispatch_3_system_elf_riscv_64_main_graph$async_dispatch_3_matmul_like_64x12544x32_f32/process_time/real_time               183 ms          527 ms            4 items_per_second=5.47745/s
BM_main_graph$async_dispatch_3_system_elf_riscv_64_main_graph$async_dispatch_3_matmul_like_64x12544x32_f32/process_time/real_time               183 ms          527 ms            4 items_per_second=5.47853/s
BM_main_graph$async_dispatch_3_system_elf_riscv_64_main_graph$async_dispatch_3_matmul_like_64x12544x32_f32/process_time/real_time               183 ms          528 ms            4 items_per_second=5.47708/s
BM_main_graph$async_dispatch_3_system_elf_riscv_64_main_graph$async_dispatch_3_matmul_like_64x12544x32_f32/process_time/real_time               183 ms          527 ms            4 items_per_second=5.47772/s
BM_main_graph$async_dispatch_3_system_elf_riscv_64_main_graph$async_dispatch_3_matmul_like_64x12544x32_f32/process_time/real_time               183 ms          527 ms            4 items_per_second=5.47831/s
BM_main_graph$async_dispatch_3_system_elf_riscv_64_main_graph$async_dispatch_3_matmul_like_64x12544x32_f32/process_time/real_time               183 ms          528 ms            4 items_per_second=5.47571/s
BM_main_graph$async_dispatch_3_system_elf_riscv_64_main_graph$async_dispatch_3_matmul_like_64x12544x32_f32/process_time/real_time_mean          183 ms          527 ms           10 items_per_second=5.47714/s
BM_main_graph$async_dispatch_3_system_elf_riscv_64_main_graph$async_dispatch_3_matmul_like_64x12544x32_f32/process_time/real_time_median        183 ms          527 ms           10 items_per_second=5.47728/s
BM_main_graph$async_dispatch_3_system_elf_riscv_64_main_graph$async_dispatch_3_matmul_like_64x12544x32_f32/process_time/real_time_stddev      0.035 ms        0.323 ms           10 items_per_second=1.03614m/s
BM_main_graph$async_dispatch_3_system_elf_riscv_64_main_graph$async_dispatch_3_matmul_like_64x12544x32_f32/process_time/real_time_cv           0.02 %          0.06 %            10 items_per_second=0.02%
