2026-01-09T12:28:12.089269
Running tools/iree-benchmark-module --module=/home/dima/sched_vmfb/fastdepth_rvv/module_main_graph$async_dispatch_15_system_elf_riscv_64_benchmark.vmfb --device=local-task --function=main_graph$async_dispatch_15_system_elf_riscv_64_main_graph$async_dispatch_15_conv_14x14x256x3x3_f32 --input=1xi32=1 --task_topology_cpu_ids=0,1,2 --benchmark_repetitions=10
2026-01-09T12:28:12+08:00
Running tools/iree-benchmark-module
Run on (8 X 1600 MHz CPU s)
CPU Caches:
  L1 Instruction 32 KiB (x8)
  L1 Data 32 KiB (x8)
  L2 Unified 512 KiB (x2)
Load Average: 4.33, 3.65, 3.04
------------------------------------------------------------------------------------------------------------------------------------------------------------------------------------------------
Benchmark                                                                                                                                      Time             CPU   Iterations UserCounters...
------------------------------------------------------------------------------------------------------------------------------------------------------------------------------------------------
BM_main_graph$async_dispatch_15_system_elf_riscv_64_main_graph$async_dispatch_15_conv_14x14x256x3x3_f32/process_time/real_time              1.58 ms         4.11 ms          441 items_per_second=633.3/s
BM_main_graph$async_dispatch_15_system_elf_riscv_64_main_graph$async_dispatch_15_conv_14x14x256x3x3_f32/process_time/real_time              1.58 ms         4.11 ms          441 items_per_second=632.639/s
BM_main_graph$async_dispatch_15_system_elf_riscv_64_main_graph$async_dispatch_15_conv_14x14x256x3x3_f32/process_time/real_time              1.58 ms         4.11 ms          441 items_per_second=633.429/s
BM_main_graph$async_dispatch_15_system_elf_riscv_64_main_graph$async_dispatch_15_conv_14x14x256x3x3_f32/process_time/real_time              1.58 ms         4.12 ms          441 items_per_second=631.98/s
BM_main_graph$async_dispatch_15_system_elf_riscv_64_main_graph$async_dispatch_15_conv_14x14x256x3x3_f32/process_time/real_time              1.58 ms         4.12 ms          441 items_per_second=632.375/s
BM_main_graph$async_dispatch_15_system_elf_riscv_64_main_graph$async_dispatch_15_conv_14x14x256x3x3_f32/process_time/real_time              1.69 ms         4.15 ms          441 items_per_second=592.331/s
BM_main_graph$async_dispatch_15_system_elf_riscv_64_main_graph$async_dispatch_15_conv_14x14x256x3x3_f32/process_time/real_time              1.60 ms         4.14 ms          441 items_per_second=625.981/s
BM_main_graph$async_dispatch_15_system_elf_riscv_64_main_graph$async_dispatch_15_conv_14x14x256x3x3_f32/process_time/real_time              1.60 ms         4.15 ms          441 items_per_second=626.492/s
BM_main_graph$async_dispatch_15_system_elf_riscv_64_main_graph$async_dispatch_15_conv_14x14x256x3x3_f32/process_time/real_time              1.59 ms         4.14 ms          441 items_per_second=628.328/s
BM_main_graph$async_dispatch_15_system_elf_riscv_64_main_graph$async_dispatch_15_conv_14x14x256x3x3_f32/process_time/real_time              1.59 ms         4.14 ms          441 items_per_second=627.173/s
BM_main_graph$async_dispatch_15_system_elf_riscv_64_main_graph$async_dispatch_15_conv_14x14x256x3x3_f32/process_time/real_time_mean         1.60 ms         4.13 ms           10 items_per_second=626.403/s
BM_main_graph$async_dispatch_15_system_elf_riscv_64_main_graph$async_dispatch_15_conv_14x14x256x3x3_f32/process_time/real_time_median       1.59 ms         4.13 ms           10 items_per_second=630.154/s
BM_main_graph$async_dispatch_15_system_elf_riscv_64_main_graph$async_dispatch_15_conv_14x14x256x3x3_f32/process_time/real_time_stddev      0.033 ms        0.015 ms           10 items_per_second=12.3286/s
BM_main_graph$async_dispatch_15_system_elf_riscv_64_main_graph$async_dispatch_15_conv_14x14x256x3x3_f32/process_time/real_time_cv           2.06 %          0.37 %            10 items_per_second=1.97%
