2026-01-09T12:28:48.608897
Running tools/iree-benchmark-module --module=/home/dima/sched_vmfb/fastdepth_rvv/module_main_graph$async_dispatch_27_system_elf_riscv_64_benchmark.vmfb --device=local-task --function=main_graph$async_dispatch_27_system_elf_riscv_64_main_graph$async_dispatch_27_conv_7x7x512x3x3_f32 --input=1xi32=1 --task_topology_cpu_ids=0,1,2 --benchmark_repetitions=10
2026-01-09T12:28:48+08:00
Running tools/iree-benchmark-module
Run on (8 X 1600 MHz CPU s)
CPU Caches:
  L1 Instruction 32 KiB (x8)
  L1 Data 32 KiB (x8)
  L2 Unified 512 KiB (x2)
Load Average: 4.52, 3.77, 3.10
----------------------------------------------------------------------------------------------------------------------------------------------------------------------------------------------
Benchmark                                                                                                                                    Time             CPU   Iterations UserCounters...
----------------------------------------------------------------------------------------------------------------------------------------------------------------------------------------------
BM_main_graph$async_dispatch_27_system_elf_riscv_64_main_graph$async_dispatch_27_conv_7x7x512x3x3_f32/process_time/real_time             0.733 ms         1.85 ms          946 items_per_second=1.36396k/s
BM_main_graph$async_dispatch_27_system_elf_riscv_64_main_graph$async_dispatch_27_conv_7x7x512x3x3_f32/process_time/real_time             0.732 ms         1.85 ms          946 items_per_second=1.36552k/s
BM_main_graph$async_dispatch_27_system_elf_riscv_64_main_graph$async_dispatch_27_conv_7x7x512x3x3_f32/process_time/real_time             0.732 ms         1.85 ms          946 items_per_second=1.36657k/s
BM_main_graph$async_dispatch_27_system_elf_riscv_64_main_graph$async_dispatch_27_conv_7x7x512x3x3_f32/process_time/real_time             0.734 ms         1.85 ms          946 items_per_second=1.36296k/s
BM_main_graph$async_dispatch_27_system_elf_riscv_64_main_graph$async_dispatch_27_conv_7x7x512x3x3_f32/process_time/real_time             0.734 ms         1.85 ms          946 items_per_second=1.36268k/s
BM_main_graph$async_dispatch_27_system_elf_riscv_64_main_graph$async_dispatch_27_conv_7x7x512x3x3_f32/process_time/real_time             0.733 ms         1.85 ms          946 items_per_second=1.36428k/s
BM_main_graph$async_dispatch_27_system_elf_riscv_64_main_graph$async_dispatch_27_conv_7x7x512x3x3_f32/process_time/real_time             0.733 ms         1.85 ms          946 items_per_second=1.36469k/s
BM_main_graph$async_dispatch_27_system_elf_riscv_64_main_graph$async_dispatch_27_conv_7x7x512x3x3_f32/process_time/real_time             0.734 ms         1.85 ms          946 items_per_second=1.36285k/s
BM_main_graph$async_dispatch_27_system_elf_riscv_64_main_graph$async_dispatch_27_conv_7x7x512x3x3_f32/process_time/real_time             0.731 ms         1.84 ms          946 items_per_second=1.36758k/s
BM_main_graph$async_dispatch_27_system_elf_riscv_64_main_graph$async_dispatch_27_conv_7x7x512x3x3_f32/process_time/real_time             0.729 ms         1.84 ms          946 items_per_second=1.37146k/s
BM_main_graph$async_dispatch_27_system_elf_riscv_64_main_graph$async_dispatch_27_conv_7x7x512x3x3_f32/process_time/real_time_mean        0.732 ms         1.85 ms           10 items_per_second=1.36526k/s
BM_main_graph$async_dispatch_27_system_elf_riscv_64_main_graph$async_dispatch_27_conv_7x7x512x3x3_f32/process_time/real_time_median      0.733 ms         1.85 ms           10 items_per_second=1.36449k/s
BM_main_graph$async_dispatch_27_system_elf_riscv_64_main_graph$async_dispatch_27_conv_7x7x512x3x3_f32/process_time/real_time_stddev      0.001 ms        0.004 ms           10 items_per_second=2.71296/s
BM_main_graph$async_dispatch_27_system_elf_riscv_64_main_graph$async_dispatch_27_conv_7x7x512x3x3_f32/process_time/real_time_cv           0.20 %          0.22 %            10 items_per_second=0.20%
