2026-01-09T12:28:26.628238
Running tools/iree-benchmark-module --module=/home/dima/sched_vmfb/fastdepth_rvv/module_main_graph$async_dispatch_17_system_elf_riscv_64_benchmark.vmfb --device=local-task --function=main_graph$async_dispatch_17_system_elf_riscv_64_main_graph$async_dispatch_17_conv_14x14x512x3x3_f32 --input=1xi32=1 --task_topology_cpu_ids=0,1,2 --benchmark_repetitions=10
2026-01-09T12:28:26+08:00
Running tools/iree-benchmark-module
Run on (8 X 1600 MHz CPU s)
CPU Caches:
  L1 Instruction 32 KiB (x8)
  L1 Data 32 KiB (x8)
  L2 Unified 512 KiB (x2)
Load Average: 4.33, 3.69, 3.06
------------------------------------------------------------------------------------------------------------------------------------------------------------------------------------------------
Benchmark                                                                                                                                      Time             CPU   Iterations UserCounters...
------------------------------------------------------------------------------------------------------------------------------------------------------------------------------------------------
BM_main_graph$async_dispatch_17_system_elf_riscv_64_main_graph$async_dispatch_17_conv_14x14x512x3x3_f32/process_time/real_time              3.04 ms         7.90 ms          234 items_per_second=328.412/s
BM_main_graph$async_dispatch_17_system_elf_riscv_64_main_graph$async_dispatch_17_conv_14x14x512x3x3_f32/process_time/real_time              3.03 ms         7.88 ms          234 items_per_second=329.512/s
BM_main_graph$async_dispatch_17_system_elf_riscv_64_main_graph$async_dispatch_17_conv_14x14x512x3x3_f32/process_time/real_time              3.00 ms         7.82 ms          234 items_per_second=332.873/s
BM_main_graph$async_dispatch_17_system_elf_riscv_64_main_graph$async_dispatch_17_conv_14x14x512x3x3_f32/process_time/real_time              3.01 ms         7.84 ms          234 items_per_second=331.917/s
BM_main_graph$async_dispatch_17_system_elf_riscv_64_main_graph$async_dispatch_17_conv_14x14x512x3x3_f32/process_time/real_time              3.05 ms         7.90 ms          234 items_per_second=328.399/s
BM_main_graph$async_dispatch_17_system_elf_riscv_64_main_graph$async_dispatch_17_conv_14x14x512x3x3_f32/process_time/real_time              3.05 ms         7.89 ms          234 items_per_second=328.313/s
BM_main_graph$async_dispatch_17_system_elf_riscv_64_main_graph$async_dispatch_17_conv_14x14x512x3x3_f32/process_time/real_time              3.05 ms         7.91 ms          234 items_per_second=327.932/s
BM_main_graph$async_dispatch_17_system_elf_riscv_64_main_graph$async_dispatch_17_conv_14x14x512x3x3_f32/process_time/real_time              3.04 ms         7.89 ms          234 items_per_second=328.601/s
BM_main_graph$async_dispatch_17_system_elf_riscv_64_main_graph$async_dispatch_17_conv_14x14x512x3x3_f32/process_time/real_time              3.05 ms         7.89 ms          234 items_per_second=328.275/s
BM_main_graph$async_dispatch_17_system_elf_riscv_64_main_graph$async_dispatch_17_conv_14x14x512x3x3_f32/process_time/real_time              3.04 ms         7.89 ms          234 items_per_second=328.803/s
BM_main_graph$async_dispatch_17_system_elf_riscv_64_main_graph$async_dispatch_17_conv_14x14x512x3x3_f32/process_time/real_time_mean         3.04 ms         7.88 ms           10 items_per_second=329.304/s
BM_main_graph$async_dispatch_17_system_elf_riscv_64_main_graph$async_dispatch_17_conv_14x14x512x3x3_f32/process_time/real_time_median       3.04 ms         7.89 ms           10 items_per_second=328.506/s
BM_main_graph$async_dispatch_17_system_elf_riscv_64_main_graph$async_dispatch_17_conv_14x14x512x3x3_f32/process_time/real_time_stddev      0.016 ms        0.028 ms           10 items_per_second=1.69609/s
BM_main_graph$async_dispatch_17_system_elf_riscv_64_main_graph$async_dispatch_17_conv_14x14x512x3x3_f32/process_time/real_time_cv           0.51 %          0.35 %            10 items_per_second=0.52%
