2026-01-09T12:00:59.192379
Running tools/iree-benchmark-module --module=/home/dima/sched_vmfb/dronet_rvv/module_main_graph$async_dispatch_7_system_elf_riscv_64_benchmark.vmfb --device=local-task --function=main_graph$async_dispatch_7_system_elf_riscv_64_main_graph$async_dispatch_7_matmul_like_64x7x7x32_f32 --input=1xi32=1 --task_topology_cpu_ids=0 --benchmark_repetitions=10
2026-01-09T12:00:59+08:00
Running tools/iree-benchmark-module
Run on (8 X 1600 MHz CPU s)
CPU Caches:
  L1 Instruction 32 KiB (x8)
  L1 Data 32 KiB (x8)
  L2 Unified 512 KiB (x2)
Load Average: 2.89, 2.33, 2.11
-------------------------------------------------------------------------------------------------------------------------------------------------------------------------------------------------
Benchmark                                                                                                                                       Time             CPU   Iterations UserCounters...
-------------------------------------------------------------------------------------------------------------------------------------------------------------------------------------------------
BM_main_graph$async_dispatch_7_system_elf_riscv_64_main_graph$async_dispatch_7_matmul_like_64x7x7x32_f32/process_time/real_time             0.963 ms        0.968 ms          723 items_per_second=1.03844k/s
BM_main_graph$async_dispatch_7_system_elf_riscv_64_main_graph$async_dispatch_7_matmul_like_64x7x7x32_f32/process_time/real_time             0.960 ms        0.960 ms          723 items_per_second=1.04211k/s
BM_main_graph$async_dispatch_7_system_elf_riscv_64_main_graph$async_dispatch_7_matmul_like_64x7x7x32_f32/process_time/real_time             0.956 ms        0.956 ms          723 items_per_second=1.04645k/s
BM_main_graph$async_dispatch_7_system_elf_riscv_64_main_graph$async_dispatch_7_matmul_like_64x7x7x32_f32/process_time/real_time             0.963 ms        0.965 ms          723 items_per_second=1.03844k/s
BM_main_graph$async_dispatch_7_system_elf_riscv_64_main_graph$async_dispatch_7_matmul_like_64x7x7x32_f32/process_time/real_time             0.955 ms        0.955 ms          723 items_per_second=1.04724k/s
BM_main_graph$async_dispatch_7_system_elf_riscv_64_main_graph$async_dispatch_7_matmul_like_64x7x7x32_f32/process_time/real_time             0.955 ms        0.955 ms          723 items_per_second=1.04689k/s
BM_main_graph$async_dispatch_7_system_elf_riscv_64_main_graph$async_dispatch_7_matmul_like_64x7x7x32_f32/process_time/real_time             0.975 ms        0.980 ms          723 items_per_second=1.02612k/s
BM_main_graph$async_dispatch_7_system_elf_riscv_64_main_graph$async_dispatch_7_matmul_like_64x7x7x32_f32/process_time/real_time             0.975 ms        0.981 ms          723 items_per_second=1.02552k/s
BM_main_graph$async_dispatch_7_system_elf_riscv_64_main_graph$async_dispatch_7_matmul_like_64x7x7x32_f32/process_time/real_time             0.975 ms        0.981 ms          723 items_per_second=1.02571k/s
BM_main_graph$async_dispatch_7_system_elf_riscv_64_main_graph$async_dispatch_7_matmul_like_64x7x7x32_f32/process_time/real_time             0.981 ms        0.987 ms          723 items_per_second=1.01982k/s
BM_main_graph$async_dispatch_7_system_elf_riscv_64_main_graph$async_dispatch_7_matmul_like_64x7x7x32_f32/process_time/real_time_mean        0.966 ms        0.969 ms           10 items_per_second=1.03567k/s
BM_main_graph$async_dispatch_7_system_elf_riscv_64_main_graph$async_dispatch_7_matmul_like_64x7x7x32_f32/process_time/real_time_median      0.963 ms        0.967 ms           10 items_per_second=1.03844k/s
BM_main_graph$async_dispatch_7_system_elf_riscv_64_main_graph$async_dispatch_7_matmul_like_64x7x7x32_f32/process_time/real_time_stddev      0.010 ms        0.013 ms           10 items_per_second=10.4218/s
BM_main_graph$async_dispatch_7_system_elf_riscv_64_main_graph$async_dispatch_7_matmul_like_64x7x7x32_f32/process_time/real_time_cv           1.01 %          1.31 %            10 items_per_second=1.01%
