2026-01-09T12:00:37.806352
Running tools/iree-benchmark-module --module=/home/dima/sched_vmfb/dronet_rvv/module_main_graph$async_dispatch_4_system_elf_riscv_64_benchmark.vmfb --device=local-task --function=main_graph$async_dispatch_4_system_elf_riscv_64_main_graph$async_dispatch_4_matmul_like_32x14x14x32_f32 --input=1xi32=1 --task_topology_cpu_ids=0 --benchmark_repetitions=10
2026-01-09T12:00:37+08:00
Running tools/iree-benchmark-module
Run on (8 X 1600 MHz CPU s)
CPU Caches:
  L1 Instruction 32 KiB (x8)
  L1 Data 32 KiB (x8)
  L2 Unified 512 KiB (x2)
Load Average: 2.84, 2.28, 2.09
---------------------------------------------------------------------------------------------------------------------------------------------------------------------------------------------------
Benchmark                                                                                                                                         Time             CPU   Iterations UserCounters...
---------------------------------------------------------------------------------------------------------------------------------------------------------------------------------------------------
BM_main_graph$async_dispatch_4_system_elf_riscv_64_main_graph$async_dispatch_4_matmul_like_32x14x14x32_f32/process_time/real_time              1.56 ms         1.56 ms          450 items_per_second=642.104/s
BM_main_graph$async_dispatch_4_system_elf_riscv_64_main_graph$async_dispatch_4_matmul_like_32x14x14x32_f32/process_time/real_time              1.56 ms         1.56 ms          450 items_per_second=642.966/s
BM_main_graph$async_dispatch_4_system_elf_riscv_64_main_graph$async_dispatch_4_matmul_like_32x14x14x32_f32/process_time/real_time              1.56 ms         1.57 ms          450 items_per_second=639.337/s
BM_main_graph$async_dispatch_4_system_elf_riscv_64_main_graph$async_dispatch_4_matmul_like_32x14x14x32_f32/process_time/real_time              1.56 ms         1.56 ms          450 items_per_second=642.698/s
BM_main_graph$async_dispatch_4_system_elf_riscv_64_main_graph$async_dispatch_4_matmul_like_32x14x14x32_f32/process_time/real_time              1.56 ms         1.56 ms          450 items_per_second=641.86/s
BM_main_graph$async_dispatch_4_system_elf_riscv_64_main_graph$async_dispatch_4_matmul_like_32x14x14x32_f32/process_time/real_time              1.56 ms         1.57 ms          450 items_per_second=640.203/s
BM_main_graph$async_dispatch_4_system_elf_riscv_64_main_graph$async_dispatch_4_matmul_like_32x14x14x32_f32/process_time/real_time              1.56 ms         1.56 ms          450 items_per_second=641.521/s
BM_main_graph$async_dispatch_4_system_elf_riscv_64_main_graph$async_dispatch_4_matmul_like_32x14x14x32_f32/process_time/real_time              1.56 ms         1.56 ms          450 items_per_second=642.716/s
BM_main_graph$async_dispatch_4_system_elf_riscv_64_main_graph$async_dispatch_4_matmul_like_32x14x14x32_f32/process_time/real_time              1.56 ms         1.57 ms          450 items_per_second=639.493/s
BM_main_graph$async_dispatch_4_system_elf_riscv_64_main_graph$async_dispatch_4_matmul_like_32x14x14x32_f32/process_time/real_time              1.56 ms         1.56 ms          450 items_per_second=642.866/s
BM_main_graph$async_dispatch_4_system_elf_riscv_64_main_graph$async_dispatch_4_matmul_like_32x14x14x32_f32/process_time/real_time_mean         1.56 ms         1.56 ms           10 items_per_second=641.576/s
BM_main_graph$async_dispatch_4_system_elf_riscv_64_main_graph$async_dispatch_4_matmul_like_32x14x14x32_f32/process_time/real_time_median       1.56 ms         1.56 ms           10 items_per_second=641.982/s
BM_main_graph$async_dispatch_4_system_elf_riscv_64_main_graph$async_dispatch_4_matmul_like_32x14x14x32_f32/process_time/real_time_stddev      0.003 ms        0.004 ms           10 items_per_second=1.40444/s
BM_main_graph$async_dispatch_4_system_elf_riscv_64_main_graph$async_dispatch_4_matmul_like_32x14x14x32_f32/process_time/real_time_cv           0.22 %          0.24 %            10 items_per_second=0.22%
