2026-01-09T08:24:35.477479
Running tools/iree-benchmark-module --module=/home/dima/sched_vmfb/glpdepth_scalar/module_main_graph$async_dispatch_13_embedded_elf_riscv_64_benchmark.vmfb --device=local-task --function=main_graph$async_dispatch_13_embedded_elf_riscv_64_main_graph$async_dispatch_13_reduction_3136x32_f32 --input=1xi32=1 --task_topology_cpu_ids=0,1 --benchmark_repetitions=10
2026-01-09T08:24:35+08:00
Running tools/iree-benchmark-module
Run on (8 X 1600 MHz CPU s)
CPU Caches:
  L1 Instruction 32 KiB (x8)
  L1 Data 32 KiB (x8)
  L2 Unified 512 KiB (x2)
Load Average: 3.88, 3.49, 2.95
-------------------------------------------------------------------------------------------------------------------------------------------------------------------------------------------------
Benchmark                                                                                                                                       Time             CPU   Iterations UserCounters...
-------------------------------------------------------------------------------------------------------------------------------------------------------------------------------------------------
BM_main_graph$async_dispatch_13_embedded_elf_riscv_64_main_graph$async_dispatch_13_reduction_3136x32_f32/process_time/real_time             1.000 ms         1.88 ms          702 items_per_second=1.00038k/s
BM_main_graph$async_dispatch_13_embedded_elf_riscv_64_main_graph$async_dispatch_13_reduction_3136x32_f32/process_time/real_time              1.00 ms         1.88 ms          702 items_per_second=998.758/s
BM_main_graph$async_dispatch_13_embedded_elf_riscv_64_main_graph$async_dispatch_13_reduction_3136x32_f32/process_time/real_time             1.000 ms         1.88 ms          702 items_per_second=1.0002k/s
BM_main_graph$async_dispatch_13_embedded_elf_riscv_64_main_graph$async_dispatch_13_reduction_3136x32_f32/process_time/real_time              1.00 ms         1.88 ms          702 items_per_second=998.265/s
BM_main_graph$async_dispatch_13_embedded_elf_riscv_64_main_graph$async_dispatch_13_reduction_3136x32_f32/process_time/real_time              1.00 ms         1.88 ms          702 items_per_second=998.832/s
BM_main_graph$async_dispatch_13_embedded_elf_riscv_64_main_graph$async_dispatch_13_reduction_3136x32_f32/process_time/real_time              1.00 ms         1.88 ms          702 items_per_second=0.999095k/s
BM_main_graph$async_dispatch_13_embedded_elf_riscv_64_main_graph$async_dispatch_13_reduction_3136x32_f32/process_time/real_time             0.997 ms         1.88 ms          702 items_per_second=1.00299k/s
BM_main_graph$async_dispatch_13_embedded_elf_riscv_64_main_graph$async_dispatch_13_reduction_3136x32_f32/process_time/real_time              1.00 ms         1.88 ms          702 items_per_second=998.535/s
BM_main_graph$async_dispatch_13_embedded_elf_riscv_64_main_graph$async_dispatch_13_reduction_3136x32_f32/process_time/real_time             0.994 ms         1.87 ms          702 items_per_second=1.00602k/s
BM_main_graph$async_dispatch_13_embedded_elf_riscv_64_main_graph$async_dispatch_13_reduction_3136x32_f32/process_time/real_time             0.999 ms         1.88 ms          702 items_per_second=1.00111k/s
BM_main_graph$async_dispatch_13_embedded_elf_riscv_64_main_graph$async_dispatch_13_reduction_3136x32_f32/process_time/real_time_mean        1.000 ms         1.88 ms           10 items_per_second=1.00042k/s
BM_main_graph$async_dispatch_13_embedded_elf_riscv_64_main_graph$async_dispatch_13_reduction_3136x32_f32/process_time/real_time_median       1.00 ms         1.88 ms           10 items_per_second=0.999646k/s
BM_main_graph$async_dispatch_13_embedded_elf_riscv_64_main_graph$async_dispatch_13_reduction_3136x32_f32/process_time/real_time_stddev      0.002 ms        0.004 ms           10 items_per_second=2.44189/s
BM_main_graph$async_dispatch_13_embedded_elf_riscv_64_main_graph$async_dispatch_13_reduction_3136x32_f32/process_time/real_time_cv           0.24 %          0.19 %            10 items_per_second=0.24%
