2026-01-09T08:32:47.815158
Running tools/iree-benchmark-module --module=/home/dima/sched_vmfb/glpdepth_scalar/module_main_graph$async_dispatch_82_embedded_elf_riscv_64_benchmark.vmfb --device=local-task --function=main_graph$async_dispatch_82_embedded_elf_riscv_64_main_graph$async_dispatch_82_matmul_like_196x160x640_f32 --input=1xi32=1 --task_topology_cpu_ids=0,1 --benchmark_repetitions=10
2026-01-09T08:32:47+08:00
Running tools/iree-benchmark-module
Run on (8 X 1600 MHz CPU s)
CPU Caches:
  L1 Instruction 32 KiB (x8)
  L1 Data 32 KiB (x8)
  L2 Unified 512 KiB (x2)
Load Average: 3.85, 3.87, 3.39
-------------------------------------------------------------------------------------------------------------------------------------------------------------------------------------------------------
Benchmark                                                                                                                                             Time             CPU   Iterations UserCounters...
-------------------------------------------------------------------------------------------------------------------------------------------------------------------------------------------------------
BM_main_graph$async_dispatch_82_embedded_elf_riscv_64_main_graph$async_dispatch_82_matmul_like_196x160x640_f32/process_time/real_time              10.6 ms         17.8 ms           66 items_per_second=94.3181/s
BM_main_graph$async_dispatch_82_embedded_elf_riscv_64_main_graph$async_dispatch_82_matmul_like_196x160x640_f32/process_time/real_time              10.6 ms         17.8 ms           66 items_per_second=94.2357/s
BM_main_graph$async_dispatch_82_embedded_elf_riscv_64_main_graph$async_dispatch_82_matmul_like_196x160x640_f32/process_time/real_time              10.6 ms         17.8 ms           66 items_per_second=94.283/s
BM_main_graph$async_dispatch_82_embedded_elf_riscv_64_main_graph$async_dispatch_82_matmul_like_196x160x640_f32/process_time/real_time              10.6 ms         17.8 ms           66 items_per_second=94.2458/s
BM_main_graph$async_dispatch_82_embedded_elf_riscv_64_main_graph$async_dispatch_82_matmul_like_196x160x640_f32/process_time/real_time              10.6 ms         17.8 ms           66 items_per_second=94.4812/s
BM_main_graph$async_dispatch_82_embedded_elf_riscv_64_main_graph$async_dispatch_82_matmul_like_196x160x640_f32/process_time/real_time              10.6 ms         17.8 ms           66 items_per_second=94.2923/s
BM_main_graph$async_dispatch_82_embedded_elf_riscv_64_main_graph$async_dispatch_82_matmul_like_196x160x640_f32/process_time/real_time              10.6 ms         17.8 ms           66 items_per_second=94.3324/s
BM_main_graph$async_dispatch_82_embedded_elf_riscv_64_main_graph$async_dispatch_82_matmul_like_196x160x640_f32/process_time/real_time              10.6 ms         17.8 ms           66 items_per_second=94.3732/s
BM_main_graph$async_dispatch_82_embedded_elf_riscv_64_main_graph$async_dispatch_82_matmul_like_196x160x640_f32/process_time/real_time              10.6 ms         17.7 ms           66 items_per_second=94.4114/s
BM_main_graph$async_dispatch_82_embedded_elf_riscv_64_main_graph$async_dispatch_82_matmul_like_196x160x640_f32/process_time/real_time              10.6 ms         17.7 ms           66 items_per_second=94.4779/s
BM_main_graph$async_dispatch_82_embedded_elf_riscv_64_main_graph$async_dispatch_82_matmul_like_196x160x640_f32/process_time/real_time_mean         10.6 ms         17.8 ms           10 items_per_second=94.3451/s
BM_main_graph$async_dispatch_82_embedded_elf_riscv_64_main_graph$async_dispatch_82_matmul_like_196x160x640_f32/process_time/real_time_median       10.6 ms         17.8 ms           10 items_per_second=94.3253/s
BM_main_graph$async_dispatch_82_embedded_elf_riscv_64_main_graph$async_dispatch_82_matmul_like_196x160x640_f32/process_time/real_time_stddev      0.010 ms        0.021 ms           10 items_per_second=0.0886355/s
BM_main_graph$async_dispatch_82_embedded_elf_riscv_64_main_graph$async_dispatch_82_matmul_like_196x160x640_f32/process_time/real_time_cv           0.09 %          0.12 %            10 items_per_second=0.09%
