2026-01-09T08:32:03.994412
Running tools/iree-benchmark-module --module=/home/dima/sched_vmfb/glpdepth_scalar/module_main_graph$async_dispatch_77_embedded_elf_riscv_64_benchmark.vmfb --device=local-task --function=main_graph$async_dispatch_77_embedded_elf_riscv_64_main_graph$async_dispatch_77_matmul_like_196x5x32x49_f32 --input=1xi32=1 --task_topology_cpu_ids=0,1 --benchmark_repetitions=10
2026-01-09T08:32:04+08:00
Running tools/iree-benchmark-module
Run on (8 X 1600 MHz CPU s)
CPU Caches:
  L1 Instruction 32 KiB (x8)
  L1 Data 32 KiB (x8)
  L2 Unified 512 KiB (x2)
Load Average: 3.91, 3.88, 3.37
-------------------------------------------------------------------------------------------------------------------------------------------------------------------------------------------------------
Benchmark                                                                                                                                             Time             CPU   Iterations UserCounters...
-------------------------------------------------------------------------------------------------------------------------------------------------------------------------------------------------------
BM_main_graph$async_dispatch_77_embedded_elf_riscv_64_main_graph$async_dispatch_77_matmul_like_196x5x32x49_f32/process_time/real_time              2.30 ms         4.47 ms          296 items_per_second=435.726/s
BM_main_graph$async_dispatch_77_embedded_elf_riscv_64_main_graph$async_dispatch_77_matmul_like_196x5x32x49_f32/process_time/real_time              2.28 ms         4.45 ms          296 items_per_second=438.066/s
BM_main_graph$async_dispatch_77_embedded_elf_riscv_64_main_graph$async_dispatch_77_matmul_like_196x5x32x49_f32/process_time/real_time              2.29 ms         4.46 ms          296 items_per_second=436.547/s
BM_main_graph$async_dispatch_77_embedded_elf_riscv_64_main_graph$async_dispatch_77_matmul_like_196x5x32x49_f32/process_time/real_time              2.29 ms         4.47 ms          296 items_per_second=437.079/s
BM_main_graph$async_dispatch_77_embedded_elf_riscv_64_main_graph$async_dispatch_77_matmul_like_196x5x32x49_f32/process_time/real_time              2.27 ms         4.42 ms          296 items_per_second=441.382/s
BM_main_graph$async_dispatch_77_embedded_elf_riscv_64_main_graph$async_dispatch_77_matmul_like_196x5x32x49_f32/process_time/real_time              2.28 ms         4.45 ms          296 items_per_second=438.313/s
BM_main_graph$async_dispatch_77_embedded_elf_riscv_64_main_graph$async_dispatch_77_matmul_like_196x5x32x49_f32/process_time/real_time              2.26 ms         4.41 ms          296 items_per_second=442.559/s
BM_main_graph$async_dispatch_77_embedded_elf_riscv_64_main_graph$async_dispatch_77_matmul_like_196x5x32x49_f32/process_time/real_time              2.29 ms         4.47 ms          296 items_per_second=436.343/s
BM_main_graph$async_dispatch_77_embedded_elf_riscv_64_main_graph$async_dispatch_77_matmul_like_196x5x32x49_f32/process_time/real_time              2.27 ms         4.43 ms          296 items_per_second=440.776/s
BM_main_graph$async_dispatch_77_embedded_elf_riscv_64_main_graph$async_dispatch_77_matmul_like_196x5x32x49_f32/process_time/real_time              2.29 ms         4.46 ms          296 items_per_second=436.791/s
BM_main_graph$async_dispatch_77_embedded_elf_riscv_64_main_graph$async_dispatch_77_matmul_like_196x5x32x49_f32/process_time/real_time_mean         2.28 ms         4.45 ms           10 items_per_second=438.358/s
BM_main_graph$async_dispatch_77_embedded_elf_riscv_64_main_graph$async_dispatch_77_matmul_like_196x5x32x49_f32/process_time/real_time_median       2.29 ms         4.46 ms           10 items_per_second=437.572/s
BM_main_graph$async_dispatch_77_embedded_elf_riscv_64_main_graph$async_dispatch_77_matmul_like_196x5x32x49_f32/process_time/real_time_stddev      0.012 ms        0.022 ms           10 items_per_second=2.38244/s
BM_main_graph$async_dispatch_77_embedded_elf_riscv_64_main_graph$async_dispatch_77_matmul_like_196x5x32x49_f32/process_time/real_time_cv           0.54 %          0.49 %            10 items_per_second=0.54%
