2026-01-09T08:30:29.648719
Running tools/iree-benchmark-module --module=/home/dima/sched_vmfb/glpdepth_scalar/module_main_graph$async_dispatch_65_embedded_elf_riscv_64_benchmark.vmfb --device=local-task --function=main_graph$async_dispatch_65_embedded_elf_riscv_64_main_graph$async_dispatch_65_reduction_784x64_f32 --input=1xi32=1 --task_topology_cpu_ids=0,1 --benchmark_repetitions=10
2026-01-09T08:30:29+08:00
Running tools/iree-benchmark-module
Run on (8 X 1600 MHz CPU s)
CPU Caches:
  L1 Instruction 32 KiB (x8)
  L1 Data 32 KiB (x8)
  L2 Unified 512 KiB (x2)
Load Average: 4.12, 3.90, 3.31
------------------------------------------------------------------------------------------------------------------------------------------------------------------------------------------------
Benchmark                                                                                                                                      Time             CPU   Iterations UserCounters...
------------------------------------------------------------------------------------------------------------------------------------------------------------------------------------------------
BM_main_graph$async_dispatch_65_embedded_elf_riscv_64_main_graph$async_dispatch_65_reduction_784x64_f32/process_time/real_time              1.49 ms         2.56 ms          472 items_per_second=669.586/s
BM_main_graph$async_dispatch_65_embedded_elf_riscv_64_main_graph$async_dispatch_65_reduction_784x64_f32/process_time/real_time              1.48 ms         2.56 ms          472 items_per_second=675.021/s
BM_main_graph$async_dispatch_65_embedded_elf_riscv_64_main_graph$async_dispatch_65_reduction_784x64_f32/process_time/real_time              1.48 ms         2.56 ms          472 items_per_second=674.628/s
BM_main_graph$async_dispatch_65_embedded_elf_riscv_64_main_graph$async_dispatch_65_reduction_784x64_f32/process_time/real_time              1.50 ms         2.57 ms          472 items_per_second=667.812/s
BM_main_graph$async_dispatch_65_embedded_elf_riscv_64_main_graph$async_dispatch_65_reduction_784x64_f32/process_time/real_time              1.48 ms         2.56 ms          472 items_per_second=675.401/s
BM_main_graph$async_dispatch_65_embedded_elf_riscv_64_main_graph$async_dispatch_65_reduction_784x64_f32/process_time/real_time              1.49 ms         2.56 ms          472 items_per_second=669.857/s
BM_main_graph$async_dispatch_65_embedded_elf_riscv_64_main_graph$async_dispatch_65_reduction_784x64_f32/process_time/real_time              1.48 ms         2.56 ms          472 items_per_second=676.555/s
BM_main_graph$async_dispatch_65_embedded_elf_riscv_64_main_graph$async_dispatch_65_reduction_784x64_f32/process_time/real_time              1.48 ms         2.56 ms          472 items_per_second=674.39/s
BM_main_graph$async_dispatch_65_embedded_elf_riscv_64_main_graph$async_dispatch_65_reduction_784x64_f32/process_time/real_time              1.49 ms         2.56 ms          472 items_per_second=669.173/s
BM_main_graph$async_dispatch_65_embedded_elf_riscv_64_main_graph$async_dispatch_65_reduction_784x64_f32/process_time/real_time              1.48 ms         2.56 ms          472 items_per_second=677.594/s
BM_main_graph$async_dispatch_65_embedded_elf_riscv_64_main_graph$async_dispatch_65_reduction_784x64_f32/process_time/real_time_mean         1.49 ms         2.56 ms           10 items_per_second=673.002/s
BM_main_graph$async_dispatch_65_embedded_elf_riscv_64_main_graph$async_dispatch_65_reduction_784x64_f32/process_time/real_time_median       1.48 ms         2.56 ms           10 items_per_second=674.509/s
BM_main_graph$async_dispatch_65_embedded_elf_riscv_64_main_graph$async_dispatch_65_reduction_784x64_f32/process_time/real_time_stddev      0.008 ms        0.004 ms           10 items_per_second=3.51613/s
BM_main_graph$async_dispatch_65_embedded_elf_riscv_64_main_graph$async_dispatch_65_reduction_784x64_f32/process_time/real_time_cv           0.52 %          0.16 %            10 items_per_second=0.52%
