2026-01-09T08:26:15.935222
Running tools/iree-benchmark-module --module=/home/dima/sched_vmfb/glpdepth_scalar/module_main_graph$async_dispatch_152_embedded_elf_riscv_64_benchmark.vmfb --device=local-task --function=main_graph$async_dispatch_152_embedded_elf_riscv_64_main_graph$async_dispatch_152_conv_64x224x224x64x3x3_f32 --input=1xi32=1 --task_topology_cpu_ids=0,1 --benchmark_repetitions=10
2026-01-09T08:26:15+08:00
Running tools/iree-benchmark-module
Run on (8 X 1600 MHz CPU s)
CPU Caches:
  L1 Instruction 32 KiB (x8)
  L1 Data 32 KiB (x8)
  L2 Unified 512 KiB (x2)
Load Average: 4.00, 3.64, 3.06
--------------------------------------------------------------------------------------------------------------------------------------------------------------------------------------------------------
Benchmark                                                                                                                                              Time             CPU   Iterations UserCounters...
--------------------------------------------------------------------------------------------------------------------------------------------------------------------------------------------------------
BM_main_graph$async_dispatch_152_embedded_elf_riscv_64_main_graph$async_dispatch_152_conv_64x224x224x64x3x3_f32/process_time/real_time              6355 ms        12458 ms            1 items_per_second=0.157365/s
BM_main_graph$async_dispatch_152_embedded_elf_riscv_64_main_graph$async_dispatch_152_conv_64x224x224x64x3x3_f32/process_time/real_time              6341 ms        12428 ms            1 items_per_second=0.157713/s
BM_main_graph$async_dispatch_152_embedded_elf_riscv_64_main_graph$async_dispatch_152_conv_64x224x224x64x3x3_f32/process_time/real_time              6341 ms        12429 ms            1 items_per_second=0.15771/s
BM_main_graph$async_dispatch_152_embedded_elf_riscv_64_main_graph$async_dispatch_152_conv_64x224x224x64x3x3_f32/process_time/real_time              6342 ms        12430 ms            1 items_per_second=0.157672/s
BM_main_graph$async_dispatch_152_embedded_elf_riscv_64_main_graph$async_dispatch_152_conv_64x224x224x64x3x3_f32/process_time/real_time              6354 ms        12443 ms            1 items_per_second=0.157379/s
BM_main_graph$async_dispatch_152_embedded_elf_riscv_64_main_graph$async_dispatch_152_conv_64x224x224x64x3x3_f32/process_time/real_time              6375 ms        12515 ms            1 items_per_second=0.156854/s
BM_main_graph$async_dispatch_152_embedded_elf_riscv_64_main_graph$async_dispatch_152_conv_64x224x224x64x3x3_f32/process_time/real_time              6380 ms        12540 ms            1 items_per_second=0.156732/s
BM_main_graph$async_dispatch_152_embedded_elf_riscv_64_main_graph$async_dispatch_152_conv_64x224x224x64x3x3_f32/process_time/real_time              6352 ms        12456 ms            1 items_per_second=0.157435/s
BM_main_graph$async_dispatch_152_embedded_elf_riscv_64_main_graph$async_dispatch_152_conv_64x224x224x64x3x3_f32/process_time/real_time              6342 ms        12428 ms            1 items_per_second=0.157691/s
BM_main_graph$async_dispatch_152_embedded_elf_riscv_64_main_graph$async_dispatch_152_conv_64x224x224x64x3x3_f32/process_time/real_time              6347 ms        12434 ms            1 items_per_second=0.157552/s
BM_main_graph$async_dispatch_152_embedded_elf_riscv_64_main_graph$async_dispatch_152_conv_64x224x224x64x3x3_f32/process_time/real_time_mean         6353 ms        12456 ms           10 items_per_second=0.15741/s
BM_main_graph$async_dispatch_152_embedded_elf_riscv_64_main_graph$async_dispatch_152_conv_64x224x224x64x3x3_f32/process_time/real_time_median       6349 ms        12438 ms           10 items_per_second=0.157494/s
BM_main_graph$async_dispatch_152_embedded_elf_riscv_64_main_graph$async_dispatch_152_conv_64x224x224x64x3x3_f32/process_time/real_time_stddev       14.3 ms         39.7 ms           10 items_per_second=353.026u/s
BM_main_graph$async_dispatch_152_embedded_elf_riscv_64_main_graph$async_dispatch_152_conv_64x224x224x64x3x3_f32/process_time/real_time_cv           0.22 %          0.32 %            10 items_per_second=0.22%
