2026-01-09T08:25:18.342127
Running tools/iree-benchmark-module --module=/home/dima/sched_vmfb/glpdepth_scalar/module_main_graph$async_dispatch_145_embedded_elf_riscv_64_benchmark.vmfb --device=local-task --function=main_graph$async_dispatch_145_embedded_elf_riscv_64_main_graph$async_dispatch_145_slow_memcpy --input=1xi32=1 --task_topology_cpu_ids=0,1 --benchmark_repetitions=10
2026-01-09T08:25:18+08:00
Running tools/iree-benchmark-module
Run on (8 X 1600 MHz CPU s)
CPU Caches:
  L1 Instruction 32 KiB (x8)
  L1 Data 32 KiB (x8)
  L2 Unified 512 KiB (x2)
Load Average: 3.93, 3.55, 3.00
-----------------------------------------------------------------------------------------------------------------------------------------------------------------------------------------
Benchmark                                                                                                                               Time             CPU   Iterations UserCounters...
-----------------------------------------------------------------------------------------------------------------------------------------------------------------------------------------
BM_main_graph$async_dispatch_145_embedded_elf_riscv_64_main_graph$async_dispatch_145_slow_memcpy/process_time/real_time              2.27 ms         4.38 ms          308 items_per_second=441.116/s
BM_main_graph$async_dispatch_145_embedded_elf_riscv_64_main_graph$async_dispatch_145_slow_memcpy/process_time/real_time              2.28 ms         4.40 ms          308 items_per_second=438.761/s
BM_main_graph$async_dispatch_145_embedded_elf_riscv_64_main_graph$async_dispatch_145_slow_memcpy/process_time/real_time              2.25 ms         4.36 ms          308 items_per_second=444.134/s
BM_main_graph$async_dispatch_145_embedded_elf_riscv_64_main_graph$async_dispatch_145_slow_memcpy/process_time/real_time              2.27 ms         4.38 ms          308 items_per_second=440.641/s
BM_main_graph$async_dispatch_145_embedded_elf_riscv_64_main_graph$async_dispatch_145_slow_memcpy/process_time/real_time              2.26 ms         4.38 ms          308 items_per_second=442.311/s
BM_main_graph$async_dispatch_145_embedded_elf_riscv_64_main_graph$async_dispatch_145_slow_memcpy/process_time/real_time              2.26 ms         4.37 ms          308 items_per_second=443.064/s
BM_main_graph$async_dispatch_145_embedded_elf_riscv_64_main_graph$async_dispatch_145_slow_memcpy/process_time/real_time              2.25 ms         4.37 ms          308 items_per_second=443.524/s
BM_main_graph$async_dispatch_145_embedded_elf_riscv_64_main_graph$async_dispatch_145_slow_memcpy/process_time/real_time              2.27 ms         4.38 ms          308 items_per_second=440.998/s
BM_main_graph$async_dispatch_145_embedded_elf_riscv_64_main_graph$async_dispatch_145_slow_memcpy/process_time/real_time              2.27 ms         4.37 ms          308 items_per_second=440.858/s
BM_main_graph$async_dispatch_145_embedded_elf_riscv_64_main_graph$async_dispatch_145_slow_memcpy/process_time/real_time              2.27 ms         4.38 ms          308 items_per_second=440.723/s
BM_main_graph$async_dispatch_145_embedded_elf_riscv_64_main_graph$async_dispatch_145_slow_memcpy/process_time/real_time_mean         2.26 ms         4.38 ms           10 items_per_second=441.613/s
BM_main_graph$async_dispatch_145_embedded_elf_riscv_64_main_graph$async_dispatch_145_slow_memcpy/process_time/real_time_median       2.27 ms         4.38 ms           10 items_per_second=441.057/s
BM_main_graph$async_dispatch_145_embedded_elf_riscv_64_main_graph$async_dispatch_145_slow_memcpy/process_time/real_time_stddev      0.008 ms        0.011 ms           10 items_per_second=1.62166/s
BM_main_graph$async_dispatch_145_embedded_elf_riscv_64_main_graph$async_dispatch_145_slow_memcpy/process_time/real_time_cv           0.37 %          0.26 %            10 items_per_second=0.37%
