2026-01-09T08:32:54.951683
Running tools/iree-benchmark-module --module=/home/dima/sched_vmfb/glpdepth_scalar/module_main_graph$async_dispatch_8_embedded_elf_riscv_64_benchmark.vmfb --device=local-task --function=main_graph$async_dispatch_8_embedded_elf_riscv_64_main_graph$async_dispatch_8_elementwise_broadcast_1568_f32 --input=1xi32=1 --task_topology_cpu_ids=0,1 --benchmark_repetitions=10
2026-01-09T08:32:54+08:00
Running tools/iree-benchmark-module
Run on (8 X 1600 MHz CPU s)
CPU Caches:
  L1 Instruction 32 KiB (x8)
  L1 Data 32 KiB (x8)
  L2 Unified 512 KiB (x2)
Load Average: 3.86, 3.87, 3.39
--------------------------------------------------------------------------------------------------------------------------------------------------------------------------------------------------------
Benchmark                                                                                                                                              Time             CPU   Iterations UserCounters...
--------------------------------------------------------------------------------------------------------------------------------------------------------------------------------------------------------
BM_main_graph$async_dispatch_8_embedded_elf_riscv_64_main_graph$async_dispatch_8_elementwise_broadcast_1568_f32/process_time/real_time             0.105 ms        0.110 ms         6686 items_per_second=9.56514k/s
BM_main_graph$async_dispatch_8_embedded_elf_riscv_64_main_graph$async_dispatch_8_elementwise_broadcast_1568_f32/process_time/real_time             0.105 ms        0.110 ms         6686 items_per_second=9.53358k/s
BM_main_graph$async_dispatch_8_embedded_elf_riscv_64_main_graph$async_dispatch_8_elementwise_broadcast_1568_f32/process_time/real_time             0.105 ms        0.111 ms         6686 items_per_second=9.51278k/s
BM_main_graph$async_dispatch_8_embedded_elf_riscv_64_main_graph$async_dispatch_8_elementwise_broadcast_1568_f32/process_time/real_time             0.105 ms        0.110 ms         6686 items_per_second=9.54586k/s
BM_main_graph$async_dispatch_8_embedded_elf_riscv_64_main_graph$async_dispatch_8_elementwise_broadcast_1568_f32/process_time/real_time             0.105 ms        0.111 ms         6686 items_per_second=9.53743k/s
BM_main_graph$async_dispatch_8_embedded_elf_riscv_64_main_graph$async_dispatch_8_elementwise_broadcast_1568_f32/process_time/real_time             0.105 ms        0.111 ms         6686 items_per_second=9.53462k/s
BM_main_graph$async_dispatch_8_embedded_elf_riscv_64_main_graph$async_dispatch_8_elementwise_broadcast_1568_f32/process_time/real_time             0.104 ms        0.110 ms         6686 items_per_second=9.63173k/s
BM_main_graph$async_dispatch_8_embedded_elf_riscv_64_main_graph$async_dispatch_8_elementwise_broadcast_1568_f32/process_time/real_time             0.103 ms        0.109 ms         6686 items_per_second=9.67345k/s
BM_main_graph$async_dispatch_8_embedded_elf_riscv_64_main_graph$async_dispatch_8_elementwise_broadcast_1568_f32/process_time/real_time             0.104 ms        0.110 ms         6686 items_per_second=9.63466k/s
BM_main_graph$async_dispatch_8_embedded_elf_riscv_64_main_graph$async_dispatch_8_elementwise_broadcast_1568_f32/process_time/real_time             0.104 ms        0.110 ms         6686 items_per_second=9.62559k/s
BM_main_graph$async_dispatch_8_embedded_elf_riscv_64_main_graph$async_dispatch_8_elementwise_broadcast_1568_f32/process_time/real_time_mean        0.104 ms        0.110 ms           10 items_per_second=9.57949k/s
BM_main_graph$async_dispatch_8_embedded_elf_riscv_64_main_graph$async_dispatch_8_elementwise_broadcast_1568_f32/process_time/real_time_median      0.105 ms        0.110 ms           10 items_per_second=9.5555k/s
BM_main_graph$async_dispatch_8_embedded_elf_riscv_64_main_graph$async_dispatch_8_elementwise_broadcast_1568_f32/process_time/real_time_stddev      0.001 ms        0.001 ms           10 items_per_second=56.1777/s
BM_main_graph$async_dispatch_8_embedded_elf_riscv_64_main_graph$async_dispatch_8_elementwise_broadcast_1568_f32/process_time/real_time_cv           0.59 %          0.56 %            10 items_per_second=0.59%
