2026-01-09T08:24:56.824155
Running tools/iree-benchmark-module --module=/home/dima/sched_vmfb/glpdepth_scalar/module_main_graph$async_dispatch_142_embedded_elf_riscv_64_benchmark.vmfb --device=local-task --function=main_graph$async_dispatch_142_embedded_elf_riscv_64_main_graph$async_dispatch_142_elementwise_50176_f32 --input=1xi32=1 --task_topology_cpu_ids=0,1 --benchmark_repetitions=10
2026-01-09T08:24:56+08:00
Running tools/iree-benchmark-module
Run on (8 X 1600 MHz CPU s)
CPU Caches:
  L1 Instruction 32 KiB (x8)
  L1 Data 32 KiB (x8)
  L2 Unified 512 KiB (x2)
Load Average: 3.90, 3.52, 2.97
---------------------------------------------------------------------------------------------------------------------------------------------------------------------------------------------------
Benchmark                                                                                                                                         Time             CPU   Iterations UserCounters...
---------------------------------------------------------------------------------------------------------------------------------------------------------------------------------------------------
BM_main_graph$async_dispatch_142_embedded_elf_riscv_64_main_graph$async_dispatch_142_elementwise_50176_f32/process_time/real_time              2.34 ms         4.50 ms          299 items_per_second=426.642/s
BM_main_graph$async_dispatch_142_embedded_elf_riscv_64_main_graph$async_dispatch_142_elementwise_50176_f32/process_time/real_time              2.34 ms         4.49 ms          299 items_per_second=427.34/s
BM_main_graph$async_dispatch_142_embedded_elf_riscv_64_main_graph$async_dispatch_142_elementwise_50176_f32/process_time/real_time              2.34 ms         4.49 ms          299 items_per_second=428.223/s
BM_main_graph$async_dispatch_142_embedded_elf_riscv_64_main_graph$async_dispatch_142_elementwise_50176_f32/process_time/real_time              2.34 ms         4.50 ms          299 items_per_second=426.604/s
BM_main_graph$async_dispatch_142_embedded_elf_riscv_64_main_graph$async_dispatch_142_elementwise_50176_f32/process_time/real_time              2.34 ms         4.49 ms          299 items_per_second=427.932/s
BM_main_graph$async_dispatch_142_embedded_elf_riscv_64_main_graph$async_dispatch_142_elementwise_50176_f32/process_time/real_time              2.35 ms         4.50 ms          299 items_per_second=425.875/s
BM_main_graph$async_dispatch_142_embedded_elf_riscv_64_main_graph$async_dispatch_142_elementwise_50176_f32/process_time/real_time              2.35 ms         4.50 ms          299 items_per_second=426.295/s
BM_main_graph$async_dispatch_142_embedded_elf_riscv_64_main_graph$async_dispatch_142_elementwise_50176_f32/process_time/real_time              2.34 ms         4.50 ms          299 items_per_second=426.794/s
BM_main_graph$async_dispatch_142_embedded_elf_riscv_64_main_graph$async_dispatch_142_elementwise_50176_f32/process_time/real_time              2.35 ms         4.50 ms          299 items_per_second=425.994/s
BM_main_graph$async_dispatch_142_embedded_elf_riscv_64_main_graph$async_dispatch_142_elementwise_50176_f32/process_time/real_time              2.34 ms         4.50 ms          299 items_per_second=427.033/s
BM_main_graph$async_dispatch_142_embedded_elf_riscv_64_main_graph$async_dispatch_142_elementwise_50176_f32/process_time/real_time_mean         2.34 ms         4.50 ms           10 items_per_second=426.873/s
BM_main_graph$async_dispatch_142_embedded_elf_riscv_64_main_graph$async_dispatch_142_elementwise_50176_f32/process_time/real_time_median       2.34 ms         4.50 ms           10 items_per_second=426.718/s
BM_main_graph$async_dispatch_142_embedded_elf_riscv_64_main_graph$async_dispatch_142_elementwise_50176_f32/process_time/real_time_stddev      0.004 ms        0.006 ms           10 items_per_second=0.776118/s
BM_main_graph$async_dispatch_142_embedded_elf_riscv_64_main_graph$async_dispatch_142_elementwise_50176_f32/process_time/real_time_cv           0.18 %          0.13 %            10 items_per_second=0.18%
