2026-01-09T08:29:09.152699
Running tools/iree-benchmark-module --module=/home/dima/sched_vmfb/glpdepth_scalar/module_main_graph$async_dispatch_41_embedded_elf_riscv_64_benchmark.vmfb --device=local-task --function=main_graph$async_dispatch_41_embedded_elf_riscv_64_main_graph$async_dispatch_41_elementwise_broadcast_3136_f32 --input=1xi32=1 --task_topology_cpu_ids=0,1 --benchmark_repetitions=10
2026-01-09T08:29:09+08:00
Running tools/iree-benchmark-module
Run on (8 X 1600 MHz CPU s)
CPU Caches:
  L1 Instruction 32 KiB (x8)
  L1 Data 32 KiB (x8)
  L2 Unified 512 KiB (x2)
Load Average: 3.92, 3.81, 3.24
----------------------------------------------------------------------------------------------------------------------------------------------------------------------------------------------------------
Benchmark                                                                                                                                                Time             CPU   Iterations UserCounters...
----------------------------------------------------------------------------------------------------------------------------------------------------------------------------------------------------------
BM_main_graph$async_dispatch_41_embedded_elf_riscv_64_main_graph$async_dispatch_41_elementwise_broadcast_3136_f32/process_time/real_time             0.158 ms        0.164 ms         4392 items_per_second=6.33805k/s
BM_main_graph$async_dispatch_41_embedded_elf_riscv_64_main_graph$async_dispatch_41_elementwise_broadcast_3136_f32/process_time/real_time             0.160 ms        0.166 ms         4392 items_per_second=6.26944k/s
BM_main_graph$async_dispatch_41_embedded_elf_riscv_64_main_graph$async_dispatch_41_elementwise_broadcast_3136_f32/process_time/real_time             0.158 ms        0.165 ms         4392 items_per_second=6.33997k/s
BM_main_graph$async_dispatch_41_embedded_elf_riscv_64_main_graph$async_dispatch_41_elementwise_broadcast_3136_f32/process_time/real_time             0.157 ms        0.164 ms         4392 items_per_second=6.36253k/s
BM_main_graph$async_dispatch_41_embedded_elf_riscv_64_main_graph$async_dispatch_41_elementwise_broadcast_3136_f32/process_time/real_time             0.157 ms        0.164 ms         4392 items_per_second=6.35408k/s
BM_main_graph$async_dispatch_41_embedded_elf_riscv_64_main_graph$async_dispatch_41_elementwise_broadcast_3136_f32/process_time/real_time             0.158 ms        0.164 ms         4392 items_per_second=6.34422k/s
BM_main_graph$async_dispatch_41_embedded_elf_riscv_64_main_graph$async_dispatch_41_elementwise_broadcast_3136_f32/process_time/real_time             0.157 ms        0.164 ms         4392 items_per_second=6.35898k/s
BM_main_graph$async_dispatch_41_embedded_elf_riscv_64_main_graph$async_dispatch_41_elementwise_broadcast_3136_f32/process_time/real_time             0.157 ms        0.164 ms         4392 items_per_second=6.35269k/s
BM_main_graph$async_dispatch_41_embedded_elf_riscv_64_main_graph$async_dispatch_41_elementwise_broadcast_3136_f32/process_time/real_time             0.159 ms        0.165 ms         4392 items_per_second=6.27827k/s
BM_main_graph$async_dispatch_41_embedded_elf_riscv_64_main_graph$async_dispatch_41_elementwise_broadcast_3136_f32/process_time/real_time             0.158 ms        0.164 ms         4392 items_per_second=6.32244k/s
BM_main_graph$async_dispatch_41_embedded_elf_riscv_64_main_graph$async_dispatch_41_elementwise_broadcast_3136_f32/process_time/real_time_mean        0.158 ms        0.164 ms           10 items_per_second=6.33207k/s
BM_main_graph$async_dispatch_41_embedded_elf_riscv_64_main_graph$async_dispatch_41_elementwise_broadcast_3136_f32/process_time/real_time_median      0.158 ms        0.164 ms           10 items_per_second=6.3421k/s
BM_main_graph$async_dispatch_41_embedded_elf_riscv_64_main_graph$async_dispatch_41_elementwise_broadcast_3136_f32/process_time/real_time_stddev      0.001 ms        0.001 ms           10 items_per_second=32.8598/s
BM_main_graph$async_dispatch_41_embedded_elf_riscv_64_main_graph$async_dispatch_41_elementwise_broadcast_3136_f32/process_time/real_time_cv           0.52 %          0.42 %            10 items_per_second=0.52%
