2026-01-09T08:21:04.985027
Running tools/iree-benchmark-module --module=/home/dima/sched_vmfb/glpdepth_scalar/module_main_graph$async_dispatch_101_embedded_elf_riscv_64_benchmark.vmfb --device=local-task --function=main_graph$async_dispatch_101_embedded_elf_riscv_64_main_graph$async_dispatch_101_reduction_49x256_f32 --input=1xi32=1 --task_topology_cpu_ids=0,1 --benchmark_repetitions=10
2026-01-09T08:21:04+08:00
Running tools/iree-benchmark-module
Run on (8 X 1600 MHz CPU s)
CPU Caches:
  L1 Instruction 32 KiB (x8)
  L1 Data 32 KiB (x8)
  L2 Unified 512 KiB (x2)
Load Average: 3.24, 3.07, 2.70
--------------------------------------------------------------------------------------------------------------------------------------------------------------------------------------------------
Benchmark                                                                                                                                        Time             CPU   Iterations UserCounters...
--------------------------------------------------------------------------------------------------------------------------------------------------------------------------------------------------
BM_main_graph$async_dispatch_101_embedded_elf_riscv_64_main_graph$async_dispatch_101_reduction_49x256_f32/process_time/real_time             0.925 ms         1.77 ms          745 items_per_second=1.08066k/s
BM_main_graph$async_dispatch_101_embedded_elf_riscv_64_main_graph$async_dispatch_101_reduction_49x256_f32/process_time/real_time             0.917 ms         1.76 ms          745 items_per_second=1.09018k/s
BM_main_graph$async_dispatch_101_embedded_elf_riscv_64_main_graph$async_dispatch_101_reduction_49x256_f32/process_time/real_time             0.918 ms         1.76 ms          745 items_per_second=1.08977k/s
BM_main_graph$async_dispatch_101_embedded_elf_riscv_64_main_graph$async_dispatch_101_reduction_49x256_f32/process_time/real_time             0.924 ms         1.77 ms          745 items_per_second=1.08197k/s
BM_main_graph$async_dispatch_101_embedded_elf_riscv_64_main_graph$async_dispatch_101_reduction_49x256_f32/process_time/real_time             0.920 ms         1.76 ms          745 items_per_second=1.08678k/s
BM_main_graph$async_dispatch_101_embedded_elf_riscv_64_main_graph$async_dispatch_101_reduction_49x256_f32/process_time/real_time             0.916 ms         1.76 ms          745 items_per_second=1.09142k/s
BM_main_graph$async_dispatch_101_embedded_elf_riscv_64_main_graph$async_dispatch_101_reduction_49x256_f32/process_time/real_time             0.920 ms         1.76 ms          745 items_per_second=1.08683k/s
BM_main_graph$async_dispatch_101_embedded_elf_riscv_64_main_graph$async_dispatch_101_reduction_49x256_f32/process_time/real_time             0.919 ms         1.76 ms          745 items_per_second=1.08789k/s
BM_main_graph$async_dispatch_101_embedded_elf_riscv_64_main_graph$async_dispatch_101_reduction_49x256_f32/process_time/real_time             0.927 ms         1.77 ms          745 items_per_second=1.07869k/s
BM_main_graph$async_dispatch_101_embedded_elf_riscv_64_main_graph$async_dispatch_101_reduction_49x256_f32/process_time/real_time             0.931 ms         1.78 ms          745 items_per_second=1.07439k/s
BM_main_graph$async_dispatch_101_embedded_elf_riscv_64_main_graph$async_dispatch_101_reduction_49x256_f32/process_time/real_time_mean        0.922 ms         1.76 ms           10 items_per_second=1.08486k/s
BM_main_graph$async_dispatch_101_embedded_elf_riscv_64_main_graph$async_dispatch_101_reduction_49x256_f32/process_time/real_time_median      0.920 ms         1.76 ms           10 items_per_second=1.0868k/s
BM_main_graph$async_dispatch_101_embedded_elf_riscv_64_main_graph$async_dispatch_101_reduction_49x256_f32/process_time/real_time_stddev      0.005 ms        0.006 ms           10 items_per_second=5.63647/s
BM_main_graph$async_dispatch_101_embedded_elf_riscv_64_main_graph$async_dispatch_101_reduction_49x256_f32/process_time/real_time_cv           0.52 %          0.34 %            10 items_per_second=0.52%
