2026-01-09T08:21:56.179199
Running tools/iree-benchmark-module --module=/home/dima/sched_vmfb/glpdepth_scalar/module_main_graph$async_dispatch_108_embedded_elf_riscv_64_benchmark.vmfb --device=local-task --function=main_graph$async_dispatch_108_embedded_elf_riscv_64_main_graph$async_dispatch_108_matmul_like_49x8x32x49_f32 --input=1xi32=1 --task_topology_cpu_ids=0,1 --benchmark_repetitions=10
2026-01-09T08:21:56+08:00
Running tools/iree-benchmark-module
Run on (8 X 1600 MHz CPU s)
CPU Caches:
  L1 Instruction 32 KiB (x8)
  L1 Data 32 KiB (x8)
  L2 Unified 512 KiB (x2)
Load Average: 3.54, 3.19, 2.76
--------------------------------------------------------------------------------------------------------------------------------------------------------------------------------------------------------
Benchmark                                                                                                                                              Time             CPU   Iterations UserCounters...
--------------------------------------------------------------------------------------------------------------------------------------------------------------------------------------------------------
BM_main_graph$async_dispatch_108_embedded_elf_riscv_64_main_graph$async_dispatch_108_matmul_like_49x8x32x49_f32/process_time/real_time              1.00 ms         1.90 ms          693 items_per_second=996.955/s
BM_main_graph$async_dispatch_108_embedded_elf_riscv_64_main_graph$async_dispatch_108_matmul_like_49x8x32x49_f32/process_time/real_time              1.00 ms         1.90 ms          693 items_per_second=0.999007k/s
BM_main_graph$async_dispatch_108_embedded_elf_riscv_64_main_graph$async_dispatch_108_matmul_like_49x8x32x49_f32/process_time/real_time              1.01 ms         1.91 ms          693 items_per_second=991.931/s
BM_main_graph$async_dispatch_108_embedded_elf_riscv_64_main_graph$async_dispatch_108_matmul_like_49x8x32x49_f32/process_time/real_time              1.00 ms         1.90 ms          693 items_per_second=0.999454k/s
BM_main_graph$async_dispatch_108_embedded_elf_riscv_64_main_graph$async_dispatch_108_matmul_like_49x8x32x49_f32/process_time/real_time              1.00 ms         1.90 ms          693 items_per_second=997.142/s
BM_main_graph$async_dispatch_108_embedded_elf_riscv_64_main_graph$async_dispatch_108_matmul_like_49x8x32x49_f32/process_time/real_time              1.00 ms         1.90 ms          693 items_per_second=998.767/s
BM_main_graph$async_dispatch_108_embedded_elf_riscv_64_main_graph$async_dispatch_108_matmul_like_49x8x32x49_f32/process_time/real_time              1.01 ms         1.91 ms          693 items_per_second=989.396/s
BM_main_graph$async_dispatch_108_embedded_elf_riscv_64_main_graph$async_dispatch_108_matmul_like_49x8x32x49_f32/process_time/real_time              1.01 ms         1.90 ms          693 items_per_second=993.743/s
BM_main_graph$async_dispatch_108_embedded_elf_riscv_64_main_graph$async_dispatch_108_matmul_like_49x8x32x49_f32/process_time/real_time              1.00 ms         1.90 ms          693 items_per_second=995.451/s
BM_main_graph$async_dispatch_108_embedded_elf_riscv_64_main_graph$async_dispatch_108_matmul_like_49x8x32x49_f32/process_time/real_time              1.00 ms         1.90 ms          693 items_per_second=997.553/s
BM_main_graph$async_dispatch_108_embedded_elf_riscv_64_main_graph$async_dispatch_108_matmul_like_49x8x32x49_f32/process_time/real_time_mean         1.00 ms         1.90 ms           10 items_per_second=995.94/s
BM_main_graph$async_dispatch_108_embedded_elf_riscv_64_main_graph$async_dispatch_108_matmul_like_49x8x32x49_f32/process_time/real_time_median       1.00 ms         1.90 ms           10 items_per_second=997.049/s
BM_main_graph$async_dispatch_108_embedded_elf_riscv_64_main_graph$async_dispatch_108_matmul_like_49x8x32x49_f32/process_time/real_time_stddev      0.003 ms        0.004 ms           10 items_per_second=3.31294/s
BM_main_graph$async_dispatch_108_embedded_elf_riscv_64_main_graph$async_dispatch_108_matmul_like_49x8x32x49_f32/process_time/real_time_cv           0.33 %          0.19 %            10 items_per_second=0.33%
