2026-01-09T08:21:12.002745
Running tools/iree-benchmark-module --module=/home/dima/sched_vmfb/glpdepth_scalar/module_main_graph$async_dispatch_102_embedded_elf_riscv_64_benchmark.vmfb --device=local-task --function=main_graph$async_dispatch_102_embedded_elf_riscv_64_main_graph$async_dispatch_102_matmul_like_8x49x32x256_f32 --input=1xi32=1 --task_topology_cpu_ids=0,1 --benchmark_repetitions=10
2026-01-09T08:21:12+08:00
Running tools/iree-benchmark-module
Run on (8 X 1600 MHz CPU s)
CPU Caches:
  L1 Instruction 32 KiB (x8)
  L1 Data 32 KiB (x8)
  L2 Unified 512 KiB (x2)
Load Average: 3.30, 3.09, 2.71
---------------------------------------------------------------------------------------------------------------------------------------------------------------------------------------------------------
Benchmark                                                                                                                                               Time             CPU   Iterations UserCounters...
---------------------------------------------------------------------------------------------------------------------------------------------------------------------------------------------------------
BM_main_graph$async_dispatch_102_embedded_elf_riscv_64_main_graph$async_dispatch_102_matmul_like_8x49x32x256_f32/process_time/real_time              3.80 ms         7.46 ms          185 items_per_second=263.46/s
BM_main_graph$async_dispatch_102_embedded_elf_riscv_64_main_graph$async_dispatch_102_matmul_like_8x49x32x256_f32/process_time/real_time              3.80 ms         7.48 ms          185 items_per_second=263.012/s
BM_main_graph$async_dispatch_102_embedded_elf_riscv_64_main_graph$async_dispatch_102_matmul_like_8x49x32x256_f32/process_time/real_time              3.79 ms         7.48 ms          185 items_per_second=263.66/s
BM_main_graph$async_dispatch_102_embedded_elf_riscv_64_main_graph$async_dispatch_102_matmul_like_8x49x32x256_f32/process_time/real_time              3.78 ms         7.46 ms          185 items_per_second=264.404/s
BM_main_graph$async_dispatch_102_embedded_elf_riscv_64_main_graph$async_dispatch_102_matmul_like_8x49x32x256_f32/process_time/real_time              3.80 ms         7.47 ms          185 items_per_second=263.444/s
BM_main_graph$async_dispatch_102_embedded_elf_riscv_64_main_graph$async_dispatch_102_matmul_like_8x49x32x256_f32/process_time/real_time              3.79 ms         7.47 ms          185 items_per_second=263.974/s
BM_main_graph$async_dispatch_102_embedded_elf_riscv_64_main_graph$async_dispatch_102_matmul_like_8x49x32x256_f32/process_time/real_time              3.79 ms         7.47 ms          185 items_per_second=263.992/s
BM_main_graph$async_dispatch_102_embedded_elf_riscv_64_main_graph$async_dispatch_102_matmul_like_8x49x32x256_f32/process_time/real_time              3.79 ms         7.45 ms          185 items_per_second=263.611/s
BM_main_graph$async_dispatch_102_embedded_elf_riscv_64_main_graph$async_dispatch_102_matmul_like_8x49x32x256_f32/process_time/real_time              3.78 ms         7.45 ms          185 items_per_second=264.494/s
BM_main_graph$async_dispatch_102_embedded_elf_riscv_64_main_graph$async_dispatch_102_matmul_like_8x49x32x256_f32/process_time/real_time              3.80 ms         7.47 ms          185 items_per_second=263.441/s
BM_main_graph$async_dispatch_102_embedded_elf_riscv_64_main_graph$async_dispatch_102_matmul_like_8x49x32x256_f32/process_time/real_time_mean         3.79 ms         7.46 ms           10 items_per_second=263.749/s
BM_main_graph$async_dispatch_102_embedded_elf_riscv_64_main_graph$async_dispatch_102_matmul_like_8x49x32x256_f32/process_time/real_time_median       3.79 ms         7.47 ms           10 items_per_second=263.635/s
BM_main_graph$async_dispatch_102_embedded_elf_riscv_64_main_graph$async_dispatch_102_matmul_like_8x49x32x256_f32/process_time/real_time_stddev      0.007 ms        0.009 ms           10 items_per_second=0.463641/s
BM_main_graph$async_dispatch_102_embedded_elf_riscv_64_main_graph$async_dispatch_102_matmul_like_8x49x32x256_f32/process_time/real_time_cv           0.18 %          0.11 %            10 items_per_second=0.18%
