2026-01-09T08:31:20.185458
Running tools/iree-benchmark-module --module=/home/dima/sched_vmfb/glpdepth_scalar/module_main_graph$async_dispatch_71_embedded_elf_riscv_64_benchmark.vmfb --device=local-task --function=main_graph$async_dispatch_71_embedded_elf_riscv_64_main_graph$async_dispatch_71_reduction_49x160_f32 --input=1xi32=1 --task_topology_cpu_ids=0,1 --benchmark_repetitions=10
2026-01-09T08:31:20+08:00
Running tools/iree-benchmark-module
Run on (8 X 1600 MHz CPU s)
CPU Caches:
  L1 Instruction 32 KiB (x8)
  L1 Data 32 KiB (x8)
  L2 Unified 512 KiB (x2)
Load Average: 3.92, 3.88, 3.34
------------------------------------------------------------------------------------------------------------------------------------------------------------------------------------------------
Benchmark                                                                                                                                      Time             CPU   Iterations UserCounters...
------------------------------------------------------------------------------------------------------------------------------------------------------------------------------------------------
BM_main_graph$async_dispatch_71_embedded_elf_riscv_64_main_graph$async_dispatch_71_reduction_49x160_f32/process_time/real_time             0.379 ms        0.682 ms         1838 items_per_second=2.6366k/s
BM_main_graph$async_dispatch_71_embedded_elf_riscv_64_main_graph$async_dispatch_71_reduction_49x160_f32/process_time/real_time             0.379 ms        0.682 ms         1838 items_per_second=2.63541k/s
BM_main_graph$async_dispatch_71_embedded_elf_riscv_64_main_graph$async_dispatch_71_reduction_49x160_f32/process_time/real_time             0.380 ms        0.683 ms         1838 items_per_second=2.63216k/s
BM_main_graph$async_dispatch_71_embedded_elf_riscv_64_main_graph$async_dispatch_71_reduction_49x160_f32/process_time/real_time             0.378 ms        0.681 ms         1838 items_per_second=2.64262k/s
BM_main_graph$async_dispatch_71_embedded_elf_riscv_64_main_graph$async_dispatch_71_reduction_49x160_f32/process_time/real_time             0.379 ms        0.682 ms         1838 items_per_second=2.63635k/s
BM_main_graph$async_dispatch_71_embedded_elf_riscv_64_main_graph$async_dispatch_71_reduction_49x160_f32/process_time/real_time             0.380 ms        0.683 ms         1838 items_per_second=2.63253k/s
BM_main_graph$async_dispatch_71_embedded_elf_riscv_64_main_graph$async_dispatch_71_reduction_49x160_f32/process_time/real_time             0.380 ms        0.682 ms         1838 items_per_second=2.63485k/s
BM_main_graph$async_dispatch_71_embedded_elf_riscv_64_main_graph$async_dispatch_71_reduction_49x160_f32/process_time/real_time             0.379 ms        0.682 ms         1838 items_per_second=2.63561k/s
BM_main_graph$async_dispatch_71_embedded_elf_riscv_64_main_graph$async_dispatch_71_reduction_49x160_f32/process_time/real_time             0.380 ms        0.682 ms         1838 items_per_second=2.63392k/s
BM_main_graph$async_dispatch_71_embedded_elf_riscv_64_main_graph$async_dispatch_71_reduction_49x160_f32/process_time/real_time             0.379 ms        0.681 ms         1838 items_per_second=2.63833k/s
BM_main_graph$async_dispatch_71_embedded_elf_riscv_64_main_graph$async_dispatch_71_reduction_49x160_f32/process_time/real_time_mean        0.379 ms        0.682 ms           10 items_per_second=2.63584k/s
BM_main_graph$async_dispatch_71_embedded_elf_riscv_64_main_graph$async_dispatch_71_reduction_49x160_f32/process_time/real_time_median      0.379 ms        0.682 ms           10 items_per_second=2.63551k/s
BM_main_graph$async_dispatch_71_embedded_elf_riscv_64_main_graph$async_dispatch_71_reduction_49x160_f32/process_time/real_time_stddev      0.000 ms        0.001 ms           10 items_per_second=3.02685/s
BM_main_graph$async_dispatch_71_embedded_elf_riscv_64_main_graph$async_dispatch_71_reduction_49x160_f32/process_time/real_time_cv           0.11 %          0.08 %            10 items_per_second=0.11%
