2026-01-08T03:07:27.672372
Running tools/iree-benchmark-module --module=/home/dima/sched_vmfb/fastdepth/module_main_graph$async_dispatch_18_system_elf_riscv_64_benchmark.vmfb --device=local-task --function=main_graph$async_dispatch_18_system_elf_riscv_64_main_graph$async_dispatch_18_matmul_like_512x14x14x512_f32 --input=1xi32=1 --task_topology_cpu_ids=0,1,2,3 --benchmark_repetitions=10
2026-01-08T03:07:27+08:00
Running tools/iree-benchmark-module
Run on (8 X 1600 MHz CPU s)
CPU Caches:
  L1 Instruction 32 KiB (x8)
  L1 Data 32 KiB (x8)
  L2 Unified 512 KiB (x2)
Load Average: 5.36, 4.25, 3.64
-------------------------------------------------------------------------------------------------------------------------------------------------------------------------------------------------------
Benchmark                                                                                                                                             Time             CPU   Iterations UserCounters...
-------------------------------------------------------------------------------------------------------------------------------------------------------------------------------------------------------
BM_main_graph$async_dispatch_18_system_elf_riscv_64_main_graph$async_dispatch_18_matmul_like_512x14x14x512_f32/process_time/real_time              41.7 ms          165 ms           17 items_per_second=24.0007/s
BM_main_graph$async_dispatch_18_system_elf_riscv_64_main_graph$async_dispatch_18_matmul_like_512x14x14x512_f32/process_time/real_time              41.5 ms          164 ms           17 items_per_second=24.1106/s
BM_main_graph$async_dispatch_18_system_elf_riscv_64_main_graph$async_dispatch_18_matmul_like_512x14x14x512_f32/process_time/real_time              41.6 ms          164 ms           17 items_per_second=24.0337/s
BM_main_graph$async_dispatch_18_system_elf_riscv_64_main_graph$async_dispatch_18_matmul_like_512x14x14x512_f32/process_time/real_time              41.5 ms          164 ms           17 items_per_second=24.0735/s
BM_main_graph$async_dispatch_18_system_elf_riscv_64_main_graph$async_dispatch_18_matmul_like_512x14x14x512_f32/process_time/real_time              41.5 ms          164 ms           17 items_per_second=24.0999/s
BM_main_graph$async_dispatch_18_system_elf_riscv_64_main_graph$async_dispatch_18_matmul_like_512x14x14x512_f32/process_time/real_time              41.8 ms          165 ms           17 items_per_second=23.922/s
BM_main_graph$async_dispatch_18_system_elf_riscv_64_main_graph$async_dispatch_18_matmul_like_512x14x14x512_f32/process_time/real_time              41.5 ms          164 ms           17 items_per_second=24.0857/s
BM_main_graph$async_dispatch_18_system_elf_riscv_64_main_graph$async_dispatch_18_matmul_like_512x14x14x512_f32/process_time/real_time              41.4 ms          164 ms           17 items_per_second=24.1274/s
BM_main_graph$async_dispatch_18_system_elf_riscv_64_main_graph$async_dispatch_18_matmul_like_512x14x14x512_f32/process_time/real_time              41.6 ms          165 ms           17 items_per_second=24.0142/s
BM_main_graph$async_dispatch_18_system_elf_riscv_64_main_graph$async_dispatch_18_matmul_like_512x14x14x512_f32/process_time/real_time              41.6 ms          164 ms           17 items_per_second=24.0111/s
BM_main_graph$async_dispatch_18_system_elf_riscv_64_main_graph$async_dispatch_18_matmul_like_512x14x14x512_f32/process_time/real_time_mean         41.6 ms          164 ms           10 items_per_second=24.0479/s
BM_main_graph$async_dispatch_18_system_elf_riscv_64_main_graph$async_dispatch_18_matmul_like_512x14x14x512_f32/process_time/real_time_median       41.6 ms          164 ms           10 items_per_second=24.0536/s
BM_main_graph$async_dispatch_18_system_elf_riscv_64_main_graph$async_dispatch_18_matmul_like_512x14x14x512_f32/process_time/real_time_stddev      0.109 ms        0.093 ms           10 items_per_second=0.0630692/s
BM_main_graph$async_dispatch_18_system_elf_riscv_64_main_graph$async_dispatch_18_matmul_like_512x14x14x512_f32/process_time/real_time_cv           0.26 %          0.06 %            10 items_per_second=0.26%
