2026-01-08T03:10:06.994339
Running tools/iree-benchmark-module --module=/home/dima/sched_vmfb/fastdepth/module_main_graph$async_dispatch_45_system_elf_riscv_64_benchmark.vmfb --device=local-task --function=main_graph$async_dispatch_45_system_elf_riscv_64_main_graph$async_dispatch_45_matvec_like_50176x32_f32 --input=1xi32=1 --task_topology_cpu_ids=0,1,2,3 --benchmark_repetitions=10
2026-01-08T03:10:07+08:00
Running tools/iree-benchmark-module
Run on (8 X 1600 MHz CPU s)
CPU Caches:
  L1 Instruction 32 KiB (x8)
  L1 Data 32 KiB (x8)
  L2 Unified 512 KiB (x2)
Load Average: 5.55, 4.87, 3.98
--------------------------------------------------------------------------------------------------------------------------------------------------------------------------------------------------
Benchmark                                                                                                                                        Time             CPU   Iterations UserCounters...
--------------------------------------------------------------------------------------------------------------------------------------------------------------------------------------------------
BM_main_graph$async_dispatch_45_system_elf_riscv_64_main_graph$async_dispatch_45_matvec_like_50176x32_f32/process_time/real_time              4.56 ms         17.7 ms          153 items_per_second=219.197/s
BM_main_graph$async_dispatch_45_system_elf_riscv_64_main_graph$async_dispatch_45_matvec_like_50176x32_f32/process_time/real_time              4.56 ms         17.6 ms          153 items_per_second=219.502/s
BM_main_graph$async_dispatch_45_system_elf_riscv_64_main_graph$async_dispatch_45_matvec_like_50176x32_f32/process_time/real_time              4.55 ms         17.6 ms          153 items_per_second=219.541/s
BM_main_graph$async_dispatch_45_system_elf_riscv_64_main_graph$async_dispatch_45_matvec_like_50176x32_f32/process_time/real_time              4.56 ms         17.7 ms          153 items_per_second=219.279/s
BM_main_graph$async_dispatch_45_system_elf_riscv_64_main_graph$async_dispatch_45_matvec_like_50176x32_f32/process_time/real_time              4.56 ms         17.6 ms          153 items_per_second=219.498/s
BM_main_graph$async_dispatch_45_system_elf_riscv_64_main_graph$async_dispatch_45_matvec_like_50176x32_f32/process_time/real_time              4.56 ms         17.7 ms          153 items_per_second=219.299/s
BM_main_graph$async_dispatch_45_system_elf_riscv_64_main_graph$async_dispatch_45_matvec_like_50176x32_f32/process_time/real_time              4.56 ms         17.6 ms          153 items_per_second=219.391/s
BM_main_graph$async_dispatch_45_system_elf_riscv_64_main_graph$async_dispatch_45_matvec_like_50176x32_f32/process_time/real_time              4.55 ms         17.6 ms          153 items_per_second=219.7/s
BM_main_graph$async_dispatch_45_system_elf_riscv_64_main_graph$async_dispatch_45_matvec_like_50176x32_f32/process_time/real_time              4.56 ms         17.7 ms          153 items_per_second=219.359/s
BM_main_graph$async_dispatch_45_system_elf_riscv_64_main_graph$async_dispatch_45_matvec_like_50176x32_f32/process_time/real_time              4.56 ms         17.6 ms          153 items_per_second=219.501/s
BM_main_graph$async_dispatch_45_system_elf_riscv_64_main_graph$async_dispatch_45_matvec_like_50176x32_f32/process_time/real_time_mean         4.56 ms         17.6 ms           10 items_per_second=219.427/s
BM_main_graph$async_dispatch_45_system_elf_riscv_64_main_graph$async_dispatch_45_matvec_like_50176x32_f32/process_time/real_time_median       4.56 ms         17.6 ms           10 items_per_second=219.444/s
BM_main_graph$async_dispatch_45_system_elf_riscv_64_main_graph$async_dispatch_45_matvec_like_50176x32_f32/process_time/real_time_stddev      0.003 ms        0.010 ms           10 items_per_second=0.149412/s
BM_main_graph$async_dispatch_45_system_elf_riscv_64_main_graph$async_dispatch_45_matvec_like_50176x32_f32/process_time/real_time_cv           0.07 %          0.06 %            10 items_per_second=0.07%
