2026-01-09T09:54:54.016628
Running tools/iree-benchmark-module --module=/home/dima/sched_vmfb/dronet_scalar/module_main_graph$async_dispatch_3_embedded_elf_riscv_64_benchmark.vmfb --device=local-task --function=main_graph$async_dispatch_3_embedded_elf_riscv_64_main_graph$async_dispatch_3_conv_32x28x28x32x3x3_f32 --input=1xi32=1 --task_topology_cpu_ids=0,1,2 --benchmark_repetitions=10
2026-01-09T09:54:54+08:00
Running tools/iree-benchmark-module
Run on (8 X 1600 MHz CPU s)
CPU Caches:
  L1 Instruction 32 KiB (x8)
  L1 Data 32 KiB (x8)
  L2 Unified 512 KiB (x2)
Load Average: 3.96, 3.40, 3.11
--------------------------------------------------------------------------------------------------------------------------------------------------------------------------------------------------
Benchmark                                                                                                                                        Time             CPU   Iterations UserCounters...
--------------------------------------------------------------------------------------------------------------------------------------------------------------------------------------------------
BM_main_graph$async_dispatch_3_embedded_elf_riscv_64_main_graph$async_dispatch_3_conv_32x28x28x32x3x3_f32/process_time/real_time              17.9 ms         48.0 ms           39 items_per_second=55.8157/s
BM_main_graph$async_dispatch_3_embedded_elf_riscv_64_main_graph$async_dispatch_3_conv_32x28x28x32x3x3_f32/process_time/real_time              17.9 ms         47.9 ms           39 items_per_second=55.8378/s
BM_main_graph$async_dispatch_3_embedded_elf_riscv_64_main_graph$async_dispatch_3_conv_32x28x28x32x3x3_f32/process_time/real_time              17.9 ms         47.9 ms           39 items_per_second=55.8883/s
BM_main_graph$async_dispatch_3_embedded_elf_riscv_64_main_graph$async_dispatch_3_conv_32x28x28x32x3x3_f32/process_time/real_time              17.9 ms         48.0 ms           39 items_per_second=55.8044/s
BM_main_graph$async_dispatch_3_embedded_elf_riscv_64_main_graph$async_dispatch_3_conv_32x28x28x32x3x3_f32/process_time/real_time              17.9 ms         47.9 ms           39 items_per_second=55.8228/s
BM_main_graph$async_dispatch_3_embedded_elf_riscv_64_main_graph$async_dispatch_3_conv_32x28x28x32x3x3_f32/process_time/real_time              17.9 ms         47.9 ms           39 items_per_second=55.8628/s
BM_main_graph$async_dispatch_3_embedded_elf_riscv_64_main_graph$async_dispatch_3_conv_32x28x28x32x3x3_f32/process_time/real_time              17.9 ms         48.0 ms           39 items_per_second=55.789/s
BM_main_graph$async_dispatch_3_embedded_elf_riscv_64_main_graph$async_dispatch_3_conv_32x28x28x32x3x3_f32/process_time/real_time              17.9 ms         48.0 ms           39 items_per_second=55.7684/s
BM_main_graph$async_dispatch_3_embedded_elf_riscv_64_main_graph$async_dispatch_3_conv_32x28x28x32x3x3_f32/process_time/real_time              17.9 ms         48.0 ms           39 items_per_second=55.7785/s
BM_main_graph$async_dispatch_3_embedded_elf_riscv_64_main_graph$async_dispatch_3_conv_32x28x28x32x3x3_f32/process_time/real_time              17.9 ms         48.0 ms           39 items_per_second=55.7936/s
BM_main_graph$async_dispatch_3_embedded_elf_riscv_64_main_graph$async_dispatch_3_conv_32x28x28x32x3x3_f32/process_time/real_time_mean         17.9 ms         48.0 ms           10 items_per_second=55.8161/s
BM_main_graph$async_dispatch_3_embedded_elf_riscv_64_main_graph$async_dispatch_3_conv_32x28x28x32x3x3_f32/process_time/real_time_median       17.9 ms         48.0 ms           10 items_per_second=55.81/s
BM_main_graph$async_dispatch_3_embedded_elf_riscv_64_main_graph$async_dispatch_3_conv_32x28x28x32x3x3_f32/process_time/real_time_stddev      0.012 ms        0.053 ms           10 items_per_second=0.037984/s
BM_main_graph$async_dispatch_3_embedded_elf_riscv_64_main_graph$async_dispatch_3_conv_32x28x28x32x3x3_f32/process_time/real_time_cv           0.07 %          0.11 %            10 items_per_second=0.07%
