2026-01-09T12:03:23.948824
Running tools/iree-benchmark-module --module=/home/dima/sched_vmfb/dronet_rvv/module_main_graph$async_dispatch_11_system_elf_riscv_64_benchmark.vmfb --device=local-task --function=main_graph$async_dispatch_11_system_elf_riscv_64_main_graph$async_dispatch_11_conv_128x4x4x128x3x3_f32 --input=1xi32=1 --task_topology_cpu_ids=0,1,2 --benchmark_repetitions=10
2026-01-09T12:03:23+08:00
Running tools/iree-benchmark-module
Run on (8 X 1600 MHz CPU s)
CPU Caches:
  L1 Instruction 32 KiB (x8)
  L1 Data 32 KiB (x8)
  L2 Unified 512 KiB (x2)
Load Average: 3.89, 2.89, 2.35
--------------------------------------------------------------------------------------------------------------------------------------------------------------------------------------------------
Benchmark                                                                                                                                        Time             CPU   Iterations UserCounters...
--------------------------------------------------------------------------------------------------------------------------------------------------------------------------------------------------
BM_main_graph$async_dispatch_11_system_elf_riscv_64_main_graph$async_dispatch_11_conv_128x4x4x128x3x3_f32/process_time/real_time              6.06 ms         16.1 ms          115 items_per_second=165.104/s
BM_main_graph$async_dispatch_11_system_elf_riscv_64_main_graph$async_dispatch_11_conv_128x4x4x128x3x3_f32/process_time/real_time              6.06 ms         16.1 ms          115 items_per_second=165.072/s
BM_main_graph$async_dispatch_11_system_elf_riscv_64_main_graph$async_dispatch_11_conv_128x4x4x128x3x3_f32/process_time/real_time              6.06 ms         16.1 ms          115 items_per_second=164.959/s
BM_main_graph$async_dispatch_11_system_elf_riscv_64_main_graph$async_dispatch_11_conv_128x4x4x128x3x3_f32/process_time/real_time              6.05 ms         16.1 ms          115 items_per_second=165.341/s
BM_main_graph$async_dispatch_11_system_elf_riscv_64_main_graph$async_dispatch_11_conv_128x4x4x128x3x3_f32/process_time/real_time              6.06 ms         16.1 ms          115 items_per_second=165.074/s
BM_main_graph$async_dispatch_11_system_elf_riscv_64_main_graph$async_dispatch_11_conv_128x4x4x128x3x3_f32/process_time/real_time              6.05 ms         16.1 ms          115 items_per_second=165.333/s
BM_main_graph$async_dispatch_11_system_elf_riscv_64_main_graph$async_dispatch_11_conv_128x4x4x128x3x3_f32/process_time/real_time              6.05 ms         16.1 ms          115 items_per_second=165.279/s
BM_main_graph$async_dispatch_11_system_elf_riscv_64_main_graph$async_dispatch_11_conv_128x4x4x128x3x3_f32/process_time/real_time              6.05 ms         16.1 ms          115 items_per_second=165.384/s
BM_main_graph$async_dispatch_11_system_elf_riscv_64_main_graph$async_dispatch_11_conv_128x4x4x128x3x3_f32/process_time/real_time              6.04 ms         16.1 ms          115 items_per_second=165.541/s
BM_main_graph$async_dispatch_11_system_elf_riscv_64_main_graph$async_dispatch_11_conv_128x4x4x128x3x3_f32/process_time/real_time              6.04 ms         16.1 ms          115 items_per_second=165.481/s
BM_main_graph$async_dispatch_11_system_elf_riscv_64_main_graph$async_dispatch_11_conv_128x4x4x128x3x3_f32/process_time/real_time_mean         6.05 ms         16.1 ms           10 items_per_second=165.257/s
BM_main_graph$async_dispatch_11_system_elf_riscv_64_main_graph$async_dispatch_11_conv_128x4x4x128x3x3_f32/process_time/real_time_median       6.05 ms         16.1 ms           10 items_per_second=165.306/s
BM_main_graph$async_dispatch_11_system_elf_riscv_64_main_graph$async_dispatch_11_conv_128x4x4x128x3x3_f32/process_time/real_time_stddev      0.007 ms        0.012 ms           10 items_per_second=0.194338/s
BM_main_graph$async_dispatch_11_system_elf_riscv_64_main_graph$async_dispatch_11_conv_128x4x4x128x3x3_f32/process_time/real_time_cv           0.12 %          0.08 %            10 items_per_second=0.12%
