2026-01-09T12:03:53.275701
Running tools/iree-benchmark-module --module=/home/dima/sched_vmfb/dronet_rvv/module_main_graph$async_dispatch_1_system_elf_riscv_64_benchmark.vmfb --device=local-task --function=main_graph$async_dispatch_1_system_elf_riscv_64_main_graph$async_dispatch_1_conv_32x56x56x3x3x3_f32 --input=1xi32=1 --task_topology_cpu_ids=0,1,2 --benchmark_repetitions=10
2026-01-09T12:03:53+08:00
Running tools/iree-benchmark-module
Run on (8 X 1600 MHz CPU s)
CPU Caches:
  L1 Instruction 32 KiB (x8)
  L1 Data 32 KiB (x8)
  L2 Unified 512 KiB (x2)
Load Average: 3.89, 3.00, 2.41
-----------------------------------------------------------------------------------------------------------------------------------------------------------------------------------------------
Benchmark                                                                                                                                     Time             CPU   Iterations UserCounters...
-----------------------------------------------------------------------------------------------------------------------------------------------------------------------------------------------
BM_main_graph$async_dispatch_1_system_elf_riscv_64_main_graph$async_dispatch_1_conv_32x56x56x3x3x3_f32/process_time/real_time              6.32 ms         16.6 ms          111 items_per_second=158.224/s
BM_main_graph$async_dispatch_1_system_elf_riscv_64_main_graph$async_dispatch_1_conv_32x56x56x3x3x3_f32/process_time/real_time              6.29 ms         16.6 ms          111 items_per_second=158.996/s
BM_main_graph$async_dispatch_1_system_elf_riscv_64_main_graph$async_dispatch_1_conv_32x56x56x3x3x3_f32/process_time/real_time              6.29 ms         16.6 ms          111 items_per_second=159.012/s
BM_main_graph$async_dispatch_1_system_elf_riscv_64_main_graph$async_dispatch_1_conv_32x56x56x3x3x3_f32/process_time/real_time              6.32 ms         16.6 ms          111 items_per_second=158.305/s
BM_main_graph$async_dispatch_1_system_elf_riscv_64_main_graph$async_dispatch_1_conv_32x56x56x3x3x3_f32/process_time/real_time              6.29 ms         16.6 ms          111 items_per_second=159/s
BM_main_graph$async_dispatch_1_system_elf_riscv_64_main_graph$async_dispatch_1_conv_32x56x56x3x3x3_f32/process_time/real_time              6.35 ms         16.6 ms          111 items_per_second=157.576/s
BM_main_graph$async_dispatch_1_system_elf_riscv_64_main_graph$async_dispatch_1_conv_32x56x56x3x3x3_f32/process_time/real_time              6.30 ms         16.6 ms          111 items_per_second=158.655/s
BM_main_graph$async_dispatch_1_system_elf_riscv_64_main_graph$async_dispatch_1_conv_32x56x56x3x3x3_f32/process_time/real_time              6.28 ms         16.6 ms          111 items_per_second=159.13/s
BM_main_graph$async_dispatch_1_system_elf_riscv_64_main_graph$async_dispatch_1_conv_32x56x56x3x3x3_f32/process_time/real_time              6.34 ms         16.6 ms          111 items_per_second=157.679/s
BM_main_graph$async_dispatch_1_system_elf_riscv_64_main_graph$async_dispatch_1_conv_32x56x56x3x3x3_f32/process_time/real_time              6.29 ms         16.6 ms          111 items_per_second=159.105/s
BM_main_graph$async_dispatch_1_system_elf_riscv_64_main_graph$async_dispatch_1_conv_32x56x56x3x3x3_f32/process_time/real_time_mean         6.31 ms         16.6 ms           10 items_per_second=158.568/s
BM_main_graph$async_dispatch_1_system_elf_riscv_64_main_graph$async_dispatch_1_conv_32x56x56x3x3x3_f32/process_time/real_time_median       6.30 ms         16.6 ms           10 items_per_second=158.826/s
BM_main_graph$async_dispatch_1_system_elf_riscv_64_main_graph$async_dispatch_1_conv_32x56x56x3x3x3_f32/process_time/real_time_stddev      0.024 ms        0.013 ms           10 items_per_second=0.590755/s
BM_main_graph$async_dispatch_1_system_elf_riscv_64_main_graph$async_dispatch_1_conv_32x56x56x3x3x3_f32/process_time/real_time_cv           0.37 %          0.08 %            10 items_per_second=0.37%
