2026-01-08T02:36:58.203054
Running tools/iree-benchmark-module --module=/home/dima/sched_vmfb/mlp/module_main_graph$async_dispatch_1_system_elf_riscv_64_benchmark.vmfb --device=local-task --function=main_graph$async_dispatch_1_system_elf_riscv_64_main_graph$async_dispatch_1_matvec_like_32x32_f32 --input=1xi32=1 --task_topology_cpu_ids=0,1 --benchmark_repetitions=10
2026-01-08T02:36:58+08:00
Running tools/iree-benchmark-module
Run on (8 X 1600 MHz CPU s)
CPU Caches:
  L1 Instruction 32 KiB (x8)
  L1 Data 32 KiB (x8)
  L2 Unified 512 KiB (x2)
Load Average: 2.54, 2.28, 2.32
---------------------------------------------------------------------------------------------------------------------------------------------------------------------------------------------
Benchmark                                                                                                                                   Time             CPU   Iterations UserCounters...
---------------------------------------------------------------------------------------------------------------------------------------------------------------------------------------------
BM_main_graph$async_dispatch_1_system_elf_riscv_64_main_graph$async_dispatch_1_matvec_like_32x32_f32/process_time/real_time             0.071 ms        0.076 ms        10180 items_per_second=14.1031k/s
BM_main_graph$async_dispatch_1_system_elf_riscv_64_main_graph$async_dispatch_1_matvec_like_32x32_f32/process_time/real_time             0.070 ms        0.075 ms        10180 items_per_second=14.3505k/s
BM_main_graph$async_dispatch_1_system_elf_riscv_64_main_graph$async_dispatch_1_matvec_like_32x32_f32/process_time/real_time             0.070 ms        0.076 ms        10180 items_per_second=14.3255k/s
BM_main_graph$async_dispatch_1_system_elf_riscv_64_main_graph$async_dispatch_1_matvec_like_32x32_f32/process_time/real_time             0.070 ms        0.076 ms        10180 items_per_second=14.3004k/s
BM_main_graph$async_dispatch_1_system_elf_riscv_64_main_graph$async_dispatch_1_matvec_like_32x32_f32/process_time/real_time             0.069 ms        0.075 ms        10180 items_per_second=14.4045k/s
BM_main_graph$async_dispatch_1_system_elf_riscv_64_main_graph$async_dispatch_1_matvec_like_32x32_f32/process_time/real_time             0.069 ms        0.075 ms        10180 items_per_second=14.4463k/s
BM_main_graph$async_dispatch_1_system_elf_riscv_64_main_graph$async_dispatch_1_matvec_like_32x32_f32/process_time/real_time             0.069 ms        0.076 ms        10180 items_per_second=14.391k/s
BM_main_graph$async_dispatch_1_system_elf_riscv_64_main_graph$async_dispatch_1_matvec_like_32x32_f32/process_time/real_time             0.069 ms        0.075 ms        10180 items_per_second=14.4823k/s
BM_main_graph$async_dispatch_1_system_elf_riscv_64_main_graph$async_dispatch_1_matvec_like_32x32_f32/process_time/real_time             0.070 ms        0.076 ms        10180 items_per_second=14.339k/s
BM_main_graph$async_dispatch_1_system_elf_riscv_64_main_graph$async_dispatch_1_matvec_like_32x32_f32/process_time/real_time             0.070 ms        0.076 ms        10180 items_per_second=14.3837k/s
BM_main_graph$async_dispatch_1_system_elf_riscv_64_main_graph$async_dispatch_1_matvec_like_32x32_f32/process_time/real_time_mean        0.070 ms        0.076 ms           10 items_per_second=14.3526k/s
BM_main_graph$async_dispatch_1_system_elf_riscv_64_main_graph$async_dispatch_1_matvec_like_32x32_f32/process_time/real_time_median      0.070 ms        0.076 ms           10 items_per_second=14.3671k/s
BM_main_graph$async_dispatch_1_system_elf_riscv_64_main_graph$async_dispatch_1_matvec_like_32x32_f32/process_time/real_time_stddev      0.001 ms        0.000 ms           10 items_per_second=103.616/s
BM_main_graph$async_dispatch_1_system_elf_riscv_64_main_graph$async_dispatch_1_matvec_like_32x32_f32/process_time/real_time_cv           0.73 %          0.38 %            10 items_per_second=0.72%
