2026-01-08T02:58:32.170101
Running tools/iree-benchmark-module --module=/home/dima/sched_vmfb/fastdepth/module_main_graph$async_dispatch_31_system_elf_riscv_64_benchmark.vmfb --device=local-task --function=main_graph$async_dispatch_31_system_elf_riscv_64_main_graph$async_dispatch_31_conv_7x7x1024x5x5_f32 --input=1xi32=1 --task_topology_cpu_ids=0 --benchmark_repetitions=10
2026-01-08T02:58:32+08:00
Running tools/iree-benchmark-module
Run on (8 X 1600 MHz CPU s)
CPU Caches:
  L1 Instruction 32 KiB (x8)
  L1 Data 32 KiB (x8)
  L2 Unified 512 KiB (x2)
Load Average: 3.25, 3.81, 3.30
-----------------------------------------------------------------------------------------------------------------------------------------------------------------------------------------------
Benchmark                                                                                                                                     Time             CPU   Iterations UserCounters...
-----------------------------------------------------------------------------------------------------------------------------------------------------------------------------------------------
BM_main_graph$async_dispatch_31_system_elf_riscv_64_main_graph$async_dispatch_31_conv_7x7x1024x5x5_f32/process_time/real_time              6.43 ms         6.44 ms          108 items_per_second=155.527/s
BM_main_graph$async_dispatch_31_system_elf_riscv_64_main_graph$async_dispatch_31_conv_7x7x1024x5x5_f32/process_time/real_time              6.41 ms         6.42 ms          108 items_per_second=156.027/s
BM_main_graph$async_dispatch_31_system_elf_riscv_64_main_graph$async_dispatch_31_conv_7x7x1024x5x5_f32/process_time/real_time              6.45 ms         6.46 ms          108 items_per_second=154.939/s
BM_main_graph$async_dispatch_31_system_elf_riscv_64_main_graph$async_dispatch_31_conv_7x7x1024x5x5_f32/process_time/real_time              6.42 ms         6.43 ms          108 items_per_second=155.66/s
BM_main_graph$async_dispatch_31_system_elf_riscv_64_main_graph$async_dispatch_31_conv_7x7x1024x5x5_f32/process_time/real_time              6.41 ms         6.42 ms          108 items_per_second=155.9/s
BM_main_graph$async_dispatch_31_system_elf_riscv_64_main_graph$async_dispatch_31_conv_7x7x1024x5x5_f32/process_time/real_time              6.44 ms         6.45 ms          108 items_per_second=155.193/s
BM_main_graph$async_dispatch_31_system_elf_riscv_64_main_graph$async_dispatch_31_conv_7x7x1024x5x5_f32/process_time/real_time              6.44 ms         6.45 ms          108 items_per_second=155.267/s
BM_main_graph$async_dispatch_31_system_elf_riscv_64_main_graph$async_dispatch_31_conv_7x7x1024x5x5_f32/process_time/real_time              6.42 ms         6.43 ms          108 items_per_second=155.688/s
BM_main_graph$async_dispatch_31_system_elf_riscv_64_main_graph$async_dispatch_31_conv_7x7x1024x5x5_f32/process_time/real_time              6.45 ms         6.46 ms          108 items_per_second=155.075/s
BM_main_graph$async_dispatch_31_system_elf_riscv_64_main_graph$async_dispatch_31_conv_7x7x1024x5x5_f32/process_time/real_time              6.43 ms         6.43 ms          108 items_per_second=155.607/s
BM_main_graph$async_dispatch_31_system_elf_riscv_64_main_graph$async_dispatch_31_conv_7x7x1024x5x5_f32/process_time/real_time_mean         6.43 ms         6.44 ms           10 items_per_second=155.488/s
BM_main_graph$async_dispatch_31_system_elf_riscv_64_main_graph$async_dispatch_31_conv_7x7x1024x5x5_f32/process_time/real_time_median       6.43 ms         6.44 ms           10 items_per_second=155.567/s
BM_main_graph$async_dispatch_31_system_elf_riscv_64_main_graph$async_dispatch_31_conv_7x7x1024x5x5_f32/process_time/real_time_stddev      0.015 ms        0.015 ms           10 items_per_second=0.358122/s
BM_main_graph$async_dispatch_31_system_elf_riscv_64_main_graph$async_dispatch_31_conv_7x7x1024x5x5_f32/process_time/real_time_cv           0.23 %          0.23 %            10 items_per_second=0.23%
