2026-01-08T02:59:48.253656
Running tools/iree-benchmark-module --module=/home/dima/sched_vmfb/fastdepth/module_main_graph$async_dispatch_3_system_elf_riscv_64_benchmark.vmfb --device=local-task --function=main_graph$async_dispatch_3_system_elf_riscv_64_main_graph$async_dispatch_3_matmul_like_64x12544x32_f32 --input=1xi32=1 --task_topology_cpu_ids=0 --benchmark_repetitions=10
2026-01-08T02:59:48+08:00
Running tools/iree-benchmark-module
Run on (8 X 1600 MHz CPU s)
CPU Caches:
  L1 Instruction 32 KiB (x8)
  L1 Data 32 KiB (x8)
  L2 Unified 512 KiB (x2)
Load Average: 3.11, 3.64, 3.27
---------------------------------------------------------------------------------------------------------------------------------------------------------------------------------------------------
Benchmark                                                                                                                                         Time             CPU   Iterations UserCounters...
---------------------------------------------------------------------------------------------------------------------------------------------------------------------------------------------------
BM_main_graph$async_dispatch_3_system_elf_riscv_64_main_graph$async_dispatch_3_matmul_like_64x12544x32_f32/process_time/real_time              1085 ms         1085 ms            1 items_per_second=0.921889/s
BM_main_graph$async_dispatch_3_system_elf_riscv_64_main_graph$async_dispatch_3_matmul_like_64x12544x32_f32/process_time/real_time              1074 ms         1074 ms            1 items_per_second=0.930706/s
BM_main_graph$async_dispatch_3_system_elf_riscv_64_main_graph$async_dispatch_3_matmul_like_64x12544x32_f32/process_time/real_time              1077 ms         1077 ms            1 items_per_second=0.928321/s
BM_main_graph$async_dispatch_3_system_elf_riscv_64_main_graph$async_dispatch_3_matmul_like_64x12544x32_f32/process_time/real_time              1077 ms         1077 ms            1 items_per_second=0.928214/s
BM_main_graph$async_dispatch_3_system_elf_riscv_64_main_graph$async_dispatch_3_matmul_like_64x12544x32_f32/process_time/real_time              1075 ms         1075 ms            1 items_per_second=0.930152/s
BM_main_graph$async_dispatch_3_system_elf_riscv_64_main_graph$async_dispatch_3_matmul_like_64x12544x32_f32/process_time/real_time              1077 ms         1077 ms            1 items_per_second=0.928682/s
BM_main_graph$async_dispatch_3_system_elf_riscv_64_main_graph$async_dispatch_3_matmul_like_64x12544x32_f32/process_time/real_time              1075 ms         1075 ms            1 items_per_second=0.930302/s
BM_main_graph$async_dispatch_3_system_elf_riscv_64_main_graph$async_dispatch_3_matmul_like_64x12544x32_f32/process_time/real_time              1077 ms         1077 ms            1 items_per_second=0.92823/s
BM_main_graph$async_dispatch_3_system_elf_riscv_64_main_graph$async_dispatch_3_matmul_like_64x12544x32_f32/process_time/real_time              1075 ms         1075 ms            1 items_per_second=0.930318/s
BM_main_graph$async_dispatch_3_system_elf_riscv_64_main_graph$async_dispatch_3_matmul_like_64x12544x32_f32/process_time/real_time              1077 ms         1077 ms            1 items_per_second=0.928336/s
BM_main_graph$async_dispatch_3_system_elf_riscv_64_main_graph$async_dispatch_3_matmul_like_64x12544x32_f32/process_time/real_time_mean         1077 ms         1077 ms           10 items_per_second=0.928515/s
BM_main_graph$async_dispatch_3_system_elf_riscv_64_main_graph$async_dispatch_3_matmul_like_64x12544x32_f32/process_time/real_time_median       1077 ms         1077 ms           10 items_per_second=0.928509/s
BM_main_graph$async_dispatch_3_system_elf_riscv_64_main_graph$async_dispatch_3_matmul_like_64x12544x32_f32/process_time/real_time_stddev       2.96 ms         2.93 ms           10 items_per_second=2.54072m/s
BM_main_graph$async_dispatch_3_system_elf_riscv_64_main_graph$async_dispatch_3_matmul_like_64x12544x32_f32/process_time/real_time_cv           0.27 %          0.27 %            10 items_per_second=0.27%
