2026-01-08T02:57:55.665539
Running tools/iree-benchmark-module --module=/home/dima/sched_vmfb/fastdepth/module_main_graph$async_dispatch_27_system_elf_riscv_64_benchmark.vmfb --device=local-task --function=main_graph$async_dispatch_27_system_elf_riscv_64_main_graph$async_dispatch_27_conv_7x7x512x3x3_f32 --input=1xi32=1 --task_topology_cpu_ids=0 --benchmark_repetitions=10
2026-01-08T02:57:55+08:00
Running tools/iree-benchmark-module
Run on (8 X 1600 MHz CPU s)
CPU Caches:
  L1 Instruction 32 KiB (x8)
  L1 Data 32 KiB (x8)
  L2 Unified 512 KiB (x2)
Load Average: 3.30, 3.90, 3.31
----------------------------------------------------------------------------------------------------------------------------------------------------------------------------------------------
Benchmark                                                                                                                                    Time             CPU   Iterations UserCounters...
----------------------------------------------------------------------------------------------------------------------------------------------------------------------------------------------
BM_main_graph$async_dispatch_27_system_elf_riscv_64_main_graph$async_dispatch_27_conv_7x7x512x3x3_f32/process_time/real_time              1.69 ms         1.69 ms          415 items_per_second=593.001/s
BM_main_graph$async_dispatch_27_system_elf_riscv_64_main_graph$async_dispatch_27_conv_7x7x512x3x3_f32/process_time/real_time              1.68 ms         1.69 ms          415 items_per_second=593.968/s
BM_main_graph$async_dispatch_27_system_elf_riscv_64_main_graph$async_dispatch_27_conv_7x7x512x3x3_f32/process_time/real_time              1.69 ms         1.70 ms          415 items_per_second=591.098/s
BM_main_graph$async_dispatch_27_system_elf_riscv_64_main_graph$async_dispatch_27_conv_7x7x512x3x3_f32/process_time/real_time              1.68 ms         1.69 ms          415 items_per_second=594.089/s
BM_main_graph$async_dispatch_27_system_elf_riscv_64_main_graph$async_dispatch_27_conv_7x7x512x3x3_f32/process_time/real_time              1.68 ms         1.69 ms          415 items_per_second=593.733/s
BM_main_graph$async_dispatch_27_system_elf_riscv_64_main_graph$async_dispatch_27_conv_7x7x512x3x3_f32/process_time/real_time              1.69 ms         1.70 ms          415 items_per_second=590.907/s
BM_main_graph$async_dispatch_27_system_elf_riscv_64_main_graph$async_dispatch_27_conv_7x7x512x3x3_f32/process_time/real_time              1.69 ms         1.69 ms          415 items_per_second=592.808/s
BM_main_graph$async_dispatch_27_system_elf_riscv_64_main_graph$async_dispatch_27_conv_7x7x512x3x3_f32/process_time/real_time              1.69 ms         1.70 ms          415 items_per_second=592.039/s
BM_main_graph$async_dispatch_27_system_elf_riscv_64_main_graph$async_dispatch_27_conv_7x7x512x3x3_f32/process_time/real_time              1.69 ms         1.70 ms          415 items_per_second=591.397/s
BM_main_graph$async_dispatch_27_system_elf_riscv_64_main_graph$async_dispatch_27_conv_7x7x512x3x3_f32/process_time/real_time              1.68 ms         1.69 ms          415 items_per_second=594.064/s
BM_main_graph$async_dispatch_27_system_elf_riscv_64_main_graph$async_dispatch_27_conv_7x7x512x3x3_f32/process_time/real_time_mean         1.69 ms         1.69 ms           10 items_per_second=592.71/s
BM_main_graph$async_dispatch_27_system_elf_riscv_64_main_graph$async_dispatch_27_conv_7x7x512x3x3_f32/process_time/real_time_median       1.69 ms         1.69 ms           10 items_per_second=592.904/s
BM_main_graph$async_dispatch_27_system_elf_riscv_64_main_graph$async_dispatch_27_conv_7x7x512x3x3_f32/process_time/real_time_stddev      0.004 ms        0.004 ms           10 items_per_second=1.26851/s
BM_main_graph$async_dispatch_27_system_elf_riscv_64_main_graph$async_dispatch_27_conv_7x7x512x3x3_f32/process_time/real_time_cv           0.21 %          0.21 %            10 items_per_second=0.21%
