2026-01-08T02:58:39.214797
Running tools/iree-benchmark-module --module=/home/dima/sched_vmfb/fastdepth/module_main_graph$async_dispatch_32_system_elf_riscv_64_benchmark.vmfb --device=local-task --function=main_graph$async_dispatch_32_system_elf_riscv_64_main_graph$async_dispatch_32_matmul_like_512x49x1024_f32 --input=1xi32=1 --task_topology_cpu_ids=0 --benchmark_repetitions=10
2026-01-08T02:58:39+08:00
Running tools/iree-benchmark-module
Run on (8 X 1600 MHz CPU s)
CPU Caches:
  L1 Instruction 32 KiB (x8)
  L1 Data 32 KiB (x8)
  L2 Unified 512 KiB (x2)
Load Average: 3.23, 3.80, 3.30
-----------------------------------------------------------------------------------------------------------------------------------------------------------------------------------------------------
Benchmark                                                                                                                                           Time             CPU   Iterations UserCounters...
-----------------------------------------------------------------------------------------------------------------------------------------------------------------------------------------------------
BM_main_graph$async_dispatch_32_system_elf_riscv_64_main_graph$async_dispatch_32_matmul_like_512x49x1024_f32/process_time/real_time              1272 ms         1271 ms            1 items_per_second=0.786198/s
BM_main_graph$async_dispatch_32_system_elf_riscv_64_main_graph$async_dispatch_32_matmul_like_512x49x1024_f32/process_time/real_time              1268 ms         1267 ms            1 items_per_second=0.788933/s
BM_main_graph$async_dispatch_32_system_elf_riscv_64_main_graph$async_dispatch_32_matmul_like_512x49x1024_f32/process_time/real_time              1271 ms         1270 ms            1 items_per_second=0.786755/s
BM_main_graph$async_dispatch_32_system_elf_riscv_64_main_graph$async_dispatch_32_matmul_like_512x49x1024_f32/process_time/real_time              1270 ms         1270 ms            1 items_per_second=0.787176/s
BM_main_graph$async_dispatch_32_system_elf_riscv_64_main_graph$async_dispatch_32_matmul_like_512x49x1024_f32/process_time/real_time              1268 ms         1267 ms            1 items_per_second=0.788734/s
BM_main_graph$async_dispatch_32_system_elf_riscv_64_main_graph$async_dispatch_32_matmul_like_512x49x1024_f32/process_time/real_time              1270 ms         1270 ms            1 items_per_second=0.787345/s
BM_main_graph$async_dispatch_32_system_elf_riscv_64_main_graph$async_dispatch_32_matmul_like_512x49x1024_f32/process_time/real_time              1270 ms         1270 ms            1 items_per_second=0.787219/s
BM_main_graph$async_dispatch_32_system_elf_riscv_64_main_graph$async_dispatch_32_matmul_like_512x49x1024_f32/process_time/real_time              1267 ms         1267 ms            1 items_per_second=0.789009/s
BM_main_graph$async_dispatch_32_system_elf_riscv_64_main_graph$async_dispatch_32_matmul_like_512x49x1024_f32/process_time/real_time              1269 ms         1269 ms            1 items_per_second=0.787914/s
BM_main_graph$async_dispatch_32_system_elf_riscv_64_main_graph$async_dispatch_32_matmul_like_512x49x1024_f32/process_time/real_time              1267 ms         1267 ms            1 items_per_second=0.789233/s
BM_main_graph$async_dispatch_32_system_elf_riscv_64_main_graph$async_dispatch_32_matmul_like_512x49x1024_f32/process_time/real_time_mean         1269 ms         1269 ms           10 items_per_second=0.787852/s
BM_main_graph$async_dispatch_32_system_elf_riscv_64_main_graph$async_dispatch_32_matmul_like_512x49x1024_f32/process_time/real_time_median       1270 ms         1269 ms           10 items_per_second=0.78763/s
BM_main_graph$async_dispatch_32_system_elf_riscv_64_main_graph$async_dispatch_32_matmul_like_512x49x1024_f32/process_time/real_time_stddev       1.72 ms         1.62 ms           10 items_per_second=1.06719m/s
BM_main_graph$async_dispatch_32_system_elf_riscv_64_main_graph$async_dispatch_32_matmul_like_512x49x1024_f32/process_time/real_time_cv           0.14 %          0.13 %            10 items_per_second=0.14%
