2026-01-08T02:57:20.231025
Running tools/iree-benchmark-module --module=/home/dima/sched_vmfb/fastdepth/module_main_graph$async_dispatch_15_system_elf_riscv_64_benchmark.vmfb --device=local-task --function=main_graph$async_dispatch_15_system_elf_riscv_64_main_graph$async_dispatch_15_conv_14x14x256x3x3_f32 --input=1xi32=1 --task_topology_cpu_ids=0 --benchmark_repetitions=10
2026-01-08T02:57:20+08:00
Running tools/iree-benchmark-module
Run on (8 X 1600 MHz CPU s)
CPU Caches:
  L1 Instruction 32 KiB (x8)
  L1 Data 32 KiB (x8)
  L2 Unified 512 KiB (x2)
Load Average: 3.41, 3.99, 3.31
------------------------------------------------------------------------------------------------------------------------------------------------------------------------------------------------
Benchmark                                                                                                                                      Time             CPU   Iterations UserCounters...
------------------------------------------------------------------------------------------------------------------------------------------------------------------------------------------------
BM_main_graph$async_dispatch_15_system_elf_riscv_64_main_graph$async_dispatch_15_conv_14x14x256x3x3_f32/process_time/real_time              3.79 ms         3.79 ms          186 items_per_second=264.124/s
BM_main_graph$async_dispatch_15_system_elf_riscv_64_main_graph$async_dispatch_15_conv_14x14x256x3x3_f32/process_time/real_time              3.77 ms         3.77 ms          186 items_per_second=265.35/s
BM_main_graph$async_dispatch_15_system_elf_riscv_64_main_graph$async_dispatch_15_conv_14x14x256x3x3_f32/process_time/real_time              3.76 ms         3.77 ms          186 items_per_second=265.921/s
BM_main_graph$async_dispatch_15_system_elf_riscv_64_main_graph$async_dispatch_15_conv_14x14x256x3x3_f32/process_time/real_time              3.78 ms         3.79 ms          186 items_per_second=264.501/s
BM_main_graph$async_dispatch_15_system_elf_riscv_64_main_graph$async_dispatch_15_conv_14x14x256x3x3_f32/process_time/real_time              3.77 ms         3.77 ms          186 items_per_second=265.387/s
BM_main_graph$async_dispatch_15_system_elf_riscv_64_main_graph$async_dispatch_15_conv_14x14x256x3x3_f32/process_time/real_time              3.77 ms         3.77 ms          186 items_per_second=265.557/s
BM_main_graph$async_dispatch_15_system_elf_riscv_64_main_graph$async_dispatch_15_conv_14x14x256x3x3_f32/process_time/real_time              3.78 ms         3.79 ms          186 items_per_second=264.319/s
BM_main_graph$async_dispatch_15_system_elf_riscv_64_main_graph$async_dispatch_15_conv_14x14x256x3x3_f32/process_time/real_time              3.77 ms         3.77 ms          186 items_per_second=265.475/s
BM_main_graph$async_dispatch_15_system_elf_riscv_64_main_graph$async_dispatch_15_conv_14x14x256x3x3_f32/process_time/real_time              3.76 ms         3.76 ms          186 items_per_second=266.023/s
BM_main_graph$async_dispatch_15_system_elf_riscv_64_main_graph$async_dispatch_15_conv_14x14x256x3x3_f32/process_time/real_time              3.78 ms         3.78 ms          186 items_per_second=264.713/s
BM_main_graph$async_dispatch_15_system_elf_riscv_64_main_graph$async_dispatch_15_conv_14x14x256x3x3_f32/process_time/real_time_mean         3.77 ms         3.78 ms           10 items_per_second=265.137/s
BM_main_graph$async_dispatch_15_system_elf_riscv_64_main_graph$async_dispatch_15_conv_14x14x256x3x3_f32/process_time/real_time_median       3.77 ms         3.77 ms           10 items_per_second=265.369/s
BM_main_graph$async_dispatch_15_system_elf_riscv_64_main_graph$async_dispatch_15_conv_14x14x256x3x3_f32/process_time/real_time_stddev      0.010 ms        0.010 ms           10 items_per_second=0.673212/s
BM_main_graph$async_dispatch_15_system_elf_riscv_64_main_graph$async_dispatch_15_conv_14x14x256x3x3_f32/process_time/real_time_cv           0.25 %          0.26 %            10 items_per_second=0.25%
