2026-01-09T09:46:36.330964
Running tools/iree-benchmark-module --module=/home/dima/sched_vmfb/dronet_ukernel/dispatch_9.vmfb --device=local-task --function=main_graph$async_dispatch_9_system_elf_riscv_64_main_graph$async_dispatch_9_conv_128x4x4x64x3x3_f32 --input=1xi32=1 --task_topology_cpu_ids=4,5,6,7 --benchmark_repetitions=10
2026-01-09T09:46:36+08:00
Running tools/iree-benchmark-module
Run on (8 X 1600 MHz CPU s)
CPU Caches:
  L1 Instruction 32 KiB (x8)
  L1 Data 32 KiB (x8)
  L2 Unified 512 KiB (x2)
Load Average: 4.80, 3.54, 3.08
-----------------------------------------------------------------------------------------------------------------------------------------------------------------------------------------------
Benchmark                                                                                                                                     Time             CPU   Iterations UserCounters...
-----------------------------------------------------------------------------------------------------------------------------------------------------------------------------------------------
BM_main_graph$async_dispatch_9_system_elf_riscv_64_main_graph$async_dispatch_9_conv_128x4x4x64x3x3_f32/process_time/real_time              2.24 ms         8.73 ms          312 items_per_second=446.409/s
BM_main_graph$async_dispatch_9_system_elf_riscv_64_main_graph$async_dispatch_9_conv_128x4x4x64x3x3_f32/process_time/real_time              2.24 ms         8.73 ms          312 items_per_second=446.416/s
BM_main_graph$async_dispatch_9_system_elf_riscv_64_main_graph$async_dispatch_9_conv_128x4x4x64x3x3_f32/process_time/real_time              2.24 ms         8.73 ms          312 items_per_second=446.559/s
BM_main_graph$async_dispatch_9_system_elf_riscv_64_main_graph$async_dispatch_9_conv_128x4x4x64x3x3_f32/process_time/real_time              2.24 ms         8.73 ms          312 items_per_second=446.567/s
BM_main_graph$async_dispatch_9_system_elf_riscv_64_main_graph$async_dispatch_9_conv_128x4x4x64x3x3_f32/process_time/real_time              2.24 ms         8.74 ms          312 items_per_second=446.142/s
BM_main_graph$async_dispatch_9_system_elf_riscv_64_main_graph$async_dispatch_9_conv_128x4x4x64x3x3_f32/process_time/real_time              2.24 ms         8.74 ms          312 items_per_second=445.965/s
BM_main_graph$async_dispatch_9_system_elf_riscv_64_main_graph$async_dispatch_9_conv_128x4x4x64x3x3_f32/process_time/real_time              2.24 ms         8.74 ms          312 items_per_second=446.077/s
BM_main_graph$async_dispatch_9_system_elf_riscv_64_main_graph$async_dispatch_9_conv_128x4x4x64x3x3_f32/process_time/real_time              2.28 ms         8.74 ms          312 items_per_second=437.797/s
BM_main_graph$async_dispatch_9_system_elf_riscv_64_main_graph$async_dispatch_9_conv_128x4x4x64x3x3_f32/process_time/real_time              2.25 ms         8.74 ms          312 items_per_second=444.67/s
BM_main_graph$async_dispatch_9_system_elf_riscv_64_main_graph$async_dispatch_9_conv_128x4x4x64x3x3_f32/process_time/real_time              2.25 ms         8.74 ms          312 items_per_second=445.022/s
BM_main_graph$async_dispatch_9_system_elf_riscv_64_main_graph$async_dispatch_9_conv_128x4x4x64x3x3_f32/process_time/real_time_mean         2.25 ms         8.74 ms           10 items_per_second=445.162/s
BM_main_graph$async_dispatch_9_system_elf_riscv_64_main_graph$async_dispatch_9_conv_128x4x4x64x3x3_f32/process_time/real_time_median       2.24 ms         8.74 ms           10 items_per_second=446.109/s
BM_main_graph$async_dispatch_9_system_elf_riscv_64_main_graph$async_dispatch_9_conv_128x4x4x64x3x3_f32/process_time/real_time_stddev      0.014 ms        0.003 ms           10 items_per_second=2.66664/s
BM_main_graph$async_dispatch_9_system_elf_riscv_64_main_graph$async_dispatch_9_conv_128x4x4x64x3x3_f32/process_time/real_time_cv           0.61 %          0.03 %            10 items_per_second=0.60%
