2026-01-09T09:45:30.111581
Running tools/iree-benchmark-module --module=/home/dima/sched_vmfb/dronet_ukernel/dispatch_14.vmfb --device=local-task --function=main_graph$async_dispatch_14_system_elf_riscv_64_main_graph$async_dispatch_14_matvec_like_2048_f32 --input=1xi32=1 --task_topology_cpu_ids=4,5,6,7 --benchmark_repetitions=10
2026-01-09T09:45:30+08:00
Running tools/iree-benchmark-module
Run on (8 X 1600 MHz CPU s)
CPU Caches:
  L1 Instruction 32 KiB (x8)
  L1 Data 32 KiB (x8)
  L2 Unified 512 KiB (x2)
Load Average: 3.59, 3.10, 2.91
----------------------------------------------------------------------------------------------------------------------------------------------------------------------------------------------
Benchmark                                                                                                                                    Time             CPU   Iterations UserCounters...
----------------------------------------------------------------------------------------------------------------------------------------------------------------------------------------------
BM_main_graph$async_dispatch_14_system_elf_riscv_64_main_graph$async_dispatch_14_matvec_like_2048_f32/process_time/real_time             0.082 ms        0.088 ms         8538 items_per_second=12.2085k/s
BM_main_graph$async_dispatch_14_system_elf_riscv_64_main_graph$async_dispatch_14_matvec_like_2048_f32/process_time/real_time             0.082 ms        0.088 ms         8538 items_per_second=12.2044k/s
BM_main_graph$async_dispatch_14_system_elf_riscv_64_main_graph$async_dispatch_14_matvec_like_2048_f32/process_time/real_time             0.084 ms        0.089 ms         8538 items_per_second=11.8563k/s
BM_main_graph$async_dispatch_14_system_elf_riscv_64_main_graph$async_dispatch_14_matvec_like_2048_f32/process_time/real_time             0.084 ms        0.089 ms         8538 items_per_second=11.9727k/s
BM_main_graph$async_dispatch_14_system_elf_riscv_64_main_graph$async_dispatch_14_matvec_like_2048_f32/process_time/real_time             0.082 ms        0.089 ms         8538 items_per_second=12.1246k/s
BM_main_graph$async_dispatch_14_system_elf_riscv_64_main_graph$async_dispatch_14_matvec_like_2048_f32/process_time/real_time             0.084 ms        0.089 ms         8538 items_per_second=11.9078k/s
BM_main_graph$async_dispatch_14_system_elf_riscv_64_main_graph$async_dispatch_14_matvec_like_2048_f32/process_time/real_time             0.084 ms        0.089 ms         8538 items_per_second=11.9695k/s
BM_main_graph$async_dispatch_14_system_elf_riscv_64_main_graph$async_dispatch_14_matvec_like_2048_f32/process_time/real_time             0.084 ms        0.089 ms         8538 items_per_second=11.9355k/s
BM_main_graph$async_dispatch_14_system_elf_riscv_64_main_graph$async_dispatch_14_matvec_like_2048_f32/process_time/real_time             0.084 ms        0.089 ms         8538 items_per_second=11.9252k/s
BM_main_graph$async_dispatch_14_system_elf_riscv_64_main_graph$async_dispatch_14_matvec_like_2048_f32/process_time/real_time             0.083 ms        0.089 ms         8538 items_per_second=12.0891k/s
BM_main_graph$async_dispatch_14_system_elf_riscv_64_main_graph$async_dispatch_14_matvec_like_2048_f32/process_time/real_time_mean        0.083 ms        0.089 ms           10 items_per_second=12.0194k/s
BM_main_graph$async_dispatch_14_system_elf_riscv_64_main_graph$async_dispatch_14_matvec_like_2048_f32/process_time/real_time_median      0.084 ms        0.089 ms           10 items_per_second=11.9711k/s
BM_main_graph$async_dispatch_14_system_elf_riscv_64_main_graph$async_dispatch_14_matvec_like_2048_f32/process_time/real_time_stddev      0.001 ms        0.000 ms           10 items_per_second=127.166/s
BM_main_graph$async_dispatch_14_system_elf_riscv_64_main_graph$async_dispatch_14_matvec_like_2048_f32/process_time/real_time_cv           1.05 %          0.53 %            10 items_per_second=1.06%
