2026-01-09T09:46:28.927464
Running tools/iree-benchmark-module --module=/home/dima/sched_vmfb/dronet_ukernel/dispatch_8.vmfb --device=local-task --function=main_graph$async_dispatch_8_system_elf_riscv_64_main_graph$async_dispatch_8_conv_64x7x7x64x3x3_f32 --input=1xi32=1 --task_topology_cpu_ids=4,5,6,7 --benchmark_repetitions=10
2026-01-09T09:46:28+08:00
Running tools/iree-benchmark-module
Run on (8 X 1600 MHz CPU s)
CPU Caches:
  L1 Instruction 32 KiB (x8)
  L1 Data 32 KiB (x8)
  L2 Unified 512 KiB (x2)
Load Average: 4.69, 3.50, 3.06
----------------------------------------------------------------------------------------------------------------------------------------------------------------------------------------------
Benchmark                                                                                                                                    Time             CPU   Iterations UserCounters...
----------------------------------------------------------------------------------------------------------------------------------------------------------------------------------------------
BM_main_graph$async_dispatch_8_system_elf_riscv_64_main_graph$async_dispatch_8_conv_64x7x7x64x3x3_f32/process_time/real_time              3.38 ms         11.6 ms          207 items_per_second=296.097/s
BM_main_graph$async_dispatch_8_system_elf_riscv_64_main_graph$async_dispatch_8_conv_64x7x7x64x3x3_f32/process_time/real_time              3.38 ms         11.6 ms          207 items_per_second=295.813/s
BM_main_graph$async_dispatch_8_system_elf_riscv_64_main_graph$async_dispatch_8_conv_64x7x7x64x3x3_f32/process_time/real_time              3.38 ms         11.6 ms          207 items_per_second=296.005/s
BM_main_graph$async_dispatch_8_system_elf_riscv_64_main_graph$async_dispatch_8_conv_64x7x7x64x3x3_f32/process_time/real_time              3.38 ms         11.6 ms          207 items_per_second=296.037/s
BM_main_graph$async_dispatch_8_system_elf_riscv_64_main_graph$async_dispatch_8_conv_64x7x7x64x3x3_f32/process_time/real_time              3.38 ms         11.6 ms          207 items_per_second=296.014/s
BM_main_graph$async_dispatch_8_system_elf_riscv_64_main_graph$async_dispatch_8_conv_64x7x7x64x3x3_f32/process_time/real_time              3.38 ms         11.6 ms          207 items_per_second=296.015/s
BM_main_graph$async_dispatch_8_system_elf_riscv_64_main_graph$async_dispatch_8_conv_64x7x7x64x3x3_f32/process_time/real_time              3.38 ms         11.6 ms          207 items_per_second=296.12/s
BM_main_graph$async_dispatch_8_system_elf_riscv_64_main_graph$async_dispatch_8_conv_64x7x7x64x3x3_f32/process_time/real_time              3.38 ms         11.6 ms          207 items_per_second=295.421/s
BM_main_graph$async_dispatch_8_system_elf_riscv_64_main_graph$async_dispatch_8_conv_64x7x7x64x3x3_f32/process_time/real_time              3.38 ms         11.6 ms          207 items_per_second=296.064/s
BM_main_graph$async_dispatch_8_system_elf_riscv_64_main_graph$async_dispatch_8_conv_64x7x7x64x3x3_f32/process_time/real_time              3.38 ms         11.6 ms          207 items_per_second=296.011/s
BM_main_graph$async_dispatch_8_system_elf_riscv_64_main_graph$async_dispatch_8_conv_64x7x7x64x3x3_f32/process_time/real_time_mean         3.38 ms         11.6 ms           10 items_per_second=295.96/s
BM_main_graph$async_dispatch_8_system_elf_riscv_64_main_graph$async_dispatch_8_conv_64x7x7x64x3x3_f32/process_time/real_time_median       3.38 ms         11.6 ms           10 items_per_second=296.015/s
BM_main_graph$async_dispatch_8_system_elf_riscv_64_main_graph$async_dispatch_8_conv_64x7x7x64x3x3_f32/process_time/real_time_stddev      0.002 ms        0.002 ms           10 items_per_second=0.206369/s
BM_main_graph$async_dispatch_8_system_elf_riscv_64_main_graph$async_dispatch_8_conv_64x7x7x64x3x3_f32/process_time/real_time_cv           0.07 %          0.02 %            10 items_per_second=0.07%
