2026-01-09T09:57:18.457127
Running tools/iree-benchmark-module --module=/home/dima/sched_vmfb/dronet_scalar/module_main_graph$async_dispatch_8_embedded_elf_riscv_64_benchmark.vmfb --device=local-task --function=main_graph$async_dispatch_8_embedded_elf_riscv_64_main_graph$async_dispatch_8_conv_64x14x14x64x3x3_f32 --input=1xi32=1 --task_topology_cpu_ids=0,1,2,3 --benchmark_repetitions=10
2026-01-09T09:57:18+08:00
Running tools/iree-benchmark-module
Run on (8 X 1600 MHz CPU s)
CPU Caches:
  L1 Instruction 32 KiB (x8)
  L1 Data 32 KiB (x8)
  L2 Unified 512 KiB (x2)
Load Average: 5.14, 4.04, 3.39
--------------------------------------------------------------------------------------------------------------------------------------------------------------------------------------------------
Benchmark                                                                                                                                        Time             CPU   Iterations UserCounters...
--------------------------------------------------------------------------------------------------------------------------------------------------------------------------------------------------
BM_main_graph$async_dispatch_8_embedded_elf_riscv_64_main_graph$async_dispatch_8_conv_64x14x14x64x3x3_f32/process_time/real_time              12.1 ms         47.9 ms           58 items_per_second=82.392/s
BM_main_graph$async_dispatch_8_embedded_elf_riscv_64_main_graph$async_dispatch_8_conv_64x14x14x64x3x3_f32/process_time/real_time              12.1 ms         47.8 ms           58 items_per_second=82.5513/s
BM_main_graph$async_dispatch_8_embedded_elf_riscv_64_main_graph$async_dispatch_8_conv_64x14x14x64x3x3_f32/process_time/real_time              12.2 ms         47.9 ms           58 items_per_second=82.2218/s
BM_main_graph$async_dispatch_8_embedded_elf_riscv_64_main_graph$async_dispatch_8_conv_64x14x14x64x3x3_f32/process_time/real_time              12.1 ms         47.9 ms           58 items_per_second=82.504/s
BM_main_graph$async_dispatch_8_embedded_elf_riscv_64_main_graph$async_dispatch_8_conv_64x14x14x64x3x3_f32/process_time/real_time              12.2 ms         47.9 ms           58 items_per_second=82.07/s
BM_main_graph$async_dispatch_8_embedded_elf_riscv_64_main_graph$async_dispatch_8_conv_64x14x14x64x3x3_f32/process_time/real_time              12.1 ms         47.9 ms           58 items_per_second=82.4208/s
BM_main_graph$async_dispatch_8_embedded_elf_riscv_64_main_graph$async_dispatch_8_conv_64x14x14x64x3x3_f32/process_time/real_time              12.1 ms         47.9 ms           58 items_per_second=82.4281/s
BM_main_graph$async_dispatch_8_embedded_elf_riscv_64_main_graph$async_dispatch_8_conv_64x14x14x64x3x3_f32/process_time/real_time              12.2 ms         47.9 ms           58 items_per_second=81.9739/s
BM_main_graph$async_dispatch_8_embedded_elf_riscv_64_main_graph$async_dispatch_8_conv_64x14x14x64x3x3_f32/process_time/real_time              12.1 ms         47.9 ms           58 items_per_second=82.432/s
BM_main_graph$async_dispatch_8_embedded_elf_riscv_64_main_graph$async_dispatch_8_conv_64x14x14x64x3x3_f32/process_time/real_time              12.1 ms         47.9 ms           58 items_per_second=82.5706/s
BM_main_graph$async_dispatch_8_embedded_elf_riscv_64_main_graph$async_dispatch_8_conv_64x14x14x64x3x3_f32/process_time/real_time_mean         12.1 ms         47.9 ms           10 items_per_second=82.3565/s
BM_main_graph$async_dispatch_8_embedded_elf_riscv_64_main_graph$async_dispatch_8_conv_64x14x14x64x3x3_f32/process_time/real_time_median       12.1 ms         47.9 ms           10 items_per_second=82.4245/s
BM_main_graph$async_dispatch_8_embedded_elf_riscv_64_main_graph$async_dispatch_8_conv_64x14x14x64x3x3_f32/process_time/real_time_stddev      0.030 ms        0.031 ms           10 items_per_second=0.202319/s
BM_main_graph$async_dispatch_8_embedded_elf_riscv_64_main_graph$async_dispatch_8_conv_64x14x14x64x3x3_f32/process_time/real_time_cv           0.25 %          0.07 %            10 items_per_second=0.25%
