2026-01-09T09:57:25.659365
Running tools/iree-benchmark-module --module=/home/dima/sched_vmfb/dronet_scalar/module_main_graph$async_dispatch_9_embedded_elf_riscv_64_benchmark.vmfb --device=local-task --function=main_graph$async_dispatch_9_embedded_elf_riscv_64_main_graph$async_dispatch_9_conv_128x7x7x64x3x3_f32 --input=1xi32=1 --task_topology_cpu_ids=0,1,2,3 --benchmark_repetitions=10
2026-01-09T09:57:25+08:00
Running tools/iree-benchmark-module
Run on (8 X 1600 MHz CPU s)
CPU Caches:
  L1 Instruction 32 KiB (x8)
  L1 Data 32 KiB (x8)
  L2 Unified 512 KiB (x2)
Load Average: 5.27, 4.11, 3.42
-------------------------------------------------------------------------------------------------------------------------------------------------------------------------------------------------
Benchmark                                                                                                                                       Time             CPU   Iterations UserCounters...
-------------------------------------------------------------------------------------------------------------------------------------------------------------------------------------------------
BM_main_graph$async_dispatch_9_embedded_elf_riscv_64_main_graph$async_dispatch_9_conv_128x7x7x64x3x3_f32/process_time/real_time              7.11 ms         24.6 ms           98 items_per_second=140.735/s
BM_main_graph$async_dispatch_9_embedded_elf_riscv_64_main_graph$async_dispatch_9_conv_128x7x7x64x3x3_f32/process_time/real_time              7.09 ms         24.5 ms           98 items_per_second=141.044/s
BM_main_graph$async_dispatch_9_embedded_elf_riscv_64_main_graph$async_dispatch_9_conv_128x7x7x64x3x3_f32/process_time/real_time              7.11 ms         24.5 ms           98 items_per_second=140.623/s
BM_main_graph$async_dispatch_9_embedded_elf_riscv_64_main_graph$async_dispatch_9_conv_128x7x7x64x3x3_f32/process_time/real_time              7.10 ms         24.6 ms           98 items_per_second=140.763/s
BM_main_graph$async_dispatch_9_embedded_elf_riscv_64_main_graph$async_dispatch_9_conv_128x7x7x64x3x3_f32/process_time/real_time              7.10 ms         24.5 ms           98 items_per_second=140.875/s
BM_main_graph$async_dispatch_9_embedded_elf_riscv_64_main_graph$async_dispatch_9_conv_128x7x7x64x3x3_f32/process_time/real_time              7.09 ms         24.5 ms           98 items_per_second=141.114/s
BM_main_graph$async_dispatch_9_embedded_elf_riscv_64_main_graph$async_dispatch_9_conv_128x7x7x64x3x3_f32/process_time/real_time              7.11 ms         24.6 ms           98 items_per_second=140.663/s
BM_main_graph$async_dispatch_9_embedded_elf_riscv_64_main_graph$async_dispatch_9_conv_128x7x7x64x3x3_f32/process_time/real_time              7.10 ms         24.6 ms           98 items_per_second=140.874/s
BM_main_graph$async_dispatch_9_embedded_elf_riscv_64_main_graph$async_dispatch_9_conv_128x7x7x64x3x3_f32/process_time/real_time              7.09 ms         24.5 ms           98 items_per_second=141.116/s
BM_main_graph$async_dispatch_9_embedded_elf_riscv_64_main_graph$async_dispatch_9_conv_128x7x7x64x3x3_f32/process_time/real_time              7.09 ms         24.6 ms           98 items_per_second=141.125/s
BM_main_graph$async_dispatch_9_embedded_elf_riscv_64_main_graph$async_dispatch_9_conv_128x7x7x64x3x3_f32/process_time/real_time_mean         7.10 ms         24.6 ms           10 items_per_second=140.893/s
BM_main_graph$async_dispatch_9_embedded_elf_riscv_64_main_graph$async_dispatch_9_conv_128x7x7x64x3x3_f32/process_time/real_time_median       7.10 ms         24.6 ms           10 items_per_second=140.875/s
BM_main_graph$async_dispatch_9_embedded_elf_riscv_64_main_graph$async_dispatch_9_conv_128x7x7x64x3x3_f32/process_time/real_time_stddev      0.010 ms        0.015 ms           10 items_per_second=0.195359/s
BM_main_graph$async_dispatch_9_embedded_elf_riscv_64_main_graph$async_dispatch_9_conv_128x7x7x64x3x3_f32/process_time/real_time_cv           0.14 %          0.06 %            10 items_per_second=0.14%
