2026-01-09T09:57:04.244646
Running tools/iree-benchmark-module --module=/home/dima/sched_vmfb/dronet_scalar/module_main_graph$async_dispatch_6_embedded_elf_riscv_64_benchmark.vmfb --device=local-task --function=main_graph$async_dispatch_6_embedded_elf_riscv_64_main_graph$async_dispatch_6_conv_64x14x14x32x3x3_f32 --input=1xi32=1 --task_topology_cpu_ids=0,1,2,3 --benchmark_repetitions=10
2026-01-09T09:57:04+08:00
Running tools/iree-benchmark-module
Run on (8 X 1600 MHz CPU s)
CPU Caches:
  L1 Instruction 32 KiB (x8)
  L1 Data 32 KiB (x8)
  L2 Unified 512 KiB (x2)
Load Average: 4.98, 3.97, 3.36
--------------------------------------------------------------------------------------------------------------------------------------------------------------------------------------------------
Benchmark                                                                                                                                        Time             CPU   Iterations UserCounters...
--------------------------------------------------------------------------------------------------------------------------------------------------------------------------------------------------
BM_main_graph$async_dispatch_6_embedded_elf_riscv_64_main_graph$async_dispatch_6_conv_64x14x14x32x3x3_f32/process_time/real_time              6.82 ms         26.8 ms          102 items_per_second=146.613/s
BM_main_graph$async_dispatch_6_embedded_elf_riscv_64_main_graph$async_dispatch_6_conv_64x14x14x32x3x3_f32/process_time/real_time              6.82 ms         26.8 ms          102 items_per_second=146.528/s
BM_main_graph$async_dispatch_6_embedded_elf_riscv_64_main_graph$async_dispatch_6_conv_64x14x14x32x3x3_f32/process_time/real_time              6.83 ms         26.8 ms          102 items_per_second=146.308/s
BM_main_graph$async_dispatch_6_embedded_elf_riscv_64_main_graph$async_dispatch_6_conv_64x14x14x32x3x3_f32/process_time/real_time              6.82 ms         26.8 ms          102 items_per_second=146.575/s
BM_main_graph$async_dispatch_6_embedded_elf_riscv_64_main_graph$async_dispatch_6_conv_64x14x14x32x3x3_f32/process_time/real_time              6.83 ms         26.8 ms          102 items_per_second=146.317/s
BM_main_graph$async_dispatch_6_embedded_elf_riscv_64_main_graph$async_dispatch_6_conv_64x14x14x32x3x3_f32/process_time/real_time              6.86 ms         26.9 ms          102 items_per_second=145.865/s
BM_main_graph$async_dispatch_6_embedded_elf_riscv_64_main_graph$async_dispatch_6_conv_64x14x14x32x3x3_f32/process_time/real_time              6.82 ms         26.8 ms          102 items_per_second=146.633/s
BM_main_graph$async_dispatch_6_embedded_elf_riscv_64_main_graph$async_dispatch_6_conv_64x14x14x32x3x3_f32/process_time/real_time              6.83 ms         26.8 ms          102 items_per_second=146.476/s
BM_main_graph$async_dispatch_6_embedded_elf_riscv_64_main_graph$async_dispatch_6_conv_64x14x14x32x3x3_f32/process_time/real_time              6.85 ms         26.8 ms          102 items_per_second=145.985/s
BM_main_graph$async_dispatch_6_embedded_elf_riscv_64_main_graph$async_dispatch_6_conv_64x14x14x32x3x3_f32/process_time/real_time              6.82 ms         26.8 ms          102 items_per_second=146.734/s
BM_main_graph$async_dispatch_6_embedded_elf_riscv_64_main_graph$async_dispatch_6_conv_64x14x14x32x3x3_f32/process_time/real_time_mean         6.83 ms         26.8 ms           10 items_per_second=146.403/s
BM_main_graph$async_dispatch_6_embedded_elf_riscv_64_main_graph$async_dispatch_6_conv_64x14x14x32x3x3_f32/process_time/real_time_median       6.83 ms         26.8 ms           10 items_per_second=146.502/s
BM_main_graph$async_dispatch_6_embedded_elf_riscv_64_main_graph$async_dispatch_6_conv_64x14x14x32x3x3_f32/process_time/real_time_stddev      0.013 ms        0.014 ms           10 items_per_second=0.286211/s
BM_main_graph$async_dispatch_6_embedded_elf_riscv_64_main_graph$async_dispatch_6_conv_64x14x14x32x3x3_f32/process_time/real_time_cv           0.20 %          0.05 %            10 items_per_second=0.20%
