2026-01-08T03:05:49.592515
Running tools/iree-benchmark-module --module=/home/dima/sched_vmfb/fastdepth/module_main_graph$async_dispatch_6_system_elf_riscv_64_benchmark.vmfb --device=local-task --function=main_graph$async_dispatch_6_system_elf_riscv_64_main_graph$async_dispatch_6_matmul_like_128x56x56x64_f32 --input=1xi32=1 --task_topology_cpu_ids=0,1 --benchmark_repetitions=10
2026-01-08T03:05:49+08:00
Running tools/iree-benchmark-module
Run on (8 X 1600 MHz CPU s)
CPU Caches:
  L1 Instruction 32 KiB (x8)
  L1 Data 32 KiB (x8)
  L2 Unified 512 KiB (x2)
Load Average: 4.07, 3.79, 3.44
----------------------------------------------------------------------------------------------------------------------------------------------------------------------------------------------------
Benchmark                                                                                                                                          Time             CPU   Iterations UserCounters...
----------------------------------------------------------------------------------------------------------------------------------------------------------------------------------------------------
BM_main_graph$async_dispatch_6_system_elf_riscv_64_main_graph$async_dispatch_6_matmul_like_128x56x56x64_f32/process_time/real_time              56.6 ms          101 ms           12 items_per_second=17.6741/s
BM_main_graph$async_dispatch_6_system_elf_riscv_64_main_graph$async_dispatch_6_matmul_like_128x56x56x64_f32/process_time/real_time              56.4 ms          101 ms           12 items_per_second=17.7201/s
BM_main_graph$async_dispatch_6_system_elf_riscv_64_main_graph$async_dispatch_6_matmul_like_128x56x56x64_f32/process_time/real_time              56.3 ms          100 ms           12 items_per_second=17.7518/s
BM_main_graph$async_dispatch_6_system_elf_riscv_64_main_graph$async_dispatch_6_matmul_like_128x56x56x64_f32/process_time/real_time              56.1 ms          100 ms           12 items_per_second=17.8398/s
BM_main_graph$async_dispatch_6_system_elf_riscv_64_main_graph$async_dispatch_6_matmul_like_128x56x56x64_f32/process_time/real_time              56.2 ms          100 ms           12 items_per_second=17.7851/s
BM_main_graph$async_dispatch_6_system_elf_riscv_64_main_graph$async_dispatch_6_matmul_like_128x56x56x64_f32/process_time/real_time              56.5 ms          101 ms           12 items_per_second=17.6941/s
BM_main_graph$async_dispatch_6_system_elf_riscv_64_main_graph$async_dispatch_6_matmul_like_128x56x56x64_f32/process_time/real_time              56.7 ms          101 ms           12 items_per_second=17.6489/s
BM_main_graph$async_dispatch_6_system_elf_riscv_64_main_graph$async_dispatch_6_matmul_like_128x56x56x64_f32/process_time/real_time              56.5 ms          101 ms           12 items_per_second=17.6931/s
BM_main_graph$async_dispatch_6_system_elf_riscv_64_main_graph$async_dispatch_6_matmul_like_128x56x56x64_f32/process_time/real_time              56.4 ms          101 ms           12 items_per_second=17.7221/s
BM_main_graph$async_dispatch_6_system_elf_riscv_64_main_graph$async_dispatch_6_matmul_like_128x56x56x64_f32/process_time/real_time              56.4 ms          100 ms           12 items_per_second=17.7438/s
BM_main_graph$async_dispatch_6_system_elf_riscv_64_main_graph$async_dispatch_6_matmul_like_128x56x56x64_f32/process_time/real_time_mean         56.4 ms          101 ms           10 items_per_second=17.7273/s
BM_main_graph$async_dispatch_6_system_elf_riscv_64_main_graph$async_dispatch_6_matmul_like_128x56x56x64_f32/process_time/real_time_median       56.4 ms          101 ms           10 items_per_second=17.7211/s
BM_main_graph$async_dispatch_6_system_elf_riscv_64_main_graph$async_dispatch_6_matmul_like_128x56x56x64_f32/process_time/real_time_stddev      0.178 ms        0.274 ms           10 items_per_second=0.055974/s
BM_main_graph$async_dispatch_6_system_elf_riscv_64_main_graph$async_dispatch_6_matmul_like_128x56x56x64_f32/process_time/real_time_cv           0.32 %          0.27 %            10 items_per_second=0.32%
