2026-01-09T09:32:29.506811
Running tools/iree-benchmark-module --module=/home/dima/sched_vmfb/dronet_ukernel/dispatch_11.vmfb --device=local-task --function=main_graph$async_dispatch_11_system_elf_riscv_64_main_graph$async_dispatch_11_conv_128x4x4x128x3x3_f32 --input=1xi32=1 --task_topology_cpu_ids=0 --benchmark_repetitions=10
2026-01-09T09:32:29+08:00
Running tools/iree-benchmark-module
Run on (8 X 1600 MHz CPU s)
CPU Caches:
  L1 Instruction 32 KiB (x8)
  L1 Data 32 KiB (x8)
  L2 Unified 512 KiB (x2)
Load Average: 2.64, 2.23, 2.37
--------------------------------------------------------------------------------------------------------------------------------------------------------------------------------------------------
Benchmark                                                                                                                                        Time             CPU   Iterations UserCounters...
--------------------------------------------------------------------------------------------------------------------------------------------------------------------------------------------------
BM_main_graph$async_dispatch_11_system_elf_riscv_64_main_graph$async_dispatch_11_conv_128x4x4x128x3x3_f32/process_time/real_time              13.7 ms         13.7 ms           50 items_per_second=72.7591/s
BM_main_graph$async_dispatch_11_system_elf_riscv_64_main_graph$async_dispatch_11_conv_128x4x4x128x3x3_f32/process_time/real_time              13.7 ms         13.7 ms           50 items_per_second=72.975/s
BM_main_graph$async_dispatch_11_system_elf_riscv_64_main_graph$async_dispatch_11_conv_128x4x4x128x3x3_f32/process_time/real_time              13.7 ms         13.7 ms           50 items_per_second=72.8436/s
BM_main_graph$async_dispatch_11_system_elf_riscv_64_main_graph$async_dispatch_11_conv_128x4x4x128x3x3_f32/process_time/real_time              13.7 ms         13.7 ms           50 items_per_second=72.976/s
BM_main_graph$async_dispatch_11_system_elf_riscv_64_main_graph$async_dispatch_11_conv_128x4x4x128x3x3_f32/process_time/real_time              13.7 ms         13.7 ms           50 items_per_second=72.8991/s
BM_main_graph$async_dispatch_11_system_elf_riscv_64_main_graph$async_dispatch_11_conv_128x4x4x128x3x3_f32/process_time/real_time              13.7 ms         13.7 ms           50 items_per_second=72.7718/s
BM_main_graph$async_dispatch_11_system_elf_riscv_64_main_graph$async_dispatch_11_conv_128x4x4x128x3x3_f32/process_time/real_time              13.7 ms         13.7 ms           50 items_per_second=73.003/s
BM_main_graph$async_dispatch_11_system_elf_riscv_64_main_graph$async_dispatch_11_conv_128x4x4x128x3x3_f32/process_time/real_time              13.7 ms         13.7 ms           50 items_per_second=72.7765/s
BM_main_graph$async_dispatch_11_system_elf_riscv_64_main_graph$async_dispatch_11_conv_128x4x4x128x3x3_f32/process_time/real_time              13.7 ms         13.7 ms           50 items_per_second=72.813/s
BM_main_graph$async_dispatch_11_system_elf_riscv_64_main_graph$async_dispatch_11_conv_128x4x4x128x3x3_f32/process_time/real_time              13.7 ms         13.7 ms           50 items_per_second=73.0119/s
BM_main_graph$async_dispatch_11_system_elf_riscv_64_main_graph$async_dispatch_11_conv_128x4x4x128x3x3_f32/process_time/real_time_mean         13.7 ms         13.7 ms           10 items_per_second=72.8829/s
BM_main_graph$async_dispatch_11_system_elf_riscv_64_main_graph$async_dispatch_11_conv_128x4x4x128x3x3_f32/process_time/real_time_median       13.7 ms         13.7 ms           10 items_per_second=72.8713/s
BM_main_graph$async_dispatch_11_system_elf_riscv_64_main_graph$async_dispatch_11_conv_128x4x4x128x3x3_f32/process_time/real_time_stddev      0.019 ms        0.017 ms           10 items_per_second=0.102146/s
BM_main_graph$async_dispatch_11_system_elf_riscv_64_main_graph$async_dispatch_11_conv_128x4x4x128x3x3_f32/process_time/real_time_cv           0.14 %          0.12 %            10 items_per_second=0.14%
