2026-01-09T09:33:41.762965
Running tools/iree-benchmark-module --module=/home/dima/sched_vmfb/dronet_ukernel/dispatch_7.vmfb --device=local-task --function=main_graph$async_dispatch_7_system_elf_riscv_64_main_graph$async_dispatch_7_matmul_like_64x7x7x32_f32 --input=1xi32=1 --task_topology_cpu_ids=0 --benchmark_repetitions=10
2026-01-09T09:33:41+08:00
Running tools/iree-benchmark-module
Run on (8 X 1600 MHz CPU s)
CPU Caches:
  L1 Instruction 32 KiB (x8)
  L1 Data 32 KiB (x8)
  L2 Unified 512 KiB (x2)
Load Average: 3.10, 2.49, 2.46
-------------------------------------------------------------------------------------------------------------------------------------------------------------------------------------------------
Benchmark                                                                                                                                       Time             CPU   Iterations UserCounters...
-------------------------------------------------------------------------------------------------------------------------------------------------------------------------------------------------
BM_main_graph$async_dispatch_7_system_elf_riscv_64_main_graph$async_dispatch_7_matmul_like_64x7x7x32_f32/process_time/real_time             0.943 ms        0.950 ms          745 items_per_second=1.06046k/s
BM_main_graph$async_dispatch_7_system_elf_riscv_64_main_graph$async_dispatch_7_matmul_like_64x7x7x32_f32/process_time/real_time             0.940 ms        0.947 ms          745 items_per_second=1.06392k/s
BM_main_graph$async_dispatch_7_system_elf_riscv_64_main_graph$async_dispatch_7_matmul_like_64x7x7x32_f32/process_time/real_time             0.939 ms        0.946 ms          745 items_per_second=1.06442k/s
BM_main_graph$async_dispatch_7_system_elf_riscv_64_main_graph$async_dispatch_7_matmul_like_64x7x7x32_f32/process_time/real_time             0.943 ms        0.950 ms          745 items_per_second=1.06067k/s
BM_main_graph$async_dispatch_7_system_elf_riscv_64_main_graph$async_dispatch_7_matmul_like_64x7x7x32_f32/process_time/real_time             0.941 ms        0.948 ms          745 items_per_second=1.06265k/s
BM_main_graph$async_dispatch_7_system_elf_riscv_64_main_graph$async_dispatch_7_matmul_like_64x7x7x32_f32/process_time/real_time             0.940 ms        0.947 ms          745 items_per_second=1.06344k/s
BM_main_graph$async_dispatch_7_system_elf_riscv_64_main_graph$async_dispatch_7_matmul_like_64x7x7x32_f32/process_time/real_time             0.943 ms        0.950 ms          745 items_per_second=1.06041k/s
BM_main_graph$async_dispatch_7_system_elf_riscv_64_main_graph$async_dispatch_7_matmul_like_64x7x7x32_f32/process_time/real_time             0.939 ms        0.946 ms          745 items_per_second=1.0645k/s
BM_main_graph$async_dispatch_7_system_elf_riscv_64_main_graph$async_dispatch_7_matmul_like_64x7x7x32_f32/process_time/real_time             0.944 ms        0.947 ms          745 items_per_second=1.05944k/s
BM_main_graph$async_dispatch_7_system_elf_riscv_64_main_graph$async_dispatch_7_matmul_like_64x7x7x32_f32/process_time/real_time             0.943 ms        0.950 ms          745 items_per_second=1.06079k/s
BM_main_graph$async_dispatch_7_system_elf_riscv_64_main_graph$async_dispatch_7_matmul_like_64x7x7x32_f32/process_time/real_time_mean        0.942 ms        0.948 ms           10 items_per_second=1.06207k/s
BM_main_graph$async_dispatch_7_system_elf_riscv_64_main_graph$async_dispatch_7_matmul_like_64x7x7x32_f32/process_time/real_time_median      0.942 ms        0.948 ms           10 items_per_second=1.06172k/s
BM_main_graph$async_dispatch_7_system_elf_riscv_64_main_graph$async_dispatch_7_matmul_like_64x7x7x32_f32/process_time/real_time_stddev      0.002 ms        0.002 ms           10 items_per_second=1.91344/s
BM_main_graph$async_dispatch_7_system_elf_riscv_64_main_graph$async_dispatch_7_matmul_like_64x7x7x32_f32/process_time/real_time_cv           0.18 %          0.17 %            10 items_per_second=0.18%
