2026-01-09T13:26:06.645579
Running tools/iree-benchmark-module --module=/home/dima/sched_vmfb/dronet_ukernel/module_main_graph$async_dispatch_5_embedded_elf_riscv_64_benchmark.vmfb --device=local-task --function=main_graph$async_dispatch_5_embedded_elf_riscv_64_main_graph$async_dispatch_5_conv_32x14x14x32x3x3_f32 --input=1xi32=1 --task_topology_cpu_ids=0 --benchmark_repetitions=10
2026-01-09T13:26:06+08:00
Running tools/iree-benchmark-module
Run on (8 X 1600 MHz CPU s)
CPU Caches:
  L1 Instruction 32 KiB (x8)
  L1 Data 32 KiB (x8)
  L2 Unified 512 KiB (x2)
Load Average: 2.79, 2.37, 2.25
--------------------------------------------------------------------------------------------------------------------------------------------------------------------------------------------------
Benchmark                                                                                                                                        Time             CPU   Iterations UserCounters...
--------------------------------------------------------------------------------------------------------------------------------------------------------------------------------------------------
BM_main_graph$async_dispatch_5_embedded_elf_riscv_64_main_graph$async_dispatch_5_conv_32x14x14x32x3x3_f32/process_time/real_time              10.6 ms         10.6 ms           67 items_per_second=94.5975/s
BM_main_graph$async_dispatch_5_embedded_elf_riscv_64_main_graph$async_dispatch_5_conv_32x14x14x32x3x3_f32/process_time/real_time              10.5 ms         10.5 ms           67 items_per_second=94.8172/s
BM_main_graph$async_dispatch_5_embedded_elf_riscv_64_main_graph$async_dispatch_5_conv_32x14x14x32x3x3_f32/process_time/real_time              10.6 ms         10.6 ms           67 items_per_second=93.9837/s
BM_main_graph$async_dispatch_5_embedded_elf_riscv_64_main_graph$async_dispatch_5_conv_32x14x14x32x3x3_f32/process_time/real_time              10.6 ms         10.6 ms           67 items_per_second=94.6209/s
BM_main_graph$async_dispatch_5_embedded_elf_riscv_64_main_graph$async_dispatch_5_conv_32x14x14x32x3x3_f32/process_time/real_time              10.5 ms         10.5 ms           67 items_per_second=94.8987/s
BM_main_graph$async_dispatch_5_embedded_elf_riscv_64_main_graph$async_dispatch_5_conv_32x14x14x32x3x3_f32/process_time/real_time              10.5 ms         10.5 ms           67 items_per_second=94.9014/s
BM_main_graph$async_dispatch_5_embedded_elf_riscv_64_main_graph$async_dispatch_5_conv_32x14x14x32x3x3_f32/process_time/real_time              10.6 ms         10.6 ms           67 items_per_second=94.668/s
BM_main_graph$async_dispatch_5_embedded_elf_riscv_64_main_graph$async_dispatch_5_conv_32x14x14x32x3x3_f32/process_time/real_time              10.5 ms         10.5 ms           67 items_per_second=95.0529/s
BM_main_graph$async_dispatch_5_embedded_elf_riscv_64_main_graph$async_dispatch_5_conv_32x14x14x32x3x3_f32/process_time/real_time              10.5 ms         10.5 ms           67 items_per_second=95.1459/s
BM_main_graph$async_dispatch_5_embedded_elf_riscv_64_main_graph$async_dispatch_5_conv_32x14x14x32x3x3_f32/process_time/real_time              10.6 ms         10.6 ms           67 items_per_second=94.5652/s
BM_main_graph$async_dispatch_5_embedded_elf_riscv_64_main_graph$async_dispatch_5_conv_32x14x14x32x3x3_f32/process_time/real_time_mean         10.6 ms         10.6 ms           10 items_per_second=94.7251/s
BM_main_graph$async_dispatch_5_embedded_elf_riscv_64_main_graph$async_dispatch_5_conv_32x14x14x32x3x3_f32/process_time/real_time_median       10.6 ms         10.6 ms           10 items_per_second=94.7426/s
BM_main_graph$async_dispatch_5_embedded_elf_riscv_64_main_graph$async_dispatch_5_conv_32x14x14x32x3x3_f32/process_time/real_time_stddev      0.037 ms        0.022 ms           10 items_per_second=0.32657/s
BM_main_graph$async_dispatch_5_embedded_elf_riscv_64_main_graph$async_dispatch_5_conv_32x14x14x32x3x3_f32/process_time/real_time_cv           0.35 %          0.21 %            10 items_per_second=0.34%
