2026-01-09T13:26:20.780782
Running tools/iree-benchmark-module --module=/home/dima/sched_vmfb/dronet_ukernel/module_main_graph$async_dispatch_7_embedded_elf_riscv_64_benchmark.vmfb --device=local-task --function=main_graph$async_dispatch_7_embedded_elf_riscv_64_main_graph$async_dispatch_7_matmul_like_64x7x7x32_f32 --input=1xi32=1 --task_topology_cpu_ids=0 --benchmark_repetitions=10
2026-01-09T13:26:20+08:00
Running tools/iree-benchmark-module
Run on (8 X 1600 MHz CPU s)
CPU Caches:
  L1 Instruction 32 KiB (x8)
  L1 Data 32 KiB (x8)
  L2 Unified 512 KiB (x2)
Load Average: 2.84, 2.41, 2.26
---------------------------------------------------------------------------------------------------------------------------------------------------------------------------------------------------
Benchmark                                                                                                                                         Time             CPU   Iterations UserCounters...
---------------------------------------------------------------------------------------------------------------------------------------------------------------------------------------------------
BM_main_graph$async_dispatch_7_embedded_elf_riscv_64_main_graph$async_dispatch_7_matmul_like_64x7x7x32_f32/process_time/real_time             0.955 ms        0.955 ms          722 items_per_second=1.0472k/s
BM_main_graph$async_dispatch_7_embedded_elf_riscv_64_main_graph$async_dispatch_7_matmul_like_64x7x7x32_f32/process_time/real_time             0.966 ms        0.965 ms          722 items_per_second=1.03549k/s
BM_main_graph$async_dispatch_7_embedded_elf_riscv_64_main_graph$async_dispatch_7_matmul_like_64x7x7x32_f32/process_time/real_time             0.962 ms        0.966 ms          722 items_per_second=1.03986k/s
BM_main_graph$async_dispatch_7_embedded_elf_riscv_64_main_graph$async_dispatch_7_matmul_like_64x7x7x32_f32/process_time/real_time             0.962 ms        0.963 ms          722 items_per_second=1.03975k/s
BM_main_graph$async_dispatch_7_embedded_elf_riscv_64_main_graph$async_dispatch_7_matmul_like_64x7x7x32_f32/process_time/real_time             0.953 ms        0.954 ms          722 items_per_second=1.04912k/s
BM_main_graph$async_dispatch_7_embedded_elf_riscv_64_main_graph$async_dispatch_7_matmul_like_64x7x7x32_f32/process_time/real_time             0.960 ms        0.962 ms          722 items_per_second=1.04217k/s
BM_main_graph$async_dispatch_7_embedded_elf_riscv_64_main_graph$async_dispatch_7_matmul_like_64x7x7x32_f32/process_time/real_time             0.977 ms        0.983 ms          722 items_per_second=1.02375k/s
BM_main_graph$async_dispatch_7_embedded_elf_riscv_64_main_graph$async_dispatch_7_matmul_like_64x7x7x32_f32/process_time/real_time             0.973 ms        0.978 ms          722 items_per_second=1.02807k/s
BM_main_graph$async_dispatch_7_embedded_elf_riscv_64_main_graph$async_dispatch_7_matmul_like_64x7x7x32_f32/process_time/real_time             0.962 ms        0.964 ms          722 items_per_second=1.03979k/s
BM_main_graph$async_dispatch_7_embedded_elf_riscv_64_main_graph$async_dispatch_7_matmul_like_64x7x7x32_f32/process_time/real_time             0.958 ms        0.958 ms          722 items_per_second=1.04427k/s
BM_main_graph$async_dispatch_7_embedded_elf_riscv_64_main_graph$async_dispatch_7_matmul_like_64x7x7x32_f32/process_time/real_time_mean        0.963 ms        0.965 ms           10 items_per_second=1.03895k/s
BM_main_graph$async_dispatch_7_embedded_elf_riscv_64_main_graph$async_dispatch_7_matmul_like_64x7x7x32_f32/process_time/real_time_median      0.962 ms        0.963 ms           10 items_per_second=1.03983k/s
BM_main_graph$async_dispatch_7_embedded_elf_riscv_64_main_graph$async_dispatch_7_matmul_like_64x7x7x32_f32/process_time/real_time_stddev      0.007 ms        0.009 ms           10 items_per_second=7.98475/s
BM_main_graph$async_dispatch_7_embedded_elf_riscv_64_main_graph$async_dispatch_7_matmul_like_64x7x7x32_f32/process_time/real_time_cv           0.77 %          0.97 %            10 items_per_second=0.77%
