2026-01-09T12:20:52.368778
Running tools/iree-benchmark-module --module=/home/dima/sched_vmfb/fastdepth_rvv/module_main_graph$async_dispatch_36_system_elf_riscv_64_benchmark.vmfb --device=local-task --function=main_graph$async_dispatch_36_system_elf_riscv_64_main_graph$async_dispatch_36_elementwise_256x28x28_f32 --input=1xi32=1 --task_topology_cpu_ids=0 --benchmark_repetitions=10
2026-01-09T12:20:52+08:00
Running tools/iree-benchmark-module
Run on (8 X 1600 MHz CPU s)
CPU Caches:
  L1 Instruction 32 KiB (x8)
  L1 Data 32 KiB (x8)
  L2 Unified 512 KiB (x2)
Load Average: 3.03, 2.62, 2.53
---------------------------------------------------------------------------------------------------------------------------------------------------------------------------------------------------
Benchmark                                                                                                                                         Time             CPU   Iterations UserCounters...
---------------------------------------------------------------------------------------------------------------------------------------------------------------------------------------------------
BM_main_graph$async_dispatch_36_system_elf_riscv_64_main_graph$async_dispatch_36_elementwise_256x28x28_f32/process_time/real_time              2.08 ms         2.10 ms          338 items_per_second=481.472/s
BM_main_graph$async_dispatch_36_system_elf_riscv_64_main_graph$async_dispatch_36_elementwise_256x28x28_f32/process_time/real_time              2.07 ms         2.10 ms          338 items_per_second=482.602/s
BM_main_graph$async_dispatch_36_system_elf_riscv_64_main_graph$async_dispatch_36_elementwise_256x28x28_f32/process_time/real_time              2.08 ms         2.11 ms          338 items_per_second=480.272/s
BM_main_graph$async_dispatch_36_system_elf_riscv_64_main_graph$async_dispatch_36_elementwise_256x28x28_f32/process_time/real_time              2.08 ms         2.10 ms          338 items_per_second=481.647/s
BM_main_graph$async_dispatch_36_system_elf_riscv_64_main_graph$async_dispatch_36_elementwise_256x28x28_f32/process_time/real_time              2.08 ms         2.10 ms          338 items_per_second=480.897/s
BM_main_graph$async_dispatch_36_system_elf_riscv_64_main_graph$async_dispatch_36_elementwise_256x28x28_f32/process_time/real_time              2.09 ms         2.11 ms          338 items_per_second=478.907/s
BM_main_graph$async_dispatch_36_system_elf_riscv_64_main_graph$async_dispatch_36_elementwise_256x28x28_f32/process_time/real_time              2.07 ms         2.09 ms          338 items_per_second=483.612/s
BM_main_graph$async_dispatch_36_system_elf_riscv_64_main_graph$async_dispatch_36_elementwise_256x28x28_f32/process_time/real_time              2.08 ms         2.11 ms          338 items_per_second=480.733/s
BM_main_graph$async_dispatch_36_system_elf_riscv_64_main_graph$async_dispatch_36_elementwise_256x28x28_f32/process_time/real_time              2.09 ms         2.11 ms          338 items_per_second=479.519/s
BM_main_graph$async_dispatch_36_system_elf_riscv_64_main_graph$async_dispatch_36_elementwise_256x28x28_f32/process_time/real_time              2.07 ms         2.10 ms          338 items_per_second=482.109/s
BM_main_graph$async_dispatch_36_system_elf_riscv_64_main_graph$async_dispatch_36_elementwise_256x28x28_f32/process_time/real_time_mean         2.08 ms         2.10 ms           10 items_per_second=481.177/s
BM_main_graph$async_dispatch_36_system_elf_riscv_64_main_graph$async_dispatch_36_elementwise_256x28x28_f32/process_time/real_time_median       2.08 ms         2.10 ms           10 items_per_second=481.184/s
BM_main_graph$async_dispatch_36_system_elf_riscv_64_main_graph$async_dispatch_36_elementwise_256x28x28_f32/process_time/real_time_stddev      0.006 ms        0.007 ms           10 items_per_second=1.41936/s
BM_main_graph$async_dispatch_36_system_elf_riscv_64_main_graph$async_dispatch_36_elementwise_256x28x28_f32/process_time/real_time_cv           0.29 %          0.31 %            10 items_per_second=0.29%
