2026-01-09T12:19:07.494225
Running tools/iree-benchmark-module --module=/home/dima/sched_vmfb/fastdepth_rvv/module_main_graph$async_dispatch_15_system_elf_riscv_64_benchmark.vmfb --device=local-task --function=main_graph$async_dispatch_15_system_elf_riscv_64_main_graph$async_dispatch_15_conv_14x14x256x3x3_f32 --input=1xi32=1 --task_topology_cpu_ids=0 --benchmark_repetitions=10
2026-01-09T12:19:07+08:00
Running tools/iree-benchmark-module
Run on (8 X 1600 MHz CPU s)
CPU Caches:
  L1 Instruction 32 KiB (x8)
  L1 Data 32 KiB (x8)
  L2 Unified 512 KiB (x2)
Load Average: 2.85, 2.41, 2.46
------------------------------------------------------------------------------------------------------------------------------------------------------------------------------------------------
Benchmark                                                                                                                                      Time             CPU   Iterations UserCounters...
------------------------------------------------------------------------------------------------------------------------------------------------------------------------------------------------
BM_main_graph$async_dispatch_15_system_elf_riscv_64_main_graph$async_dispatch_15_conv_14x14x256x3x3_f32/process_time/real_time              3.61 ms         3.62 ms          193 items_per_second=276.785/s
BM_main_graph$async_dispatch_15_system_elf_riscv_64_main_graph$async_dispatch_15_conv_14x14x256x3x3_f32/process_time/real_time              3.62 ms         3.62 ms          193 items_per_second=276.601/s
BM_main_graph$async_dispatch_15_system_elf_riscv_64_main_graph$async_dispatch_15_conv_14x14x256x3x3_f32/process_time/real_time              3.62 ms         3.63 ms          193 items_per_second=276.033/s
BM_main_graph$async_dispatch_15_system_elf_riscv_64_main_graph$async_dispatch_15_conv_14x14x256x3x3_f32/process_time/real_time              3.62 ms         3.62 ms          193 items_per_second=276.581/s
BM_main_graph$async_dispatch_15_system_elf_riscv_64_main_graph$async_dispatch_15_conv_14x14x256x3x3_f32/process_time/real_time              3.61 ms         3.62 ms          193 items_per_second=276.634/s
BM_main_graph$async_dispatch_15_system_elf_riscv_64_main_graph$async_dispatch_15_conv_14x14x256x3x3_f32/process_time/real_time              3.64 ms         3.64 ms          193 items_per_second=275.074/s
BM_main_graph$async_dispatch_15_system_elf_riscv_64_main_graph$async_dispatch_15_conv_14x14x256x3x3_f32/process_time/real_time              3.62 ms         3.62 ms          193 items_per_second=276.612/s
BM_main_graph$async_dispatch_15_system_elf_riscv_64_main_graph$async_dispatch_15_conv_14x14x256x3x3_f32/process_time/real_time              3.63 ms         3.63 ms          193 items_per_second=275.77/s
BM_main_graph$async_dispatch_15_system_elf_riscv_64_main_graph$async_dispatch_15_conv_14x14x256x3x3_f32/process_time/real_time              3.62 ms         3.62 ms          193 items_per_second=276.567/s
BM_main_graph$async_dispatch_15_system_elf_riscv_64_main_graph$async_dispatch_15_conv_14x14x256x3x3_f32/process_time/real_time              3.61 ms         3.62 ms          193 items_per_second=277.201/s
BM_main_graph$async_dispatch_15_system_elf_riscv_64_main_graph$async_dispatch_15_conv_14x14x256x3x3_f32/process_time/real_time_mean         3.62 ms         3.63 ms           10 items_per_second=276.386/s
BM_main_graph$async_dispatch_15_system_elf_riscv_64_main_graph$async_dispatch_15_conv_14x14x256x3x3_f32/process_time/real_time_median       3.62 ms         3.62 ms           10 items_per_second=276.591/s
BM_main_graph$async_dispatch_15_system_elf_riscv_64_main_graph$async_dispatch_15_conv_14x14x256x3x3_f32/process_time/real_time_stddev      0.008 ms        0.008 ms           10 items_per_second=0.603594/s
BM_main_graph$async_dispatch_15_system_elf_riscv_64_main_graph$async_dispatch_15_conv_14x14x256x3x3_f32/process_time/real_time_cv           0.22 %          0.22 %            10 items_per_second=0.22%
