2026-01-09T12:22:31.551232
Running tools/iree-benchmark-module --module=/home/dima/sched_vmfb/fastdepth_rvv/module_main_graph$async_dispatch_8_system_elf_riscv_64_benchmark.vmfb --device=local-task --function=main_graph$async_dispatch_8_system_elf_riscv_64_main_graph$async_dispatch_8_matmul_like_128x3136x128_f32 --input=1xi32=1 --task_topology_cpu_ids=0 --benchmark_repetitions=10
2026-01-09T12:22:31+08:00
Running tools/iree-benchmark-module
Run on (8 X 1600 MHz CPU s)
CPU Caches:
  L1 Instruction 32 KiB (x8)
  L1 Data 32 KiB (x8)
  L2 Unified 512 KiB (x2)
Load Average: 3.12, 2.76, 2.59
----------------------------------------------------------------------------------------------------------------------------------------------------------------------------------------------------
Benchmark                                                                                                                                          Time             CPU   Iterations UserCounters...
----------------------------------------------------------------------------------------------------------------------------------------------------------------------------------------------------
BM_main_graph$async_dispatch_8_system_elf_riscv_64_main_graph$async_dispatch_8_matmul_like_128x3136x128_f32/process_time/real_time              1051 ms         1051 ms            1 items_per_second=0.951497/s
BM_main_graph$async_dispatch_8_system_elf_riscv_64_main_graph$async_dispatch_8_matmul_like_128x3136x128_f32/process_time/real_time              1048 ms         1048 ms            1 items_per_second=0.953789/s
BM_main_graph$async_dispatch_8_system_elf_riscv_64_main_graph$async_dispatch_8_matmul_like_128x3136x128_f32/process_time/real_time              1046 ms         1046 ms            1 items_per_second=0.955699/s
BM_main_graph$async_dispatch_8_system_elf_riscv_64_main_graph$async_dispatch_8_matmul_like_128x3136x128_f32/process_time/real_time              1049 ms         1048 ms            1 items_per_second=0.953578/s
BM_main_graph$async_dispatch_8_system_elf_riscv_64_main_graph$async_dispatch_8_matmul_like_128x3136x128_f32/process_time/real_time              1046 ms         1046 ms            1 items_per_second=0.956186/s
BM_main_graph$async_dispatch_8_system_elf_riscv_64_main_graph$async_dispatch_8_matmul_like_128x3136x128_f32/process_time/real_time              1048 ms         1048 ms            1 items_per_second=0.954282/s
BM_main_graph$async_dispatch_8_system_elf_riscv_64_main_graph$async_dispatch_8_matmul_like_128x3136x128_f32/process_time/real_time              1046 ms         1046 ms            1 items_per_second=0.955881/s
BM_main_graph$async_dispatch_8_system_elf_riscv_64_main_graph$async_dispatch_8_matmul_like_128x3136x128_f32/process_time/real_time              1048 ms         1048 ms            1 items_per_second=0.95417/s
BM_main_graph$async_dispatch_8_system_elf_riscv_64_main_graph$async_dispatch_8_matmul_like_128x3136x128_f32/process_time/real_time              1046 ms         1046 ms            1 items_per_second=0.955713/s
BM_main_graph$async_dispatch_8_system_elf_riscv_64_main_graph$async_dispatch_8_matmul_like_128x3136x128_f32/process_time/real_time              1048 ms         1048 ms            1 items_per_second=0.954439/s
BM_main_graph$async_dispatch_8_system_elf_riscv_64_main_graph$async_dispatch_8_matmul_like_128x3136x128_f32/process_time/real_time_mean         1048 ms         1047 ms           10 items_per_second=0.954523/s
BM_main_graph$async_dispatch_8_system_elf_riscv_64_main_graph$async_dispatch_8_matmul_like_128x3136x128_f32/process_time/real_time_median       1048 ms         1048 ms           10 items_per_second=0.954361/s
BM_main_graph$async_dispatch_8_system_elf_riscv_64_main_graph$async_dispatch_8_matmul_like_128x3136x128_f32/process_time/real_time_stddev       1.56 ms         1.49 ms           10 items_per_second=1.42142m/s
BM_main_graph$async_dispatch_8_system_elf_riscv_64_main_graph$async_dispatch_8_matmul_like_128x3136x128_f32/process_time/real_time_cv           0.15 %          0.14 %            10 items_per_second=0.15%
