2026-01-09T12:20:31.872752
Running tools/iree-benchmark-module --module=/home/dima/sched_vmfb/fastdepth_rvv/module_main_graph$async_dispatch_33_system_elf_riscv_64_benchmark.vmfb --device=local-task --function=main_graph$async_dispatch_33_system_elf_riscv_64_main_graph$async_dispatch_33_elementwise_broadcast_512x14x14_f32 --input=1xi32=1 --task_topology_cpu_ids=0 --benchmark_repetitions=10
2026-01-09T12:20:31+08:00
Running tools/iree-benchmark-module
Run on (8 X 1600 MHz CPU s)
CPU Caches:
  L1 Instruction 32 KiB (x8)
  L1 Data 32 KiB (x8)
  L2 Unified 512 KiB (x2)
Load Average: 3.04, 2.59, 2.52
-------------------------------------------------------------------------------------------------------------------------------------------------------------------------------------------------------------
Benchmark                                                                                                                                                   Time             CPU   Iterations UserCounters...
-------------------------------------------------------------------------------------------------------------------------------------------------------------------------------------------------------------
BM_main_graph$async_dispatch_33_system_elf_riscv_64_main_graph$async_dispatch_33_elementwise_broadcast_512x14x14_f32/process_time/real_time             0.576 ms        0.587 ms         1221 items_per_second=1.73485k/s
BM_main_graph$async_dispatch_33_system_elf_riscv_64_main_graph$async_dispatch_33_elementwise_broadcast_512x14x14_f32/process_time/real_time             0.572 ms        0.582 ms         1221 items_per_second=1.7494k/s
BM_main_graph$async_dispatch_33_system_elf_riscv_64_main_graph$async_dispatch_33_elementwise_broadcast_512x14x14_f32/process_time/real_time             0.637 ms        0.647 ms         1221 items_per_second=1.56986k/s
BM_main_graph$async_dispatch_33_system_elf_riscv_64_main_graph$async_dispatch_33_elementwise_broadcast_512x14x14_f32/process_time/real_time             0.652 ms        0.672 ms         1221 items_per_second=1.53467k/s
BM_main_graph$async_dispatch_33_system_elf_riscv_64_main_graph$async_dispatch_33_elementwise_broadcast_512x14x14_f32/process_time/real_time             0.669 ms        0.685 ms         1221 items_per_second=1.49477k/s
BM_main_graph$async_dispatch_33_system_elf_riscv_64_main_graph$async_dispatch_33_elementwise_broadcast_512x14x14_f32/process_time/real_time             0.668 ms        0.689 ms         1221 items_per_second=1.49743k/s
BM_main_graph$async_dispatch_33_system_elf_riscv_64_main_graph$async_dispatch_33_elementwise_broadcast_512x14x14_f32/process_time/real_time             0.663 ms        0.686 ms         1221 items_per_second=1.50759k/s
BM_main_graph$async_dispatch_33_system_elf_riscv_64_main_graph$async_dispatch_33_elementwise_broadcast_512x14x14_f32/process_time/real_time             0.674 ms        0.698 ms         1221 items_per_second=1.48275k/s
BM_main_graph$async_dispatch_33_system_elf_riscv_64_main_graph$async_dispatch_33_elementwise_broadcast_512x14x14_f32/process_time/real_time             0.672 ms        0.694 ms         1221 items_per_second=1.488k/s
BM_main_graph$async_dispatch_33_system_elf_riscv_64_main_graph$async_dispatch_33_elementwise_broadcast_512x14x14_f32/process_time/real_time             0.671 ms        0.692 ms         1221 items_per_second=1.48944k/s
BM_main_graph$async_dispatch_33_system_elf_riscv_64_main_graph$async_dispatch_33_elementwise_broadcast_512x14x14_f32/process_time/real_time_mean        0.645 ms        0.663 ms           10 items_per_second=1.55488k/s
BM_main_graph$async_dispatch_33_system_elf_riscv_64_main_graph$async_dispatch_33_elementwise_broadcast_512x14x14_f32/process_time/real_time_median      0.666 ms        0.685 ms           10 items_per_second=1.50251k/s
BM_main_graph$async_dispatch_33_system_elf_riscv_64_main_graph$async_dispatch_33_elementwise_broadcast_512x14x14_f32/process_time/real_time_stddev      0.039 ms        0.044 ms           10 items_per_second=102.18/s
BM_main_graph$async_dispatch_33_system_elf_riscv_64_main_graph$async_dispatch_33_elementwise_broadcast_512x14x14_f32/process_time/real_time_cv           6.09 %          6.64 %            10 items_per_second=6.57%
