2026-01-09T12:21:44.361532
Running tools/iree-benchmark-module --module=/home/dima/sched_vmfb/fastdepth_rvv/module_main_graph$async_dispatch_43_system_elf_riscv_64_benchmark.vmfb --device=local-task --function=main_graph$async_dispatch_43_system_elf_riscv_64_main_graph$async_dispatch_43_conv_112x112x64x5x5_f32 --input=1xi32=1 --task_topology_cpu_ids=0 --benchmark_repetitions=10
2026-01-09T12:21:44+08:00
Running tools/iree-benchmark-module
Run on (8 X 1600 MHz CPU s)
CPU Caches:
  L1 Instruction 32 KiB (x8)
  L1 Data 32 KiB (x8)
  L2 Unified 512 KiB (x2)
Load Average: 3.01, 2.68, 2.56
-------------------------------------------------------------------------------------------------------------------------------------------------------------------------------------------------
Benchmark                                                                                                                                       Time             CPU   Iterations UserCounters...
-------------------------------------------------------------------------------------------------------------------------------------------------------------------------------------------------
BM_main_graph$async_dispatch_43_system_elf_riscv_64_main_graph$async_dispatch_43_conv_112x112x64x5x5_f32/process_time/real_time               110 ms          110 ms            6 items_per_second=9.11682/s
BM_main_graph$async_dispatch_43_system_elf_riscv_64_main_graph$async_dispatch_43_conv_112x112x64x5x5_f32/process_time/real_time               109 ms          109 ms            6 items_per_second=9.15658/s
BM_main_graph$async_dispatch_43_system_elf_riscv_64_main_graph$async_dispatch_43_conv_112x112x64x5x5_f32/process_time/real_time               109 ms          109 ms            6 items_per_second=9.14736/s
BM_main_graph$async_dispatch_43_system_elf_riscv_64_main_graph$async_dispatch_43_conv_112x112x64x5x5_f32/process_time/real_time               110 ms          110 ms            6 items_per_second=9.12458/s
BM_main_graph$async_dispatch_43_system_elf_riscv_64_main_graph$async_dispatch_43_conv_112x112x64x5x5_f32/process_time/real_time               109 ms          109 ms            6 items_per_second=9.15559/s
BM_main_graph$async_dispatch_43_system_elf_riscv_64_main_graph$async_dispatch_43_conv_112x112x64x5x5_f32/process_time/real_time               109 ms          109 ms            6 items_per_second=9.15476/s
BM_main_graph$async_dispatch_43_system_elf_riscv_64_main_graph$async_dispatch_43_conv_112x112x64x5x5_f32/process_time/real_time               110 ms          110 ms            6 items_per_second=9.12586/s
BM_main_graph$async_dispatch_43_system_elf_riscv_64_main_graph$async_dispatch_43_conv_112x112x64x5x5_f32/process_time/real_time               109 ms          109 ms            6 items_per_second=9.15168/s
BM_main_graph$async_dispatch_43_system_elf_riscv_64_main_graph$async_dispatch_43_conv_112x112x64x5x5_f32/process_time/real_time               109 ms          109 ms            6 items_per_second=9.15729/s
BM_main_graph$async_dispatch_43_system_elf_riscv_64_main_graph$async_dispatch_43_conv_112x112x64x5x5_f32/process_time/real_time               110 ms          110 ms            6 items_per_second=9.11529/s
BM_main_graph$async_dispatch_43_system_elf_riscv_64_main_graph$async_dispatch_43_conv_112x112x64x5x5_f32/process_time/real_time_mean          109 ms          109 ms           10 items_per_second=9.14058/s
BM_main_graph$async_dispatch_43_system_elf_riscv_64_main_graph$async_dispatch_43_conv_112x112x64x5x5_f32/process_time/real_time_median        109 ms          109 ms           10 items_per_second=9.14952/s
BM_main_graph$async_dispatch_43_system_elf_riscv_64_main_graph$async_dispatch_43_conv_112x112x64x5x5_f32/process_time/real_time_stddev      0.212 ms        0.210 ms           10 items_per_second=0.0176616/s
BM_main_graph$async_dispatch_43_system_elf_riscv_64_main_graph$async_dispatch_43_conv_112x112x64x5x5_f32/process_time/real_time_cv           0.19 %          0.19 %            10 items_per_second=0.19%
