2026-01-09T09:39:10.196427
Running tools/iree-benchmark-module --module=/home/dima/sched_vmfb/dronet_ukernel/dispatch_4.vmfb --device=local-task --function=main_graph$async_dispatch_4_system_elf_riscv_64_main_graph$async_dispatch_4_matmul_like_32x14x14x32_f32 --input=1xi32=1 --task_topology_cpu_ids=0,1,2,3 --benchmark_repetitions=10
2026-01-09T09:39:10+08:00
Running tools/iree-benchmark-module
Run on (8 X 1600 MHz CPU s)
CPU Caches:
  L1 Instruction 32 KiB (x8)
  L1 Data 32 KiB (x8)
  L2 Unified 512 KiB (x2)
Load Average: 4.42, 3.54, 2.92
---------------------------------------------------------------------------------------------------------------------------------------------------------------------------------------------------
Benchmark                                                                                                                                         Time             CPU   Iterations UserCounters...
---------------------------------------------------------------------------------------------------------------------------------------------------------------------------------------------------
BM_main_graph$async_dispatch_4_system_elf_riscv_64_main_graph$async_dispatch_4_matmul_like_32x14x14x32_f32/process_time/real_time             0.515 ms         1.81 ms         1366 items_per_second=1.94028k/s
BM_main_graph$async_dispatch_4_system_elf_riscv_64_main_graph$async_dispatch_4_matmul_like_32x14x14x32_f32/process_time/real_time             0.513 ms         1.80 ms         1366 items_per_second=1.95106k/s
BM_main_graph$async_dispatch_4_system_elf_riscv_64_main_graph$async_dispatch_4_matmul_like_32x14x14x32_f32/process_time/real_time             0.513 ms         1.80 ms         1366 items_per_second=1.94866k/s
BM_main_graph$async_dispatch_4_system_elf_riscv_64_main_graph$async_dispatch_4_matmul_like_32x14x14x32_f32/process_time/real_time             0.515 ms         1.81 ms         1366 items_per_second=1.9427k/s
BM_main_graph$async_dispatch_4_system_elf_riscv_64_main_graph$async_dispatch_4_matmul_like_32x14x14x32_f32/process_time/real_time             0.512 ms         1.80 ms         1366 items_per_second=1.95139k/s
BM_main_graph$async_dispatch_4_system_elf_riscv_64_main_graph$async_dispatch_4_matmul_like_32x14x14x32_f32/process_time/real_time             0.513 ms         1.80 ms         1366 items_per_second=1.94813k/s
BM_main_graph$async_dispatch_4_system_elf_riscv_64_main_graph$async_dispatch_4_matmul_like_32x14x14x32_f32/process_time/real_time             0.517 ms         1.81 ms         1366 items_per_second=1.9351k/s
BM_main_graph$async_dispatch_4_system_elf_riscv_64_main_graph$async_dispatch_4_matmul_like_32x14x14x32_f32/process_time/real_time             0.512 ms         1.80 ms         1366 items_per_second=1.9528k/s
BM_main_graph$async_dispatch_4_system_elf_riscv_64_main_graph$async_dispatch_4_matmul_like_32x14x14x32_f32/process_time/real_time             0.505 ms         1.80 ms         1366 items_per_second=1.97834k/s
BM_main_graph$async_dispatch_4_system_elf_riscv_64_main_graph$async_dispatch_4_matmul_like_32x14x14x32_f32/process_time/real_time             0.506 ms         1.80 ms         1366 items_per_second=1.97737k/s
BM_main_graph$async_dispatch_4_system_elf_riscv_64_main_graph$async_dispatch_4_matmul_like_32x14x14x32_f32/process_time/real_time_mean        0.512 ms         1.80 ms           10 items_per_second=1.95258k/s
BM_main_graph$async_dispatch_4_system_elf_riscv_64_main_graph$async_dispatch_4_matmul_like_32x14x14x32_f32/process_time/real_time_median      0.513 ms         1.80 ms           10 items_per_second=1.94986k/s
BM_main_graph$async_dispatch_4_system_elf_riscv_64_main_graph$async_dispatch_4_matmul_like_32x14x14x32_f32/process_time/real_time_stddev      0.004 ms        0.002 ms           10 items_per_second=14.4196/s
BM_main_graph$async_dispatch_4_system_elf_riscv_64_main_graph$async_dispatch_4_matmul_like_32x14x14x32_f32/process_time/real_time_cv           0.73 %          0.13 %            10 items_per_second=0.74%
