2026-01-09T09:38:25.947469
Running tools/iree-benchmark-module --module=/home/dima/sched_vmfb/dronet_ukernel/dispatch_12.vmfb --device=local-task --function=main_graph$async_dispatch_12_system_elf_riscv_64_main_graph$async_dispatch_12_matvec_like_2048_f32 --input=1xi32=1 --task_topology_cpu_ids=0,1,2,3 --benchmark_repetitions=10
2026-01-09T09:38:25+08:00
Running tools/iree-benchmark-module
Run on (8 X 1600 MHz CPU s)
CPU Caches:
  L1 Instruction 32 KiB (x8)
  L1 Data 32 KiB (x8)
  L2 Unified 512 KiB (x2)
Load Average: 4.50, 3.44, 2.86
----------------------------------------------------------------------------------------------------------------------------------------------------------------------------------------------
Benchmark                                                                                                                                    Time             CPU   Iterations UserCounters...
----------------------------------------------------------------------------------------------------------------------------------------------------------------------------------------------
BM_main_graph$async_dispatch_12_system_elf_riscv_64_main_graph$async_dispatch_12_matvec_like_2048_f32/process_time/real_time             0.083 ms        0.088 ms         8379 items_per_second=12.039k/s
BM_main_graph$async_dispatch_12_system_elf_riscv_64_main_graph$async_dispatch_12_matvec_like_2048_f32/process_time/real_time             0.082 ms        0.087 ms         8379 items_per_second=12.2129k/s
BM_main_graph$async_dispatch_12_system_elf_riscv_64_main_graph$async_dispatch_12_matvec_like_2048_f32/process_time/real_time             0.082 ms        0.088 ms         8379 items_per_second=12.1643k/s
BM_main_graph$async_dispatch_12_system_elf_riscv_64_main_graph$async_dispatch_12_matvec_like_2048_f32/process_time/real_time             0.082 ms        0.088 ms         8379 items_per_second=12.1796k/s
BM_main_graph$async_dispatch_12_system_elf_riscv_64_main_graph$async_dispatch_12_matvec_like_2048_f32/process_time/real_time             0.082 ms        0.088 ms         8379 items_per_second=12.2107k/s
BM_main_graph$async_dispatch_12_system_elf_riscv_64_main_graph$async_dispatch_12_matvec_like_2048_f32/process_time/real_time             0.083 ms        0.088 ms         8379 items_per_second=12.0688k/s
BM_main_graph$async_dispatch_12_system_elf_riscv_64_main_graph$async_dispatch_12_matvec_like_2048_f32/process_time/real_time             0.083 ms        0.089 ms         8379 items_per_second=12.005k/s
BM_main_graph$async_dispatch_12_system_elf_riscv_64_main_graph$async_dispatch_12_matvec_like_2048_f32/process_time/real_time             0.082 ms        0.088 ms         8379 items_per_second=12.1338k/s
BM_main_graph$async_dispatch_12_system_elf_riscv_64_main_graph$async_dispatch_12_matvec_like_2048_f32/process_time/real_time             0.082 ms        0.088 ms         8379 items_per_second=12.1372k/s
BM_main_graph$async_dispatch_12_system_elf_riscv_64_main_graph$async_dispatch_12_matvec_like_2048_f32/process_time/real_time             0.083 ms        0.089 ms         8379 items_per_second=12.0523k/s
BM_main_graph$async_dispatch_12_system_elf_riscv_64_main_graph$async_dispatch_12_matvec_like_2048_f32/process_time/real_time_mean        0.083 ms        0.088 ms           10 items_per_second=12.1204k/s
BM_main_graph$async_dispatch_12_system_elf_riscv_64_main_graph$async_dispatch_12_matvec_like_2048_f32/process_time/real_time_median      0.082 ms        0.088 ms           10 items_per_second=12.1355k/s
BM_main_graph$async_dispatch_12_system_elf_riscv_64_main_graph$async_dispatch_12_matvec_like_2048_f32/process_time/real_time_stddev      0.001 ms        0.000 ms           10 items_per_second=74.4161/s
BM_main_graph$async_dispatch_12_system_elf_riscv_64_main_graph$async_dispatch_12_matvec_like_2048_f32/process_time/real_time_cv           0.61 %          0.46 %            10 items_per_second=0.61%
