2026-01-09T09:39:39.424074
Running tools/iree-benchmark-module --module=/home/dima/sched_vmfb/dronet_ukernel/dispatch_8.vmfb --device=local-task --function=main_graph$async_dispatch_8_system_elf_riscv_64_main_graph$async_dispatch_8_conv_64x7x7x64x3x3_f32 --input=1xi32=1 --task_topology_cpu_ids=0,1,2,3 --benchmark_repetitions=10
2026-01-09T09:39:39+08:00
Running tools/iree-benchmark-module
Run on (8 X 1600 MHz CPU s)
CPU Caches:
  L1 Instruction 32 KiB (x8)
  L1 Data 32 KiB (x8)
  L2 Unified 512 KiB (x2)
Load Average: 5.04, 3.78, 3.02
----------------------------------------------------------------------------------------------------------------------------------------------------------------------------------------------
Benchmark                                                                                                                                    Time             CPU   Iterations UserCounters...
----------------------------------------------------------------------------------------------------------------------------------------------------------------------------------------------
BM_main_graph$async_dispatch_8_system_elf_riscv_64_main_graph$async_dispatch_8_conv_64x7x7x64x3x3_f32/process_time/real_time              3.13 ms         10.7 ms          224 items_per_second=319.105/s
BM_main_graph$async_dispatch_8_system_elf_riscv_64_main_graph$async_dispatch_8_conv_64x7x7x64x3x3_f32/process_time/real_time              3.15 ms         10.8 ms          224 items_per_second=317.94/s
BM_main_graph$async_dispatch_8_system_elf_riscv_64_main_graph$async_dispatch_8_conv_64x7x7x64x3x3_f32/process_time/real_time              3.13 ms         10.7 ms          224 items_per_second=319.121/s
BM_main_graph$async_dispatch_8_system_elf_riscv_64_main_graph$async_dispatch_8_conv_64x7x7x64x3x3_f32/process_time/real_time              3.13 ms         10.7 ms          224 items_per_second=319.011/s
BM_main_graph$async_dispatch_8_system_elf_riscv_64_main_graph$async_dispatch_8_conv_64x7x7x64x3x3_f32/process_time/real_time              3.14 ms         10.7 ms          224 items_per_second=318.829/s
BM_main_graph$async_dispatch_8_system_elf_riscv_64_main_graph$async_dispatch_8_conv_64x7x7x64x3x3_f32/process_time/real_time              3.14 ms         10.7 ms          224 items_per_second=318.763/s
BM_main_graph$async_dispatch_8_system_elf_riscv_64_main_graph$async_dispatch_8_conv_64x7x7x64x3x3_f32/process_time/real_time              3.14 ms         10.7 ms          224 items_per_second=318.657/s
BM_main_graph$async_dispatch_8_system_elf_riscv_64_main_graph$async_dispatch_8_conv_64x7x7x64x3x3_f32/process_time/real_time              3.14 ms         10.8 ms          224 items_per_second=318.26/s
BM_main_graph$async_dispatch_8_system_elf_riscv_64_main_graph$async_dispatch_8_conv_64x7x7x64x3x3_f32/process_time/real_time              3.13 ms         10.7 ms          224 items_per_second=319.106/s
BM_main_graph$async_dispatch_8_system_elf_riscv_64_main_graph$async_dispatch_8_conv_64x7x7x64x3x3_f32/process_time/real_time              3.13 ms         10.7 ms          224 items_per_second=319.036/s
BM_main_graph$async_dispatch_8_system_elf_riscv_64_main_graph$async_dispatch_8_conv_64x7x7x64x3x3_f32/process_time/real_time_mean         3.14 ms         10.7 ms           10 items_per_second=318.783/s
BM_main_graph$async_dispatch_8_system_elf_riscv_64_main_graph$async_dispatch_8_conv_64x7x7x64x3x3_f32/process_time/real_time_median       3.14 ms         10.7 ms           10 items_per_second=318.92/s
BM_main_graph$async_dispatch_8_system_elf_riscv_64_main_graph$async_dispatch_8_conv_64x7x7x64x3x3_f32/process_time/real_time_stddev      0.004 ms        0.007 ms           10 items_per_second=0.400094/s
BM_main_graph$async_dispatch_8_system_elf_riscv_64_main_graph$async_dispatch_8_conv_64x7x7x64x3x3_f32/process_time/real_time_cv           0.13 %          0.07 %            10 items_per_second=0.13%
