2026-01-09T13:31:14.084611
Running tools/iree-benchmark-module --module=/home/dima/sched_vmfb/dronet_ukernel/module_main_graph$async_dispatch_2_embedded_elf_riscv_64_benchmark.vmfb --device=local-task --function=main_graph$async_dispatch_2_embedded_elf_riscv_64_main_graph$async_dispatch_2_conv_32x27x27x3x3_f32 --input=1xi32=1 --task_topology_cpu_ids=0,1,2,3 --benchmark_repetitions=10
2026-01-09T13:31:14+08:00
Running tools/iree-benchmark-module
Run on (8 X 1600 MHz CPU s)
CPU Caches:
  L1 Instruction 32 KiB (x8)
  L1 Data 32 KiB (x8)
  L2 Unified 512 KiB (x2)
Load Average: 4.35, 3.50, 2.76
-----------------------------------------------------------------------------------------------------------------------------------------------------------------------------------------------
Benchmark                                                                                                                                     Time             CPU   Iterations UserCounters...
-----------------------------------------------------------------------------------------------------------------------------------------------------------------------------------------------
BM_main_graph$async_dispatch_2_embedded_elf_riscv_64_main_graph$async_dispatch_2_conv_32x27x27x3x3_f32/process_time/real_time             0.737 ms         2.65 ms          936 items_per_second=1.35704k/s
BM_main_graph$async_dispatch_2_embedded_elf_riscv_64_main_graph$async_dispatch_2_conv_32x27x27x3x3_f32/process_time/real_time             0.739 ms         2.66 ms          936 items_per_second=1.35291k/s
BM_main_graph$async_dispatch_2_embedded_elf_riscv_64_main_graph$async_dispatch_2_conv_32x27x27x3x3_f32/process_time/real_time             0.737 ms         2.66 ms          936 items_per_second=1.35748k/s
BM_main_graph$async_dispatch_2_embedded_elf_riscv_64_main_graph$async_dispatch_2_conv_32x27x27x3x3_f32/process_time/real_time             0.736 ms         2.66 ms          936 items_per_second=1.35878k/s
BM_main_graph$async_dispatch_2_embedded_elf_riscv_64_main_graph$async_dispatch_2_conv_32x27x27x3x3_f32/process_time/real_time             0.733 ms         2.65 ms          936 items_per_second=1.36508k/s
BM_main_graph$async_dispatch_2_embedded_elf_riscv_64_main_graph$async_dispatch_2_conv_32x27x27x3x3_f32/process_time/real_time             0.737 ms         2.65 ms          936 items_per_second=1.35659k/s
BM_main_graph$async_dispatch_2_embedded_elf_riscv_64_main_graph$async_dispatch_2_conv_32x27x27x3x3_f32/process_time/real_time             0.731 ms         2.65 ms          936 items_per_second=1.36737k/s
BM_main_graph$async_dispatch_2_embedded_elf_riscv_64_main_graph$async_dispatch_2_conv_32x27x27x3x3_f32/process_time/real_time             0.730 ms         2.65 ms          936 items_per_second=1.36989k/s
BM_main_graph$async_dispatch_2_embedded_elf_riscv_64_main_graph$async_dispatch_2_conv_32x27x27x3x3_f32/process_time/real_time             0.733 ms         2.65 ms          936 items_per_second=1.36488k/s
BM_main_graph$async_dispatch_2_embedded_elf_riscv_64_main_graph$async_dispatch_2_conv_32x27x27x3x3_f32/process_time/real_time             0.731 ms         2.65 ms          936 items_per_second=1.36873k/s
BM_main_graph$async_dispatch_2_embedded_elf_riscv_64_main_graph$async_dispatch_2_conv_32x27x27x3x3_f32/process_time/real_time_mean        0.734 ms         2.65 ms           10 items_per_second=1.36187k/s
BM_main_graph$async_dispatch_2_embedded_elf_riscv_64_main_graph$async_dispatch_2_conv_32x27x27x3x3_f32/process_time/real_time_median      0.734 ms         2.65 ms           10 items_per_second=1.36183k/s
BM_main_graph$async_dispatch_2_embedded_elf_riscv_64_main_graph$async_dispatch_2_conv_32x27x27x3x3_f32/process_time/real_time_stddev      0.003 ms        0.004 ms           10 items_per_second=5.9755/s
BM_main_graph$async_dispatch_2_embedded_elf_riscv_64_main_graph$async_dispatch_2_conv_32x27x27x3x3_f32/process_time/real_time_cv           0.44 %          0.14 %            10 items_per_second=0.44%
