2026-01-09T13:31:42.990061
Running tools/iree-benchmark-module --module=/home/dima/sched_vmfb/dronet_ukernel/module_main_graph$async_dispatch_6_embedded_elf_riscv_64_benchmark.vmfb --device=local-task --function=main_graph$async_dispatch_6_embedded_elf_riscv_64_main_graph$async_dispatch_6_conv_64x7x7x32x3x3_f32 --input=1xi32=1 --task_topology_cpu_ids=0,1,2,3 --benchmark_repetitions=10
2026-01-09T13:31:43+08:00
Running tools/iree-benchmark-module
Run on (8 X 1600 MHz CPU s)
CPU Caches:
  L1 Instruction 32 KiB (x8)
  L1 Data 32 KiB (x8)
  L2 Unified 512 KiB (x2)
Load Average: 5.00, 3.74, 2.87
------------------------------------------------------------------------------------------------------------------------------------------------------------------------------------------------
Benchmark                                                                                                                                      Time             CPU   Iterations UserCounters...
------------------------------------------------------------------------------------------------------------------------------------------------------------------------------------------------
BM_main_graph$async_dispatch_6_embedded_elf_riscv_64_main_graph$async_dispatch_6_conv_64x7x7x32x3x3_f32/process_time/real_time              1.83 ms         6.20 ms          382 items_per_second=545.812/s
BM_main_graph$async_dispatch_6_embedded_elf_riscv_64_main_graph$async_dispatch_6_conv_64x7x7x32x3x3_f32/process_time/real_time              1.83 ms         6.21 ms          382 items_per_second=545.755/s
BM_main_graph$async_dispatch_6_embedded_elf_riscv_64_main_graph$async_dispatch_6_conv_64x7x7x32x3x3_f32/process_time/real_time              1.84 ms         6.21 ms          382 items_per_second=544.141/s
BM_main_graph$async_dispatch_6_embedded_elf_riscv_64_main_graph$async_dispatch_6_conv_64x7x7x32x3x3_f32/process_time/real_time              1.83 ms         6.20 ms          382 items_per_second=545.403/s
BM_main_graph$async_dispatch_6_embedded_elf_riscv_64_main_graph$async_dispatch_6_conv_64x7x7x32x3x3_f32/process_time/real_time              1.83 ms         6.21 ms          382 items_per_second=546.2/s
BM_main_graph$async_dispatch_6_embedded_elf_riscv_64_main_graph$async_dispatch_6_conv_64x7x7x32x3x3_f32/process_time/real_time              1.83 ms         6.21 ms          382 items_per_second=545.669/s
BM_main_graph$async_dispatch_6_embedded_elf_riscv_64_main_graph$async_dispatch_6_conv_64x7x7x32x3x3_f32/process_time/real_time              1.84 ms         6.20 ms          382 items_per_second=543.275/s
BM_main_graph$async_dispatch_6_embedded_elf_riscv_64_main_graph$async_dispatch_6_conv_64x7x7x32x3x3_f32/process_time/real_time              1.83 ms         6.21 ms          382 items_per_second=545.896/s
BM_main_graph$async_dispatch_6_embedded_elf_riscv_64_main_graph$async_dispatch_6_conv_64x7x7x32x3x3_f32/process_time/real_time              1.83 ms         6.20 ms          382 items_per_second=546.798/s
BM_main_graph$async_dispatch_6_embedded_elf_riscv_64_main_graph$async_dispatch_6_conv_64x7x7x32x3x3_f32/process_time/real_time              1.83 ms         6.20 ms          382 items_per_second=546.61/s
BM_main_graph$async_dispatch_6_embedded_elf_riscv_64_main_graph$async_dispatch_6_conv_64x7x7x32x3x3_f32/process_time/real_time_mean         1.83 ms         6.21 ms           10 items_per_second=545.556/s
BM_main_graph$async_dispatch_6_embedded_elf_riscv_64_main_graph$async_dispatch_6_conv_64x7x7x32x3x3_f32/process_time/real_time_median       1.83 ms         6.21 ms           10 items_per_second=545.784/s
BM_main_graph$async_dispatch_6_embedded_elf_riscv_64_main_graph$async_dispatch_6_conv_64x7x7x32x3x3_f32/process_time/real_time_stddev      0.004 ms        0.003 ms           10 items_per_second=1.08189/s
BM_main_graph$async_dispatch_6_embedded_elf_riscv_64_main_graph$async_dispatch_6_conv_64x7x7x32x3x3_f32/process_time/real_time_cv           0.20 %          0.05 %            10 items_per_second=0.20%
