2026-01-08T03:04:49.373836
Running tools/iree-benchmark-module --module=/home/dima/sched_vmfb/fastdepth/module_main_graph$async_dispatch_3_system_elf_riscv_64_benchmark.vmfb --device=local-task --function=main_graph$async_dispatch_3_system_elf_riscv_64_main_graph$async_dispatch_3_matmul_like_64x12544x32_f32 --input=1xi32=1 --task_topology_cpu_ids=0,1 --benchmark_repetitions=10
2026-01-08T03:04:49+08:00
Running tools/iree-benchmark-module
Run on (8 X 1600 MHz CPU s)
CPU Caches:
  L1 Instruction 32 KiB (x8)
  L1 Data 32 KiB (x8)
  L2 Unified 512 KiB (x2)
Load Average: 3.90, 3.70, 3.39
---------------------------------------------------------------------------------------------------------------------------------------------------------------------------------------------------
Benchmark                                                                                                                                         Time             CPU   Iterations UserCounters...
---------------------------------------------------------------------------------------------------------------------------------------------------------------------------------------------------
BM_main_graph$async_dispatch_3_system_elf_riscv_64_main_graph$async_dispatch_3_matmul_like_64x12544x32_f32/process_time/real_time               555 ms         1087 ms            1 items_per_second=1.80119/s
BM_main_graph$async_dispatch_3_system_elf_riscv_64_main_graph$async_dispatch_3_matmul_like_64x12544x32_f32/process_time/real_time               550 ms         1077 ms            1 items_per_second=1.81694/s
BM_main_graph$async_dispatch_3_system_elf_riscv_64_main_graph$async_dispatch_3_matmul_like_64x12544x32_f32/process_time/real_time               551 ms         1080 ms            1 items_per_second=1.81447/s
BM_main_graph$async_dispatch_3_system_elf_riscv_64_main_graph$async_dispatch_3_matmul_like_64x12544x32_f32/process_time/real_time               551 ms         1077 ms            1 items_per_second=1.81629/s
BM_main_graph$async_dispatch_3_system_elf_riscv_64_main_graph$async_dispatch_3_matmul_like_64x12544x32_f32/process_time/real_time               551 ms         1077 ms            1 items_per_second=1.81526/s
BM_main_graph$async_dispatch_3_system_elf_riscv_64_main_graph$async_dispatch_3_matmul_like_64x12544x32_f32/process_time/real_time               550 ms         1077 ms            1 items_per_second=1.81691/s
BM_main_graph$async_dispatch_3_system_elf_riscv_64_main_graph$async_dispatch_3_matmul_like_64x12544x32_f32/process_time/real_time               552 ms         1080 ms            1 items_per_second=1.81156/s
BM_main_graph$async_dispatch_3_system_elf_riscv_64_main_graph$async_dispatch_3_matmul_like_64x12544x32_f32/process_time/real_time               551 ms         1077 ms            1 items_per_second=1.81604/s
BM_main_graph$async_dispatch_3_system_elf_riscv_64_main_graph$async_dispatch_3_matmul_like_64x12544x32_f32/process_time/real_time               550 ms         1077 ms            1 items_per_second=1.81727/s
BM_main_graph$async_dispatch_3_system_elf_riscv_64_main_graph$async_dispatch_3_matmul_like_64x12544x32_f32/process_time/real_time               551 ms         1078 ms            1 items_per_second=1.81407/s
BM_main_graph$async_dispatch_3_system_elf_riscv_64_main_graph$async_dispatch_3_matmul_like_64x12544x32_f32/process_time/real_time_mean          551 ms         1079 ms           10 items_per_second=1.814/s
BM_main_graph$async_dispatch_3_system_elf_riscv_64_main_graph$async_dispatch_3_matmul_like_64x12544x32_f32/process_time/real_time_median        551 ms         1077 ms           10 items_per_second=1.81565/s
BM_main_graph$async_dispatch_3_system_elf_riscv_64_main_graph$async_dispatch_3_matmul_like_64x12544x32_f32/process_time/real_time_stddev       1.47 ms         3.16 ms           10 items_per_second=4.81838m/s
BM_main_graph$async_dispatch_3_system_elf_riscv_64_main_graph$async_dispatch_3_matmul_like_64x12544x32_f32/process_time/real_time_cv           0.27 %          0.29 %            10 items_per_second=0.27%
