2026-01-08T03:03:48.187692
Running tools/iree-benchmark-module --module=/home/dima/sched_vmfb/fastdepth/module_main_graph$async_dispatch_31_system_elf_riscv_64_benchmark.vmfb --device=local-task --function=main_graph$async_dispatch_31_system_elf_riscv_64_main_graph$async_dispatch_31_conv_7x7x1024x5x5_f32 --input=1xi32=1 --task_topology_cpu_ids=0,1 --benchmark_repetitions=10
2026-01-08T03:03:48+08:00
Running tools/iree-benchmark-module
Run on (8 X 1600 MHz CPU s)
CPU Caches:
  L1 Instruction 32 KiB (x8)
  L1 Data 32 KiB (x8)
  L2 Unified 512 KiB (x2)
Load Average: 3.93, 3.65, 3.35
-----------------------------------------------------------------------------------------------------------------------------------------------------------------------------------------------
Benchmark                                                                                                                                     Time             CPU   Iterations UserCounters...
-----------------------------------------------------------------------------------------------------------------------------------------------------------------------------------------------
BM_main_graph$async_dispatch_31_system_elf_riscv_64_main_graph$async_dispatch_31_conv_7x7x1024x5x5_f32/process_time/real_time              3.49 ms         6.86 ms          200 items_per_second=286.402/s
BM_main_graph$async_dispatch_31_system_elf_riscv_64_main_graph$async_dispatch_31_conv_7x7x1024x5x5_f32/process_time/real_time              3.49 ms         6.85 ms          200 items_per_second=286.881/s
BM_main_graph$async_dispatch_31_system_elf_riscv_64_main_graph$async_dispatch_31_conv_7x7x1024x5x5_f32/process_time/real_time              3.50 ms         6.87 ms          200 items_per_second=285.801/s
BM_main_graph$async_dispatch_31_system_elf_riscv_64_main_graph$async_dispatch_31_conv_7x7x1024x5x5_f32/process_time/real_time              3.49 ms         6.86 ms          200 items_per_second=286.224/s
BM_main_graph$async_dispatch_31_system_elf_riscv_64_main_graph$async_dispatch_31_conv_7x7x1024x5x5_f32/process_time/real_time              3.49 ms         6.86 ms          200 items_per_second=286.641/s
BM_main_graph$async_dispatch_31_system_elf_riscv_64_main_graph$async_dispatch_31_conv_7x7x1024x5x5_f32/process_time/real_time              3.50 ms         6.87 ms          200 items_per_second=285.828/s
BM_main_graph$async_dispatch_31_system_elf_riscv_64_main_graph$async_dispatch_31_conv_7x7x1024x5x5_f32/process_time/real_time              3.49 ms         6.86 ms          200 items_per_second=286.133/s
BM_main_graph$async_dispatch_31_system_elf_riscv_64_main_graph$async_dispatch_31_conv_7x7x1024x5x5_f32/process_time/real_time              3.48 ms         6.85 ms          200 items_per_second=286.956/s
BM_main_graph$async_dispatch_31_system_elf_riscv_64_main_graph$async_dispatch_31_conv_7x7x1024x5x5_f32/process_time/real_time              3.51 ms         6.87 ms          200 items_per_second=285.266/s
BM_main_graph$async_dispatch_31_system_elf_riscv_64_main_graph$async_dispatch_31_conv_7x7x1024x5x5_f32/process_time/real_time              3.49 ms         6.86 ms          200 items_per_second=286.476/s
BM_main_graph$async_dispatch_31_system_elf_riscv_64_main_graph$async_dispatch_31_conv_7x7x1024x5x5_f32/process_time/real_time_mean         3.49 ms         6.86 ms           10 items_per_second=286.261/s
BM_main_graph$async_dispatch_31_system_elf_riscv_64_main_graph$async_dispatch_31_conv_7x7x1024x5x5_f32/process_time/real_time_median       3.49 ms         6.86 ms           10 items_per_second=286.313/s
BM_main_graph$async_dispatch_31_system_elf_riscv_64_main_graph$async_dispatch_31_conv_7x7x1024x5x5_f32/process_time/real_time_stddev      0.006 ms        0.007 ms           10 items_per_second=0.525364/s
BM_main_graph$async_dispatch_31_system_elf_riscv_64_main_graph$async_dispatch_31_conv_7x7x1024x5x5_f32/process_time/real_time_cv           0.18 %          0.10 %            10 items_per_second=0.18%
