2026-01-08T03:05:15.266260
Running tools/iree-benchmark-module --module=/home/dima/sched_vmfb/fastdepth/module_main_graph$async_dispatch_43_system_elf_riscv_64_benchmark.vmfb --device=local-task --function=main_graph$async_dispatch_43_system_elf_riscv_64_main_graph$async_dispatch_43_conv_112x112x64x5x5_f32 --input=1xi32=1 --task_topology_cpu_ids=0,1 --benchmark_repetitions=10
2026-01-08T03:05:15+08:00
Running tools/iree-benchmark-module
Run on (8 X 1600 MHz CPU s)
CPU Caches:
  L1 Instruction 32 KiB (x8)
  L1 Data 32 KiB (x8)
  L2 Unified 512 KiB (x2)
Load Average: 4.02, 3.75, 3.41
-------------------------------------------------------------------------------------------------------------------------------------------------------------------------------------------------
Benchmark                                                                                                                                       Time             CPU   Iterations UserCounters...
-------------------------------------------------------------------------------------------------------------------------------------------------------------------------------------------------
BM_main_graph$async_dispatch_43_system_elf_riscv_64_main_graph$async_dispatch_43_conv_112x112x64x5x5_f32/process_time/real_time              62.6 ms          124 ms           11 items_per_second=15.9687/s
BM_main_graph$async_dispatch_43_system_elf_riscv_64_main_graph$async_dispatch_43_conv_112x112x64x5x5_f32/process_time/real_time              62.5 ms          124 ms           11 items_per_second=15.993/s
BM_main_graph$async_dispatch_43_system_elf_riscv_64_main_graph$async_dispatch_43_conv_112x112x64x5x5_f32/process_time/real_time              62.8 ms          125 ms           11 items_per_second=15.9358/s
BM_main_graph$async_dispatch_43_system_elf_riscv_64_main_graph$async_dispatch_43_conv_112x112x64x5x5_f32/process_time/real_time              62.6 ms          124 ms           11 items_per_second=15.9824/s
BM_main_graph$async_dispatch_43_system_elf_riscv_64_main_graph$async_dispatch_43_conv_112x112x64x5x5_f32/process_time/real_time              62.5 ms          124 ms           11 items_per_second=15.9963/s
BM_main_graph$async_dispatch_43_system_elf_riscv_64_main_graph$async_dispatch_43_conv_112x112x64x5x5_f32/process_time/real_time              62.8 ms          124 ms           11 items_per_second=15.9214/s
BM_main_graph$async_dispatch_43_system_elf_riscv_64_main_graph$async_dispatch_43_conv_112x112x64x5x5_f32/process_time/real_time              62.5 ms          124 ms           11 items_per_second=16.0033/s
BM_main_graph$async_dispatch_43_system_elf_riscv_64_main_graph$async_dispatch_43_conv_112x112x64x5x5_f32/process_time/real_time              62.6 ms          124 ms           11 items_per_second=15.9743/s
BM_main_graph$async_dispatch_43_system_elf_riscv_64_main_graph$async_dispatch_43_conv_112x112x64x5x5_f32/process_time/real_time              62.8 ms          125 ms           11 items_per_second=15.9213/s
BM_main_graph$async_dispatch_43_system_elf_riscv_64_main_graph$async_dispatch_43_conv_112x112x64x5x5_f32/process_time/real_time              62.5 ms          124 ms           11 items_per_second=15.9946/s
BM_main_graph$async_dispatch_43_system_elf_riscv_64_main_graph$async_dispatch_43_conv_112x112x64x5x5_f32/process_time/real_time_mean         62.6 ms          124 ms           10 items_per_second=15.9691/s
BM_main_graph$async_dispatch_43_system_elf_riscv_64_main_graph$async_dispatch_43_conv_112x112x64x5x5_f32/process_time/real_time_median       62.6 ms          124 ms           10 items_per_second=15.9783/s
BM_main_graph$async_dispatch_43_system_elf_riscv_64_main_graph$async_dispatch_43_conv_112x112x64x5x5_f32/process_time/real_time_stddev      0.124 ms        0.141 ms           10 items_per_second=0.0316403/s
BM_main_graph$async_dispatch_43_system_elf_riscv_64_main_graph$async_dispatch_43_conv_112x112x64x5x5_f32/process_time/real_time_cv           0.20 %          0.11 %            10 items_per_second=0.20%
