2026-01-10T04:58:42.759881
Running tools/iree-benchmark-module --module=/home/dima/sched_vmfb/mlp_rvv/module_main_graph$async_dispatch_2_system_elf_riscv_64_benchmark.vmfb --device=local-task --function=main_graph$async_dispatch_2_system_elf_riscv_64_main_graph$async_dispatch_2_matvec_like_2x32_f32 --input=1xi32=1 --task_topology_cpu_ids=0,1 --benchmark_repetitions=10
2026-01-10T04:58:42+08:00
Running tools/iree-benchmark-module
Run on (8 X 1600 MHz CPU s)
CPU Caches:
  L1 Instruction 32 KiB (x8)
  L1 Data 32 KiB (x8)
  L2 Unified 512 KiB (x2)
Load Average: 3.03, 2.40, 2.14
--------------------------------------------------------------------------------------------------------------------------------------------------------------------------------------------
Benchmark                                                                                                                                  Time             CPU   Iterations UserCounters...
--------------------------------------------------------------------------------------------------------------------------------------------------------------------------------------------
BM_main_graph$async_dispatch_2_system_elf_riscv_64_main_graph$async_dispatch_2_matvec_like_2x32_f32/process_time/real_time             0.063 ms        0.069 ms        10773 items_per_second=15.8049k/s
BM_main_graph$async_dispatch_2_system_elf_riscv_64_main_graph$async_dispatch_2_matvec_like_2x32_f32/process_time/real_time             0.056 ms        0.062 ms        10773 items_per_second=17.9244k/s
BM_main_graph$async_dispatch_2_system_elf_riscv_64_main_graph$async_dispatch_2_matvec_like_2x32_f32/process_time/real_time             0.056 ms        0.061 ms        10773 items_per_second=17.909k/s
BM_main_graph$async_dispatch_2_system_elf_riscv_64_main_graph$async_dispatch_2_matvec_like_2x32_f32/process_time/real_time             0.055 ms        0.061 ms        10773 items_per_second=18.0288k/s
BM_main_graph$async_dispatch_2_system_elf_riscv_64_main_graph$async_dispatch_2_matvec_like_2x32_f32/process_time/real_time             0.061 ms        0.066 ms        10773 items_per_second=16.3805k/s
BM_main_graph$async_dispatch_2_system_elf_riscv_64_main_graph$async_dispatch_2_matvec_like_2x32_f32/process_time/real_time             0.065 ms        0.069 ms        10773 items_per_second=15.4988k/s
BM_main_graph$async_dispatch_2_system_elf_riscv_64_main_graph$async_dispatch_2_matvec_like_2x32_f32/process_time/real_time             0.064 ms        0.070 ms        10773 items_per_second=15.5465k/s
BM_main_graph$async_dispatch_2_system_elf_riscv_64_main_graph$async_dispatch_2_matvec_like_2x32_f32/process_time/real_time             0.065 ms        0.070 ms        10773 items_per_second=15.428k/s
BM_main_graph$async_dispatch_2_system_elf_riscv_64_main_graph$async_dispatch_2_matvec_like_2x32_f32/process_time/real_time             0.064 ms        0.070 ms        10773 items_per_second=15.5667k/s
BM_main_graph$async_dispatch_2_system_elf_riscv_64_main_graph$async_dispatch_2_matvec_like_2x32_f32/process_time/real_time             0.065 ms        0.070 ms        10773 items_per_second=15.4607k/s
BM_main_graph$async_dispatch_2_system_elf_riscv_64_main_graph$async_dispatch_2_matvec_like_2x32_f32/process_time/real_time_mean        0.061 ms        0.067 ms           10 items_per_second=16.3548k/s
BM_main_graph$async_dispatch_2_system_elf_riscv_64_main_graph$async_dispatch_2_matvec_like_2x32_f32/process_time/real_time_median      0.064 ms        0.069 ms           10 items_per_second=15.6858k/s
BM_main_graph$async_dispatch_2_system_elf_riscv_64_main_graph$async_dispatch_2_matvec_like_2x32_f32/process_time/real_time_stddev      0.004 ms        0.004 ms           10 items_per_second=1.13773k/s
BM_main_graph$async_dispatch_2_system_elf_riscv_64_main_graph$async_dispatch_2_matvec_like_2x32_f32/process_time/real_time_cv           6.65 %          5.84 %            10 items_per_second=6.96%
