2026-01-10T04:57:22.261273
Running tools/iree-benchmark-module --module=/home/dima/sched_vmfb/mlp_rvv/module__encoding_4_embedded_elf_riscv_64_benchmark.vmfb --device=local-task --function=_encoding_4_embedded_elf_riscv_64__encoding_4_encode_2xf32_to_2xf32 --input=1xi32=1 --task_topology_cpu_ids=0 --benchmark_repetitions=10
2026-01-10T04:57:22+08:00
Running tools/iree-benchmark-module
Run on (8 X 1600 MHz CPU s)
CPU Caches:
  L1 Instruction 32 KiB (x8)
  L1 Data 32 KiB (x8)
  L2 Unified 512 KiB (x2)
Load Average: 2.41, 2.14, 2.04
---------------------------------------------------------------------------------------------------------------------------------------------------------------
Benchmark                                                                                                     Time             CPU   Iterations UserCounters...
---------------------------------------------------------------------------------------------------------------------------------------------------------------
BM__encoding_4_embedded_elf_riscv_64__encoding_4_encode_2xf32_to_2xf32/process_time/real_time             0.055 ms        0.061 ms        12582 items_per_second=18.0348k/s
BM__encoding_4_embedded_elf_riscv_64__encoding_4_encode_2xf32_to_2xf32/process_time/real_time             0.055 ms        0.061 ms        12582 items_per_second=18.1606k/s
BM__encoding_4_embedded_elf_riscv_64__encoding_4_encode_2xf32_to_2xf32/process_time/real_time             0.055 ms        0.061 ms        12582 items_per_second=18.1019k/s
BM__encoding_4_embedded_elf_riscv_64__encoding_4_encode_2xf32_to_2xf32/process_time/real_time             0.055 ms        0.061 ms        12582 items_per_second=18.2207k/s
BM__encoding_4_embedded_elf_riscv_64__encoding_4_encode_2xf32_to_2xf32/process_time/real_time             0.055 ms        0.061 ms        12582 items_per_second=18.0257k/s
BM__encoding_4_embedded_elf_riscv_64__encoding_4_encode_2xf32_to_2xf32/process_time/real_time             0.056 ms        0.062 ms        12582 items_per_second=17.9477k/s
BM__encoding_4_embedded_elf_riscv_64__encoding_4_encode_2xf32_to_2xf32/process_time/real_time             0.055 ms        0.061 ms        12582 items_per_second=18.0677k/s
BM__encoding_4_embedded_elf_riscv_64__encoding_4_encode_2xf32_to_2xf32/process_time/real_time             0.056 ms        0.061 ms        12582 items_per_second=17.9424k/s
BM__encoding_4_embedded_elf_riscv_64__encoding_4_encode_2xf32_to_2xf32/process_time/real_time             0.055 ms        0.061 ms        12582 items_per_second=18.0402k/s
BM__encoding_4_embedded_elf_riscv_64__encoding_4_encode_2xf32_to_2xf32/process_time/real_time             0.055 ms        0.061 ms        12582 items_per_second=18.0757k/s
BM__encoding_4_embedded_elf_riscv_64__encoding_4_encode_2xf32_to_2xf32/process_time/real_time_mean        0.055 ms        0.061 ms           10 items_per_second=18.0618k/s
BM__encoding_4_embedded_elf_riscv_64__encoding_4_encode_2xf32_to_2xf32/process_time/real_time_median      0.055 ms        0.061 ms           10 items_per_second=18.054k/s
BM__encoding_4_embedded_elf_riscv_64__encoding_4_encode_2xf32_to_2xf32/process_time/real_time_stddev      0.000 ms        0.000 ms           10 items_per_second=86.0315/s
BM__encoding_4_embedded_elf_riscv_64__encoding_4_encode_2xf32_to_2xf32/process_time/real_time_cv           0.48 %          0.27 %            10 items_per_second=0.48%
