2026-01-08T12:22:28.350835
Running tools/iree-benchmark-module --module=/home/dima/sched_vmfb/glpdepth/module_main_graph$async_dispatch_107_embedded_elf_riscv_64_benchmark.vmfb --device=local-task --function=main_graph$async_dispatch_107_embedded_elf_riscv_64_main_graph$async_dispatch_107_unpack_f32 --input=1xi32=1 --task_topology_cpu_ids=0,1 --benchmark_repetitions=10
2026-01-08T12:22:28+08:00
Running tools/iree-benchmark-module
Run on (8 X 1600 MHz CPU s)
CPU Caches:
  L1 Instruction 32 KiB (x8)
  L1 Data 32 KiB (x8)
  L2 Unified 512 KiB (x2)
Load Average: 3.50, 3.16, 2.81
----------------------------------------------------------------------------------------------------------------------------------------------------------------------------------------
Benchmark                                                                                                                              Time             CPU   Iterations UserCounters...
----------------------------------------------------------------------------------------------------------------------------------------------------------------------------------------
BM_main_graph$async_dispatch_107_embedded_elf_riscv_64_main_graph$async_dispatch_107_unpack_f32/process_time/real_time              1.30 ms         2.09 ms          551 items_per_second=770.248/s
BM_main_graph$async_dispatch_107_embedded_elf_riscv_64_main_graph$async_dispatch_107_unpack_f32/process_time/real_time              1.29 ms         2.09 ms          551 items_per_second=776.784/s
BM_main_graph$async_dispatch_107_embedded_elf_riscv_64_main_graph$async_dispatch_107_unpack_f32/process_time/real_time              1.28 ms         2.09 ms          551 items_per_second=779.176/s
BM_main_graph$async_dispatch_107_embedded_elf_riscv_64_main_graph$async_dispatch_107_unpack_f32/process_time/real_time              1.29 ms         2.07 ms          551 items_per_second=774.443/s
BM_main_graph$async_dispatch_107_embedded_elf_riscv_64_main_graph$async_dispatch_107_unpack_f32/process_time/real_time              1.27 ms         2.06 ms          551 items_per_second=789.058/s
BM_main_graph$async_dispatch_107_embedded_elf_riscv_64_main_graph$async_dispatch_107_unpack_f32/process_time/real_time              1.27 ms         2.06 ms          551 items_per_second=789.875/s
BM_main_graph$async_dispatch_107_embedded_elf_riscv_64_main_graph$async_dispatch_107_unpack_f32/process_time/real_time              1.28 ms         2.06 ms          551 items_per_second=783.393/s
BM_main_graph$async_dispatch_107_embedded_elf_riscv_64_main_graph$async_dispatch_107_unpack_f32/process_time/real_time              1.26 ms         2.06 ms          551 items_per_second=793.499/s
BM_main_graph$async_dispatch_107_embedded_elf_riscv_64_main_graph$async_dispatch_107_unpack_f32/process_time/real_time              1.27 ms         2.07 ms          551 items_per_second=787.919/s
BM_main_graph$async_dispatch_107_embedded_elf_riscv_64_main_graph$async_dispatch_107_unpack_f32/process_time/real_time              1.30 ms         2.10 ms          551 items_per_second=767.726/s
BM_main_graph$async_dispatch_107_embedded_elf_riscv_64_main_graph$async_dispatch_107_unpack_f32/process_time/real_time_mean         1.28 ms         2.07 ms           10 items_per_second=781.212/s
BM_main_graph$async_dispatch_107_embedded_elf_riscv_64_main_graph$async_dispatch_107_unpack_f32/process_time/real_time_median       1.28 ms         2.07 ms           10 items_per_second=781.285/s
BM_main_graph$async_dispatch_107_embedded_elf_riscv_64_main_graph$async_dispatch_107_unpack_f32/process_time/real_time_stddev      0.015 ms        0.016 ms           10 items_per_second=8.8753/s
BM_main_graph$async_dispatch_107_embedded_elf_riscv_64_main_graph$async_dispatch_107_unpack_f32/process_time/real_time_cv           1.14 %          0.79 %            10 items_per_second=1.14%
