2026-01-08T12:26:56.741226
Running tools/iree-benchmark-module --module=/home/dima/sched_vmfb/glpdepth/module_main_graph$async_dispatch_161_embedded_elf_riscv_64_benchmark.vmfb --device=local-task --function=main_graph$async_dispatch_161_embedded_elf_riscv_64_main_graph$async_dispatch_161_reduction_49x256_f32 --input=1xi32=1 --task_topology_cpu_ids=0,1 --benchmark_repetitions=10
2026-01-08T12:26:56+08:00
Running tools/iree-benchmark-module
Run on (8 X 1600 MHz CPU s)
CPU Caches:
  L1 Instruction 32 KiB (x8)
  L1 Data 32 KiB (x8)
  L2 Unified 512 KiB (x2)
Load Average: 3.61, 3.49, 3.05
--------------------------------------------------------------------------------------------------------------------------------------------------------------------------------------------------
Benchmark                                                                                                                                        Time             CPU   Iterations UserCounters...
--------------------------------------------------------------------------------------------------------------------------------------------------------------------------------------------------
BM_main_graph$async_dispatch_161_embedded_elf_riscv_64_main_graph$async_dispatch_161_reduction_49x256_f32/process_time/real_time             0.145 ms        0.228 ms         4799 items_per_second=6.90087k/s
BM_main_graph$async_dispatch_161_embedded_elf_riscv_64_main_graph$async_dispatch_161_reduction_49x256_f32/process_time/real_time             0.145 ms        0.228 ms         4799 items_per_second=6.89297k/s
BM_main_graph$async_dispatch_161_embedded_elf_riscv_64_main_graph$async_dispatch_161_reduction_49x256_f32/process_time/real_time             0.145 ms        0.228 ms         4799 items_per_second=6.89513k/s
BM_main_graph$async_dispatch_161_embedded_elf_riscv_64_main_graph$async_dispatch_161_reduction_49x256_f32/process_time/real_time             0.146 ms        0.228 ms         4799 items_per_second=6.87113k/s
BM_main_graph$async_dispatch_161_embedded_elf_riscv_64_main_graph$async_dispatch_161_reduction_49x256_f32/process_time/real_time             0.145 ms        0.228 ms         4799 items_per_second=6.88967k/s
BM_main_graph$async_dispatch_161_embedded_elf_riscv_64_main_graph$async_dispatch_161_reduction_49x256_f32/process_time/real_time             0.145 ms        0.228 ms         4799 items_per_second=6.87539k/s
BM_main_graph$async_dispatch_161_embedded_elf_riscv_64_main_graph$async_dispatch_161_reduction_49x256_f32/process_time/real_time             0.145 ms        0.228 ms         4799 items_per_second=6.88814k/s
BM_main_graph$async_dispatch_161_embedded_elf_riscv_64_main_graph$async_dispatch_161_reduction_49x256_f32/process_time/real_time             0.145 ms        0.228 ms         4799 items_per_second=6.89963k/s
BM_main_graph$async_dispatch_161_embedded_elf_riscv_64_main_graph$async_dispatch_161_reduction_49x256_f32/process_time/real_time             0.146 ms        0.229 ms         4799 items_per_second=6.8592k/s
BM_main_graph$async_dispatch_161_embedded_elf_riscv_64_main_graph$async_dispatch_161_reduction_49x256_f32/process_time/real_time             0.144 ms        0.227 ms         4799 items_per_second=6.95353k/s
BM_main_graph$async_dispatch_161_embedded_elf_riscv_64_main_graph$async_dispatch_161_reduction_49x256_f32/process_time/real_time_mean        0.145 ms        0.228 ms           10 items_per_second=6.89257k/s
BM_main_graph$async_dispatch_161_embedded_elf_riscv_64_main_graph$async_dispatch_161_reduction_49x256_f32/process_time/real_time_median      0.145 ms        0.228 ms           10 items_per_second=6.89132k/s
BM_main_graph$async_dispatch_161_embedded_elf_riscv_64_main_graph$async_dispatch_161_reduction_49x256_f32/process_time/real_time_stddev      0.001 ms        0.001 ms           10 items_per_second=25.2509/s
BM_main_graph$async_dispatch_161_embedded_elf_riscv_64_main_graph$async_dispatch_161_reduction_49x256_f32/process_time/real_time_cv           0.36 %          0.25 %            10 items_per_second=0.37%
