2026-01-08T12:33:11.824030
Running tools/iree-benchmark-module --module=/home/dima/sched_vmfb/glpdepth/module_main_graph$async_dispatch_52_embedded_elf_riscv_64_benchmark.vmfb --device=local-task --function=main_graph$async_dispatch_52_embedded_elf_riscv_64_main_graph$async_dispatch_52_conv_64x28x28x32x3x3_f32 --input=1xi32=1 --task_topology_cpu_ids=0,1 --benchmark_repetitions=10
2026-01-08T12:33:11+08:00
Running tools/iree-benchmark-module
Run on (8 X 1600 MHz CPU s)
CPU Caches:
  L1 Instruction 32 KiB (x8)
  L1 Data 32 KiB (x8)
  L2 Unified 512 KiB (x2)
Load Average: 3.94, 3.84, 3.36
----------------------------------------------------------------------------------------------------------------------------------------------------------------------------------------------------
Benchmark                                                                                                                                          Time             CPU   Iterations UserCounters...
----------------------------------------------------------------------------------------------------------------------------------------------------------------------------------------------------
BM_main_graph$async_dispatch_52_embedded_elf_riscv_64_main_graph$async_dispatch_52_conv_64x28x28x32x3x3_f32/process_time/real_time              58.3 ms          116 ms           12 items_per_second=17.145/s
BM_main_graph$async_dispatch_52_embedded_elf_riscv_64_main_graph$async_dispatch_52_conv_64x28x28x32x3x3_f32/process_time/real_time              58.0 ms          115 ms           12 items_per_second=17.2366/s
BM_main_graph$async_dispatch_52_embedded_elf_riscv_64_main_graph$async_dispatch_52_conv_64x28x28x32x3x3_f32/process_time/real_time              58.0 ms          115 ms           12 items_per_second=17.2407/s
BM_main_graph$async_dispatch_52_embedded_elf_riscv_64_main_graph$async_dispatch_52_conv_64x28x28x32x3x3_f32/process_time/real_time              58.4 ms          116 ms           12 items_per_second=17.1364/s
BM_main_graph$async_dispatch_52_embedded_elf_riscv_64_main_graph$async_dispatch_52_conv_64x28x28x32x3x3_f32/process_time/real_time              58.1 ms          115 ms           12 items_per_second=17.2088/s
BM_main_graph$async_dispatch_52_embedded_elf_riscv_64_main_graph$async_dispatch_52_conv_64x28x28x32x3x3_f32/process_time/real_time              58.1 ms          116 ms           12 items_per_second=17.2062/s
BM_main_graph$async_dispatch_52_embedded_elf_riscv_64_main_graph$async_dispatch_52_conv_64x28x28x32x3x3_f32/process_time/real_time              58.3 ms          116 ms           12 items_per_second=17.1484/s
BM_main_graph$async_dispatch_52_embedded_elf_riscv_64_main_graph$async_dispatch_52_conv_64x28x28x32x3x3_f32/process_time/real_time              58.0 ms          115 ms           12 items_per_second=17.2382/s
BM_main_graph$async_dispatch_52_embedded_elf_riscv_64_main_graph$async_dispatch_52_conv_64x28x28x32x3x3_f32/process_time/real_time              58.1 ms          116 ms           12 items_per_second=17.2014/s
BM_main_graph$async_dispatch_52_embedded_elf_riscv_64_main_graph$async_dispatch_52_conv_64x28x28x32x3x3_f32/process_time/real_time              58.4 ms          116 ms           12 items_per_second=17.1272/s
BM_main_graph$async_dispatch_52_embedded_elf_riscv_64_main_graph$async_dispatch_52_conv_64x28x28x32x3x3_f32/process_time/real_time_mean         58.2 ms          116 ms           10 items_per_second=17.1889/s
BM_main_graph$async_dispatch_52_embedded_elf_riscv_64_main_graph$async_dispatch_52_conv_64x28x28x32x3x3_f32/process_time/real_time_median       58.1 ms          116 ms           10 items_per_second=17.2038/s
BM_main_graph$async_dispatch_52_embedded_elf_riscv_64_main_graph$async_dispatch_52_conv_64x28x28x32x3x3_f32/process_time/real_time_stddev      0.153 ms        0.179 ms           10 items_per_second=0.0451778/s
BM_main_graph$async_dispatch_52_embedded_elf_riscv_64_main_graph$async_dispatch_52_conv_64x28x28x32x3x3_f32/process_time/real_time_cv           0.26 %          0.15 %            10 items_per_second=0.26%
