2026-01-08T12:22:35.602754
Running tools/iree-benchmark-module --module=/home/dima/sched_vmfb/glpdepth/module_main_graph$async_dispatch_108_embedded_elf_riscv_64_benchmark.vmfb --device=local-task --function=main_graph$async_dispatch_108_embedded_elf_riscv_64_main_graph$async_dispatch_108_softmax_5x196x49xf32_dispatch_tensor_store --input=1xi32=1 --task_topology_cpu_ids=0,1 --benchmark_repetitions=10
2026-01-08T12:22:35+08:00
Running tools/iree-benchmark-module
Run on (8 X 1600 MHz CPU s)
CPU Caches:
  L1 Instruction 32 KiB (x8)
  L1 Data 32 KiB (x8)
  L2 Unified 512 KiB (x2)
Load Average: 3.54, 3.18, 2.82
------------------------------------------------------------------------------------------------------------------------------------------------------------------------------------------------------------------------
Benchmark                                                                                                                                                              Time             CPU   Iterations UserCounters...
------------------------------------------------------------------------------------------------------------------------------------------------------------------------------------------------------------------------
BM_main_graph$async_dispatch_108_embedded_elf_riscv_64_main_graph$async_dispatch_108_softmax_5x196x49xf32_dispatch_tensor_store/process_time/real_time              1.43 ms         2.57 ms          485 items_per_second=698.26/s
BM_main_graph$async_dispatch_108_embedded_elf_riscv_64_main_graph$async_dispatch_108_softmax_5x196x49xf32_dispatch_tensor_store/process_time/real_time              1.45 ms         2.57 ms          485 items_per_second=690.755/s
BM_main_graph$async_dispatch_108_embedded_elf_riscv_64_main_graph$async_dispatch_108_softmax_5x196x49xf32_dispatch_tensor_store/process_time/real_time              1.43 ms         2.56 ms          485 items_per_second=699.24/s
BM_main_graph$async_dispatch_108_embedded_elf_riscv_64_main_graph$async_dispatch_108_softmax_5x196x49xf32_dispatch_tensor_store/process_time/real_time              1.43 ms         2.56 ms          485 items_per_second=698.258/s
BM_main_graph$async_dispatch_108_embedded_elf_riscv_64_main_graph$async_dispatch_108_softmax_5x196x49xf32_dispatch_tensor_store/process_time/real_time              1.44 ms         2.57 ms          485 items_per_second=693.029/s
BM_main_graph$async_dispatch_108_embedded_elf_riscv_64_main_graph$async_dispatch_108_softmax_5x196x49xf32_dispatch_tensor_store/process_time/real_time              1.44 ms         2.58 ms          485 items_per_second=694.508/s
BM_main_graph$async_dispatch_108_embedded_elf_riscv_64_main_graph$async_dispatch_108_softmax_5x196x49xf32_dispatch_tensor_store/process_time/real_time              1.45 ms         2.59 ms          485 items_per_second=691.095/s
BM_main_graph$async_dispatch_108_embedded_elf_riscv_64_main_graph$async_dispatch_108_softmax_5x196x49xf32_dispatch_tensor_store/process_time/real_time              1.47 ms         2.60 ms          485 items_per_second=682.246/s
BM_main_graph$async_dispatch_108_embedded_elf_riscv_64_main_graph$async_dispatch_108_softmax_5x196x49xf32_dispatch_tensor_store/process_time/real_time              1.44 ms         2.58 ms          485 items_per_second=692.176/s
BM_main_graph$async_dispatch_108_embedded_elf_riscv_64_main_graph$async_dispatch_108_softmax_5x196x49xf32_dispatch_tensor_store/process_time/real_time              1.45 ms         2.59 ms          485 items_per_second=691.332/s
BM_main_graph$async_dispatch_108_embedded_elf_riscv_64_main_graph$async_dispatch_108_softmax_5x196x49xf32_dispatch_tensor_store/process_time/real_time_mean         1.44 ms         2.58 ms           10 items_per_second=693.09/s
BM_main_graph$async_dispatch_108_embedded_elf_riscv_64_main_graph$async_dispatch_108_softmax_5x196x49xf32_dispatch_tensor_store/process_time/real_time_median       1.44 ms         2.58 ms           10 items_per_second=692.603/s
BM_main_graph$async_dispatch_108_embedded_elf_riscv_64_main_graph$async_dispatch_108_softmax_5x196x49xf32_dispatch_tensor_store/process_time/real_time_stddev      0.010 ms        0.012 ms           10 items_per_second=4.99133/s
BM_main_graph$async_dispatch_108_embedded_elf_riscv_64_main_graph$async_dispatch_108_softmax_5x196x49xf32_dispatch_tensor_store/process_time/real_time_cv           0.72 %          0.45 %            10 items_per_second=0.72%
