2026-01-08T12:28:32.764837
Running tools/iree-benchmark-module --module=/home/dima/sched_vmfb/glpdepth/module_main_graph$async_dispatch_194_embedded_elf_riscv_64_benchmark.vmfb --device=local-task --function=main_graph$async_dispatch_194_embedded_elf_riscv_64_main_graph$async_dispatch_194_conv_2x14x14x32x3x3_f32 --input=1xi32=1 --task_topology_cpu_ids=0,1 --benchmark_repetitions=10
2026-01-08T12:28:32+08:00
Running tools/iree-benchmark-module
Run on (8 X 1600 MHz CPU s)
CPU Caches:
  L1 Instruction 32 KiB (x8)
  L1 Data 32 KiB (x8)
  L2 Unified 512 KiB (x2)
Load Average: 3.89, 3.62, 3.14
-----------------------------------------------------------------------------------------------------------------------------------------------------------------------------------------------------
Benchmark                                                                                                                                           Time             CPU   Iterations UserCounters...
-----------------------------------------------------------------------------------------------------------------------------------------------------------------------------------------------------
BM_main_graph$async_dispatch_194_embedded_elf_riscv_64_main_graph$async_dispatch_194_conv_2x14x14x32x3x3_f32/process_time/real_time             0.476 ms        0.875 ms         1468 items_per_second=2.10169k/s
BM_main_graph$async_dispatch_194_embedded_elf_riscv_64_main_graph$async_dispatch_194_conv_2x14x14x32x3x3_f32/process_time/real_time             0.471 ms        0.867 ms         1468 items_per_second=2.12303k/s
BM_main_graph$async_dispatch_194_embedded_elf_riscv_64_main_graph$async_dispatch_194_conv_2x14x14x32x3x3_f32/process_time/real_time             0.474 ms        0.875 ms         1468 items_per_second=2.10857k/s
BM_main_graph$async_dispatch_194_embedded_elf_riscv_64_main_graph$async_dispatch_194_conv_2x14x14x32x3x3_f32/process_time/real_time             0.475 ms        0.874 ms         1468 items_per_second=2.10514k/s
BM_main_graph$async_dispatch_194_embedded_elf_riscv_64_main_graph$async_dispatch_194_conv_2x14x14x32x3x3_f32/process_time/real_time             0.475 ms        0.874 ms         1468 items_per_second=2.10623k/s
BM_main_graph$async_dispatch_194_embedded_elf_riscv_64_main_graph$async_dispatch_194_conv_2x14x14x32x3x3_f32/process_time/real_time             0.479 ms        0.879 ms         1468 items_per_second=2.08626k/s
BM_main_graph$async_dispatch_194_embedded_elf_riscv_64_main_graph$async_dispatch_194_conv_2x14x14x32x3x3_f32/process_time/real_time             0.476 ms        0.876 ms         1468 items_per_second=2.10047k/s
BM_main_graph$async_dispatch_194_embedded_elf_riscv_64_main_graph$async_dispatch_194_conv_2x14x14x32x3x3_f32/process_time/real_time             0.477 ms        0.877 ms         1468 items_per_second=2.09554k/s
BM_main_graph$async_dispatch_194_embedded_elf_riscv_64_main_graph$async_dispatch_194_conv_2x14x14x32x3x3_f32/process_time/real_time             0.477 ms        0.877 ms         1468 items_per_second=2.09735k/s
BM_main_graph$async_dispatch_194_embedded_elf_riscv_64_main_graph$async_dispatch_194_conv_2x14x14x32x3x3_f32/process_time/real_time             0.476 ms        0.876 ms         1468 items_per_second=2.10063k/s
BM_main_graph$async_dispatch_194_embedded_elf_riscv_64_main_graph$async_dispatch_194_conv_2x14x14x32x3x3_f32/process_time/real_time_mean        0.476 ms        0.875 ms           10 items_per_second=2.10249k/s
BM_main_graph$async_dispatch_194_embedded_elf_riscv_64_main_graph$async_dispatch_194_conv_2x14x14x32x3x3_f32/process_time/real_time_median      0.476 ms        0.876 ms           10 items_per_second=2.10116k/s
BM_main_graph$async_dispatch_194_embedded_elf_riscv_64_main_graph$async_dispatch_194_conv_2x14x14x32x3x3_f32/process_time/real_time_stddev      0.002 ms        0.003 ms           10 items_per_second=9.58145/s
BM_main_graph$async_dispatch_194_embedded_elf_riscv_64_main_graph$async_dispatch_194_conv_2x14x14x32x3x3_f32/process_time/real_time_cv           0.45 %          0.37 %            10 items_per_second=0.46%
