2026-01-08T12:35:21.365225
Running tools/iree-benchmark-module --module=/home/dima/sched_vmfb/glpdepth/module_main_graph$async_dispatch_6_embedded_elf_riscv_64_benchmark.vmfb --device=local-task --function=main_graph$async_dispatch_6_embedded_elf_riscv_64_main_graph$async_dispatch_6_conv_32x7x7x32x8x8_f32 --input=1xi32=1 --task_topology_cpu_ids=0,1 --benchmark_repetitions=10
2026-01-08T12:35:21+08:00
Running tools/iree-benchmark-module
Run on (8 X 1600 MHz CPU s)
CPU Caches:
  L1 Instruction 32 KiB (x8)
  L1 Data 32 KiB (x8)
  L2 Unified 512 KiB (x2)
Load Average: 3.89, 3.85, 3.43
------------------------------------------------------------------------------------------------------------------------------------------------------------------------------------------------
Benchmark                                                                                                                                      Time             CPU   Iterations UserCounters...
------------------------------------------------------------------------------------------------------------------------------------------------------------------------------------------------
BM_main_graph$async_dispatch_6_embedded_elf_riscv_64_main_graph$async_dispatch_6_conv_32x7x7x32x8x8_f32/process_time/real_time              17.1 ms         30.3 ms           41 items_per_second=58.3859/s
BM_main_graph$async_dispatch_6_embedded_elf_riscv_64_main_graph$async_dispatch_6_conv_32x7x7x32x8x8_f32/process_time/real_time              17.1 ms         30.2 ms           41 items_per_second=58.5088/s
BM_main_graph$async_dispatch_6_embedded_elf_riscv_64_main_graph$async_dispatch_6_conv_32x7x7x32x8x8_f32/process_time/real_time              17.1 ms         30.2 ms           41 items_per_second=58.4657/s
BM_main_graph$async_dispatch_6_embedded_elf_riscv_64_main_graph$async_dispatch_6_conv_32x7x7x32x8x8_f32/process_time/real_time              17.1 ms         30.2 ms           41 items_per_second=58.5356/s
BM_main_graph$async_dispatch_6_embedded_elf_riscv_64_main_graph$async_dispatch_6_conv_32x7x7x32x8x8_f32/process_time/real_time              17.1 ms         30.2 ms           41 items_per_second=58.3771/s
BM_main_graph$async_dispatch_6_embedded_elf_riscv_64_main_graph$async_dispatch_6_conv_32x7x7x32x8x8_f32/process_time/real_time              17.1 ms         30.2 ms           41 items_per_second=58.4928/s
BM_main_graph$async_dispatch_6_embedded_elf_riscv_64_main_graph$async_dispatch_6_conv_32x7x7x32x8x8_f32/process_time/real_time              17.1 ms         30.3 ms           41 items_per_second=58.4601/s
BM_main_graph$async_dispatch_6_embedded_elf_riscv_64_main_graph$async_dispatch_6_conv_32x7x7x32x8x8_f32/process_time/real_time              17.1 ms         30.2 ms           41 items_per_second=58.4825/s
BM_main_graph$async_dispatch_6_embedded_elf_riscv_64_main_graph$async_dispatch_6_conv_32x7x7x32x8x8_f32/process_time/real_time              17.1 ms         30.2 ms           41 items_per_second=58.5849/s
BM_main_graph$async_dispatch_6_embedded_elf_riscv_64_main_graph$async_dispatch_6_conv_32x7x7x32x8x8_f32/process_time/real_time              17.1 ms         30.3 ms           41 items_per_second=58.4005/s
BM_main_graph$async_dispatch_6_embedded_elf_riscv_64_main_graph$async_dispatch_6_conv_32x7x7x32x8x8_f32/process_time/real_time_mean         17.1 ms         30.2 ms           10 items_per_second=58.4694/s
BM_main_graph$async_dispatch_6_embedded_elf_riscv_64_main_graph$async_dispatch_6_conv_32x7x7x32x8x8_f32/process_time/real_time_median       17.1 ms         30.2 ms           10 items_per_second=58.4741/s
BM_main_graph$async_dispatch_6_embedded_elf_riscv_64_main_graph$async_dispatch_6_conv_32x7x7x32x8x8_f32/process_time/real_time_stddev      0.020 ms        0.047 ms           10 items_per_second=0.0669491/s
BM_main_graph$async_dispatch_6_embedded_elf_riscv_64_main_graph$async_dispatch_6_conv_32x7x7x32x8x8_f32/process_time/real_time_cv           0.11 %          0.16 %            10 items_per_second=0.11%
