2026-01-08T12:27:26.700529
Running tools/iree-benchmark-module --module=/home/dima/sched_vmfb/glpdepth/module_main_graph$async_dispatch_165_embedded_elf_riscv_64_benchmark.vmfb --device=local-task --function=main_graph$async_dispatch_165_embedded_elf_riscv_64_main_graph$async_dispatch_165_mmt4d_7x8x1024x7x32x1_f32 --input=1xi32=1 --task_topology_cpu_ids=0,1 --benchmark_repetitions=10
2026-01-08T12:27:26+08:00
Running tools/iree-benchmark-module
Run on (8 X 1600 MHz CPU s)
CPU Caches:
  L1 Instruction 32 KiB (x8)
  L1 Data 32 KiB (x8)
  L2 Unified 512 KiB (x2)
Load Average: 3.77, 3.54, 3.08
-------------------------------------------------------------------------------------------------------------------------------------------------------------------------------------------------------
Benchmark                                                                                                                                             Time             CPU   Iterations UserCounters...
-------------------------------------------------------------------------------------------------------------------------------------------------------------------------------------------------------
BM_main_graph$async_dispatch_165_embedded_elf_riscv_64_main_graph$async_dispatch_165_mmt4d_7x8x1024x7x32x1_f32/process_time/real_time              3.86 ms         6.77 ms          181 items_per_second=259.291/s
BM_main_graph$async_dispatch_165_embedded_elf_riscv_64_main_graph$async_dispatch_165_mmt4d_7x8x1024x7x32x1_f32/process_time/real_time              3.85 ms         6.75 ms          181 items_per_second=259.749/s
BM_main_graph$async_dispatch_165_embedded_elf_riscv_64_main_graph$async_dispatch_165_mmt4d_7x8x1024x7x32x1_f32/process_time/real_time              3.86 ms         6.76 ms          181 items_per_second=259.293/s
BM_main_graph$async_dispatch_165_embedded_elf_riscv_64_main_graph$async_dispatch_165_mmt4d_7x8x1024x7x32x1_f32/process_time/real_time              3.85 ms         6.76 ms          181 items_per_second=259.564/s
BM_main_graph$async_dispatch_165_embedded_elf_riscv_64_main_graph$async_dispatch_165_mmt4d_7x8x1024x7x32x1_f32/process_time/real_time              3.85 ms         6.75 ms          181 items_per_second=259.527/s
BM_main_graph$async_dispatch_165_embedded_elf_riscv_64_main_graph$async_dispatch_165_mmt4d_7x8x1024x7x32x1_f32/process_time/real_time              3.86 ms         6.75 ms          181 items_per_second=259.213/s
BM_main_graph$async_dispatch_165_embedded_elf_riscv_64_main_graph$async_dispatch_165_mmt4d_7x8x1024x7x32x1_f32/process_time/real_time              3.86 ms         6.76 ms          181 items_per_second=259.186/s
BM_main_graph$async_dispatch_165_embedded_elf_riscv_64_main_graph$async_dispatch_165_mmt4d_7x8x1024x7x32x1_f32/process_time/real_time              3.85 ms         6.75 ms          181 items_per_second=259.683/s
BM_main_graph$async_dispatch_165_embedded_elf_riscv_64_main_graph$async_dispatch_165_mmt4d_7x8x1024x7x32x1_f32/process_time/real_time              3.85 ms         6.76 ms          181 items_per_second=259.509/s
BM_main_graph$async_dispatch_165_embedded_elf_riscv_64_main_graph$async_dispatch_165_mmt4d_7x8x1024x7x32x1_f32/process_time/real_time              3.86 ms         6.76 ms          181 items_per_second=259.313/s
BM_main_graph$async_dispatch_165_embedded_elf_riscv_64_main_graph$async_dispatch_165_mmt4d_7x8x1024x7x32x1_f32/process_time/real_time_mean         3.85 ms         6.76 ms           10 items_per_second=259.433/s
BM_main_graph$async_dispatch_165_embedded_elf_riscv_64_main_graph$async_dispatch_165_mmt4d_7x8x1024x7x32x1_f32/process_time/real_time_median       3.85 ms         6.76 ms           10 items_per_second=259.411/s
BM_main_graph$async_dispatch_165_embedded_elf_riscv_64_main_graph$async_dispatch_165_mmt4d_7x8x1024x7x32x1_f32/process_time/real_time_stddev      0.003 ms        0.006 ms           10 items_per_second=0.199302/s
BM_main_graph$async_dispatch_165_embedded_elf_riscv_64_main_graph$async_dispatch_165_mmt4d_7x8x1024x7x32x1_f32/process_time/real_time_cv           0.08 %          0.10 %            10 items_per_second=0.08%
