2026-01-08T12:33:48.286898
Running tools/iree-benchmark-module --module=/home/dima/sched_vmfb/glpdepth/module_main_graph$async_dispatch_58_embedded_elf_riscv_64_benchmark.vmfb --device=local-task --function=main_graph$async_dispatch_58_embedded_elf_riscv_64_main_graph$async_dispatch_58_elementwise_broadcast_2x32x49_f32_pack --input=1xi32=1 --task_topology_cpu_ids=0,1 --benchmark_repetitions=10
2026-01-08T12:33:48+08:00
Running tools/iree-benchmark-module
Run on (8 X 1600 MHz CPU s)
CPU Caches:
  L1 Instruction 32 KiB (x8)
  L1 Data 32 KiB (x8)
  L2 Unified 512 KiB (x2)
Load Average: 3.92, 3.85, 3.38
------------------------------------------------------------------------------------------------------------------------------------------------------------------------------------------------------------------
Benchmark                                                                                                                                                        Time             CPU   Iterations UserCounters...
------------------------------------------------------------------------------------------------------------------------------------------------------------------------------------------------------------------
BM_main_graph$async_dispatch_58_embedded_elf_riscv_64_main_graph$async_dispatch_58_elementwise_broadcast_2x32x49_f32_pack/process_time/real_time             0.132 ms        0.139 ms         5028 items_per_second=7.56895k/s
BM_main_graph$async_dispatch_58_embedded_elf_riscv_64_main_graph$async_dispatch_58_elementwise_broadcast_2x32x49_f32_pack/process_time/real_time             0.129 ms        0.131 ms         5028 items_per_second=7.75401k/s
BM_main_graph$async_dispatch_58_embedded_elf_riscv_64_main_graph$async_dispatch_58_elementwise_broadcast_2x32x49_f32_pack/process_time/real_time             0.122 ms        0.128 ms         5028 items_per_second=8.19825k/s
BM_main_graph$async_dispatch_58_embedded_elf_riscv_64_main_graph$async_dispatch_58_elementwise_broadcast_2x32x49_f32_pack/process_time/real_time             0.123 ms        0.129 ms         5028 items_per_second=8.15066k/s
BM_main_graph$async_dispatch_58_embedded_elf_riscv_64_main_graph$async_dispatch_58_elementwise_broadcast_2x32x49_f32_pack/process_time/real_time             0.122 ms        0.128 ms         5028 items_per_second=8.19536k/s
BM_main_graph$async_dispatch_58_embedded_elf_riscv_64_main_graph$async_dispatch_58_elementwise_broadcast_2x32x49_f32_pack/process_time/real_time             0.123 ms        0.128 ms         5028 items_per_second=8.14134k/s
BM_main_graph$async_dispatch_58_embedded_elf_riscv_64_main_graph$async_dispatch_58_elementwise_broadcast_2x32x49_f32_pack/process_time/real_time             0.124 ms        0.129 ms         5028 items_per_second=8.06784k/s
BM_main_graph$async_dispatch_58_embedded_elf_riscv_64_main_graph$async_dispatch_58_elementwise_broadcast_2x32x49_f32_pack/process_time/real_time             0.123 ms        0.128 ms         5028 items_per_second=8.15702k/s
BM_main_graph$async_dispatch_58_embedded_elf_riscv_64_main_graph$async_dispatch_58_elementwise_broadcast_2x32x49_f32_pack/process_time/real_time             0.123 ms        0.129 ms         5028 items_per_second=8.14544k/s
BM_main_graph$async_dispatch_58_embedded_elf_riscv_64_main_graph$async_dispatch_58_elementwise_broadcast_2x32x49_f32_pack/process_time/real_time             0.123 ms        0.129 ms         5028 items_per_second=8.11331k/s
BM_main_graph$async_dispatch_58_embedded_elf_riscv_64_main_graph$async_dispatch_58_elementwise_broadcast_2x32x49_f32_pack/process_time/real_time_mean        0.124 ms        0.130 ms           10 items_per_second=8.04922k/s
BM_main_graph$async_dispatch_58_embedded_elf_riscv_64_main_graph$async_dispatch_58_elementwise_broadcast_2x32x49_f32_pack/process_time/real_time_median      0.123 ms        0.129 ms           10 items_per_second=8.14339k/s
BM_main_graph$async_dispatch_58_embedded_elf_riscv_64_main_graph$async_dispatch_58_elementwise_broadcast_2x32x49_f32_pack/process_time/real_time_stddev      0.003 ms        0.003 ms           10 items_per_second=212.258/s
BM_main_graph$async_dispatch_58_embedded_elf_riscv_64_main_graph$async_dispatch_58_elementwise_broadcast_2x32x49_f32_pack/process_time/real_time_cv           2.74 %          2.54 %            10 items_per_second=2.64%
