2026-01-08T12:26:49.371567
Running tools/iree-benchmark-module --module=/home/dima/sched_vmfb/glpdepth/module_main_graph$async_dispatch_160_embedded_elf_riscv_64_benchmark.vmfb --device=local-task --function=main_graph$async_dispatch_160_embedded_elf_riscv_64_main_graph$async_dispatch_160_unpack_f32 --input=1xi32=1 --task_topology_cpu_ids=0,1 --benchmark_repetitions=10
2026-01-08T12:26:49+08:00
Running tools/iree-benchmark-module
Run on (8 X 1600 MHz CPU s)
CPU Caches:
  L1 Instruction 32 KiB (x8)
  L1 Data 32 KiB (x8)
  L2 Unified 512 KiB (x2)
Load Average: 3.66, 3.50, 3.05
----------------------------------------------------------------------------------------------------------------------------------------------------------------------------------------
Benchmark                                                                                                                              Time             CPU   Iterations UserCounters...
----------------------------------------------------------------------------------------------------------------------------------------------------------------------------------------
BM_main_graph$async_dispatch_160_embedded_elf_riscv_64_main_graph$async_dispatch_160_unpack_f32/process_time/real_time             0.098 ms        0.129 ms         7108 items_per_second=10.1881k/s
BM_main_graph$async_dispatch_160_embedded_elf_riscv_64_main_graph$async_dispatch_160_unpack_f32/process_time/real_time             0.099 ms        0.130 ms         7108 items_per_second=10.1467k/s
BM_main_graph$async_dispatch_160_embedded_elf_riscv_64_main_graph$async_dispatch_160_unpack_f32/process_time/real_time             0.099 ms        0.131 ms         7108 items_per_second=10.0902k/s
BM_main_graph$async_dispatch_160_embedded_elf_riscv_64_main_graph$async_dispatch_160_unpack_f32/process_time/real_time             0.099 ms        0.130 ms         7108 items_per_second=10.1341k/s
BM_main_graph$async_dispatch_160_embedded_elf_riscv_64_main_graph$async_dispatch_160_unpack_f32/process_time/real_time             0.099 ms        0.130 ms         7108 items_per_second=10.1454k/s
BM_main_graph$async_dispatch_160_embedded_elf_riscv_64_main_graph$async_dispatch_160_unpack_f32/process_time/real_time             0.098 ms        0.129 ms         7108 items_per_second=10.182k/s
BM_main_graph$async_dispatch_160_embedded_elf_riscv_64_main_graph$async_dispatch_160_unpack_f32/process_time/real_time             0.098 ms        0.130 ms         7108 items_per_second=10.1614k/s
BM_main_graph$async_dispatch_160_embedded_elf_riscv_64_main_graph$async_dispatch_160_unpack_f32/process_time/real_time             0.099 ms        0.130 ms         7108 items_per_second=10.1134k/s
BM_main_graph$async_dispatch_160_embedded_elf_riscv_64_main_graph$async_dispatch_160_unpack_f32/process_time/real_time             0.098 ms        0.130 ms         7108 items_per_second=10.1583k/s
BM_main_graph$async_dispatch_160_embedded_elf_riscv_64_main_graph$async_dispatch_160_unpack_f32/process_time/real_time             0.098 ms        0.130 ms         7108 items_per_second=10.1617k/s
BM_main_graph$async_dispatch_160_embedded_elf_riscv_64_main_graph$async_dispatch_160_unpack_f32/process_time/real_time_mean        0.099 ms        0.130 ms           10 items_per_second=10.1481k/s
BM_main_graph$async_dispatch_160_embedded_elf_riscv_64_main_graph$async_dispatch_160_unpack_f32/process_time/real_time_median      0.098 ms        0.130 ms           10 items_per_second=10.1525k/s
BM_main_graph$async_dispatch_160_embedded_elf_riscv_64_main_graph$async_dispatch_160_unpack_f32/process_time/real_time_stddev      0.000 ms        0.000 ms           10 items_per_second=29.7818/s
BM_main_graph$async_dispatch_160_embedded_elf_riscv_64_main_graph$async_dispatch_160_unpack_f32/process_time/real_time_cv           0.29 %          0.30 %            10 items_per_second=0.29%
