2026-01-08T12:30:56.345501
Running tools/iree-benchmark-module --module=/home/dima/sched_vmfb/glpdepth/module_main_graph$async_dispatch_212_embedded_elf_riscv_64_benchmark.vmfb --device=local-task --function=main_graph$async_dispatch_212_embedded_elf_riscv_64_main_graph$async_dispatch_212_conv_64x224x224x64x3x3_f32 --input=1xi32=1 --task_topology_cpu_ids=0,1 --benchmark_repetitions=10
2026-01-08T12:30:56+08:00
Running tools/iree-benchmark-module
Run on (8 X 1600 MHz CPU s)
CPU Caches:
  L1 Instruction 32 KiB (x8)
  L1 Data 32 KiB (x8)
  L2 Unified 512 KiB (x2)
Load Average: 3.95, 3.73, 3.25
--------------------------------------------------------------------------------------------------------------------------------------------------------------------------------------------------------
Benchmark                                                                                                                                              Time             CPU   Iterations UserCounters...
--------------------------------------------------------------------------------------------------------------------------------------------------------------------------------------------------------
BM_main_graph$async_dispatch_212_embedded_elf_riscv_64_main_graph$async_dispatch_212_conv_64x224x224x64x3x3_f32/process_time/real_time              6292 ms        12337 ms            1 items_per_second=0.15893/s
BM_main_graph$async_dispatch_212_embedded_elf_riscv_64_main_graph$async_dispatch_212_conv_64x224x224x64x3x3_f32/process_time/real_time              6278 ms        12308 ms            1 items_per_second=0.159275/s
BM_main_graph$async_dispatch_212_embedded_elf_riscv_64_main_graph$async_dispatch_212_conv_64x224x224x64x3x3_f32/process_time/real_time              6285 ms        12312 ms            1 items_per_second=0.159109/s
BM_main_graph$async_dispatch_212_embedded_elf_riscv_64_main_graph$async_dispatch_212_conv_64x224x224x64x3x3_f32/process_time/real_time              6277 ms        12304 ms            1 items_per_second=0.159309/s
BM_main_graph$async_dispatch_212_embedded_elf_riscv_64_main_graph$async_dispatch_212_conv_64x224x224x64x3x3_f32/process_time/real_time              6281 ms        12311 ms            1 items_per_second=0.159216/s
BM_main_graph$async_dispatch_212_embedded_elf_riscv_64_main_graph$async_dispatch_212_conv_64x224x224x64x3x3_f32/process_time/real_time              6280 ms        12311 ms            1 items_per_second=0.159234/s
BM_main_graph$async_dispatch_212_embedded_elf_riscv_64_main_graph$async_dispatch_212_conv_64x224x224x64x3x3_f32/process_time/real_time              6282 ms        12312 ms            1 items_per_second=0.159174/s
BM_main_graph$async_dispatch_212_embedded_elf_riscv_64_main_graph$async_dispatch_212_conv_64x224x224x64x3x3_f32/process_time/real_time              6282 ms        12313 ms            1 items_per_second=0.159181/s
BM_main_graph$async_dispatch_212_embedded_elf_riscv_64_main_graph$async_dispatch_212_conv_64x224x224x64x3x3_f32/process_time/real_time              6280 ms        12309 ms            1 items_per_second=0.159237/s
BM_main_graph$async_dispatch_212_embedded_elf_riscv_64_main_graph$async_dispatch_212_conv_64x224x224x64x3x3_f32/process_time/real_time              6282 ms        12311 ms            1 items_per_second=0.159194/s
BM_main_graph$async_dispatch_212_embedded_elf_riscv_64_main_graph$async_dispatch_212_conv_64x224x224x64x3x3_f32/process_time/real_time_mean         6282 ms        12313 ms           10 items_per_second=0.159186/s
BM_main_graph$async_dispatch_212_embedded_elf_riscv_64_main_graph$async_dispatch_212_conv_64x224x224x64x3x3_f32/process_time/real_time_median       6281 ms        12311 ms           10 items_per_second=0.159205/s
BM_main_graph$async_dispatch_212_embedded_elf_riscv_64_main_graph$async_dispatch_212_conv_64x224x224x64x3x3_f32/process_time/real_time_stddev       4.17 ms         8.87 ms           10 items_per_second=105.556u/s
BM_main_graph$async_dispatch_212_embedded_elf_riscv_64_main_graph$async_dispatch_212_conv_64x224x224x64x3x3_f32/process_time/real_time_cv           0.07 %          0.07 %            10 items_per_second=0.07%
