2026-01-08T12:25:42.604021
Running tools/iree-benchmark-module --module=/home/dima/sched_vmfb/glpdepth/module_main_graph$async_dispatch_152_embedded_elf_riscv_64_benchmark.vmfb --device=local-task --function=main_graph$async_dispatch_152_embedded_elf_riscv_64_main_graph$async_dispatch_152_unpack_f32 --input=1xi32=1 --task_topology_cpu_ids=0,1 --benchmark_repetitions=10
2026-01-08T12:25:42+08:00
Running tools/iree-benchmark-module
Run on (8 X 1600 MHz CPU s)
CPU Caches:
  L1 Instruction 32 KiB (x8)
  L1 Data 32 KiB (x8)
  L2 Unified 512 KiB (x2)
Load Average: 3.61, 3.45, 3.00
----------------------------------------------------------------------------------------------------------------------------------------------------------------------------------------
Benchmark                                                                                                                              Time             CPU   Iterations UserCounters...
----------------------------------------------------------------------------------------------------------------------------------------------------------------------------------------
BM_main_graph$async_dispatch_152_embedded_elf_riscv_64_main_graph$async_dispatch_152_unpack_f32/process_time/real_time             0.122 ms        0.175 ms         5693 items_per_second=8.20293k/s
BM_main_graph$async_dispatch_152_embedded_elf_riscv_64_main_graph$async_dispatch_152_unpack_f32/process_time/real_time             0.122 ms        0.175 ms         5693 items_per_second=8.1695k/s
BM_main_graph$async_dispatch_152_embedded_elf_riscv_64_main_graph$async_dispatch_152_unpack_f32/process_time/real_time             0.122 ms        0.175 ms         5693 items_per_second=8.16403k/s
BM_main_graph$async_dispatch_152_embedded_elf_riscv_64_main_graph$async_dispatch_152_unpack_f32/process_time/real_time             0.121 ms        0.174 ms         5693 items_per_second=8.23125k/s
BM_main_graph$async_dispatch_152_embedded_elf_riscv_64_main_graph$async_dispatch_152_unpack_f32/process_time/real_time             0.122 ms        0.174 ms         5693 items_per_second=8.21633k/s
BM_main_graph$async_dispatch_152_embedded_elf_riscv_64_main_graph$async_dispatch_152_unpack_f32/process_time/real_time             0.122 ms        0.175 ms         5693 items_per_second=8.18971k/s
BM_main_graph$async_dispatch_152_embedded_elf_riscv_64_main_graph$async_dispatch_152_unpack_f32/process_time/real_time             0.121 ms        0.174 ms         5693 items_per_second=8.24705k/s
BM_main_graph$async_dispatch_152_embedded_elf_riscv_64_main_graph$async_dispatch_152_unpack_f32/process_time/real_time             0.122 ms        0.175 ms         5693 items_per_second=8.18521k/s
BM_main_graph$async_dispatch_152_embedded_elf_riscv_64_main_graph$async_dispatch_152_unpack_f32/process_time/real_time             0.122 ms        0.175 ms         5693 items_per_second=8.21724k/s
BM_main_graph$async_dispatch_152_embedded_elf_riscv_64_main_graph$async_dispatch_152_unpack_f32/process_time/real_time             0.122 ms        0.174 ms         5693 items_per_second=8.22639k/s
BM_main_graph$async_dispatch_152_embedded_elf_riscv_64_main_graph$async_dispatch_152_unpack_f32/process_time/real_time_mean        0.122 ms        0.175 ms           10 items_per_second=8.20496k/s
BM_main_graph$async_dispatch_152_embedded_elf_riscv_64_main_graph$async_dispatch_152_unpack_f32/process_time/real_time_median      0.122 ms        0.175 ms           10 items_per_second=8.20963k/s
BM_main_graph$async_dispatch_152_embedded_elf_riscv_64_main_graph$async_dispatch_152_unpack_f32/process_time/real_time_stddev      0.000 ms        0.000 ms           10 items_per_second=27.4104/s
BM_main_graph$async_dispatch_152_embedded_elf_riscv_64_main_graph$async_dispatch_152_unpack_f32/process_time/real_time_cv           0.33 %          0.24 %            10 items_per_second=0.33%
