2026-01-08T12:21:44.925180
Running tools/iree-benchmark-module --module=/home/dima/sched_vmfb/glpdepth/module_main_graph$async_dispatch_101_embedded_elf_riscv_64_benchmark.vmfb --device=local-task --function=main_graph$async_dispatch_101_embedded_elf_riscv_64_main_graph$async_dispatch_101_matmul_like_5x196x32x160_f32_pack --input=1xi32=1 --task_topology_cpu_ids=0,1 --benchmark_repetitions=10
2026-01-08T12:21:44+08:00
Running tools/iree-benchmark-module
Run on (8 X 1600 MHz CPU s)
CPU Caches:
  L1 Instruction 32 KiB (x8)
  L1 Data 32 KiB (x8)
  L2 Unified 512 KiB (x2)
Load Average: 3.18, 3.06, 2.76
---------------------------------------------------------------------------------------------------------------------------------------------------------------------------------------------------------------
Benchmark                                                                                                                                                     Time             CPU   Iterations UserCounters...
---------------------------------------------------------------------------------------------------------------------------------------------------------------------------------------------------------------
BM_main_graph$async_dispatch_101_embedded_elf_riscv_64_main_graph$async_dispatch_101_matmul_like_5x196x32x160_f32_pack/process_time/real_time               172 ms          286 ms            4 items_per_second=5.82718/s
BM_main_graph$async_dispatch_101_embedded_elf_riscv_64_main_graph$async_dispatch_101_matmul_like_5x196x32x160_f32_pack/process_time/real_time               172 ms          286 ms            4 items_per_second=5.82898/s
BM_main_graph$async_dispatch_101_embedded_elf_riscv_64_main_graph$async_dispatch_101_matmul_like_5x196x32x160_f32_pack/process_time/real_time               172 ms          286 ms            4 items_per_second=5.80182/s
BM_main_graph$async_dispatch_101_embedded_elf_riscv_64_main_graph$async_dispatch_101_matmul_like_5x196x32x160_f32_pack/process_time/real_time               172 ms          286 ms            4 items_per_second=5.81636/s
BM_main_graph$async_dispatch_101_embedded_elf_riscv_64_main_graph$async_dispatch_101_matmul_like_5x196x32x160_f32_pack/process_time/real_time               171 ms          286 ms            4 items_per_second=5.83133/s
BM_main_graph$async_dispatch_101_embedded_elf_riscv_64_main_graph$async_dispatch_101_matmul_like_5x196x32x160_f32_pack/process_time/real_time               172 ms          287 ms            4 items_per_second=5.82221/s
BM_main_graph$async_dispatch_101_embedded_elf_riscv_64_main_graph$async_dispatch_101_matmul_like_5x196x32x160_f32_pack/process_time/real_time               172 ms          286 ms            4 items_per_second=5.82177/s
BM_main_graph$async_dispatch_101_embedded_elf_riscv_64_main_graph$async_dispatch_101_matmul_like_5x196x32x160_f32_pack/process_time/real_time               171 ms          286 ms            4 items_per_second=5.83161/s
BM_main_graph$async_dispatch_101_embedded_elf_riscv_64_main_graph$async_dispatch_101_matmul_like_5x196x32x160_f32_pack/process_time/real_time               172 ms          286 ms            4 items_per_second=5.82999/s
BM_main_graph$async_dispatch_101_embedded_elf_riscv_64_main_graph$async_dispatch_101_matmul_like_5x196x32x160_f32_pack/process_time/real_time               171 ms          286 ms            4 items_per_second=5.83222/s
BM_main_graph$async_dispatch_101_embedded_elf_riscv_64_main_graph$async_dispatch_101_matmul_like_5x196x32x160_f32_pack/process_time/real_time_mean          172 ms          286 ms           10 items_per_second=5.82435/s
BM_main_graph$async_dispatch_101_embedded_elf_riscv_64_main_graph$async_dispatch_101_matmul_like_5x196x32x160_f32_pack/process_time/real_time_median        172 ms          286 ms           10 items_per_second=5.82808/s
BM_main_graph$async_dispatch_101_embedded_elf_riscv_64_main_graph$async_dispatch_101_matmul_like_5x196x32x160_f32_pack/process_time/real_time_stddev      0.280 ms        0.357 ms           10 items_per_second=9.4717m/s
BM_main_graph$async_dispatch_101_embedded_elf_riscv_64_main_graph$async_dispatch_101_matmul_like_5x196x32x160_f32_pack/process_time/real_time_cv           0.16 %          0.12 %            10 items_per_second=0.16%
