2026-01-08T12:26:27.671612
Running tools/iree-benchmark-module --module=/home/dima/sched_vmfb/glpdepth/module_main_graph$async_dispatch_158_embedded_elf_riscv_64_benchmark.vmfb --device=local-task --function=main_graph$async_dispatch_158_embedded_elf_riscv_64_main_graph$async_dispatch_158_pack_f32 --input=1xi32=1 --task_topology_cpu_ids=0,1 --benchmark_repetitions=10
2026-01-08T12:26:27+08:00
Running tools/iree-benchmark-module
Run on (8 X 1600 MHz CPU s)
CPU Caches:
  L1 Instruction 32 KiB (x8)
  L1 Data 32 KiB (x8)
  L2 Unified 512 KiB (x2)
Load Average: 3.71, 3.49, 3.04
--------------------------------------------------------------------------------------------------------------------------------------------------------------------------------------
Benchmark                                                                                                                            Time             CPU   Iterations UserCounters...
--------------------------------------------------------------------------------------------------------------------------------------------------------------------------------------
BM_main_graph$async_dispatch_158_embedded_elf_riscv_64_main_graph$async_dispatch_158_pack_f32/process_time/real_time             0.211 ms        0.359 ms         3310 items_per_second=4.74657k/s
BM_main_graph$async_dispatch_158_embedded_elf_riscv_64_main_graph$async_dispatch_158_pack_f32/process_time/real_time             0.212 ms        0.361 ms         3310 items_per_second=4.72707k/s
BM_main_graph$async_dispatch_158_embedded_elf_riscv_64_main_graph$async_dispatch_158_pack_f32/process_time/real_time             0.211 ms        0.359 ms         3310 items_per_second=4.74784k/s
BM_main_graph$async_dispatch_158_embedded_elf_riscv_64_main_graph$async_dispatch_158_pack_f32/process_time/real_time             0.212 ms        0.361 ms         3310 items_per_second=4.72k/s
BM_main_graph$async_dispatch_158_embedded_elf_riscv_64_main_graph$async_dispatch_158_pack_f32/process_time/real_time             0.212 ms        0.361 ms         3310 items_per_second=4.72186k/s
BM_main_graph$async_dispatch_158_embedded_elf_riscv_64_main_graph$async_dispatch_158_pack_f32/process_time/real_time             0.211 ms        0.359 ms         3310 items_per_second=4.74523k/s
BM_main_graph$async_dispatch_158_embedded_elf_riscv_64_main_graph$async_dispatch_158_pack_f32/process_time/real_time             0.211 ms        0.360 ms         3310 items_per_second=4.73738k/s
BM_main_graph$async_dispatch_158_embedded_elf_riscv_64_main_graph$async_dispatch_158_pack_f32/process_time/real_time             0.212 ms        0.361 ms         3310 items_per_second=4.72111k/s
BM_main_graph$async_dispatch_158_embedded_elf_riscv_64_main_graph$async_dispatch_158_pack_f32/process_time/real_time             0.211 ms        0.359 ms         3310 items_per_second=4.74327k/s
BM_main_graph$async_dispatch_158_embedded_elf_riscv_64_main_graph$async_dispatch_158_pack_f32/process_time/real_time             0.213 ms        0.361 ms         3310 items_per_second=4.70022k/s
BM_main_graph$async_dispatch_158_embedded_elf_riscv_64_main_graph$async_dispatch_158_pack_f32/process_time/real_time_mean        0.211 ms        0.360 ms           10 items_per_second=4.73105k/s
BM_main_graph$async_dispatch_158_embedded_elf_riscv_64_main_graph$async_dispatch_158_pack_f32/process_time/real_time_median      0.211 ms        0.361 ms           10 items_per_second=4.73223k/s
BM_main_graph$async_dispatch_158_embedded_elf_riscv_64_main_graph$async_dispatch_158_pack_f32/process_time/real_time_stddev      0.001 ms        0.001 ms           10 items_per_second=15.5817/s
BM_main_graph$async_dispatch_158_embedded_elf_riscv_64_main_graph$async_dispatch_158_pack_f32/process_time/real_time_cv           0.33 %          0.26 %            10 items_per_second=0.33%
