2026-01-08T12:24:37.480766
Running tools/iree-benchmark-module --module=/home/dima/sched_vmfb/glpdepth/module_main_graph$async_dispatch_144_embedded_elf_riscv_64_benchmark.vmfb --device=local-task --function=main_graph$async_dispatch_144_embedded_elf_riscv_64_main_graph$async_dispatch_144_reduction_196x160_f32 --input=1xi32=1 --task_topology_cpu_ids=0,1 --benchmark_repetitions=10
2026-01-08T12:24:37+08:00
Running tools/iree-benchmark-module
Run on (8 X 1600 MHz CPU s)
CPU Caches:
  L1 Instruction 32 KiB (x8)
  L1 Data 32 KiB (x8)
  L2 Unified 512 KiB (x2)
Load Average: 3.85, 3.41, 2.95
---------------------------------------------------------------------------------------------------------------------------------------------------------------------------------------------------
Benchmark                                                                                                                                         Time             CPU   Iterations UserCounters...
---------------------------------------------------------------------------------------------------------------------------------------------------------------------------------------------------
BM_main_graph$async_dispatch_144_embedded_elf_riscv_64_main_graph$async_dispatch_144_reduction_196x160_f32/process_time/real_time             0.750 ms         1.40 ms          930 items_per_second=1.33412k/s
BM_main_graph$async_dispatch_144_embedded_elf_riscv_64_main_graph$async_dispatch_144_reduction_196x160_f32/process_time/real_time             0.751 ms         1.40 ms          930 items_per_second=1.33071k/s
BM_main_graph$async_dispatch_144_embedded_elf_riscv_64_main_graph$async_dispatch_144_reduction_196x160_f32/process_time/real_time             0.752 ms         1.40 ms          930 items_per_second=1.33063k/s
BM_main_graph$async_dispatch_144_embedded_elf_riscv_64_main_graph$async_dispatch_144_reduction_196x160_f32/process_time/real_time             0.747 ms         1.40 ms          930 items_per_second=1.33906k/s
BM_main_graph$async_dispatch_144_embedded_elf_riscv_64_main_graph$async_dispatch_144_reduction_196x160_f32/process_time/real_time             0.737 ms         1.39 ms          930 items_per_second=1.35599k/s
BM_main_graph$async_dispatch_144_embedded_elf_riscv_64_main_graph$async_dispatch_144_reduction_196x160_f32/process_time/real_time             0.738 ms         1.39 ms          930 items_per_second=1.35558k/s
BM_main_graph$async_dispatch_144_embedded_elf_riscv_64_main_graph$async_dispatch_144_reduction_196x160_f32/process_time/real_time             0.750 ms         1.40 ms          930 items_per_second=1.33386k/s
BM_main_graph$async_dispatch_144_embedded_elf_riscv_64_main_graph$async_dispatch_144_reduction_196x160_f32/process_time/real_time             0.742 ms         1.39 ms          930 items_per_second=1.3479k/s
BM_main_graph$async_dispatch_144_embedded_elf_riscv_64_main_graph$async_dispatch_144_reduction_196x160_f32/process_time/real_time             0.741 ms         1.40 ms          930 items_per_second=1.34942k/s
BM_main_graph$async_dispatch_144_embedded_elf_riscv_64_main_graph$async_dispatch_144_reduction_196x160_f32/process_time/real_time             0.743 ms         1.40 ms          930 items_per_second=1.34619k/s
BM_main_graph$async_dispatch_144_embedded_elf_riscv_64_main_graph$async_dispatch_144_reduction_196x160_f32/process_time/real_time_mean        0.745 ms         1.40 ms           10 items_per_second=1.34235k/s
BM_main_graph$async_dispatch_144_embedded_elf_riscv_64_main_graph$async_dispatch_144_reduction_196x160_f32/process_time/real_time_median      0.745 ms         1.40 ms           10 items_per_second=1.34263k/s
BM_main_graph$async_dispatch_144_embedded_elf_riscv_64_main_graph$async_dispatch_144_reduction_196x160_f32/process_time/real_time_stddev      0.005 ms        0.004 ms           10 items_per_second=9.88879/s
BM_main_graph$async_dispatch_144_embedded_elf_riscv_64_main_graph$async_dispatch_144_reduction_196x160_f32/process_time/real_time_cv           0.74 %          0.32 %            10 items_per_second=0.74%
