2026-01-08T12:33:05.023158
Running tools/iree-benchmark-module --module=/home/dima/sched_vmfb/glpdepth/module_main_graph$async_dispatch_51_embedded_elf_riscv_64_benchmark.vmfb --device=local-task --function=main_graph$async_dispatch_51_embedded_elf_riscv_64_main_graph$async_dispatch_51_slow_memcpy --input=1xi32=1 --task_topology_cpu_ids=0,1 --benchmark_repetitions=10
2026-01-08T12:33:05+08:00
Running tools/iree-benchmark-module
Run on (8 X 1600 MHz CPU s)
CPU Caches:
  L1 Instruction 32 KiB (x8)
  L1 Data 32 KiB (x8)
  L2 Unified 512 KiB (x2)
Load Average: 4.03, 3.86, 3.37
---------------------------------------------------------------------------------------------------------------------------------------------------------------------------------------
Benchmark                                                                                                                             Time             CPU   Iterations UserCounters...
---------------------------------------------------------------------------------------------------------------------------------------------------------------------------------------
BM_main_graph$async_dispatch_51_embedded_elf_riscv_64_main_graph$async_dispatch_51_slow_memcpy/process_time/real_time             0.479 ms        0.857 ms         1399 items_per_second=2.08731k/s
BM_main_graph$async_dispatch_51_embedded_elf_riscv_64_main_graph$async_dispatch_51_slow_memcpy/process_time/real_time             0.479 ms        0.852 ms         1399 items_per_second=2.0858k/s
BM_main_graph$async_dispatch_51_embedded_elf_riscv_64_main_graph$async_dispatch_51_slow_memcpy/process_time/real_time             0.479 ms        0.860 ms         1399 items_per_second=2.08716k/s
BM_main_graph$async_dispatch_51_embedded_elf_riscv_64_main_graph$async_dispatch_51_slow_memcpy/process_time/real_time             0.479 ms        0.856 ms         1399 items_per_second=2.08797k/s
BM_main_graph$async_dispatch_51_embedded_elf_riscv_64_main_graph$async_dispatch_51_slow_memcpy/process_time/real_time             0.473 ms        0.851 ms         1399 items_per_second=2.11465k/s
BM_main_graph$async_dispatch_51_embedded_elf_riscv_64_main_graph$async_dispatch_51_slow_memcpy/process_time/real_time             0.470 ms        0.852 ms         1399 items_per_second=2.12658k/s
BM_main_graph$async_dispatch_51_embedded_elf_riscv_64_main_graph$async_dispatch_51_slow_memcpy/process_time/real_time             0.480 ms        0.855 ms         1399 items_per_second=2.08293k/s
BM_main_graph$async_dispatch_51_embedded_elf_riscv_64_main_graph$async_dispatch_51_slow_memcpy/process_time/real_time             0.473 ms        0.849 ms         1399 items_per_second=2.113k/s
BM_main_graph$async_dispatch_51_embedded_elf_riscv_64_main_graph$async_dispatch_51_slow_memcpy/process_time/real_time             0.477 ms        0.861 ms         1399 items_per_second=2.09599k/s
BM_main_graph$async_dispatch_51_embedded_elf_riscv_64_main_graph$async_dispatch_51_slow_memcpy/process_time/real_time             0.485 ms        0.870 ms         1399 items_per_second=2.06323k/s
BM_main_graph$async_dispatch_51_embedded_elf_riscv_64_main_graph$async_dispatch_51_slow_memcpy/process_time/real_time_mean        0.477 ms        0.856 ms           10 items_per_second=2.09446k/s
BM_main_graph$async_dispatch_51_embedded_elf_riscv_64_main_graph$async_dispatch_51_slow_memcpy/process_time/real_time_median      0.479 ms        0.855 ms           10 items_per_second=2.08764k/s
BM_main_graph$async_dispatch_51_embedded_elf_riscv_64_main_graph$async_dispatch_51_slow_memcpy/process_time/real_time_stddev      0.004 ms        0.006 ms           10 items_per_second=18.605/s
BM_main_graph$async_dispatch_51_embedded_elf_riscv_64_main_graph$async_dispatch_51_slow_memcpy/process_time/real_time_cv           0.89 %          0.73 %            10 items_per_second=0.89%
