2026-01-08T12:25:13.617845
Running tools/iree-benchmark-module --module=/home/dima/sched_vmfb/glpdepth/module_main_graph$async_dispatch_149_embedded_elf_riscv_64_benchmark.vmfb --device=local-task --function=main_graph$async_dispatch_149_embedded_elf_riscv_64_main_graph$async_dispatch_149_matmul_like_16x49x32x256_f32 --input=1xi32=1 --task_topology_cpu_ids=0,1 --benchmark_repetitions=10
2026-01-08T12:25:13+08:00
Running tools/iree-benchmark-module
Run on (8 X 1600 MHz CPU s)
CPU Caches:
  L1 Instruction 32 KiB (x8)
  L1 Data 32 KiB (x8)
  L2 Unified 512 KiB (x2)
Load Average: 3.92, 3.48, 2.99
----------------------------------------------------------------------------------------------------------------------------------------------------------------------------------------------------------
Benchmark                                                                                                                                                Time             CPU   Iterations UserCounters...
----------------------------------------------------------------------------------------------------------------------------------------------------------------------------------------------------------
BM_main_graph$async_dispatch_149_embedded_elf_riscv_64_main_graph$async_dispatch_149_matmul_like_16x49x32x256_f32/process_time/real_time              5.09 ms         9.02 ms          139 items_per_second=196.627/s
BM_main_graph$async_dispatch_149_embedded_elf_riscv_64_main_graph$async_dispatch_149_matmul_like_16x49x32x256_f32/process_time/real_time              4.97 ms         8.78 ms          139 items_per_second=201.043/s
BM_main_graph$async_dispatch_149_embedded_elf_riscv_64_main_graph$async_dispatch_149_matmul_like_16x49x32x256_f32/process_time/real_time              5.02 ms         8.89 ms          139 items_per_second=199.051/s
BM_main_graph$async_dispatch_149_embedded_elf_riscv_64_main_graph$async_dispatch_149_matmul_like_16x49x32x256_f32/process_time/real_time              5.06 ms         8.96 ms          139 items_per_second=197.69/s
BM_main_graph$async_dispatch_149_embedded_elf_riscv_64_main_graph$async_dispatch_149_matmul_like_16x49x32x256_f32/process_time/real_time              5.05 ms         8.93 ms          139 items_per_second=197.975/s
BM_main_graph$async_dispatch_149_embedded_elf_riscv_64_main_graph$async_dispatch_149_matmul_like_16x49x32x256_f32/process_time/real_time              5.06 ms         8.95 ms          139 items_per_second=197.799/s
BM_main_graph$async_dispatch_149_embedded_elf_riscv_64_main_graph$async_dispatch_149_matmul_like_16x49x32x256_f32/process_time/real_time              5.04 ms         8.93 ms          139 items_per_second=198.326/s
BM_main_graph$async_dispatch_149_embedded_elf_riscv_64_main_graph$async_dispatch_149_matmul_like_16x49x32x256_f32/process_time/real_time              5.03 ms         8.90 ms          139 items_per_second=198.709/s
BM_main_graph$async_dispatch_149_embedded_elf_riscv_64_main_graph$async_dispatch_149_matmul_like_16x49x32x256_f32/process_time/real_time              5.05 ms         8.93 ms          139 items_per_second=198.202/s
BM_main_graph$async_dispatch_149_embedded_elf_riscv_64_main_graph$async_dispatch_149_matmul_like_16x49x32x256_f32/process_time/real_time              5.08 ms         9.00 ms          139 items_per_second=196.912/s
BM_main_graph$async_dispatch_149_embedded_elf_riscv_64_main_graph$async_dispatch_149_matmul_like_16x49x32x256_f32/process_time/real_time_mean         5.04 ms         8.93 ms           10 items_per_second=198.233/s
BM_main_graph$async_dispatch_149_embedded_elf_riscv_64_main_graph$async_dispatch_149_matmul_like_16x49x32x256_f32/process_time/real_time_median       5.05 ms         8.93 ms           10 items_per_second=198.088/s
BM_main_graph$async_dispatch_149_embedded_elf_riscv_64_main_graph$async_dispatch_149_matmul_like_16x49x32x256_f32/process_time/real_time_stddev      0.031 ms        0.066 ms           10 items_per_second=1.23262/s
BM_main_graph$async_dispatch_149_embedded_elf_riscv_64_main_graph$async_dispatch_149_matmul_like_16x49x32x256_f32/process_time/real_time_cv           0.62 %          0.74 %            10 items_per_second=0.62%
