2026-01-08T12:34:59.990061
Running tools/iree-benchmark-module --module=/home/dima/sched_vmfb/glpdepth/module_main_graph$async_dispatch_67_embedded_elf_riscv_64_benchmark.vmfb --device=local-task --function=main_graph$async_dispatch_67_embedded_elf_riscv_64_main_graph$async_dispatch_67_mmt4d_10x25x64x7x32x1_f32 --input=1xi32=1 --task_topology_cpu_ids=0,1 --benchmark_repetitions=10
2026-01-08T12:35:00+08:00
Running tools/iree-benchmark-module
Run on (8 X 1600 MHz CPU s)
CPU Caches:
  L1 Instruction 32 KiB (x8)
  L1 Data 32 KiB (x8)
  L2 Unified 512 KiB (x2)
Load Average: 3.86, 3.84, 3.41
-----------------------------------------------------------------------------------------------------------------------------------------------------------------------------------------------------
Benchmark                                                                                                                                           Time             CPU   Iterations UserCounters...
-----------------------------------------------------------------------------------------------------------------------------------------------------------------------------------------------------
BM_main_graph$async_dispatch_67_embedded_elf_riscv_64_main_graph$async_dispatch_67_mmt4d_10x25x64x7x32x1_f32/process_time/real_time              1.23 ms         1.94 ms          569 items_per_second=812.714/s
BM_main_graph$async_dispatch_67_embedded_elf_riscv_64_main_graph$async_dispatch_67_mmt4d_10x25x64x7x32x1_f32/process_time/real_time              1.23 ms         1.94 ms          569 items_per_second=814.172/s
BM_main_graph$async_dispatch_67_embedded_elf_riscv_64_main_graph$async_dispatch_67_mmt4d_10x25x64x7x32x1_f32/process_time/real_time              1.23 ms         1.94 ms          569 items_per_second=812.206/s
BM_main_graph$async_dispatch_67_embedded_elf_riscv_64_main_graph$async_dispatch_67_mmt4d_10x25x64x7x32x1_f32/process_time/real_time              1.25 ms         1.95 ms          569 items_per_second=796.886/s
BM_main_graph$async_dispatch_67_embedded_elf_riscv_64_main_graph$async_dispatch_67_mmt4d_10x25x64x7x32x1_f32/process_time/real_time              1.26 ms         1.96 ms          569 items_per_second=796.15/s
BM_main_graph$async_dispatch_67_embedded_elf_riscv_64_main_graph$async_dispatch_67_mmt4d_10x25x64x7x32x1_f32/process_time/real_time              1.25 ms         1.95 ms          569 items_per_second=797.74/s
BM_main_graph$async_dispatch_67_embedded_elf_riscv_64_main_graph$async_dispatch_67_mmt4d_10x25x64x7x32x1_f32/process_time/real_time              1.25 ms         1.96 ms          569 items_per_second=796.828/s
BM_main_graph$async_dispatch_67_embedded_elf_riscv_64_main_graph$async_dispatch_67_mmt4d_10x25x64x7x32x1_f32/process_time/real_time              1.25 ms         1.96 ms          569 items_per_second=797.533/s
BM_main_graph$async_dispatch_67_embedded_elf_riscv_64_main_graph$async_dispatch_67_mmt4d_10x25x64x7x32x1_f32/process_time/real_time              1.25 ms         1.95 ms          569 items_per_second=797.426/s
BM_main_graph$async_dispatch_67_embedded_elf_riscv_64_main_graph$async_dispatch_67_mmt4d_10x25x64x7x32x1_f32/process_time/real_time              1.25 ms         1.95 ms          569 items_per_second=797.944/s
BM_main_graph$async_dispatch_67_embedded_elf_riscv_64_main_graph$async_dispatch_67_mmt4d_10x25x64x7x32x1_f32/process_time/real_time_mean         1.25 ms         1.95 ms           10 items_per_second=801.96/s
BM_main_graph$async_dispatch_67_embedded_elf_riscv_64_main_graph$async_dispatch_67_mmt4d_10x25x64x7x32x1_f32/process_time/real_time_median       1.25 ms         1.95 ms           10 items_per_second=797.637/s
BM_main_graph$async_dispatch_67_embedded_elf_riscv_64_main_graph$async_dispatch_67_mmt4d_10x25x64x7x32x1_f32/process_time/real_time_stddev      0.012 ms        0.009 ms           10 items_per_second=7.67153/s
BM_main_graph$async_dispatch_67_embedded_elf_riscv_64_main_graph$async_dispatch_67_mmt4d_10x25x64x7x32x1_f32/process_time/real_time_cv           0.95 %          0.44 %            10 items_per_second=0.96%
