2026-01-08T12:29:09.360409
Running tools/iree-benchmark-module --module=/home/dima/sched_vmfb/glpdepth/module_main_graph$async_dispatch_199_embedded_elf_riscv_64_benchmark.vmfb --device=local-task --function=main_graph$async_dispatch_199_embedded_elf_riscv_64_main_graph$async_dispatch_199_conv_64x28x28x128x3x3_f32 --input=1xi32=1 --task_topology_cpu_ids=0,1 --benchmark_repetitions=10
2026-01-08T12:29:09+08:00
Running tools/iree-benchmark-module
Run on (8 X 1600 MHz CPU s)
CPU Caches:
  L1 Instruction 32 KiB (x8)
  L1 Data 32 KiB (x8)
  L2 Unified 512 KiB (x2)
Load Average: 3.72, 3.60, 3.15
-------------------------------------------------------------------------------------------------------------------------------------------------------------------------------------------------------
Benchmark                                                                                                                                             Time             CPU   Iterations UserCounters...
-------------------------------------------------------------------------------------------------------------------------------------------------------------------------------------------------------
BM_main_graph$async_dispatch_199_embedded_elf_riscv_64_main_graph$async_dispatch_199_conv_64x28x28x128x3x3_f32/process_time/real_time               210 ms          419 ms            3 items_per_second=4.75161/s
BM_main_graph$async_dispatch_199_embedded_elf_riscv_64_main_graph$async_dispatch_199_conv_64x28x28x128x3x3_f32/process_time/real_time               210 ms          417 ms            3 items_per_second=4.76204/s
BM_main_graph$async_dispatch_199_embedded_elf_riscv_64_main_graph$async_dispatch_199_conv_64x28x28x128x3x3_f32/process_time/real_time               210 ms          418 ms            3 items_per_second=4.76739/s
BM_main_graph$async_dispatch_199_embedded_elf_riscv_64_main_graph$async_dispatch_199_conv_64x28x28x128x3x3_f32/process_time/real_time               209 ms          417 ms            3 items_per_second=4.77815/s
BM_main_graph$async_dispatch_199_embedded_elf_riscv_64_main_graph$async_dispatch_199_conv_64x28x28x128x3x3_f32/process_time/real_time               210 ms          419 ms            3 items_per_second=4.75723/s
BM_main_graph$async_dispatch_199_embedded_elf_riscv_64_main_graph$async_dispatch_199_conv_64x28x28x128x3x3_f32/process_time/real_time               210 ms          419 ms            3 items_per_second=4.76375/s
BM_main_graph$async_dispatch_199_embedded_elf_riscv_64_main_graph$async_dispatch_199_conv_64x28x28x128x3x3_f32/process_time/real_time               210 ms          418 ms            3 items_per_second=4.76122/s
BM_main_graph$async_dispatch_199_embedded_elf_riscv_64_main_graph$async_dispatch_199_conv_64x28x28x128x3x3_f32/process_time/real_time               211 ms          419 ms            3 items_per_second=4.74756/s
BM_main_graph$async_dispatch_199_embedded_elf_riscv_64_main_graph$async_dispatch_199_conv_64x28x28x128x3x3_f32/process_time/real_time               210 ms          418 ms            3 items_per_second=4.76721/s
BM_main_graph$async_dispatch_199_embedded_elf_riscv_64_main_graph$async_dispatch_199_conv_64x28x28x128x3x3_f32/process_time/real_time               210 ms          418 ms            3 items_per_second=4.76558/s
BM_main_graph$async_dispatch_199_embedded_elf_riscv_64_main_graph$async_dispatch_199_conv_64x28x28x128x3x3_f32/process_time/real_time_mean          210 ms          418 ms           10 items_per_second=4.76217/s
BM_main_graph$async_dispatch_199_embedded_elf_riscv_64_main_graph$async_dispatch_199_conv_64x28x28x128x3x3_f32/process_time/real_time_median        210 ms          418 ms           10 items_per_second=4.76289/s
BM_main_graph$async_dispatch_199_embedded_elf_riscv_64_main_graph$async_dispatch_199_conv_64x28x28x128x3x3_f32/process_time/real_time_stddev      0.381 ms        0.677 ms           10 items_per_second=8.64392m/s
BM_main_graph$async_dispatch_199_embedded_elf_riscv_64_main_graph$async_dispatch_199_conv_64x28x28x128x3x3_f32/process_time/real_time_cv           0.18 %          0.16 %            10 items_per_second=0.18%
