2026-01-08T12:35:59.111401
Running tools/iree-benchmark-module --module=/home/dima/sched_vmfb/glpdepth/module_main_graph$async_dispatch_7_embedded_elf_riscv_64_benchmark.vmfb --device=local-task --function=main_graph$async_dispatch_7_embedded_elf_riscv_64_main_graph$async_dispatch_7_reduction_49x32_f32 --input=1xi32=1 --task_topology_cpu_ids=0,1 --benchmark_repetitions=10
2026-01-08T12:35:59+08:00
Running tools/iree-benchmark-module
Run on (8 X 1600 MHz CPU s)
CPU Caches:
  L1 Instruction 32 KiB (x8)
  L1 Data 32 KiB (x8)
  L2 Unified 512 KiB (x2)
Load Average: 3.99, 3.89, 3.46
---------------------------------------------------------------------------------------------------------------------------------------------------------------------------------------------
Benchmark                                                                                                                                   Time             CPU   Iterations UserCounters...
---------------------------------------------------------------------------------------------------------------------------------------------------------------------------------------------
BM_main_graph$async_dispatch_7_embedded_elf_riscv_64_main_graph$async_dispatch_7_reduction_49x32_f32/process_time/real_time             0.129 ms        0.191 ms         5415 items_per_second=7.74737k/s
BM_main_graph$async_dispatch_7_embedded_elf_riscv_64_main_graph$async_dispatch_7_reduction_49x32_f32/process_time/real_time             0.131 ms        0.192 ms         5415 items_per_second=7.63248k/s
BM_main_graph$async_dispatch_7_embedded_elf_riscv_64_main_graph$async_dispatch_7_reduction_49x32_f32/process_time/real_time             0.131 ms        0.192 ms         5415 items_per_second=7.65962k/s
BM_main_graph$async_dispatch_7_embedded_elf_riscv_64_main_graph$async_dispatch_7_reduction_49x32_f32/process_time/real_time             0.133 ms        0.192 ms         5415 items_per_second=7.49959k/s
BM_main_graph$async_dispatch_7_embedded_elf_riscv_64_main_graph$async_dispatch_7_reduction_49x32_f32/process_time/real_time             0.120 ms        0.182 ms         5415 items_per_second=8.30022k/s
BM_main_graph$async_dispatch_7_embedded_elf_riscv_64_main_graph$async_dispatch_7_reduction_49x32_f32/process_time/real_time             0.120 ms        0.182 ms         5415 items_per_second=8.35534k/s
BM_main_graph$async_dispatch_7_embedded_elf_riscv_64_main_graph$async_dispatch_7_reduction_49x32_f32/process_time/real_time             0.120 ms        0.181 ms         5415 items_per_second=8.36106k/s
BM_main_graph$async_dispatch_7_embedded_elf_riscv_64_main_graph$async_dispatch_7_reduction_49x32_f32/process_time/real_time             0.120 ms        0.181 ms         5415 items_per_second=8.30974k/s
BM_main_graph$async_dispatch_7_embedded_elf_riscv_64_main_graph$async_dispatch_7_reduction_49x32_f32/process_time/real_time             0.120 ms        0.181 ms         5415 items_per_second=8.30527k/s
BM_main_graph$async_dispatch_7_embedded_elf_riscv_64_main_graph$async_dispatch_7_reduction_49x32_f32/process_time/real_time             0.119 ms        0.181 ms         5415 items_per_second=8.37589k/s
BM_main_graph$async_dispatch_7_embedded_elf_riscv_64_main_graph$async_dispatch_7_reduction_49x32_f32/process_time/real_time_mean        0.124 ms        0.185 ms           10 items_per_second=8.05466k/s
BM_main_graph$async_dispatch_7_embedded_elf_riscv_64_main_graph$async_dispatch_7_reduction_49x32_f32/process_time/real_time_median      0.120 ms        0.182 ms           10 items_per_second=8.30274k/s
BM_main_graph$async_dispatch_7_embedded_elf_riscv_64_main_graph$async_dispatch_7_reduction_49x32_f32/process_time/real_time_stddev      0.006 ms        0.005 ms           10 items_per_second=367.04/s
BM_main_graph$async_dispatch_7_embedded_elf_riscv_64_main_graph$async_dispatch_7_reduction_49x32_f32/process_time/real_time_cv           4.65 %          2.92 %            10 items_per_second=4.56%
