2026-01-08T12:26:12.621288
Running tools/iree-benchmark-module --module=/home/dima/sched_vmfb/glpdepth/module_main_graph$async_dispatch_156_embedded_elf_riscv_64_benchmark.vmfb --device=local-task --function=main_graph$async_dispatch_156_embedded_elf_riscv_64_main_graph$async_dispatch_156_batch_mmt4d_8x5x2x49x7x32x1_f32 --input=1xi32=1 --task_topology_cpu_ids=0,1 --benchmark_repetitions=10
2026-01-08T12:26:12+08:00
Running tools/iree-benchmark-module
Run on (8 X 1600 MHz CPU s)
CPU Caches:
  L1 Instruction 32 KiB (x8)
  L1 Data 32 KiB (x8)
  L2 Unified 512 KiB (x2)
Load Average: 3.62, 3.47, 3.02
-------------------------------------------------------------------------------------------------------------------------------------------------------------------------------------------------------------
Benchmark                                                                                                                                                   Time             CPU   Iterations UserCounters...
-------------------------------------------------------------------------------------------------------------------------------------------------------------------------------------------------------------
BM_main_graph$async_dispatch_156_embedded_elf_riscv_64_main_graph$async_dispatch_156_batch_mmt4d_8x5x2x49x7x32x1_f32/process_time/real_time             0.324 ms        0.505 ms         2147 items_per_second=3.08385k/s
BM_main_graph$async_dispatch_156_embedded_elf_riscv_64_main_graph$async_dispatch_156_batch_mmt4d_8x5x2x49x7x32x1_f32/process_time/real_time             0.325 ms        0.505 ms         2147 items_per_second=3.08122k/s
BM_main_graph$async_dispatch_156_embedded_elf_riscv_64_main_graph$async_dispatch_156_batch_mmt4d_8x5x2x49x7x32x1_f32/process_time/real_time             0.326 ms        0.506 ms         2147 items_per_second=3.06793k/s
BM_main_graph$async_dispatch_156_embedded_elf_riscv_64_main_graph$async_dispatch_156_batch_mmt4d_8x5x2x49x7x32x1_f32/process_time/real_time             0.324 ms        0.505 ms         2147 items_per_second=3.08676k/s
BM_main_graph$async_dispatch_156_embedded_elf_riscv_64_main_graph$async_dispatch_156_batch_mmt4d_8x5x2x49x7x32x1_f32/process_time/real_time             0.323 ms        0.504 ms         2147 items_per_second=3.09325k/s
BM_main_graph$async_dispatch_156_embedded_elf_riscv_64_main_graph$async_dispatch_156_batch_mmt4d_8x5x2x49x7x32x1_f32/process_time/real_time             0.324 ms        0.506 ms         2147 items_per_second=3.08348k/s
BM_main_graph$async_dispatch_156_embedded_elf_riscv_64_main_graph$async_dispatch_156_batch_mmt4d_8x5x2x49x7x32x1_f32/process_time/real_time             0.324 ms        0.505 ms         2147 items_per_second=3.08297k/s
BM_main_graph$async_dispatch_156_embedded_elf_riscv_64_main_graph$async_dispatch_156_batch_mmt4d_8x5x2x49x7x32x1_f32/process_time/real_time             0.324 ms        0.504 ms         2147 items_per_second=3.08721k/s
BM_main_graph$async_dispatch_156_embedded_elf_riscv_64_main_graph$async_dispatch_156_batch_mmt4d_8x5x2x49x7x32x1_f32/process_time/real_time             0.324 ms        0.506 ms         2147 items_per_second=3.087k/s
BM_main_graph$async_dispatch_156_embedded_elf_riscv_64_main_graph$async_dispatch_156_batch_mmt4d_8x5x2x49x7x32x1_f32/process_time/real_time             0.324 ms        0.504 ms         2147 items_per_second=3.08976k/s
BM_main_graph$async_dispatch_156_embedded_elf_riscv_64_main_graph$async_dispatch_156_batch_mmt4d_8x5x2x49x7x32x1_f32/process_time/real_time_mean        0.324 ms        0.505 ms           10 items_per_second=3.08434k/s
BM_main_graph$async_dispatch_156_embedded_elf_riscv_64_main_graph$async_dispatch_156_batch_mmt4d_8x5x2x49x7x32x1_f32/process_time/real_time_median      0.324 ms        0.505 ms           10 items_per_second=3.08531k/s
BM_main_graph$async_dispatch_156_embedded_elf_riscv_64_main_graph$async_dispatch_156_batch_mmt4d_8x5x2x49x7x32x1_f32/process_time/real_time_stddev      0.001 ms        0.001 ms           10 items_per_second=6.7625/s
BM_main_graph$async_dispatch_156_embedded_elf_riscv_64_main_graph$async_dispatch_156_batch_mmt4d_8x5x2x49x7x32x1_f32/process_time/real_time_cv           0.22 %          0.18 %            10 items_per_second=0.22%
