2026-01-08T12:36:13.369991
Running tools/iree-benchmark-module --module=/home/dima/sched_vmfb/glpdepth/module_main_graph$async_dispatch_97_embedded_elf_riscv_64_benchmark.vmfb --device=local-task --function=main_graph$async_dispatch_97_embedded_elf_riscv_64_main_graph$async_dispatch_97_reduction_784x64_f32 --input=1xi32=1 --task_topology_cpu_ids=0,1 --benchmark_repetitions=10
2026-01-08T12:36:13+08:00
Running tools/iree-benchmark-module
Run on (8 X 1600 MHz CPU s)
CPU Caches:
  L1 Instruction 32 KiB (x8)
  L1 Data 32 KiB (x8)
  L2 Unified 512 KiB (x2)
Load Average: 3.93, 3.88, 3.46
------------------------------------------------------------------------------------------------------------------------------------------------------------------------------------------------
Benchmark                                                                                                                                      Time             CPU   Iterations UserCounters...
------------------------------------------------------------------------------------------------------------------------------------------------------------------------------------------------
BM_main_graph$async_dispatch_97_embedded_elf_riscv_64_main_graph$async_dispatch_97_reduction_784x64_f32/process_time/real_time              1.49 ms         2.60 ms          468 items_per_second=669.363/s
BM_main_graph$async_dispatch_97_embedded_elf_riscv_64_main_graph$async_dispatch_97_reduction_784x64_f32/process_time/real_time              1.49 ms         2.60 ms          468 items_per_second=669.908/s
BM_main_graph$async_dispatch_97_embedded_elf_riscv_64_main_graph$async_dispatch_97_reduction_784x64_f32/process_time/real_time              1.51 ms         2.62 ms          468 items_per_second=662.32/s
BM_main_graph$async_dispatch_97_embedded_elf_riscv_64_main_graph$async_dispatch_97_reduction_784x64_f32/process_time/real_time              1.51 ms         2.63 ms          468 items_per_second=661.812/s
BM_main_graph$async_dispatch_97_embedded_elf_riscv_64_main_graph$async_dispatch_97_reduction_784x64_f32/process_time/real_time              1.51 ms         2.63 ms          468 items_per_second=662.174/s
BM_main_graph$async_dispatch_97_embedded_elf_riscv_64_main_graph$async_dispatch_97_reduction_784x64_f32/process_time/real_time              1.51 ms         2.62 ms          468 items_per_second=663.274/s
BM_main_graph$async_dispatch_97_embedded_elf_riscv_64_main_graph$async_dispatch_97_reduction_784x64_f32/process_time/real_time              1.51 ms         2.61 ms          468 items_per_second=663.673/s
BM_main_graph$async_dispatch_97_embedded_elf_riscv_64_main_graph$async_dispatch_97_reduction_784x64_f32/process_time/real_time              1.49 ms         2.60 ms          468 items_per_second=669.676/s
BM_main_graph$async_dispatch_97_embedded_elf_riscv_64_main_graph$async_dispatch_97_reduction_784x64_f32/process_time/real_time              1.50 ms         2.60 ms          468 items_per_second=668.248/s
BM_main_graph$async_dispatch_97_embedded_elf_riscv_64_main_graph$async_dispatch_97_reduction_784x64_f32/process_time/real_time              1.50 ms         2.61 ms          468 items_per_second=667.419/s
BM_main_graph$async_dispatch_97_embedded_elf_riscv_64_main_graph$async_dispatch_97_reduction_784x64_f32/process_time/real_time_mean         1.50 ms         2.61 ms           10 items_per_second=665.787/s
BM_main_graph$async_dispatch_97_embedded_elf_riscv_64_main_graph$async_dispatch_97_reduction_784x64_f32/process_time/real_time_median       1.50 ms         2.61 ms           10 items_per_second=665.546/s
BM_main_graph$async_dispatch_97_embedded_elf_riscv_64_main_graph$async_dispatch_97_reduction_784x64_f32/process_time/real_time_stddev      0.008 ms        0.011 ms           10 items_per_second=3.41995/s
BM_main_graph$async_dispatch_97_embedded_elf_riscv_64_main_graph$async_dispatch_97_reduction_784x64_f32/process_time/real_time_cv           0.51 %          0.44 %            10 items_per_second=0.51%
