2026-01-08T12:23:32.202556
Running tools/iree-benchmark-module --module=/home/dima/sched_vmfb/glpdepth/module_main_graph$async_dispatch_115_embedded_elf_riscv_64_benchmark.vmfb --device=local-task --function=main_graph$async_dispatch_115_embedded_elf_riscv_64_main_graph$async_dispatch_115_unpack_f32 --input=1xi32=1 --task_topology_cpu_ids=0,1 --benchmark_repetitions=10
2026-01-08T12:23:32+08:00
Running tools/iree-benchmark-module
Run on (8 X 1600 MHz CPU s)
CPU Caches:
  L1 Instruction 32 KiB (x8)
  L1 Data 32 KiB (x8)
  L2 Unified 512 KiB (x2)
Load Average: 3.69, 3.28, 2.88
----------------------------------------------------------------------------------------------------------------------------------------------------------------------------------------
Benchmark                                                                                                                              Time             CPU   Iterations UserCounters...
----------------------------------------------------------------------------------------------------------------------------------------------------------------------------------------
BM_main_graph$async_dispatch_115_embedded_elf_riscv_64_main_graph$async_dispatch_115_unpack_f32/process_time/real_time             0.904 ms         1.54 ms          775 items_per_second=1.10613k/s
BM_main_graph$async_dispatch_115_embedded_elf_riscv_64_main_graph$async_dispatch_115_unpack_f32/process_time/real_time             0.908 ms         1.54 ms          775 items_per_second=1.10086k/s
BM_main_graph$async_dispatch_115_embedded_elf_riscv_64_main_graph$async_dispatch_115_unpack_f32/process_time/real_time             0.904 ms         1.54 ms          775 items_per_second=1.10646k/s
BM_main_graph$async_dispatch_115_embedded_elf_riscv_64_main_graph$async_dispatch_115_unpack_f32/process_time/real_time             0.904 ms         1.54 ms          775 items_per_second=1.10604k/s
BM_main_graph$async_dispatch_115_embedded_elf_riscv_64_main_graph$async_dispatch_115_unpack_f32/process_time/real_time             0.908 ms         1.54 ms          775 items_per_second=1.10155k/s
BM_main_graph$async_dispatch_115_embedded_elf_riscv_64_main_graph$async_dispatch_115_unpack_f32/process_time/real_time             0.905 ms         1.54 ms          775 items_per_second=1.10491k/s
BM_main_graph$async_dispatch_115_embedded_elf_riscv_64_main_graph$async_dispatch_115_unpack_f32/process_time/real_time             0.905 ms         1.54 ms          775 items_per_second=1.1048k/s
BM_main_graph$async_dispatch_115_embedded_elf_riscv_64_main_graph$async_dispatch_115_unpack_f32/process_time/real_time             0.910 ms         1.54 ms          775 items_per_second=1.09888k/s
BM_main_graph$async_dispatch_115_embedded_elf_riscv_64_main_graph$async_dispatch_115_unpack_f32/process_time/real_time             0.905 ms         1.54 ms          775 items_per_second=1.10539k/s
BM_main_graph$async_dispatch_115_embedded_elf_riscv_64_main_graph$async_dispatch_115_unpack_f32/process_time/real_time             0.905 ms         1.54 ms          775 items_per_second=1.10513k/s
BM_main_graph$async_dispatch_115_embedded_elf_riscv_64_main_graph$async_dispatch_115_unpack_f32/process_time/real_time_mean        0.906 ms         1.54 ms           10 items_per_second=1.10402k/s
BM_main_graph$async_dispatch_115_embedded_elf_riscv_64_main_graph$async_dispatch_115_unpack_f32/process_time/real_time_median      0.905 ms         1.54 ms           10 items_per_second=1.10502k/s
BM_main_graph$async_dispatch_115_embedded_elf_riscv_64_main_graph$async_dispatch_115_unpack_f32/process_time/real_time_stddev      0.002 ms        0.002 ms           10 items_per_second=2.61414/s
BM_main_graph$async_dispatch_115_embedded_elf_riscv_64_main_graph$async_dispatch_115_unpack_f32/process_time/real_time_cv           0.24 %          0.16 %            10 items_per_second=0.24%
