2026-01-08T12:24:01.285958
Running tools/iree-benchmark-module --module=/home/dima/sched_vmfb/glpdepth/module_main_graph$async_dispatch_119_embedded_elf_riscv_64_benchmark.vmfb --device=local-task --function=main_graph$async_dispatch_119_embedded_elf_riscv_64_main_graph$async_dispatch_119_pack_f32 --input=1xi32=1 --task_topology_cpu_ids=0,1 --benchmark_repetitions=10
2026-01-08T12:24:01+08:00
Running tools/iree-benchmark-module
Run on (8 X 1600 MHz CPU s)
CPU Caches:
  L1 Instruction 32 KiB (x8)
  L1 Data 32 KiB (x8)
  L2 Unified 512 KiB (x2)
Load Average: 3.79, 3.34, 2.91
--------------------------------------------------------------------------------------------------------------------------------------------------------------------------------------
Benchmark                                                                                                                            Time             CPU   Iterations UserCounters...
--------------------------------------------------------------------------------------------------------------------------------------------------------------------------------------
BM_main_graph$async_dispatch_119_embedded_elf_riscv_64_main_graph$async_dispatch_119_pack_f32/process_time/real_time              2.73 ms         5.17 ms          257 items_per_second=366.163/s
BM_main_graph$async_dispatch_119_embedded_elf_riscv_64_main_graph$async_dispatch_119_pack_f32/process_time/real_time              2.73 ms         5.16 ms          257 items_per_second=366.098/s
BM_main_graph$async_dispatch_119_embedded_elf_riscv_64_main_graph$async_dispatch_119_pack_f32/process_time/real_time              2.73 ms         5.17 ms          257 items_per_second=366.072/s
BM_main_graph$async_dispatch_119_embedded_elf_riscv_64_main_graph$async_dispatch_119_pack_f32/process_time/real_time              2.74 ms         5.15 ms          257 items_per_second=364.568/s
BM_main_graph$async_dispatch_119_embedded_elf_riscv_64_main_graph$async_dispatch_119_pack_f32/process_time/real_time              2.73 ms         5.16 ms          257 items_per_second=366.487/s
BM_main_graph$async_dispatch_119_embedded_elf_riscv_64_main_graph$async_dispatch_119_pack_f32/process_time/real_time              2.73 ms         5.16 ms          257 items_per_second=365.93/s
BM_main_graph$async_dispatch_119_embedded_elf_riscv_64_main_graph$async_dispatch_119_pack_f32/process_time/real_time              2.73 ms         5.15 ms          257 items_per_second=366.886/s
BM_main_graph$async_dispatch_119_embedded_elf_riscv_64_main_graph$async_dispatch_119_pack_f32/process_time/real_time              2.73 ms         5.15 ms          257 items_per_second=366.784/s
BM_main_graph$async_dispatch_119_embedded_elf_riscv_64_main_graph$async_dispatch_119_pack_f32/process_time/real_time              2.75 ms         5.19 ms          257 items_per_second=363.428/s
BM_main_graph$async_dispatch_119_embedded_elf_riscv_64_main_graph$async_dispatch_119_pack_f32/process_time/real_time              2.76 ms         5.22 ms          257 items_per_second=361.873/s
BM_main_graph$async_dispatch_119_embedded_elf_riscv_64_main_graph$async_dispatch_119_pack_f32/process_time/real_time_mean         2.74 ms         5.17 ms           10 items_per_second=365.429/s
BM_main_graph$async_dispatch_119_embedded_elf_riscv_64_main_graph$async_dispatch_119_pack_f32/process_time/real_time_median       2.73 ms         5.16 ms           10 items_per_second=366.085/s
BM_main_graph$async_dispatch_119_embedded_elf_riscv_64_main_graph$async_dispatch_119_pack_f32/process_time/real_time_stddev      0.012 ms        0.021 ms           10 items_per_second=1.63699/s
BM_main_graph$async_dispatch_119_embedded_elf_riscv_64_main_graph$async_dispatch_119_pack_f32/process_time/real_time_cv           0.45 %          0.41 %            10 items_per_second=0.45%
