2026-01-08T12:28:54.530193
Running tools/iree-benchmark-module --module=/home/dima/sched_vmfb/glpdepth/module_main_graph$async_dispatch_197_embedded_elf_riscv_64_benchmark.vmfb --device=local-task --function=main_graph$async_dispatch_197_embedded_elf_riscv_64_main_graph$async_dispatch_197_matmul_like_64x784x64_f32 --input=1xi32=1 --task_topology_cpu_ids=0,1 --benchmark_repetitions=10
2026-01-08T12:28:54+08:00
Running tools/iree-benchmark-module
Run on (8 X 1600 MHz CPU s)
CPU Caches:
  L1 Instruction 32 KiB (x8)
  L1 Data 32 KiB (x8)
  L2 Unified 512 KiB (x2)
Load Average: 3.64, 3.58, 3.14
-------------------------------------------------------------------------------------------------------------------------------------------------------------------------------------------------------
Benchmark                                                                                                                                             Time             CPU   Iterations UserCounters...
-------------------------------------------------------------------------------------------------------------------------------------------------------------------------------------------------------
BM_main_graph$async_dispatch_197_embedded_elf_riscv_64_main_graph$async_dispatch_197_matmul_like_64x784x64_f32/process_time/real_time              30.6 ms         60.8 ms           23 items_per_second=32.682/s
BM_main_graph$async_dispatch_197_embedded_elf_riscv_64_main_graph$async_dispatch_197_matmul_like_64x784x64_f32/process_time/real_time              30.7 ms         61.0 ms           23 items_per_second=32.5488/s
BM_main_graph$async_dispatch_197_embedded_elf_riscv_64_main_graph$async_dispatch_197_matmul_like_64x784x64_f32/process_time/real_time              30.6 ms         60.8 ms           23 items_per_second=32.6694/s
BM_main_graph$async_dispatch_197_embedded_elf_riscv_64_main_graph$async_dispatch_197_matmul_like_64x784x64_f32/process_time/real_time              30.6 ms         60.8 ms           23 items_per_second=32.6765/s
BM_main_graph$async_dispatch_197_embedded_elf_riscv_64_main_graph$async_dispatch_197_matmul_like_64x784x64_f32/process_time/real_time              30.7 ms         61.0 ms           23 items_per_second=32.5495/s
BM_main_graph$async_dispatch_197_embedded_elf_riscv_64_main_graph$async_dispatch_197_matmul_like_64x784x64_f32/process_time/real_time              30.5 ms         60.8 ms           23 items_per_second=32.7416/s
BM_main_graph$async_dispatch_197_embedded_elf_riscv_64_main_graph$async_dispatch_197_matmul_like_64x784x64_f32/process_time/real_time              30.6 ms         60.9 ms           23 items_per_second=32.6744/s
BM_main_graph$async_dispatch_197_embedded_elf_riscv_64_main_graph$async_dispatch_197_matmul_like_64x784x64_f32/process_time/real_time              30.7 ms         61.0 ms           23 items_per_second=32.5398/s
BM_main_graph$async_dispatch_197_embedded_elf_riscv_64_main_graph$async_dispatch_197_matmul_like_64x784x64_f32/process_time/real_time              30.6 ms         60.8 ms           23 items_per_second=32.6788/s
BM_main_graph$async_dispatch_197_embedded_elf_riscv_64_main_graph$async_dispatch_197_matmul_like_64x784x64_f32/process_time/real_time              30.6 ms         60.8 ms           23 items_per_second=32.7097/s
BM_main_graph$async_dispatch_197_embedded_elf_riscv_64_main_graph$async_dispatch_197_matmul_like_64x784x64_f32/process_time/real_time_mean         30.6 ms         60.9 ms           10 items_per_second=32.6471/s
BM_main_graph$async_dispatch_197_embedded_elf_riscv_64_main_graph$async_dispatch_197_matmul_like_64x784x64_f32/process_time/real_time_median       30.6 ms         60.8 ms           10 items_per_second=32.6755/s
BM_main_graph$async_dispatch_197_embedded_elf_riscv_64_main_graph$async_dispatch_197_matmul_like_64x784x64_f32/process_time/real_time_stddev      0.069 ms        0.069 ms           10 items_per_second=0.0729343/s
BM_main_graph$async_dispatch_197_embedded_elf_riscv_64_main_graph$async_dispatch_197_matmul_like_64x784x64_f32/process_time/real_time_cv           0.22 %          0.11 %            10 items_per_second=0.22%
