2026-01-08T12:30:35.938183
Running tools/iree-benchmark-module --module=/home/dima/sched_vmfb/glpdepth/module_main_graph$async_dispatch_20_embedded_elf_riscv_64_benchmark.vmfb --device=local-task --function=main_graph$async_dispatch_20_embedded_elf_riscv_64_main_graph$async_dispatch_20_reduction_3136x32_f32 --input=1xi32=1 --task_topology_cpu_ids=0,1 --benchmark_repetitions=10
2026-01-08T12:30:35+08:00
Running tools/iree-benchmark-module
Run on (8 X 1600 MHz CPU s)
CPU Caches:
  L1 Instruction 32 KiB (x8)
  L1 Data 32 KiB (x8)
  L2 Unified 512 KiB (x2)
Load Average: 4.03, 3.73, 3.24
-------------------------------------------------------------------------------------------------------------------------------------------------------------------------------------------------
Benchmark                                                                                                                                       Time             CPU   Iterations UserCounters...
-------------------------------------------------------------------------------------------------------------------------------------------------------------------------------------------------
BM_main_graph$async_dispatch_20_embedded_elf_riscv_64_main_graph$async_dispatch_20_reduction_3136x32_f32/process_time/real_time              1.06 ms         1.95 ms          661 items_per_second=943.973/s
BM_main_graph$async_dispatch_20_embedded_elf_riscv_64_main_graph$async_dispatch_20_reduction_3136x32_f32/process_time/real_time              1.06 ms         1.96 ms          661 items_per_second=942.189/s
BM_main_graph$async_dispatch_20_embedded_elf_riscv_64_main_graph$async_dispatch_20_reduction_3136x32_f32/process_time/real_time              1.06 ms         1.95 ms          661 items_per_second=946.017/s
BM_main_graph$async_dispatch_20_embedded_elf_riscv_64_main_graph$async_dispatch_20_reduction_3136x32_f32/process_time/real_time              1.06 ms         1.95 ms          661 items_per_second=945.17/s
BM_main_graph$async_dispatch_20_embedded_elf_riscv_64_main_graph$async_dispatch_20_reduction_3136x32_f32/process_time/real_time              1.06 ms         1.96 ms          661 items_per_second=941.062/s
BM_main_graph$async_dispatch_20_embedded_elf_riscv_64_main_graph$async_dispatch_20_reduction_3136x32_f32/process_time/real_time              1.06 ms         1.95 ms          661 items_per_second=946.227/s
BM_main_graph$async_dispatch_20_embedded_elf_riscv_64_main_graph$async_dispatch_20_reduction_3136x32_f32/process_time/real_time              1.06 ms         1.96 ms          661 items_per_second=941.375/s
BM_main_graph$async_dispatch_20_embedded_elf_riscv_64_main_graph$async_dispatch_20_reduction_3136x32_f32/process_time/real_time              1.06 ms         1.96 ms          661 items_per_second=943.889/s
BM_main_graph$async_dispatch_20_embedded_elf_riscv_64_main_graph$async_dispatch_20_reduction_3136x32_f32/process_time/real_time              1.06 ms         1.95 ms          661 items_per_second=945.598/s
BM_main_graph$async_dispatch_20_embedded_elf_riscv_64_main_graph$async_dispatch_20_reduction_3136x32_f32/process_time/real_time              1.06 ms         1.96 ms          661 items_per_second=944.325/s
BM_main_graph$async_dispatch_20_embedded_elf_riscv_64_main_graph$async_dispatch_20_reduction_3136x32_f32/process_time/real_time_mean         1.06 ms         1.96 ms           10 items_per_second=943.983/s
BM_main_graph$async_dispatch_20_embedded_elf_riscv_64_main_graph$async_dispatch_20_reduction_3136x32_f32/process_time/real_time_median       1.06 ms         1.96 ms           10 items_per_second=944.149/s
BM_main_graph$async_dispatch_20_embedded_elf_riscv_64_main_graph$async_dispatch_20_reduction_3136x32_f32/process_time/real_time_stddev      0.002 ms        0.004 ms           10 items_per_second=1.88161/s
BM_main_graph$async_dispatch_20_embedded_elf_riscv_64_main_graph$async_dispatch_20_reduction_3136x32_f32/process_time/real_time_cv           0.20 %          0.19 %            10 items_per_second=0.20%
