[main] lane 2 (dsp|yolov8n_b) shares core 6 with lane 0 (dsp|dronet_a): dropping its SCHED_FIFO 0 and 200 us spin to avoid two real-time spinners on one core
[main] lane 4 (hta|yolov8n_a) shares core 7 with lane 3 (hta|dronet_b): dropping its SCHED_FIFO 0 and 200 us spin to avoid two real-time spinners on one core
[main] lane 5 (dsp|dronet_b) shares core 6 with lane 0 (dsp|dronet_a): dropping its SCHED_FIFO 0 and 200 us spin to avoid two real-time spinners on one core
[main] lane 6 (hta|dronet_a) shares core 7 with lane 3 (hta|dronet_b): dropping its SCHED_FIFO 0 and 200 us spin to avoid two real-time spinners on one core
[main] lane 7 (dsp|yolov8n_a) shares core 6 with lane 0 (dsp|dronet_a): dropping its SCHED_FIFO 0 and 200 us spin to avoid two real-time spinners on one core
/prj/qct/webtech_scratch20/mlg_user_admin/qaisw_source_repo/rel/qairt-2.45.0/release/SNPE_SRC/avante-tools/prebuilt/dsp/hexagon-sdk-4.1.0/ipc/fastrpc/rpcmem/src/rpcmem_android.c:38:dummy call to rpcmem_init, rpcmem APIs will be used from libxdsprpc
[bringup] DSP  /root/qnn_runtime_ctx/ctx_dronet_full_hta__Dsp.bin → 1 graph(s): dronet_full_hta
[bringup] CPU  /root/qnn_runtime_ctx/ctx_mlp_control_fp32__Cpu.bin → 1 graph(s): mlp_control_fp32
[bringup] DSP  /root/qnn_runtime_ctx/ctx_yolov8n_backbone__Dsp.bin → 1 graph(s): yolov8n_HTA_split_seg100
Context handle already exists!
[bringup] HTA  /root/qnn_runtime_ctx/ctx_dronet_full_hta__Hta.bin → 1 graph(s): dronet_full_hta
Context handle already exists!
[bringup] HTA  /root/qnn_runtime_ctx/ctx_yolov8n_backbone__Hta.bin → 1 graph(s): yolov8n_HTA_split_seg100
[bringup] DSP  /root/qnn_runtime_ctx/ctx_yolov8n_head__Dsp.bin → 1 graph(s): yolov8n_HTA_split_seg101
[main] 6 context(s), 16 entries, 8 lane(s):
  lane 0  dsp|dronet_a   core 6  spin 200 us  fifo 0
  lane 1  cpu|mlp_control core 5  spin 779 us  fifo 40
  lane 2  dsp|yolov8n_b  core 6  spin 0 us  fifo 0
  lane 3  hta|dronet_b   core 7  spin 200 us  fifo 0
  lane 4  hta|yolov8n_a  core 7  spin 0 us  fifo 0
  lane 5  dsp|dronet_b   core 6  spin 0 us  fifo 0
  lane 6  hta|dronet_a   core 7  spin 0 us  fifo 0
  lane 7  dsp|yolov8n_a  core 6  spin 0 us  fifo 0
[main] iteration 1/2 wall=57.217 ms
[run] e=0   dronet_a      #0  dronet_full            lane=dsp|dronet_a DSP predicted=  0.645 actual=  1.020 ms (start=   0.038, late=+0.038)
[run] e=1   mlp_control   #0  mlp_control_full       lane=cpu|mlp_control CPU predicted=  0.107 actual=  0.060 ms (start=   2.902, late=+0.009)
[run] e=3   dronet_b      #0  dronet_full            lane=hta|dronet_b HTA predicted=  2.030 actual=  1.451 ms (start=   5.006, late=+0.006)
[run] e=5   mlp_control   #1  mlp_control_full       lane=cpu|mlp_control CPU predicted=  0.107 actual=  0.063 ms (start=   8.920, late=+0.027)
[run] e=6   mlp_control   #2  mlp_control_full       lane=cpu|mlp_control CPU predicted=  0.107 actual=  0.113 ms (start=  14.918, late=+0.025)
[run] e=2   yolov8n_b     #0  yolov8n_backbone       lane=dsp|yolov8n_b DSP predicted= 13.267 actual= 14.282 ms (start=   3.152, late=+0.064)
[run] e=7   dronet_a      #1  dronet_full            lane=dsp|dronet_a DSP predicted=  0.645 actual=  2.278 ms (start=  18.037, late=+1.682)
[run] e=10  mlp_control   #3  mlp_control_full       lane=cpu|mlp_control CPU predicted=  0.107 actual=  0.085 ms (start=  20.894, late=+0.015)
[run] e=4   yolov8n_a     #0  yolov8n_backbone       lane=hta|yolov8n_a HTA predicted= 13.909 actual= 15.498 ms (start=   7.104, late=+0.074)
[run] e=11  mlp_control   #4  mlp_control_full       lane=cpu|mlp_control CPU predicted=  0.107 actual=  0.063 ms (start=  26.896, late=+0.014)
[run] e=12  dronet_a      #2  dronet_full            lane=hta|dronet_a HTA predicted=  2.030 actual=  1.660 ms (start=  27.034, late=+0.064)
[run] e=13  mlp_control   #5  mlp_control_full       lane=cpu|mlp_control CPU predicted=  0.107 actual=  0.047 ms (start=  30.010, late=+0.010)
[run] e=14  dronet_b      #2  dronet_full            lane=hta|dronet_b HTA predicted=  2.030 actual=  3.914 ms (start=  30.974, late=+0.004)
[run] e=9   yolov8n_b     #0  yolov8n_head           lane=dsp|yolov8n_b DSP predicted= 15.377 actual= 17.425 ms (start=  20.541, late=+2.896)
[run] e=8   dronet_b      #1  dronet_full            lane=dsp|dronet_b DSP predicted=  0.645 actual=  2.236 ms (start=  38.518, late=+21.518)
[run] e=15  yolov8n_a     #0  yolov8n_head           lane=dsp|yolov8n_a DSP predicted= 15.377 actual= 16.598 ms (start=  40.917, late=+7.895)
[main] iteration 2/2 wall=57.515 ms

[summary] 16/16 entries executed, wall=57.515 ms (predicted makespan 48.399 ms, ratio 1.19x), tensor handoffs=3

=== MODELBLASTER_XPURT_TRACE_BEGIN ===
entry_id,network,instance,dispatch_id,op,name,core_kind,hart,predicted_start_ms,predicted_duration_ms,worker_kind_idx,actual_start_cycles,actual_end_cycles,time_unit,backend,ctx,graph,dep_wait_ms,gate_ms,n_ir_ops,hin_ms,hout_ms,hin_bytes,hout_bytes,hin_hits,hin_tensors,hout_tensors
0,dronet_a,0,0,qnn_graph,dronet_full,dsp,6,0.000000,0.645000,0,37,1058,us,DSP,ctx_dronet_full_hta__Dsp.bin,dronet_full_hta,0.000833,0.032033,24,0.000677,0.001459,0,2,0,1,2
1,mlp_control,0,0,qnn_graph,mlp_control_full,cpu,5,2.893000,0.107000,1,2902,2962,us,CPU,ctx_mlp_control_fp32__Cpu.bin,mlp_control_fp32,0.001406,2.893262,7,0.000469,0.000729,0,16,0,1,1
2,yolov8n_b,0,0,qnn_graph,yolov8n_backbone,dsp,6,3.088000,13.267000,2,3151,17433,us,DSP,ctx_yolov8n_backbone__Dsp.bin,yolov8n_HTA_split_seg100,1.214641,3.146295,103,0.000730,0.439031,0,716800,0,1,3
3,dronet_b,0,0,qnn_graph,dronet_full,hta,7,5.000000,2.030000,3,5005,6457,us,HTA,ctx_dronet_full_hta__Hta.bin,dronet_full_hta,1.189015,5.000133,24,0.001042,0.000833,0,2,0,1,2
4,yolov8n_a,0,0,qnn_graph,yolov8n_backbone,hta,7,7.030000,13.909000,4,7103,22601,us,HTA,ctx_yolov8n_backbone__Hta.bin,yolov8n_HTA_split_seg100,0.009427,7.097576,103,0.000625,0.095942,0,716800,0,1,3
5,mlp_control,1,0,qnn_graph,mlp_control_full,cpu,5,8.893000,0.107000,1,8919,8982,us,CPU,ctx_mlp_control_fp32__Cpu.bin,mlp_control_fp32,3.075875,8.893286,7,0.000833,0.001146,0,16,0,1,1
6,mlp_control,2,0,qnn_graph,mlp_control_full,cpu,5,14.893000,0.107000,1,14918,15030,us,CPU,ctx_mlp_control_fp32__Cpu.bin,mlp_control_fp32,9.149809,14.893310,7,0.000937,0.001042,0,16,0,1,1
7,dronet_a,1,0,qnn_graph,dronet_full,dsp,6,16.355000,0.645000,0,18036,20314,us,DSP,ctx_dronet_full_hta__Dsp.bin,dronet_full_hta,1.187817,17.277069,24,0.000781,0.001563,0,2,0,1,2
8,dronet_b,1,0,qnn_graph,dronet_full,dsp,6,17.000000,0.645000,5,38517,40753,us,DSP,ctx_dronet_full_hta__Dsp.bin,dronet_full_hta,20.447949,20.690616,24,0.000886,0.001614,0,2,0,1,2
9,yolov8n_b,0,1,qnn_graph,yolov8n_head,dsp,6,17.645000,15.377000,2,20541,37966,us,DSP,ctx_yolov8n_head__Dsp.bin,yolov8n_HTA_split_seg101,20.453001,20.457532,146,0.079900,0.384185,716800,705600,3,3,1
10,mlp_control,3,0,qnn_graph,mlp_control_full,cpu,5,20.878196,0.107000,1,20893,20978,us,CPU,ctx_mlp_control_fp32__Cpu.bin,mlp_control_fp32,15.210096,20.878750,7,0.001407,0.000677,0,16,0,1,1
11,mlp_control,4,0,qnn_graph,mlp_control_full,cpu,5,26.881486,0.107000,1,26895,26959,us,CPU,ctx_mlp_control_fp32__Cpu.bin,mlp_control_fp32,21.112928,26.881847,7,0.001250,0.000625,0,16,0,1,1
12,dronet_a,2,0,qnn_graph,dronet_full,hta,7,26.970000,2.030000,6,27033,28693,us,HTA,ctx_dronet_full_hta__Hta.bin,dronet_full_hta,23.285479,27.027948,24,0.000990,0.001614,0,2,0,1,2
13,mlp_control,5,0,qnn_graph,mlp_control_full,cpu,5,30.000000,0.107000,1,30009,30056,us,CPU,ctx_mlp_control_fp32__Cpu.bin,mlp_control_fp32,27.095035,30.000329,7,0.000521,0.000625,0,16,0,1,1
14,dronet_b,2,0,qnn_graph,dronet_full,hta,7,30.970000,2.030000,3,30974,34888,us,HTA,ctx_dronet_full_hta__Hta.bin,dronet_full_hta,28.822408,30.970531,24,0.000261,0.001979,0,2,0,1,2
15,yolov8n_a,0,1,qnn_graph,yolov8n_head,dsp,6,33.022000,15.377000,7,40916,57515,us,DSP,ctx_yolov8n_head__Dsp.bin,yolov8n_HTA_split_seg101,38.498127,38.525473,146,0.002084,0.382727,0,705600,0,3,1
=== MODELBLASTER_XPURT_TRACE_END ===
