2026-01-09T10:02:28.345865
Running tools/iree-benchmark-module --module=/home/dima/sched_vmfb/mlp_scalar/module__encoding_0_embedded_elf_riscv_64_benchmark.vmfb --device=local-task --function=_encoding_0_embedded_elf_riscv_64__encoding_0_encode_32x10xf32_to_32x10xf32 --input=1xi32=1 --task_topology_cpu_ids=0,1 --benchmark_repetitions=10
2026-01-09T10:02:28+08:00
Running tools/iree-benchmark-module
Run on (8 X 1600 MHz CPU s)
CPU Caches:
  L1 Instruction 32 KiB (x8)
  L1 Data 32 KiB (x8)
  L2 Unified 512 KiB (x2)
Load Average: 2.76, 3.02, 3.11
-----------------------------------------------------------------------------------------------------------------------------------------------------------------------
Benchmark                                                                                                             Time             CPU   Iterations UserCounters...
-----------------------------------------------------------------------------------------------------------------------------------------------------------------------
BM__encoding_0_embedded_elf_riscv_64__encoding_0_encode_32x10xf32_to_32x10xf32/process_time/real_time             0.063 ms        0.069 ms        10963 items_per_second=15.7584k/s
BM__encoding_0_embedded_elf_riscv_64__encoding_0_encode_32x10xf32_to_32x10xf32/process_time/real_time             0.064 ms        0.069 ms        10963 items_per_second=15.7308k/s
BM__encoding_0_embedded_elf_riscv_64__encoding_0_encode_32x10xf32_to_32x10xf32/process_time/real_time             0.063 ms        0.069 ms        10963 items_per_second=15.7653k/s
BM__encoding_0_embedded_elf_riscv_64__encoding_0_encode_32x10xf32_to_32x10xf32/process_time/real_time             0.064 ms        0.069 ms        10963 items_per_second=15.7041k/s
BM__encoding_0_embedded_elf_riscv_64__encoding_0_encode_32x10xf32_to_32x10xf32/process_time/real_time             0.063 ms        0.069 ms        10963 items_per_second=15.7897k/s
BM__encoding_0_embedded_elf_riscv_64__encoding_0_encode_32x10xf32_to_32x10xf32/process_time/real_time             0.064 ms        0.069 ms        10963 items_per_second=15.7343k/s
BM__encoding_0_embedded_elf_riscv_64__encoding_0_encode_32x10xf32_to_32x10xf32/process_time/real_time             0.063 ms        0.069 ms        10963 items_per_second=15.7983k/s
BM__encoding_0_embedded_elf_riscv_64__encoding_0_encode_32x10xf32_to_32x10xf32/process_time/real_time             0.063 ms        0.069 ms        10963 items_per_second=15.807k/s
BM__encoding_0_embedded_elf_riscv_64__encoding_0_encode_32x10xf32_to_32x10xf32/process_time/real_time             0.064 ms        0.069 ms        10963 items_per_second=15.6384k/s
BM__encoding_0_embedded_elf_riscv_64__encoding_0_encode_32x10xf32_to_32x10xf32/process_time/real_time             0.064 ms        0.069 ms        10963 items_per_second=15.6781k/s
BM__encoding_0_embedded_elf_riscv_64__encoding_0_encode_32x10xf32_to_32x10xf32/process_time/real_time_mean        0.064 ms        0.069 ms           10 items_per_second=15.7404k/s
BM__encoding_0_embedded_elf_riscv_64__encoding_0_encode_32x10xf32_to_32x10xf32/process_time/real_time_median      0.064 ms        0.069 ms           10 items_per_second=15.7464k/s
BM__encoding_0_embedded_elf_riscv_64__encoding_0_encode_32x10xf32_to_32x10xf32/process_time/real_time_stddev      0.000 ms        0.000 ms           10 items_per_second=54.6779/s
BM__encoding_0_embedded_elf_riscv_64__encoding_0_encode_32x10xf32_to_32x10xf32/process_time/real_time_cv           0.35 %          0.30 %            10 items_per_second=0.35%
