2026-01-09T12:30:59.498539
Running tools/iree-benchmark-module --module=/home/dima/sched_vmfb/fastdepth_rvv/module_main_graph$async_dispatch_43_system_elf_riscv_64_benchmark.vmfb --device=local-task --function=main_graph$async_dispatch_43_system_elf_riscv_64_main_graph$async_dispatch_43_conv_112x112x64x5x5_f32 --input=1xi32=1 --task_topology_cpu_ids=0,1,2 --benchmark_repetitions=10
2026-01-09T12:30:59+08:00
Running tools/iree-benchmark-module
Run on (8 X 1600 MHz CPU s)
CPU Caches:
  L1 Instruction 32 KiB (x8)
  L1 Data 32 KiB (x8)
  L2 Unified 512 KiB (x2)
Load Average: 4.66, 4.10, 3.32
-------------------------------------------------------------------------------------------------------------------------------------------------------------------------------------------------
Benchmark                                                                                                                                       Time             CPU   Iterations UserCounters...
-------------------------------------------------------------------------------------------------------------------------------------------------------------------------------------------------
BM_main_graph$async_dispatch_43_system_elf_riscv_64_main_graph$async_dispatch_43_conv_112x112x64x5x5_f32/process_time/real_time              58.4 ms          118 ms           11 items_per_second=17.1332/s
BM_main_graph$async_dispatch_43_system_elf_riscv_64_main_graph$async_dispatch_43_conv_112x112x64x5x5_f32/process_time/real_time              58.2 ms          118 ms           11 items_per_second=17.1747/s
BM_main_graph$async_dispatch_43_system_elf_riscv_64_main_graph$async_dispatch_43_conv_112x112x64x5x5_f32/process_time/real_time              58.5 ms          118 ms           11 items_per_second=17.1042/s
BM_main_graph$async_dispatch_43_system_elf_riscv_64_main_graph$async_dispatch_43_conv_112x112x64x5x5_f32/process_time/real_time              58.3 ms          118 ms           11 items_per_second=17.1521/s
BM_main_graph$async_dispatch_43_system_elf_riscv_64_main_graph$async_dispatch_43_conv_112x112x64x5x5_f32/process_time/real_time              58.4 ms          118 ms           11 items_per_second=17.1373/s
BM_main_graph$async_dispatch_43_system_elf_riscv_64_main_graph$async_dispatch_43_conv_112x112x64x5x5_f32/process_time/real_time              58.4 ms          118 ms           11 items_per_second=17.1149/s
BM_main_graph$async_dispatch_43_system_elf_riscv_64_main_graph$async_dispatch_43_conv_112x112x64x5x5_f32/process_time/real_time              58.2 ms          118 ms           11 items_per_second=17.1684/s
BM_main_graph$async_dispatch_43_system_elf_riscv_64_main_graph$async_dispatch_43_conv_112x112x64x5x5_f32/process_time/real_time              58.3 ms          118 ms           11 items_per_second=17.151/s
BM_main_graph$async_dispatch_43_system_elf_riscv_64_main_graph$async_dispatch_43_conv_112x112x64x5x5_f32/process_time/real_time              58.4 ms          118 ms           11 items_per_second=17.136/s
BM_main_graph$async_dispatch_43_system_elf_riscv_64_main_graph$async_dispatch_43_conv_112x112x64x5x5_f32/process_time/real_time              58.5 ms          118 ms           11 items_per_second=17.089/s
BM_main_graph$async_dispatch_43_system_elf_riscv_64_main_graph$async_dispatch_43_conv_112x112x64x5x5_f32/process_time/real_time_mean         58.4 ms          118 ms           10 items_per_second=17.1361/s
BM_main_graph$async_dispatch_43_system_elf_riscv_64_main_graph$async_dispatch_43_conv_112x112x64x5x5_f32/process_time/real_time_median       58.4 ms          118 ms           10 items_per_second=17.1367/s
BM_main_graph$async_dispatch_43_system_elf_riscv_64_main_graph$async_dispatch_43_conv_112x112x64x5x5_f32/process_time/real_time_stddev      0.093 ms        0.141 ms           10 items_per_second=0.0273199/s
BM_main_graph$async_dispatch_43_system_elf_riscv_64_main_graph$async_dispatch_43_conv_112x112x64x5x5_f32/process_time/real_time_cv           0.16 %          0.12 %            10 items_per_second=0.16%
