2026-01-09T12:29:47.508245
Running tools/iree-benchmark-module --module=/home/dima/sched_vmfb/fastdepth_rvv/module_main_graph$async_dispatch_34_system_elf_riscv_64_benchmark.vmfb --device=local-task --function=main_graph$async_dispatch_34_system_elf_riscv_64_main_graph$async_dispatch_34_conv_14x14x512x5x5_f32 --input=1xi32=1 --task_topology_cpu_ids=0,1,2 --benchmark_repetitions=10
2026-01-09T12:29:47+08:00
Running tools/iree-benchmark-module
Run on (8 X 1600 MHz CPU s)
CPU Caches:
  L1 Instruction 32 KiB (x8)
  L1 Data 32 KiB (x8)
  L2 Unified 512 KiB (x2)
Load Average: 4.68, 3.94, 3.20
------------------------------------------------------------------------------------------------------------------------------------------------------------------------------------------------
Benchmark                                                                                                                                      Time             CPU   Iterations UserCounters...
------------------------------------------------------------------------------------------------------------------------------------------------------------------------------------------------
BM_main_graph$async_dispatch_34_system_elf_riscv_64_main_graph$async_dispatch_34_conv_14x14x512x5x5_f32/process_time/real_time              5.64 ms         14.9 ms          122 items_per_second=177.442/s
BM_main_graph$async_dispatch_34_system_elf_riscv_64_main_graph$async_dispatch_34_conv_14x14x512x5x5_f32/process_time/real_time              5.63 ms         15.0 ms          122 items_per_second=177.754/s
BM_main_graph$async_dispatch_34_system_elf_riscv_64_main_graph$async_dispatch_34_conv_14x14x512x5x5_f32/process_time/real_time              5.61 ms         14.9 ms          122 items_per_second=178.261/s
BM_main_graph$async_dispatch_34_system_elf_riscv_64_main_graph$async_dispatch_34_conv_14x14x512x5x5_f32/process_time/real_time              5.62 ms         14.9 ms          122 items_per_second=177.907/s
BM_main_graph$async_dispatch_34_system_elf_riscv_64_main_graph$async_dispatch_34_conv_14x14x512x5x5_f32/process_time/real_time              5.62 ms         15.0 ms          122 items_per_second=177.94/s
BM_main_graph$async_dispatch_34_system_elf_riscv_64_main_graph$async_dispatch_34_conv_14x14x512x5x5_f32/process_time/real_time              5.62 ms         14.9 ms          122 items_per_second=177.929/s
BM_main_graph$async_dispatch_34_system_elf_riscv_64_main_graph$async_dispatch_34_conv_14x14x512x5x5_f32/process_time/real_time              5.62 ms         14.9 ms          122 items_per_second=177.855/s
BM_main_graph$async_dispatch_34_system_elf_riscv_64_main_graph$async_dispatch_34_conv_14x14x512x5x5_f32/process_time/real_time              5.62 ms         14.9 ms          122 items_per_second=178.034/s
BM_main_graph$async_dispatch_34_system_elf_riscv_64_main_graph$async_dispatch_34_conv_14x14x512x5x5_f32/process_time/real_time              5.61 ms         14.9 ms          122 items_per_second=178.189/s
BM_main_graph$async_dispatch_34_system_elf_riscv_64_main_graph$async_dispatch_34_conv_14x14x512x5x5_f32/process_time/real_time              5.61 ms         14.9 ms          122 items_per_second=178.185/s
BM_main_graph$async_dispatch_34_system_elf_riscv_64_main_graph$async_dispatch_34_conv_14x14x512x5x5_f32/process_time/real_time_mean         5.62 ms         14.9 ms           10 items_per_second=177.95/s
BM_main_graph$async_dispatch_34_system_elf_riscv_64_main_graph$async_dispatch_34_conv_14x14x512x5x5_f32/process_time/real_time_median       5.62 ms         14.9 ms           10 items_per_second=177.935/s
BM_main_graph$async_dispatch_34_system_elf_riscv_64_main_graph$async_dispatch_34_conv_14x14x512x5x5_f32/process_time/real_time_stddev      0.008 ms        0.016 ms           10 items_per_second=0.241424/s
BM_main_graph$async_dispatch_34_system_elf_riscv_64_main_graph$async_dispatch_34_conv_14x14x512x5x5_f32/process_time/real_time_cv           0.14 %          0.11 %            10 items_per_second=0.14%
