2026-01-09T12:27:39.915595
Running tools/iree-benchmark-module --module=/home/dima/sched_vmfb/fastdepth_rvv/module_main_graph$async_dispatch_11_system_elf_riscv_64_benchmark.vmfb --device=local-task --function=main_graph$async_dispatch_11_system_elf_riscv_64_main_graph$async_dispatch_11_matmul_like_256x28x28x128_f32 --input=1xi32=1 --task_topology_cpu_ids=0,1,2 --benchmark_repetitions=10
2026-01-09T12:27:39+08:00
Running tools/iree-benchmark-module
Run on (8 X 1600 MHz CPU s)
CPU Caches:
  L1 Instruction 32 KiB (x8)
  L1 Data 32 KiB (x8)
  L2 Unified 512 KiB (x2)
Load Average: 4.04, 3.52, 2.98
-------------------------------------------------------------------------------------------------------------------------------------------------------------------------------------------------------
Benchmark                                                                                                                                             Time             CPU   Iterations UserCounters...
-------------------------------------------------------------------------------------------------------------------------------------------------------------------------------------------------------
BM_main_graph$async_dispatch_11_system_elf_riscv_64_main_graph$async_dispatch_11_matmul_like_256x28x28x128_f32/process_time/real_time              28.3 ms         76.1 ms           25 items_per_second=35.293/s
BM_main_graph$async_dispatch_11_system_elf_riscv_64_main_graph$async_dispatch_11_matmul_like_256x28x28x128_f32/process_time/real_time              28.3 ms         76.1 ms           25 items_per_second=35.336/s
BM_main_graph$async_dispatch_11_system_elf_riscv_64_main_graph$async_dispatch_11_matmul_like_256x28x28x128_f32/process_time/real_time              28.3 ms         75.9 ms           25 items_per_second=35.3912/s
BM_main_graph$async_dispatch_11_system_elf_riscv_64_main_graph$async_dispatch_11_matmul_like_256x28x28x128_f32/process_time/real_time              28.3 ms         76.0 ms           25 items_per_second=35.348/s
BM_main_graph$async_dispatch_11_system_elf_riscv_64_main_graph$async_dispatch_11_matmul_like_256x28x28x128_f32/process_time/real_time              28.3 ms         76.1 ms           25 items_per_second=35.3213/s
BM_main_graph$async_dispatch_11_system_elf_riscv_64_main_graph$async_dispatch_11_matmul_like_256x28x28x128_f32/process_time/real_time              28.2 ms         75.9 ms           25 items_per_second=35.4083/s
BM_main_graph$async_dispatch_11_system_elf_riscv_64_main_graph$async_dispatch_11_matmul_like_256x28x28x128_f32/process_time/real_time              28.3 ms         76.0 ms           25 items_per_second=35.3452/s
BM_main_graph$async_dispatch_11_system_elf_riscv_64_main_graph$async_dispatch_11_matmul_like_256x28x28x128_f32/process_time/real_time              28.3 ms         76.1 ms           25 items_per_second=35.3612/s
BM_main_graph$async_dispatch_11_system_elf_riscv_64_main_graph$async_dispatch_11_matmul_like_256x28x28x128_f32/process_time/real_time              28.3 ms         76.0 ms           25 items_per_second=35.3569/s
BM_main_graph$async_dispatch_11_system_elf_riscv_64_main_graph$async_dispatch_11_matmul_like_256x28x28x128_f32/process_time/real_time              28.3 ms         76.0 ms           25 items_per_second=35.3888/s
BM_main_graph$async_dispatch_11_system_elf_riscv_64_main_graph$async_dispatch_11_matmul_like_256x28x28x128_f32/process_time/real_time_mean         28.3 ms         76.0 ms           10 items_per_second=35.355/s
BM_main_graph$async_dispatch_11_system_elf_riscv_64_main_graph$async_dispatch_11_matmul_like_256x28x28x128_f32/process_time/real_time_median       28.3 ms         76.0 ms           10 items_per_second=35.3524/s
BM_main_graph$async_dispatch_11_system_elf_riscv_64_main_graph$async_dispatch_11_matmul_like_256x28x28x128_f32/process_time/real_time_stddev      0.028 ms        0.072 ms           10 items_per_second=0.0346628/s
BM_main_graph$async_dispatch_11_system_elf_riscv_64_main_graph$async_dispatch_11_matmul_like_256x28x28x128_f32/process_time/real_time_cv           0.10 %          0.09 %            10 items_per_second=0.10%
