2026-01-09T12:28:04.141166
Running tools/iree-benchmark-module --module=/home/dima/sched_vmfb/fastdepth_rvv/module_main_graph$async_dispatch_14_system_elf_riscv_64_benchmark.vmfb --device=local-task --function=main_graph$async_dispatch_14_system_elf_riscv_64_main_graph$async_dispatch_14_slow_memcpy --input=1xi32=1 --task_topology_cpu_ids=0,1,2 --benchmark_repetitions=10
2026-01-09T12:28:04+08:00
Running tools/iree-benchmark-module
Run on (8 X 1600 MHz CPU s)
CPU Caches:
  L1 Instruction 32 KiB (x8)
  L1 Data 32 KiB (x8)
  L2 Unified 512 KiB (x2)
Load Average: 4.21, 3.61, 3.02
-------------------------------------------------------------------------------------------------------------------------------------------------------------------------------------
Benchmark                                                                                                                           Time             CPU   Iterations UserCounters...
-------------------------------------------------------------------------------------------------------------------------------------------------------------------------------------
BM_main_graph$async_dispatch_14_system_elf_riscv_64_main_graph$async_dispatch_14_slow_memcpy/process_time/real_time             0.702 ms         1.79 ms          984 items_per_second=1.42375k/s
BM_main_graph$async_dispatch_14_system_elf_riscv_64_main_graph$async_dispatch_14_slow_memcpy/process_time/real_time             0.716 ms         1.80 ms          984 items_per_second=1.39677k/s
BM_main_graph$async_dispatch_14_system_elf_riscv_64_main_graph$async_dispatch_14_slow_memcpy/process_time/real_time             0.713 ms         1.80 ms          984 items_per_second=1.40329k/s
BM_main_graph$async_dispatch_14_system_elf_riscv_64_main_graph$async_dispatch_14_slow_memcpy/process_time/real_time             0.805 ms         1.97 ms          984 items_per_second=1.24275k/s
BM_main_graph$async_dispatch_14_system_elf_riscv_64_main_graph$async_dispatch_14_slow_memcpy/process_time/real_time             0.839 ms         2.02 ms          984 items_per_second=1.19259k/s
BM_main_graph$async_dispatch_14_system_elf_riscv_64_main_graph$async_dispatch_14_slow_memcpy/process_time/real_time             0.817 ms         1.98 ms          984 items_per_second=1.22435k/s
BM_main_graph$async_dispatch_14_system_elf_riscv_64_main_graph$async_dispatch_14_slow_memcpy/process_time/real_time             0.811 ms         1.97 ms          984 items_per_second=1.23273k/s
BM_main_graph$async_dispatch_14_system_elf_riscv_64_main_graph$async_dispatch_14_slow_memcpy/process_time/real_time             0.844 ms         2.03 ms          984 items_per_second=1.18436k/s
BM_main_graph$async_dispatch_14_system_elf_riscv_64_main_graph$async_dispatch_14_slow_memcpy/process_time/real_time             0.844 ms         2.03 ms          984 items_per_second=1.18501k/s
BM_main_graph$async_dispatch_14_system_elf_riscv_64_main_graph$async_dispatch_14_slow_memcpy/process_time/real_time             0.800 ms         1.95 ms          984 items_per_second=1.25028k/s
BM_main_graph$async_dispatch_14_system_elf_riscv_64_main_graph$async_dispatch_14_slow_memcpy/process_time/real_time_mean        0.789 ms         1.93 ms           10 items_per_second=1.27359k/s
BM_main_graph$async_dispatch_14_system_elf_riscv_64_main_graph$async_dispatch_14_slow_memcpy/process_time/real_time_median      0.808 ms         1.97 ms           10 items_per_second=1.23774k/s
BM_main_graph$async_dispatch_14_system_elf_riscv_64_main_graph$async_dispatch_14_slow_memcpy/process_time/real_time_stddev      0.057 ms        0.097 ms           10 items_per_second=95.7449/s
BM_main_graph$async_dispatch_14_system_elf_riscv_64_main_graph$async_dispatch_14_slow_memcpy/process_time/real_time_cv           7.17 %          5.02 %            10 items_per_second=7.52%
