2026-01-09T12:27:32.337711
Running tools/iree-benchmark-module --module=/home/dima/sched_vmfb/fastdepth_rvv/module_main_graph$async_dispatch_10_system_elf_riscv_64_benchmark.vmfb --device=local-task --function=main_graph$async_dispatch_10_system_elf_riscv_64_main_graph$async_dispatch_10_conv_28x28x128x3x3_f32 --input=1xi32=1 --task_topology_cpu_ids=0,1,2 --benchmark_repetitions=10
2026-01-09T12:27:32+08:00
Running tools/iree-benchmark-module
Run on (8 X 1600 MHz CPU s)
CPU Caches:
  L1 Instruction 32 KiB (x8)
  L1 Data 32 KiB (x8)
  L2 Unified 512 KiB (x2)
Load Average: 3.96, 3.50, 2.96
------------------------------------------------------------------------------------------------------------------------------------------------------------------------------------------------
Benchmark                                                                                                                                      Time             CPU   Iterations UserCounters...
------------------------------------------------------------------------------------------------------------------------------------------------------------------------------------------------
BM_main_graph$async_dispatch_10_system_elf_riscv_64_main_graph$async_dispatch_10_conv_28x28x128x3x3_f32/process_time/real_time              3.19 ms         8.38 ms          220 items_per_second=313.935/s
BM_main_graph$async_dispatch_10_system_elf_riscv_64_main_graph$async_dispatch_10_conv_28x28x128x3x3_f32/process_time/real_time              3.21 ms         8.42 ms          220 items_per_second=311.289/s
BM_main_graph$async_dispatch_10_system_elf_riscv_64_main_graph$async_dispatch_10_conv_28x28x128x3x3_f32/process_time/real_time              3.20 ms         8.38 ms          220 items_per_second=312.55/s
BM_main_graph$async_dispatch_10_system_elf_riscv_64_main_graph$async_dispatch_10_conv_28x28x128x3x3_f32/process_time/real_time              3.30 ms         8.50 ms          220 items_per_second=302.688/s
BM_main_graph$async_dispatch_10_system_elf_riscv_64_main_graph$async_dispatch_10_conv_28x28x128x3x3_f32/process_time/real_time              3.28 ms         8.50 ms          220 items_per_second=304.652/s
BM_main_graph$async_dispatch_10_system_elf_riscv_64_main_graph$async_dispatch_10_conv_28x28x128x3x3_f32/process_time/real_time              3.29 ms         8.51 ms          220 items_per_second=304.187/s
BM_main_graph$async_dispatch_10_system_elf_riscv_64_main_graph$async_dispatch_10_conv_28x28x128x3x3_f32/process_time/real_time              3.31 ms         8.54 ms          220 items_per_second=302.473/s
BM_main_graph$async_dispatch_10_system_elf_riscv_64_main_graph$async_dispatch_10_conv_28x28x128x3x3_f32/process_time/real_time              3.29 ms         8.52 ms          220 items_per_second=304.183/s
BM_main_graph$async_dispatch_10_system_elf_riscv_64_main_graph$async_dispatch_10_conv_28x28x128x3x3_f32/process_time/real_time              3.29 ms         8.52 ms          220 items_per_second=304.056/s
BM_main_graph$async_dispatch_10_system_elf_riscv_64_main_graph$async_dispatch_10_conv_28x28x128x3x3_f32/process_time/real_time              3.30 ms         8.50 ms          220 items_per_second=303.179/s
BM_main_graph$async_dispatch_10_system_elf_riscv_64_main_graph$async_dispatch_10_conv_28x28x128x3x3_f32/process_time/real_time_mean         3.27 ms         8.48 ms           10 items_per_second=306.319/s
BM_main_graph$async_dispatch_10_system_elf_riscv_64_main_graph$async_dispatch_10_conv_28x28x128x3x3_f32/process_time/real_time_median       3.29 ms         8.50 ms           10 items_per_second=304.185/s
BM_main_graph$async_dispatch_10_system_elf_riscv_64_main_graph$async_dispatch_10_conv_28x28x128x3x3_f32/process_time/real_time_stddev      0.047 ms        0.061 ms           10 items_per_second=4.4268/s
BM_main_graph$async_dispatch_10_system_elf_riscv_64_main_graph$async_dispatch_10_conv_28x28x128x3x3_f32/process_time/real_time_cv           1.43 %          0.71 %            10 items_per_second=1.45%
