2026-01-09T12:30:07.694670
Running tools/iree-benchmark-module --module=/home/dima/sched_vmfb/fastdepth_rvv/module_main_graph$async_dispatch_37_system_elf_riscv_64_benchmark.vmfb --device=local-task --function=main_graph$async_dispatch_37_system_elf_riscv_64_main_graph$async_dispatch_37_conv_28x28x256x5x5_f32 --input=1xi32=1 --task_topology_cpu_ids=0,1,2 --benchmark_repetitions=10
2026-01-09T12:30:07+08:00
Running tools/iree-benchmark-module
Run on (8 X 1600 MHz CPU s)
CPU Caches:
  L1 Instruction 32 KiB (x8)
  L1 Data 32 KiB (x8)
  L2 Unified 512 KiB (x2)
Load Average: 4.91, 4.04, 3.25
------------------------------------------------------------------------------------------------------------------------------------------------------------------------------------------------
Benchmark                                                                                                                                      Time             CPU   Iterations UserCounters...
------------------------------------------------------------------------------------------------------------------------------------------------------------------------------------------------
BM_main_graph$async_dispatch_37_system_elf_riscv_64_main_graph$async_dispatch_37_conv_28x28x256x5x5_f32/process_time/real_time              12.0 ms         32.0 ms           58 items_per_second=83.2985/s
BM_main_graph$async_dispatch_37_system_elf_riscv_64_main_graph$async_dispatch_37_conv_28x28x256x5x5_f32/process_time/real_time              12.0 ms         32.0 ms           58 items_per_second=83.4205/s
BM_main_graph$async_dispatch_37_system_elf_riscv_64_main_graph$async_dispatch_37_conv_28x28x256x5x5_f32/process_time/real_time              12.0 ms         31.9 ms           58 items_per_second=83.4143/s
BM_main_graph$async_dispatch_37_system_elf_riscv_64_main_graph$async_dispatch_37_conv_28x28x256x5x5_f32/process_time/real_time              12.0 ms         31.9 ms           58 items_per_second=83.3622/s
BM_main_graph$async_dispatch_37_system_elf_riscv_64_main_graph$async_dispatch_37_conv_28x28x256x5x5_f32/process_time/real_time              12.0 ms         32.0 ms           58 items_per_second=83.3561/s
BM_main_graph$async_dispatch_37_system_elf_riscv_64_main_graph$async_dispatch_37_conv_28x28x256x5x5_f32/process_time/real_time              12.0 ms         31.9 ms           58 items_per_second=83.4212/s
BM_main_graph$async_dispatch_37_system_elf_riscv_64_main_graph$async_dispatch_37_conv_28x28x256x5x5_f32/process_time/real_time              12.0 ms         32.0 ms           58 items_per_second=83.364/s
BM_main_graph$async_dispatch_37_system_elf_riscv_64_main_graph$async_dispatch_37_conv_28x28x256x5x5_f32/process_time/real_time              12.0 ms         32.0 ms           58 items_per_second=83.2898/s
BM_main_graph$async_dispatch_37_system_elf_riscv_64_main_graph$async_dispatch_37_conv_28x28x256x5x5_f32/process_time/real_time              12.0 ms         32.0 ms           58 items_per_second=83.401/s
BM_main_graph$async_dispatch_37_system_elf_riscv_64_main_graph$async_dispatch_37_conv_28x28x256x5x5_f32/process_time/real_time              12.0 ms         32.0 ms           58 items_per_second=83.4191/s
BM_main_graph$async_dispatch_37_system_elf_riscv_64_main_graph$async_dispatch_37_conv_28x28x256x5x5_f32/process_time/real_time_mean         12.0 ms         32.0 ms           10 items_per_second=83.3747/s
BM_main_graph$async_dispatch_37_system_elf_riscv_64_main_graph$async_dispatch_37_conv_28x28x256x5x5_f32/process_time/real_time_median       12.0 ms         32.0 ms           10 items_per_second=83.3825/s
BM_main_graph$async_dispatch_37_system_elf_riscv_64_main_graph$async_dispatch_37_conv_28x28x256x5x5_f32/process_time/real_time_stddev      0.007 ms        0.013 ms           10 items_per_second=0.049562/s
BM_main_graph$async_dispatch_37_system_elf_riscv_64_main_graph$async_dispatch_37_conv_28x28x256x5x5_f32/process_time/real_time_cv           0.06 %          0.04 %            10 items_per_second=0.06%
