2026-01-09T12:30:14.809408
Running tools/iree-benchmark-module --module=/home/dima/sched_vmfb/fastdepth_rvv/module_main_graph$async_dispatch_38_system_elf_riscv_64_benchmark.vmfb --device=local-task --function=main_graph$async_dispatch_38_system_elf_riscv_64_main_graph$async_dispatch_38_matmul_like_128x784x256_f32 --input=1xi32=1 --task_topology_cpu_ids=0,1,2 --benchmark_repetitions=10
2026-01-09T12:30:14+08:00
Running tools/iree-benchmark-module
Run on (8 X 1600 MHz CPU s)
CPU Caches:
  L1 Instruction 32 KiB (x8)
  L1 Data 32 KiB (x8)
  L2 Unified 512 KiB (x2)
Load Average: 4.76, 4.03, 3.25
-----------------------------------------------------------------------------------------------------------------------------------------------------------------------------------------------------
Benchmark                                                                                                                                           Time             CPU   Iterations UserCounters...
-----------------------------------------------------------------------------------------------------------------------------------------------------------------------------------------------------
BM_main_graph$async_dispatch_38_system_elf_riscv_64_main_graph$async_dispatch_38_matmul_like_128x784x256_f32/process_time/real_time               195 ms          545 ms            4 items_per_second=5.12635/s
BM_main_graph$async_dispatch_38_system_elf_riscv_64_main_graph$async_dispatch_38_matmul_like_128x784x256_f32/process_time/real_time               195 ms          544 ms            4 items_per_second=5.12897/s
BM_main_graph$async_dispatch_38_system_elf_riscv_64_main_graph$async_dispatch_38_matmul_like_128x784x256_f32/process_time/real_time               195 ms          545 ms            4 items_per_second=5.12185/s
BM_main_graph$async_dispatch_38_system_elf_riscv_64_main_graph$async_dispatch_38_matmul_like_128x784x256_f32/process_time/real_time               195 ms          545 ms            4 items_per_second=5.127/s
BM_main_graph$async_dispatch_38_system_elf_riscv_64_main_graph$async_dispatch_38_matmul_like_128x784x256_f32/process_time/real_time               195 ms          545 ms            4 items_per_second=5.12434/s
BM_main_graph$async_dispatch_38_system_elf_riscv_64_main_graph$async_dispatch_38_matmul_like_128x784x256_f32/process_time/real_time               195 ms          544 ms            4 items_per_second=5.12882/s
BM_main_graph$async_dispatch_38_system_elf_riscv_64_main_graph$async_dispatch_38_matmul_like_128x784x256_f32/process_time/real_time               195 ms          545 ms            4 items_per_second=5.12436/s
BM_main_graph$async_dispatch_38_system_elf_riscv_64_main_graph$async_dispatch_38_matmul_like_128x784x256_f32/process_time/real_time               195 ms          545 ms            4 items_per_second=5.12094/s
BM_main_graph$async_dispatch_38_system_elf_riscv_64_main_graph$async_dispatch_38_matmul_like_128x784x256_f32/process_time/real_time               195 ms          545 ms            4 items_per_second=5.12415/s
BM_main_graph$async_dispatch_38_system_elf_riscv_64_main_graph$async_dispatch_38_matmul_like_128x784x256_f32/process_time/real_time               195 ms          544 ms            4 items_per_second=5.13006/s
BM_main_graph$async_dispatch_38_system_elf_riscv_64_main_graph$async_dispatch_38_matmul_like_128x784x256_f32/process_time/real_time_mean          195 ms          545 ms           10 items_per_second=5.12568/s
BM_main_graph$async_dispatch_38_system_elf_riscv_64_main_graph$async_dispatch_38_matmul_like_128x784x256_f32/process_time/real_time_median        195 ms          545 ms           10 items_per_second=5.12536/s
BM_main_graph$async_dispatch_38_system_elf_riscv_64_main_graph$async_dispatch_38_matmul_like_128x784x256_f32/process_time/real_time_stddev      0.117 ms        0.253 ms           10 items_per_second=3.07684m/s
BM_main_graph$async_dispatch_38_system_elf_riscv_64_main_graph$async_dispatch_38_matmul_like_128x784x256_f32/process_time/real_time_cv           0.06 %          0.05 %            10 items_per_second=0.06%
