2026-01-09T12:31:49.526675
Running tools/iree-benchmark-module --module=/home/dima/sched_vmfb/fastdepth_rvv/module_main_graph$async_dispatch_8_system_elf_riscv_64_benchmark.vmfb --device=local-task --function=main_graph$async_dispatch_8_system_elf_riscv_64_main_graph$async_dispatch_8_matmul_like_128x3136x128_f32 --input=1xi32=1 --task_topology_cpu_ids=0,1,2 --benchmark_repetitions=10
2026-01-09T12:31:49+08:00
Running tools/iree-benchmark-module
Run on (8 X 1600 MHz CPU s)
CPU Caches:
  L1 Instruction 32 KiB (x8)
  L1 Data 32 KiB (x8)
  L2 Unified 512 KiB (x2)
Load Average: 4.67, 4.18, 3.38
----------------------------------------------------------------------------------------------------------------------------------------------------------------------------------------------------
Benchmark                                                                                                                                          Time             CPU   Iterations UserCounters...
----------------------------------------------------------------------------------------------------------------------------------------------------------------------------------------------------
BM_main_graph$async_dispatch_8_system_elf_riscv_64_main_graph$async_dispatch_8_matmul_like_128x3136x128_f32/process_time/real_time               364 ms         1051 ms            2 items_per_second=2.74569/s
BM_main_graph$async_dispatch_8_system_elf_riscv_64_main_graph$async_dispatch_8_matmul_like_128x3136x128_f32/process_time/real_time               365 ms         1052 ms            2 items_per_second=2.73757/s
BM_main_graph$async_dispatch_8_system_elf_riscv_64_main_graph$async_dispatch_8_matmul_like_128x3136x128_f32/process_time/real_time               364 ms         1052 ms            2 items_per_second=2.74591/s
BM_main_graph$async_dispatch_8_system_elf_riscv_64_main_graph$async_dispatch_8_matmul_like_128x3136x128_f32/process_time/real_time               364 ms         1051 ms            2 items_per_second=2.74652/s
BM_main_graph$async_dispatch_8_system_elf_riscv_64_main_graph$async_dispatch_8_matmul_like_128x3136x128_f32/process_time/real_time               364 ms         1051 ms            2 items_per_second=2.7465/s
BM_main_graph$async_dispatch_8_system_elf_riscv_64_main_graph$async_dispatch_8_matmul_like_128x3136x128_f32/process_time/real_time               364 ms         1052 ms            2 items_per_second=2.74616/s
BM_main_graph$async_dispatch_8_system_elf_riscv_64_main_graph$async_dispatch_8_matmul_like_128x3136x128_f32/process_time/real_time               364 ms         1051 ms            2 items_per_second=2.74611/s
BM_main_graph$async_dispatch_8_system_elf_riscv_64_main_graph$async_dispatch_8_matmul_like_128x3136x128_f32/process_time/real_time               364 ms         1052 ms            2 items_per_second=2.74647/s
BM_main_graph$async_dispatch_8_system_elf_riscv_64_main_graph$async_dispatch_8_matmul_like_128x3136x128_f32/process_time/real_time               364 ms         1053 ms            2 items_per_second=2.74552/s
BM_main_graph$async_dispatch_8_system_elf_riscv_64_main_graph$async_dispatch_8_matmul_like_128x3136x128_f32/process_time/real_time               364 ms         1051 ms            2 items_per_second=2.74631/s
BM_main_graph$async_dispatch_8_system_elf_riscv_64_main_graph$async_dispatch_8_matmul_like_128x3136x128_f32/process_time/real_time_mean          364 ms         1052 ms           10 items_per_second=2.74527/s
BM_main_graph$async_dispatch_8_system_elf_riscv_64_main_graph$async_dispatch_8_matmul_like_128x3136x128_f32/process_time/real_time_median        364 ms         1052 ms           10 items_per_second=2.74613/s
BM_main_graph$async_dispatch_8_system_elf_riscv_64_main_graph$async_dispatch_8_matmul_like_128x3136x128_f32/process_time/real_time_stddev      0.363 ms        0.574 ms           10 items_per_second=2.72754m/s
BM_main_graph$async_dispatch_8_system_elf_riscv_64_main_graph$async_dispatch_8_matmul_like_128x3136x128_f32/process_time/real_time_cv           0.10 %          0.05 %            10 items_per_second=0.10%
