2026-01-09T12:28:19.354004
Running tools/iree-benchmark-module --module=/home/dima/sched_vmfb/fastdepth_rvv/module_main_graph$async_dispatch_16_system_elf_riscv_64_benchmark.vmfb --device=local-task --function=main_graph$async_dispatch_16_system_elf_riscv_64_main_graph$async_dispatch_16_matmul_like_512x14x14x256_f32 --input=1xi32=1 --task_topology_cpu_ids=0,1,2 --benchmark_repetitions=10
2026-01-09T12:28:19+08:00
Running tools/iree-benchmark-module
Run on (8 X 1600 MHz CPU s)
CPU Caches:
  L1 Instruction 32 KiB (x8)
  L1 Data 32 KiB (x8)
  L2 Unified 512 KiB (x2)
Load Average: 4.38, 3.68, 3.05
-------------------------------------------------------------------------------------------------------------------------------------------------------------------------------------------------------
Benchmark                                                                                                                                             Time             CPU   Iterations UserCounters...
-------------------------------------------------------------------------------------------------------------------------------------------------------------------------------------------------------
BM_main_graph$async_dispatch_16_system_elf_riscv_64_main_graph$async_dispatch_16_matmul_like_512x14x14x256_f32/process_time/real_time              28.9 ms         77.8 ms           24 items_per_second=34.6588/s
BM_main_graph$async_dispatch_16_system_elf_riscv_64_main_graph$async_dispatch_16_matmul_like_512x14x14x256_f32/process_time/real_time              28.9 ms         77.7 ms           24 items_per_second=34.61/s
BM_main_graph$async_dispatch_16_system_elf_riscv_64_main_graph$async_dispatch_16_matmul_like_512x14x14x256_f32/process_time/real_time              28.9 ms         77.7 ms           24 items_per_second=34.6391/s
BM_main_graph$async_dispatch_16_system_elf_riscv_64_main_graph$async_dispatch_16_matmul_like_512x14x14x256_f32/process_time/real_time              28.9 ms         77.7 ms           24 items_per_second=34.6359/s
BM_main_graph$async_dispatch_16_system_elf_riscv_64_main_graph$async_dispatch_16_matmul_like_512x14x14x256_f32/process_time/real_time              28.9 ms         77.7 ms           24 items_per_second=34.5982/s
BM_main_graph$async_dispatch_16_system_elf_riscv_64_main_graph$async_dispatch_16_matmul_like_512x14x14x256_f32/process_time/real_time              28.9 ms         77.7 ms           24 items_per_second=34.6514/s
BM_main_graph$async_dispatch_16_system_elf_riscv_64_main_graph$async_dispatch_16_matmul_like_512x14x14x256_f32/process_time/real_time              28.9 ms         77.8 ms           24 items_per_second=34.6359/s
BM_main_graph$async_dispatch_16_system_elf_riscv_64_main_graph$async_dispatch_16_matmul_like_512x14x14x256_f32/process_time/real_time              28.9 ms         77.7 ms           24 items_per_second=34.6287/s
BM_main_graph$async_dispatch_16_system_elf_riscv_64_main_graph$async_dispatch_16_matmul_like_512x14x14x256_f32/process_time/real_time              28.8 ms         77.8 ms           24 items_per_second=34.6625/s
BM_main_graph$async_dispatch_16_system_elf_riscv_64_main_graph$async_dispatch_16_matmul_like_512x14x14x256_f32/process_time/real_time              28.8 ms         77.7 ms           24 items_per_second=34.6869/s
BM_main_graph$async_dispatch_16_system_elf_riscv_64_main_graph$async_dispatch_16_matmul_like_512x14x14x256_f32/process_time/real_time_mean         28.9 ms         77.7 ms           10 items_per_second=34.6407/s
BM_main_graph$async_dispatch_16_system_elf_riscv_64_main_graph$async_dispatch_16_matmul_like_512x14x14x256_f32/process_time/real_time_median       28.9 ms         77.7 ms           10 items_per_second=34.6375/s
BM_main_graph$async_dispatch_16_system_elf_riscv_64_main_graph$async_dispatch_16_matmul_like_512x14x14x256_f32/process_time/real_time_stddev      0.021 ms        0.038 ms           10 items_per_second=0.0257925/s
BM_main_graph$async_dispatch_16_system_elf_riscv_64_main_graph$async_dispatch_16_matmul_like_512x14x14x256_f32/process_time/real_time_cv           0.07 %          0.05 %            10 items_per_second=0.07%
