2026-01-09T12:30:37.314601
Running tools/iree-benchmark-module --module=/home/dima/sched_vmfb/fastdepth_rvv/module_main_graph$async_dispatch_40_system_elf_riscv_64_benchmark.vmfb --device=local-task --function=main_graph$async_dispatch_40_system_elf_riscv_64_main_graph$async_dispatch_40_conv_56x56x128x5x5_f32 --input=1xi32=1 --task_topology_cpu_ids=0,1,2 --benchmark_repetitions=10
2026-01-09T12:30:37+08:00
Running tools/iree-benchmark-module
Run on (8 X 1600 MHz CPU s)
CPU Caches:
  L1 Instruction 32 KiB (x8)
  L1 Data 32 KiB (x8)
  L2 Unified 512 KiB (x2)
Load Average: 4.71, 4.07, 3.29
------------------------------------------------------------------------------------------------------------------------------------------------------------------------------------------------
Benchmark                                                                                                                                      Time             CPU   Iterations UserCounters...
------------------------------------------------------------------------------------------------------------------------------------------------------------------------------------------------
BM_main_graph$async_dispatch_40_system_elf_riscv_64_main_graph$async_dispatch_40_conv_56x56x128x5x5_f32/process_time/real_time              20.1 ms         53.5 ms           35 items_per_second=49.7787/s
BM_main_graph$async_dispatch_40_system_elf_riscv_64_main_graph$async_dispatch_40_conv_56x56x128x5x5_f32/process_time/real_time              20.1 ms         53.5 ms           35 items_per_second=49.7309/s
BM_main_graph$async_dispatch_40_system_elf_riscv_64_main_graph$async_dispatch_40_conv_56x56x128x5x5_f32/process_time/real_time              20.1 ms         53.6 ms           35 items_per_second=49.793/s
BM_main_graph$async_dispatch_40_system_elf_riscv_64_main_graph$async_dispatch_40_conv_56x56x128x5x5_f32/process_time/real_time              20.1 ms         53.5 ms           35 items_per_second=49.7406/s
BM_main_graph$async_dispatch_40_system_elf_riscv_64_main_graph$async_dispatch_40_conv_56x56x128x5x5_f32/process_time/real_time              20.1 ms         53.6 ms           35 items_per_second=49.7311/s
BM_main_graph$async_dispatch_40_system_elf_riscv_64_main_graph$async_dispatch_40_conv_56x56x128x5x5_f32/process_time/real_time              20.1 ms         53.5 ms           35 items_per_second=49.7957/s
BM_main_graph$async_dispatch_40_system_elf_riscv_64_main_graph$async_dispatch_40_conv_56x56x128x5x5_f32/process_time/real_time              20.1 ms         53.5 ms           35 items_per_second=49.7688/s
BM_main_graph$async_dispatch_40_system_elf_riscv_64_main_graph$async_dispatch_40_conv_56x56x128x5x5_f32/process_time/real_time              20.1 ms         53.6 ms           35 items_per_second=49.7535/s
BM_main_graph$async_dispatch_40_system_elf_riscv_64_main_graph$async_dispatch_40_conv_56x56x128x5x5_f32/process_time/real_time              20.1 ms         53.5 ms           35 items_per_second=49.8155/s
BM_main_graph$async_dispatch_40_system_elf_riscv_64_main_graph$async_dispatch_40_conv_56x56x128x5x5_f32/process_time/real_time              20.1 ms         53.5 ms           35 items_per_second=49.8216/s
BM_main_graph$async_dispatch_40_system_elf_riscv_64_main_graph$async_dispatch_40_conv_56x56x128x5x5_f32/process_time/real_time_mean         20.1 ms         53.6 ms           10 items_per_second=49.7729/s
BM_main_graph$async_dispatch_40_system_elf_riscv_64_main_graph$async_dispatch_40_conv_56x56x128x5x5_f32/process_time/real_time_median       20.1 ms         53.5 ms           10 items_per_second=49.7737/s
BM_main_graph$async_dispatch_40_system_elf_riscv_64_main_graph$async_dispatch_40_conv_56x56x128x5x5_f32/process_time/real_time_stddev      0.014 ms        0.039 ms           10 items_per_second=0.0334835/s
BM_main_graph$async_dispatch_40_system_elf_riscv_64_main_graph$async_dispatch_40_conv_56x56x128x5x5_f32/process_time/real_time_cv           0.07 %          0.07 %            10 items_per_second=0.07%
