2026-01-09T12:31:57.208620
Running tools/iree-benchmark-module --module=/home/dima/sched_vmfb/fastdepth_rvv/module_main_graph$async_dispatch_9_system_elf_riscv_64_benchmark.vmfb --device=local-task --function=main_graph$async_dispatch_9_system_elf_riscv_64_main_graph$async_dispatch_9_slow_memcpy --input=1xi32=1 --task_topology_cpu_ids=0,1,2 --benchmark_repetitions=10
2026-01-09T12:31:57+08:00
Running tools/iree-benchmark-module
Run on (8 X 1600 MHz CPU s)
CPU Caches:
  L1 Instruction 32 KiB (x8)
  L1 Data 32 KiB (x8)
  L2 Unified 512 KiB (x2)
Load Average: 4.72, 4.21, 3.40
-----------------------------------------------------------------------------------------------------------------------------------------------------------------------------------
Benchmark                                                                                                                         Time             CPU   Iterations UserCounters...
-----------------------------------------------------------------------------------------------------------------------------------------------------------------------------------
BM_main_graph$async_dispatch_9_system_elf_riscv_64_main_graph$async_dispatch_9_slow_memcpy/process_time/real_time              1.76 ms         4.71 ms          394 items_per_second=567.651/s
BM_main_graph$async_dispatch_9_system_elf_riscv_64_main_graph$async_dispatch_9_slow_memcpy/process_time/real_time              1.77 ms         4.73 ms          394 items_per_second=564.413/s
BM_main_graph$async_dispatch_9_system_elf_riscv_64_main_graph$async_dispatch_9_slow_memcpy/process_time/real_time              1.77 ms         4.73 ms          394 items_per_second=565.105/s
BM_main_graph$async_dispatch_9_system_elf_riscv_64_main_graph$async_dispatch_9_slow_memcpy/process_time/real_time              1.77 ms         4.72 ms          394 items_per_second=564.928/s
BM_main_graph$async_dispatch_9_system_elf_riscv_64_main_graph$async_dispatch_9_slow_memcpy/process_time/real_time              1.76 ms         4.71 ms          394 items_per_second=568.346/s
BM_main_graph$async_dispatch_9_system_elf_riscv_64_main_graph$async_dispatch_9_slow_memcpy/process_time/real_time              1.77 ms         4.71 ms          394 items_per_second=566.346/s
BM_main_graph$async_dispatch_9_system_elf_riscv_64_main_graph$async_dispatch_9_slow_memcpy/process_time/real_time              1.76 ms         4.70 ms          394 items_per_second=568.477/s
BM_main_graph$async_dispatch_9_system_elf_riscv_64_main_graph$async_dispatch_9_slow_memcpy/process_time/real_time              1.77 ms         4.72 ms          394 items_per_second=564.985/s
BM_main_graph$async_dispatch_9_system_elf_riscv_64_main_graph$async_dispatch_9_slow_memcpy/process_time/real_time              1.76 ms         4.72 ms          394 items_per_second=566.682/s
BM_main_graph$async_dispatch_9_system_elf_riscv_64_main_graph$async_dispatch_9_slow_memcpy/process_time/real_time              1.77 ms         4.73 ms          394 items_per_second=565.299/s
BM_main_graph$async_dispatch_9_system_elf_riscv_64_main_graph$async_dispatch_9_slow_memcpy/process_time/real_time_mean         1.77 ms         4.72 ms           10 items_per_second=566.223/s
BM_main_graph$async_dispatch_9_system_elf_riscv_64_main_graph$async_dispatch_9_slow_memcpy/process_time/real_time_median       1.77 ms         4.72 ms           10 items_per_second=565.822/s
BM_main_graph$async_dispatch_9_system_elf_riscv_64_main_graph$async_dispatch_9_slow_memcpy/process_time/real_time_stddev      0.005 ms        0.010 ms           10 items_per_second=1.50719/s
BM_main_graph$async_dispatch_9_system_elf_riscv_64_main_graph$async_dispatch_9_slow_memcpy/process_time/real_time_cv           0.27 %          0.21 %            10 items_per_second=0.27%
