2026-01-09T12:29:54.456198
Running tools/iree-benchmark-module --module=/home/dima/sched_vmfb/fastdepth_rvv/module_main_graph$async_dispatch_35_system_elf_riscv_64_benchmark.vmfb --device=local-task --function=main_graph$async_dispatch_35_system_elf_riscv_64_main_graph$async_dispatch_35_matmul_like_256x196x512_f32 --input=1xi32=1 --task_topology_cpu_ids=0,1,2 --benchmark_repetitions=10
2026-01-09T12:29:54+08:00
Running tools/iree-benchmark-module
Run on (8 X 1600 MHz CPU s)
CPU Caches:
  L1 Instruction 32 KiB (x8)
  L1 Data 32 KiB (x8)
  L2 Unified 512 KiB (x2)
Load Average: 4.79, 3.98, 3.22
-----------------------------------------------------------------------------------------------------------------------------------------------------------------------------------------------------
Benchmark                                                                                                                                           Time             CPU   Iterations UserCounters...
-----------------------------------------------------------------------------------------------------------------------------------------------------------------------------------------------------
BM_main_graph$async_dispatch_35_system_elf_riscv_64_main_graph$async_dispatch_35_matmul_like_256x196x512_f32/process_time/real_time               208 ms          555 ms            3 items_per_second=4.8181/s
BM_main_graph$async_dispatch_35_system_elf_riscv_64_main_graph$async_dispatch_35_matmul_like_256x196x512_f32/process_time/real_time               207 ms          554 ms            3 items_per_second=4.82207/s
BM_main_graph$async_dispatch_35_system_elf_riscv_64_main_graph$async_dispatch_35_matmul_like_256x196x512_f32/process_time/real_time               207 ms          554 ms            3 items_per_second=4.82103/s
BM_main_graph$async_dispatch_35_system_elf_riscv_64_main_graph$async_dispatch_35_matmul_like_256x196x512_f32/process_time/real_time               208 ms          556 ms            3 items_per_second=4.81853/s
BM_main_graph$async_dispatch_35_system_elf_riscv_64_main_graph$async_dispatch_35_matmul_like_256x196x512_f32/process_time/real_time               207 ms          555 ms            3 items_per_second=4.82019/s
BM_main_graph$async_dispatch_35_system_elf_riscv_64_main_graph$async_dispatch_35_matmul_like_256x196x512_f32/process_time/real_time               208 ms          555 ms            3 items_per_second=4.81873/s
BM_main_graph$async_dispatch_35_system_elf_riscv_64_main_graph$async_dispatch_35_matmul_like_256x196x512_f32/process_time/real_time               207 ms          556 ms            3 items_per_second=4.82173/s
BM_main_graph$async_dispatch_35_system_elf_riscv_64_main_graph$async_dispatch_35_matmul_like_256x196x512_f32/process_time/real_time               207 ms          555 ms            3 items_per_second=4.82629/s
BM_main_graph$async_dispatch_35_system_elf_riscv_64_main_graph$async_dispatch_35_matmul_like_256x196x512_f32/process_time/real_time               207 ms          555 ms            3 items_per_second=4.82431/s
BM_main_graph$async_dispatch_35_system_elf_riscv_64_main_graph$async_dispatch_35_matmul_like_256x196x512_f32/process_time/real_time               207 ms          555 ms            3 items_per_second=4.82637/s
BM_main_graph$async_dispatch_35_system_elf_riscv_64_main_graph$async_dispatch_35_matmul_like_256x196x512_f32/process_time/real_time_mean          207 ms          555 ms           10 items_per_second=4.82174/s
BM_main_graph$async_dispatch_35_system_elf_riscv_64_main_graph$async_dispatch_35_matmul_like_256x196x512_f32/process_time/real_time_median        207 ms          555 ms           10 items_per_second=4.82138/s
BM_main_graph$async_dispatch_35_system_elf_riscv_64_main_graph$async_dispatch_35_matmul_like_256x196x512_f32/process_time/real_time_stddev      0.132 ms        0.480 ms           10 items_per_second=3.06024m/s
BM_main_graph$async_dispatch_35_system_elf_riscv_64_main_graph$async_dispatch_35_matmul_like_256x196x512_f32/process_time/real_time_cv           0.06 %          0.09 %            10 items_per_second=0.06%
