2026-01-09T12:27:24.960105
Running tools/iree-benchmark-module --module=/home/dima/sched_vmfb/fastdepth_rvv/module_main_graph$async_dispatch_0_system_elf_riscv_64_benchmark.vmfb --device=local-task --function=main_graph$async_dispatch_0_system_elf_riscv_64_main_graph$async_dispatch_0_slow_memcpy --input=1xi32=1 --task_topology_cpu_ids=0,1,2 --benchmark_repetitions=10
2026-01-09T12:27:24+08:00
Running tools/iree-benchmark-module
Run on (8 X 1600 MHz CPU s)
CPU Caches:
  L1 Instruction 32 KiB (x8)
  L1 Data 32 KiB (x8)
  L2 Unified 512 KiB (x2)
Load Average: 3.94, 3.48, 2.95
-----------------------------------------------------------------------------------------------------------------------------------------------------------------------------------
Benchmark                                                                                                                         Time             CPU   Iterations UserCounters...
-----------------------------------------------------------------------------------------------------------------------------------------------------------------------------------
BM_main_graph$async_dispatch_0_system_elf_riscv_64_main_graph$async_dispatch_0_slow_memcpy/process_time/real_time             0.438 ms         1.11 ms         1552 items_per_second=2.28398k/s
BM_main_graph$async_dispatch_0_system_elf_riscv_64_main_graph$async_dispatch_0_slow_memcpy/process_time/real_time             0.436 ms         1.11 ms         1552 items_per_second=2.2929k/s
BM_main_graph$async_dispatch_0_system_elf_riscv_64_main_graph$async_dispatch_0_slow_memcpy/process_time/real_time             0.438 ms         1.11 ms         1552 items_per_second=2.2837k/s
BM_main_graph$async_dispatch_0_system_elf_riscv_64_main_graph$async_dispatch_0_slow_memcpy/process_time/real_time             0.438 ms         1.11 ms         1552 items_per_second=2.28281k/s
BM_main_graph$async_dispatch_0_system_elf_riscv_64_main_graph$async_dispatch_0_slow_memcpy/process_time/real_time             0.436 ms         1.11 ms         1552 items_per_second=2.29287k/s
BM_main_graph$async_dispatch_0_system_elf_riscv_64_main_graph$async_dispatch_0_slow_memcpy/process_time/real_time             0.441 ms         1.12 ms         1552 items_per_second=2.2691k/s
BM_main_graph$async_dispatch_0_system_elf_riscv_64_main_graph$async_dispatch_0_slow_memcpy/process_time/real_time             0.436 ms         1.11 ms         1552 items_per_second=2.2935k/s
BM_main_graph$async_dispatch_0_system_elf_riscv_64_main_graph$async_dispatch_0_slow_memcpy/process_time/real_time             0.436 ms         1.10 ms         1552 items_per_second=2.29415k/s
BM_main_graph$async_dispatch_0_system_elf_riscv_64_main_graph$async_dispatch_0_slow_memcpy/process_time/real_time             0.437 ms         1.11 ms         1552 items_per_second=2.28841k/s
BM_main_graph$async_dispatch_0_system_elf_riscv_64_main_graph$async_dispatch_0_slow_memcpy/process_time/real_time             0.438 ms         1.11 ms         1552 items_per_second=2.28075k/s
BM_main_graph$async_dispatch_0_system_elf_riscv_64_main_graph$async_dispatch_0_slow_memcpy/process_time/real_time_mean        0.437 ms         1.11 ms           10 items_per_second=2.28622k/s
BM_main_graph$async_dispatch_0_system_elf_riscv_64_main_graph$async_dispatch_0_slow_memcpy/process_time/real_time_median      0.437 ms         1.11 ms           10 items_per_second=2.28619k/s
BM_main_graph$async_dispatch_0_system_elf_riscv_64_main_graph$async_dispatch_0_slow_memcpy/process_time/real_time_stddev      0.002 ms        0.004 ms           10 items_per_second=7.85688/s
BM_main_graph$async_dispatch_0_system_elf_riscv_64_main_graph$async_dispatch_0_slow_memcpy/process_time/real_time_cv           0.34 %          0.37 %            10 items_per_second=0.34%
