2026-01-09T08:48:23.427015
Running tools/iree-benchmark-module --module=/home/dima/sched_vmfb/glpdepth_scalar/module_main_graph$async_dispatch_132_embedded_elf_riscv_64_benchmark.vmfb --device=local-task --function=main_graph$async_dispatch_132_embedded_elf_riscv_64_main_graph$async_dispatch_132_conv_64x14x14x128x3x3_f32 --input=1xi32=1 --task_topology_cpu_ids=0,1,2,3 --benchmark_repetitions=10
2026-01-09T08:48:23+08:00
Running tools/iree-benchmark-module
Run on (8 X 1600 MHz CPU s)
CPU Caches:
  L1 Instruction 32 KiB (x8)
  L1 Data 32 KiB (x8)
  L2 Unified 512 KiB (x2)
Load Average: 5.20, 4.79, 4.24
-------------------------------------------------------------------------------------------------------------------------------------------------------------------------------------------------------
Benchmark                                                                                                                                             Time             CPU   Iterations UserCounters...
-------------------------------------------------------------------------------------------------------------------------------------------------------------------------------------------------------
BM_main_graph$async_dispatch_132_embedded_elf_riscv_64_main_graph$async_dispatch_132_conv_64x14x14x128x3x3_f32/process_time/real_time              23.6 ms         92.6 ms           30 items_per_second=42.4617/s
BM_main_graph$async_dispatch_132_embedded_elf_riscv_64_main_graph$async_dispatch_132_conv_64x14x14x128x3x3_f32/process_time/real_time              23.7 ms         92.7 ms           30 items_per_second=42.1702/s
BM_main_graph$async_dispatch_132_embedded_elf_riscv_64_main_graph$async_dispatch_132_conv_64x14x14x128x3x3_f32/process_time/real_time              23.5 ms         92.5 ms           30 items_per_second=42.5697/s
BM_main_graph$async_dispatch_132_embedded_elf_riscv_64_main_graph$async_dispatch_132_conv_64x14x14x128x3x3_f32/process_time/real_time              23.5 ms         92.6 ms           30 items_per_second=42.4932/s
BM_main_graph$async_dispatch_132_embedded_elf_riscv_64_main_graph$async_dispatch_132_conv_64x14x14x128x3x3_f32/process_time/real_time              23.8 ms         92.6 ms           30 items_per_second=42.0442/s
BM_main_graph$async_dispatch_132_embedded_elf_riscv_64_main_graph$async_dispatch_132_conv_64x14x14x128x3x3_f32/process_time/real_time              23.7 ms         92.6 ms           30 items_per_second=42.2526/s
BM_main_graph$async_dispatch_132_embedded_elf_riscv_64_main_graph$async_dispatch_132_conv_64x14x14x128x3x3_f32/process_time/real_time              23.6 ms         92.6 ms           30 items_per_second=42.4569/s
BM_main_graph$async_dispatch_132_embedded_elf_riscv_64_main_graph$async_dispatch_132_conv_64x14x14x128x3x3_f32/process_time/real_time              23.8 ms         92.6 ms           30 items_per_second=42.0382/s
BM_main_graph$async_dispatch_132_embedded_elf_riscv_64_main_graph$async_dispatch_132_conv_64x14x14x128x3x3_f32/process_time/real_time              23.5 ms         92.6 ms           30 items_per_second=42.4921/s
BM_main_graph$async_dispatch_132_embedded_elf_riscv_64_main_graph$async_dispatch_132_conv_64x14x14x128x3x3_f32/process_time/real_time              23.5 ms         92.6 ms           30 items_per_second=42.4988/s
BM_main_graph$async_dispatch_132_embedded_elf_riscv_64_main_graph$async_dispatch_132_conv_64x14x14x128x3x3_f32/process_time/real_time_mean         23.6 ms         92.6 ms           10 items_per_second=42.3478/s
BM_main_graph$async_dispatch_132_embedded_elf_riscv_64_main_graph$async_dispatch_132_conv_64x14x14x128x3x3_f32/process_time/real_time_median       23.6 ms         92.6 ms           10 items_per_second=42.4593/s
BM_main_graph$async_dispatch_132_embedded_elf_riscv_64_main_graph$async_dispatch_132_conv_64x14x14x128x3x3_f32/process_time/real_time_stddev      0.113 ms        0.045 ms           10 items_per_second=0.202069/s
BM_main_graph$async_dispatch_132_embedded_elf_riscv_64_main_graph$async_dispatch_132_conv_64x14x14x128x3x3_f32/process_time/real_time_cv           0.48 %          0.05 %            10 items_per_second=0.48%
