2026-01-09T08:55:41.292546
Running tools/iree-benchmark-module --module=/home/dima/sched_vmfb/glpdepth_scalar/module_main_graph$async_dispatch_72_embedded_elf_riscv_64_benchmark.vmfb --device=local-task --function=main_graph$async_dispatch_72_embedded_elf_riscv_64_main_graph$async_dispatch_72_matmul_like_10x49x32x160_f32 --input=1xi32=1 --task_topology_cpu_ids=0,1,2,3 --benchmark_repetitions=10
2026-01-09T08:55:41+08:00
Running tools/iree-benchmark-module
Run on (8 X 1600 MHz CPU s)
CPU Caches:
  L1 Instruction 32 KiB (x8)
  L1 Data 32 KiB (x8)
  L2 Unified 512 KiB (x2)
Load Average: 4.94, 5.02, 4.60
--------------------------------------------------------------------------------------------------------------------------------------------------------------------------------------------------------
Benchmark                                                                                                                                              Time             CPU   Iterations UserCounters...
--------------------------------------------------------------------------------------------------------------------------------------------------------------------------------------------------------
BM_main_graph$async_dispatch_72_embedded_elf_riscv_64_main_graph$async_dispatch_72_matmul_like_10x49x32x160_f32/process_time/real_time             0.777 ms         2.45 ms          902 items_per_second=1.28665k/s
BM_main_graph$async_dispatch_72_embedded_elf_riscv_64_main_graph$async_dispatch_72_matmul_like_10x49x32x160_f32/process_time/real_time             0.777 ms         2.46 ms          902 items_per_second=1.28776k/s
BM_main_graph$async_dispatch_72_embedded_elf_riscv_64_main_graph$async_dispatch_72_matmul_like_10x49x32x160_f32/process_time/real_time             0.777 ms         2.45 ms          902 items_per_second=1.28742k/s
BM_main_graph$async_dispatch_72_embedded_elf_riscv_64_main_graph$async_dispatch_72_matmul_like_10x49x32x160_f32/process_time/real_time             0.776 ms         2.45 ms          902 items_per_second=1.28817k/s
BM_main_graph$async_dispatch_72_embedded_elf_riscv_64_main_graph$async_dispatch_72_matmul_like_10x49x32x160_f32/process_time/real_time             0.778 ms         2.46 ms          902 items_per_second=1.28608k/s
BM_main_graph$async_dispatch_72_embedded_elf_riscv_64_main_graph$async_dispatch_72_matmul_like_10x49x32x160_f32/process_time/real_time             0.776 ms         2.45 ms          902 items_per_second=1.28898k/s
BM_main_graph$async_dispatch_72_embedded_elf_riscv_64_main_graph$async_dispatch_72_matmul_like_10x49x32x160_f32/process_time/real_time             0.776 ms         2.45 ms          902 items_per_second=1.28893k/s
BM_main_graph$async_dispatch_72_embedded_elf_riscv_64_main_graph$async_dispatch_72_matmul_like_10x49x32x160_f32/process_time/real_time             0.777 ms         2.46 ms          902 items_per_second=1.28726k/s
BM_main_graph$async_dispatch_72_embedded_elf_riscv_64_main_graph$async_dispatch_72_matmul_like_10x49x32x160_f32/process_time/real_time             0.776 ms         2.45 ms          902 items_per_second=1.28845k/s
BM_main_graph$async_dispatch_72_embedded_elf_riscv_64_main_graph$async_dispatch_72_matmul_like_10x49x32x160_f32/process_time/real_time             0.778 ms         2.45 ms          902 items_per_second=1.28522k/s
BM_main_graph$async_dispatch_72_embedded_elf_riscv_64_main_graph$async_dispatch_72_matmul_like_10x49x32x160_f32/process_time/real_time_mean        0.777 ms         2.45 ms           10 items_per_second=1.28749k/s
BM_main_graph$async_dispatch_72_embedded_elf_riscv_64_main_graph$async_dispatch_72_matmul_like_10x49x32x160_f32/process_time/real_time_median      0.777 ms         2.45 ms           10 items_per_second=1.28759k/s
BM_main_graph$async_dispatch_72_embedded_elf_riscv_64_main_graph$async_dispatch_72_matmul_like_10x49x32x160_f32/process_time/real_time_stddev      0.001 ms        0.002 ms           10 items_per_second=1.23242/s
BM_main_graph$async_dispatch_72_embedded_elf_riscv_64_main_graph$async_dispatch_72_matmul_like_10x49x32x160_f32/process_time/real_time_cv           0.10 %          0.07 %            10 items_per_second=0.10%
