2026-01-09T08:49:07.392786
Running tools/iree-benchmark-module --module=/home/dima/sched_vmfb/glpdepth_scalar/module_main_graph$async_dispatch_138_embedded_elf_riscv_64_benchmark.vmfb --device=local-task --function=main_graph$async_dispatch_138_embedded_elf_riscv_64_main_graph$async_dispatch_138_slow_memcpy --input=1xi32=1 --task_topology_cpu_ids=0,1,2,3 --benchmark_repetitions=10
2026-01-09T08:49:07+08:00
Running tools/iree-benchmark-module
Run on (8 X 1600 MHz CPU s)
CPU Caches:
  L1 Instruction 32 KiB (x8)
  L1 Data 32 KiB (x8)
  L2 Unified 512 KiB (x2)
Load Average: 5.43, 4.91, 4.31
-----------------------------------------------------------------------------------------------------------------------------------------------------------------------------------------
Benchmark                                                                                                                               Time             CPU   Iterations UserCounters...
-----------------------------------------------------------------------------------------------------------------------------------------------------------------------------------------
BM_main_graph$async_dispatch_138_embedded_elf_riscv_64_main_graph$async_dispatch_138_slow_memcpy/process_time/real_time             0.279 ms        0.742 ms         2504 items_per_second=3.58032k/s
BM_main_graph$async_dispatch_138_embedded_elf_riscv_64_main_graph$async_dispatch_138_slow_memcpy/process_time/real_time             0.277 ms        0.741 ms         2504 items_per_second=3.60952k/s
BM_main_graph$async_dispatch_138_embedded_elf_riscv_64_main_graph$async_dispatch_138_slow_memcpy/process_time/real_time             0.280 ms        0.745 ms         2504 items_per_second=3.56951k/s
BM_main_graph$async_dispatch_138_embedded_elf_riscv_64_main_graph$async_dispatch_138_slow_memcpy/process_time/real_time             0.283 ms        0.746 ms         2504 items_per_second=3.53291k/s
BM_main_graph$async_dispatch_138_embedded_elf_riscv_64_main_graph$async_dispatch_138_slow_memcpy/process_time/real_time             0.288 ms        0.751 ms         2504 items_per_second=3.46913k/s
BM_main_graph$async_dispatch_138_embedded_elf_riscv_64_main_graph$async_dispatch_138_slow_memcpy/process_time/real_time             0.283 ms        0.747 ms         2504 items_per_second=3.53015k/s
BM_main_graph$async_dispatch_138_embedded_elf_riscv_64_main_graph$async_dispatch_138_slow_memcpy/process_time/real_time             0.282 ms        0.745 ms         2504 items_per_second=3.5487k/s
BM_main_graph$async_dispatch_138_embedded_elf_riscv_64_main_graph$async_dispatch_138_slow_memcpy/process_time/real_time             0.287 ms        0.746 ms         2504 items_per_second=3.48647k/s
BM_main_graph$async_dispatch_138_embedded_elf_riscv_64_main_graph$async_dispatch_138_slow_memcpy/process_time/real_time             0.283 ms        0.749 ms         2504 items_per_second=3.52946k/s
BM_main_graph$async_dispatch_138_embedded_elf_riscv_64_main_graph$async_dispatch_138_slow_memcpy/process_time/real_time             0.284 ms        0.748 ms         2504 items_per_second=3.52708k/s
BM_main_graph$async_dispatch_138_embedded_elf_riscv_64_main_graph$async_dispatch_138_slow_memcpy/process_time/real_time_mean        0.283 ms        0.746 ms           10 items_per_second=3.53833k/s
BM_main_graph$async_dispatch_138_embedded_elf_riscv_64_main_graph$async_dispatch_138_slow_memcpy/process_time/real_time_median      0.283 ms        0.746 ms           10 items_per_second=3.53153k/s
BM_main_graph$async_dispatch_138_embedded_elf_riscv_64_main_graph$async_dispatch_138_slow_memcpy/process_time/real_time_stddev      0.003 ms        0.003 ms           10 items_per_second=41.7541/s
BM_main_graph$async_dispatch_138_embedded_elf_riscv_64_main_graph$async_dispatch_138_slow_memcpy/process_time/real_time_cv           1.18 %          0.40 %            10 items_per_second=1.18%
