2026-01-09T08:54:28.564192
Running tools/iree-benchmark-module --module=/home/dima/sched_vmfb/glpdepth_scalar/module_main_graph$async_dispatch_4_embedded_elf_riscv_64_benchmark.vmfb --device=local-task --function=main_graph$async_dispatch_4_embedded_elf_riscv_64_main_graph$async_dispatch_4_conv_32x7x7x32x8x8_f32 --input=1xi32=1 --task_topology_cpu_ids=0,1,2,3 --benchmark_repetitions=10
2026-01-09T08:54:28+08:00
Running tools/iree-benchmark-module
Run on (8 X 1600 MHz CPU s)
CPU Caches:
  L1 Instruction 32 KiB (x8)
  L1 Data 32 KiB (x8)
  L2 Unified 512 KiB (x2)
Load Average: 4.92, 5.03, 4.56
------------------------------------------------------------------------------------------------------------------------------------------------------------------------------------------------
Benchmark                                                                                                                                      Time             CPU   Iterations UserCounters...
------------------------------------------------------------------------------------------------------------------------------------------------------------------------------------------------
BM_main_graph$async_dispatch_4_embedded_elf_riscv_64_main_graph$async_dispatch_4_conv_32x7x7x32x8x8_f32/process_time/real_time              8.87 ms         30.7 ms           79 items_per_second=112.794/s
BM_main_graph$async_dispatch_4_embedded_elf_riscv_64_main_graph$async_dispatch_4_conv_32x7x7x32x8x8_f32/process_time/real_time              8.85 ms         30.8 ms           79 items_per_second=112.934/s
BM_main_graph$async_dispatch_4_embedded_elf_riscv_64_main_graph$async_dispatch_4_conv_32x7x7x32x8x8_f32/process_time/real_time              8.85 ms         30.7 ms           79 items_per_second=113.009/s
BM_main_graph$async_dispatch_4_embedded_elf_riscv_64_main_graph$async_dispatch_4_conv_32x7x7x32x8x8_f32/process_time/real_time              8.88 ms         30.7 ms           79 items_per_second=112.664/s
BM_main_graph$async_dispatch_4_embedded_elf_riscv_64_main_graph$async_dispatch_4_conv_32x7x7x32x8x8_f32/process_time/real_time              8.86 ms         30.8 ms           79 items_per_second=112.826/s
BM_main_graph$async_dispatch_4_embedded_elf_riscv_64_main_graph$async_dispatch_4_conv_32x7x7x32x8x8_f32/process_time/real_time              8.86 ms         30.7 ms           79 items_per_second=112.871/s
BM_main_graph$async_dispatch_4_embedded_elf_riscv_64_main_graph$async_dispatch_4_conv_32x7x7x32x8x8_f32/process_time/real_time              8.85 ms         30.7 ms           79 items_per_second=112.964/s
BM_main_graph$async_dispatch_4_embedded_elf_riscv_64_main_graph$async_dispatch_4_conv_32x7x7x32x8x8_f32/process_time/real_time              8.87 ms         30.8 ms           79 items_per_second=112.677/s
BM_main_graph$async_dispatch_4_embedded_elf_riscv_64_main_graph$async_dispatch_4_conv_32x7x7x32x8x8_f32/process_time/real_time              8.84 ms         30.7 ms           79 items_per_second=113.084/s
BM_main_graph$async_dispatch_4_embedded_elf_riscv_64_main_graph$async_dispatch_4_conv_32x7x7x32x8x8_f32/process_time/real_time              8.85 ms         30.7 ms           79 items_per_second=112.981/s
BM_main_graph$async_dispatch_4_embedded_elf_riscv_64_main_graph$async_dispatch_4_conv_32x7x7x32x8x8_f32/process_time/real_time_mean         8.86 ms         30.7 ms           10 items_per_second=112.88/s
BM_main_graph$async_dispatch_4_embedded_elf_riscv_64_main_graph$async_dispatch_4_conv_32x7x7x32x8x8_f32/process_time/real_time_median       8.86 ms         30.7 ms           10 items_per_second=112.903/s
BM_main_graph$async_dispatch_4_embedded_elf_riscv_64_main_graph$async_dispatch_4_conv_32x7x7x32x8x8_f32/process_time/real_time_stddev      0.011 ms        0.015 ms           10 items_per_second=0.140084/s
BM_main_graph$async_dispatch_4_embedded_elf_riscv_64_main_graph$async_dispatch_4_conv_32x7x7x32x8x8_f32/process_time/real_time_cv           0.12 %          0.05 %            10 items_per_second=0.12%
