2026-01-09T08:50:21.738729
Running tools/iree-benchmark-module --module=/home/dima/sched_vmfb/glpdepth_scalar/module_main_graph$async_dispatch_147_embedded_elf_riscv_64_benchmark.vmfb --device=local-task --function=main_graph$async_dispatch_147_embedded_elf_riscv_64_main_graph$async_dispatch_147_conv_32x56x56x64x3x3_f32 --input=1xi32=1 --task_topology_cpu_ids=0,1,2,3 --benchmark_repetitions=10
2026-01-09T08:50:21+08:00
Running tools/iree-benchmark-module
Run on (8 X 1600 MHz CPU s)
CPU Caches:
  L1 Instruction 32 KiB (x8)
  L1 Data 32 KiB (x8)
  L2 Unified 512 KiB (x2)
Load Average: 5.61, 5.07, 4.41
------------------------------------------------------------------------------------------------------------------------------------------------------------------------------------------------------
Benchmark                                                                                                                                            Time             CPU   Iterations UserCounters...
------------------------------------------------------------------------------------------------------------------------------------------------------------------------------------------------------
BM_main_graph$async_dispatch_147_embedded_elf_riscv_64_main_graph$async_dispatch_147_conv_32x56x56x64x3x3_f32/process_time/real_time               105 ms          418 ms            6 items_per_second=9.50764/s
BM_main_graph$async_dispatch_147_embedded_elf_riscv_64_main_graph$async_dispatch_147_conv_32x56x56x64x3x3_f32/process_time/real_time               105 ms          418 ms            6 items_per_second=9.51989/s
BM_main_graph$async_dispatch_147_embedded_elf_riscv_64_main_graph$async_dispatch_147_conv_32x56x56x64x3x3_f32/process_time/real_time               105 ms          418 ms            6 items_per_second=9.51/s
BM_main_graph$async_dispatch_147_embedded_elf_riscv_64_main_graph$async_dispatch_147_conv_32x56x56x64x3x3_f32/process_time/real_time               106 ms          418 ms            6 items_per_second=9.46852/s
BM_main_graph$async_dispatch_147_embedded_elf_riscv_64_main_graph$async_dispatch_147_conv_32x56x56x64x3x3_f32/process_time/real_time               105 ms          418 ms            6 items_per_second=9.47924/s
BM_main_graph$async_dispatch_147_embedded_elf_riscv_64_main_graph$async_dispatch_147_conv_32x56x56x64x3x3_f32/process_time/real_time               105 ms          418 ms            6 items_per_second=9.50868/s
BM_main_graph$async_dispatch_147_embedded_elf_riscv_64_main_graph$async_dispatch_147_conv_32x56x56x64x3x3_f32/process_time/real_time               106 ms          418 ms            6 items_per_second=9.47056/s
BM_main_graph$async_dispatch_147_embedded_elf_riscv_64_main_graph$async_dispatch_147_conv_32x56x56x64x3x3_f32/process_time/real_time               105 ms          418 ms            6 items_per_second=9.51616/s
BM_main_graph$async_dispatch_147_embedded_elf_riscv_64_main_graph$async_dispatch_147_conv_32x56x56x64x3x3_f32/process_time/real_time               105 ms          418 ms            6 items_per_second=9.52497/s
BM_main_graph$async_dispatch_147_embedded_elf_riscv_64_main_graph$async_dispatch_147_conv_32x56x56x64x3x3_f32/process_time/real_time               106 ms          418 ms            6 items_per_second=9.47542/s
BM_main_graph$async_dispatch_147_embedded_elf_riscv_64_main_graph$async_dispatch_147_conv_32x56x56x64x3x3_f32/process_time/real_time_mean          105 ms          418 ms           10 items_per_second=9.49811/s
BM_main_graph$async_dispatch_147_embedded_elf_riscv_64_main_graph$async_dispatch_147_conv_32x56x56x64x3x3_f32/process_time/real_time_median        105 ms          418 ms           10 items_per_second=9.50816/s
BM_main_graph$async_dispatch_147_embedded_elf_riscv_64_main_graph$async_dispatch_147_conv_32x56x56x64x3x3_f32/process_time/real_time_stddev      0.244 ms        0.270 ms           10 items_per_second=0.0220378/s
BM_main_graph$async_dispatch_147_embedded_elf_riscv_64_main_graph$async_dispatch_147_conv_32x56x56x64x3x3_f32/process_time/real_time_cv           0.23 %          0.06 %            10 items_per_second=0.23%
