2026-01-09T08:45:42.509710
Running tools/iree-benchmark-module --module=/home/dima/sched_vmfb/glpdepth_scalar/module_main_graph$async_dispatch_100_embedded_elf_riscv_64_benchmark.vmfb --device=local-task --function=main_graph$async_dispatch_100_embedded_elf_riscv_64_main_graph$async_dispatch_100_conv_256x7x7x160x3x3_f32 --input=1xi32=1 --task_topology_cpu_ids=0,1,2,3 --benchmark_repetitions=10
2026-01-09T08:45:42+08:00
Running tools/iree-benchmark-module
Run on (8 X 1600 MHz CPU s)
CPU Caches:
  L1 Instruction 32 KiB (x8)
  L1 Data 32 KiB (x8)
  L2 Unified 512 KiB (x2)
Load Average: 4.46, 4.45, 4.05
------------------------------------------------------------------------------------------------------------------------------------------------------------------------------------------------------
Benchmark                                                                                                                                            Time             CPU   Iterations UserCounters...
------------------------------------------------------------------------------------------------------------------------------------------------------------------------------------------------------
BM_main_graph$async_dispatch_100_embedded_elf_riscv_64_main_graph$async_dispatch_100_conv_256x7x7x160x3x3_f32/process_time/real_time              36.3 ms          125 ms           20 items_per_second=27.5189/s
BM_main_graph$async_dispatch_100_embedded_elf_riscv_64_main_graph$async_dispatch_100_conv_256x7x7x160x3x3_f32/process_time/real_time              35.9 ms          125 ms           20 items_per_second=27.8756/s
BM_main_graph$async_dispatch_100_embedded_elf_riscv_64_main_graph$async_dispatch_100_conv_256x7x7x160x3x3_f32/process_time/real_time              35.9 ms          125 ms           20 items_per_second=27.8883/s
BM_main_graph$async_dispatch_100_embedded_elf_riscv_64_main_graph$async_dispatch_100_conv_256x7x7x160x3x3_f32/process_time/real_time              36.2 ms          125 ms           20 items_per_second=27.6423/s
BM_main_graph$async_dispatch_100_embedded_elf_riscv_64_main_graph$async_dispatch_100_conv_256x7x7x160x3x3_f32/process_time/real_time              35.8 ms          125 ms           20 items_per_second=27.94/s
BM_main_graph$async_dispatch_100_embedded_elf_riscv_64_main_graph$async_dispatch_100_conv_256x7x7x160x3x3_f32/process_time/real_time              35.9 ms          125 ms           20 items_per_second=27.8889/s
BM_main_graph$async_dispatch_100_embedded_elf_riscv_64_main_graph$async_dispatch_100_conv_256x7x7x160x3x3_f32/process_time/real_time              36.1 ms          125 ms           20 items_per_second=27.6774/s
BM_main_graph$async_dispatch_100_embedded_elf_riscv_64_main_graph$async_dispatch_100_conv_256x7x7x160x3x3_f32/process_time/real_time              35.9 ms          125 ms           20 items_per_second=27.8759/s
BM_main_graph$async_dispatch_100_embedded_elf_riscv_64_main_graph$async_dispatch_100_conv_256x7x7x160x3x3_f32/process_time/real_time              35.9 ms          125 ms           20 items_per_second=27.8694/s
BM_main_graph$async_dispatch_100_embedded_elf_riscv_64_main_graph$async_dispatch_100_conv_256x7x7x160x3x3_f32/process_time/real_time              36.0 ms          125 ms           20 items_per_second=27.7915/s
BM_main_graph$async_dispatch_100_embedded_elf_riscv_64_main_graph$async_dispatch_100_conv_256x7x7x160x3x3_f32/process_time/real_time_mean         36.0 ms          125 ms           10 items_per_second=27.7968/s
BM_main_graph$async_dispatch_100_embedded_elf_riscv_64_main_graph$async_dispatch_100_conv_256x7x7x160x3x3_f32/process_time/real_time_median       35.9 ms          125 ms           10 items_per_second=27.8725/s
BM_main_graph$async_dispatch_100_embedded_elf_riscv_64_main_graph$async_dispatch_100_conv_256x7x7x160x3x3_f32/process_time/real_time_stddev      0.179 ms        0.099 ms           10 items_per_second=0.137629/s
BM_main_graph$async_dispatch_100_embedded_elf_riscv_64_main_graph$async_dispatch_100_conv_256x7x7x160x3x3_f32/process_time/real_time_cv           0.50 %          0.08 %            10 items_per_second=0.50%
