2026-01-09T08:54:20.964350
Running tools/iree-benchmark-module --module=/home/dima/sched_vmfb/glpdepth_scalar/module_main_graph$async_dispatch_49_embedded_elf_riscv_64_benchmark.vmfb --device=local-task --function=main_graph$async_dispatch_49_embedded_elf_riscv_64_main_graph$async_dispatch_49_matmul_like_784x64x256_f32 --input=1xi32=1 --task_topology_cpu_ids=0,1,2,3 --benchmark_repetitions=10
2026-01-09T08:54:20+08:00
Running tools/iree-benchmark-module
Run on (8 X 1600 MHz CPU s)
CPU Caches:
  L1 Instruction 32 KiB (x8)
  L1 Data 32 KiB (x8)
  L2 Unified 512 KiB (x2)
Load Average: 4.90, 5.03, 4.56
------------------------------------------------------------------------------------------------------------------------------------------------------------------------------------------------------
Benchmark                                                                                                                                            Time             CPU   Iterations UserCounters...
------------------------------------------------------------------------------------------------------------------------------------------------------------------------------------------------------
BM_main_graph$async_dispatch_49_embedded_elf_riscv_64_main_graph$async_dispatch_49_matmul_like_784x64x256_f32/process_time/real_time              4.94 ms         17.3 ms          142 items_per_second=202.276/s
BM_main_graph$async_dispatch_49_embedded_elf_riscv_64_main_graph$async_dispatch_49_matmul_like_784x64x256_f32/process_time/real_time              4.93 ms         17.3 ms          142 items_per_second=202.755/s
BM_main_graph$async_dispatch_49_embedded_elf_riscv_64_main_graph$async_dispatch_49_matmul_like_784x64x256_f32/process_time/real_time              4.93 ms         17.3 ms          142 items_per_second=202.83/s
BM_main_graph$async_dispatch_49_embedded_elf_riscv_64_main_graph$async_dispatch_49_matmul_like_784x64x256_f32/process_time/real_time              4.93 ms         17.3 ms          142 items_per_second=202.654/s
BM_main_graph$async_dispatch_49_embedded_elf_riscv_64_main_graph$async_dispatch_49_matmul_like_784x64x256_f32/process_time/real_time              4.93 ms         17.3 ms          142 items_per_second=202.636/s
BM_main_graph$async_dispatch_49_embedded_elf_riscv_64_main_graph$async_dispatch_49_matmul_like_784x64x256_f32/process_time/real_time              4.94 ms         17.3 ms          142 items_per_second=202.263/s
BM_main_graph$async_dispatch_49_embedded_elf_riscv_64_main_graph$async_dispatch_49_matmul_like_784x64x256_f32/process_time/real_time              4.93 ms         17.3 ms          142 items_per_second=202.716/s
BM_main_graph$async_dispatch_49_embedded_elf_riscv_64_main_graph$async_dispatch_49_matmul_like_784x64x256_f32/process_time/real_time              4.94 ms         17.3 ms          142 items_per_second=202.55/s
BM_main_graph$async_dispatch_49_embedded_elf_riscv_64_main_graph$async_dispatch_49_matmul_like_784x64x256_f32/process_time/real_time              4.98 ms         17.3 ms          142 items_per_second=200.845/s
BM_main_graph$async_dispatch_49_embedded_elf_riscv_64_main_graph$async_dispatch_49_matmul_like_784x64x256_f32/process_time/real_time              4.94 ms         17.3 ms          142 items_per_second=202.313/s
BM_main_graph$async_dispatch_49_embedded_elf_riscv_64_main_graph$async_dispatch_49_matmul_like_784x64x256_f32/process_time/real_time_mean         4.94 ms         17.3 ms           10 items_per_second=202.384/s
BM_main_graph$async_dispatch_49_embedded_elf_riscv_64_main_graph$async_dispatch_49_matmul_like_784x64x256_f32/process_time/real_time_median       4.94 ms         17.3 ms           10 items_per_second=202.593/s
BM_main_graph$async_dispatch_49_embedded_elf_riscv_64_main_graph$async_dispatch_49_matmul_like_784x64x256_f32/process_time/real_time_stddev      0.014 ms        0.010 ms           10 items_per_second=0.578539/s
BM_main_graph$async_dispatch_49_embedded_elf_riscv_64_main_graph$async_dispatch_49_matmul_like_784x64x256_f32/process_time/real_time_cv           0.29 %          0.06 %            10 items_per_second=0.29%
