2026-01-09T08:47:24.893858
Running tools/iree-benchmark-module --module=/home/dima/sched_vmfb/glpdepth_scalar/module_main_graph$async_dispatch_113_embedded_elf_riscv_64_benchmark.vmfb --device=local-task --function=main_graph$async_dispatch_113_embedded_elf_riscv_64_main_graph$async_dispatch_113_matmul_like_49x256x1024_f32 --input=1xi32=1 --task_topology_cpu_ids=0,1,2,3 --benchmark_repetitions=10
2026-01-09T08:47:24+08:00
Running tools/iree-benchmark-module
Run on (8 X 1600 MHz CPU s)
CPU Caches:
  L1 Instruction 32 KiB (x8)
  L1 Data 32 KiB (x8)
  L2 Unified 512 KiB (x2)
Load Average: 4.96, 4.63, 4.16
---------------------------------------------------------------------------------------------------------------------------------------------------------------------------------------------------------
Benchmark                                                                                                                                               Time             CPU   Iterations UserCounters...
---------------------------------------------------------------------------------------------------------------------------------------------------------------------------------------------------------
BM_main_graph$async_dispatch_113_embedded_elf_riscv_64_main_graph$async_dispatch_113_matmul_like_49x256x1024_f32/process_time/real_time              4.46 ms         17.4 ms          157 items_per_second=224.365/s
BM_main_graph$async_dispatch_113_embedded_elf_riscv_64_main_graph$async_dispatch_113_matmul_like_49x256x1024_f32/process_time/real_time              4.46 ms         17.5 ms          157 items_per_second=224.034/s
BM_main_graph$async_dispatch_113_embedded_elf_riscv_64_main_graph$async_dispatch_113_matmul_like_49x256x1024_f32/process_time/real_time              4.46 ms         17.5 ms          157 items_per_second=224.338/s
BM_main_graph$async_dispatch_113_embedded_elf_riscv_64_main_graph$async_dispatch_113_matmul_like_49x256x1024_f32/process_time/real_time              4.46 ms         17.4 ms          157 items_per_second=224.323/s
BM_main_graph$async_dispatch_113_embedded_elf_riscv_64_main_graph$async_dispatch_113_matmul_like_49x256x1024_f32/process_time/real_time              4.47 ms         17.5 ms          157 items_per_second=223.633/s
BM_main_graph$async_dispatch_113_embedded_elf_riscv_64_main_graph$async_dispatch_113_matmul_like_49x256x1024_f32/process_time/real_time              4.45 ms         17.4 ms          157 items_per_second=224.736/s
BM_main_graph$async_dispatch_113_embedded_elf_riscv_64_main_graph$async_dispatch_113_matmul_like_49x256x1024_f32/process_time/real_time              4.45 ms         17.4 ms          157 items_per_second=224.626/s
BM_main_graph$async_dispatch_113_embedded_elf_riscv_64_main_graph$async_dispatch_113_matmul_like_49x256x1024_f32/process_time/real_time              4.47 ms         17.5 ms          157 items_per_second=223.582/s
BM_main_graph$async_dispatch_113_embedded_elf_riscv_64_main_graph$async_dispatch_113_matmul_like_49x256x1024_f32/process_time/real_time              4.45 ms         17.4 ms          157 items_per_second=224.766/s
BM_main_graph$async_dispatch_113_embedded_elf_riscv_64_main_graph$async_dispatch_113_matmul_like_49x256x1024_f32/process_time/real_time              4.45 ms         17.4 ms          157 items_per_second=224.536/s
BM_main_graph$async_dispatch_113_embedded_elf_riscv_64_main_graph$async_dispatch_113_matmul_like_49x256x1024_f32/process_time/real_time_mean         4.46 ms         17.4 ms           10 items_per_second=224.294/s
BM_main_graph$async_dispatch_113_embedded_elf_riscv_64_main_graph$async_dispatch_113_matmul_like_49x256x1024_f32/process_time/real_time_median       4.46 ms         17.4 ms           10 items_per_second=224.351/s
BM_main_graph$async_dispatch_113_embedded_elf_riscv_64_main_graph$async_dispatch_113_matmul_like_49x256x1024_f32/process_time/real_time_stddev      0.008 ms        0.012 ms           10 items_per_second=0.422345/s
BM_main_graph$async_dispatch_113_embedded_elf_riscv_64_main_graph$async_dispatch_113_matmul_like_49x256x1024_f32/process_time/real_time_cv           0.19 %          0.07 %            10 items_per_second=0.19%
