2026-01-09T09:34:11.079527
Running tools/iree-benchmark-module --module=/home/dima/sched_vmfb/dronet_ukernel/dispatch_1.vmfb --device=local-task --function=main_graph$async_dispatch_1_system_elf_riscv_64_main_graph$async_dispatch_1_conv_32x56x56x3x3x3_f32 --input=1xi32=1 --task_topology_cpu_ids=0,1 --benchmark_repetitions=10
2026-01-09T09:34:11+08:00
Running tools/iree-benchmark-module
Run on (8 X 1600 MHz CPU s)
CPU Caches:
  L1 Instruction 32 KiB (x8)
  L1 Data 32 KiB (x8)
  L2 Unified 512 KiB (x2)
Load Average: 3.14, 2.55, 2.48
-----------------------------------------------------------------------------------------------------------------------------------------------------------------------------------------------
Benchmark                                                                                                                                     Time             CPU   Iterations UserCounters...
-----------------------------------------------------------------------------------------------------------------------------------------------------------------------------------------------
BM_main_graph$async_dispatch_1_system_elf_riscv_64_main_graph$async_dispatch_1_conv_32x56x56x3x3x3_f32/process_time/real_time              8.21 ms         16.2 ms           85 items_per_second=121.747/s
BM_main_graph$async_dispatch_1_system_elf_riscv_64_main_graph$async_dispatch_1_conv_32x56x56x3x3x3_f32/process_time/real_time              8.25 ms         16.2 ms           85 items_per_second=121.158/s
BM_main_graph$async_dispatch_1_system_elf_riscv_64_main_graph$async_dispatch_1_conv_32x56x56x3x3x3_f32/process_time/real_time              8.24 ms         16.2 ms           85 items_per_second=121.387/s
BM_main_graph$async_dispatch_1_system_elf_riscv_64_main_graph$async_dispatch_1_conv_32x56x56x3x3x3_f32/process_time/real_time              8.23 ms         16.2 ms           85 items_per_second=121.568/s
BM_main_graph$async_dispatch_1_system_elf_riscv_64_main_graph$async_dispatch_1_conv_32x56x56x3x3x3_f32/process_time/real_time              8.24 ms         16.2 ms           85 items_per_second=121.315/s
BM_main_graph$async_dispatch_1_system_elf_riscv_64_main_graph$async_dispatch_1_conv_32x56x56x3x3x3_f32/process_time/real_time              8.26 ms         16.2 ms           85 items_per_second=121.027/s
BM_main_graph$async_dispatch_1_system_elf_riscv_64_main_graph$async_dispatch_1_conv_32x56x56x3x3x3_f32/process_time/real_time              8.20 ms         16.2 ms           85 items_per_second=121.902/s
BM_main_graph$async_dispatch_1_system_elf_riscv_64_main_graph$async_dispatch_1_conv_32x56x56x3x3x3_f32/process_time/real_time              8.26 ms         16.2 ms           85 items_per_second=121.074/s
BM_main_graph$async_dispatch_1_system_elf_riscv_64_main_graph$async_dispatch_1_conv_32x56x56x3x3x3_f32/process_time/real_time              8.26 ms         16.2 ms           85 items_per_second=121.078/s
BM_main_graph$async_dispatch_1_system_elf_riscv_64_main_graph$async_dispatch_1_conv_32x56x56x3x3x3_f32/process_time/real_time              8.23 ms         16.2 ms           85 items_per_second=121.56/s
BM_main_graph$async_dispatch_1_system_elf_riscv_64_main_graph$async_dispatch_1_conv_32x56x56x3x3x3_f32/process_time/real_time_mean         8.24 ms         16.2 ms           10 items_per_second=121.382/s
BM_main_graph$async_dispatch_1_system_elf_riscv_64_main_graph$async_dispatch_1_conv_32x56x56x3x3x3_f32/process_time/real_time_median       8.24 ms         16.2 ms           10 items_per_second=121.351/s
BM_main_graph$async_dispatch_1_system_elf_riscv_64_main_graph$async_dispatch_1_conv_32x56x56x3x3x3_f32/process_time/real_time_stddev      0.021 ms        0.017 ms           10 items_per_second=0.305116/s
BM_main_graph$async_dispatch_1_system_elf_riscv_64_main_graph$async_dispatch_1_conv_32x56x56x3x3x3_f32/process_time/real_time_cv           0.25 %          0.10 %            10 items_per_second=0.25%
