2026-01-09T09:35:29.284842
Running tools/iree-benchmark-module --module=/home/dima/sched_vmfb/dronet_ukernel/dispatch_6.vmfb --device=local-task --function=main_graph$async_dispatch_6_system_elf_riscv_64_main_graph$async_dispatch_6_conv_64x7x7x32x3x3_f32 --input=1xi32=1 --task_topology_cpu_ids=0,1 --benchmark_repetitions=10
2026-01-09T09:35:29+08:00
Running tools/iree-benchmark-module
Run on (8 X 1600 MHz CPU s)
CPU Caches:
  L1 Instruction 32 KiB (x8)
  L1 Data 32 KiB (x8)
  L2 Unified 512 KiB (x2)
Load Average: 3.48, 2.80, 2.57
----------------------------------------------------------------------------------------------------------------------------------------------------------------------------------------------
Benchmark                                                                                                                                    Time             CPU   Iterations UserCounters...
----------------------------------------------------------------------------------------------------------------------------------------------------------------------------------------------
BM_main_graph$async_dispatch_6_system_elf_riscv_64_main_graph$async_dispatch_6_conv_64x7x7x32x3x3_f32/process_time/real_time              3.55 ms         6.20 ms          197 items_per_second=281.952/s
BM_main_graph$async_dispatch_6_system_elf_riscv_64_main_graph$async_dispatch_6_conv_64x7x7x32x3x3_f32/process_time/real_time              3.55 ms         6.22 ms          197 items_per_second=281.472/s
BM_main_graph$async_dispatch_6_system_elf_riscv_64_main_graph$async_dispatch_6_conv_64x7x7x32x3x3_f32/process_time/real_time              3.56 ms         6.21 ms          197 items_per_second=281.282/s
BM_main_graph$async_dispatch_6_system_elf_riscv_64_main_graph$async_dispatch_6_conv_64x7x7x32x3x3_f32/process_time/real_time              3.56 ms         6.21 ms          197 items_per_second=281.111/s
BM_main_graph$async_dispatch_6_system_elf_riscv_64_main_graph$async_dispatch_6_conv_64x7x7x32x3x3_f32/process_time/real_time              3.55 ms         6.21 ms          197 items_per_second=281.459/s
BM_main_graph$async_dispatch_6_system_elf_riscv_64_main_graph$async_dispatch_6_conv_64x7x7x32x3x3_f32/process_time/real_time              3.55 ms         6.21 ms          197 items_per_second=281.944/s
BM_main_graph$async_dispatch_6_system_elf_riscv_64_main_graph$async_dispatch_6_conv_64x7x7x32x3x3_f32/process_time/real_time              3.55 ms         6.21 ms          197 items_per_second=281.389/s
BM_main_graph$async_dispatch_6_system_elf_riscv_64_main_graph$async_dispatch_6_conv_64x7x7x32x3x3_f32/process_time/real_time              3.56 ms         6.22 ms          197 items_per_second=280.93/s
BM_main_graph$async_dispatch_6_system_elf_riscv_64_main_graph$async_dispatch_6_conv_64x7x7x32x3x3_f32/process_time/real_time              3.55 ms         6.21 ms          197 items_per_second=281.496/s
BM_main_graph$async_dispatch_6_system_elf_riscv_64_main_graph$async_dispatch_6_conv_64x7x7x32x3x3_f32/process_time/real_time              3.55 ms         6.21 ms          197 items_per_second=281.605/s
BM_main_graph$async_dispatch_6_system_elf_riscv_64_main_graph$async_dispatch_6_conv_64x7x7x32x3x3_f32/process_time/real_time_mean         3.55 ms         6.21 ms           10 items_per_second=281.464/s
BM_main_graph$async_dispatch_6_system_elf_riscv_64_main_graph$async_dispatch_6_conv_64x7x7x32x3x3_f32/process_time/real_time_median       3.55 ms         6.21 ms           10 items_per_second=281.466/s
BM_main_graph$async_dispatch_6_system_elf_riscv_64_main_graph$async_dispatch_6_conv_64x7x7x32x3x3_f32/process_time/real_time_stddev      0.004 ms        0.006 ms           10 items_per_second=0.32279/s
BM_main_graph$async_dispatch_6_system_elf_riscv_64_main_graph$async_dispatch_6_conv_64x7x7x32x3x3_f32/process_time/real_time_cv           0.11 %          0.10 %            10 items_per_second=0.11%
