2026-01-09T09:35:50.859785
Running tools/iree-benchmark-module --module=/home/dima/sched_vmfb/dronet_ukernel/dispatch_9.vmfb --device=local-task --function=main_graph$async_dispatch_9_system_elf_riscv_64_main_graph$async_dispatch_9_conv_128x4x4x64x3x3_f32 --input=1xi32=1 --task_topology_cpu_ids=0,1 --benchmark_repetitions=10
2026-01-09T09:35:50+08:00
Running tools/iree-benchmark-module
Run on (8 X 1600 MHz CPU s)
CPU Caches:
  L1 Instruction 32 KiB (x8)
  L1 Data 32 KiB (x8)
  L2 Unified 512 KiB (x2)
Load Average: 3.63, 2.87, 2.61
-----------------------------------------------------------------------------------------------------------------------------------------------------------------------------------------------
Benchmark                                                                                                                                     Time             CPU   Iterations UserCounters...
-----------------------------------------------------------------------------------------------------------------------------------------------------------------------------------------------
BM_main_graph$async_dispatch_9_system_elf_riscv_64_main_graph$async_dispatch_9_conv_128x4x4x64x3x3_f32/process_time/real_time              4.12 ms         8.12 ms          169 items_per_second=242.594/s
BM_main_graph$async_dispatch_9_system_elf_riscv_64_main_graph$async_dispatch_9_conv_128x4x4x64x3x3_f32/process_time/real_time              4.12 ms         8.13 ms          169 items_per_second=242.456/s
BM_main_graph$async_dispatch_9_system_elf_riscv_64_main_graph$async_dispatch_9_conv_128x4x4x64x3x3_f32/process_time/real_time              4.14 ms         8.15 ms          169 items_per_second=241.385/s
BM_main_graph$async_dispatch_9_system_elf_riscv_64_main_graph$async_dispatch_9_conv_128x4x4x64x3x3_f32/process_time/real_time              4.13 ms         8.13 ms          169 items_per_second=242.346/s
BM_main_graph$async_dispatch_9_system_elf_riscv_64_main_graph$async_dispatch_9_conv_128x4x4x64x3x3_f32/process_time/real_time              4.12 ms         8.12 ms          169 items_per_second=242.815/s
BM_main_graph$async_dispatch_9_system_elf_riscv_64_main_graph$async_dispatch_9_conv_128x4x4x64x3x3_f32/process_time/real_time              4.15 ms         8.15 ms          169 items_per_second=240.978/s
BM_main_graph$async_dispatch_9_system_elf_riscv_64_main_graph$async_dispatch_9_conv_128x4x4x64x3x3_f32/process_time/real_time              4.13 ms         8.13 ms          169 items_per_second=242.178/s
BM_main_graph$async_dispatch_9_system_elf_riscv_64_main_graph$async_dispatch_9_conv_128x4x4x64x3x3_f32/process_time/real_time              4.13 ms         8.13 ms          169 items_per_second=242.268/s
BM_main_graph$async_dispatch_9_system_elf_riscv_64_main_graph$async_dispatch_9_conv_128x4x4x64x3x3_f32/process_time/real_time              4.14 ms         8.14 ms          169 items_per_second=241.364/s
BM_main_graph$async_dispatch_9_system_elf_riscv_64_main_graph$async_dispatch_9_conv_128x4x4x64x3x3_f32/process_time/real_time              4.13 ms         8.13 ms          169 items_per_second=242.365/s
BM_main_graph$async_dispatch_9_system_elf_riscv_64_main_graph$async_dispatch_9_conv_128x4x4x64x3x3_f32/process_time/real_time_mean         4.13 ms         8.13 ms           10 items_per_second=242.075/s
BM_main_graph$async_dispatch_9_system_elf_riscv_64_main_graph$async_dispatch_9_conv_128x4x4x64x3x3_f32/process_time/real_time_median       4.13 ms         8.13 ms           10 items_per_second=242.307/s
BM_main_graph$async_dispatch_9_system_elf_riscv_64_main_graph$async_dispatch_9_conv_128x4x4x64x3x3_f32/process_time/real_time_stddev      0.010 ms        0.010 ms           10 items_per_second=0.610464/s
BM_main_graph$async_dispatch_9_system_elf_riscv_64_main_graph$async_dispatch_9_conv_128x4x4x64x3x3_f32/process_time/real_time_cv           0.25 %          0.12 %            10 items_per_second=0.25%
