2026-01-09T13:28:09.461105
Running tools/iree-benchmark-module --module=/home/dima/sched_vmfb/dronet_ukernel/module_main_graph$async_dispatch_7_embedded_elf_riscv_64_benchmark.vmfb --device=local-task --function=main_graph$async_dispatch_7_embedded_elf_riscv_64_main_graph$async_dispatch_7_matmul_like_64x7x7x32_f32 --input=1xi32=1 --task_topology_cpu_ids=0,1 --benchmark_repetitions=10
2026-01-09T13:28:09+08:00
Running tools/iree-benchmark-module
Run on (8 X 1600 MHz CPU s)
CPU Caches:
  L1 Instruction 32 KiB (x8)
  L1 Data 32 KiB (x8)
  L2 Unified 512 KiB (x2)
Load Average: 3.67, 2.81, 2.43
---------------------------------------------------------------------------------------------------------------------------------------------------------------------------------------------------
Benchmark                                                                                                                                         Time             CPU   Iterations UserCounters...
---------------------------------------------------------------------------------------------------------------------------------------------------------------------------------------------------
BM_main_graph$async_dispatch_7_embedded_elf_riscv_64_main_graph$async_dispatch_7_matmul_like_64x7x7x32_f32/process_time/real_time             0.678 ms         1.28 ms         1026 items_per_second=1.47566k/s
BM_main_graph$async_dispatch_7_embedded_elf_riscv_64_main_graph$async_dispatch_7_matmul_like_64x7x7x32_f32/process_time/real_time             0.679 ms         1.28 ms         1026 items_per_second=1.47242k/s
BM_main_graph$async_dispatch_7_embedded_elf_riscv_64_main_graph$async_dispatch_7_matmul_like_64x7x7x32_f32/process_time/real_time             0.680 ms         1.28 ms         1026 items_per_second=1.47061k/s
BM_main_graph$async_dispatch_7_embedded_elf_riscv_64_main_graph$async_dispatch_7_matmul_like_64x7x7x32_f32/process_time/real_time             0.677 ms         1.28 ms         1026 items_per_second=1.47606k/s
BM_main_graph$async_dispatch_7_embedded_elf_riscv_64_main_graph$async_dispatch_7_matmul_like_64x7x7x32_f32/process_time/real_time             0.679 ms         1.28 ms         1026 items_per_second=1.47287k/s
BM_main_graph$async_dispatch_7_embedded_elf_riscv_64_main_graph$async_dispatch_7_matmul_like_64x7x7x32_f32/process_time/real_time             0.677 ms         1.28 ms         1026 items_per_second=1.4769k/s
BM_main_graph$async_dispatch_7_embedded_elf_riscv_64_main_graph$async_dispatch_7_matmul_like_64x7x7x32_f32/process_time/real_time             0.678 ms         1.28 ms         1026 items_per_second=1.47587k/s
BM_main_graph$async_dispatch_7_embedded_elf_riscv_64_main_graph$async_dispatch_7_matmul_like_64x7x7x32_f32/process_time/real_time             0.680 ms         1.28 ms         1026 items_per_second=1.47167k/s
BM_main_graph$async_dispatch_7_embedded_elf_riscv_64_main_graph$async_dispatch_7_matmul_like_64x7x7x32_f32/process_time/real_time             0.672 ms         1.28 ms         1026 items_per_second=1.48767k/s
BM_main_graph$async_dispatch_7_embedded_elf_riscv_64_main_graph$async_dispatch_7_matmul_like_64x7x7x32_f32/process_time/real_time             0.669 ms         1.28 ms         1026 items_per_second=1.49449k/s
BM_main_graph$async_dispatch_7_embedded_elf_riscv_64_main_graph$async_dispatch_7_matmul_like_64x7x7x32_f32/process_time/real_time_mean        0.677 ms         1.28 ms           10 items_per_second=1.47742k/s
BM_main_graph$async_dispatch_7_embedded_elf_riscv_64_main_graph$async_dispatch_7_matmul_like_64x7x7x32_f32/process_time/real_time_median      0.678 ms         1.28 ms           10 items_per_second=1.47577k/s
BM_main_graph$async_dispatch_7_embedded_elf_riscv_64_main_graph$async_dispatch_7_matmul_like_64x7x7x32_f32/process_time/real_time_stddev      0.003 ms        0.001 ms           10 items_per_second=7.66839/s
BM_main_graph$async_dispatch_7_embedded_elf_riscv_64_main_graph$async_dispatch_7_matmul_like_64x7x7x32_f32/process_time/real_time_cv           0.52 %          0.10 %            10 items_per_second=0.52%
