2026-01-09T13:28:16.547146
Running tools/iree-benchmark-module --module=/home/dima/sched_vmfb/dronet_ukernel/module_main_graph$async_dispatch_8_embedded_elf_riscv_64_benchmark.vmfb --device=local-task --function=main_graph$async_dispatch_8_embedded_elf_riscv_64_main_graph$async_dispatch_8_conv_64x7x7x64x3x3_f32 --input=1xi32=1 --task_topology_cpu_ids=0,1 --benchmark_repetitions=10
2026-01-09T13:28:16+08:00
Running tools/iree-benchmark-module
Run on (8 X 1600 MHz CPU s)
CPU Caches:
  L1 Instruction 32 KiB (x8)
  L1 Data 32 KiB (x8)
  L2 Unified 512 KiB (x2)
Load Average: 3.70, 2.83, 2.44
------------------------------------------------------------------------------------------------------------------------------------------------------------------------------------------------
Benchmark                                                                                                                                      Time             CPU   Iterations UserCounters...
------------------------------------------------------------------------------------------------------------------------------------------------------------------------------------------------
BM_main_graph$async_dispatch_8_embedded_elf_riscv_64_main_graph$async_dispatch_8_conv_64x7x7x64x3x3_f32/process_time/real_time              6.05 ms         10.6 ms          115 items_per_second=165.266/s
BM_main_graph$async_dispatch_8_embedded_elf_riscv_64_main_graph$async_dispatch_8_conv_64x7x7x64x3x3_f32/process_time/real_time              6.06 ms         10.6 ms          115 items_per_second=165.042/s
BM_main_graph$async_dispatch_8_embedded_elf_riscv_64_main_graph$async_dispatch_8_conv_64x7x7x64x3x3_f32/process_time/real_time              6.06 ms         10.6 ms          115 items_per_second=165.002/s
BM_main_graph$async_dispatch_8_embedded_elf_riscv_64_main_graph$async_dispatch_8_conv_64x7x7x64x3x3_f32/process_time/real_time              6.05 ms         10.6 ms          115 items_per_second=165.217/s
BM_main_graph$async_dispatch_8_embedded_elf_riscv_64_main_graph$async_dispatch_8_conv_64x7x7x64x3x3_f32/process_time/real_time              6.06 ms         10.6 ms          115 items_per_second=165.078/s
BM_main_graph$async_dispatch_8_embedded_elf_riscv_64_main_graph$async_dispatch_8_conv_64x7x7x64x3x3_f32/process_time/real_time              6.06 ms         10.6 ms          115 items_per_second=165.12/s
BM_main_graph$async_dispatch_8_embedded_elf_riscv_64_main_graph$async_dispatch_8_conv_64x7x7x64x3x3_f32/process_time/real_time              6.05 ms         10.6 ms          115 items_per_second=165.263/s
BM_main_graph$async_dispatch_8_embedded_elf_riscv_64_main_graph$async_dispatch_8_conv_64x7x7x64x3x3_f32/process_time/real_time              6.05 ms         10.6 ms          115 items_per_second=165.194/s
BM_main_graph$async_dispatch_8_embedded_elf_riscv_64_main_graph$async_dispatch_8_conv_64x7x7x64x3x3_f32/process_time/real_time              6.06 ms         10.6 ms          115 items_per_second=165.127/s
BM_main_graph$async_dispatch_8_embedded_elf_riscv_64_main_graph$async_dispatch_8_conv_64x7x7x64x3x3_f32/process_time/real_time              6.05 ms         10.6 ms          115 items_per_second=165.33/s
BM_main_graph$async_dispatch_8_embedded_elf_riscv_64_main_graph$async_dispatch_8_conv_64x7x7x64x3x3_f32/process_time/real_time_mean         6.05 ms         10.6 ms           10 items_per_second=165.164/s
BM_main_graph$async_dispatch_8_embedded_elf_riscv_64_main_graph$async_dispatch_8_conv_64x7x7x64x3x3_f32/process_time/real_time_median       6.05 ms         10.6 ms           10 items_per_second=165.16/s
BM_main_graph$async_dispatch_8_embedded_elf_riscv_64_main_graph$async_dispatch_8_conv_64x7x7x64x3x3_f32/process_time/real_time_stddev      0.004 ms        0.010 ms           10 items_per_second=0.107276/s
BM_main_graph$async_dispatch_8_embedded_elf_riscv_64_main_graph$async_dispatch_8_conv_64x7x7x64x3x3_f32/process_time/real_time_cv           0.06 %          0.10 %            10 items_per_second=0.06%
