2026-01-09T13:28:23.602865
Running tools/iree-benchmark-module --module=/home/dima/sched_vmfb/dronet_ukernel/module_main_graph$async_dispatch_9_embedded_elf_riscv_64_benchmark.vmfb --device=local-task --function=main_graph$async_dispatch_9_embedded_elf_riscv_64_main_graph$async_dispatch_9_conv_128x4x4x64x3x3_f32 --input=1xi32=1 --task_topology_cpu_ids=0,1 --benchmark_repetitions=10
2026-01-09T13:28:23+08:00
Running tools/iree-benchmark-module
Run on (8 X 1600 MHz CPU s)
CPU Caches:
  L1 Instruction 32 KiB (x8)
  L1 Data 32 KiB (x8)
  L2 Unified 512 KiB (x2)
Load Average: 3.72, 2.85, 2.44
-------------------------------------------------------------------------------------------------------------------------------------------------------------------------------------------------
Benchmark                                                                                                                                       Time             CPU   Iterations UserCounters...
-------------------------------------------------------------------------------------------------------------------------------------------------------------------------------------------------
BM_main_graph$async_dispatch_9_embedded_elf_riscv_64_main_graph$async_dispatch_9_conv_128x4x4x64x3x3_f32/process_time/real_time              4.13 ms         8.13 ms          170 items_per_second=242.221/s
BM_main_graph$async_dispatch_9_embedded_elf_riscv_64_main_graph$async_dispatch_9_conv_128x4x4x64x3x3_f32/process_time/real_time              4.11 ms         8.11 ms          170 items_per_second=243.115/s
BM_main_graph$async_dispatch_9_embedded_elf_riscv_64_main_graph$async_dispatch_9_conv_128x4x4x64x3x3_f32/process_time/real_time              4.12 ms         8.12 ms          170 items_per_second=242.692/s
BM_main_graph$async_dispatch_9_embedded_elf_riscv_64_main_graph$async_dispatch_9_conv_128x4x4x64x3x3_f32/process_time/real_time              4.13 ms         8.14 ms          170 items_per_second=241.949/s
BM_main_graph$async_dispatch_9_embedded_elf_riscv_64_main_graph$async_dispatch_9_conv_128x4x4x64x3x3_f32/process_time/real_time              4.12 ms         8.12 ms          170 items_per_second=242.997/s
BM_main_graph$async_dispatch_9_embedded_elf_riscv_64_main_graph$async_dispatch_9_conv_128x4x4x64x3x3_f32/process_time/real_time              4.12 ms         8.12 ms          170 items_per_second=242.74/s
BM_main_graph$async_dispatch_9_embedded_elf_riscv_64_main_graph$async_dispatch_9_conv_128x4x4x64x3x3_f32/process_time/real_time              4.13 ms         8.14 ms          170 items_per_second=241.92/s
BM_main_graph$async_dispatch_9_embedded_elf_riscv_64_main_graph$async_dispatch_9_conv_128x4x4x64x3x3_f32/process_time/real_time              4.12 ms         8.12 ms          170 items_per_second=242.995/s
BM_main_graph$async_dispatch_9_embedded_elf_riscv_64_main_graph$async_dispatch_9_conv_128x4x4x64x3x3_f32/process_time/real_time              4.12 ms         8.12 ms          170 items_per_second=242.81/s
BM_main_graph$async_dispatch_9_embedded_elf_riscv_64_main_graph$async_dispatch_9_conv_128x4x4x64x3x3_f32/process_time/real_time              4.13 ms         8.13 ms          170 items_per_second=242.301/s
BM_main_graph$async_dispatch_9_embedded_elf_riscv_64_main_graph$async_dispatch_9_conv_128x4x4x64x3x3_f32/process_time/real_time_mean         4.12 ms         8.13 ms           10 items_per_second=242.574/s
BM_main_graph$async_dispatch_9_embedded_elf_riscv_64_main_graph$async_dispatch_9_conv_128x4x4x64x3x3_f32/process_time/real_time_median       4.12 ms         8.12 ms           10 items_per_second=242.716/s
BM_main_graph$async_dispatch_9_embedded_elf_riscv_64_main_graph$async_dispatch_9_conv_128x4x4x64x3x3_f32/process_time/real_time_stddev      0.008 ms        0.009 ms           10 items_per_second=0.442642/s
BM_main_graph$async_dispatch_9_embedded_elf_riscv_64_main_graph$async_dispatch_9_conv_128x4x4x64x3x3_f32/process_time/real_time_cv           0.18 %          0.12 %            10 items_per_second=0.18%
