config          data/toplevel/freshness_canon_300ms.json
epoch           300.0 ms
A0 (uncontended input-age ceiling)  60.546 ms
  closed-form supremum              68.519 ms
  distinct uncontended ages         [20.55, 30.55, 40.55, 50.55, 60.55]
  producer dronet T=50.0 L=17.973 ms on gemmini
  consumer mlp_control T=10.0 L=0.546 ms
phi             ['A0+5=65.5', 'A0+10=70.5', 'A0+20=80.5', 'A0+30=90.5', 'A0+50=110.5']
bursts          [0, 1, 2, 3, 4]
policies        ['cand_c2_defer12_admit1']
seeds           [0]

  cand_c2_defer12_admit1 B=0 seed=0 makespan=  290.5ms  deadline=1.000 soft=0/0 (6.7s)
  cand_c2_defer12_admit1 B=1 seed=0 makespan=  290.5ms  deadline=1.000 soft=1/1 (13.0s)
  cand_c2_defer12_admit1 B=2 seed=0 makespan=  290.5ms  deadline=1.000 soft=1/2 (14.0s)
  cand_c2_defer12_admit1 B=3 seed=0 makespan=  290.5ms  deadline=1.000 soft=1/3 (13.5s)
  cand_c2_defer12_admit1 B=4 seed=0 makespan=  290.5ms  deadline=1.000 soft=1/4 (13.8s)

================================================================================================
A0 = 60.546 ms   (uncontended input-age ceiling)

policy                 B     phi   mkspn   dl_ok  fresh_ok  out_ok  diverg  maxage  prod_dl  soft
                                        (consumer)                                  (producer)      
cand_c2_defer12_admit1  0    65.5   290.5   1.000     0.933   0.933   0.067    60.5    1.000     0
cand_c2_defer12_admit1  0    70.5   290.5   1.000     0.933   0.933   0.067    60.5    1.000     0
cand_c2_defer12_admit1  0    80.5   290.5   1.000     0.933   0.933   0.067    60.5    1.000     0
cand_c2_defer12_admit1  0    90.5   290.5   1.000     0.933   0.933   0.067    60.5    1.000     0
cand_c2_defer12_admit1  0   110.5   290.5   1.000     0.933   0.933   0.067    60.5    1.000     0
cand_c2_defer12_admit1  1    65.5   290.5   1.000     0.833   0.833   0.167    90.5    1.000     1
cand_c2_defer12_admit1  1    70.5   290.5   1.000     0.833   0.833   0.167    90.5    1.000     1
cand_c2_defer12_admit1  1    80.5   290.5   1.000     0.900   0.900   0.100    90.5    1.000     1
cand_c2_defer12_admit1  1    90.5   290.5   1.000     0.933   0.933   0.067    90.5    1.000     1
cand_c2_defer12_admit1  1   110.5   290.5   1.000     0.933   0.933   0.067    90.5    1.000     1
cand_c2_defer12_admit1  2    65.5   290.5   1.000     0.833   0.833   0.167    90.5    1.000     1
cand_c2_defer12_admit1  2    70.5   290.5   1.000     0.833   0.833   0.167    90.5    1.000     1
cand_c2_defer12_admit1  2    80.5   290.5   1.000     0.900   0.900   0.100    90.5    1.000     1
cand_c2_defer12_admit1  2    90.5   290.5   1.000     0.933   0.933   0.067    90.5    1.000     1
cand_c2_defer12_admit1  2   110.5   290.5   1.000     0.933   0.933   0.067    90.5    1.000     1
cand_c2_defer12_admit1  3    65.5   290.5   1.000     0.833   0.833   0.167    90.5    1.000     1
cand_c2_defer12_admit1  3    70.5   290.5   1.000     0.833   0.833   0.167    90.5    1.000     1
cand_c2_defer12_admit1  3    80.5   290.5   1.000     0.900   0.900   0.100    90.5    1.000     1
cand_c2_defer12_admit1  3    90.5   290.5   1.000     0.933   0.933   0.067    90.5    1.000     1
cand_c2_defer12_admit1  3   110.5   290.5   1.000     0.933   0.933   0.067    90.5    1.000     1
cand_c2_defer12_admit1  4    65.5   290.5   1.000     0.833   0.833   0.167    90.5    1.000     1
cand_c2_defer12_admit1  4    70.5   290.5   1.000     0.833   0.833   0.167    90.5    1.000     1
cand_c2_defer12_admit1  4    80.5   290.5   1.000     0.900   0.900   0.100    90.5    1.000     1
cand_c2_defer12_admit1  4    90.5   290.5   1.000     0.933   0.933   0.067    90.5    1.000     1
cand_c2_defer12_admit1  4   110.5   290.5   1.000     0.933   0.933   0.067    90.5    1.000     1
oracle                 0    65.5   290.5   1.000     0.933   0.933   0.067    60.5    1.000     0
oracle                 0    70.5   290.5   1.000     0.933   0.933   0.067    60.5    1.000     0
oracle                 0    80.5   290.5   1.000     0.933   0.933   0.067    60.5    1.000     0
oracle                 0    90.5   290.5   1.000     0.933   0.933   0.067    60.5    1.000     0
oracle                 0   110.5   290.5   1.000     0.933   0.933   0.067    60.5    1.000     0
oracle                 1    65.5   290.5   1.000     0.833   0.833   0.167    90.5    1.000     1
oracle                 1    70.5   290.5   1.000     0.833   0.833   0.167    90.5    1.000     1
oracle                 1    80.5   290.5   1.000     0.900   0.900   0.100    90.5    1.000     1
oracle                 1    90.5   290.5   1.000     0.933   0.933   0.067    90.5    1.000     1
oracle                 1   110.5   290.5   1.000     0.933   0.933   0.067    90.5    1.000     1
oracle                 2    65.5   290.5   1.000     0.833   0.833   0.167    90.5    1.000     1
oracle                 2    70.5   290.5   1.000     0.833   0.833   0.167    90.5    1.000     1
oracle                 2    80.5   290.5   1.000     0.900   0.900   0.100    90.5    1.000     1
oracle                 2    90.5   290.5   1.000     0.933   0.933   0.067    90.5    1.000     1
oracle                 2   110.5   290.5   1.000     0.933   0.933   0.067    90.5    1.000     1
oracle                 3    65.5   290.5   1.000     0.833   0.833   0.167    90.5    1.000     1
oracle                 3    70.5   290.5   1.000     0.833   0.833   0.167    90.5    1.000     1
oracle                 3    80.5   290.5   1.000     0.900   0.900   0.100    90.5    1.000     1
oracle                 3    90.5   290.5   1.000     0.933   0.933   0.067    90.5    1.000     1
oracle                 3   110.5   290.5   1.000     0.933   0.933   0.067    90.5    1.000     1
oracle                 4    65.5   290.5   1.000     0.833   0.833   0.167    90.5    1.000     1
oracle                 4    70.5   290.5   1.000     0.833   0.833   0.167    90.5    1.000     1
oracle                 4    80.5   290.5   1.000     0.900   0.900   0.100    90.5    1.000     1
oracle                 4    90.5   290.5   1.000     0.933   0.933   0.067    90.5    1.000     1
oracle                 4   110.5   290.5   1.000     0.933   0.933   0.067    90.5    1.000     1

Epoch comparability (makespan <= epoch): cross-policy ranking is only well-posed where EVERY policy fits.
  comparable contention levels: [0, 1, 2, 3, 4]

Operating points with deadline_success >= 0.95 and output_valid < deadline_success - 0.10:  8
  cand_c2_defer12_admit1 B=1 phi=65.5  deadline=1.000 output_valid=0.833 divergence=0.167
  cand_c2_defer12_admit1 B=1 phi=70.5  deadline=1.000 output_valid=0.833 divergence=0.167
  cand_c2_defer12_admit1 B=2 phi=65.5  deadline=1.000 output_valid=0.833 divergence=0.167
  cand_c2_defer12_admit1 B=2 phi=70.5  deadline=1.000 output_valid=0.833 divergence=0.167
  cand_c2_defer12_admit1 B=3 phi=65.5  deadline=1.000 output_valid=0.833 divergence=0.167
  cand_c2_defer12_admit1 B=3 phi=70.5  deadline=1.000 output_valid=0.833 divergence=0.167
  cand_c2_defer12_admit1 B=4 phi=65.5  deadline=1.000 output_valid=0.833 divergence=0.167
  cand_c2_defer12_admit1 B=4 phi=70.5  deadline=1.000 output_valid=0.833 divergence=0.167

Largest divergence (schedule fits the epoch): 0.167 at cand_c2_defer12_admit1 B=1 phi=65.5 (deadline 1.000, output_valid 0.833)

All 5 (policy, B) cells were identical across 1 seeds.

wrote /scratch2/agustin/XPU-RT/results/freshness_cand/c2b/
  manifest.json
  aggregate.csv
  per_invocation.csv
  command.txt
  git_commits.json
