2026-01-09T12:36:26.725925
Running tools/iree-benchmark-module --module=/home/dima/sched_vmfb/fastdepth_rvv/module_main_graph$async_dispatch_8_system_elf_riscv_64_benchmark.vmfb --device=local-task --function=main_graph$async_dispatch_8_system_elf_riscv_64_main_graph$async_dispatch_8_matmul_like_128x3136x128_f32 --input=1xi32=1 --task_topology_cpu_ids=0,1,2,3 --benchmark_repetitions=10
2026-01-09T12:36:26+08:00
Running tools/iree-benchmark-module
Run on (8 X 1600 MHz CPU s)
CPU Caches:
  L1 Instruction 32 KiB (x8)
  L1 Data 32 KiB (x8)
  L2 Unified 512 KiB (x2)
Load Average: 5.80, 5.16, 4.02
----------------------------------------------------------------------------------------------------------------------------------------------------------------------------------------------------
Benchmark                                                                                                                                          Time             CPU   Iterations UserCounters...
----------------------------------------------------------------------------------------------------------------------------------------------------------------------------------------------------
BM_main_graph$async_dispatch_8_system_elf_riscv_64_main_graph$async_dispatch_8_matmul_like_128x3136x128_f32/process_time/real_time               279 ms         1051 ms            3 items_per_second=3.59034/s
BM_main_graph$async_dispatch_8_system_elf_riscv_64_main_graph$async_dispatch_8_matmul_like_128x3136x128_f32/process_time/real_time               279 ms         1052 ms            3 items_per_second=3.58979/s
BM_main_graph$async_dispatch_8_system_elf_riscv_64_main_graph$async_dispatch_8_matmul_like_128x3136x128_f32/process_time/real_time               279 ms         1051 ms            3 items_per_second=3.59034/s
BM_main_graph$async_dispatch_8_system_elf_riscv_64_main_graph$async_dispatch_8_matmul_like_128x3136x128_f32/process_time/real_time               279 ms         1052 ms            3 items_per_second=3.59033/s
BM_main_graph$async_dispatch_8_system_elf_riscv_64_main_graph$async_dispatch_8_matmul_like_128x3136x128_f32/process_time/real_time               278 ms         1051 ms            3 items_per_second=3.59078/s
BM_main_graph$async_dispatch_8_system_elf_riscv_64_main_graph$async_dispatch_8_matmul_like_128x3136x128_f32/process_time/real_time               278 ms         1052 ms            3 items_per_second=3.59074/s
BM_main_graph$async_dispatch_8_system_elf_riscv_64_main_graph$async_dispatch_8_matmul_like_128x3136x128_f32/process_time/real_time               279 ms         1051 ms            3 items_per_second=3.59061/s
BM_main_graph$async_dispatch_8_system_elf_riscv_64_main_graph$async_dispatch_8_matmul_like_128x3136x128_f32/process_time/real_time               279 ms         1051 ms            3 items_per_second=3.59065/s
BM_main_graph$async_dispatch_8_system_elf_riscv_64_main_graph$async_dispatch_8_matmul_like_128x3136x128_f32/process_time/real_time               278 ms         1052 ms            3 items_per_second=3.59072/s
BM_main_graph$async_dispatch_8_system_elf_riscv_64_main_graph$async_dispatch_8_matmul_like_128x3136x128_f32/process_time/real_time               279 ms         1051 ms            3 items_per_second=3.59048/s
BM_main_graph$async_dispatch_8_system_elf_riscv_64_main_graph$async_dispatch_8_matmul_like_128x3136x128_f32/process_time/real_time_mean          279 ms         1052 ms           10 items_per_second=3.59048/s
BM_main_graph$async_dispatch_8_system_elf_riscv_64_main_graph$async_dispatch_8_matmul_like_128x3136x128_f32/process_time/real_time_median        279 ms         1051 ms           10 items_per_second=3.59054/s
BM_main_graph$async_dispatch_8_system_elf_riscv_64_main_graph$async_dispatch_8_matmul_like_128x3136x128_f32/process_time/real_time_stddev      0.023 ms        0.521 ms           10 items_per_second=296.797u/s
BM_main_graph$async_dispatch_8_system_elf_riscv_64_main_graph$async_dispatch_8_matmul_like_128x3136x128_f32/process_time/real_time_cv           0.01 %          0.05 %            10 items_per_second=0.01%
