2026-01-09T12:35:21.049388
Running tools/iree-benchmark-module --module=/home/dima/sched_vmfb/fastdepth_rvv/module_main_graph$async_dispatch_41_system_elf_riscv_64_benchmark.vmfb --device=local-task --function=main_graph$async_dispatch_41_system_elf_riscv_64_main_graph$async_dispatch_41_matmul_like_64x3136x128_f32 --input=1xi32=1 --task_topology_cpu_ids=0,1,2,3 --benchmark_repetitions=10
2026-01-09T12:35:21+08:00
Running tools/iree-benchmark-module
Run on (8 X 1600 MHz CPU s)
CPU Caches:
  L1 Instruction 32 KiB (x8)
  L1 Data 32 KiB (x8)
  L2 Unified 512 KiB (x2)
Load Average: 5.87, 5.02, 3.88
-----------------------------------------------------------------------------------------------------------------------------------------------------------------------------------------------------
Benchmark                                                                                                                                           Time             CPU   Iterations UserCounters...
-----------------------------------------------------------------------------------------------------------------------------------------------------------------------------------------------------
BM_main_graph$async_dispatch_41_system_elf_riscv_64_main_graph$async_dispatch_41_matmul_like_64x3136x128_f32/process_time/real_time               171 ms          523 ms            4 items_per_second=5.8564/s
BM_main_graph$async_dispatch_41_system_elf_riscv_64_main_graph$async_dispatch_41_matmul_like_64x3136x128_f32/process_time/real_time               171 ms          523 ms            4 items_per_second=5.86008/s
BM_main_graph$async_dispatch_41_system_elf_riscv_64_main_graph$async_dispatch_41_matmul_like_64x3136x128_f32/process_time/real_time               171 ms          523 ms            4 items_per_second=5.85873/s
BM_main_graph$async_dispatch_41_system_elf_riscv_64_main_graph$async_dispatch_41_matmul_like_64x3136x128_f32/process_time/real_time               171 ms          523 ms            4 items_per_second=5.85595/s
BM_main_graph$async_dispatch_41_system_elf_riscv_64_main_graph$async_dispatch_41_matmul_like_64x3136x128_f32/process_time/real_time               171 ms          523 ms            4 items_per_second=5.85984/s
BM_main_graph$async_dispatch_41_system_elf_riscv_64_main_graph$async_dispatch_41_matmul_like_64x3136x128_f32/process_time/real_time               171 ms          523 ms            4 items_per_second=5.85906/s
BM_main_graph$async_dispatch_41_system_elf_riscv_64_main_graph$async_dispatch_41_matmul_like_64x3136x128_f32/process_time/real_time               171 ms          524 ms            4 items_per_second=5.85798/s
BM_main_graph$async_dispatch_41_system_elf_riscv_64_main_graph$async_dispatch_41_matmul_like_64x3136x128_f32/process_time/real_time               171 ms          523 ms            4 items_per_second=5.85977/s
BM_main_graph$async_dispatch_41_system_elf_riscv_64_main_graph$async_dispatch_41_matmul_like_64x3136x128_f32/process_time/real_time               171 ms          523 ms            4 items_per_second=5.85826/s
BM_main_graph$async_dispatch_41_system_elf_riscv_64_main_graph$async_dispatch_41_matmul_like_64x3136x128_f32/process_time/real_time               171 ms          524 ms            4 items_per_second=5.85626/s
BM_main_graph$async_dispatch_41_system_elf_riscv_64_main_graph$async_dispatch_41_matmul_like_64x3136x128_f32/process_time/real_time_mean          171 ms          523 ms           10 items_per_second=5.85823/s
BM_main_graph$async_dispatch_41_system_elf_riscv_64_main_graph$async_dispatch_41_matmul_like_64x3136x128_f32/process_time/real_time_median        171 ms          523 ms           10 items_per_second=5.85849/s
BM_main_graph$async_dispatch_41_system_elf_riscv_64_main_graph$async_dispatch_41_matmul_like_64x3136x128_f32/process_time/real_time_stddev      0.045 ms        0.324 ms           10 items_per_second=1.55532m/s
BM_main_graph$async_dispatch_41_system_elf_riscv_64_main_graph$async_dispatch_41_matmul_like_64x3136x128_f32/process_time/real_time_cv           0.03 %          0.06 %            10 items_per_second=0.03%
