2026-01-09T12:34:10.281273
Running tools/iree-benchmark-module --module=/home/dima/sched_vmfb/fastdepth_rvv/module_main_graph$async_dispatch_32_system_elf_riscv_64_benchmark.vmfb --device=local-task --function=main_graph$async_dispatch_32_system_elf_riscv_64_main_graph$async_dispatch_32_matmul_like_512x49x1024_f32 --input=1xi32=1 --task_topology_cpu_ids=0,1,2,3 --benchmark_repetitions=10
2026-01-09T12:34:10+08:00
Running tools/iree-benchmark-module
Run on (8 X 1600 MHz CPU s)
CPU Caches:
  L1 Instruction 32 KiB (x8)
  L1 Data 32 KiB (x8)
  L2 Unified 512 KiB (x2)
Load Average: 5.69, 4.79, 3.73
-----------------------------------------------------------------------------------------------------------------------------------------------------------------------------------------------------
Benchmark                                                                                                                                           Time             CPU   Iterations UserCounters...
-----------------------------------------------------------------------------------------------------------------------------------------------------------------------------------------------------
BM_main_graph$async_dispatch_32_system_elf_riscv_64_main_graph$async_dispatch_32_matmul_like_512x49x1024_f32/process_time/real_time               165 ms          579 ms            4 items_per_second=6.06635/s
BM_main_graph$async_dispatch_32_system_elf_riscv_64_main_graph$async_dispatch_32_matmul_like_512x49x1024_f32/process_time/real_time               165 ms          578 ms            4 items_per_second=6.06367/s
BM_main_graph$async_dispatch_32_system_elf_riscv_64_main_graph$async_dispatch_32_matmul_like_512x49x1024_f32/process_time/real_time               165 ms          578 ms            4 items_per_second=6.07488/s
BM_main_graph$async_dispatch_32_system_elf_riscv_64_main_graph$async_dispatch_32_matmul_like_512x49x1024_f32/process_time/real_time               165 ms          578 ms            4 items_per_second=6.06657/s
BM_main_graph$async_dispatch_32_system_elf_riscv_64_main_graph$async_dispatch_32_matmul_like_512x49x1024_f32/process_time/real_time               165 ms          578 ms            4 items_per_second=6.06449/s
BM_main_graph$async_dispatch_32_system_elf_riscv_64_main_graph$async_dispatch_32_matmul_like_512x49x1024_f32/process_time/real_time               165 ms          578 ms            4 items_per_second=6.0657/s
BM_main_graph$async_dispatch_32_system_elf_riscv_64_main_graph$async_dispatch_32_matmul_like_512x49x1024_f32/process_time/real_time               165 ms          578 ms            4 items_per_second=6.06801/s
BM_main_graph$async_dispatch_32_system_elf_riscv_64_main_graph$async_dispatch_32_matmul_like_512x49x1024_f32/process_time/real_time               165 ms          578 ms            4 items_per_second=6.06949/s
BM_main_graph$async_dispatch_32_system_elf_riscv_64_main_graph$async_dispatch_32_matmul_like_512x49x1024_f32/process_time/real_time               165 ms          578 ms            4 items_per_second=6.07334/s
BM_main_graph$async_dispatch_32_system_elf_riscv_64_main_graph$async_dispatch_32_matmul_like_512x49x1024_f32/process_time/real_time               165 ms          578 ms            4 items_per_second=6.07164/s
BM_main_graph$async_dispatch_32_system_elf_riscv_64_main_graph$async_dispatch_32_matmul_like_512x49x1024_f32/process_time/real_time_mean          165 ms          578 ms           10 items_per_second=6.06841/s
BM_main_graph$async_dispatch_32_system_elf_riscv_64_main_graph$async_dispatch_32_matmul_like_512x49x1024_f32/process_time/real_time_median        165 ms          578 ms           10 items_per_second=6.06729/s
BM_main_graph$async_dispatch_32_system_elf_riscv_64_main_graph$async_dispatch_32_matmul_like_512x49x1024_f32/process_time/real_time_stddev      0.104 ms        0.328 ms           10 items_per_second=3.81253m/s
BM_main_graph$async_dispatch_32_system_elf_riscv_64_main_graph$async_dispatch_32_matmul_like_512x49x1024_f32/process_time/real_time_cv           0.06 %          0.06 %            10 items_per_second=0.06%
