2026-01-09T12:34:39.604254
Running tools/iree-benchmark-module --module=/home/dima/sched_vmfb/fastdepth_rvv/module_main_graph$async_dispatch_36_system_elf_riscv_64_benchmark.vmfb --device=local-task --function=main_graph$async_dispatch_36_system_elf_riscv_64_main_graph$async_dispatch_36_elementwise_256x28x28_f32 --input=1xi32=1 --task_topology_cpu_ids=0,1,2,3 --benchmark_repetitions=10
2026-01-09T12:34:39+08:00
Running tools/iree-benchmark-module
Run on (8 X 1600 MHz CPU s)
CPU Caches:
  L1 Instruction 32 KiB (x8)
  L1 Data 32 KiB (x8)
  L2 Unified 512 KiB (x2)
Load Average: 5.57, 4.84, 3.78
---------------------------------------------------------------------------------------------------------------------------------------------------------------------------------------------------
Benchmark                                                                                                                                         Time             CPU   Iterations UserCounters...
---------------------------------------------------------------------------------------------------------------------------------------------------------------------------------------------------
BM_main_graph$async_dispatch_36_system_elf_riscv_64_main_graph$async_dispatch_36_elementwise_256x28x28_f32/process_time/real_time             0.755 ms         2.42 ms          860 items_per_second=1.32468k/s
BM_main_graph$async_dispatch_36_system_elf_riscv_64_main_graph$async_dispatch_36_elementwise_256x28x28_f32/process_time/real_time             0.793 ms         2.46 ms          860 items_per_second=1.26086k/s
BM_main_graph$async_dispatch_36_system_elf_riscv_64_main_graph$async_dispatch_36_elementwise_256x28x28_f32/process_time/real_time             0.739 ms         2.41 ms          860 items_per_second=1.35376k/s
BM_main_graph$async_dispatch_36_system_elf_riscv_64_main_graph$async_dispatch_36_elementwise_256x28x28_f32/process_time/real_time             0.672 ms         2.33 ms          860 items_per_second=1.48836k/s
BM_main_graph$async_dispatch_36_system_elf_riscv_64_main_graph$async_dispatch_36_elementwise_256x28x28_f32/process_time/real_time             0.671 ms         2.33 ms          860 items_per_second=1.48978k/s
BM_main_graph$async_dispatch_36_system_elf_riscv_64_main_graph$async_dispatch_36_elementwise_256x28x28_f32/process_time/real_time             0.673 ms         2.33 ms          860 items_per_second=1.4862k/s
BM_main_graph$async_dispatch_36_system_elf_riscv_64_main_graph$async_dispatch_36_elementwise_256x28x28_f32/process_time/real_time             0.672 ms         2.33 ms          860 items_per_second=1.48825k/s
BM_main_graph$async_dispatch_36_system_elf_riscv_64_main_graph$async_dispatch_36_elementwise_256x28x28_f32/process_time/real_time             0.670 ms         2.33 ms          860 items_per_second=1.49217k/s
BM_main_graph$async_dispatch_36_system_elf_riscv_64_main_graph$async_dispatch_36_elementwise_256x28x28_f32/process_time/real_time             0.674 ms         2.33 ms          860 items_per_second=1.48416k/s
BM_main_graph$async_dispatch_36_system_elf_riscv_64_main_graph$async_dispatch_36_elementwise_256x28x28_f32/process_time/real_time             0.671 ms         2.33 ms          860 items_per_second=1.48952k/s
BM_main_graph$async_dispatch_36_system_elf_riscv_64_main_graph$async_dispatch_36_elementwise_256x28x28_f32/process_time/real_time_mean        0.699 ms         2.36 ms           10 items_per_second=1.43578k/s
BM_main_graph$async_dispatch_36_system_elf_riscv_64_main_graph$async_dispatch_36_elementwise_256x28x28_f32/process_time/real_time_median      0.672 ms         2.33 ms           10 items_per_second=1.48723k/s
BM_main_graph$async_dispatch_36_system_elf_riscv_64_main_graph$async_dispatch_36_elementwise_256x28x28_f32/process_time/real_time_stddev      0.046 ms        0.049 ms           10 items_per_second=87.5924/s
BM_main_graph$async_dispatch_36_system_elf_riscv_64_main_graph$async_dispatch_36_elementwise_256x28x28_f32/process_time/real_time_cv           6.52 %          2.09 %            10 items_per_second=6.10%
