2026-01-09T12:36:35.385944
Running tools/iree-benchmark-module --module=/home/dima/sched_vmfb/fastdepth_rvv/module_main_graph$async_dispatch_9_system_elf_riscv_64_benchmark.vmfb --device=local-task --function=main_graph$async_dispatch_9_system_elf_riscv_64_main_graph$async_dispatch_9_slow_memcpy --input=1xi32=1 --task_topology_cpu_ids=0,1,2,3 --benchmark_repetitions=10
2026-01-09T12:36:35+08:00
Running tools/iree-benchmark-module
Run on (8 X 1600 MHz CPU s)
CPU Caches:
  L1 Instruction 32 KiB (x8)
  L1 Data 32 KiB (x8)
  L2 Unified 512 KiB (x2)
Load Average: 5.82, 5.17, 4.03
-----------------------------------------------------------------------------------------------------------------------------------------------------------------------------------
Benchmark                                                                                                                         Time             CPU   Iterations UserCounters...
-----------------------------------------------------------------------------------------------------------------------------------------------------------------------------------
BM_main_graph$async_dispatch_9_system_elf_riscv_64_main_graph$async_dispatch_9_slow_memcpy/process_time/real_time              1.40 ms         5.21 ms          491 items_per_second=712.732/s
BM_main_graph$async_dispatch_9_system_elf_riscv_64_main_graph$async_dispatch_9_slow_memcpy/process_time/real_time              1.40 ms         5.19 ms          491 items_per_second=716.643/s
BM_main_graph$async_dispatch_9_system_elf_riscv_64_main_graph$async_dispatch_9_slow_memcpy/process_time/real_time              1.40 ms         5.20 ms          491 items_per_second=712.019/s
BM_main_graph$async_dispatch_9_system_elf_riscv_64_main_graph$async_dispatch_9_slow_memcpy/process_time/real_time              1.40 ms         5.21 ms          491 items_per_second=712.095/s
BM_main_graph$async_dispatch_9_system_elf_riscv_64_main_graph$async_dispatch_9_slow_memcpy/process_time/real_time              1.40 ms         5.20 ms          491 items_per_second=714.457/s
BM_main_graph$async_dispatch_9_system_elf_riscv_64_main_graph$async_dispatch_9_slow_memcpy/process_time/real_time              1.40 ms         5.20 ms          491 items_per_second=714.122/s
BM_main_graph$async_dispatch_9_system_elf_riscv_64_main_graph$async_dispatch_9_slow_memcpy/process_time/real_time              1.40 ms         5.20 ms          491 items_per_second=713.377/s
BM_main_graph$async_dispatch_9_system_elf_riscv_64_main_graph$async_dispatch_9_slow_memcpy/process_time/real_time              1.41 ms         5.26 ms          491 items_per_second=708.521/s
BM_main_graph$async_dispatch_9_system_elf_riscv_64_main_graph$async_dispatch_9_slow_memcpy/process_time/real_time              1.44 ms         5.37 ms          491 items_per_second=693.554/s
BM_main_graph$async_dispatch_9_system_elf_riscv_64_main_graph$async_dispatch_9_slow_memcpy/process_time/real_time              1.44 ms         5.38 ms          491 items_per_second=692.876/s
BM_main_graph$async_dispatch_9_system_elf_riscv_64_main_graph$async_dispatch_9_slow_memcpy/process_time/real_time_mean         1.41 ms         5.24 ms           10 items_per_second=709.04/s
BM_main_graph$async_dispatch_9_system_elf_riscv_64_main_graph$async_dispatch_9_slow_memcpy/process_time/real_time_median       1.40 ms         5.21 ms           10 items_per_second=712.414/s
BM_main_graph$async_dispatch_9_system_elf_riscv_64_main_graph$async_dispatch_9_slow_memcpy/process_time/real_time_stddev      0.017 ms        0.073 ms           10 items_per_second=8.59589/s
BM_main_graph$async_dispatch_9_system_elf_riscv_64_main_graph$async_dispatch_9_slow_memcpy/process_time/real_time_cv           1.23 %          1.39 %            10 items_per_second=1.21%
