2026-01-09T12:32:27.071351
Running tools/iree-benchmark-module --module=/home/dima/sched_vmfb/fastdepth_rvv/module_main_graph$async_dispatch_12_system_elf_riscv_64_benchmark.vmfb --device=local-task --function=main_graph$async_dispatch_12_system_elf_riscv_64_main_graph$async_dispatch_12_conv_28x28x256x3x3_f32 --input=1xi32=1 --task_topology_cpu_ids=0,1,2,3 --benchmark_repetitions=10
2026-01-09T12:32:27+08:00
Running tools/iree-benchmark-module
Run on (8 X 1600 MHz CPU s)
CPU Caches:
  L1 Instruction 32 KiB (x8)
  L1 Data 32 KiB (x8)
  L2 Unified 512 KiB (x2)
Load Average: 5.24, 4.38, 3.49
------------------------------------------------------------------------------------------------------------------------------------------------------------------------------------------------
Benchmark                                                                                                                                      Time             CPU   Iterations UserCounters...
------------------------------------------------------------------------------------------------------------------------------------------------------------------------------------------------
BM_main_graph$async_dispatch_12_system_elf_riscv_64_main_graph$async_dispatch_12_conv_28x28x256x3x3_f32/process_time/real_time              3.94 ms         15.2 ms          178 items_per_second=253.697/s
BM_main_graph$async_dispatch_12_system_elf_riscv_64_main_graph$async_dispatch_12_conv_28x28x256x3x3_f32/process_time/real_time              3.93 ms         15.2 ms          178 items_per_second=254.638/s
BM_main_graph$async_dispatch_12_system_elf_riscv_64_main_graph$async_dispatch_12_conv_28x28x256x3x3_f32/process_time/real_time              3.93 ms         15.2 ms          178 items_per_second=254.637/s
BM_main_graph$async_dispatch_12_system_elf_riscv_64_main_graph$async_dispatch_12_conv_28x28x256x3x3_f32/process_time/real_time              3.94 ms         15.2 ms          178 items_per_second=253.722/s
BM_main_graph$async_dispatch_12_system_elf_riscv_64_main_graph$async_dispatch_12_conv_28x28x256x3x3_f32/process_time/real_time              3.93 ms         15.2 ms          178 items_per_second=254.605/s
BM_main_graph$async_dispatch_12_system_elf_riscv_64_main_graph$async_dispatch_12_conv_28x28x256x3x3_f32/process_time/real_time              3.92 ms         15.2 ms          178 items_per_second=254.803/s
BM_main_graph$async_dispatch_12_system_elf_riscv_64_main_graph$async_dispatch_12_conv_28x28x256x3x3_f32/process_time/real_time              3.96 ms         15.2 ms          178 items_per_second=252.49/s
BM_main_graph$async_dispatch_12_system_elf_riscv_64_main_graph$async_dispatch_12_conv_28x28x256x3x3_f32/process_time/real_time              3.93 ms         15.2 ms          178 items_per_second=254.445/s
BM_main_graph$async_dispatch_12_system_elf_riscv_64_main_graph$async_dispatch_12_conv_28x28x256x3x3_f32/process_time/real_time              4.18 ms         15.2 ms          178 items_per_second=239.221/s
BM_main_graph$async_dispatch_12_system_elf_riscv_64_main_graph$async_dispatch_12_conv_28x28x256x3x3_f32/process_time/real_time              4.06 ms         15.4 ms          178 items_per_second=246.036/s
BM_main_graph$async_dispatch_12_system_elf_riscv_64_main_graph$async_dispatch_12_conv_28x28x256x3x3_f32/process_time/real_time_mean         3.97 ms         15.2 ms           10 items_per_second=251.829/s
BM_main_graph$async_dispatch_12_system_elf_riscv_64_main_graph$async_dispatch_12_conv_28x28x256x3x3_f32/process_time/real_time_median       3.94 ms         15.2 ms           10 items_per_second=254.083/s
BM_main_graph$async_dispatch_12_system_elf_riscv_64_main_graph$async_dispatch_12_conv_28x28x256x3x3_f32/process_time/real_time_stddev      0.084 ms        0.057 ms           10 items_per_second=5.15539/s
BM_main_graph$async_dispatch_12_system_elf_riscv_64_main_graph$async_dispatch_12_conv_28x28x256x3x3_f32/process_time/real_time_cv           2.12 %          0.37 %            10 items_per_second=2.05%
