2026-01-08T12:08:39.372068
Running tools/iree-benchmark-module --module=/home/dima/sched_vmfb/glpdepth/module_main_graph$async_dispatch_13_embedded_elf_riscv_64_benchmark.vmfb --device=local-task --function=main_graph$async_dispatch_13_embedded_elf_riscv_64_main_graph$async_dispatch_13_pack_f32 --input=1xi32=1 --task_topology_cpu_ids=0 --benchmark_repetitions=10
2026-01-08T12:08:39+08:00
Running tools/iree-benchmark-module
Run on (8 X 1600 MHz CPU s)
CPU Caches:
  L1 Instruction 32 KiB (x8)
  L1 Data 32 KiB (x8)
  L2 Unified 512 KiB (x2)
Load Average: 3.02, 2.59, 2.28
------------------------------------------------------------------------------------------------------------------------------------------------------------------------------------
Benchmark                                                                                                                          Time             CPU   Iterations UserCounters...
------------------------------------------------------------------------------------------------------------------------------------------------------------------------------------
BM_main_graph$async_dispatch_13_embedded_elf_riscv_64_main_graph$async_dispatch_13_pack_f32/process_time/real_time              2.47 ms         2.48 ms          284 items_per_second=404.952/s
BM_main_graph$async_dispatch_13_embedded_elf_riscv_64_main_graph$async_dispatch_13_pack_f32/process_time/real_time              2.49 ms         2.49 ms          284 items_per_second=402.163/s
BM_main_graph$async_dispatch_13_embedded_elf_riscv_64_main_graph$async_dispatch_13_pack_f32/process_time/real_time              2.49 ms         2.50 ms          284 items_per_second=401.728/s
BM_main_graph$async_dispatch_13_embedded_elf_riscv_64_main_graph$async_dispatch_13_pack_f32/process_time/real_time              2.47 ms         2.48 ms          284 items_per_second=404.896/s
BM_main_graph$async_dispatch_13_embedded_elf_riscv_64_main_graph$async_dispatch_13_pack_f32/process_time/real_time              2.47 ms         2.48 ms          284 items_per_second=404.097/s
BM_main_graph$async_dispatch_13_embedded_elf_riscv_64_main_graph$async_dispatch_13_pack_f32/process_time/real_time              2.46 ms         2.47 ms          284 items_per_second=406.696/s
BM_main_graph$async_dispatch_13_embedded_elf_riscv_64_main_graph$async_dispatch_13_pack_f32/process_time/real_time              2.49 ms         2.50 ms          284 items_per_second=401.837/s
BM_main_graph$async_dispatch_13_embedded_elf_riscv_64_main_graph$async_dispatch_13_pack_f32/process_time/real_time              2.48 ms         2.49 ms          284 items_per_second=402.529/s
BM_main_graph$async_dispatch_13_embedded_elf_riscv_64_main_graph$async_dispatch_13_pack_f32/process_time/real_time              2.61 ms         2.50 ms          284 items_per_second=382.538/s
BM_main_graph$async_dispatch_13_embedded_elf_riscv_64_main_graph$async_dispatch_13_pack_f32/process_time/real_time              2.44 ms         2.44 ms          284 items_per_second=410.396/s
BM_main_graph$async_dispatch_13_embedded_elf_riscv_64_main_graph$async_dispatch_13_pack_f32/process_time/real_time_mean         2.49 ms         2.48 ms           10 items_per_second=402.183/s
BM_main_graph$async_dispatch_13_embedded_elf_riscv_64_main_graph$async_dispatch_13_pack_f32/process_time/real_time_median       2.48 ms         2.49 ms           10 items_per_second=403.313/s
BM_main_graph$async_dispatch_13_embedded_elf_riscv_64_main_graph$async_dispatch_13_pack_f32/process_time/real_time_stddev      0.047 ms        0.019 ms           10 items_per_second=7.40043/s
BM_main_graph$async_dispatch_13_embedded_elf_riscv_64_main_graph$async_dispatch_13_pack_f32/process_time/real_time_cv           1.91 %          0.77 %            10 items_per_second=1.84%
