2026-01-08T12:20:12.813836
Running tools/iree-benchmark-module --module=/home/dima/sched_vmfb/glpdepth/module_main_graph$async_dispatch_6_embedded_elf_riscv_64_benchmark.vmfb --device=local-task --function=main_graph$async_dispatch_6_embedded_elf_riscv_64_main_graph$async_dispatch_6_conv_32x7x7x32x8x8_f32 --input=1xi32=1 --task_topology_cpu_ids=0 --benchmark_repetitions=10
2026-01-08T12:20:12+08:00
Running tools/iree-benchmark-module
Run on (8 X 1600 MHz CPU s)
CPU Caches:
  L1 Instruction 32 KiB (x8)
  L1 Data 32 KiB (x8)
  L2 Unified 512 KiB (x2)
Load Average: 3.14, 3.04, 2.72
------------------------------------------------------------------------------------------------------------------------------------------------------------------------------------------------
Benchmark                                                                                                                                      Time             CPU   Iterations UserCounters...
------------------------------------------------------------------------------------------------------------------------------------------------------------------------------------------------
BM_main_graph$async_dispatch_6_embedded_elf_riscv_64_main_graph$async_dispatch_6_conv_32x7x7x32x8x8_f32/process_time/real_time              22.3 ms         22.3 ms           31 items_per_second=44.7975/s
BM_main_graph$async_dispatch_6_embedded_elf_riscv_64_main_graph$async_dispatch_6_conv_32x7x7x32x8x8_f32/process_time/real_time              22.4 ms         22.4 ms           31 items_per_second=44.6011/s
BM_main_graph$async_dispatch_6_embedded_elf_riscv_64_main_graph$async_dispatch_6_conv_32x7x7x32x8x8_f32/process_time/real_time              22.4 ms         22.3 ms           31 items_per_second=44.5991/s
BM_main_graph$async_dispatch_6_embedded_elf_riscv_64_main_graph$async_dispatch_6_conv_32x7x7x32x8x8_f32/process_time/real_time              22.3 ms         22.3 ms           31 items_per_second=44.7955/s
BM_main_graph$async_dispatch_6_embedded_elf_riscv_64_main_graph$async_dispatch_6_conv_32x7x7x32x8x8_f32/process_time/real_time              22.4 ms         22.4 ms           31 items_per_second=44.6185/s
BM_main_graph$async_dispatch_6_embedded_elf_riscv_64_main_graph$async_dispatch_6_conv_32x7x7x32x8x8_f32/process_time/real_time              22.3 ms         22.3 ms           31 items_per_second=44.7939/s
BM_main_graph$async_dispatch_6_embedded_elf_riscv_64_main_graph$async_dispatch_6_conv_32x7x7x32x8x8_f32/process_time/real_time              22.4 ms         22.4 ms           31 items_per_second=44.6053/s
BM_main_graph$async_dispatch_6_embedded_elf_riscv_64_main_graph$async_dispatch_6_conv_32x7x7x32x8x8_f32/process_time/real_time              22.3 ms         22.3 ms           31 items_per_second=44.8194/s
BM_main_graph$async_dispatch_6_embedded_elf_riscv_64_main_graph$async_dispatch_6_conv_32x7x7x32x8x8_f32/process_time/real_time              22.3 ms         22.3 ms           31 items_per_second=44.7961/s
BM_main_graph$async_dispatch_6_embedded_elf_riscv_64_main_graph$async_dispatch_6_conv_32x7x7x32x8x8_f32/process_time/real_time              22.5 ms         22.4 ms           31 items_per_second=44.5275/s
BM_main_graph$async_dispatch_6_embedded_elf_riscv_64_main_graph$async_dispatch_6_conv_32x7x7x32x8x8_f32/process_time/real_time_mean         22.4 ms         22.4 ms           10 items_per_second=44.6954/s
BM_main_graph$async_dispatch_6_embedded_elf_riscv_64_main_graph$async_dispatch_6_conv_32x7x7x32x8x8_f32/process_time/real_time_median       22.4 ms         22.3 ms           10 items_per_second=44.7062/s
BM_main_graph$async_dispatch_6_embedded_elf_riscv_64_main_graph$async_dispatch_6_conv_32x7x7x32x8x8_f32/process_time/real_time_stddev      0.057 ms        0.056 ms           10 items_per_second=0.113562/s
BM_main_graph$async_dispatch_6_embedded_elf_riscv_64_main_graph$async_dispatch_6_conv_32x7x7x32x8x8_f32/process_time/real_time_cv           0.25 %          0.25 %            10 items_per_second=0.25%
