2026-01-08T12:10:56.700110
Running tools/iree-benchmark-module --module=/home/dima/sched_vmfb/glpdepth/module_main_graph$async_dispatch_160_embedded_elf_riscv_64_benchmark.vmfb --device=local-task --function=main_graph$async_dispatch_160_embedded_elf_riscv_64_main_graph$async_dispatch_160_unpack_f32 --input=1xi32=1 --task_topology_cpu_ids=0 --benchmark_repetitions=10
2026-01-08T12:10:56+08:00
Running tools/iree-benchmark-module
Run on (8 X 1600 MHz CPU s)
CPU Caches:
  L1 Instruction 32 KiB (x8)
  L1 Data 32 KiB (x8)
  L2 Unified 512 KiB (x2)
Load Average: 3.02, 2.77, 2.39
----------------------------------------------------------------------------------------------------------------------------------------------------------------------------------------
Benchmark                                                                                                                              Time             CPU   Iterations UserCounters...
----------------------------------------------------------------------------------------------------------------------------------------------------------------------------------------
BM_main_graph$async_dispatch_160_embedded_elf_riscv_64_main_graph$async_dispatch_160_unpack_f32/process_time/real_time             0.088 ms        0.095 ms         7864 items_per_second=11.3052k/s
BM_main_graph$async_dispatch_160_embedded_elf_riscv_64_main_graph$async_dispatch_160_unpack_f32/process_time/real_time             0.088 ms        0.094 ms         7864 items_per_second=11.3745k/s
BM_main_graph$async_dispatch_160_embedded_elf_riscv_64_main_graph$async_dispatch_160_unpack_f32/process_time/real_time             0.088 ms        0.094 ms         7864 items_per_second=11.3311k/s
BM_main_graph$async_dispatch_160_embedded_elf_riscv_64_main_graph$async_dispatch_160_unpack_f32/process_time/real_time             0.089 ms        0.095 ms         7864 items_per_second=11.295k/s
BM_main_graph$async_dispatch_160_embedded_elf_riscv_64_main_graph$async_dispatch_160_unpack_f32/process_time/real_time             0.088 ms        0.094 ms         7864 items_per_second=11.3529k/s
BM_main_graph$async_dispatch_160_embedded_elf_riscv_64_main_graph$async_dispatch_160_unpack_f32/process_time/real_time             0.088 ms        0.094 ms         7864 items_per_second=11.3728k/s
BM_main_graph$async_dispatch_160_embedded_elf_riscv_64_main_graph$async_dispatch_160_unpack_f32/process_time/real_time             0.088 ms        0.094 ms         7864 items_per_second=11.3717k/s
BM_main_graph$async_dispatch_160_embedded_elf_riscv_64_main_graph$async_dispatch_160_unpack_f32/process_time/real_time             0.088 ms        0.094 ms         7864 items_per_second=11.3584k/s
BM_main_graph$async_dispatch_160_embedded_elf_riscv_64_main_graph$async_dispatch_160_unpack_f32/process_time/real_time             0.088 ms        0.094 ms         7864 items_per_second=11.3193k/s
BM_main_graph$async_dispatch_160_embedded_elf_riscv_64_main_graph$async_dispatch_160_unpack_f32/process_time/real_time             0.088 ms        0.094 ms         7864 items_per_second=11.3614k/s
BM_main_graph$async_dispatch_160_embedded_elf_riscv_64_main_graph$async_dispatch_160_unpack_f32/process_time/real_time_mean        0.088 ms        0.094 ms           10 items_per_second=11.3442k/s
BM_main_graph$async_dispatch_160_embedded_elf_riscv_64_main_graph$async_dispatch_160_unpack_f32/process_time/real_time_median      0.088 ms        0.094 ms           10 items_per_second=11.3556k/s
BM_main_graph$async_dispatch_160_embedded_elf_riscv_64_main_graph$async_dispatch_160_unpack_f32/process_time/real_time_stddev      0.000 ms        0.000 ms           10 items_per_second=29.4419/s
BM_main_graph$async_dispatch_160_embedded_elf_riscv_64_main_graph$async_dispatch_160_unpack_f32/process_time/real_time_cv           0.26 %          0.34 %            10 items_per_second=0.26%
