2026-01-08T12:13:19.273596
Running tools/iree-benchmark-module --module=/home/dima/sched_vmfb/glpdepth/module_main_graph$async_dispatch_1_embedded_elf_riscv_64_benchmark.vmfb --device=local-task --function=main_graph$async_dispatch_1_embedded_elf_riscv_64_main_graph$async_dispatch_1_conv_32x56x56x3x7x7_f32 --input=1xi32=1 --task_topology_cpu_ids=0 --benchmark_repetitions=10
2026-01-08T12:13:19+08:00
Running tools/iree-benchmark-module
Run on (8 X 1600 MHz CPU s)
CPU Caches:
  L1 Instruction 32 KiB (x8)
  L1 Data 32 KiB (x8)
  L2 Unified 512 KiB (x2)
Load Average: 3.01, 2.87, 2.49
-------------------------------------------------------------------------------------------------------------------------------------------------------------------------------------------------
Benchmark                                                                                                                                       Time             CPU   Iterations UserCounters...
-------------------------------------------------------------------------------------------------------------------------------------------------------------------------------------------------
BM_main_graph$async_dispatch_1_embedded_elf_riscv_64_main_graph$async_dispatch_1_conv_32x56x56x3x7x7_f32/process_time/real_time              77.1 ms         77.1 ms            9 items_per_second=12.966/s
BM_main_graph$async_dispatch_1_embedded_elf_riscv_64_main_graph$async_dispatch_1_conv_32x56x56x3x7x7_f32/process_time/real_time              77.3 ms         77.3 ms            9 items_per_second=12.9323/s
BM_main_graph$async_dispatch_1_embedded_elf_riscv_64_main_graph$async_dispatch_1_conv_32x56x56x3x7x7_f32/process_time/real_time              77.1 ms         77.1 ms            9 items_per_second=12.9678/s
BM_main_graph$async_dispatch_1_embedded_elf_riscv_64_main_graph$async_dispatch_1_conv_32x56x56x3x7x7_f32/process_time/real_time              77.0 ms         77.0 ms            9 items_per_second=12.9847/s
BM_main_graph$async_dispatch_1_embedded_elf_riscv_64_main_graph$async_dispatch_1_conv_32x56x56x3x7x7_f32/process_time/real_time              77.3 ms         77.3 ms            9 items_per_second=12.9304/s
BM_main_graph$async_dispatch_1_embedded_elf_riscv_64_main_graph$async_dispatch_1_conv_32x56x56x3x7x7_f32/process_time/real_time              77.0 ms         77.0 ms            9 items_per_second=12.9821/s
BM_main_graph$async_dispatch_1_embedded_elf_riscv_64_main_graph$async_dispatch_1_conv_32x56x56x3x7x7_f32/process_time/real_time              77.1 ms         77.1 ms            9 items_per_second=12.9708/s
BM_main_graph$async_dispatch_1_embedded_elf_riscv_64_main_graph$async_dispatch_1_conv_32x56x56x3x7x7_f32/process_time/real_time              77.3 ms         77.3 ms            9 items_per_second=12.9365/s
BM_main_graph$async_dispatch_1_embedded_elf_riscv_64_main_graph$async_dispatch_1_conv_32x56x56x3x7x7_f32/process_time/real_time              77.1 ms         77.1 ms            9 items_per_second=12.9689/s
BM_main_graph$async_dispatch_1_embedded_elf_riscv_64_main_graph$async_dispatch_1_conv_32x56x56x3x7x7_f32/process_time/real_time              77.1 ms         77.0 ms            9 items_per_second=12.9766/s
BM_main_graph$async_dispatch_1_embedded_elf_riscv_64_main_graph$async_dispatch_1_conv_32x56x56x3x7x7_f32/process_time/real_time_mean         77.2 ms         77.1 ms           10 items_per_second=12.9616/s
BM_main_graph$async_dispatch_1_embedded_elf_riscv_64_main_graph$async_dispatch_1_conv_32x56x56x3x7x7_f32/process_time/real_time_median       77.1 ms         77.1 ms           10 items_per_second=12.9683/s
BM_main_graph$async_dispatch_1_embedded_elf_riscv_64_main_graph$async_dispatch_1_conv_32x56x56x3x7x7_f32/process_time/real_time_stddev      0.123 ms        0.120 ms           10 items_per_second=0.0206487/s
BM_main_graph$async_dispatch_1_embedded_elf_riscv_64_main_graph$async_dispatch_1_conv_32x56x56x3x7x7_f32/process_time/real_time_cv           0.16 %          0.16 %            10 items_per_second=0.16%
