2026-01-08T12:09:07.625487
Running tools/iree-benchmark-module --module=/home/dima/sched_vmfb/glpdepth/module_main_graph$async_dispatch_147_embedded_elf_riscv_64_benchmark.vmfb --device=local-task --function=main_graph$async_dispatch_147_embedded_elf_riscv_64_main_graph$async_dispatch_147_reduction_49x256_f32 --input=1xi32=1 --task_topology_cpu_ids=0 --benchmark_repetitions=10
2026-01-08T12:09:07+08:00
Running tools/iree-benchmark-module
Run on (8 X 1600 MHz CPU s)
CPU Caches:
  L1 Instruction 32 KiB (x8)
  L1 Data 32 KiB (x8)
  L2 Unified 512 KiB (x2)
Load Average: 3.13, 2.66, 2.31
--------------------------------------------------------------------------------------------------------------------------------------------------------------------------------------------------
Benchmark                                                                                                                                        Time             CPU   Iterations UserCounters...
--------------------------------------------------------------------------------------------------------------------------------------------------------------------------------------------------
BM_main_graph$async_dispatch_147_embedded_elf_riscv_64_main_graph$async_dispatch_147_reduction_49x256_f32/process_time/real_time              1.24 ms         1.24 ms          568 items_per_second=809.557/s
BM_main_graph$async_dispatch_147_embedded_elf_riscv_64_main_graph$async_dispatch_147_reduction_49x256_f32/process_time/real_time              1.23 ms         1.24 ms          568 items_per_second=813.76/s
BM_main_graph$async_dispatch_147_embedded_elf_riscv_64_main_graph$async_dispatch_147_reduction_49x256_f32/process_time/real_time              1.23 ms         1.23 ms          568 items_per_second=816.101/s
BM_main_graph$async_dispatch_147_embedded_elf_riscv_64_main_graph$async_dispatch_147_reduction_49x256_f32/process_time/real_time              1.23 ms         1.24 ms          568 items_per_second=812.319/s
BM_main_graph$async_dispatch_147_embedded_elf_riscv_64_main_graph$async_dispatch_147_reduction_49x256_f32/process_time/real_time              1.23 ms         1.23 ms          568 items_per_second=815.097/s
BM_main_graph$async_dispatch_147_embedded_elf_riscv_64_main_graph$async_dispatch_147_reduction_49x256_f32/process_time/real_time              1.22 ms         1.23 ms          568 items_per_second=816.793/s
BM_main_graph$async_dispatch_147_embedded_elf_riscv_64_main_graph$async_dispatch_147_reduction_49x256_f32/process_time/real_time              1.23 ms         1.23 ms          568 items_per_second=813.273/s
BM_main_graph$async_dispatch_147_embedded_elf_riscv_64_main_graph$async_dispatch_147_reduction_49x256_f32/process_time/real_time              1.22 ms         1.23 ms          568 items_per_second=816.625/s
BM_main_graph$async_dispatch_147_embedded_elf_riscv_64_main_graph$async_dispatch_147_reduction_49x256_f32/process_time/real_time              1.22 ms         1.23 ms          568 items_per_second=817.045/s
BM_main_graph$async_dispatch_147_embedded_elf_riscv_64_main_graph$async_dispatch_147_reduction_49x256_f32/process_time/real_time              1.22 ms         1.22 ms          568 items_per_second=820.024/s
BM_main_graph$async_dispatch_147_embedded_elf_riscv_64_main_graph$async_dispatch_147_reduction_49x256_f32/process_time/real_time_mean         1.23 ms         1.23 ms           10 items_per_second=815.059/s
BM_main_graph$async_dispatch_147_embedded_elf_riscv_64_main_graph$async_dispatch_147_reduction_49x256_f32/process_time/real_time_median       1.23 ms         1.23 ms           10 items_per_second=815.599/s
BM_main_graph$async_dispatch_147_embedded_elf_riscv_64_main_graph$async_dispatch_147_reduction_49x256_f32/process_time/real_time_stddev      0.004 ms        0.006 ms           10 items_per_second=2.94002/s
BM_main_graph$async_dispatch_147_embedded_elf_riscv_64_main_graph$async_dispatch_147_reduction_49x256_f32/process_time/real_time_cv           0.36 %          0.46 %            10 items_per_second=0.36%
