2026-01-08T12:14:23.686617
Running tools/iree-benchmark-module --module=/home/dima/sched_vmfb/glpdepth/module_main_graph$async_dispatch_207_embedded_elf_riscv_64_benchmark.vmfb --device=local-task --function=main_graph$async_dispatch_207_embedded_elf_riscv_64_main_graph$async_dispatch_207_conv_32x56x56x64x3x3_f32 --input=1xi32=1 --task_topology_cpu_ids=0 --benchmark_repetitions=10
2026-01-08T12:14:23+08:00
Running tools/iree-benchmark-module
Run on (8 X 1600 MHz CPU s)
CPU Caches:
  L1 Instruction 32 KiB (x8)
  L1 Data 32 KiB (x8)
  L2 Unified 512 KiB (x2)
Load Average: 3.05, 2.92, 2.53
------------------------------------------------------------------------------------------------------------------------------------------------------------------------------------------------------
Benchmark                                                                                                                                            Time             CPU   Iterations UserCounters...
------------------------------------------------------------------------------------------------------------------------------------------------------------------------------------------------------
BM_main_graph$async_dispatch_207_embedded_elf_riscv_64_main_graph$async_dispatch_207_conv_32x56x56x64x3x3_f32/process_time/real_time               351 ms          351 ms            2 items_per_second=2.84572/s
BM_main_graph$async_dispatch_207_embedded_elf_riscv_64_main_graph$async_dispatch_207_conv_32x56x56x64x3x3_f32/process_time/real_time               352 ms          352 ms            2 items_per_second=2.83886/s
BM_main_graph$async_dispatch_207_embedded_elf_riscv_64_main_graph$async_dispatch_207_conv_32x56x56x64x3x3_f32/process_time/real_time               351 ms          351 ms            2 items_per_second=2.84968/s
BM_main_graph$async_dispatch_207_embedded_elf_riscv_64_main_graph$async_dispatch_207_conv_32x56x56x64x3x3_f32/process_time/real_time               353 ms          352 ms            2 items_per_second=2.8367/s
BM_main_graph$async_dispatch_207_embedded_elf_riscv_64_main_graph$async_dispatch_207_conv_32x56x56x64x3x3_f32/process_time/real_time               351 ms          351 ms            2 items_per_second=2.84751/s
BM_main_graph$async_dispatch_207_embedded_elf_riscv_64_main_graph$async_dispatch_207_conv_32x56x56x64x3x3_f32/process_time/real_time               351 ms          351 ms            2 items_per_second=2.84603/s
BM_main_graph$async_dispatch_207_embedded_elf_riscv_64_main_graph$async_dispatch_207_conv_32x56x56x64x3x3_f32/process_time/real_time               352 ms          352 ms            2 items_per_second=2.83794/s
BM_main_graph$async_dispatch_207_embedded_elf_riscv_64_main_graph$async_dispatch_207_conv_32x56x56x64x3x3_f32/process_time/real_time               351 ms          351 ms            2 items_per_second=2.84588/s
BM_main_graph$async_dispatch_207_embedded_elf_riscv_64_main_graph$async_dispatch_207_conv_32x56x56x64x3x3_f32/process_time/real_time               351 ms          351 ms            2 items_per_second=2.84796/s
BM_main_graph$async_dispatch_207_embedded_elf_riscv_64_main_graph$async_dispatch_207_conv_32x56x56x64x3x3_f32/process_time/real_time               352 ms          352 ms            2 items_per_second=2.83848/s
BM_main_graph$async_dispatch_207_embedded_elf_riscv_64_main_graph$async_dispatch_207_conv_32x56x56x64x3x3_f32/process_time/real_time_mean          352 ms          352 ms           10 items_per_second=2.84347/s
BM_main_graph$async_dispatch_207_embedded_elf_riscv_64_main_graph$async_dispatch_207_conv_32x56x56x64x3x3_f32/process_time/real_time_median        351 ms          351 ms           10 items_per_second=2.8458/s
BM_main_graph$async_dispatch_207_embedded_elf_riscv_64_main_graph$async_dispatch_207_conv_32x56x56x64x3x3_f32/process_time/real_time_stddev      0.605 ms        0.566 ms           10 items_per_second=4.88761m/s
BM_main_graph$async_dispatch_207_embedded_elf_riscv_64_main_graph$async_dispatch_207_conv_32x56x56x64x3x3_f32/process_time/real_time_cv           0.17 %          0.16 %            10 items_per_second=0.17%
