2026-01-08T12:06:13.496581
Running tools/iree-benchmark-module --module=/home/dima/sched_vmfb/glpdepth/module_main_graph$async_dispatch_104_embedded_elf_riscv_64_benchmark.vmfb --device=local-task --function=main_graph$async_dispatch_104_embedded_elf_riscv_64_main_graph$async_dispatch_104_matmul_like_10x49x32x160_f32 --input=1xi32=1 --task_topology_cpu_ids=0 --benchmark_repetitions=10
2026-01-08T12:06:13+08:00
Running tools/iree-benchmark-module
Run on (8 X 1600 MHz CPU s)
CPU Caches:
  L1 Instruction 32 KiB (x8)
  L1 Data 32 KiB (x8)
  L2 Unified 512 KiB (x2)
Load Average: 2.66, 2.26, 2.13
----------------------------------------------------------------------------------------------------------------------------------------------------------------------------------------------------------
Benchmark                                                                                                                                                Time             CPU   Iterations UserCounters...
----------------------------------------------------------------------------------------------------------------------------------------------------------------------------------------------------------
BM_main_graph$async_dispatch_104_embedded_elf_riscv_64_main_graph$async_dispatch_104_matmul_like_10x49x32x160_f32/process_time/real_time              1.08 ms         1.09 ms          647 items_per_second=927.236/s
BM_main_graph$async_dispatch_104_embedded_elf_riscv_64_main_graph$async_dispatch_104_matmul_like_10x49x32x160_f32/process_time/real_time              1.08 ms         1.09 ms          647 items_per_second=925.773/s
BM_main_graph$async_dispatch_104_embedded_elf_riscv_64_main_graph$async_dispatch_104_matmul_like_10x49x32x160_f32/process_time/real_time              1.08 ms         1.09 ms          647 items_per_second=927.137/s
BM_main_graph$async_dispatch_104_embedded_elf_riscv_64_main_graph$async_dispatch_104_matmul_like_10x49x32x160_f32/process_time/real_time              1.08 ms         1.08 ms          647 items_per_second=928.65/s
BM_main_graph$async_dispatch_104_embedded_elf_riscv_64_main_graph$async_dispatch_104_matmul_like_10x49x32x160_f32/process_time/real_time              1.08 ms         1.09 ms          647 items_per_second=926.222/s
BM_main_graph$async_dispatch_104_embedded_elf_riscv_64_main_graph$async_dispatch_104_matmul_like_10x49x32x160_f32/process_time/real_time              1.08 ms         1.09 ms          647 items_per_second=923.393/s
BM_main_graph$async_dispatch_104_embedded_elf_riscv_64_main_graph$async_dispatch_104_matmul_like_10x49x32x160_f32/process_time/real_time              1.08 ms         1.08 ms          647 items_per_second=928.981/s
BM_main_graph$async_dispatch_104_embedded_elf_riscv_64_main_graph$async_dispatch_104_matmul_like_10x49x32x160_f32/process_time/real_time              1.08 ms         1.09 ms          647 items_per_second=925.753/s
BM_main_graph$async_dispatch_104_embedded_elf_riscv_64_main_graph$async_dispatch_104_matmul_like_10x49x32x160_f32/process_time/real_time              1.08 ms         1.08 ms          647 items_per_second=928.542/s
BM_main_graph$async_dispatch_104_embedded_elf_riscv_64_main_graph$async_dispatch_104_matmul_like_10x49x32x160_f32/process_time/real_time              1.08 ms         1.08 ms          647 items_per_second=928.031/s
BM_main_graph$async_dispatch_104_embedded_elf_riscv_64_main_graph$async_dispatch_104_matmul_like_10x49x32x160_f32/process_time/real_time_mean         1.08 ms         1.09 ms           10 items_per_second=926.972/s
BM_main_graph$async_dispatch_104_embedded_elf_riscv_64_main_graph$async_dispatch_104_matmul_like_10x49x32x160_f32/process_time/real_time_median       1.08 ms         1.09 ms           10 items_per_second=927.186/s
BM_main_graph$async_dispatch_104_embedded_elf_riscv_64_main_graph$async_dispatch_104_matmul_like_10x49x32x160_f32/process_time/real_time_stddev      0.002 ms        0.002 ms           10 items_per_second=1.7268/s
BM_main_graph$async_dispatch_104_embedded_elf_riscv_64_main_graph$async_dispatch_104_matmul_like_10x49x32x160_f32/process_time/real_time_cv           0.19 %          0.15 %            10 items_per_second=0.19%
