2026-01-08T12:20:27.276349
Running tools/iree-benchmark-module --module=/home/dima/sched_vmfb/glpdepth/module_main_graph$async_dispatch_71_embedded_elf_riscv_64_benchmark.vmfb --device=local-task --function=main_graph$async_dispatch_71_embedded_elf_riscv_64_main_graph$async_dispatch_71_conv_28x28x256x3x3_f32 --input=1xi32=1 --task_topology_cpu_ids=0 --benchmark_repetitions=10
2026-01-08T12:20:27+08:00
Running tools/iree-benchmark-module
Run on (8 X 1600 MHz CPU s)
CPU Caches:
  L1 Instruction 32 KiB (x8)
  L1 Data 32 KiB (x8)
  L2 Unified 512 KiB (x2)
Load Average: 3.10, 3.04, 2.72
--------------------------------------------------------------------------------------------------------------------------------------------------------------------------------------------------
Benchmark                                                                                                                                        Time             CPU   Iterations UserCounters...
--------------------------------------------------------------------------------------------------------------------------------------------------------------------------------------------------
BM_main_graph$async_dispatch_71_embedded_elf_riscv_64_main_graph$async_dispatch_71_conv_28x28x256x3x3_f32/process_time/real_time              26.2 ms         26.2 ms           27 items_per_second=38.184/s
BM_main_graph$async_dispatch_71_embedded_elf_riscv_64_main_graph$async_dispatch_71_conv_28x28x256x3x3_f32/process_time/real_time              26.1 ms         26.1 ms           27 items_per_second=38.2838/s
BM_main_graph$async_dispatch_71_embedded_elf_riscv_64_main_graph$async_dispatch_71_conv_28x28x256x3x3_f32/process_time/real_time              26.1 ms         26.1 ms           27 items_per_second=38.2674/s
BM_main_graph$async_dispatch_71_embedded_elf_riscv_64_main_graph$async_dispatch_71_conv_28x28x256x3x3_f32/process_time/real_time              26.2 ms         26.2 ms           27 items_per_second=38.1839/s
BM_main_graph$async_dispatch_71_embedded_elf_riscv_64_main_graph$async_dispatch_71_conv_28x28x256x3x3_f32/process_time/real_time              26.1 ms         26.1 ms           27 items_per_second=38.2832/s
BM_main_graph$async_dispatch_71_embedded_elf_riscv_64_main_graph$async_dispatch_71_conv_28x28x256x3x3_f32/process_time/real_time              26.1 ms         26.1 ms           27 items_per_second=38.2628/s
BM_main_graph$async_dispatch_71_embedded_elf_riscv_64_main_graph$async_dispatch_71_conv_28x28x256x3x3_f32/process_time/real_time              26.2 ms         26.2 ms           27 items_per_second=38.1598/s
BM_main_graph$async_dispatch_71_embedded_elf_riscv_64_main_graph$async_dispatch_71_conv_28x28x256x3x3_f32/process_time/real_time              26.1 ms         26.1 ms           27 items_per_second=38.2714/s
BM_main_graph$async_dispatch_71_embedded_elf_riscv_64_main_graph$async_dispatch_71_conv_28x28x256x3x3_f32/process_time/real_time              26.1 ms         26.1 ms           27 items_per_second=38.2827/s
BM_main_graph$async_dispatch_71_embedded_elf_riscv_64_main_graph$async_dispatch_71_conv_28x28x256x3x3_f32/process_time/real_time              26.2 ms         26.2 ms           27 items_per_second=38.152/s
BM_main_graph$async_dispatch_71_embedded_elf_riscv_64_main_graph$async_dispatch_71_conv_28x28x256x3x3_f32/process_time/real_time_mean         26.2 ms         26.2 ms           10 items_per_second=38.2331/s
BM_main_graph$async_dispatch_71_embedded_elf_riscv_64_main_graph$async_dispatch_71_conv_28x28x256x3x3_f32/process_time/real_time_median       26.1 ms         26.1 ms           10 items_per_second=38.2651/s
BM_main_graph$async_dispatch_71_embedded_elf_riscv_64_main_graph$async_dispatch_71_conv_28x28x256x3x3_f32/process_time/real_time_stddev      0.038 ms        0.038 ms           10 items_per_second=0.0556312/s
BM_main_graph$async_dispatch_71_embedded_elf_riscv_64_main_graph$async_dispatch_71_conv_28x28x256x3x3_f32/process_time/real_time_cv           0.15 %          0.15 %            10 items_per_second=0.15%
