2026-01-08T12:18:23.945240
Running tools/iree-benchmark-module --module=/home/dima/sched_vmfb/glpdepth/module_main_graph$async_dispatch_56_embedded_elf_riscv_64_benchmark.vmfb --device=local-task --function=main_graph$async_dispatch_56_embedded_elf_riscv_64_main_graph$async_dispatch_56_reduction_49x64_f32 --input=1xi32=1 --task_topology_cpu_ids=0 --benchmark_repetitions=10
2026-01-08T12:18:23+08:00
Running tools/iree-benchmark-module
Run on (8 X 1600 MHz CPU s)
CPU Caches:
  L1 Instruction 32 KiB (x8)
  L1 Data 32 KiB (x8)
  L2 Unified 512 KiB (x2)
Load Average: 3.06, 2.99, 2.65
-----------------------------------------------------------------------------------------------------------------------------------------------------------------------------------------------
Benchmark                                                                                                                                     Time             CPU   Iterations UserCounters...
-----------------------------------------------------------------------------------------------------------------------------------------------------------------------------------------------
BM_main_graph$async_dispatch_56_embedded_elf_riscv_64_main_graph$async_dispatch_56_reduction_49x64_f32/process_time/real_time             0.207 ms        0.213 ms         3370 items_per_second=4.83751k/s
BM_main_graph$async_dispatch_56_embedded_elf_riscv_64_main_graph$async_dispatch_56_reduction_49x64_f32/process_time/real_time             0.207 ms        0.214 ms         3370 items_per_second=4.81949k/s
BM_main_graph$async_dispatch_56_embedded_elf_riscv_64_main_graph$async_dispatch_56_reduction_49x64_f32/process_time/real_time             0.207 ms        0.214 ms         3370 items_per_second=4.82974k/s
BM_main_graph$async_dispatch_56_embedded_elf_riscv_64_main_graph$async_dispatch_56_reduction_49x64_f32/process_time/real_time             0.207 ms        0.214 ms         3370 items_per_second=4.8238k/s
BM_main_graph$async_dispatch_56_embedded_elf_riscv_64_main_graph$async_dispatch_56_reduction_49x64_f32/process_time/real_time             0.207 ms        0.213 ms         3370 items_per_second=4.83706k/s
BM_main_graph$async_dispatch_56_embedded_elf_riscv_64_main_graph$async_dispatch_56_reduction_49x64_f32/process_time/real_time             0.208 ms        0.214 ms         3370 items_per_second=4.80451k/s
BM_main_graph$async_dispatch_56_embedded_elf_riscv_64_main_graph$async_dispatch_56_reduction_49x64_f32/process_time/real_time             0.210 ms        0.215 ms         3370 items_per_second=4.75365k/s
BM_main_graph$async_dispatch_56_embedded_elf_riscv_64_main_graph$async_dispatch_56_reduction_49x64_f32/process_time/real_time             0.209 ms        0.214 ms         3370 items_per_second=4.7952k/s
BM_main_graph$async_dispatch_56_embedded_elf_riscv_64_main_graph$async_dispatch_56_reduction_49x64_f32/process_time/real_time             0.200 ms        0.202 ms         3370 items_per_second=5.0029k/s
BM_main_graph$async_dispatch_56_embedded_elf_riscv_64_main_graph$async_dispatch_56_reduction_49x64_f32/process_time/real_time             0.187 ms        0.187 ms         3370 items_per_second=5.3434k/s
BM_main_graph$async_dispatch_56_embedded_elf_riscv_64_main_graph$async_dispatch_56_reduction_49x64_f32/process_time/real_time_mean        0.205 ms        0.210 ms           10 items_per_second=4.88473k/s
BM_main_graph$async_dispatch_56_embedded_elf_riscv_64_main_graph$async_dispatch_56_reduction_49x64_f32/process_time/real_time_median      0.207 ms        0.214 ms           10 items_per_second=4.82677k/s
BM_main_graph$async_dispatch_56_embedded_elf_riscv_64_main_graph$async_dispatch_56_reduction_49x64_f32/process_time/real_time_stddev      0.007 ms        0.009 ms           10 items_per_second=173.676/s
BM_main_graph$async_dispatch_56_embedded_elf_riscv_64_main_graph$async_dispatch_56_reduction_49x64_f32/process_time/real_time_cv           3.32 %          4.17 %            10 items_per_second=3.56%
