2026-01-08T12:11:25.424153
Running tools/iree-benchmark-module --module=/home/dima/sched_vmfb/glpdepth/module_main_graph$async_dispatch_164_embedded_elf_riscv_64_benchmark.vmfb --device=local-task --function=main_graph$async_dispatch_164_embedded_elf_riscv_64_main_graph$async_dispatch_164_pack_f32 --input=1xi32=1 --task_topology_cpu_ids=0 --benchmark_repetitions=10
2026-01-08T12:11:25+08:00
Running tools/iree-benchmark-module
Run on (8 X 1600 MHz CPU s)
CPU Caches:
  L1 Instruction 32 KiB (x8)
  L1 Data 32 KiB (x8)
  L2 Unified 512 KiB (x2)
Load Average: 3.01, 2.79, 2.41
--------------------------------------------------------------------------------------------------------------------------------------------------------------------------------------
Benchmark                                                                                                                            Time             CPU   Iterations UserCounters...
--------------------------------------------------------------------------------------------------------------------------------------------------------------------------------------
BM_main_graph$async_dispatch_164_embedded_elf_riscv_64_main_graph$async_dispatch_164_pack_f32/process_time/real_time             0.825 ms        0.830 ms          843 items_per_second=1.21285k/s
BM_main_graph$async_dispatch_164_embedded_elf_riscv_64_main_graph$async_dispatch_164_pack_f32/process_time/real_time             0.821 ms        0.824 ms          843 items_per_second=1.21781k/s
BM_main_graph$async_dispatch_164_embedded_elf_riscv_64_main_graph$async_dispatch_164_pack_f32/process_time/real_time             0.816 ms        0.817 ms          843 items_per_second=1.22491k/s
BM_main_graph$async_dispatch_164_embedded_elf_riscv_64_main_graph$async_dispatch_164_pack_f32/process_time/real_time             0.817 ms        0.820 ms          843 items_per_second=1.22324k/s
BM_main_graph$async_dispatch_164_embedded_elf_riscv_64_main_graph$async_dispatch_164_pack_f32/process_time/real_time             0.821 ms        0.825 ms          843 items_per_second=1.21843k/s
BM_main_graph$async_dispatch_164_embedded_elf_riscv_64_main_graph$async_dispatch_164_pack_f32/process_time/real_time             0.827 ms        0.834 ms          843 items_per_second=1.20909k/s
BM_main_graph$async_dispatch_164_embedded_elf_riscv_64_main_graph$async_dispatch_164_pack_f32/process_time/real_time             0.825 ms        0.832 ms          843 items_per_second=1.21263k/s
BM_main_graph$async_dispatch_164_embedded_elf_riscv_64_main_graph$async_dispatch_164_pack_f32/process_time/real_time             0.825 ms        0.833 ms          843 items_per_second=1.21145k/s
BM_main_graph$async_dispatch_164_embedded_elf_riscv_64_main_graph$async_dispatch_164_pack_f32/process_time/real_time             0.827 ms        0.835 ms          843 items_per_second=1.20891k/s
BM_main_graph$async_dispatch_164_embedded_elf_riscv_64_main_graph$async_dispatch_164_pack_f32/process_time/real_time             0.821 ms        0.825 ms          843 items_per_second=1.21798k/s
BM_main_graph$async_dispatch_164_embedded_elf_riscv_64_main_graph$async_dispatch_164_pack_f32/process_time/real_time_mean        0.823 ms        0.827 ms           10 items_per_second=1.21573k/s
BM_main_graph$async_dispatch_164_embedded_elf_riscv_64_main_graph$async_dispatch_164_pack_f32/process_time/real_time_median      0.823 ms        0.828 ms           10 items_per_second=1.21533k/s
BM_main_graph$async_dispatch_164_embedded_elf_riscv_64_main_graph$async_dispatch_164_pack_f32/process_time/real_time_stddev      0.004 ms        0.006 ms           10 items_per_second=5.61922/s
BM_main_graph$async_dispatch_164_embedded_elf_riscv_64_main_graph$async_dispatch_164_pack_f32/process_time/real_time_cv           0.46 %          0.75 %            10 items_per_second=0.46%
