2026-01-08T12:17:20.214299
Running tools/iree-benchmark-module --module=/home/dima/sched_vmfb/glpdepth/module_main_graph$async_dispatch_24_embedded_elf_riscv_64_benchmark.vmfb --device=local-task --function=main_graph$async_dispatch_24_embedded_elf_riscv_64_main_graph$async_dispatch_24_mmt4d_5x98x128x7x32x1_f32 --input=1xi32=1 --task_topology_cpu_ids=0 --benchmark_repetitions=10
2026-01-08T12:17:20+08:00
Running tools/iree-benchmark-module
Run on (8 X 1600 MHz CPU s)
CPU Caches:
  L1 Instruction 32 KiB (x8)
  L1 Data 32 KiB (x8)
  L2 Unified 512 KiB (x2)
Load Average: 3.00, 2.96, 2.62
-----------------------------------------------------------------------------------------------------------------------------------------------------------------------------------------------------
Benchmark                                                                                                                                           Time             CPU   Iterations UserCounters...
-----------------------------------------------------------------------------------------------------------------------------------------------------------------------------------------------------
BM_main_graph$async_dispatch_24_embedded_elf_riscv_64_main_graph$async_dispatch_24_mmt4d_5x98x128x7x32x1_f32/process_time/real_time              5.40 ms         5.40 ms          129 items_per_second=185.332/s
BM_main_graph$async_dispatch_24_embedded_elf_riscv_64_main_graph$async_dispatch_24_mmt4d_5x98x128x7x32x1_f32/process_time/real_time              5.37 ms         5.38 ms          129 items_per_second=186.059/s
BM_main_graph$async_dispatch_24_embedded_elf_riscv_64_main_graph$async_dispatch_24_mmt4d_5x98x128x7x32x1_f32/process_time/real_time              5.37 ms         5.38 ms          129 items_per_second=186.155/s
BM_main_graph$async_dispatch_24_embedded_elf_riscv_64_main_graph$async_dispatch_24_mmt4d_5x98x128x7x32x1_f32/process_time/real_time              5.40 ms         5.41 ms          129 items_per_second=185.227/s
BM_main_graph$async_dispatch_24_embedded_elf_riscv_64_main_graph$async_dispatch_24_mmt4d_5x98x128x7x32x1_f32/process_time/real_time              5.37 ms         5.38 ms          129 items_per_second=186.175/s
BM_main_graph$async_dispatch_24_embedded_elf_riscv_64_main_graph$async_dispatch_24_mmt4d_5x98x128x7x32x1_f32/process_time/real_time              5.37 ms         5.38 ms          129 items_per_second=186.111/s
BM_main_graph$async_dispatch_24_embedded_elf_riscv_64_main_graph$async_dispatch_24_mmt4d_5x98x128x7x32x1_f32/process_time/real_time              5.39 ms         5.40 ms          129 items_per_second=185.404/s
BM_main_graph$async_dispatch_24_embedded_elf_riscv_64_main_graph$async_dispatch_24_mmt4d_5x98x128x7x32x1_f32/process_time/real_time              5.36 ms         5.36 ms          129 items_per_second=186.547/s
BM_main_graph$async_dispatch_24_embedded_elf_riscv_64_main_graph$async_dispatch_24_mmt4d_5x98x128x7x32x1_f32/process_time/real_time              5.35 ms         5.35 ms          129 items_per_second=186.785/s
BM_main_graph$async_dispatch_24_embedded_elf_riscv_64_main_graph$async_dispatch_24_mmt4d_5x98x128x7x32x1_f32/process_time/real_time              5.39 ms         5.39 ms          129 items_per_second=185.653/s
BM_main_graph$async_dispatch_24_embedded_elf_riscv_64_main_graph$async_dispatch_24_mmt4d_5x98x128x7x32x1_f32/process_time/real_time_mean         5.38 ms         5.38 ms           10 items_per_second=185.945/s
BM_main_graph$async_dispatch_24_embedded_elf_riscv_64_main_graph$async_dispatch_24_mmt4d_5x98x128x7x32x1_f32/process_time/real_time_median       5.37 ms         5.38 ms           10 items_per_second=186.085/s
BM_main_graph$async_dispatch_24_embedded_elf_riscv_64_main_graph$async_dispatch_24_mmt4d_5x98x128x7x32x1_f32/process_time/real_time_stddev      0.015 ms        0.017 ms           10 items_per_second=0.524301/s
BM_main_graph$async_dispatch_24_embedded_elf_riscv_64_main_graph$async_dispatch_24_mmt4d_5x98x128x7x32x1_f32/process_time/real_time_cv           0.28 %          0.32 %            10 items_per_second=0.28%
