2026-01-08T12:20:05.618192
Running tools/iree-benchmark-module --module=/home/dima/sched_vmfb/glpdepth/module_main_graph$async_dispatch_69_embedded_elf_riscv_64_benchmark.vmfb --device=local-task --function=main_graph$async_dispatch_69_embedded_elf_riscv_64_main_graph$async_dispatch_69_reduction_784x64_f32 --input=1xi32=1 --task_topology_cpu_ids=0 --benchmark_repetitions=10
2026-01-08T12:20:05+08:00
Running tools/iree-benchmark-module
Run on (8 X 1600 MHz CPU s)
CPU Caches:
  L1 Instruction 32 KiB (x8)
  L1 Data 32 KiB (x8)
  L2 Unified 512 KiB (x2)
Load Average: 3.07, 3.03, 2.71
------------------------------------------------------------------------------------------------------------------------------------------------------------------------------------------------
Benchmark                                                                                                                                      Time             CPU   Iterations UserCounters...
------------------------------------------------------------------------------------------------------------------------------------------------------------------------------------------------
BM_main_graph$async_dispatch_69_embedded_elf_riscv_64_main_graph$async_dispatch_69_reduction_784x64_f32/process_time/real_time             0.774 ms        0.779 ms          909 items_per_second=1.29276k/s
BM_main_graph$async_dispatch_69_embedded_elf_riscv_64_main_graph$async_dispatch_69_reduction_784x64_f32/process_time/real_time             0.776 ms        0.783 ms          909 items_per_second=1.28808k/s
BM_main_graph$async_dispatch_69_embedded_elf_riscv_64_main_graph$async_dispatch_69_reduction_784x64_f32/process_time/real_time             0.772 ms        0.777 ms          909 items_per_second=1.29607k/s
BM_main_graph$async_dispatch_69_embedded_elf_riscv_64_main_graph$async_dispatch_69_reduction_784x64_f32/process_time/real_time             0.801 ms        0.800 ms          909 items_per_second=1.24838k/s
BM_main_graph$async_dispatch_69_embedded_elf_riscv_64_main_graph$async_dispatch_69_reduction_784x64_f32/process_time/real_time             0.781 ms        0.786 ms          909 items_per_second=1.27997k/s
BM_main_graph$async_dispatch_69_embedded_elf_riscv_64_main_graph$async_dispatch_69_reduction_784x64_f32/process_time/real_time             0.782 ms        0.789 ms          909 items_per_second=1.2781k/s
BM_main_graph$async_dispatch_69_embedded_elf_riscv_64_main_graph$async_dispatch_69_reduction_784x64_f32/process_time/real_time             0.763 ms        0.769 ms          909 items_per_second=1.31117k/s
BM_main_graph$async_dispatch_69_embedded_elf_riscv_64_main_graph$async_dispatch_69_reduction_784x64_f32/process_time/real_time             0.775 ms        0.781 ms          909 items_per_second=1.2904k/s
BM_main_graph$async_dispatch_69_embedded_elf_riscv_64_main_graph$async_dispatch_69_reduction_784x64_f32/process_time/real_time             0.779 ms        0.785 ms          909 items_per_second=1.28302k/s
BM_main_graph$async_dispatch_69_embedded_elf_riscv_64_main_graph$async_dispatch_69_reduction_784x64_f32/process_time/real_time             0.763 ms        0.769 ms          909 items_per_second=1.31111k/s
BM_main_graph$async_dispatch_69_embedded_elf_riscv_64_main_graph$async_dispatch_69_reduction_784x64_f32/process_time/real_time_mean        0.777 ms        0.782 ms           10 items_per_second=1.2879k/s
BM_main_graph$async_dispatch_69_embedded_elf_riscv_64_main_graph$async_dispatch_69_reduction_784x64_f32/process_time/real_time_median      0.776 ms        0.782 ms           10 items_per_second=1.28924k/s
BM_main_graph$async_dispatch_69_embedded_elf_riscv_64_main_graph$async_dispatch_69_reduction_784x64_f32/process_time/real_time_stddev      0.011 ms        0.009 ms           10 items_per_second=18.0171/s
BM_main_graph$async_dispatch_69_embedded_elf_riscv_64_main_graph$async_dispatch_69_reduction_784x64_f32/process_time/real_time_cv           1.41 %          1.17 %            10 items_per_second=1.40%
