2026-01-08T12:13:55.417976
Running tools/iree-benchmark-module --module=/home/dima/sched_vmfb/glpdepth/module_main_graph$async_dispatch_204_embedded_elf_riscv_64_benchmark.vmfb --device=local-task --function=main_graph$async_dispatch_204_embedded_elf_riscv_64_main_graph$async_dispatch_204_matmul_like_64x3136x32_f32 --input=1xi32=1 --task_topology_cpu_ids=0 --benchmark_repetitions=10
2026-01-08T12:13:55+08:00
Running tools/iree-benchmark-module
Run on (8 X 1600 MHz CPU s)
CPU Caches:
  L1 Instruction 32 KiB (x8)
  L1 Data 32 KiB (x8)
  L2 Unified 512 KiB (x2)
Load Average: 3.09, 2.91, 2.51
--------------------------------------------------------------------------------------------------------------------------------------------------------------------------------------------------------
Benchmark                                                                                                                                              Time             CPU   Iterations UserCounters...
--------------------------------------------------------------------------------------------------------------------------------------------------------------------------------------------------------
BM_main_graph$async_dispatch_204_embedded_elf_riscv_64_main_graph$async_dispatch_204_matmul_like_64x3136x32_f32/process_time/real_time               135 ms          135 ms            5 items_per_second=7.38703/s
BM_main_graph$async_dispatch_204_embedded_elf_riscv_64_main_graph$async_dispatch_204_matmul_like_64x3136x32_f32/process_time/real_time               135 ms          135 ms            5 items_per_second=7.38597/s
BM_main_graph$async_dispatch_204_embedded_elf_riscv_64_main_graph$async_dispatch_204_matmul_like_64x3136x32_f32/process_time/real_time               133 ms          133 ms            5 items_per_second=7.51643/s
BM_main_graph$async_dispatch_204_embedded_elf_riscv_64_main_graph$async_dispatch_204_matmul_like_64x3136x32_f32/process_time/real_time               133 ms          133 ms            5 items_per_second=7.51803/s
BM_main_graph$async_dispatch_204_embedded_elf_riscv_64_main_graph$async_dispatch_204_matmul_like_64x3136x32_f32/process_time/real_time               133 ms          133 ms            5 items_per_second=7.49304/s
BM_main_graph$async_dispatch_204_embedded_elf_riscv_64_main_graph$async_dispatch_204_matmul_like_64x3136x32_f32/process_time/real_time               133 ms          133 ms            5 items_per_second=7.52866/s
BM_main_graph$async_dispatch_204_embedded_elf_riscv_64_main_graph$async_dispatch_204_matmul_like_64x3136x32_f32/process_time/real_time               133 ms          133 ms            5 items_per_second=7.52004/s
BM_main_graph$async_dispatch_204_embedded_elf_riscv_64_main_graph$async_dispatch_204_matmul_like_64x3136x32_f32/process_time/real_time               133 ms          133 ms            5 items_per_second=7.49601/s
BM_main_graph$async_dispatch_204_embedded_elf_riscv_64_main_graph$async_dispatch_204_matmul_like_64x3136x32_f32/process_time/real_time               133 ms          133 ms            5 items_per_second=7.52549/s
BM_main_graph$async_dispatch_204_embedded_elf_riscv_64_main_graph$async_dispatch_204_matmul_like_64x3136x32_f32/process_time/real_time               133 ms          133 ms            5 items_per_second=7.5208/s
BM_main_graph$async_dispatch_204_embedded_elf_riscv_64_main_graph$async_dispatch_204_matmul_like_64x3136x32_f32/process_time/real_time_mean          134 ms          133 ms           10 items_per_second=7.48915/s
BM_main_graph$async_dispatch_204_embedded_elf_riscv_64_main_graph$async_dispatch_204_matmul_like_64x3136x32_f32/process_time/real_time_median        133 ms          133 ms           10 items_per_second=7.51723/s
BM_main_graph$async_dispatch_204_embedded_elf_riscv_64_main_graph$async_dispatch_204_matmul_like_64x3136x32_f32/process_time/real_time_stddev      0.996 ms        0.919 ms           10 items_per_second=0.0553276/s
BM_main_graph$async_dispatch_204_embedded_elf_riscv_64_main_graph$async_dispatch_204_matmul_like_64x3136x32_f32/process_time/real_time_cv           0.75 %          0.69 %            10 items_per_second=0.74%
