2026-01-08T12:19:22.347907
Running tools/iree-benchmark-module --module=/home/dima/sched_vmfb/glpdepth/module_main_graph$async_dispatch_63_embedded_elf_riscv_64_benchmark.vmfb --device=local-task --function=main_graph$async_dispatch_63_embedded_elf_riscv_64_main_graph$async_dispatch_63_elementwise_broadcast_2x49x32_f32_pack --input=1xi32=1 --task_topology_cpu_ids=0 --benchmark_repetitions=10
2026-01-08T12:19:22+08:00
Running tools/iree-benchmark-module
Run on (8 X 1600 MHz CPU s)
CPU Caches:
  L1 Instruction 32 KiB (x8)
  L1 Data 32 KiB (x8)
  L2 Unified 512 KiB (x2)
Load Average: 3.15, 3.03, 2.69
------------------------------------------------------------------------------------------------------------------------------------------------------------------------------------------------------------------
Benchmark                                                                                                                                                        Time             CPU   Iterations UserCounters...
------------------------------------------------------------------------------------------------------------------------------------------------------------------------------------------------------------------
BM_main_graph$async_dispatch_63_embedded_elf_riscv_64_main_graph$async_dispatch_63_elementwise_broadcast_2x49x32_f32_pack/process_time/real_time             0.080 ms        0.087 ms         8634 items_per_second=12.542k/s
BM_main_graph$async_dispatch_63_embedded_elf_riscv_64_main_graph$async_dispatch_63_elementwise_broadcast_2x49x32_f32_pack/process_time/real_time             0.080 ms        0.087 ms         8634 items_per_second=12.4959k/s
BM_main_graph$async_dispatch_63_embedded_elf_riscv_64_main_graph$async_dispatch_63_elementwise_broadcast_2x49x32_f32_pack/process_time/real_time             0.080 ms        0.087 ms         8634 items_per_second=12.4861k/s
BM_main_graph$async_dispatch_63_embedded_elf_riscv_64_main_graph$async_dispatch_63_elementwise_broadcast_2x49x32_f32_pack/process_time/real_time             0.080 ms        0.086 ms         8634 items_per_second=12.5509k/s
BM_main_graph$async_dispatch_63_embedded_elf_riscv_64_main_graph$async_dispatch_63_elementwise_broadcast_2x49x32_f32_pack/process_time/real_time             0.080 ms        0.086 ms         8634 items_per_second=12.5551k/s
BM_main_graph$async_dispatch_63_embedded_elf_riscv_64_main_graph$async_dispatch_63_elementwise_broadcast_2x49x32_f32_pack/process_time/real_time             0.080 ms        0.086 ms         8634 items_per_second=12.5264k/s
BM_main_graph$async_dispatch_63_embedded_elf_riscv_64_main_graph$async_dispatch_63_elementwise_broadcast_2x49x32_f32_pack/process_time/real_time             0.080 ms        0.087 ms         8634 items_per_second=12.5481k/s
BM_main_graph$async_dispatch_63_embedded_elf_riscv_64_main_graph$async_dispatch_63_elementwise_broadcast_2x49x32_f32_pack/process_time/real_time             0.080 ms        0.087 ms         8634 items_per_second=12.4645k/s
BM_main_graph$async_dispatch_63_embedded_elf_riscv_64_main_graph$async_dispatch_63_elementwise_broadcast_2x49x32_f32_pack/process_time/real_time             0.079 ms        0.086 ms         8634 items_per_second=12.6112k/s
BM_main_graph$async_dispatch_63_embedded_elf_riscv_64_main_graph$async_dispatch_63_elementwise_broadcast_2x49x32_f32_pack/process_time/real_time             0.080 ms        0.086 ms         8634 items_per_second=12.5783k/s
BM_main_graph$async_dispatch_63_embedded_elf_riscv_64_main_graph$async_dispatch_63_elementwise_broadcast_2x49x32_f32_pack/process_time/real_time_mean        0.080 ms        0.087 ms           10 items_per_second=12.5358k/s
BM_main_graph$async_dispatch_63_embedded_elf_riscv_64_main_graph$async_dispatch_63_elementwise_broadcast_2x49x32_f32_pack/process_time/real_time_median      0.080 ms        0.086 ms           10 items_per_second=12.545k/s
BM_main_graph$async_dispatch_63_embedded_elf_riscv_64_main_graph$async_dispatch_63_elementwise_broadcast_2x49x32_f32_pack/process_time/real_time_stddev      0.000 ms        0.000 ms           10 items_per_second=44.1345/s
BM_main_graph$async_dispatch_63_embedded_elf_riscv_64_main_graph$async_dispatch_63_elementwise_broadcast_2x49x32_f32_pack/process_time/real_time_cv           0.35 %          0.39 %            10 items_per_second=0.35%
