2026-01-08T12:13:26.325375
Running tools/iree-benchmark-module --module=/home/dima/sched_vmfb/glpdepth/module_main_graph$async_dispatch_200_embedded_elf_riscv_64_benchmark.vmfb --device=local-task --function=main_graph$async_dispatch_200_embedded_elf_riscv_64_main_graph$async_dispatch_200_conv_32x28x28x64x3x3_f32 --input=1xi32=1 --task_topology_cpu_ids=0 --benchmark_repetitions=10
2026-01-08T12:13:26+08:00
Running tools/iree-benchmark-module
Run on (8 X 1600 MHz CPU s)
CPU Caches:
  L1 Instruction 32 KiB (x8)
  L1 Data 32 KiB (x8)
  L2 Unified 512 KiB (x2)
Load Average: 3.01, 2.88, 2.49
------------------------------------------------------------------------------------------------------------------------------------------------------------------------------------------------------
Benchmark                                                                                                                                            Time             CPU   Iterations UserCounters...
------------------------------------------------------------------------------------------------------------------------------------------------------------------------------------------------------
BM_main_graph$async_dispatch_200_embedded_elf_riscv_64_main_graph$async_dispatch_200_conv_32x28x28x64x3x3_f32/process_time/real_time              88.2 ms         88.1 ms            8 items_per_second=11.3431/s
BM_main_graph$async_dispatch_200_embedded_elf_riscv_64_main_graph$async_dispatch_200_conv_32x28x28x64x3x3_f32/process_time/real_time              88.0 ms         88.0 ms            8 items_per_second=11.3575/s
BM_main_graph$async_dispatch_200_embedded_elf_riscv_64_main_graph$async_dispatch_200_conv_32x28x28x64x3x3_f32/process_time/real_time              88.3 ms         88.3 ms            8 items_per_second=11.3293/s
BM_main_graph$async_dispatch_200_embedded_elf_riscv_64_main_graph$async_dispatch_200_conv_32x28x28x64x3x3_f32/process_time/real_time              88.0 ms         88.0 ms            8 items_per_second=11.3631/s
BM_main_graph$async_dispatch_200_embedded_elf_riscv_64_main_graph$async_dispatch_200_conv_32x28x28x64x3x3_f32/process_time/real_time              88.0 ms         88.0 ms            8 items_per_second=11.3676/s
BM_main_graph$async_dispatch_200_embedded_elf_riscv_64_main_graph$async_dispatch_200_conv_32x28x28x64x3x3_f32/process_time/real_time              88.3 ms         88.3 ms            8 items_per_second=11.3214/s
BM_main_graph$async_dispatch_200_embedded_elf_riscv_64_main_graph$async_dispatch_200_conv_32x28x28x64x3x3_f32/process_time/real_time              88.0 ms         88.0 ms            8 items_per_second=11.3591/s
BM_main_graph$async_dispatch_200_embedded_elf_riscv_64_main_graph$async_dispatch_200_conv_32x28x28x64x3x3_f32/process_time/real_time              88.4 ms         88.3 ms            8 items_per_second=11.3162/s
BM_main_graph$async_dispatch_200_embedded_elf_riscv_64_main_graph$async_dispatch_200_conv_32x28x28x64x3x3_f32/process_time/real_time              88.6 ms         88.6 ms            8 items_per_second=11.2815/s
BM_main_graph$async_dispatch_200_embedded_elf_riscv_64_main_graph$async_dispatch_200_conv_32x28x28x64x3x3_f32/process_time/real_time              88.0 ms         88.0 ms            8 items_per_second=11.3659/s
BM_main_graph$async_dispatch_200_embedded_elf_riscv_64_main_graph$async_dispatch_200_conv_32x28x28x64x3x3_f32/process_time/real_time_mean         88.2 ms         88.2 ms           10 items_per_second=11.3405/s
BM_main_graph$async_dispatch_200_embedded_elf_riscv_64_main_graph$async_dispatch_200_conv_32x28x28x64x3x3_f32/process_time/real_time_median       88.1 ms         88.1 ms           10 items_per_second=11.3503/s
BM_main_graph$async_dispatch_200_embedded_elf_riscv_64_main_graph$async_dispatch_200_conv_32x28x28x64x3x3_f32/process_time/real_time_stddev      0.219 ms        0.214 ms           10 items_per_second=0.0280648/s
BM_main_graph$async_dispatch_200_embedded_elf_riscv_64_main_graph$async_dispatch_200_conv_32x28x28x64x3x3_f32/process_time/real_time_cv           0.25 %          0.24 %            10 items_per_second=0.25%
