2026-01-08T12:05:52.431452
Running tools/iree-benchmark-module --module=/home/dima/sched_vmfb/glpdepth/module_main_graph$async_dispatch_101_embedded_elf_riscv_64_benchmark.vmfb --device=local-task --function=main_graph$async_dispatch_101_embedded_elf_riscv_64_main_graph$async_dispatch_101_matmul_like_5x196x32x160_f32_pack --input=1xi32=1 --task_topology_cpu_ids=0 --benchmark_repetitions=10
2026-01-08T12:05:52+08:00
Running tools/iree-benchmark-module
Run on (8 X 1600 MHz CPU s)
CPU Caches:
  L1 Instruction 32 KiB (x8)
  L1 Data 32 KiB (x8)
  L2 Unified 512 KiB (x2)
Load Average: 2.53, 2.21, 2.11
---------------------------------------------------------------------------------------------------------------------------------------------------------------------------------------------------------------
Benchmark                                                                                                                                                     Time             CPU   Iterations UserCounters...
---------------------------------------------------------------------------------------------------------------------------------------------------------------------------------------------------------------
BM_main_graph$async_dispatch_101_embedded_elf_riscv_64_main_graph$async_dispatch_101_matmul_like_5x196x32x160_f32_pack/process_time/real_time               282 ms          282 ms            2 items_per_second=3.54552/s
BM_main_graph$async_dispatch_101_embedded_elf_riscv_64_main_graph$async_dispatch_101_matmul_like_5x196x32x160_f32_pack/process_time/real_time               282 ms          282 ms            2 items_per_second=3.54566/s
BM_main_graph$async_dispatch_101_embedded_elf_riscv_64_main_graph$async_dispatch_101_matmul_like_5x196x32x160_f32_pack/process_time/real_time               282 ms          282 ms            2 items_per_second=3.54763/s
BM_main_graph$async_dispatch_101_embedded_elf_riscv_64_main_graph$async_dispatch_101_matmul_like_5x196x32x160_f32_pack/process_time/real_time               283 ms          283 ms            2 items_per_second=3.53027/s
BM_main_graph$async_dispatch_101_embedded_elf_riscv_64_main_graph$async_dispatch_101_matmul_like_5x196x32x160_f32_pack/process_time/real_time               282 ms          282 ms            2 items_per_second=3.54642/s
BM_main_graph$async_dispatch_101_embedded_elf_riscv_64_main_graph$async_dispatch_101_matmul_like_5x196x32x160_f32_pack/process_time/real_time               282 ms          282 ms            2 items_per_second=3.54893/s
BM_main_graph$async_dispatch_101_embedded_elf_riscv_64_main_graph$async_dispatch_101_matmul_like_5x196x32x160_f32_pack/process_time/real_time               282 ms          282 ms            2 items_per_second=3.54703/s
BM_main_graph$async_dispatch_101_embedded_elf_riscv_64_main_graph$async_dispatch_101_matmul_like_5x196x32x160_f32_pack/process_time/real_time               283 ms          283 ms            2 items_per_second=3.52978/s
BM_main_graph$async_dispatch_101_embedded_elf_riscv_64_main_graph$async_dispatch_101_matmul_like_5x196x32x160_f32_pack/process_time/real_time               282 ms          282 ms            2 items_per_second=3.54865/s
BM_main_graph$async_dispatch_101_embedded_elf_riscv_64_main_graph$async_dispatch_101_matmul_like_5x196x32x160_f32_pack/process_time/real_time               282 ms          282 ms            2 items_per_second=3.54815/s
BM_main_graph$async_dispatch_101_embedded_elf_riscv_64_main_graph$async_dispatch_101_matmul_like_5x196x32x160_f32_pack/process_time/real_time_mean          282 ms          282 ms           10 items_per_second=3.5438/s
BM_main_graph$async_dispatch_101_embedded_elf_riscv_64_main_graph$async_dispatch_101_matmul_like_5x196x32x160_f32_pack/process_time/real_time_median        282 ms          282 ms           10 items_per_second=3.54673/s
BM_main_graph$async_dispatch_101_embedded_elf_riscv_64_main_graph$async_dispatch_101_matmul_like_5x196x32x160_f32_pack/process_time/real_time_stddev      0.587 ms        0.567 ms           10 items_per_second=7.35551m/s
BM_main_graph$async_dispatch_101_embedded_elf_riscv_64_main_graph$async_dispatch_101_matmul_like_5x196x32x160_f32_pack/process_time/real_time_cv           0.21 %          0.20 %            10 items_per_second=0.21%
