2026-01-08T12:17:27.239107
Running tools/iree-benchmark-module --module=/home/dima/sched_vmfb/glpdepth/module_main_graph$async_dispatch_2_embedded_elf_riscv_64_benchmark.vmfb --device=local-task --function=main_graph$async_dispatch_2_embedded_elf_riscv_64_main_graph$async_dispatch_2_reduction_3136x32_f32 --input=1xi32=1 --task_topology_cpu_ids=0 --benchmark_repetitions=10
2026-01-08T12:17:27+08:00
Running tools/iree-benchmark-module
Run on (8 X 1600 MHz CPU s)
CPU Caches:
  L1 Instruction 32 KiB (x8)
  L1 Data 32 KiB (x8)
  L2 Unified 512 KiB (x2)
Load Average: 3.00, 2.96, 2.62
-----------------------------------------------------------------------------------------------------------------------------------------------------------------------------------------------
Benchmark                                                                                                                                     Time             CPU   Iterations UserCounters...
-----------------------------------------------------------------------------------------------------------------------------------------------------------------------------------------------
BM_main_graph$async_dispatch_2_embedded_elf_riscv_64_main_graph$async_dispatch_2_reduction_3136x32_f32/process_time/real_time              7.29 ms         7.30 ms           96 items_per_second=137.213/s
BM_main_graph$async_dispatch_2_embedded_elf_riscv_64_main_graph$async_dispatch_2_reduction_3136x32_f32/process_time/real_time              7.32 ms         7.34 ms           96 items_per_second=136.536/s
BM_main_graph$async_dispatch_2_embedded_elf_riscv_64_main_graph$async_dispatch_2_reduction_3136x32_f32/process_time/real_time              7.35 ms         7.35 ms           96 items_per_second=136.095/s
BM_main_graph$async_dispatch_2_embedded_elf_riscv_64_main_graph$async_dispatch_2_reduction_3136x32_f32/process_time/real_time              7.35 ms         7.36 ms           96 items_per_second=135.999/s
BM_main_graph$async_dispatch_2_embedded_elf_riscv_64_main_graph$async_dispatch_2_reduction_3136x32_f32/process_time/real_time              7.40 ms         7.40 ms           96 items_per_second=135.1/s
BM_main_graph$async_dispatch_2_embedded_elf_riscv_64_main_graph$async_dispatch_2_reduction_3136x32_f32/process_time/real_time              7.35 ms         7.37 ms           96 items_per_second=136.055/s
BM_main_graph$async_dispatch_2_embedded_elf_riscv_64_main_graph$async_dispatch_2_reduction_3136x32_f32/process_time/real_time              7.36 ms         7.37 ms           96 items_per_second=135.927/s
BM_main_graph$async_dispatch_2_embedded_elf_riscv_64_main_graph$async_dispatch_2_reduction_3136x32_f32/process_time/real_time              7.39 ms         7.39 ms           96 items_per_second=135.252/s
BM_main_graph$async_dispatch_2_embedded_elf_riscv_64_main_graph$async_dispatch_2_reduction_3136x32_f32/process_time/real_time              7.36 ms         7.36 ms           96 items_per_second=135.921/s
BM_main_graph$async_dispatch_2_embedded_elf_riscv_64_main_graph$async_dispatch_2_reduction_3136x32_f32/process_time/real_time              7.35 ms         7.35 ms           96 items_per_second=136.115/s
BM_main_graph$async_dispatch_2_embedded_elf_riscv_64_main_graph$async_dispatch_2_reduction_3136x32_f32/process_time/real_time_mean         7.35 ms         7.36 ms           10 items_per_second=136.021/s
BM_main_graph$async_dispatch_2_embedded_elf_riscv_64_main_graph$async_dispatch_2_reduction_3136x32_f32/process_time/real_time_median       7.35 ms         7.36 ms           10 items_per_second=136.027/s
BM_main_graph$async_dispatch_2_embedded_elf_riscv_64_main_graph$async_dispatch_2_reduction_3136x32_f32/process_time/real_time_stddev      0.032 ms        0.029 ms           10 items_per_second=0.592477/s
BM_main_graph$async_dispatch_2_embedded_elf_riscv_64_main_graph$async_dispatch_2_reduction_3136x32_f32/process_time/real_time_cv           0.44 %          0.39 %            10 items_per_second=0.44%
