2026-01-08T12:20:48.828572
Running tools/iree-benchmark-module --module=/home/dima/sched_vmfb/glpdepth/module_main_graph$async_dispatch_7_embedded_elf_riscv_64_benchmark.vmfb --device=local-task --function=main_graph$async_dispatch_7_embedded_elf_riscv_64_main_graph$async_dispatch_7_reduction_49x32_f32 --input=1xi32=1 --task_topology_cpu_ids=0 --benchmark_repetitions=10
2026-01-08T12:20:48+08:00
Running tools/iree-benchmark-module
Run on (8 X 1600 MHz CPU s)
CPU Caches:
  L1 Instruction 32 KiB (x8)
  L1 Data 32 KiB (x8)
  L2 Unified 512 KiB (x2)
Load Average: 3.07, 3.03, 2.73
---------------------------------------------------------------------------------------------------------------------------------------------------------------------------------------------
Benchmark                                                                                                                                   Time             CPU   Iterations UserCounters...
---------------------------------------------------------------------------------------------------------------------------------------------------------------------------------------------
BM_main_graph$async_dispatch_7_embedded_elf_riscv_64_main_graph$async_dispatch_7_reduction_49x32_f32/process_time/real_time             0.127 ms        0.134 ms         5503 items_per_second=7.84501k/s
BM_main_graph$async_dispatch_7_embedded_elf_riscv_64_main_graph$async_dispatch_7_reduction_49x32_f32/process_time/real_time             0.128 ms        0.135 ms         5503 items_per_second=7.82525k/s
BM_main_graph$async_dispatch_7_embedded_elf_riscv_64_main_graph$async_dispatch_7_reduction_49x32_f32/process_time/real_time             0.127 ms        0.134 ms         5503 items_per_second=7.86102k/s
BM_main_graph$async_dispatch_7_embedded_elf_riscv_64_main_graph$async_dispatch_7_reduction_49x32_f32/process_time/real_time             0.128 ms        0.134 ms         5503 items_per_second=7.84259k/s
BM_main_graph$async_dispatch_7_embedded_elf_riscv_64_main_graph$async_dispatch_7_reduction_49x32_f32/process_time/real_time             0.128 ms        0.135 ms         5503 items_per_second=7.83066k/s
BM_main_graph$async_dispatch_7_embedded_elf_riscv_64_main_graph$async_dispatch_7_reduction_49x32_f32/process_time/real_time             0.127 ms        0.134 ms         5503 items_per_second=7.8452k/s
BM_main_graph$async_dispatch_7_embedded_elf_riscv_64_main_graph$async_dispatch_7_reduction_49x32_f32/process_time/real_time             0.127 ms        0.134 ms         5503 items_per_second=7.84571k/s
BM_main_graph$async_dispatch_7_embedded_elf_riscv_64_main_graph$async_dispatch_7_reduction_49x32_f32/process_time/real_time             0.128 ms        0.135 ms         5503 items_per_second=7.82904k/s
BM_main_graph$async_dispatch_7_embedded_elf_riscv_64_main_graph$async_dispatch_7_reduction_49x32_f32/process_time/real_time             0.127 ms        0.134 ms         5503 items_per_second=7.85373k/s
BM_main_graph$async_dispatch_7_embedded_elf_riscv_64_main_graph$async_dispatch_7_reduction_49x32_f32/process_time/real_time             0.127 ms        0.133 ms         5503 items_per_second=7.89581k/s
BM_main_graph$async_dispatch_7_embedded_elf_riscv_64_main_graph$async_dispatch_7_reduction_49x32_f32/process_time/real_time_mean        0.127 ms        0.134 ms           10 items_per_second=7.8474k/s
BM_main_graph$async_dispatch_7_embedded_elf_riscv_64_main_graph$async_dispatch_7_reduction_49x32_f32/process_time/real_time_median      0.127 ms        0.134 ms           10 items_per_second=7.8451k/s
BM_main_graph$async_dispatch_7_embedded_elf_riscv_64_main_graph$async_dispatch_7_reduction_49x32_f32/process_time/real_time_stddev      0.000 ms        0.000 ms           10 items_per_second=20.3135/s
BM_main_graph$async_dispatch_7_embedded_elf_riscv_64_main_graph$async_dispatch_7_reduction_49x32_f32/process_time/real_time_cv           0.26 %          0.32 %            10 items_per_second=0.26%
