[v3_dsp_segs/Dsp] 25 DLCs to bundle (chunk size 10)
  chunk0: 34718568 B
  chunk1: 35705376 B
  chunk2: 28460240 B
[v3_dsp_segs/Cpu] 25 DLCs to bundle (chunk size 10)
  chunk0: SKIP (exists, 34622896 B)
  chunk1: SKIP (exists, 35610256 B)
  chunk2: SKIP (exists, 28419336 B)
[v3_cpu_segs/Cpu] 24 DLCs to bundle (chunk size 10)
  chunk0: SKIP (exists, 17592 B)
  chunk1: SKIP (exists, 17736 B)
  chunk2: SKIP (exists, 7552 B)
[v3_hta_convs/Hta] 50 DLCs to bundle (chunk size 10)
  chunk0: SKIP (exists, 22363664 B)
  chunk1: SKIP (exists, 17251880 B)
  chunk2: SKIP (exists, 18431528 B)
  chunk3: SKIP (exists, 17251888 B)
  chunk4: SKIP (exists, 28450352 B)
[v3_tramps/Dsp] 74 DLCs to bundle (chunk size 10)
  chunk0: 844312 B
  chunk1: 58952 B
  chunk2: 51288 B
  chunk3: 58200 B
  chunk4: 59072 B
  chunk5: 51352 B
  chunk6: 58224 B
  chunk7: 19616 B

[v3_tramps/Cpu] swap src dir to fp32 trampolines
[v3_tramps/Cpu] 74 DLCs to bundle (chunk size 10)
  chunk0: SKIP (exists, 3216160 B)
  chunk1: SKIP (exists, 65520 B)
  chunk2: SKIP (exists, 59080 B)
  chunk3: SKIP (exists, 70752 B)
  chunk4: SKIP (exists, 65800 B)
  chunk5: SKIP (exists, 59312 B)
  chunk6: SKIP (exists, 70912 B)
  chunk7: SKIP (exists, 22992 B)

=== Summary ===
Multi-graph ctx binaries built: 30
  17592 /root/multi_ctx/ctx_v3_cpu_segs_chunk0__Cpu.bin
  17736 /root/multi_ctx/ctx_v3_cpu_segs_chunk1__Cpu.bin
  7552 /root/multi_ctx/ctx_v3_cpu_segs_chunk2__Cpu.bin
  34622896 /root/multi_ctx/ctx_v3_dsp_segs_chunk0__Cpu.bin
  34718568 /root/multi_ctx/ctx_v3_dsp_segs_chunk0__Dsp.bin
  35610256 /root/multi_ctx/ctx_v3_dsp_segs_chunk1__Cpu.bin
  35705376 /root/multi_ctx/ctx_v3_dsp_segs_chunk1__Dsp.bin
  28419336 /root/multi_ctx/ctx_v3_dsp_segs_chunk2__Cpu.bin
  28460240 /root/multi_ctx/ctx_v3_dsp_segs_chunk2__Dsp.bin
  22363664 /root/multi_ctx/ctx_v3_hta_convs_chunk0__Hta.bin
  17251880 /root/multi_ctx/ctx_v3_hta_convs_chunk1__Hta.bin
  18431528 /root/multi_ctx/ctx_v3_hta_convs_chunk2__Hta.bin
  17251888 /root/multi_ctx/ctx_v3_hta_convs_chunk3__Hta.bin
  28450352 /root/multi_ctx/ctx_v3_hta_convs_chunk4__Hta.bin
  3216160 /root/multi_ctx/ctx_v3_tramps_chunk0__Cpu.bin
  844312 /root/multi_ctx/ctx_v3_tramps_chunk0__Dsp.bin
  65520 /root/multi_ctx/ctx_v3_tramps_chunk1__Cpu.bin
  58952 /root/multi_ctx/ctx_v3_tramps_chunk1__Dsp.bin
  59080 /root/multi_ctx/ctx_v3_tramps_chunk2__Cpu.bin
  51288 /root/multi_ctx/ctx_v3_tramps_chunk2__Dsp.bin
  70752 /root/multi_ctx/ctx_v3_tramps_chunk3__Cpu.bin
  58200 /root/multi_ctx/ctx_v3_tramps_chunk3__Dsp.bin
  65800 /root/multi_ctx/ctx_v3_tramps_chunk4__Cpu.bin
  59072 /root/multi_ctx/ctx_v3_tramps_chunk4__Dsp.bin
  59312 /root/multi_ctx/ctx_v3_tramps_chunk5__Cpu.bin
  51352 /root/multi_ctx/ctx_v3_tramps_chunk5__Dsp.bin
  70912 /root/multi_ctx/ctx_v3_tramps_chunk6__Cpu.bin
  58224 /root/multi_ctx/ctx_v3_tramps_chunk6__Dsp.bin
  22992 /root/multi_ctx/ctx_v3_tramps_chunk7__Cpu.bin
  19616 /root/multi_ctx/ctx_v3_tramps_chunk7__Dsp.bin
