2026-01-09T12:33:34.493458
Running tools/iree-benchmark-module --module=/home/dima/sched_vmfb/fastdepth_rvv/module_main_graph$async_dispatch_28_system_elf_riscv_64_benchmark.vmfb --device=local-task --function=main_graph$async_dispatch_28_system_elf_riscv_64_main_graph$async_dispatch_28_matmul_like_1024x7x7x512_f32 --input=1xi32=1 --task_topology_cpu_ids=0,1,2,3 --benchmark_repetitions=10
2026-01-09T12:33:34+08:00
Running tools/iree-benchmark-module
Run on (8 X 1600 MHz CPU s)
CPU Caches:
  L1 Instruction 32 KiB (x8)
  L1 Data 32 KiB (x8)
  L2 Unified 512 KiB (x2)
Load Average: 5.44, 4.64, 3.64
------------------------------------------------------------------------------------------------------------------------------------------------------------------------------------------------------
Benchmark                                                                                                                                            Time             CPU   Iterations UserCounters...
------------------------------------------------------------------------------------------------------------------------------------------------------------------------------------------------------
BM_main_graph$async_dispatch_28_system_elf_riscv_64_main_graph$async_dispatch_28_matmul_like_1024x7x7x512_f32/process_time/real_time              19.2 ms         75.6 ms           36 items_per_second=52.2117/s
BM_main_graph$async_dispatch_28_system_elf_riscv_64_main_graph$async_dispatch_28_matmul_like_1024x7x7x512_f32/process_time/real_time              19.2 ms         75.7 ms           36 items_per_second=52.069/s
BM_main_graph$async_dispatch_28_system_elf_riscv_64_main_graph$async_dispatch_28_matmul_like_1024x7x7x512_f32/process_time/real_time              19.3 ms         75.7 ms           36 items_per_second=51.9019/s
BM_main_graph$async_dispatch_28_system_elf_riscv_64_main_graph$async_dispatch_28_matmul_like_1024x7x7x512_f32/process_time/real_time              19.2 ms         75.7 ms           36 items_per_second=52.0865/s
BM_main_graph$async_dispatch_28_system_elf_riscv_64_main_graph$async_dispatch_28_matmul_like_1024x7x7x512_f32/process_time/real_time              20.0 ms         75.6 ms           36 items_per_second=50.0153/s
BM_main_graph$async_dispatch_28_system_elf_riscv_64_main_graph$async_dispatch_28_matmul_like_1024x7x7x512_f32/process_time/real_time              19.3 ms         75.7 ms           36 items_per_second=51.9278/s
BM_main_graph$async_dispatch_28_system_elf_riscv_64_main_graph$async_dispatch_28_matmul_like_1024x7x7x512_f32/process_time/real_time              19.2 ms         75.6 ms           36 items_per_second=52.1107/s
BM_main_graph$async_dispatch_28_system_elf_riscv_64_main_graph$async_dispatch_28_matmul_like_1024x7x7x512_f32/process_time/real_time              19.2 ms         75.7 ms           36 items_per_second=52.0804/s
BM_main_graph$async_dispatch_28_system_elf_riscv_64_main_graph$async_dispatch_28_matmul_like_1024x7x7x512_f32/process_time/real_time              19.2 ms         75.7 ms           36 items_per_second=51.9535/s
BM_main_graph$async_dispatch_28_system_elf_riscv_64_main_graph$async_dispatch_28_matmul_like_1024x7x7x512_f32/process_time/real_time              19.2 ms         75.6 ms           36 items_per_second=52.1186/s
BM_main_graph$async_dispatch_28_system_elf_riscv_64_main_graph$async_dispatch_28_matmul_like_1024x7x7x512_f32/process_time/real_time_mean         19.3 ms         75.7 ms           10 items_per_second=51.8475/s
BM_main_graph$async_dispatch_28_system_elf_riscv_64_main_graph$async_dispatch_28_matmul_like_1024x7x7x512_f32/process_time/real_time_median       19.2 ms         75.7 ms           10 items_per_second=52.0747/s
BM_main_graph$async_dispatch_28_system_elf_riscv_64_main_graph$async_dispatch_28_matmul_like_1024x7x7x512_f32/process_time/real_time_stddev      0.250 ms        0.039 ms           10 items_per_second=0.650928/s
BM_main_graph$async_dispatch_28_system_elf_riscv_64_main_graph$async_dispatch_28_matmul_like_1024x7x7x512_f32/process_time/real_time_cv           1.29 %          0.05 %            10 items_per_second=1.26%
