2026-01-09T12:35:06.666720
Running tools/iree-benchmark-module --module=/home/dima/sched_vmfb/fastdepth_rvv/module_main_graph$async_dispatch_3_system_elf_riscv_64_benchmark.vmfb --device=local-task --function=main_graph$async_dispatch_3_system_elf_riscv_64_main_graph$async_dispatch_3_matmul_like_64x12544x32_f32 --input=1xi32=1 --task_topology_cpu_ids=0,1,2,3 --benchmark_repetitions=10
2026-01-09T12:35:06+08:00
Running tools/iree-benchmark-module
Run on (8 X 1600 MHz CPU s)
CPU Caches:
  L1 Instruction 32 KiB (x8)
  L1 Data 32 KiB (x8)
  L2 Unified 512 KiB (x2)
Load Average: 5.85, 4.99, 3.86
---------------------------------------------------------------------------------------------------------------------------------------------------------------------------------------------------
Benchmark                                                                                                                                         Time             CPU   Iterations UserCounters...
---------------------------------------------------------------------------------------------------------------------------------------------------------------------------------------------------
BM_main_graph$async_dispatch_3_system_elf_riscv_64_main_graph$async_dispatch_3_matmul_like_64x12544x32_f32/process_time/real_time               140 ms          528 ms            5 items_per_second=7.156/s
BM_main_graph$async_dispatch_3_system_elf_riscv_64_main_graph$async_dispatch_3_matmul_like_64x12544x32_f32/process_time/real_time               140 ms          527 ms            5 items_per_second=7.15736/s
BM_main_graph$async_dispatch_3_system_elf_riscv_64_main_graph$async_dispatch_3_matmul_like_64x12544x32_f32/process_time/real_time               140 ms          527 ms            5 items_per_second=7.15887/s
BM_main_graph$async_dispatch_3_system_elf_riscv_64_main_graph$async_dispatch_3_matmul_like_64x12544x32_f32/process_time/real_time               140 ms          528 ms            5 items_per_second=7.1571/s
BM_main_graph$async_dispatch_3_system_elf_riscv_64_main_graph$async_dispatch_3_matmul_like_64x12544x32_f32/process_time/real_time               140 ms          527 ms            5 items_per_second=7.16043/s
BM_main_graph$async_dispatch_3_system_elf_riscv_64_main_graph$async_dispatch_3_matmul_like_64x12544x32_f32/process_time/real_time               140 ms          527 ms            5 items_per_second=7.16019/s
BM_main_graph$async_dispatch_3_system_elf_riscv_64_main_graph$async_dispatch_3_matmul_like_64x12544x32_f32/process_time/real_time               140 ms          528 ms            5 items_per_second=7.15856/s
BM_main_graph$async_dispatch_3_system_elf_riscv_64_main_graph$async_dispatch_3_matmul_like_64x12544x32_f32/process_time/real_time               140 ms          527 ms            5 items_per_second=7.1588/s
BM_main_graph$async_dispatch_3_system_elf_riscv_64_main_graph$async_dispatch_3_matmul_like_64x12544x32_f32/process_time/real_time               140 ms          527 ms            5 items_per_second=7.15981/s
BM_main_graph$async_dispatch_3_system_elf_riscv_64_main_graph$async_dispatch_3_matmul_like_64x12544x32_f32/process_time/real_time               140 ms          528 ms            5 items_per_second=7.15832/s
BM_main_graph$async_dispatch_3_system_elf_riscv_64_main_graph$async_dispatch_3_matmul_like_64x12544x32_f32/process_time/real_time_mean          140 ms          527 ms           10 items_per_second=7.15854/s
BM_main_graph$async_dispatch_3_system_elf_riscv_64_main_graph$async_dispatch_3_matmul_like_64x12544x32_f32/process_time/real_time_median        140 ms          527 ms           10 items_per_second=7.15868/s
BM_main_graph$async_dispatch_3_system_elf_riscv_64_main_graph$async_dispatch_3_matmul_like_64x12544x32_f32/process_time/real_time_stddev      0.028 ms        0.359 ms           10 items_per_second=1.41538m/s
BM_main_graph$async_dispatch_3_system_elf_riscv_64_main_graph$async_dispatch_3_matmul_like_64x12544x32_f32/process_time/real_time_cv           0.02 %          0.07 %            10 items_per_second=0.02%
