2026-01-09T12:36:19.671057
Running tools/iree-benchmark-module --module=/home/dima/sched_vmfb/fastdepth_rvv/module_main_graph$async_dispatch_7_system_elf_riscv_64_benchmark.vmfb --device=local-task --function=main_graph$async_dispatch_7_system_elf_riscv_64_main_graph$async_dispatch_7_conv_56x56x128x3x3_f32 --input=1xi32=1 --task_topology_cpu_ids=0,1,2,3 --benchmark_repetitions=10
2026-01-09T12:36:19+08:00
Running tools/iree-benchmark-module
Run on (8 X 1600 MHz CPU s)
CPU Caches:
  L1 Instruction 32 KiB (x8)
  L1 Data 32 KiB (x8)
  L2 Unified 512 KiB (x2)
Load Average: 5.76, 5.13, 3.99
----------------------------------------------------------------------------------------------------------------------------------------------------------------------------------------------
Benchmark                                                                                                                                    Time             CPU   Iterations UserCounters...
----------------------------------------------------------------------------------------------------------------------------------------------------------------------------------------------
BM_main_graph$async_dispatch_7_system_elf_riscv_64_main_graph$async_dispatch_7_conv_56x56x128x3x3_f32/process_time/real_time              7.99 ms         31.2 ms           87 items_per_second=125.227/s
BM_main_graph$async_dispatch_7_system_elf_riscv_64_main_graph$async_dispatch_7_conv_56x56x128x3x3_f32/process_time/real_time              7.96 ms         31.2 ms           87 items_per_second=125.611/s
BM_main_graph$async_dispatch_7_system_elf_riscv_64_main_graph$async_dispatch_7_conv_56x56x128x3x3_f32/process_time/real_time              8.01 ms         31.2 ms           87 items_per_second=124.915/s
BM_main_graph$async_dispatch_7_system_elf_riscv_64_main_graph$async_dispatch_7_conv_56x56x128x3x3_f32/process_time/real_time              7.96 ms         31.1 ms           87 items_per_second=125.643/s
BM_main_graph$async_dispatch_7_system_elf_riscv_64_main_graph$async_dispatch_7_conv_56x56x128x3x3_f32/process_time/real_time              7.96 ms         31.1 ms           87 items_per_second=125.666/s
BM_main_graph$async_dispatch_7_system_elf_riscv_64_main_graph$async_dispatch_7_conv_56x56x128x3x3_f32/process_time/real_time              7.99 ms         31.2 ms           87 items_per_second=125.174/s
BM_main_graph$async_dispatch_7_system_elf_riscv_64_main_graph$async_dispatch_7_conv_56x56x128x3x3_f32/process_time/real_time              7.95 ms         31.1 ms           87 items_per_second=125.732/s
BM_main_graph$async_dispatch_7_system_elf_riscv_64_main_graph$async_dispatch_7_conv_56x56x128x3x3_f32/process_time/real_time              7.97 ms         31.2 ms           87 items_per_second=125.528/s
BM_main_graph$async_dispatch_7_system_elf_riscv_64_main_graph$async_dispatch_7_conv_56x56x128x3x3_f32/process_time/real_time              8.00 ms         31.2 ms           87 items_per_second=125.043/s
BM_main_graph$async_dispatch_7_system_elf_riscv_64_main_graph$async_dispatch_7_conv_56x56x128x3x3_f32/process_time/real_time              7.95 ms         31.1 ms           87 items_per_second=125.778/s
BM_main_graph$async_dispatch_7_system_elf_riscv_64_main_graph$async_dispatch_7_conv_56x56x128x3x3_f32/process_time/real_time_mean         7.97 ms         31.2 ms           10 items_per_second=125.432/s
BM_main_graph$async_dispatch_7_system_elf_riscv_64_main_graph$async_dispatch_7_conv_56x56x128x3x3_f32/process_time/real_time_median       7.96 ms         31.2 ms           10 items_per_second=125.569/s
BM_main_graph$async_dispatch_7_system_elf_riscv_64_main_graph$async_dispatch_7_conv_56x56x128x3x3_f32/process_time/real_time_stddev      0.020 ms        0.024 ms           10 items_per_second=0.312149/s
BM_main_graph$async_dispatch_7_system_elf_riscv_64_main_graph$async_dispatch_7_conv_56x56x128x3x3_f32/process_time/real_time_cv           0.25 %          0.08 %            10 items_per_second=0.25%
