2026-01-09T12:32:34.613832
Running tools/iree-benchmark-module --module=/home/dima/sched_vmfb/fastdepth_rvv/module_main_graph$async_dispatch_13_system_elf_riscv_64_benchmark.vmfb --device=local-task --function=main_graph$async_dispatch_13_system_elf_riscv_64_main_graph$async_dispatch_13_matmul_like_256x784x256_f32 --input=1xi32=1 --task_topology_cpu_ids=0,1,2,3 --benchmark_repetitions=10
2026-01-09T12:32:34+08:00
Running tools/iree-benchmark-module
Run on (8 X 1600 MHz CPU s)
CPU Caches:
  L1 Instruction 32 KiB (x8)
  L1 Data 32 KiB (x8)
  L2 Unified 512 KiB (x2)
Load Average: 5.30, 4.41, 3.50
-----------------------------------------------------------------------------------------------------------------------------------------------------------------------------------------------------
Benchmark                                                                                                                                           Time             CPU   Iterations UserCounters...
-----------------------------------------------------------------------------------------------------------------------------------------------------------------------------------------------------
BM_main_graph$async_dispatch_13_system_elf_riscv_64_main_graph$async_dispatch_13_matmul_like_256x784x256_f32/process_time/real_time               275 ms         1094 ms            3 items_per_second=3.63875/s
BM_main_graph$async_dispatch_13_system_elf_riscv_64_main_graph$async_dispatch_13_matmul_like_256x784x256_f32/process_time/real_time               276 ms         1095 ms            3 items_per_second=3.62921/s
BM_main_graph$async_dispatch_13_system_elf_riscv_64_main_graph$async_dispatch_13_matmul_like_256x784x256_f32/process_time/real_time               275 ms         1094 ms            3 items_per_second=3.64141/s
BM_main_graph$async_dispatch_13_system_elf_riscv_64_main_graph$async_dispatch_13_matmul_like_256x784x256_f32/process_time/real_time               276 ms         1095 ms            3 items_per_second=3.62779/s
BM_main_graph$async_dispatch_13_system_elf_riscv_64_main_graph$async_dispatch_13_matmul_like_256x784x256_f32/process_time/real_time               275 ms         1094 ms            3 items_per_second=3.64073/s
BM_main_graph$async_dispatch_13_system_elf_riscv_64_main_graph$async_dispatch_13_matmul_like_256x784x256_f32/process_time/real_time               275 ms         1094 ms            3 items_per_second=3.64031/s
BM_main_graph$async_dispatch_13_system_elf_riscv_64_main_graph$async_dispatch_13_matmul_like_256x784x256_f32/process_time/real_time               276 ms         1095 ms            3 items_per_second=3.62793/s
BM_main_graph$async_dispatch_13_system_elf_riscv_64_main_graph$async_dispatch_13_matmul_like_256x784x256_f32/process_time/real_time               275 ms         1094 ms            3 items_per_second=3.6415/s
BM_main_graph$async_dispatch_13_system_elf_riscv_64_main_graph$async_dispatch_13_matmul_like_256x784x256_f32/process_time/real_time               276 ms         1095 ms            3 items_per_second=3.62772/s
BM_main_graph$async_dispatch_13_system_elf_riscv_64_main_graph$async_dispatch_13_matmul_like_256x784x256_f32/process_time/real_time               275 ms         1094 ms            3 items_per_second=3.64082/s
BM_main_graph$async_dispatch_13_system_elf_riscv_64_main_graph$async_dispatch_13_matmul_like_256x784x256_f32/process_time/real_time_mean          275 ms         1094 ms           10 items_per_second=3.63562/s
BM_main_graph$async_dispatch_13_system_elf_riscv_64_main_graph$async_dispatch_13_matmul_like_256x784x256_f32/process_time/real_time_median        275 ms         1094 ms           10 items_per_second=3.63953/s
BM_main_graph$async_dispatch_13_system_elf_riscv_64_main_graph$async_dispatch_13_matmul_like_256x784x256_f32/process_time/real_time_stddev      0.490 ms        0.509 ms           10 items_per_second=6.47408m/s
BM_main_graph$async_dispatch_13_system_elf_riscv_64_main_graph$async_dispatch_13_matmul_like_256x784x256_f32/process_time/real_time_cv           0.18 %          0.05 %            10 items_per_second=0.18%
