2026-01-09T12:32:57.878390
Running tools/iree-benchmark-module --module=/home/dima/sched_vmfb/fastdepth_rvv/module_main_graph$async_dispatch_16_system_elf_riscv_64_benchmark.vmfb --device=local-task --function=main_graph$async_dispatch_16_system_elf_riscv_64_main_graph$async_dispatch_16_matmul_like_512x14x14x256_f32 --input=1xi32=1 --task_topology_cpu_ids=0,1,2,3 --benchmark_repetitions=10
2026-01-09T12:32:57+08:00
Running tools/iree-benchmark-module
Run on (8 X 1600 MHz CPU s)
CPU Caches:
  L1 Instruction 32 KiB (x8)
  L1 Data 32 KiB (x8)
  L2 Unified 512 KiB (x2)
Load Average: 5.54, 4.54, 3.57
-------------------------------------------------------------------------------------------------------------------------------------------------------------------------------------------------------
Benchmark                                                                                                                                             Time             CPU   Iterations UserCounters...
-------------------------------------------------------------------------------------------------------------------------------------------------------------------------------------------------------
BM_main_graph$async_dispatch_16_system_elf_riscv_64_main_graph$async_dispatch_16_matmul_like_512x14x14x256_f32/process_time/real_time              20.3 ms         80.1 ms           34 items_per_second=49.1458/s
BM_main_graph$async_dispatch_16_system_elf_riscv_64_main_graph$async_dispatch_16_matmul_like_512x14x14x256_f32/process_time/real_time              20.3 ms         80.0 ms           34 items_per_second=49.3695/s
BM_main_graph$async_dispatch_16_system_elf_riscv_64_main_graph$async_dispatch_16_matmul_like_512x14x14x256_f32/process_time/real_time              20.3 ms         80.0 ms           34 items_per_second=49.3675/s
BM_main_graph$async_dispatch_16_system_elf_riscv_64_main_graph$async_dispatch_16_matmul_like_512x14x14x256_f32/process_time/real_time              20.3 ms         80.1 ms           34 items_per_second=49.1432/s
BM_main_graph$async_dispatch_16_system_elf_riscv_64_main_graph$async_dispatch_16_matmul_like_512x14x14x256_f32/process_time/real_time              20.3 ms         80.0 ms           34 items_per_second=49.2785/s
BM_main_graph$async_dispatch_16_system_elf_riscv_64_main_graph$async_dispatch_16_matmul_like_512x14x14x256_f32/process_time/real_time              20.3 ms         80.1 ms           34 items_per_second=49.1898/s
BM_main_graph$async_dispatch_16_system_elf_riscv_64_main_graph$async_dispatch_16_matmul_like_512x14x14x256_f32/process_time/real_time              20.3 ms         80.0 ms           34 items_per_second=49.3074/s
BM_main_graph$async_dispatch_16_system_elf_riscv_64_main_graph$async_dispatch_16_matmul_like_512x14x14x256_f32/process_time/real_time              20.2 ms         80.0 ms           34 items_per_second=49.4586/s
BM_main_graph$async_dispatch_16_system_elf_riscv_64_main_graph$async_dispatch_16_matmul_like_512x14x14x256_f32/process_time/real_time              20.3 ms         80.1 ms           34 items_per_second=49.1467/s
BM_main_graph$async_dispatch_16_system_elf_riscv_64_main_graph$async_dispatch_16_matmul_like_512x14x14x256_f32/process_time/real_time              20.3 ms         80.0 ms           34 items_per_second=49.3232/s
BM_main_graph$async_dispatch_16_system_elf_riscv_64_main_graph$async_dispatch_16_matmul_like_512x14x14x256_f32/process_time/real_time_mean         20.3 ms         80.0 ms           10 items_per_second=49.273/s
BM_main_graph$async_dispatch_16_system_elf_riscv_64_main_graph$async_dispatch_16_matmul_like_512x14x14x256_f32/process_time/real_time_median       20.3 ms         80.0 ms           10 items_per_second=49.293/s
BM_main_graph$async_dispatch_16_system_elf_riscv_64_main_graph$async_dispatch_16_matmul_like_512x14x14x256_f32/process_time/real_time_stddev      0.046 ms        0.042 ms           10 items_per_second=0.111727/s
BM_main_graph$async_dispatch_16_system_elf_riscv_64_main_graph$async_dispatch_16_matmul_like_512x14x14x256_f32/process_time/real_time_cv           0.23 %          0.05 %            10 items_per_second=0.23%
