2026-01-08T02:36:42.697205
Running tools/iree-benchmark-module --module=/home/dima/sched_vmfb/mlp/module_main_graph$async_dispatch_2_system_elf_riscv_64_benchmark.vmfb --device=local-task --function=main_graph$async_dispatch_2_system_elf_riscv_64_main_graph$async_dispatch_2_matvec_like_2x32_f32 --input=1xi32=1 --task_topology_cpu_ids=0 --benchmark_repetitions=10
2026-01-08T02:36:42+08:00
Running tools/iree-benchmark-module
Run on (8 X 1600 MHz CPU s)
CPU Caches:
  L1 Instruction 32 KiB (x8)
  L1 Data 32 KiB (x8)
  L2 Unified 512 KiB (x2)
Load Average: 2.32, 2.22, 2.31
--------------------------------------------------------------------------------------------------------------------------------------------------------------------------------------------
Benchmark                                                                                                                                  Time             CPU   Iterations UserCounters...
--------------------------------------------------------------------------------------------------------------------------------------------------------------------------------------------
BM_main_graph$async_dispatch_2_system_elf_riscv_64_main_graph$async_dispatch_2_matvec_like_2x32_f32/process_time/real_time             0.066 ms        0.070 ms        10639 items_per_second=15.2085k/s
BM_main_graph$async_dispatch_2_system_elf_riscv_64_main_graph$async_dispatch_2_matvec_like_2x32_f32/process_time/real_time             0.064 ms        0.069 ms        10639 items_per_second=15.5352k/s
BM_main_graph$async_dispatch_2_system_elf_riscv_64_main_graph$async_dispatch_2_matvec_like_2x32_f32/process_time/real_time             0.065 ms        0.069 ms        10639 items_per_second=15.4114k/s
BM_main_graph$async_dispatch_2_system_elf_riscv_64_main_graph$async_dispatch_2_matvec_like_2x32_f32/process_time/real_time             0.065 ms        0.070 ms        10639 items_per_second=15.4832k/s
BM_main_graph$async_dispatch_2_system_elf_riscv_64_main_graph$async_dispatch_2_matvec_like_2x32_f32/process_time/real_time             0.066 ms        0.071 ms        10639 items_per_second=15.2618k/s
BM_main_graph$async_dispatch_2_system_elf_riscv_64_main_graph$async_dispatch_2_matvec_like_2x32_f32/process_time/real_time             0.065 ms        0.071 ms        10639 items_per_second=15.3771k/s
BM_main_graph$async_dispatch_2_system_elf_riscv_64_main_graph$async_dispatch_2_matvec_like_2x32_f32/process_time/real_time             0.064 ms        0.070 ms        10639 items_per_second=15.5657k/s
BM_main_graph$async_dispatch_2_system_elf_riscv_64_main_graph$async_dispatch_2_matvec_like_2x32_f32/process_time/real_time             0.065 ms        0.071 ms        10639 items_per_second=15.2774k/s
BM_main_graph$async_dispatch_2_system_elf_riscv_64_main_graph$async_dispatch_2_matvec_like_2x32_f32/process_time/real_time             0.066 ms        0.071 ms        10639 items_per_second=15.1716k/s
BM_main_graph$async_dispatch_2_system_elf_riscv_64_main_graph$async_dispatch_2_matvec_like_2x32_f32/process_time/real_time             0.064 ms        0.070 ms        10639 items_per_second=15.5697k/s
BM_main_graph$async_dispatch_2_system_elf_riscv_64_main_graph$async_dispatch_2_matvec_like_2x32_f32/process_time/real_time_mean        0.065 ms        0.070 ms           10 items_per_second=15.3862k/s
BM_main_graph$async_dispatch_2_system_elf_riscv_64_main_graph$async_dispatch_2_matvec_like_2x32_f32/process_time/real_time_median      0.065 ms        0.070 ms           10 items_per_second=15.3942k/s
BM_main_graph$async_dispatch_2_system_elf_riscv_64_main_graph$async_dispatch_2_matvec_like_2x32_f32/process_time/real_time_stddev      0.001 ms        0.001 ms           10 items_per_second=150.237/s
BM_main_graph$async_dispatch_2_system_elf_riscv_64_main_graph$async_dispatch_2_matvec_like_2x32_f32/process_time/real_time_cv           0.98 %          0.94 %            10 items_per_second=0.98%
