2026-01-08T02:36:35.196446
Running tools/iree-benchmark-module --module=/home/dima/sched_vmfb/mlp/module_main_graph$async_dispatch_1_system_elf_riscv_64_benchmark.vmfb --device=local-task --function=main_graph$async_dispatch_1_system_elf_riscv_64_main_graph$async_dispatch_1_matvec_like_32x32_f32 --input=1xi32=1 --task_topology_cpu_ids=0 --benchmark_repetitions=10
2026-01-08T02:36:35+08:00
Running tools/iree-benchmark-module
Run on (8 X 1600 MHz CPU s)
CPU Caches:
  L1 Instruction 32 KiB (x8)
  L1 Data 32 KiB (x8)
  L2 Unified 512 KiB (x2)
Load Average: 2.27, 2.21, 2.30
---------------------------------------------------------------------------------------------------------------------------------------------------------------------------------------------
Benchmark                                                                                                                                   Time             CPU   Iterations UserCounters...
---------------------------------------------------------------------------------------------------------------------------------------------------------------------------------------------
BM_main_graph$async_dispatch_1_system_elf_riscv_64_main_graph$async_dispatch_1_matvec_like_32x32_f32/process_time/real_time             0.067 ms        0.072 ms        10438 items_per_second=14.9185k/s
BM_main_graph$async_dispatch_1_system_elf_riscv_64_main_graph$async_dispatch_1_matvec_like_32x32_f32/process_time/real_time             0.067 ms        0.072 ms        10438 items_per_second=14.9105k/s
BM_main_graph$async_dispatch_1_system_elf_riscv_64_main_graph$async_dispatch_1_matvec_like_32x32_f32/process_time/real_time             0.067 ms        0.073 ms        10438 items_per_second=14.8415k/s
BM_main_graph$async_dispatch_1_system_elf_riscv_64_main_graph$async_dispatch_1_matvec_like_32x32_f32/process_time/real_time             0.068 ms        0.073 ms        10438 items_per_second=14.7771k/s
BM_main_graph$async_dispatch_1_system_elf_riscv_64_main_graph$async_dispatch_1_matvec_like_32x32_f32/process_time/real_time             0.068 ms        0.073 ms        10438 items_per_second=14.7613k/s
BM_main_graph$async_dispatch_1_system_elf_riscv_64_main_graph$async_dispatch_1_matvec_like_32x32_f32/process_time/real_time             0.067 ms        0.073 ms        10438 items_per_second=14.8328k/s
BM_main_graph$async_dispatch_1_system_elf_riscv_64_main_graph$async_dispatch_1_matvec_like_32x32_f32/process_time/real_time             0.067 ms        0.073 ms        10438 items_per_second=14.817k/s
BM_main_graph$async_dispatch_1_system_elf_riscv_64_main_graph$async_dispatch_1_matvec_like_32x32_f32/process_time/real_time             0.067 ms        0.072 ms        10438 items_per_second=14.9798k/s
BM_main_graph$async_dispatch_1_system_elf_riscv_64_main_graph$async_dispatch_1_matvec_like_32x32_f32/process_time/real_time             0.066 ms        0.072 ms        10438 items_per_second=15.0588k/s
BM_main_graph$async_dispatch_1_system_elf_riscv_64_main_graph$async_dispatch_1_matvec_like_32x32_f32/process_time/real_time             0.068 ms        0.073 ms        10438 items_per_second=14.7401k/s
BM_main_graph$async_dispatch_1_system_elf_riscv_64_main_graph$async_dispatch_1_matvec_like_32x32_f32/process_time/real_time_mean        0.067 ms        0.073 ms           10 items_per_second=14.8637k/s
BM_main_graph$async_dispatch_1_system_elf_riscv_64_main_graph$async_dispatch_1_matvec_like_32x32_f32/process_time/real_time_median      0.067 ms        0.073 ms           10 items_per_second=14.8371k/s
BM_main_graph$async_dispatch_1_system_elf_riscv_64_main_graph$async_dispatch_1_matvec_like_32x32_f32/process_time/real_time_stddev      0.000 ms        0.000 ms           10 items_per_second=102.014/s
BM_main_graph$async_dispatch_1_system_elf_riscv_64_main_graph$async_dispatch_1_matvec_like_32x32_f32/process_time/real_time_cv           0.68 %          0.53 %            10 items_per_second=0.69%
