2026-01-09T12:01:13.422160
Running tools/iree-benchmark-module --module=/home/dima/sched_vmfb/dronet_rvv/module_main_graph$async_dispatch_9_system_elf_riscv_64_benchmark.vmfb --device=local-task --function=main_graph$async_dispatch_9_system_elf_riscv_64_main_graph$async_dispatch_9_conv_128x4x4x64x3x3_f32 --input=1xi32=1 --task_topology_cpu_ids=0 --benchmark_repetitions=10
2026-01-09T12:01:13+08:00
Running tools/iree-benchmark-module
Run on (8 X 1600 MHz CPU s)
CPU Caches:
  L1 Instruction 32 KiB (x8)
  L1 Data 32 KiB (x8)
  L2 Unified 512 KiB (x2)
Load Average: 2.91, 2.36, 2.13
-----------------------------------------------------------------------------------------------------------------------------------------------------------------------------------------------
Benchmark                                                                                                                                     Time             CPU   Iterations UserCounters...
-----------------------------------------------------------------------------------------------------------------------------------------------------------------------------------------------
BM_main_graph$async_dispatch_9_system_elf_riscv_64_main_graph$async_dispatch_9_conv_128x4x4x64x3x3_f32/process_time/real_time              7.09 ms         7.10 ms           99 items_per_second=141.026/s
BM_main_graph$async_dispatch_9_system_elf_riscv_64_main_graph$async_dispatch_9_conv_128x4x4x64x3x3_f32/process_time/real_time              7.04 ms         7.04 ms           99 items_per_second=142.146/s
BM_main_graph$async_dispatch_9_system_elf_riscv_64_main_graph$async_dispatch_9_conv_128x4x4x64x3x3_f32/process_time/real_time              7.04 ms         7.05 ms           99 items_per_second=141.957/s
BM_main_graph$async_dispatch_9_system_elf_riscv_64_main_graph$async_dispatch_9_conv_128x4x4x64x3x3_f32/process_time/real_time              7.06 ms         7.07 ms           99 items_per_second=141.598/s
BM_main_graph$async_dispatch_9_system_elf_riscv_64_main_graph$async_dispatch_9_conv_128x4x4x64x3x3_f32/process_time/real_time              7.04 ms         7.04 ms           99 items_per_second=142.04/s
BM_main_graph$async_dispatch_9_system_elf_riscv_64_main_graph$async_dispatch_9_conv_128x4x4x64x3x3_f32/process_time/real_time              7.03 ms         7.04 ms           99 items_per_second=142.229/s
BM_main_graph$async_dispatch_9_system_elf_riscv_64_main_graph$async_dispatch_9_conv_128x4x4x64x3x3_f32/process_time/real_time              7.08 ms         7.09 ms           99 items_per_second=141.211/s
BM_main_graph$async_dispatch_9_system_elf_riscv_64_main_graph$async_dispatch_9_conv_128x4x4x64x3x3_f32/process_time/real_time              7.04 ms         7.05 ms           99 items_per_second=141.95/s
BM_main_graph$async_dispatch_9_system_elf_riscv_64_main_graph$async_dispatch_9_conv_128x4x4x64x3x3_f32/process_time/real_time              7.04 ms         7.04 ms           99 items_per_second=142.137/s
BM_main_graph$async_dispatch_9_system_elf_riscv_64_main_graph$async_dispatch_9_conv_128x4x4x64x3x3_f32/process_time/real_time              7.08 ms         7.08 ms           99 items_per_second=141.311/s
BM_main_graph$async_dispatch_9_system_elf_riscv_64_main_graph$async_dispatch_9_conv_128x4x4x64x3x3_f32/process_time/real_time_mean         7.05 ms         7.06 ms           10 items_per_second=141.76/s
BM_main_graph$async_dispatch_9_system_elf_riscv_64_main_graph$async_dispatch_9_conv_128x4x4x64x3x3_f32/process_time/real_time_median       7.04 ms         7.05 ms           10 items_per_second=141.953/s
BM_main_graph$async_dispatch_9_system_elf_riscv_64_main_graph$async_dispatch_9_conv_128x4x4x64x3x3_f32/process_time/real_time_stddev      0.022 ms        0.022 ms           10 items_per_second=0.438586/s
BM_main_graph$async_dispatch_9_system_elf_riscv_64_main_graph$async_dispatch_9_conv_128x4x4x64x3x3_f32/process_time/real_time_cv           0.31 %          0.32 %            10 items_per_second=0.31%
