2026-01-09T08:19:13.547655
Running tools/iree-benchmark-module --module=/home/dima/sched_vmfb/glpdepth_scalar/module_main_graph$async_dispatch_75_embedded_elf_riscv_64_benchmark.vmfb --device=local-task --function=main_graph$async_dispatch_75_embedded_elf_riscv_64_main_graph$async_dispatch_75_matmul_like_5x196x49x32_f32 --input=1xi32=1 --task_topology_cpu_ids=0 --benchmark_repetitions=10
2026-01-09T08:19:13+08:00
Running tools/iree-benchmark-module
Run on (8 X 1600 MHz CPU s)
CPU Caches:
  L1 Instruction 32 KiB (x8)
  L1 Data 32 KiB (x8)
  L2 Unified 512 KiB (x2)
Load Average: 3.12, 3.04, 2.64
-------------------------------------------------------------------------------------------------------------------------------------------------------------------------------------------------------
Benchmark                                                                                                                                             Time             CPU   Iterations UserCounters...
-------------------------------------------------------------------------------------------------------------------------------------------------------------------------------------------------------
BM_main_graph$async_dispatch_75_embedded_elf_riscv_64_main_graph$async_dispatch_75_matmul_like_5x196x49x32_f32/process_time/real_time              1.56 ms         1.57 ms          448 items_per_second=640.09/s
BM_main_graph$async_dispatch_75_embedded_elf_riscv_64_main_graph$async_dispatch_75_matmul_like_5x196x49x32_f32/process_time/real_time              1.57 ms         1.57 ms          448 items_per_second=636.701/s
BM_main_graph$async_dispatch_75_embedded_elf_riscv_64_main_graph$async_dispatch_75_matmul_like_5x196x49x32_f32/process_time/real_time              1.56 ms         1.56 ms          448 items_per_second=641.624/s
BM_main_graph$async_dispatch_75_embedded_elf_riscv_64_main_graph$async_dispatch_75_matmul_like_5x196x49x32_f32/process_time/real_time              1.57 ms         1.57 ms          448 items_per_second=638.571/s
BM_main_graph$async_dispatch_75_embedded_elf_riscv_64_main_graph$async_dispatch_75_matmul_like_5x196x49x32_f32/process_time/real_time              1.57 ms         1.57 ms          448 items_per_second=637.556/s
BM_main_graph$async_dispatch_75_embedded_elf_riscv_64_main_graph$async_dispatch_75_matmul_like_5x196x49x32_f32/process_time/real_time              1.57 ms         1.58 ms          448 items_per_second=635.159/s
BM_main_graph$async_dispatch_75_embedded_elf_riscv_64_main_graph$async_dispatch_75_matmul_like_5x196x49x32_f32/process_time/real_time              1.57 ms         1.58 ms          448 items_per_second=635.209/s
BM_main_graph$async_dispatch_75_embedded_elf_riscv_64_main_graph$async_dispatch_75_matmul_like_5x196x49x32_f32/process_time/real_time              1.57 ms         1.57 ms          448 items_per_second=638.04/s
BM_main_graph$async_dispatch_75_embedded_elf_riscv_64_main_graph$async_dispatch_75_matmul_like_5x196x49x32_f32/process_time/real_time              1.57 ms         1.57 ms          448 items_per_second=638.759/s
BM_main_graph$async_dispatch_75_embedded_elf_riscv_64_main_graph$async_dispatch_75_matmul_like_5x196x49x32_f32/process_time/real_time              1.57 ms         1.58 ms          448 items_per_second=635.467/s
BM_main_graph$async_dispatch_75_embedded_elf_riscv_64_main_graph$async_dispatch_75_matmul_like_5x196x49x32_f32/process_time/real_time_mean         1.57 ms         1.57 ms           10 items_per_second=637.718/s
BM_main_graph$async_dispatch_75_embedded_elf_riscv_64_main_graph$async_dispatch_75_matmul_like_5x196x49x32_f32/process_time/real_time_median       1.57 ms         1.57 ms           10 items_per_second=637.798/s
BM_main_graph$async_dispatch_75_embedded_elf_riscv_64_main_graph$async_dispatch_75_matmul_like_5x196x49x32_f32/process_time/real_time_stddev      0.005 ms        0.007 ms           10 items_per_second=2.15417/s
BM_main_graph$async_dispatch_75_embedded_elf_riscv_64_main_graph$async_dispatch_75_matmul_like_5x196x49x32_f32/process_time/real_time_cv           0.34 %          0.46 %            10 items_per_second=0.34%
