2026-01-09T08:07:36.540060
Running tools/iree-benchmark-module --module=/home/dima/sched_vmfb/glpdepth_scalar/module_main_graph$async_dispatch_100_embedded_elf_riscv_64_benchmark.vmfb --device=local-task --function=main_graph$async_dispatch_100_embedded_elf_riscv_64_main_graph$async_dispatch_100_conv_256x7x7x160x3x3_f32 --input=1xi32=1 --task_topology_cpu_ids=0 --benchmark_repetitions=10
2026-01-09T08:07:36+08:00
Running tools/iree-benchmark-module
Run on (8 X 1600 MHz CPU s)
CPU Caches:
  L1 Instruction 32 KiB (x8)
  L1 Data 32 KiB (x8)
  L2 Unified 512 KiB (x2)
Load Average: 2.19, 2.08, 2.02
------------------------------------------------------------------------------------------------------------------------------------------------------------------------------------------------------
Benchmark                                                                                                                                            Time             CPU   Iterations UserCounters...
------------------------------------------------------------------------------------------------------------------------------------------------------------------------------------------------------
BM_main_graph$async_dispatch_100_embedded_elf_riscv_64_main_graph$async_dispatch_100_conv_256x7x7x160x3x3_f32/process_time/real_time               107 ms          107 ms            6 items_per_second=9.3313/s
BM_main_graph$async_dispatch_100_embedded_elf_riscv_64_main_graph$async_dispatch_100_conv_256x7x7x160x3x3_f32/process_time/real_time               107 ms          107 ms            6 items_per_second=9.33256/s
BM_main_graph$async_dispatch_100_embedded_elf_riscv_64_main_graph$async_dispatch_100_conv_256x7x7x160x3x3_f32/process_time/real_time               107 ms          107 ms            6 items_per_second=9.34218/s
BM_main_graph$async_dispatch_100_embedded_elf_riscv_64_main_graph$async_dispatch_100_conv_256x7x7x160x3x3_f32/process_time/real_time               108 ms          108 ms            6 items_per_second=9.28905/s
BM_main_graph$async_dispatch_100_embedded_elf_riscv_64_main_graph$async_dispatch_100_conv_256x7x7x160x3x3_f32/process_time/real_time               107 ms          107 ms            6 items_per_second=9.34037/s
BM_main_graph$async_dispatch_100_embedded_elf_riscv_64_main_graph$async_dispatch_100_conv_256x7x7x160x3x3_f32/process_time/real_time               107 ms          107 ms            6 items_per_second=9.33726/s
BM_main_graph$async_dispatch_100_embedded_elf_riscv_64_main_graph$async_dispatch_100_conv_256x7x7x160x3x3_f32/process_time/real_time               108 ms          108 ms            6 items_per_second=9.29434/s
BM_main_graph$async_dispatch_100_embedded_elf_riscv_64_main_graph$async_dispatch_100_conv_256x7x7x160x3x3_f32/process_time/real_time               107 ms          107 ms            6 items_per_second=9.31911/s
BM_main_graph$async_dispatch_100_embedded_elf_riscv_64_main_graph$async_dispatch_100_conv_256x7x7x160x3x3_f32/process_time/real_time               107 ms          107 ms            6 items_per_second=9.32984/s
BM_main_graph$async_dispatch_100_embedded_elf_riscv_64_main_graph$async_dispatch_100_conv_256x7x7x160x3x3_f32/process_time/real_time               108 ms          108 ms            6 items_per_second=9.29758/s
BM_main_graph$async_dispatch_100_embedded_elf_riscv_64_main_graph$async_dispatch_100_conv_256x7x7x160x3x3_f32/process_time/real_time_mean          107 ms          107 ms           10 items_per_second=9.32136/s
BM_main_graph$async_dispatch_100_embedded_elf_riscv_64_main_graph$async_dispatch_100_conv_256x7x7x160x3x3_f32/process_time/real_time_median        107 ms          107 ms           10 items_per_second=9.33057/s
BM_main_graph$async_dispatch_100_embedded_elf_riscv_64_main_graph$async_dispatch_100_conv_256x7x7x160x3x3_f32/process_time/real_time_stddev      0.233 ms        0.237 ms           10 items_per_second=0.0202432/s
BM_main_graph$async_dispatch_100_embedded_elf_riscv_64_main_graph$async_dispatch_100_conv_256x7x7x160x3x3_f32/process_time/real_time_cv           0.22 %          0.22 %            10 items_per_second=0.22%
