2026-01-09T08:20:43.303166
Running tools/iree-benchmark-module --module=/home/dima/sched_vmfb/glpdepth_scalar/module_main_graph$async_dispatch_9_embedded_elf_riscv_64_benchmark.vmfb --device=local-task --function=main_graph$async_dispatch_9_embedded_elf_riscv_64_main_graph$async_dispatch_9_matmul_like_3136x49x32_f32 --input=1xi32=1 --task_topology_cpu_ids=0 --benchmark_repetitions=10
2026-01-09T08:20:43+08:00
Running tools/iree-benchmark-module
Run on (8 X 1600 MHz CPU s)
CPU Caches:
  L1 Instruction 32 KiB (x8)
  L1 Data 32 KiB (x8)
  L2 Unified 512 KiB (x2)
Load Average: 3.02, 3.03, 2.68
----------------------------------------------------------------------------------------------------------------------------------------------------------------------------------------------------
Benchmark                                                                                                                                          Time             CPU   Iterations UserCounters...
----------------------------------------------------------------------------------------------------------------------------------------------------------------------------------------------------
BM_main_graph$async_dispatch_9_embedded_elf_riscv_64_main_graph$async_dispatch_9_matmul_like_3136x49x32_f32/process_time/real_time              5.03 ms         5.04 ms          138 items_per_second=198.974/s
BM_main_graph$async_dispatch_9_embedded_elf_riscv_64_main_graph$async_dispatch_9_matmul_like_3136x49x32_f32/process_time/real_time              5.01 ms         5.03 ms          138 items_per_second=199.447/s
BM_main_graph$async_dispatch_9_embedded_elf_riscv_64_main_graph$async_dispatch_9_matmul_like_3136x49x32_f32/process_time/real_time              5.04 ms         5.06 ms          138 items_per_second=198.491/s
BM_main_graph$async_dispatch_9_embedded_elf_riscv_64_main_graph$async_dispatch_9_matmul_like_3136x49x32_f32/process_time/real_time              5.02 ms         5.03 ms          138 items_per_second=199.333/s
BM_main_graph$async_dispatch_9_embedded_elf_riscv_64_main_graph$async_dispatch_9_matmul_like_3136x49x32_f32/process_time/real_time              5.02 ms         5.04 ms          138 items_per_second=199.127/s
BM_main_graph$async_dispatch_9_embedded_elf_riscv_64_main_graph$async_dispatch_9_matmul_like_3136x49x32_f32/process_time/real_time              5.04 ms         5.06 ms          138 items_per_second=198.341/s
BM_main_graph$async_dispatch_9_embedded_elf_riscv_64_main_graph$async_dispatch_9_matmul_like_3136x49x32_f32/process_time/real_time              5.02 ms         5.04 ms          138 items_per_second=199.016/s
BM_main_graph$async_dispatch_9_embedded_elf_riscv_64_main_graph$async_dispatch_9_matmul_like_3136x49x32_f32/process_time/real_time              5.02 ms         5.04 ms          138 items_per_second=199.114/s
BM_main_graph$async_dispatch_9_embedded_elf_riscv_64_main_graph$async_dispatch_9_matmul_like_3136x49x32_f32/process_time/real_time              5.04 ms         5.05 ms          138 items_per_second=198.522/s
BM_main_graph$async_dispatch_9_embedded_elf_riscv_64_main_graph$async_dispatch_9_matmul_like_3136x49x32_f32/process_time/real_time              5.02 ms         5.04 ms          138 items_per_second=199.171/s
BM_main_graph$async_dispatch_9_embedded_elf_riscv_64_main_graph$async_dispatch_9_matmul_like_3136x49x32_f32/process_time/real_time_mean         5.03 ms         5.04 ms           10 items_per_second=198.953/s
BM_main_graph$async_dispatch_9_embedded_elf_riscv_64_main_graph$async_dispatch_9_matmul_like_3136x49x32_f32/process_time/real_time_median       5.02 ms         5.04 ms           10 items_per_second=199.065/s
BM_main_graph$async_dispatch_9_embedded_elf_riscv_64_main_graph$async_dispatch_9_matmul_like_3136x49x32_f32/process_time/real_time_stddev      0.009 ms        0.010 ms           10 items_per_second=0.375686/s
BM_main_graph$async_dispatch_9_embedded_elf_riscv_64_main_graph$async_dispatch_9_matmul_like_3136x49x32_f32/process_time/real_time_cv           0.19 %          0.20 %            10 items_per_second=0.19%
