2026-01-09T08:15:35.055478
Running tools/iree-benchmark-module --module=/home/dima/sched_vmfb/glpdepth_scalar/module_main_graph$async_dispatch_34_embedded_elf_riscv_64_benchmark.vmfb --device=local-task --function=main_graph$async_dispatch_34_embedded_elf_riscv_64_main_graph$async_dispatch_34_conv_64x28x28x32x3x3_f32 --input=1xi32=1 --task_topology_cpu_ids=0 --benchmark_repetitions=10
2026-01-09T08:15:35+08:00
Running tools/iree-benchmark-module
Run on (8 X 1600 MHz CPU s)
CPU Caches:
  L1 Instruction 32 KiB (x8)
  L1 Data 32 KiB (x8)
  L2 Unified 512 KiB (x2)
Load Average: 3.02, 2.95, 2.51
----------------------------------------------------------------------------------------------------------------------------------------------------------------------------------------------------
Benchmark                                                                                                                                          Time             CPU   Iterations UserCounters...
----------------------------------------------------------------------------------------------------------------------------------------------------------------------------------------------------
BM_main_graph$async_dispatch_34_embedded_elf_riscv_64_main_graph$async_dispatch_34_conv_64x28x28x32x3x3_f32/process_time/real_time              94.4 ms         94.4 ms            7 items_per_second=10.596/s
BM_main_graph$async_dispatch_34_embedded_elf_riscv_64_main_graph$async_dispatch_34_conv_64x28x28x32x3x3_f32/process_time/real_time              94.3 ms         94.3 ms            7 items_per_second=10.6018/s
BM_main_graph$async_dispatch_34_embedded_elf_riscv_64_main_graph$async_dispatch_34_conv_64x28x28x32x3x3_f32/process_time/real_time              94.7 ms         94.7 ms            7 items_per_second=10.5642/s
BM_main_graph$async_dispatch_34_embedded_elf_riscv_64_main_graph$async_dispatch_34_conv_64x28x28x32x3x3_f32/process_time/real_time              94.2 ms         94.2 ms            7 items_per_second=10.6181/s
BM_main_graph$async_dispatch_34_embedded_elf_riscv_64_main_graph$async_dispatch_34_conv_64x28x28x32x3x3_f32/process_time/real_time              94.3 ms         94.4 ms            7 items_per_second=10.5994/s
BM_main_graph$async_dispatch_34_embedded_elf_riscv_64_main_graph$async_dispatch_34_conv_64x28x28x32x3x3_f32/process_time/real_time              94.5 ms         94.5 ms            7 items_per_second=10.5789/s
BM_main_graph$async_dispatch_34_embedded_elf_riscv_64_main_graph$async_dispatch_34_conv_64x28x28x32x3x3_f32/process_time/real_time              94.3 ms         94.3 ms            7 items_per_second=10.6084/s
BM_main_graph$async_dispatch_34_embedded_elf_riscv_64_main_graph$async_dispatch_34_conv_64x28x28x32x3x3_f32/process_time/real_time              94.2 ms         94.2 ms            7 items_per_second=10.6132/s
BM_main_graph$async_dispatch_34_embedded_elf_riscv_64_main_graph$async_dispatch_34_conv_64x28x28x32x3x3_f32/process_time/real_time              94.7 ms         94.7 ms            7 items_per_second=10.5545/s
BM_main_graph$async_dispatch_34_embedded_elf_riscv_64_main_graph$async_dispatch_34_conv_64x28x28x32x3x3_f32/process_time/real_time              94.3 ms         94.3 ms            7 items_per_second=10.6012/s
BM_main_graph$async_dispatch_34_embedded_elf_riscv_64_main_graph$async_dispatch_34_conv_64x28x28x32x3x3_f32/process_time/real_time_mean         94.4 ms         94.4 ms           10 items_per_second=10.5936/s
BM_main_graph$async_dispatch_34_embedded_elf_riscv_64_main_graph$async_dispatch_34_conv_64x28x28x32x3x3_f32/process_time/real_time_median       94.3 ms         94.3 ms           10 items_per_second=10.6003/s
BM_main_graph$async_dispatch_34_embedded_elf_riscv_64_main_graph$async_dispatch_34_conv_64x28x28x32x3x3_f32/process_time/real_time_stddev      0.188 ms        0.181 ms           10 items_per_second=0.0210237/s
BM_main_graph$async_dispatch_34_embedded_elf_riscv_64_main_graph$async_dispatch_34_conv_64x28x28x32x3x3_f32/process_time/real_time_cv           0.20 %          0.19 %            10 items_per_second=0.20%
