2026-01-09T08:12:37.731096
Running tools/iree-benchmark-module --module=/home/dima/sched_vmfb/glpdepth_scalar/module_main_graph$async_dispatch_14_embedded_elf_riscv_64_benchmark.vmfb --device=local-task --function=main_graph$async_dispatch_14_embedded_elf_riscv_64_main_graph$async_dispatch_14_matmul_like_128x56x56x32_f32 --input=1xi32=1 --task_topology_cpu_ids=0 --benchmark_repetitions=10
2026-01-09T08:12:37+08:00
Running tools/iree-benchmark-module
Run on (8 X 1600 MHz CPU s)
CPU Caches:
  L1 Instruction 32 KiB (x8)
  L1 Data 32 KiB (x8)
  L2 Unified 512 KiB (x2)
Load Average: 3.30, 2.88, 2.39
--------------------------------------------------------------------------------------------------------------------------------------------------------------------------------------------------------
Benchmark                                                                                                                                              Time             CPU   Iterations UserCounters...
--------------------------------------------------------------------------------------------------------------------------------------------------------------------------------------------------------
BM_main_graph$async_dispatch_14_embedded_elf_riscv_64_main_graph$async_dispatch_14_matmul_like_128x56x56x32_f32/process_time/real_time               174 ms          174 ms            4 items_per_second=5.7338/s
BM_main_graph$async_dispatch_14_embedded_elf_riscv_64_main_graph$async_dispatch_14_matmul_like_128x56x56x32_f32/process_time/real_time               175 ms          175 ms            4 items_per_second=5.70618/s
BM_main_graph$async_dispatch_14_embedded_elf_riscv_64_main_graph$async_dispatch_14_matmul_like_128x56x56x32_f32/process_time/real_time               175 ms          175 ms            4 items_per_second=5.72882/s
BM_main_graph$async_dispatch_14_embedded_elf_riscv_64_main_graph$async_dispatch_14_matmul_like_128x56x56x32_f32/process_time/real_time               175 ms          175 ms            4 items_per_second=5.73025/s
BM_main_graph$async_dispatch_14_embedded_elf_riscv_64_main_graph$async_dispatch_14_matmul_like_128x56x56x32_f32/process_time/real_time               176 ms          176 ms            4 items_per_second=5.69626/s
BM_main_graph$async_dispatch_14_embedded_elf_riscv_64_main_graph$async_dispatch_14_matmul_like_128x56x56x32_f32/process_time/real_time               175 ms          175 ms            4 items_per_second=5.72963/s
BM_main_graph$async_dispatch_14_embedded_elf_riscv_64_main_graph$async_dispatch_14_matmul_like_128x56x56x32_f32/process_time/real_time               174 ms          174 ms            4 items_per_second=5.73534/s
BM_main_graph$async_dispatch_14_embedded_elf_riscv_64_main_graph$async_dispatch_14_matmul_like_128x56x56x32_f32/process_time/real_time               175 ms          175 ms            4 items_per_second=5.70689/s
BM_main_graph$async_dispatch_14_embedded_elf_riscv_64_main_graph$async_dispatch_14_matmul_like_128x56x56x32_f32/process_time/real_time               175 ms          175 ms            4 items_per_second=5.71252/s
BM_main_graph$async_dispatch_14_embedded_elf_riscv_64_main_graph$async_dispatch_14_matmul_like_128x56x56x32_f32/process_time/real_time               175 ms          175 ms            4 items_per_second=5.72488/s
BM_main_graph$async_dispatch_14_embedded_elf_riscv_64_main_graph$async_dispatch_14_matmul_like_128x56x56x32_f32/process_time/real_time_mean          175 ms          175 ms           10 items_per_second=5.72046/s
BM_main_graph$async_dispatch_14_embedded_elf_riscv_64_main_graph$async_dispatch_14_matmul_like_128x56x56x32_f32/process_time/real_time_median        175 ms          175 ms           10 items_per_second=5.72685/s
BM_main_graph$async_dispatch_14_embedded_elf_riscv_64_main_graph$async_dispatch_14_matmul_like_128x56x56x32_f32/process_time/real_time_stddev      0.421 ms        0.416 ms           10 items_per_second=0.0137656/s
BM_main_graph$async_dispatch_14_embedded_elf_riscv_64_main_graph$async_dispatch_14_matmul_like_128x56x56x32_f32/process_time/real_time_cv           0.24 %          0.24 %            10 items_per_second=0.24%
