2026-01-09T08:10:21.517555
Running tools/iree-benchmark-module --module=/home/dima/sched_vmfb/glpdepth_scalar/module_main_graph$async_dispatch_133_embedded_elf_riscv_64_benchmark.vmfb --device=local-task --function=main_graph$async_dispatch_133_embedded_elf_riscv_64_main_graph$async_dispatch_133_conv_32x14x14x64x3x3_f32 --input=1xi32=1 --task_topology_cpu_ids=0 --benchmark_repetitions=10
2026-01-09T08:10:21+08:00
Running tools/iree-benchmark-module
Run on (8 X 1600 MHz CPU s)
CPU Caches:
  L1 Instruction 32 KiB (x8)
  L1 Data 32 KiB (x8)
  L2 Unified 512 KiB (x2)
Load Average: 3.10, 2.57, 2.22
------------------------------------------------------------------------------------------------------------------------------------------------------------------------------------------------------
Benchmark                                                                                                                                            Time             CPU   Iterations UserCounters...
------------------------------------------------------------------------------------------------------------------------------------------------------------------------------------------------------
BM_main_graph$async_dispatch_133_embedded_elf_riscv_64_main_graph$async_dispatch_133_conv_32x14x14x64x3x3_f32/process_time/real_time              20.0 ms         20.0 ms           35 items_per_second=50.101/s
BM_main_graph$async_dispatch_133_embedded_elf_riscv_64_main_graph$async_dispatch_133_conv_32x14x14x64x3x3_f32/process_time/real_time              19.9 ms         19.9 ms           35 items_per_second=50.2649/s
BM_main_graph$async_dispatch_133_embedded_elf_riscv_64_main_graph$async_dispatch_133_conv_32x14x14x64x3x3_f32/process_time/real_time              19.9 ms         19.9 ms           35 items_per_second=50.2758/s
BM_main_graph$async_dispatch_133_embedded_elf_riscv_64_main_graph$async_dispatch_133_conv_32x14x14x64x3x3_f32/process_time/real_time              20.0 ms         20.0 ms           35 items_per_second=50.0998/s
BM_main_graph$async_dispatch_133_embedded_elf_riscv_64_main_graph$async_dispatch_133_conv_32x14x14x64x3x3_f32/process_time/real_time              19.9 ms         19.9 ms           35 items_per_second=50.2762/s
BM_main_graph$async_dispatch_133_embedded_elf_riscv_64_main_graph$async_dispatch_133_conv_32x14x14x64x3x3_f32/process_time/real_time              19.9 ms         20.0 ms           35 items_per_second=50.1314/s
BM_main_graph$async_dispatch_133_embedded_elf_riscv_64_main_graph$async_dispatch_133_conv_32x14x14x64x3x3_f32/process_time/real_time              19.9 ms         19.9 ms           35 items_per_second=50.1856/s
BM_main_graph$async_dispatch_133_embedded_elf_riscv_64_main_graph$async_dispatch_133_conv_32x14x14x64x3x3_f32/process_time/real_time              19.9 ms         19.9 ms           35 items_per_second=50.2095/s
BM_main_graph$async_dispatch_133_embedded_elf_riscv_64_main_graph$async_dispatch_133_conv_32x14x14x64x3x3_f32/process_time/real_time              20.0 ms         20.0 ms           35 items_per_second=50.0419/s
BM_main_graph$async_dispatch_133_embedded_elf_riscv_64_main_graph$async_dispatch_133_conv_32x14x14x64x3x3_f32/process_time/real_time              19.9 ms         19.9 ms           35 items_per_second=50.2821/s
BM_main_graph$async_dispatch_133_embedded_elf_riscv_64_main_graph$async_dispatch_133_conv_32x14x14x64x3x3_f32/process_time/real_time_mean         19.9 ms         19.9 ms           10 items_per_second=50.1868/s
BM_main_graph$async_dispatch_133_embedded_elf_riscv_64_main_graph$async_dispatch_133_conv_32x14x14x64x3x3_f32/process_time/real_time_median       19.9 ms         19.9 ms           10 items_per_second=50.1976/s
BM_main_graph$async_dispatch_133_embedded_elf_riscv_64_main_graph$async_dispatch_133_conv_32x14x14x64x3x3_f32/process_time/real_time_stddev      0.035 ms        0.036 ms           10 items_per_second=0.0885863/s
BM_main_graph$async_dispatch_133_embedded_elf_riscv_64_main_graph$async_dispatch_133_conv_32x14x14x64x3x3_f32/process_time/real_time_cv           0.18 %          0.18 %            10 items_per_second=0.18%
