2026-01-09T08:16:17.506548
Running tools/iree-benchmark-module --module=/home/dima/sched_vmfb/glpdepth_scalar/module_main_graph$async_dispatch_3_embedded_elf_riscv_64_benchmark.vmfb --device=local-task --function=main_graph$async_dispatch_3_embedded_elf_riscv_64_main_graph$async_dispatch_3_matmul_like_3136x32x32_f32 --input=1xi32=1 --task_topology_cpu_ids=0 --benchmark_repetitions=10
2026-01-09T08:16:17+08:00
Running tools/iree-benchmark-module
Run on (8 X 1600 MHz CPU s)
CPU Caches:
  L1 Instruction 32 KiB (x8)
  L1 Data 32 KiB (x8)
  L2 Unified 512 KiB (x2)
Load Average: 3.01, 2.96, 2.53
----------------------------------------------------------------------------------------------------------------------------------------------------------------------------------------------------
Benchmark                                                                                                                                          Time             CPU   Iterations UserCounters...
----------------------------------------------------------------------------------------------------------------------------------------------------------------------------------------------------
BM_main_graph$async_dispatch_3_embedded_elf_riscv_64_main_graph$async_dispatch_3_matmul_like_3136x32x32_f32/process_time/real_time              2.18 ms         2.18 ms          321 items_per_second=459.227/s
BM_main_graph$async_dispatch_3_embedded_elf_riscv_64_main_graph$async_dispatch_3_matmul_like_3136x32x32_f32/process_time/real_time              2.19 ms         2.20 ms          321 items_per_second=456.701/s
BM_main_graph$async_dispatch_3_embedded_elf_riscv_64_main_graph$async_dispatch_3_matmul_like_3136x32x32_f32/process_time/real_time              2.18 ms         2.18 ms          321 items_per_second=459.529/s
BM_main_graph$async_dispatch_3_embedded_elf_riscv_64_main_graph$async_dispatch_3_matmul_like_3136x32x32_f32/process_time/real_time              2.18 ms         2.18 ms          321 items_per_second=458.775/s
BM_main_graph$async_dispatch_3_embedded_elf_riscv_64_main_graph$async_dispatch_3_matmul_like_3136x32x32_f32/process_time/real_time              2.19 ms         2.19 ms          321 items_per_second=456.944/s
BM_main_graph$async_dispatch_3_embedded_elf_riscv_64_main_graph$async_dispatch_3_matmul_like_3136x32x32_f32/process_time/real_time              2.18 ms         2.18 ms          321 items_per_second=459.203/s
BM_main_graph$async_dispatch_3_embedded_elf_riscv_64_main_graph$async_dispatch_3_matmul_like_3136x32x32_f32/process_time/real_time              2.18 ms         2.18 ms          321 items_per_second=459.683/s
BM_main_graph$async_dispatch_3_embedded_elf_riscv_64_main_graph$async_dispatch_3_matmul_like_3136x32x32_f32/process_time/real_time              2.19 ms         2.19 ms          321 items_per_second=456.836/s
BM_main_graph$async_dispatch_3_embedded_elf_riscv_64_main_graph$async_dispatch_3_matmul_like_3136x32x32_f32/process_time/real_time              2.18 ms         2.18 ms          321 items_per_second=459.578/s
BM_main_graph$async_dispatch_3_embedded_elf_riscv_64_main_graph$async_dispatch_3_matmul_like_3136x32x32_f32/process_time/real_time              2.18 ms         2.18 ms          321 items_per_second=459.268/s
BM_main_graph$async_dispatch_3_embedded_elf_riscv_64_main_graph$async_dispatch_3_matmul_like_3136x32x32_f32/process_time/real_time_mean         2.18 ms         2.19 ms           10 items_per_second=458.574/s
BM_main_graph$async_dispatch_3_embedded_elf_riscv_64_main_graph$async_dispatch_3_matmul_like_3136x32x32_f32/process_time/real_time_median       2.18 ms         2.18 ms           10 items_per_second=459.215/s
BM_main_graph$async_dispatch_3_embedded_elf_riscv_64_main_graph$async_dispatch_3_matmul_like_3136x32x32_f32/process_time/real_time_stddev      0.006 ms        0.006 ms           10 items_per_second=1.23283/s
BM_main_graph$async_dispatch_3_embedded_elf_riscv_64_main_graph$async_dispatch_3_matmul_like_3136x32x32_f32/process_time/real_time_cv           0.27 %          0.27 %            10 items_per_second=0.27%
