2026-01-09T08:08:48.202373
Running tools/iree-benchmark-module --module=/home/dima/sched_vmfb/glpdepth_scalar/module_main_graph$async_dispatch_10_embedded_elf_riscv_64_benchmark.vmfb --device=local-task --function=main_graph$async_dispatch_10_embedded_elf_riscv_64_main_graph$async_dispatch_10_softmax_3136x49xf32_dispatch_tensor_store --input=1xi32=1 --task_topology_cpu_ids=0 --benchmark_repetitions=10
2026-01-09T08:08:48+08:00
Running tools/iree-benchmark-module
Run on (8 X 1600 MHz CPU s)
CPU Caches:
  L1 Instruction 32 KiB (x8)
  L1 Data 32 KiB (x8)
  L2 Unified 512 KiB (x2)
Load Average: 2.99, 2.35, 2.12
---------------------------------------------------------------------------------------------------------------------------------------------------------------------------------------------------------------------
Benchmark                                                                                                                                                           Time             CPU   Iterations UserCounters...
---------------------------------------------------------------------------------------------------------------------------------------------------------------------------------------------------------------------
BM_main_graph$async_dispatch_10_embedded_elf_riscv_64_main_graph$async_dispatch_10_softmax_3136x49xf32_dispatch_tensor_store/process_time/real_time              6.16 ms         6.17 ms          113 items_per_second=162.432/s
BM_main_graph$async_dispatch_10_embedded_elf_riscv_64_main_graph$async_dispatch_10_softmax_3136x49xf32_dispatch_tensor_store/process_time/real_time              6.19 ms         6.20 ms          113 items_per_second=161.627/s
BM_main_graph$async_dispatch_10_embedded_elf_riscv_64_main_graph$async_dispatch_10_softmax_3136x49xf32_dispatch_tensor_store/process_time/real_time              6.16 ms         6.17 ms          113 items_per_second=162.323/s
BM_main_graph$async_dispatch_10_embedded_elf_riscv_64_main_graph$async_dispatch_10_softmax_3136x49xf32_dispatch_tensor_store/process_time/real_time              6.16 ms         6.17 ms          113 items_per_second=162.308/s
BM_main_graph$async_dispatch_10_embedded_elf_riscv_64_main_graph$async_dispatch_10_softmax_3136x49xf32_dispatch_tensor_store/process_time/real_time              6.19 ms         6.19 ms          113 items_per_second=161.553/s
BM_main_graph$async_dispatch_10_embedded_elf_riscv_64_main_graph$async_dispatch_10_softmax_3136x49xf32_dispatch_tensor_store/process_time/real_time              6.17 ms         6.17 ms          113 items_per_second=162.027/s
BM_main_graph$async_dispatch_10_embedded_elf_riscv_64_main_graph$async_dispatch_10_softmax_3136x49xf32_dispatch_tensor_store/process_time/real_time              6.16 ms         6.17 ms          113 items_per_second=162.359/s
BM_main_graph$async_dispatch_10_embedded_elf_riscv_64_main_graph$async_dispatch_10_softmax_3136x49xf32_dispatch_tensor_store/process_time/real_time              6.19 ms         6.20 ms          113 items_per_second=161.665/s
BM_main_graph$async_dispatch_10_embedded_elf_riscv_64_main_graph$async_dispatch_10_softmax_3136x49xf32_dispatch_tensor_store/process_time/real_time              6.16 ms         6.17 ms          113 items_per_second=162.398/s
BM_main_graph$async_dispatch_10_embedded_elf_riscv_64_main_graph$async_dispatch_10_softmax_3136x49xf32_dispatch_tensor_store/process_time/real_time              6.18 ms         6.18 ms          113 items_per_second=161.685/s
BM_main_graph$async_dispatch_10_embedded_elf_riscv_64_main_graph$async_dispatch_10_softmax_3136x49xf32_dispatch_tensor_store/process_time/real_time_mean         6.17 ms         6.18 ms           10 items_per_second=162.038/s
BM_main_graph$async_dispatch_10_embedded_elf_riscv_64_main_graph$async_dispatch_10_softmax_3136x49xf32_dispatch_tensor_store/process_time/real_time_median       6.17 ms         6.17 ms           10 items_per_second=162.168/s
BM_main_graph$async_dispatch_10_embedded_elf_riscv_64_main_graph$async_dispatch_10_softmax_3136x49xf32_dispatch_tensor_store/process_time/real_time_stddev      0.014 ms        0.013 ms           10 items_per_second=0.366639/s
BM_main_graph$async_dispatch_10_embedded_elf_riscv_64_main_graph$async_dispatch_10_softmax_3136x49xf32_dispatch_tensor_store/process_time/real_time_cv           0.23 %          0.21 %            10 items_per_second=0.23%
