2026-01-09T08:19:28.076668
Running tools/iree-benchmark-module --module=/home/dima/sched_vmfb/glpdepth_scalar/module_main_graph$async_dispatch_77_embedded_elf_riscv_64_benchmark.vmfb --device=local-task --function=main_graph$async_dispatch_77_embedded_elf_riscv_64_main_graph$async_dispatch_77_matmul_like_196x5x32x49_f32 --input=1xi32=1 --task_topology_cpu_ids=0 --benchmark_repetitions=10
2026-01-09T08:19:28+08:00
Running tools/iree-benchmark-module
Run on (8 X 1600 MHz CPU s)
CPU Caches:
  L1 Instruction 32 KiB (x8)
  L1 Data 32 KiB (x8)
  L2 Unified 512 KiB (x2)
Load Average: 3.10, 3.04, 2.65
-------------------------------------------------------------------------------------------------------------------------------------------------------------------------------------------------------
Benchmark                                                                                                                                             Time             CPU   Iterations UserCounters...
-------------------------------------------------------------------------------------------------------------------------------------------------------------------------------------------------------
BM_main_graph$async_dispatch_77_embedded_elf_riscv_64_main_graph$async_dispatch_77_matmul_like_196x5x32x49_f32/process_time/real_time              2.79 ms         2.80 ms          251 items_per_second=358.126/s
BM_main_graph$async_dispatch_77_embedded_elf_riscv_64_main_graph$async_dispatch_77_matmul_like_196x5x32x49_f32/process_time/real_time              2.78 ms         2.79 ms          251 items_per_second=359.14/s
BM_main_graph$async_dispatch_77_embedded_elf_riscv_64_main_graph$async_dispatch_77_matmul_like_196x5x32x49_f32/process_time/real_time              2.78 ms         2.79 ms          251 items_per_second=359.669/s
BM_main_graph$async_dispatch_77_embedded_elf_riscv_64_main_graph$async_dispatch_77_matmul_like_196x5x32x49_f32/process_time/real_time              2.79 ms         2.80 ms          251 items_per_second=358.004/s
BM_main_graph$async_dispatch_77_embedded_elf_riscv_64_main_graph$async_dispatch_77_matmul_like_196x5x32x49_f32/process_time/real_time              2.78 ms         2.79 ms          251 items_per_second=359.351/s
BM_main_graph$async_dispatch_77_embedded_elf_riscv_64_main_graph$async_dispatch_77_matmul_like_196x5x32x49_f32/process_time/real_time              2.79 ms         2.80 ms          251 items_per_second=357.989/s
BM_main_graph$async_dispatch_77_embedded_elf_riscv_64_main_graph$async_dispatch_77_matmul_like_196x5x32x49_f32/process_time/real_time              2.78 ms         2.79 ms          251 items_per_second=359.124/s
BM_main_graph$async_dispatch_77_embedded_elf_riscv_64_main_graph$async_dispatch_77_matmul_like_196x5x32x49_f32/process_time/real_time              2.78 ms         2.79 ms          251 items_per_second=359.224/s
BM_main_graph$async_dispatch_77_embedded_elf_riscv_64_main_graph$async_dispatch_77_matmul_like_196x5x32x49_f32/process_time/real_time              2.79 ms         2.80 ms          251 items_per_second=358.105/s
BM_main_graph$async_dispatch_77_embedded_elf_riscv_64_main_graph$async_dispatch_77_matmul_like_196x5x32x49_f32/process_time/real_time              2.79 ms         2.79 ms          251 items_per_second=357.873/s
BM_main_graph$async_dispatch_77_embedded_elf_riscv_64_main_graph$async_dispatch_77_matmul_like_196x5x32x49_f32/process_time/real_time_mean         2.79 ms         2.79 ms           10 items_per_second=358.66/s
BM_main_graph$async_dispatch_77_embedded_elf_riscv_64_main_graph$async_dispatch_77_matmul_like_196x5x32x49_f32/process_time/real_time_median       2.79 ms         2.79 ms           10 items_per_second=358.625/s
BM_main_graph$async_dispatch_77_embedded_elf_riscv_64_main_graph$async_dispatch_77_matmul_like_196x5x32x49_f32/process_time/real_time_stddev      0.005 ms        0.005 ms           10 items_per_second=0.695383/s
BM_main_graph$async_dispatch_77_embedded_elf_riscv_64_main_graph$async_dispatch_77_matmul_like_196x5x32x49_f32/process_time/real_time_cv           0.19 %          0.19 %            10 items_per_second=0.19%
