2026-01-09T08:09:45.507713
Running tools/iree-benchmark-module --module=/home/dima/sched_vmfb/glpdepth_scalar/module_main_graph$async_dispatch_129_embedded_elf_riscv_64_benchmark.vmfb --device=local-task --function=main_graph$async_dispatch_129_embedded_elf_riscv_64_main_graph$async_dispatch_129_elementwise_broadcast_12544_f32 --input=1xi32=1 --task_topology_cpu_ids=0 --benchmark_repetitions=10
2026-01-09T08:09:45+08:00
Running tools/iree-benchmark-module
Run on (8 X 1600 MHz CPU s)
CPU Caches:
  L1 Instruction 32 KiB (x8)
  L1 Data 32 KiB (x8)
  L2 Unified 512 KiB (x2)
Load Average: 3.18, 2.52, 2.19
-------------------------------------------------------------------------------------------------------------------------------------------------------------------------------------------------------------
Benchmark                                                                                                                                                   Time             CPU   Iterations UserCounters...
-------------------------------------------------------------------------------------------------------------------------------------------------------------------------------------------------------------
BM_main_graph$async_dispatch_129_embedded_elf_riscv_64_main_graph$async_dispatch_129_elementwise_broadcast_12544_f32/process_time/real_time             0.915 ms        0.922 ms          744 items_per_second=1.09275k/s
BM_main_graph$async_dispatch_129_embedded_elf_riscv_64_main_graph$async_dispatch_129_elementwise_broadcast_12544_f32/process_time/real_time             0.915 ms        0.922 ms          744 items_per_second=1.0926k/s
BM_main_graph$async_dispatch_129_embedded_elf_riscv_64_main_graph$async_dispatch_129_elementwise_broadcast_12544_f32/process_time/real_time             0.917 ms        0.924 ms          744 items_per_second=1.09045k/s
BM_main_graph$async_dispatch_129_embedded_elf_riscv_64_main_graph$async_dispatch_129_elementwise_broadcast_12544_f32/process_time/real_time             0.915 ms        0.922 ms          744 items_per_second=1.09335k/s
BM_main_graph$async_dispatch_129_embedded_elf_riscv_64_main_graph$async_dispatch_129_elementwise_broadcast_12544_f32/process_time/real_time             0.914 ms        0.921 ms          744 items_per_second=1.09372k/s
BM_main_graph$async_dispatch_129_embedded_elf_riscv_64_main_graph$async_dispatch_129_elementwise_broadcast_12544_f32/process_time/real_time             0.917 ms        0.924 ms          744 items_per_second=1.09007k/s
BM_main_graph$async_dispatch_129_embedded_elf_riscv_64_main_graph$async_dispatch_129_elementwise_broadcast_12544_f32/process_time/real_time             0.915 ms        0.922 ms          744 items_per_second=1.09334k/s
BM_main_graph$async_dispatch_129_embedded_elf_riscv_64_main_graph$async_dispatch_129_elementwise_broadcast_12544_f32/process_time/real_time             0.914 ms        0.921 ms          744 items_per_second=1.09403k/s
BM_main_graph$async_dispatch_129_embedded_elf_riscv_64_main_graph$async_dispatch_129_elementwise_broadcast_12544_f32/process_time/real_time             0.917 ms        0.924 ms          744 items_per_second=1.09012k/s
BM_main_graph$async_dispatch_129_embedded_elf_riscv_64_main_graph$async_dispatch_129_elementwise_broadcast_12544_f32/process_time/real_time             0.914 ms        0.921 ms          744 items_per_second=1.09389k/s
BM_main_graph$async_dispatch_129_embedded_elf_riscv_64_main_graph$async_dispatch_129_elementwise_broadcast_12544_f32/process_time/real_time_mean        0.915 ms        0.922 ms           10 items_per_second=1.09243k/s
BM_main_graph$async_dispatch_129_embedded_elf_riscv_64_main_graph$async_dispatch_129_elementwise_broadcast_12544_f32/process_time/real_time_median      0.915 ms        0.922 ms           10 items_per_second=1.09304k/s
BM_main_graph$async_dispatch_129_embedded_elf_riscv_64_main_graph$async_dispatch_129_elementwise_broadcast_12544_f32/process_time/real_time_stddev      0.001 ms        0.001 ms           10 items_per_second=1.5985/s
BM_main_graph$async_dispatch_129_embedded_elf_riscv_64_main_graph$async_dispatch_129_elementwise_broadcast_12544_f32/process_time/real_time_cv           0.15 %          0.15 %            10 items_per_second=0.15%
