2026-01-08T02:19:25.024783
Running tools/iree-benchmark-module --module=/home/dima/sched_vmfb/dronet/module_main_graph$async_dispatch_11_system_elf_riscv_64_benchmark.vmfb --device=local-task --function=main_graph$async_dispatch_11_system_elf_riscv_64_main_graph$async_dispatch_11_conv_128x7x7x128x3x3_f32 --input=1xi32=1 --task_topology_cpu_ids=0,1 --benchmark_repetitions=10
2026-01-08T02:19:25+08:00
Running tools/iree-benchmark-module
Run on (8 X 1600 MHz CPU s)
CPU Caches:
  L1 Instruction 32 KiB (x8)
  L1 Data 32 KiB (x8)
  L2 Unified 512 KiB (x2)
Load Average: 3.12, 2.46, 2.17
--------------------------------------------------------------------------------------------------------------------------------------------------------------------------------------------------
Benchmark                                                                                                                                        Time             CPU   Iterations UserCounters...
--------------------------------------------------------------------------------------------------------------------------------------------------------------------------------------------------
BM_main_graph$async_dispatch_11_system_elf_riscv_64_main_graph$async_dispatch_11_conv_128x7x7x128x3x3_f32/process_time/real_time              23.5 ms         41.1 ms           30 items_per_second=42.6413/s
BM_main_graph$async_dispatch_11_system_elf_riscv_64_main_graph$async_dispatch_11_conv_128x7x7x128x3x3_f32/process_time/real_time              23.4 ms         41.2 ms           30 items_per_second=42.6533/s
BM_main_graph$async_dispatch_11_system_elf_riscv_64_main_graph$async_dispatch_11_conv_128x7x7x128x3x3_f32/process_time/real_time              23.4 ms         41.1 ms           30 items_per_second=42.6668/s
BM_main_graph$async_dispatch_11_system_elf_riscv_64_main_graph$async_dispatch_11_conv_128x7x7x128x3x3_f32/process_time/real_time              23.5 ms         41.2 ms           30 items_per_second=42.6078/s
BM_main_graph$async_dispatch_11_system_elf_riscv_64_main_graph$async_dispatch_11_conv_128x7x7x128x3x3_f32/process_time/real_time              23.5 ms         41.2 ms           30 items_per_second=42.5902/s
BM_main_graph$async_dispatch_11_system_elf_riscv_64_main_graph$async_dispatch_11_conv_128x7x7x128x3x3_f32/process_time/real_time              23.5 ms         41.2 ms           30 items_per_second=42.5781/s
BM_main_graph$async_dispatch_11_system_elf_riscv_64_main_graph$async_dispatch_11_conv_128x7x7x128x3x3_f32/process_time/real_time              23.4 ms         41.1 ms           30 items_per_second=42.6507/s
BM_main_graph$async_dispatch_11_system_elf_riscv_64_main_graph$async_dispatch_11_conv_128x7x7x128x3x3_f32/process_time/real_time              23.5 ms         41.3 ms           30 items_per_second=42.6035/s
BM_main_graph$async_dispatch_11_system_elf_riscv_64_main_graph$async_dispatch_11_conv_128x7x7x128x3x3_f32/process_time/real_time              23.4 ms         41.1 ms           30 items_per_second=42.6664/s
BM_main_graph$async_dispatch_11_system_elf_riscv_64_main_graph$async_dispatch_11_conv_128x7x7x128x3x3_f32/process_time/real_time              23.7 ms         41.9 ms           30 items_per_second=42.2139/s
BM_main_graph$async_dispatch_11_system_elf_riscv_64_main_graph$async_dispatch_11_conv_128x7x7x128x3x3_f32/process_time/real_time_mean         23.5 ms         41.2 ms           10 items_per_second=42.5872/s
BM_main_graph$async_dispatch_11_system_elf_riscv_64_main_graph$async_dispatch_11_conv_128x7x7x128x3x3_f32/process_time/real_time_median       23.5 ms         41.2 ms           10 items_per_second=42.6246/s
BM_main_graph$async_dispatch_11_system_elf_riscv_64_main_graph$async_dispatch_11_conv_128x7x7x128x3x3_f32/process_time/real_time_stddev      0.075 ms        0.253 ms           10 items_per_second=0.135027/s
BM_main_graph$async_dispatch_11_system_elf_riscv_64_main_graph$async_dispatch_11_conv_128x7x7x128x3x3_f32/process_time/real_time_cv           0.32 %          0.61 %            10 items_per_second=0.32%
