2026-01-08T02:19:39.797426
Running tools/iree-benchmark-module --module=/home/dima/sched_vmfb/dronet/module_main_graph$async_dispatch_13_system_elf_riscv_64_benchmark.vmfb --device=local-task --function=main_graph$async_dispatch_13_system_elf_riscv_64_main_graph$async_dispatch_13_slow_memcpy --input=1xi32=1 --task_topology_cpu_ids=0,1 --benchmark_repetitions=10
2026-01-08T02:19:39+08:00
Running tools/iree-benchmark-module
Run on (8 X 1600 MHz CPU s)
CPU Caches:
  L1 Instruction 32 KiB (x8)
  L1 Data 32 KiB (x8)
  L2 Unified 512 KiB (x2)
Load Average: 3.09, 2.49, 2.19
-------------------------------------------------------------------------------------------------------------------------------------------------------------------------------------
Benchmark                                                                                                                           Time             CPU   Iterations UserCounters...
-------------------------------------------------------------------------------------------------------------------------------------------------------------------------------------
BM_main_graph$async_dispatch_13_system_elf_riscv_64_main_graph$async_dispatch_13_slow_memcpy/process_time/real_time             0.053 ms        0.059 ms        13159 items_per_second=18.9273k/s
BM_main_graph$async_dispatch_13_system_elf_riscv_64_main_graph$async_dispatch_13_slow_memcpy/process_time/real_time             0.052 ms        0.059 ms        13159 items_per_second=19.1252k/s
BM_main_graph$async_dispatch_13_system_elf_riscv_64_main_graph$async_dispatch_13_slow_memcpy/process_time/real_time             0.053 ms        0.059 ms        13159 items_per_second=18.9103k/s
BM_main_graph$async_dispatch_13_system_elf_riscv_64_main_graph$async_dispatch_13_slow_memcpy/process_time/real_time             0.055 ms        0.058 ms        13159 items_per_second=18.0635k/s
BM_main_graph$async_dispatch_13_system_elf_riscv_64_main_graph$async_dispatch_13_slow_memcpy/process_time/real_time             0.053 ms        0.059 ms        13159 items_per_second=18.9345k/s
BM_main_graph$async_dispatch_13_system_elf_riscv_64_main_graph$async_dispatch_13_slow_memcpy/process_time/real_time             0.052 ms        0.058 ms        13159 items_per_second=19.2479k/s
BM_main_graph$async_dispatch_13_system_elf_riscv_64_main_graph$async_dispatch_13_slow_memcpy/process_time/real_time             0.052 ms        0.058 ms        13159 items_per_second=19.4158k/s
BM_main_graph$async_dispatch_13_system_elf_riscv_64_main_graph$async_dispatch_13_slow_memcpy/process_time/real_time             0.052 ms        0.058 ms        13159 items_per_second=19.3706k/s
BM_main_graph$async_dispatch_13_system_elf_riscv_64_main_graph$async_dispatch_13_slow_memcpy/process_time/real_time             0.052 ms        0.058 ms        13159 items_per_second=19.2798k/s
BM_main_graph$async_dispatch_13_system_elf_riscv_64_main_graph$async_dispatch_13_slow_memcpy/process_time/real_time             0.052 ms        0.058 ms        13159 items_per_second=19.3584k/s
BM_main_graph$async_dispatch_13_system_elf_riscv_64_main_graph$async_dispatch_13_slow_memcpy/process_time/real_time_mean        0.052 ms        0.058 ms           10 items_per_second=19.0633k/s
BM_main_graph$async_dispatch_13_system_elf_riscv_64_main_graph$async_dispatch_13_slow_memcpy/process_time/real_time_median      0.052 ms        0.058 ms           10 items_per_second=19.1866k/s
BM_main_graph$async_dispatch_13_system_elf_riscv_64_main_graph$async_dispatch_13_slow_memcpy/process_time/real_time_stddev      0.001 ms        0.000 ms           10 items_per_second=401.192/s
BM_main_graph$async_dispatch_13_system_elf_riscv_64_main_graph$async_dispatch_13_slow_memcpy/process_time/real_time_cv           2.18 %          0.84 %            10 items_per_second=2.10%
