2026-01-08T02:19:47.187394
Running tools/iree-benchmark-module --module=/home/dima/sched_vmfb/dronet/module_main_graph$async_dispatch_14_system_elf_riscv_64_benchmark.vmfb --device=local-task --function=main_graph$async_dispatch_14_system_elf_riscv_64_main_graph$async_dispatch_14_matvec_like_6272_f32 --input=1xi32=1 --task_topology_cpu_ids=0,1 --benchmark_repetitions=10
2026-01-08T02:19:47+08:00
Running tools/iree-benchmark-module
Run on (8 X 1600 MHz CPU s)
CPU Caches:
  L1 Instruction 32 KiB (x8)
  L1 Data 32 KiB (x8)
  L2 Unified 512 KiB (x2)
Load Average: 3.08, 2.50, 2.19
----------------------------------------------------------------------------------------------------------------------------------------------------------------------------------------------
Benchmark                                                                                                                                    Time             CPU   Iterations UserCounters...
----------------------------------------------------------------------------------------------------------------------------------------------------------------------------------------------
BM_main_graph$async_dispatch_14_system_elf_riscv_64_main_graph$async_dispatch_14_matvec_like_6272_f32/process_time/real_time             0.108 ms        0.114 ms         6475 items_per_second=9.27146k/s
BM_main_graph$async_dispatch_14_system_elf_riscv_64_main_graph$async_dispatch_14_matvec_like_6272_f32/process_time/real_time             0.108 ms        0.114 ms         6475 items_per_second=9.26488k/s
BM_main_graph$async_dispatch_14_system_elf_riscv_64_main_graph$async_dispatch_14_matvec_like_6272_f32/process_time/real_time             0.107 ms        0.113 ms         6475 items_per_second=9.30738k/s
BM_main_graph$async_dispatch_14_system_elf_riscv_64_main_graph$async_dispatch_14_matvec_like_6272_f32/process_time/real_time             0.108 ms        0.113 ms         6475 items_per_second=9.29517k/s
BM_main_graph$async_dispatch_14_system_elf_riscv_64_main_graph$async_dispatch_14_matvec_like_6272_f32/process_time/real_time             0.108 ms        0.114 ms         6475 items_per_second=9.23309k/s
BM_main_graph$async_dispatch_14_system_elf_riscv_64_main_graph$async_dispatch_14_matvec_like_6272_f32/process_time/real_time             0.107 ms        0.113 ms         6475 items_per_second=9.3076k/s
BM_main_graph$async_dispatch_14_system_elf_riscv_64_main_graph$async_dispatch_14_matvec_like_6272_f32/process_time/real_time             0.108 ms        0.113 ms         6475 items_per_second=9.26896k/s
BM_main_graph$async_dispatch_14_system_elf_riscv_64_main_graph$async_dispatch_14_matvec_like_6272_f32/process_time/real_time             0.109 ms        0.114 ms         6475 items_per_second=9.13306k/s
BM_main_graph$async_dispatch_14_system_elf_riscv_64_main_graph$async_dispatch_14_matvec_like_6272_f32/process_time/real_time             0.108 ms        0.114 ms         6475 items_per_second=9.29393k/s
BM_main_graph$async_dispatch_14_system_elf_riscv_64_main_graph$async_dispatch_14_matvec_like_6272_f32/process_time/real_time             0.107 ms        0.113 ms         6475 items_per_second=9.34947k/s
BM_main_graph$async_dispatch_14_system_elf_riscv_64_main_graph$async_dispatch_14_matvec_like_6272_f32/process_time/real_time_mean        0.108 ms        0.113 ms           10 items_per_second=9.2725k/s
BM_main_graph$async_dispatch_14_system_elf_riscv_64_main_graph$async_dispatch_14_matvec_like_6272_f32/process_time/real_time_median      0.108 ms        0.113 ms           10 items_per_second=9.2827k/s
BM_main_graph$async_dispatch_14_system_elf_riscv_64_main_graph$async_dispatch_14_matvec_like_6272_f32/process_time/real_time_stddev      0.001 ms        0.000 ms           10 items_per_second=58.1326/s
BM_main_graph$async_dispatch_14_system_elf_riscv_64_main_graph$async_dispatch_14_matvec_like_6272_f32/process_time/real_time_cv           0.63 %          0.31 %            10 items_per_second=0.63%
