2026-01-08T02:19:32.351484
Running tools/iree-benchmark-module --module=/home/dima/sched_vmfb/dronet/module_main_graph$async_dispatch_12_system_elf_riscv_64_benchmark.vmfb --device=local-task --function=main_graph$async_dispatch_12_system_elf_riscv_64_main_graph$async_dispatch_12_matvec_like_6272_f32 --input=1xi32=1 --task_topology_cpu_ids=0,1 --benchmark_repetitions=10
2026-01-08T02:19:32+08:00
Running tools/iree-benchmark-module
Run on (8 X 1600 MHz CPU s)
CPU Caches:
  L1 Instruction 32 KiB (x8)
  L1 Data 32 KiB (x8)
  L2 Unified 512 KiB (x2)
Load Average: 3.11, 2.47, 2.18
----------------------------------------------------------------------------------------------------------------------------------------------------------------------------------------------
Benchmark                                                                                                                                    Time             CPU   Iterations UserCounters...
----------------------------------------------------------------------------------------------------------------------------------------------------------------------------------------------
BM_main_graph$async_dispatch_12_system_elf_riscv_64_main_graph$async_dispatch_12_matvec_like_6272_f32/process_time/real_time             0.119 ms        0.125 ms         5979 items_per_second=8.38663k/s
BM_main_graph$async_dispatch_12_system_elf_riscv_64_main_graph$async_dispatch_12_matvec_like_6272_f32/process_time/real_time             0.120 ms        0.125 ms         5979 items_per_second=8.36813k/s
BM_main_graph$async_dispatch_12_system_elf_riscv_64_main_graph$async_dispatch_12_matvec_like_6272_f32/process_time/real_time             0.120 ms        0.126 ms         5979 items_per_second=8.36509k/s
BM_main_graph$async_dispatch_12_system_elf_riscv_64_main_graph$async_dispatch_12_matvec_like_6272_f32/process_time/real_time             0.120 ms        0.126 ms         5979 items_per_second=8.35704k/s
BM_main_graph$async_dispatch_12_system_elf_riscv_64_main_graph$async_dispatch_12_matvec_like_6272_f32/process_time/real_time             0.119 ms        0.125 ms         5979 items_per_second=8.42495k/s
BM_main_graph$async_dispatch_12_system_elf_riscv_64_main_graph$async_dispatch_12_matvec_like_6272_f32/process_time/real_time             0.119 ms        0.124 ms         5979 items_per_second=8.43429k/s
BM_main_graph$async_dispatch_12_system_elf_riscv_64_main_graph$async_dispatch_12_matvec_like_6272_f32/process_time/real_time             0.118 ms        0.124 ms         5979 items_per_second=8.49112k/s
BM_main_graph$async_dispatch_12_system_elf_riscv_64_main_graph$async_dispatch_12_matvec_like_6272_f32/process_time/real_time             0.118 ms        0.124 ms         5979 items_per_second=8.48723k/s
BM_main_graph$async_dispatch_12_system_elf_riscv_64_main_graph$async_dispatch_12_matvec_like_6272_f32/process_time/real_time             0.118 ms        0.124 ms         5979 items_per_second=8.48816k/s
BM_main_graph$async_dispatch_12_system_elf_riscv_64_main_graph$async_dispatch_12_matvec_like_6272_f32/process_time/real_time             0.118 ms        0.124 ms         5979 items_per_second=8.48614k/s
BM_main_graph$async_dispatch_12_system_elf_riscv_64_main_graph$async_dispatch_12_matvec_like_6272_f32/process_time/real_time_mean        0.119 ms        0.124 ms           10 items_per_second=8.42888k/s
BM_main_graph$async_dispatch_12_system_elf_riscv_64_main_graph$async_dispatch_12_matvec_like_6272_f32/process_time/real_time_median      0.119 ms        0.124 ms           10 items_per_second=8.42962k/s
BM_main_graph$async_dispatch_12_system_elf_riscv_64_main_graph$async_dispatch_12_matvec_like_6272_f32/process_time/real_time_stddev      0.001 ms        0.001 ms           10 items_per_second=56.5894/s
BM_main_graph$async_dispatch_12_system_elf_riscv_64_main_graph$async_dispatch_12_matvec_like_6272_f32/process_time/real_time_cv           0.67 %          0.68 %            10 items_per_second=0.67%
