2026-01-10T04:58:36.270928
Running tools/iree-benchmark-module --module=/home/dima/sched_vmfb/mlp_rvv/module_main_graph$async_dispatch_1_system_elf_riscv_64_benchmark.vmfb --device=local-task --function=main_graph$async_dispatch_1_system_elf_riscv_64_main_graph$async_dispatch_1_matvec_like_32x32_f32 --input=1xi32=1 --task_topology_cpu_ids=0,1 --benchmark_repetitions=10
2026-01-10T04:58:36+08:00
Running tools/iree-benchmark-module
Run on (8 X 1600 MHz CPU s)
CPU Caches:
  L1 Instruction 32 KiB (x8)
  L1 Data 32 KiB (x8)
  L2 Unified 512 KiB (x2)
Load Average: 3.04, 2.39, 2.14
---------------------------------------------------------------------------------------------------------------------------------------------------------------------------------------------
Benchmark                                                                                                                                   Time             CPU   Iterations UserCounters...
---------------------------------------------------------------------------------------------------------------------------------------------------------------------------------------------
BM_main_graph$async_dispatch_1_system_elf_riscv_64_main_graph$async_dispatch_1_matvec_like_32x32_f32/process_time/real_time             0.070 ms        0.076 ms        10140 items_per_second=14.3707k/s
BM_main_graph$async_dispatch_1_system_elf_riscv_64_main_graph$async_dispatch_1_matvec_like_32x32_f32/process_time/real_time             0.070 ms        0.076 ms        10140 items_per_second=14.2113k/s
BM_main_graph$async_dispatch_1_system_elf_riscv_64_main_graph$async_dispatch_1_matvec_like_32x32_f32/process_time/real_time             0.044 ms        0.045 ms        10140 items_per_second=22.5859k/s
BM_main_graph$async_dispatch_1_system_elf_riscv_64_main_graph$async_dispatch_1_matvec_like_32x32_f32/process_time/real_time             0.060 ms        0.066 ms        10140 items_per_second=16.7364k/s
BM_main_graph$async_dispatch_1_system_elf_riscv_64_main_graph$async_dispatch_1_matvec_like_32x32_f32/process_time/real_time             0.059 ms        0.065 ms        10140 items_per_second=16.8642k/s
BM_main_graph$async_dispatch_1_system_elf_riscv_64_main_graph$async_dispatch_1_matvec_like_32x32_f32/process_time/real_time             0.059 ms        0.065 ms        10140 items_per_second=16.8555k/s
BM_main_graph$async_dispatch_1_system_elf_riscv_64_main_graph$async_dispatch_1_matvec_like_32x32_f32/process_time/real_time             0.059 ms        0.065 ms        10140 items_per_second=16.87k/s
BM_main_graph$async_dispatch_1_system_elf_riscv_64_main_graph$async_dispatch_1_matvec_like_32x32_f32/process_time/real_time             0.059 ms        0.066 ms        10140 items_per_second=16.8378k/s
BM_main_graph$async_dispatch_1_system_elf_riscv_64_main_graph$async_dispatch_1_matvec_like_32x32_f32/process_time/real_time             0.059 ms        0.065 ms        10140 items_per_second=16.8263k/s
BM_main_graph$async_dispatch_1_system_elf_riscv_64_main_graph$async_dispatch_1_matvec_like_32x32_f32/process_time/real_time             0.059 ms        0.065 ms        10140 items_per_second=16.9602k/s
BM_main_graph$async_dispatch_1_system_elf_riscv_64_main_graph$async_dispatch_1_matvec_like_32x32_f32/process_time/real_time_mean        0.060 ms        0.065 ms           10 items_per_second=16.9118k/s
BM_main_graph$async_dispatch_1_system_elf_riscv_64_main_graph$async_dispatch_1_matvec_like_32x32_f32/process_time/real_time_median      0.059 ms        0.065 ms           10 items_per_second=16.8466k/s
BM_main_graph$async_dispatch_1_system_elf_riscv_64_main_graph$async_dispatch_1_matvec_like_32x32_f32/process_time/real_time_stddev      0.007 ms        0.008 ms           10 items_per_second=2.26072k/s
BM_main_graph$async_dispatch_1_system_elf_riscv_64_main_graph$async_dispatch_1_matvec_like_32x32_f32/process_time/real_time_cv          11.79 %         12.81 %            10 items_per_second=13.37%
