2026-01-10T04:58:21.899735
Running tools/iree-benchmark-module --module=/home/dima/sched_vmfb/mlp_rvv/module__encoding_4_embedded_elf_riscv_64_benchmark.vmfb --device=local-task --function=_encoding_4_embedded_elf_riscv_64__encoding_4_encode_2xf32_to_2xf32 --input=1xi32=1 --task_topology_cpu_ids=0,1 --benchmark_repetitions=10
2026-01-10T04:58:21+08:00
Running tools/iree-benchmark-module
Run on (8 X 1600 MHz CPU s)
CPU Caches:
  L1 Instruction 32 KiB (x8)
  L1 Data 32 KiB (x8)
  L2 Unified 512 KiB (x2)
Load Average: 2.95, 2.35, 2.12
---------------------------------------------------------------------------------------------------------------------------------------------------------------
Benchmark                                                                                                     Time             CPU   Iterations UserCounters...
---------------------------------------------------------------------------------------------------------------------------------------------------------------
BM__encoding_4_embedded_elf_riscv_64__encoding_4_encode_2xf32_to_2xf32/process_time/real_time             0.065 ms        0.070 ms        10806 items_per_second=15.4926k/s
BM__encoding_4_embedded_elf_riscv_64__encoding_4_encode_2xf32_to_2xf32/process_time/real_time             0.064 ms        0.070 ms        10806 items_per_second=15.5864k/s
BM__encoding_4_embedded_elf_riscv_64__encoding_4_encode_2xf32_to_2xf32/process_time/real_time             0.063 ms        0.069 ms        10806 items_per_second=15.7705k/s
BM__encoding_4_embedded_elf_riscv_64__encoding_4_encode_2xf32_to_2xf32/process_time/real_time             0.063 ms        0.069 ms        10806 items_per_second=15.8252k/s
BM__encoding_4_embedded_elf_riscv_64__encoding_4_encode_2xf32_to_2xf32/process_time/real_time             0.064 ms        0.070 ms        10806 items_per_second=15.6881k/s
BM__encoding_4_embedded_elf_riscv_64__encoding_4_encode_2xf32_to_2xf32/process_time/real_time             0.064 ms        0.069 ms        10806 items_per_second=15.719k/s
BM__encoding_4_embedded_elf_riscv_64__encoding_4_encode_2xf32_to_2xf32/process_time/real_time             0.061 ms        0.067 ms        10806 items_per_second=16.4841k/s
BM__encoding_4_embedded_elf_riscv_64__encoding_4_encode_2xf32_to_2xf32/process_time/real_time             0.055 ms        0.062 ms        10806 items_per_second=18.0798k/s
BM__encoding_4_embedded_elf_riscv_64__encoding_4_encode_2xf32_to_2xf32/process_time/real_time             0.054 ms        0.061 ms        10806 items_per_second=18.3831k/s
BM__encoding_4_embedded_elf_riscv_64__encoding_4_encode_2xf32_to_2xf32/process_time/real_time             0.054 ms        0.061 ms        10806 items_per_second=18.4715k/s
BM__encoding_4_embedded_elf_riscv_64__encoding_4_encode_2xf32_to_2xf32/process_time/real_time_mean        0.061 ms        0.067 ms           10 items_per_second=16.55k/s
BM__encoding_4_embedded_elf_riscv_64__encoding_4_encode_2xf32_to_2xf32/process_time/real_time_median      0.063 ms        0.069 ms           10 items_per_second=15.7978k/s
BM__encoding_4_embedded_elf_riscv_64__encoding_4_encode_2xf32_to_2xf32/process_time/real_time_stddev      0.004 ms        0.004 ms           10 items_per_second=1.24768k/s
BM__encoding_4_embedded_elf_riscv_64__encoding_4_encode_2xf32_to_2xf32/process_time/real_time_cv           7.16 %          5.66 %            10 items_per_second=7.54%
