2026-01-09T10:01:43.895663
Running tools/iree-benchmark-module --module=/home/dima/sched_vmfb/mlp_scalar/module__encoding_3_embedded_elf_riscv_64_benchmark.vmfb --device=local-task --function=_encoding_3_embedded_elf_riscv_64__encoding_3_encode_2x32xf32_to_2x32xf32 --input=1xi32=1 --task_topology_cpu_ids=0 --benchmark_repetitions=10
2026-01-09T10:01:43+08:00
Running tools/iree-benchmark-module
Run on (8 X 1600 MHz CPU s)
CPU Caches:
  L1 Instruction 32 KiB (x8)
  L1 Data 32 KiB (x8)
  L2 Unified 512 KiB (x2)
Load Average: 2.48, 3.03, 3.12
---------------------------------------------------------------------------------------------------------------------------------------------------------------------
Benchmark                                                                                                           Time             CPU   Iterations UserCounters...
---------------------------------------------------------------------------------------------------------------------------------------------------------------------
BM__encoding_3_embedded_elf_riscv_64__encoding_3_encode_2x32xf32_to_2x32xf32/process_time/real_time             0.065 ms        0.071 ms        10875 items_per_second=15.2733k/s
BM__encoding_3_embedded_elf_riscv_64__encoding_3_encode_2x32xf32_to_2x32xf32/process_time/real_time             0.065 ms        0.070 ms        10875 items_per_second=15.4473k/s
BM__encoding_3_embedded_elf_riscv_64__encoding_3_encode_2x32xf32_to_2x32xf32/process_time/real_time             0.065 ms        0.070 ms        10875 items_per_second=15.4797k/s
BM__encoding_3_embedded_elf_riscv_64__encoding_3_encode_2x32xf32_to_2x32xf32/process_time/real_time             0.064 ms        0.070 ms        10875 items_per_second=15.5806k/s
BM__encoding_3_embedded_elf_riscv_64__encoding_3_encode_2x32xf32_to_2x32xf32/process_time/real_time             0.064 ms        0.070 ms        10875 items_per_second=15.6091k/s
BM__encoding_3_embedded_elf_riscv_64__encoding_3_encode_2x32xf32_to_2x32xf32/process_time/real_time             0.064 ms        0.070 ms        10875 items_per_second=15.5357k/s
BM__encoding_3_embedded_elf_riscv_64__encoding_3_encode_2x32xf32_to_2x32xf32/process_time/real_time             0.064 ms        0.070 ms        10875 items_per_second=15.5915k/s
BM__encoding_3_embedded_elf_riscv_64__encoding_3_encode_2x32xf32_to_2x32xf32/process_time/real_time             0.065 ms        0.070 ms        10875 items_per_second=15.4756k/s
BM__encoding_3_embedded_elf_riscv_64__encoding_3_encode_2x32xf32_to_2x32xf32/process_time/real_time             0.065 ms        0.071 ms        10875 items_per_second=15.3547k/s
BM__encoding_3_embedded_elf_riscv_64__encoding_3_encode_2x32xf32_to_2x32xf32/process_time/real_time             0.065 ms        0.070 ms        10875 items_per_second=15.4758k/s
BM__encoding_3_embedded_elf_riscv_64__encoding_3_encode_2x32xf32_to_2x32xf32/process_time/real_time_mean        0.065 ms        0.070 ms           10 items_per_second=15.4823k/s
BM__encoding_3_embedded_elf_riscv_64__encoding_3_encode_2x32xf32_to_2x32xf32/process_time/real_time_median      0.065 ms        0.070 ms           10 items_per_second=15.4777k/s
BM__encoding_3_embedded_elf_riscv_64__encoding_3_encode_2x32xf32_to_2x32xf32/process_time/real_time_stddev      0.000 ms        0.000 ms           10 items_per_second=106.36/s
BM__encoding_3_embedded_elf_riscv_64__encoding_3_encode_2x32xf32_to_2x32xf32/process_time/real_time_cv           0.69 %          0.59 %            10 items_per_second=0.69%
