2026-01-09T10:01:58.609567
Running tools/iree-benchmark-module --module=/home/dima/sched_vmfb/mlp_scalar/module__encoding_5_embedded_elf_riscv_64_benchmark.vmfb --device=local-task --function=_encoding_5_embedded_elf_riscv_64__encoding_5_encode_10xf32_to_10xf32 --input=1xi32=1 --task_topology_cpu_ids=0 --benchmark_repetitions=10
2026-01-09T10:01:58+08:00
Running tools/iree-benchmark-module
Run on (8 X 1600 MHz CPU s)
CPU Caches:
  L1 Instruction 32 KiB (x8)
  L1 Data 32 KiB (x8)
  L2 Unified 512 KiB (x2)
Load Average: 2.60, 3.03, 3.12
-----------------------------------------------------------------------------------------------------------------------------------------------------------------
Benchmark                                                                                                       Time             CPU   Iterations UserCounters...
-----------------------------------------------------------------------------------------------------------------------------------------------------------------
BM__encoding_5_embedded_elf_riscv_64__encoding_5_encode_10xf32_to_10xf32/process_time/real_time             0.062 ms        0.068 ms        11344 items_per_second=16.1098k/s
BM__encoding_5_embedded_elf_riscv_64__encoding_5_encode_10xf32_to_10xf32/process_time/real_time             0.063 ms        0.068 ms        11344 items_per_second=15.945k/s
BM__encoding_5_embedded_elf_riscv_64__encoding_5_encode_10xf32_to_10xf32/process_time/real_time             0.063 ms        0.068 ms        11344 items_per_second=15.9005k/s
BM__encoding_5_embedded_elf_riscv_64__encoding_5_encode_10xf32_to_10xf32/process_time/real_time             0.061 ms        0.067 ms        11344 items_per_second=16.3509k/s
BM__encoding_5_embedded_elf_riscv_64__encoding_5_encode_10xf32_to_10xf32/process_time/real_time             0.062 ms        0.068 ms        11344 items_per_second=16.1182k/s
BM__encoding_5_embedded_elf_riscv_64__encoding_5_encode_10xf32_to_10xf32/process_time/real_time             0.062 ms        0.068 ms        11344 items_per_second=16.1841k/s
BM__encoding_5_embedded_elf_riscv_64__encoding_5_encode_10xf32_to_10xf32/process_time/real_time             0.057 ms        0.062 ms        11344 items_per_second=17.6203k/s
BM__encoding_5_embedded_elf_riscv_64__encoding_5_encode_10xf32_to_10xf32/process_time/real_time             0.053 ms        0.059 ms        11344 items_per_second=18.9248k/s
BM__encoding_5_embedded_elf_riscv_64__encoding_5_encode_10xf32_to_10xf32/process_time/real_time             0.053 ms        0.059 ms        11344 items_per_second=18.9497k/s
BM__encoding_5_embedded_elf_riscv_64__encoding_5_encode_10xf32_to_10xf32/process_time/real_time             0.053 ms        0.059 ms        11344 items_per_second=19.0221k/s
BM__encoding_5_embedded_elf_riscv_64__encoding_5_encode_10xf32_to_10xf32/process_time/real_time_mean        0.059 ms        0.065 ms           10 items_per_second=17.1125k/s
BM__encoding_5_embedded_elf_riscv_64__encoding_5_encode_10xf32_to_10xf32/process_time/real_time_median      0.061 ms        0.067 ms           10 items_per_second=16.2675k/s
BM__encoding_5_embedded_elf_riscv_64__encoding_5_encode_10xf32_to_10xf32/process_time/real_time_stddev      0.005 ms        0.004 ms           10 items_per_second=1.36758k/s
BM__encoding_5_embedded_elf_riscv_64__encoding_5_encode_10xf32_to_10xf32/process_time/real_time_cv           7.67 %          6.34 %            10 items_per_second=7.99%
