2026-01-09T09:53:31.897623
Running tools/iree-benchmark-module --module=/home/dima/sched_vmfb/dronet_scalar/module_main_graph$async_dispatch_7_embedded_elf_riscv_64_benchmark.vmfb --device=local-task --function=main_graph$async_dispatch_7_embedded_elf_riscv_64_main_graph$async_dispatch_7_matmul_like_64x14x14x32_f32 --input=1xi32=1 --task_topology_cpu_ids=0,1 --benchmark_repetitions=10
2026-01-09T09:53:31+08:00
Running tools/iree-benchmark-module
Run on (8 X 1600 MHz CPU s)
CPU Caches:
  L1 Instruction 32 KiB (x8)
  L1 Data 32 KiB (x8)
  L2 Unified 512 KiB (x2)
Load Average: 4.01, 3.22, 3.02
-----------------------------------------------------------------------------------------------------------------------------------------------------------------------------------------------------
Benchmark                                                                                                                                           Time             CPU   Iterations UserCounters...
-----------------------------------------------------------------------------------------------------------------------------------------------------------------------------------------------------
BM_main_graph$async_dispatch_7_embedded_elf_riscv_64_main_graph$async_dispatch_7_matmul_like_64x14x14x32_f32/process_time/real_time              2.15 ms         4.20 ms          321 items_per_second=464.736/s
BM_main_graph$async_dispatch_7_embedded_elf_riscv_64_main_graph$async_dispatch_7_matmul_like_64x14x14x32_f32/process_time/real_time              2.15 ms         4.20 ms          321 items_per_second=465.807/s
BM_main_graph$async_dispatch_7_embedded_elf_riscv_64_main_graph$async_dispatch_7_matmul_like_64x14x14x32_f32/process_time/real_time              2.16 ms         4.21 ms          321 items_per_second=463.531/s
BM_main_graph$async_dispatch_7_embedded_elf_riscv_64_main_graph$async_dispatch_7_matmul_like_64x14x14x32_f32/process_time/real_time              2.15 ms         4.20 ms          321 items_per_second=465.868/s
BM_main_graph$async_dispatch_7_embedded_elf_riscv_64_main_graph$async_dispatch_7_matmul_like_64x14x14x32_f32/process_time/real_time              2.15 ms         4.20 ms          321 items_per_second=465.476/s
BM_main_graph$async_dispatch_7_embedded_elf_riscv_64_main_graph$async_dispatch_7_matmul_like_64x14x14x32_f32/process_time/real_time              2.16 ms         4.21 ms          321 items_per_second=462.633/s
BM_main_graph$async_dispatch_7_embedded_elf_riscv_64_main_graph$async_dispatch_7_matmul_like_64x14x14x32_f32/process_time/real_time              2.14 ms         4.19 ms          321 items_per_second=466.279/s
BM_main_graph$async_dispatch_7_embedded_elf_riscv_64_main_graph$async_dispatch_7_matmul_like_64x14x14x32_f32/process_time/real_time              2.15 ms         4.20 ms          321 items_per_second=465.288/s
BM_main_graph$async_dispatch_7_embedded_elf_riscv_64_main_graph$async_dispatch_7_matmul_like_64x14x14x32_f32/process_time/real_time              2.16 ms         4.21 ms          321 items_per_second=463.507/s
BM_main_graph$async_dispatch_7_embedded_elf_riscv_64_main_graph$async_dispatch_7_matmul_like_64x14x14x32_f32/process_time/real_time              2.15 ms         4.20 ms          321 items_per_second=465.096/s
BM_main_graph$async_dispatch_7_embedded_elf_riscv_64_main_graph$async_dispatch_7_matmul_like_64x14x14x32_f32/process_time/real_time_mean         2.15 ms         4.20 ms           10 items_per_second=464.822/s
BM_main_graph$async_dispatch_7_embedded_elf_riscv_64_main_graph$async_dispatch_7_matmul_like_64x14x14x32_f32/process_time/real_time_median       2.15 ms         4.20 ms           10 items_per_second=465.192/s
BM_main_graph$async_dispatch_7_embedded_elf_riscv_64_main_graph$async_dispatch_7_matmul_like_64x14x14x32_f32/process_time/real_time_stddev      0.006 ms        0.006 ms           10 items_per_second=1.20667/s
BM_main_graph$async_dispatch_7_embedded_elf_riscv_64_main_graph$async_dispatch_7_matmul_like_64x14x14x32_f32/process_time/real_time_cv           0.26 %          0.14 %            10 items_per_second=0.26%
