2026-01-09T09:52:11.946606
Running tools/iree-benchmark-module --module=/home/dima/sched_vmfb/dronet_scalar/module_main_graph$async_dispatch_10_embedded_elf_riscv_64_benchmark.vmfb --device=local-task --function=main_graph$async_dispatch_10_embedded_elf_riscv_64_main_graph$async_dispatch_10_matmul_like_128x7x7x64_f32 --input=1xi32=1 --task_topology_cpu_ids=0,1 --benchmark_repetitions=10
2026-01-09T09:52:11+08:00
Running tools/iree-benchmark-module
Run on (8 X 1600 MHz CPU s)
CPU Caches:
  L1 Instruction 32 KiB (x8)
  L1 Data 32 KiB (x8)
  L2 Unified 512 KiB (x2)
Load Average: 2.98, 2.92, 2.92
------------------------------------------------------------------------------------------------------------------------------------------------------------------------------------------------------
Benchmark                                                                                                                                            Time             CPU   Iterations UserCounters...
------------------------------------------------------------------------------------------------------------------------------------------------------------------------------------------------------
BM_main_graph$async_dispatch_10_embedded_elf_riscv_64_main_graph$async_dispatch_10_matmul_like_128x7x7x64_f32/process_time/real_time              2.84 ms         5.57 ms          246 items_per_second=352.341/s
BM_main_graph$async_dispatch_10_embedded_elf_riscv_64_main_graph$async_dispatch_10_matmul_like_128x7x7x64_f32/process_time/real_time              2.85 ms         5.58 ms          246 items_per_second=351.21/s
BM_main_graph$async_dispatch_10_embedded_elf_riscv_64_main_graph$async_dispatch_10_matmul_like_128x7x7x64_f32/process_time/real_time              2.83 ms         5.57 ms          246 items_per_second=352.834/s
BM_main_graph$async_dispatch_10_embedded_elf_riscv_64_main_graph$async_dispatch_10_matmul_like_128x7x7x64_f32/process_time/real_time              2.84 ms         5.57 ms          246 items_per_second=351.729/s
BM_main_graph$async_dispatch_10_embedded_elf_riscv_64_main_graph$async_dispatch_10_matmul_like_128x7x7x64_f32/process_time/real_time              2.84 ms         5.58 ms          246 items_per_second=351.642/s
BM_main_graph$async_dispatch_10_embedded_elf_riscv_64_main_graph$async_dispatch_10_matmul_like_128x7x7x64_f32/process_time/real_time              2.84 ms         5.57 ms          246 items_per_second=352.551/s
BM_main_graph$async_dispatch_10_embedded_elf_riscv_64_main_graph$async_dispatch_10_matmul_like_128x7x7x64_f32/process_time/real_time              2.84 ms         5.58 ms          246 items_per_second=351.84/s
BM_main_graph$async_dispatch_10_embedded_elf_riscv_64_main_graph$async_dispatch_10_matmul_like_128x7x7x64_f32/process_time/real_time              2.85 ms         5.58 ms          246 items_per_second=351.479/s
BM_main_graph$async_dispatch_10_embedded_elf_riscv_64_main_graph$async_dispatch_10_matmul_like_128x7x7x64_f32/process_time/real_time              2.83 ms         5.57 ms          246 items_per_second=352.783/s
BM_main_graph$async_dispatch_10_embedded_elf_riscv_64_main_graph$async_dispatch_10_matmul_like_128x7x7x64_f32/process_time/real_time              2.84 ms         5.57 ms          246 items_per_second=351.924/s
BM_main_graph$async_dispatch_10_embedded_elf_riscv_64_main_graph$async_dispatch_10_matmul_like_128x7x7x64_f32/process_time/real_time_mean         2.84 ms         5.57 ms           10 items_per_second=352.033/s
BM_main_graph$async_dispatch_10_embedded_elf_riscv_64_main_graph$async_dispatch_10_matmul_like_128x7x7x64_f32/process_time/real_time_median       2.84 ms         5.57 ms           10 items_per_second=351.882/s
BM_main_graph$async_dispatch_10_embedded_elf_riscv_64_main_graph$async_dispatch_10_matmul_like_128x7x7x64_f32/process_time/real_time_stddev      0.005 ms        0.005 ms           10 items_per_second=0.562198/s
BM_main_graph$async_dispatch_10_embedded_elf_riscv_64_main_graph$async_dispatch_10_matmul_like_128x7x7x64_f32/process_time/real_time_cv           0.16 %          0.09 %            10 items_per_second=0.16%
