2026-01-09T09:52:55.733806
Running tools/iree-benchmark-module --module=/home/dima/sched_vmfb/dronet_scalar/module_main_graph$async_dispatch_2_embedded_elf_riscv_64_benchmark.vmfb --device=local-task --function=main_graph$async_dispatch_2_embedded_elf_riscv_64_main_graph$async_dispatch_2_conv_32x55x55x3x3_f32 --input=1xi32=1 --task_topology_cpu_ids=0,1 --benchmark_repetitions=10
2026-01-09T09:52:55+08:00
Running tools/iree-benchmark-module
Run on (8 X 1600 MHz CPU s)
CPU Caches:
  L1 Instruction 32 KiB (x8)
  L1 Data 32 KiB (x8)
  L2 Unified 512 KiB (x2)
Load Average: 3.32, 3.03, 2.96
-----------------------------------------------------------------------------------------------------------------------------------------------------------------------------------------------
Benchmark                                                                                                                                     Time             CPU   Iterations UserCounters...
-----------------------------------------------------------------------------------------------------------------------------------------------------------------------------------------------
BM_main_graph$async_dispatch_2_embedded_elf_riscv_64_main_graph$async_dispatch_2_conv_32x55x55x3x3_f32/process_time/real_time              6.38 ms         12.3 ms          109 items_per_second=156.844/s
BM_main_graph$async_dispatch_2_embedded_elf_riscv_64_main_graph$async_dispatch_2_conv_32x55x55x3x3_f32/process_time/real_time              6.36 ms         12.3 ms          109 items_per_second=157.17/s
BM_main_graph$async_dispatch_2_embedded_elf_riscv_64_main_graph$async_dispatch_2_conv_32x55x55x3x3_f32/process_time/real_time              6.38 ms         12.4 ms          109 items_per_second=156.792/s
BM_main_graph$async_dispatch_2_embedded_elf_riscv_64_main_graph$async_dispatch_2_conv_32x55x55x3x3_f32/process_time/real_time              6.36 ms         12.3 ms          109 items_per_second=157.347/s
BM_main_graph$async_dispatch_2_embedded_elf_riscv_64_main_graph$async_dispatch_2_conv_32x55x55x3x3_f32/process_time/real_time              6.36 ms         12.3 ms          109 items_per_second=157.162/s
BM_main_graph$async_dispatch_2_embedded_elf_riscv_64_main_graph$async_dispatch_2_conv_32x55x55x3x3_f32/process_time/real_time              6.38 ms         12.4 ms          109 items_per_second=156.788/s
BM_main_graph$async_dispatch_2_embedded_elf_riscv_64_main_graph$async_dispatch_2_conv_32x55x55x3x3_f32/process_time/real_time              6.36 ms         12.3 ms          109 items_per_second=157.243/s
BM_main_graph$async_dispatch_2_embedded_elf_riscv_64_main_graph$async_dispatch_2_conv_32x55x55x3x3_f32/process_time/real_time              6.36 ms         12.3 ms          109 items_per_second=157.248/s
BM_main_graph$async_dispatch_2_embedded_elf_riscv_64_main_graph$async_dispatch_2_conv_32x55x55x3x3_f32/process_time/real_time              6.39 ms         12.4 ms          109 items_per_second=156.598/s
BM_main_graph$async_dispatch_2_embedded_elf_riscv_64_main_graph$async_dispatch_2_conv_32x55x55x3x3_f32/process_time/real_time              6.37 ms         12.3 ms          109 items_per_second=157.097/s
BM_main_graph$async_dispatch_2_embedded_elf_riscv_64_main_graph$async_dispatch_2_conv_32x55x55x3x3_f32/process_time/real_time_mean         6.37 ms         12.3 ms           10 items_per_second=157.029/s
BM_main_graph$async_dispatch_2_embedded_elf_riscv_64_main_graph$async_dispatch_2_conv_32x55x55x3x3_f32/process_time/real_time_median       6.36 ms         12.3 ms           10 items_per_second=157.129/s
BM_main_graph$async_dispatch_2_embedded_elf_riscv_64_main_graph$async_dispatch_2_conv_32x55x55x3x3_f32/process_time/real_time_stddev      0.010 ms        0.017 ms           10 items_per_second=0.251942/s
BM_main_graph$async_dispatch_2_embedded_elf_riscv_64_main_graph$async_dispatch_2_conv_32x55x55x3x3_f32/process_time/real_time_cv           0.16 %          0.14 %            10 items_per_second=0.16%
