2026-01-09T10:03:50.617887
Running tools/iree-benchmark-module --module=/home/dima/sched_vmfb/mlp_scalar/module__encoding_2_embedded_elf_riscv_64_benchmark.vmfb --device=local-task --function=_encoding_2_embedded_elf_riscv_64__encoding_2_encode_32x32xf32_to_32x32xf32 --input=1xi32=1 --task_topology_cpu_ids=0,1,2 --benchmark_repetitions=10
2026-01-09T10:03:50+08:00
Running tools/iree-benchmark-module
Run on (8 X 1600 MHz CPU s)
CPU Caches:
  L1 Instruction 32 KiB (x8)
  L1 Data 32 KiB (x8)
  L2 Unified 512 KiB (x2)
Load Average: 3.09, 3.06, 3.11
-----------------------------------------------------------------------------------------------------------------------------------------------------------------------
Benchmark                                                                                                             Time             CPU   Iterations UserCounters...
-----------------------------------------------------------------------------------------------------------------------------------------------------------------------
BM__encoding_2_embedded_elf_riscv_64__encoding_2_encode_32x32xf32_to_32x32xf32/process_time/real_time             0.067 ms        0.073 ms        10304 items_per_second=14.8308k/s
BM__encoding_2_embedded_elf_riscv_64__encoding_2_encode_32x32xf32_to_32x32xf32/process_time/real_time             0.068 ms        0.074 ms        10304 items_per_second=14.7351k/s
BM__encoding_2_embedded_elf_riscv_64__encoding_2_encode_32x32xf32_to_32x32xf32/process_time/real_time             0.068 ms        0.074 ms        10304 items_per_second=14.7948k/s
BM__encoding_2_embedded_elf_riscv_64__encoding_2_encode_32x32xf32_to_32x32xf32/process_time/real_time             0.069 ms        0.075 ms        10304 items_per_second=14.5741k/s
BM__encoding_2_embedded_elf_riscv_64__encoding_2_encode_32x32xf32_to_32x32xf32/process_time/real_time             0.068 ms        0.075 ms        10304 items_per_second=14.6136k/s
BM__encoding_2_embedded_elf_riscv_64__encoding_2_encode_32x32xf32_to_32x32xf32/process_time/real_time             0.069 ms        0.075 ms        10304 items_per_second=14.5599k/s
BM__encoding_2_embedded_elf_riscv_64__encoding_2_encode_32x32xf32_to_32x32xf32/process_time/real_time             0.069 ms        0.075 ms        10304 items_per_second=14.4727k/s
BM__encoding_2_embedded_elf_riscv_64__encoding_2_encode_32x32xf32_to_32x32xf32/process_time/real_time             0.068 ms        0.074 ms        10304 items_per_second=14.6911k/s
BM__encoding_2_embedded_elf_riscv_64__encoding_2_encode_32x32xf32_to_32x32xf32/process_time/real_time             0.069 ms        0.075 ms        10304 items_per_second=14.5504k/s
BM__encoding_2_embedded_elf_riscv_64__encoding_2_encode_32x32xf32_to_32x32xf32/process_time/real_time             0.069 ms        0.075 ms        10304 items_per_second=14.5653k/s
BM__encoding_2_embedded_elf_riscv_64__encoding_2_encode_32x32xf32_to_32x32xf32/process_time/real_time_mean        0.068 ms        0.074 ms           10 items_per_second=14.6388k/s
BM__encoding_2_embedded_elf_riscv_64__encoding_2_encode_32x32xf32_to_32x32xf32/process_time/real_time_median      0.069 ms        0.075 ms           10 items_per_second=14.5938k/s
BM__encoding_2_embedded_elf_riscv_64__encoding_2_encode_32x32xf32_to_32x32xf32/process_time/real_time_stddev      0.001 ms        0.001 ms           10 items_per_second=117.882/s
BM__encoding_2_embedded_elf_riscv_64__encoding_2_encode_32x32xf32_to_32x32xf32/process_time/real_time_cv           0.80 %          0.82 %            10 items_per_second=0.81%
