2026-01-09T10:04:05.557003
Running tools/iree-benchmark-module --module=/home/dima/sched_vmfb/mlp_scalar/module__encoding_4_embedded_elf_riscv_64_benchmark.vmfb --device=local-task --function=_encoding_4_embedded_elf_riscv_64__encoding_4_encode_2xf32_to_2xf32 --input=1xi32=1 --task_topology_cpu_ids=0,1,2 --benchmark_repetitions=10
2026-01-09T10:04:05+08:00
Running tools/iree-benchmark-module
Run on (8 X 1600 MHz CPU s)
CPU Caches:
  L1 Instruction 32 KiB (x8)
  L1 Data 32 KiB (x8)
  L2 Unified 512 KiB (x2)
Load Average: 3.07, 3.06, 3.11
---------------------------------------------------------------------------------------------------------------------------------------------------------------
Benchmark                                                                                                     Time             CPU   Iterations UserCounters...
---------------------------------------------------------------------------------------------------------------------------------------------------------------
BM__encoding_4_embedded_elf_riscv_64__encoding_4_encode_2xf32_to_2xf32/process_time/real_time             0.064 ms        0.070 ms        10840 items_per_second=15.5664k/s
BM__encoding_4_embedded_elf_riscv_64__encoding_4_encode_2xf32_to_2xf32/process_time/real_time             0.055 ms        0.061 ms        10840 items_per_second=18.2304k/s
BM__encoding_4_embedded_elf_riscv_64__encoding_4_encode_2xf32_to_2xf32/process_time/real_time             0.055 ms        0.061 ms        10840 items_per_second=18.0715k/s
BM__encoding_4_embedded_elf_riscv_64__encoding_4_encode_2xf32_to_2xf32/process_time/real_time             0.055 ms        0.061 ms        10840 items_per_second=18.1847k/s
BM__encoding_4_embedded_elf_riscv_64__encoding_4_encode_2xf32_to_2xf32/process_time/real_time             0.055 ms        0.061 ms        10840 items_per_second=18.2202k/s
BM__encoding_4_embedded_elf_riscv_64__encoding_4_encode_2xf32_to_2xf32/process_time/real_time             0.055 ms        0.061 ms        10840 items_per_second=18.241k/s
BM__encoding_4_embedded_elf_riscv_64__encoding_4_encode_2xf32_to_2xf32/process_time/real_time             0.054 ms        0.061 ms        10840 items_per_second=18.4236k/s
BM__encoding_4_embedded_elf_riscv_64__encoding_4_encode_2xf32_to_2xf32/process_time/real_time             0.054 ms        0.061 ms        10840 items_per_second=18.3839k/s
BM__encoding_4_embedded_elf_riscv_64__encoding_4_encode_2xf32_to_2xf32/process_time/real_time             0.055 ms        0.061 ms        10840 items_per_second=18.2967k/s
BM__encoding_4_embedded_elf_riscv_64__encoding_4_encode_2xf32_to_2xf32/process_time/real_time             0.055 ms        0.061 ms        10840 items_per_second=18.2238k/s
BM__encoding_4_embedded_elf_riscv_64__encoding_4_encode_2xf32_to_2xf32/process_time/real_time_mean        0.056 ms        0.062 ms           10 items_per_second=17.9842k/s
BM__encoding_4_embedded_elf_riscv_64__encoding_4_encode_2xf32_to_2xf32/process_time/real_time_median      0.055 ms        0.061 ms           10 items_per_second=18.2271k/s
BM__encoding_4_embedded_elf_riscv_64__encoding_4_encode_2xf32_to_2xf32/process_time/real_time_stddev      0.003 ms        0.003 ms           10 items_per_second=855.279/s
BM__encoding_4_embedded_elf_riscv_64__encoding_4_encode_2xf32_to_2xf32/process_time/real_time_cv           5.39 %          4.52 %            10 items_per_second=4.76%
